-1.998 -3.63789e-06 8.9605e-07
-1.996 -4.07137e-05 5.98729e-07
-1.994 -0.000168202 -7.90321e-06
-1.992 -0.000433349 -2.9027e-05
-1.99 -0.000830689 -5.65166e-05
-1.988 -0.0012745 -6.85275e-05
-1.986 -0.00160211 -2.97499e-05
-1.984 -0.00161308 9.79366e-05
-1.982 -0.00113612 0.00033826
-1.98 -0.000103536 0.000682181
-1.978 0.001393 0.00107567
-1.976 0.00308985 0.00142051
-1.974 0.00459538 0.00159183
-1.972 0.00548741 0.00147093
-1.97 0.00544229 0.000986074
-1.968 0.00436003 0.000149724
-1.966 0.00244478 -0.000921088
-1.964 0.000206931 -0.00201186
-1.962 -0.0016283 -0.00284966
-1.96 -0.00229577 -0.0031695
-1.958 -0.00121256 -0.00279436
-1.956 0.00180858 -0.00170817
-1.954 0.00641665 -9.8872e-05
-1.952 0.0117035 0.0016465
-1.95 0.0163352 0.00300303
-1.948 0.0188219 0.00341879
-1.946 0.0178785 0.00245432
-1.944 0.0127909 -8.14377e-05
-1.942 0.00369632 -0.00403503
-1.94 -0.00830848 -0.00888324
-1.938 -0.0212808 -0.0137967
-1.936 -0.0327682 -0.0177899
-1.934 -0.0403126 -0.0199345
-1.932 -0.0420193 -0.01959
-1.93 -0.0370609 -0.0165991
-1.928 -0.0259866 -0.0113928
-1.926 -0.010741 -0.00496589
-1.924 0.005647 0.00128656
-1.922 0.0196645 0.00584985
-1.92 0.0280922 0.00743363
-1.918 0.0287915 0.00530394
-1.916 0.0213163 -0.000475418
-1.914 0.00718901 -0.00895746
-1.912 -0.0102512 -0.0184181
-1.91 -0.0264332 -0.0266499
-1.908 -0.0364742 -0.0313961
-1.906 -0.0362589 -0.0308434
-1.904 -0.0234469 -0.0240664
-1.902 0.00181985 -0.0113197
-1.9 0.0366948 0.0059041
-1.898 0.0759764 0.0250842
-1.896 0.112996 0.0431247
-1.894 0.140888 0.0569679
-1.892 0.153983 0.0642418
-1.89 0.149041 0.0638037
-1.888 0.126037 0.056054
-1.886 0.0883187 0.0429395
-1.884 0.0420774 0.0276273
-1.882 -0.00479 0.0138997
-1.88 -0.0442075 0.00538445
-1.878 -0.0695282 0.00477353
-1.876 -0.0768898 0.0132001
-1.874 -0.0660254 0.0299132
-1.872 -0.0403453 0.0523337
-1.87 -0.00626083 0.0764945
-1.868 0.0281156 0.097784
-1.866 0.0546235 0.111845
-1.864 0.0667132 0.115446
-1.862 0.0607595 0.107144
-1.86 0.0367556 0.0875934
-1.858 -0.00175655 0.0594351
-1.856 -0.0484992 0.0267806
-1.854 -0.0958316 -0.00560729
-1.852 -0.136376 -0.0332615
-1.85 -0.164533 -0.0528852
-1.848 -0.177546 -0.0629678
-1.846 -0.175888 -0.0640166
-1.844 -0.1629 -0.0583626
-1.842 -0.143797 -0.0495972
-1.84 -0.1243 -0.0417668
-1.838 -0.109215 -0.0385036
-1.836 -0.101334 -0.0422752
-1.834 -0.100874 -0.053911
-1.832 -0.105621 -0.0724989
-1.83 -0.111721 -0.0956681
-1.828 -0.114919 -0.12018
-1.826 -0.11194 -0.142682
-1.824 -0.101614 -0.160424
-1.822 -0.0854492 -0.171778
-1.82 -0.0674433 -0.17643
-1.818 -0.0531593 -0.175218
-1.816 -0.048266 -0.169702
-1.814 -0.0569062 -0.161584
-1.812 -0.0803078 -0.152159
-1.81 -0.116016 -0.141937
-1.808 -0.157987 -0.130546
-1.806 -0.197607 -0.116943
-1.804 -0.225467 -0.099892
-1.802 -0.233541 -0.0785677
-1.8 -0.217263 -0.0531351
-1.798 -0.176998 -0.0250989
-1.796 -0.118445 0.00271284
-1.794 -0.0518009 0.0265883
-1.792 0.0102393 0.0427306
-1.79 0.0552573 0.04824
-1.788 0.074061 0.0420346
-1.786 0.063137 0.0254529
-1.784 0.0260089 0.00234582
-1.782 -0.0268898 -0.0214308
-1.78 -0.079924 -0.0390707
-1.778 -0.115309 -0.0442353
-1.776 -0.116947 -0.0325476
-1.774 -0.0742668 -0.00282353
-1.772 0.0148002 0.0422726
-1.77 0.14245 0.0963641
-1.768 0.29168 0.150342
-1.766 0.439001 0.194052
-1.764 0.558736 0.218375
-1.762 0.62808 0.217274
-1.76 0.631891 0.189347
-1.758 0.566215 0.138523
-1.756 0.439748 0.0736678
-1.754 0.272826 0.00711064
-1.752 0.0940079 -0.0476678
-1.75 -0.065186 -0.078755
-1.748 -0.176392 -0.078376
-1.746 -0.220139 -0.0447541
-1.744 -0.190001 0.0171738
-1.742 -0.0942177 0.0964042
-1.74 0.0455992 0.177808
-1.738 0.1985 0.245024
-1.736 0.330178 0.283746
-1.734 0.409731 0.284741
-1.732 0.415848 0.245962
-1.73 0.341194 0.173281
-1.728 0.194076 0.079626
-1.726 -0.002979 -0.0173684
-1.724 -0.21749 -0.0987687
-1.722 -0.413313 -0.148137
-1.72 -0.557666 -0.154941
-1.718 -0.627454 -0.116857
-1.716 -0.613584 -0.0404805
-1.714 -0.522403 0.0597546
-1.712 -0.374017 0.164236
-1.71 -0.197898 0.251925
-1.708 -0.0267444 0.304457
-1.706 0.110094 0.309793
-1.704 0.192261 0.264679
-1.702 0.211954 0.1754
-1.7 0.174711 0.0566406
-1.698 0.0973213 -0.0713309
-1.696 0.00342718 -0.186616
-1.694 -0.0821535 -0.269964
-1.692 -0.139037 -0.308508
-1.69 -0.155544 -0.298203
-1.688 -0.130691 -0.244479
-1.686 -0.0735335 -0.160998
-1.684 -0.000111553 -0.0667968
-1.682 0.0711625 0.0176233
-1.68 0.124508 0.0744518
-1.678 0.15091 0.0921483
-1.676 0.15034 0.0677235
-1.674 0.131511 0.00725705
-1.672 0.109179 -0.0754569
-1.67 0.0996818 -0.161859
-1.668 0.115833 -0.232555
-1.666 0.162515 -0.271419
-1.664 0.234207 -0.269005
-1.662 0.315224 -0.224597
-1.66 0.382801 -0.146464
-1.658 0.412449 -0.0503062
-1.656 0.384362 0.0438166
-1.654 0.28934 0.115452
-1.652 0.132669 0.147864
-1.65 -0.0651783 0.131476
-1.648 -0.271494 0.0659891
-1.646 -0.447534 -0.0392661
-1.644 -0.556765 -0.16683
-1.642 -0.573389 -0.294209
-1.64 -0.489175 -0.397998
-1.638 -0.316907 -0.458261
-1.636 -0.0893543 -0.462352
-1.634 0.146324 -0.407484
-1.632 0.337862 -0.301559
-1.63 0.439033 -0.162117
-1.628 0.420302 -0.013569
-1.626 0.276548 0.116826
-1.624 0.0299396 0.203575
-1.622 -0.273011 0.227379
-1.62 -0.569919 0.178636
-1.618 -0.794975 0.0594146
-1.616 -0.892888 -0.116462
-1.614 -0.83135 -0.325266
-1.612 -0.609276 -0.536883
-1.61 -0.258823 -0.719455
-1.608 0.159556 -0.844417
-1.606 0.56829 -0.891123
-1.604 0.888039 -0.850328
-1.602 1.05413 -0.72595
-1.6 1.03062 -0.534786
-1.598 0.818974 -0.304193
-1.596 0.459092 -0.0680182
-1.594 0.0223934 0.13861
-1.592 -0.40207 0.284857
-1.59 -0.725664 0.34921
-1.588 -0.878709 0.323135
-1.586 -0.825586 0.212714
-1.584 -0.573095 0.0379228
-1.582 -0.17012 -0.170389
-1.58 0.301527 -0.375392
-1.578 0.743374 -0.540262
-1.576 1.06041 -0.634307
-1.574 1.18095 -0.638179
-1.572 1.07207 -0.547297
-1.57 0.747285 -0.372848
-1.568 0.264791 -0.140133
-1.566 -0.283777 0.1155
-1.564 -0.791681 0.354508
-1.562 -1.15888 0.539803
-1.56 -1.31268 0.643075
-1.558 -1.22288 0.649688
-1.556 -0.908106 0.561289
-1.554 -0.432126 0.395651
-1.552 0.109206 0.183767
-1.55 0.607529 -0.0353182
-1.548 0.964006 -0.221056
-1.546 1.10923 -0.338175
-1.544 1.01688 -0.362557
-1.542 0.708217 -0.285191
-1.54 0.24662 -0.113611
-1.538 -0.27677 0.129407
-1.536 -0.763034 0.409579
-1.534 -1.12668 0.686597
-1.532 -1.31336 0.920421
-1.53 -1.31025 1.07731
-1.528 -1.14687 1.13463
-1.526 -0.886513 1.08383
-1.524 -0.610297 0.931071
-1.522 -0.397593 0.695831
-1.52 -0.307248 0.40765
-1.518 -0.363836 0.10175
-1.516 -0.552062 -0.185813
-1.514 -0.820667 -0.422798
-1.512 -1.095 -0.584676
-1.51 -1.29538 -0.657368
-1.508 -1.35683 -0.638625
-1.506 -1.24555 -0.537983
-1.504 -0.968038 -0.375416
-1.502 -0.570601 -0.178868
-1.5 -0.129312 0.0190836
-1.498 0.267394 0.185182
-1.496 0.539591 0.289769
-1.494 0.635481 0.311023
-1.492 0.545167 0.238681
-1.49 0.305152 0.0766241
-1.488 -0.00801182 -0.156269
-1.486 -0.293997 -0.4275
-1.484 -0.451645 -0.69472
-1.482 -0.403481 -0.911639
-1.48 -0.116118 -1.03537
-1.478 0.388411 -1.0341
-1.476 1.03335 -0.893867
-1.474 1.70027 -0.623007
-1.472 2.25203 -0.253199
-1.47 2.56109 0.163606
-1.468 2.53739 0.562442
-1.466 2.14976 0.875959
-1.464 1.43625 1.04679
-1.462 0.500473 1.03938
-1.46 -0.505733 0.84882
-1.458 -1.41045 0.504508
-1.456 -2.05489 0.0674269
-1.454 -2.32497 -0.37907
-1.452 -2.17458 -0.743686
-1.45 -1.63569 -0.944446
-1.448 -0.813154 -0.925661
-1.446 0.134889 -0.67124
-1.444 1.02713 -0.211389
-1.442 1.69387 0.379265
-1.44 2.00964 0.992537
-1.438 1.91718 1.50516
-1.436 1.43795 1.80178
-1.434 0.667088 1.79809
-1.432 -0.245959 1.45958
-1.43 -1.1272 0.811601
-1.428 -1.81198 -0.061514
-1.426 -2.17611 -1.02893
-1.424 -2.15846 -1.93538
-1.422 -1.77066 -2.62913
-1.42 -1.09279 -2.99056
-1.418 -0.256212 -2.95584
-1.416 0.582612 -2.53088
-1.414 1.27199 -1.79235
-1.412 1.69268 -0.874962
-1.41 1.778 0.0528534
-1.408 1.52295 0.820515
-1.406 0.981256 1.28803
-1.404 0.251793 1.37342
-1.402 -0.541927 1.06921
-1.4 -1.27474 0.444578
-1.398 -1.84066 -0.367608
-1.396 -2.16809 -1.19657
-1.394 -2.22728 -1.86722
-1.392 -2.02983 -2.23495
-1.39 -1.62143 -2.21473
-1.388 -1.07033 -1.79843
-1.386 -0.454471 -1.05682
-1.384 0.149914 -0.125599
-1.382 0.676388 0.821666
-1.38 1.0725 1.60842
-1.378 1.30078 2.09063
-1.376 1.33804 2.18585
-1.374 1.17461 1.88968
-1.372 0.814681 1.27653
-1.37 0.277916 0.484093
-1.368 -0.398248 -0.314908
-1.366 -1.15712 -0.948249
-1.364 -1.92369 -1.27944
-1.362 -2.60949 -1.23547
-1.36 -3.12189 -0.821319
-1.358 -3.37751 -0.118355
-1.356 -3.31747 0.733051
-1.354 -2.92173 1.56284
-1.352 -2.21862 2.20645
-1.35 -1.28664 2.53846
-1.348 -0.246641 2.49784
-1.346 0.75548 2.09951
-1.344 1.57287 1.43002
-1.342 2.08453 0.628415
-1.34 2.21945 -0.143615
-1.338 1.97274 -0.735705
-1.336 1.40977 -1.0398
-1.334 0.656455 -1.01159
-1.332 -0.123363 -0.678074
-1.33 -0.759563 -0.129956
-1.328 -1.11029 0.499172
-1.326 -1.09225 1.06221
-1.324 -0.699989 1.43006
-1.322 -0.00958874 1.51848
-1.32 0.834938 1.30477
-1.318 1.65031 0.830686
-1.316 2.25231 0.19154
-1.314 2.49602 -0.48611
-1.312 2.30916 -1.07284
-1.31 1.71128 -1.46456
-1.308 0.813613 -1.60425
-1.306 -0.200786 -1.49272
-1.304 -1.11342 -1.18617
-1.302 -1.7158 -0.781607
-1.3 -1.85445 -0.393542
-1.298 -1.46597 -0.127392
-1.296 -0.594072 -0.0555875
-1.294 0.615627 -0.201627
-1.292 1.94267 -0.535503
-1.29 3.13588 -0.981333
-1.288 3.96566 -1.43527
-1.286 4.27352 -1.78948
-1.284 4.00814 -1.95665
-1.282 3.23953 -1.88944
-1.28 2.14757 -1.59059
-1.278 0.986585 -1.11144
-1.276 0.0324898 -0.539634
-1.274 -0.476454 0.0212031
-1.272 -0.393163 0.474788
-1.27 0.30208 0.753295
-1.268 1.49093 0.831439
-1.266 2.93489 0.73052
-1.264 4.31913 0.511682
-1.262 5.31378 0.260132
-1.26 5.64079 0.0640774
-1.258 5.13257 -0.00660983
-1.256 3.77032 0.0830176
-1.254 1.69391 0.325088
-1.252 -0.819337 0.671536
-1.25 -3.40324 1.04653
-1.248 -5.66952 1.36559
-1.246 -7.27997 1.55659
-1.244 -8.00979 1.57764
-1.242 -7.78972 1.42732
-1.24 -6.7185 1.14501
-1.238 -5.04327 0.801159
-1.236 -3.11171 0.479713
-1.234 -1.30557 0.257002
-1.232 0.0313093 0.181905
-1.23 0.656531 0.262289
-1.228 0.472153 0.461232
-1.226 -0.460521 0.704409
-1.224 -1.9366 0.897269
-1.222 -3.64999 0.948147
-1.22 -5.25386 0.79181
-1.218 -6.42698 0.407653
-1.216 -6.93317 -0.17202
-1.214 -6.66259 -0.865901
-1.212 -5.64749 -1.55919
-1.21 -4.05059 -2.12754
-1.208 -2.12966 -2.46429
-1.206 -0.186083 -2.50504
-1.204 1.49174 -2.24406
-1.202 2.67955 -1.73826
-1.2 3.25349 -1.09734
-1.198 3.20578 -0.461594
-1.196 2.63802 0.0281707
-1.194 1.73499 0.261956
-1.192 0.725152 0.185981
-1.19 -0.163466 -0.183771
-1.188 -0.743464 -0.763184
-1.186 -0.897209 -1.41669
-1.184 -0.590808 -1.98556
-1.182 0.127792 -2.32183
-1.18 1.14434 -2.32068
-1.178 2.3031 -1.94432
-1.176 3.43558 -1.23205
-1.174 4.38788 -0.293886
-1.172 5.0423 0.711205
-1.17 5.33025 1.60825
-1.168 5.23581 2.24322
-1.166 4.79103 2.51604
-1.164 4.06568 2.40222
-1.162 3.15445 1.95838
-1.16 2.1644 1.31021
-1.158 1.2038 0.625463
-1.156 0.372904 0.0776028
-1.154 -0.244204 -0.192059
-1.152 -0.586882 -0.105603
-1.15 -0.624573 0.33383
-1.148 -0.362017 1.04198
-1.146 0.158099 1.87123
-1.144 0.856441 2.64236
-1.142 1.62339 3.18345
-1.14 2.33106 3.36721
-1.138 2.85042 3.13875
-1.136 3.07197 2.52781
-1.134 2.92662 1.64274
-1.132 2.40292 0.647743
-1.13 1.55616 -0.272006
-1.128 0.506129 -0.949886
-1.126 -0.577869 -1.27345
-1.124 -1.50362 -1.20826
-1.122 -2.09025 -0.804518
-1.12 -2.20426 -0.184853
-1.118 -1.79033 0.483852
-1.116 -0.890079 1.02821
-1.114 0.356122 1.30698
-1.112 1.72651 1.24188
-1.11 2.95276 0.834057
-1.108 3.76683 0.162623
-1.106 3.95166 -0.634038
-1.104 3.38594 -1.39006
-1.102 2.07399 -1.94999
-1.1 0.154114 -2.20439
-1.098 -2.11731 -2.11503
-1.096 -4.4044 -1.72362
-1.094 -6.34677 -1.14175
-1.092 -7.62161 -0.524135
-1.09 -8.0013 -0.0312593
-1.088 -7.39582 0.209746
-1.086 -5.87149 0.136684
-1.084 -3.6424 -0.231149
-1.082 -1.03571 -0.79544
-1.08 1.56284 -1.39999
-1.078 3.77377 -1.86604
-1.076 5.28751 -2.03412
-1.074 5.91597 -1.80318
-1.072 5.62294 -1.15812
-1.07 4.52811 -0.178809
-1.068 2.88372 0.972071
-1.066 1.02848 2.08084
-1.064 -0.672941 2.92779
-1.062 -1.89341 3.33588
-1.06 -2.39848 3.21209
-1.058 -2.08408 2.57214
-1.056 -0.991401 1.54234
-1.054 0.702218 0.337458
-1.052 2.71345 -0.781157
-1.05 4.69883 -1.55892
-1.048 6.30874 -1.80178
-1.046 7.24134 -1.41914
-1.044 7.28826 -0.44672
-1.042 6.36535 0.955898
-1.04 4.52446 2.5332
-1.038 1.9453 3.98195
-1.036 -1.0898 5.01025
-1.034 -4.23377 5.39535
-1.032 -7.11945 5.02835
-1.03 -9.40567 3.93636
-1.028 -10.8198 2.27761
-1.026 -11.1923 0.310562
-1.024 -10.48 -1.65647
-1.022 -8.77377 -3.3247
-1.02 -6.29053 -4.46126
-1.018 -3.34834 -4.94135
-1.016 -0.328271 -4.76794
-1.014 2.3733 -4.06566
-1.012 4.39624 -3.0505
-1.01 5.46624 -1.98208
-1.008 5.43614 -1.10879
-1.006 4.31278 -0.617564
-1.004 2.26388 -0.598716
-1.002 -0.398339 -1.03285
-1 -3.25697 -1.80146
-0.998 -5.84934 -2.71766
-0.996 -7.73681 -3.56942
-0.994 -8.57453 -4.16549
-0.992 -8.16957 -4.37425
-0.99 -6.51735 -4.14788
-0.988 -3.80922 -3.52736
-0.986 -0.408456 -2.62816
-0.984 3.20308 -1.61015
-0.982 6.50022 -0.639264
-0.98 8.99951 0.150021
-0.978 10.3394 0.682443
-0.976 10.3408 0.95355
-0.974 9.03671 1.02327
-0.972 6.66505 0.994245
-0.97 3.62667 0.981388
-0.968 0.415104 1.0808
-0.966 -2.46873 1.34562
-0.964 -4.6022 1.77414
-0.962 -5.71152 2.31261
-0.96 -5.71431 2.87146
-0.958 -4.72592 3.35122
-0.956 -3.02841 3.67148
-0.954 -1.00846 3.79526
-0.952 0.922446 3.74187
-0.95 2.40912 3.58368
-0.948 3.2186 3.42701
-0.946 3.27857 3.3813
-0.944 2.68215 3.525
-0.942 1.65984 3.87713
-0.94 0.52513 4.38246
-0.938 -0.394562 4.91493
-0.936 -0.827877 5.29942
-0.934 -0.615784 5.34804
-0.932 0.257622 4.90377
-0.93 1.66634 3.88227
-0.928 3.37484 2.30221
-0.926 5.09338 0.295994
-0.924 6.54275 -1.90343
-0.922 7.51351 -3.9993
-0.92 7.90681 -5.68483
-0.918 7.74908 -6.70355
-0.916 7.17883 -6.90316
-0.914 6.40948 -6.27095
-0.912 5.67674 -4.94268
-0.91 5.1821 -3.18195
-0.908 5.04489 -1.33356
-0.906 5.27374 0.240697
-0.904 5.76446 1.23163
-0.902 6.32488 1.44411
-0.9 6.72062 0.838119
-0.898 6.73069 -0.459403
-0.896 6.1994 -2.17492
-0.894 5.07259 -3.93768
-0.892 3.41034 -5.34881
-0.89 1.37379 -6.05699
-0.888 -0.810284 -5.8257
-0.886 -2.89885 -4.57914
-0.884 -4.68472 -2.41802
-0.882 -6.03933 0.397615
-0.88 -6.93636 3.49458
-0.878 -7.45051 6.45276
-0.876 -7.73185 8.87871
-0.874 -7.96202 10.473
-0.872 -8.30273 11.0789
-0.87 -8.8492 10.7051
-0.868 -9.59946 9.51697
-0.866 -10.4474 7.80068
-0.864 -11.2022 5.90632
-0.862 -11.6299 4.18147
-0.86 -11.5097 2.90836
-0.858 -10.6909 2.25601
-0.856 -9.13735 2.25576
-0.854 -6.94835 2.80292
-0.852 -4.34986 3.68243
-0.85 -1.65751 4.61232
-0.848 0.780756 5.29612
-0.846 2.65025 5.47543
-0.844 3.7298 4.97415
-0.842 3.93452 3.72777
-0.84 3.33239 1.79335
-0.838 2.13085 -0.660894
-0.836 0.63512 -3.38401
-0.834 -0.813428 -6.08301
-0.832 -1.90613 -8.46793
-0.83 -2.42754 -10.2934
-0.828 -2.29387 -11.3907
-0.826 -1.56118 -11.6864
-0.824 -0.40263 -11.2081
-0.822 0.938164 -10.0762
-0.82 2.20591 -8.48572
-0.818 3.19105 -6.6777
-0.816 3.77389 -4.90569
-0.814 3.94647 -3.39969
-0.812 3.80825 -2.33381
-0.81 3.53628 -1.80232
-0.808 3.33647 -1.80811
-0.806 3.38743 -2.265
-0.804 3.79089 -3.01327
-0.802 4.54173 -3.84584
-0.8 5.52579 -4.5416
-0.798 6.5463 -4.90138
-0.796 7.37203 -4.78162
-0.794 7.79537 -4.12029
-0.792 7.68606 -2.95008
-0.79 7.02813 -1.39533
-0.788 5.93052 0.347707
-0.786 4.60793 2.04466
-0.784 3.33422 3.46499
-0.782 2.37771 4.42443
-0.78 1.93266 4.81974
-0.778 2.06349 4.64846
-0.776 2.6766 4.00931
-0.774 3.52812 3.08213
-0.772 4.26786 2.09065
-0.77 4.51133 1.25562
-0.768 3.92535 0.748032
-0.766 2.30957 0.652723
-0.764 -0.343347 0.950642
-0.762 -3.82323 1.52364
-0.76 -7.72178 2.18114
-0.758 -11.4954 2.70334
-0.756 -14.5612 2.89262
-0.754 -16.4087 2.62248
-0.752 -16.7023 1.87349
-0.75 -15.3548 0.747015
-0.748 -12.5549 -0.548193
-0.746 -8.74246 -1.73597
-0.744 -4.53593 -2.53163
-0.742 -0.624453 -2.70701
-0.74 2.35712 -2.14638
-0.738 3.94727 -0.879675
-0.736 3.94808 0.915345
-0.734 2.46747 2.94345
-0.732 -0.0975008 4.84895
-0.73 -3.13487 6.28801
-0.728 -5.93532 7.00181
-0.726 -7.82932 6.87502
-0.724 -8.31622 5.9667
-0.722 -7.16115 4.50512
-0.72 -4.44245 2.84543
-0.718 -0.542229 1.39706
-0.716 3.91811 0.535413
-0.714 8.18677 0.516733
-0.712 11.5165 1.41531
-0.71 13.3015 3.09774
-0.708 13.19 5.24133
-0.706 11.1493 7.39404
-0.704 7.47222 9.06485
-0.702 2.72213 9.82624
-0.7 -2.36824 9.40743
-0.698 -7.02459 7.75818
-0.696 -10.561 5.06838
-0.694 -12.4899 1.73799
-0.692 -12.595 -1.6974
-0.69 -10.9561 -4.67062
-0.688 -7.92252 -6.69497
-0.686 -4.04011 -7.46127
-0.684 0.0533009 -6.89997
-0.682 3.74387 -5.19549
-0.68 6.54568 -2.74963
-0.678 8.17307 -0.101093
-0.676 8.57025 2.18265
-0.674 7.89669 3.61896
-0.672 6.4758 3.90508
-0.67 4.71984 2.97459
-0.668 3.04647 1.00348
-0.666 1.80267 -1.63446
-0.664 1.20959 -4.45196
-0.662 1.33779 -6.95289
-0.66 2.11597 -8.73393
-0.658 3.36835 -9.56203
-0.656 4.86934 -9.41199
-0.654 6.40034 -8.45782
-0.652 7.79481 -7.02105
-0.65 8.96238 -5.48854
-0.648 9.88885 -4.21918
-0.646 10.615 -3.46115
-0.644 11.2005 -3.29918
-0.642 11.6836 -3.64358
-0.64 12.0452 -4.26309
-0.638 12.1909 -4.85201
-0.636 11.9564 -5.11472
-0.634 11.1396 -4.84605
-0.632 9.55404 -3.98801
-0.63 7.08953 -2.6488
-0.628 3.76554 -1.07964
-0.626 -0.239058 0.385737
-0.624 -4.5887 1.4148
-0.622 -8.8287 1.7632
-0.62 -12.4526 1.34363
-0.618 -14.9888 0.258557
-0.616 -16.0926 -1.2131
-0.614 -15.6254 -2.67428
-0.612 -13.7049 -3.70095
-0.61 -10.7107 -3.9455
-0.608 -7.23954 -3.22771
-0.606 -4.01192 -1.59095
-0.604 -1.74661 0.691866
-0.602 -1.02563 3.16669
-0.6 -2.17669 5.29313
-0.598 -5.19624 6.56637
-0.596 -9.72882 6.63951
-0.594 -15.1081 5.41813
-0.592 -20.4548 3.10362
-0.59 -24.8165 0.172306
-0.588 -27.3286 -2.70853
-0.586 -27.3677 -4.81274
-0.584 -24.6702 -5.50886
-0.582 -19.3918 -4.40328
-0.58 -12.0948 -1.44174
-0.578 -3.66158 3.0542
-0.576 4.84945 8.42648
-0.574 12.3803 13.791
-0.572 18.0498 18.1995
-0.57 21.2982 20.8225
-0.568 21.9745 21.1149
-0.566 20.3525 18.9319
-0.564 17.0724 14.5686
-0.562 13.0178 8.71441
-0.56 9.15121 2.32989
-0.558 6.33581 -3.53009
-0.556 5.1767 -7.91184
-0.554 5.91208 -10.1388
-0.552 8.37438 -9.93369
-0.55 12.0283 -7.46468
-0.548 16.0777 -3.30679
-0.546 19.6182 1.6717
-0.544 21.8082 6.47573
-0.542 22.0244 10.1698
-0.54 19.9761 12.0481
-0.538 15.7587 11.756
-0.536 9.83962 9.34024
-0.534 2.97719 5.22122
-0.532 -3.90959 0.0947967
-0.53 -9.89919 -5.21198
-0.528 -14.2234 -9.90091
-0.526 -16.3928 -13.3452
-0.524 -16.269 -15.1881
-0.522 -14.0735 -15.3814
-0.52 -10.3341 -14.1621
-0.518 -5.7834 -11.9762
-0.516 -1.22765 -9.3686
-0.514 2.58861 -6.86464
-0.512 5.10157 -4.86685
-0.51 6.01166 -3.58905
-0.508 5.31923 -3.03865
-0.506 3.30814 -3.04746
-0.504 0.481843 -3.33923
-0.502 -2.53448 -3.61407
-0.5 -5.10678 -3.62738
-0.498 -6.69951 -3.24464
-0.496 -6.96057 -2.46177
-0.494 -5.7727 -1.39029
-0.492 -3.26688 -0.215089
-0.49 0.202068 0.862577
-0.488 4.11295 1.68209
-0.486 7.86076 2.16676
-0.484 10.8525 2.34262
-0.482 12.6016 2.32781
-0.48 12.8061 2.29479
-0.478 11.3978 2.41569
-0.476 8.55604 2.80681
-0.474 4.68402 3.48929
-0.472 0.353246 4.37815
-0.47 -3.77834 5.30356
-0.468 -7.06417 6.05807
-0.466 -8.97102 6.45648
-0.464 -9.17029 6.39211
-0.462 -7.60283 5.87508
-0.46 -4.50334 5.04236
-0.458 -0.376637 4.13618
-0.456 4.07353 3.4532
-0.454 8.05338 3.2739
-0.452 10.8095 3.78733
-0.45 11.7608 5.02979
-0.448 10.6101 6.85505
-0.446 7.41629 8.94781
-0.444 2.60884 10.8812
-0.442 -3.06279 12.2073
-0.44 -8.64348 12.5608
-0.438 -13.1334 11.7503
-0.436 -15.6675 9.81639
-0.434 -15.6791 7.03997
-0.432 -13.0148 3.89783
-0.43 -7.97859 0.971549
-0.428 -1.29241 -1.17268
-0.426 6.01959 -2.10904
-0.424 12.8074 -1.65494
-0.422 18.0011 0.072064
-0.42 20.81 2.65827
-0.418 20.8735 5.46127
-0.416 18.3316 7.72988
-0.414 13.796 8.75438
-0.412 8.22337 8.01752
-0.41 2.71699 5.31525
-0.408 -1.70493 0.820124
-0.406 -4.32498 -4.92966
-0.404 -4.88256 -11.1177
-0.402 -3.63623 -16.7988
-0.4 -1.31617 -21.0807
-0.398 1.0283 -23.2997
-0.396 2.25932 -23.1534
-0.394 1.41295 -20.763
-0.392 -2.06323 -16.6536
-0.39 -8.15259 -11.6592
-0.388 -16.2307 -6.77059
-0.386 -25.1578 -2.95487
-0.384 -33.4863 -0.977013
-0.382 -39.7397 -1.25488
-0.38 -42.7089 -3.77474
-0.378 -41.7041 -8.08616
-0.376 -36.7128 -13.3811
-0.374 -28.4272 -18.6444
-0.372 -18.1299 -22.844
-0.37 -7.45556 -25.1224
-0.368 1.92863 -24.9478
-0.366 8.65663 -22.1977
-0.364 11.9391 -17.1648
-0.362 11.719 -10.4907
-0.36 8.67118 -3.04488
-0.358 4.04625 4.2257
-0.356 -0.608024 10.4526
-0.354 -3.78743 14.9811
-0.352 -4.36223 17.4644
-0.35 -1.82809 17.9001
-0.348 3.5771 16.6046
-0.346 10.9178 14.1306
-0.344 18.7601 11.148
-0.342 25.4858 8.31519
-0.34 29.6516 6.16495
-0.338 30.3155 5.02828
-0.336 27.2536 5.00314
-0.334 21.0187 5.968
-0.332 12.8259 7.63083
-0.33 4.28748 9.59985
-0.328 -2.94397 11.4612
-0.326 -7.54614 12.8493
-0.324 -8.82814 13.5005
-0.322 -6.89074 13.2844
-0.32 -2.6049 12.2136
-0.318 2.59178 10.4351
-0.316 7.03838 8.20713
-0.314 9.2567 5.86444
-0.312 8.3267 3.7753
-0.31 4.1427 2.29458
-0.308 -2.51275 1.71779
-0.306 -10.1012 2.24119
-0.304 -16.6458 3.93169
-0.302 -20.1718 6.70833
-0.3 -19.1772 10.3355
-0.298 -13.0282 14.4295
-0.296 -2.18293 18.4813
-0.294 11.8194 21.904
-0.292 26.616 24.1054
-0.29 39.4797 24.5861
-0.288 47.8843 23.0433
-0.286 50.0546 19.4589
-0.284 45.3787 14.1432
-0.282 34.592 7.72015
-0.28 19.6877 1.04871
-0.278 3.56401 -4.90519
-0.276 -10.5274 -9.22662
-0.274 -19.6282 -11.2142
-0.272 -21.6854 -10.5219
-0.27 -16.0008 -7.25639
-0.268 -3.41323 -2.00532
-0.266 13.8356 4.21871
-0.264 32.5347 10.1227
-0.262 49.1482 14.3502
-0.26 60.5339 15.7347
-0.258 64.5772 13.5376
-0.256 60.6051 7.61883
-0.254 49.4928 -1.4995
-0.252 33.4454 -12.695
-0.25 15.5028 -24.4209
-0.248 -1.12542 -34.9664
-0.246 -13.7567 -42.7547
-0.244 -20.8171 -46.6296
-0.242 -22.1789 -46.0778
-0.24 -19.1751 -41.3431
-0.238 -14.2765 -33.4026
-0.236 -10.4956 -23.801
-0.234 -10.6465 -14.3685
-0.232 -16.6308 -6.87345
-0.23 -28.9164 -2.67879
-0.228 -46.3344 -2.47176
-0.226 -66.247 -6.12264
-0.224 -85.0563 -12.7022
-0.222 -98.9506 -20.6564
-0.22 -104.731 -28.1056
-0.218 -100.549 -33.2143
-0.216 -86.3821 -34.5589
-0.214 -64.1544 -31.423
-0.212 -37.4312 -23.9556
-0.21 -10.7544 -13.1599
-0.208 11.2646 -0.708986
-0.206 24.9005 11.3738
-0.204 28.1101 21.1079
-0.202 20.992 26.9426
-0.2 5.80424 28.0645
-0.198 -13.4678 24.5647
-0.196 -31.9076 17.4351
-0.194 -44.6694 8.3887
-0.192 -47.9878 -0.46661
-0.19 -39.9941 -7.04379
-0.188 -21.1693 -9.70221
-0.186 5.67228 -7.59421
-0.184 35.8827 -0.856559
-0.182 63.8778 9.39735
-0.18 84.2546 21.2845
-0.178 92.894 32.5149
-0.176 87.8156 40.836
-0.174 69.6025 44.4703
-0.172 41.3134 42.4668
-0.17 7.90499 34.9041
-0.168 -24.7123 22.9102
-0.166 -50.7981 8.49088
-0.164 -65.868 -5.80992
-0.162 -67.5341 -17.3648
-0.16 -55.9352 -23.9499
-0.158 -33.6684 -24.1699
-0.156 -5.23188 -17.7325
-0.154 23.9067 -5.51778
-0.152 48.4186 10.5691
-0.15 64.1635 27.9274
-0.148 68.9591 43.7062
-0.146 62.9221 55.2837
-0.144 48.3265 60.7014
-0.142 29.03 58.9818
-0.14 9.60116 50.2818
-0.138 -5.66433 35.8574
-0.136 -13.6376 17.844
-0.134 -12.9784 -1.10856
-0.132 -4.36157 -18.2815
-0.13 9.73432 -31.3349
-0.128 25.6218 -38.6763
-0.126 39.2469 -39.6916
-0.124 47.0898 -34.8059
-0.122 46.9301 -25.3767
-0.12 38.3176 -13.4436
-0.118 22.658 -1.37923
-0.116 2.90377 8.50569
-0.114 -17.0798 14.3383
-0.112 -33.3409 14.9782
-0.11 -42.6827 10.1803
-0.108 -43.338 0.605393
-0.106 -35.3269 -12.3143
-0.104 -20.4232 -26.6199
-0.102 -1.74508 -40.1359
-0.1 16.9215 -50.7987
-0.098 31.9079 -56.9618
-0.096 40.3849 -57.6414
-0.094 40.8846 -52.6697
-0.092 33.5347 -42.7236
-0.09 19.9824 -29.2177
-0.088 3.02972 -14.0703
-0.086 -13.9442 0.617728
-0.084 -27.6674 12.9111
-0.082 -35.6273 21.352
-0.08 -36.5496 25.1827
-0.078 -30.6007 24.4474
-0.076 -19.2709 19.9652
-0.074 -4.98596 13.1861
-0.072 9.44566 5.95198
-0.07 21.4078 0.189664
-0.068 28.9479 -2.4262
-0.066 31.0628 -0.788025
-0.064 27.7665 5.41204
-0.062 19.9587 15.5846
-0.06 9.14079 28.3079
-0.058 -2.94803 41.5475
-0.056 -14.6927 52.9965
-0.054 -24.8805 60.4747
-0.052 -32.8363 62.3177
-0.05 -38.3981 57.6824
-0.048 -41.7619 46.7166
-0.046 -43.2638 30.5647
-0.044 -43.1785 11.2064
-0.042 -41.5953 -8.84832
-0.04 -38.4015 -26.9662
-0.038 -33.3693 -40.8356
-0.036 -26.3159 -48.8695
-0.034 -17.2923 -50.4893
-0.032 -6.74808 -46.2299
-0.03 4.38429 -37.64
-0.028 14.7315 -26.9884
-0.026 22.6695 -16.8283
-0.024 26.6404 -9.50139
-0.022 25.5265 -6.68479
-0.02 18.9824 -9.07268
-0.018 7.62863 -16.2522
-0.016 -6.9567 -26.7877
-0.014 -22.4557 -38.4881
-0.012 -36.1972 -48.8037
-0.01 -45.6342 -55.2889
-0.008 -48.8223 -56.0581
-0.006 -44.8078 -50.1579
-0.004 -33.8493 -37.786
-0.002 -17.4191 -20.299
0 2.02871 0.00643072
0.002 21.4892 20.3084
0.004 37.9545 37.7862
0.006 48.9614 50.1467
0.008 53.0241 56.0378
0.01 49.8681 55.2671
0.012 40.4316 48.7921
0.014 26.6459 38.5016
0.016 11.0495 26.8417
0.018 -3.6893 16.3605
0.02 -15.2491 9.24562
0.022 -22.0424 6.92703
0.024 -23.4351 9.81123
0.026 -19.7564 17.1977
0.028 -12.1077 27.4039
0.03 -2.03256 38.0846
0.032 8.85658 46.686
0.034 19.1942 50.9406
0.036 28.0525 49.3036
0.038 34.984 41.2449
0.04 39.9382 27.3483
0.042 43.0979 9.20536
0.044 44.6908 -10.8692
0.046 44.8301 -30.2411
0.048 43.427 -46.4017
0.05 40.2068 -57.3739
0.052 34.8315 -62.0176
0.054 27.0997 -60.1893
0.056 17.1626 -52.7354
0.058 5.67862 -41.322
0.06 -6.16203 -28.1281
0.062 -16.7715 -15.4574
0.064 -24.4396 -5.33855
0.066 -27.6925 0.813192
0.068 -25.6523 2.41489
0.07 -18.3172 -0.220537
0.072 -6.69055 -5.98267
0.074 7.28938 -13.1967
0.076 21.0341 -19.9384
0.078 31.7739 -24.3707
0.08 37.1291 -25.0493
0.082 35.6566 -21.1614
0.084 27.2338 -12.6685
0.086 13.1686 -0.332264
0.088 -4.0056 14.3879
0.09 -21.0125 29.5575
0.092 -34.4855 43.0791
0.094 -41.65 53.0393
0.096 -40.8986 58.0288
0.098 -32.1494 57.3747
0.1 -16.9169 51.2466
0.102 1.93002 40.6266
0.104 20.6947 27.1573
0.106 35.5788 12.8966
0.108 43.4676 0.0138646
0.11 42.6061 -9.53704
0.112 33.0028 -14.3267
0.114 16.4598 -13.695
0.116 -3.79193 -7.88452
0.118 -23.7714 1.96844
0.12 -39.594 13.9973
0.122 -48.2993 25.8983
0.124 -48.4865 35.3055
0.126 -40.6213 40.1838
0.128 -26.9466 39.1774
0.13 -11.0076 31.859
0.132 3.11855 18.837
0.134 11.7274 1.69589
0.136 12.3325 -17.2325
0.138 4.26107 -35.2364
0.14 -11.1362 -49.6697
0.142 -30.7136 -58.3973
0.144 -50.1566 -60.1601
0.146 -64.8788 -54.7945
0.148 -71.0103 -43.2696
0.15 -66.2716 -27.5346
0.152 -50.5494 -10.2023
0.154 -26.0368 5.88319
0.156 3.10984 18.1245
0.158 31.5445 24.6155
0.16 53.785 24.4706
0.162 65.3257 17.9729
0.164 63.5714 6.50718
0.166 48.3947 -7.7135
0.168 22.2027 -22.0702
0.17 -10.4967 -34.024
0.172 -43.9402 -41.5704
0.174 -72.199 -43.5787
0.176 -90.3071 -39.9648
0.178 -95.2077 -31.6725
0.18 -86.3313 -20.4716
0.182 -65.6824 -8.60848
0.184 -37.4116 1.63091
0.186 -6.95579 8.3638
0.188 20.0705 10.4736
0.19 38.9983 7.81748
0.192 47.0058 1.23589
0.194 43.6209 -7.63728
0.196 30.7354 -16.7195
0.198 12.1485 -23.9042
0.2 -7.25579 -27.476
0.202 -22.5252 -26.438
0.204 -29.6475 -20.6914
0.206 -26.3514 -11.0414
0.208 -12.5411 0.969661
0.21 9.7219 13.3676
0.212 36.6806 24.1335
0.214 63.684 31.5948
0.216 86.15 34.7462
0.218 100.479 33.4331
0.22 104.726 28.3657
0.222 98.909 20.9605
0.224 84.8926 13.0477
0.226 65.9072 6.50358
0.228 45.8071 2.88109
0.23 28.2363 3.11021
0.232 15.8737 7.32267
0.234 9.917 14.8337
0.236 9.90953 24.2828
0.238 13.9413 33.9031
0.24 19.1716 41.865
0.242 22.5476 46.6227
0.244 21.5508 47.1972
0.246 14.8018 43.3422
0.248 2.3904 35.5687
0.25 -14.1322 25.0321
0.252 -32.088 13.31
0.254 -48.2534 2.11613
0.256 -59.5587 -6.99949
0.258 -63.7592 -12.9111
0.26 -59.9371 -15.0945
0.262 -48.7275 -13.6895
0.264 -32.218 -9.43668
0.266 -13.5389 -3.50649
0.268 3.7703 2.7394
0.27 16.4814 8.00201
0.272 22.327 11.2631
0.274 20.44 11.9309
0.276 11.4946 9.89706
0.278 -2.47175 5.50912
0.28 -18.5041 -0.526647
0.282 -33.3422 -7.28772
0.284 -44.0692 -13.7991
0.286 -48.6678 -19.1929
0.288 -46.3786 -22.8381
0.29 -37.7955 -24.4201
0.292 -24.687 -23.957
0.294 -9.5867 -21.7548
0.296 4.75636 -18.3197
0.298 15.946 -14.2521
0.3 22.4031 -10.1472
0.302 23.6303 -6.51996
0.304 20.2295 -3.75712
0.306 13.6832 -2.09305
0.308 5.96329 -1.60379
0.31 -0.939612 -2.21483
0.312 -5.45844 -3.72138
0.314 -6.77188 -5.8202
0.316 -4.94283 -8.15115
0.318 -0.850991 -10.3443
0.32 4.05753 -12.0672
0.322 8.14166 -13.0681
0.324 9.96986 -13.2089
0.326 8.66431 -12.4874
0.328 4.10743 -11.0435
0.33 -3.03221 -9.14791
0.332 -11.4554 -7.16878
0.334 -19.5289 -5.51794
0.336 -25.6531 -4.58066
0.338 -28.6177 -4.63952
0.34 -27.867 -5.80555
0.342 -23.6179 -7.97144
0.344 -16.8045 -10.7998
0.346 -8.86548 -13.7557
0.348 -1.42103 -16.1833
0.35 4.08551 -17.4192
0.352 6.70206 -16.9204
0.354 6.17006 -14.3811
0.356 2.97314 -9.81324
0.358 -1.77502 -3.57047
0.36 -6.57738 3.69023
0.362 -9.88142 11.1029
0.364 -10.4188 17.7279
0.366 -7.48515 22.7062
0.368 -1.09984 25.4086
0.37 7.98819 25.5541
0.372 18.4496 23.2738
0.374 28.6439 19.1041
0.376 36.9486 13.9012
0.378 42.0756 8.69032
0.38 43.3103 4.4758
0.382 40.6289 2.05236
0.384 34.676 1.85725
0.386 26.6139 3.89337
0.388 17.8775 7.73615
0.39 9.88485 12.619
0.392 3.76182 17.5782
0.394 0.13718 21.6309
0.396 -0.951319 23.9538
0.398 -0.0219871 24.033
0.4 2.00271 21.7578
0.402 4.02701 17.4377
0.404 5.03775 11.7394
0.406 4.32957 5.55387
0.408 1.65399 -0.178499
0.41 -2.73412 -4.64835
0.412 -8.1372 -7.32496
0.414 -13.5671 -8.04212
0.416 -17.9558 -7.00796
0.418 -20.3803 -4.74086
0.42 -20.2563 -1.94872
0.422 -17.4604 0.621561
0.424 -12.3569 2.33327
0.426 -5.72781 2.77834
0.428 1.3763 1.84328
0.43 7.83155 -0.288136
0.432 12.6426 -3.19234
0.434 15.1143 -6.30843
0.436 14.9644 -9.06197
0.438 12.3595 -10.9834
0.44 7.87006 -11.7972
0.442 2.35575 -11.4654
0.444 -3.19687 -10.178
0.446 -7.8513 -8.29556
0.448 -10.8792 -6.25774
0.45 -11.8716 -4.48149
0.452 -10.7876 -3.27178
0.454 -7.93776 -2.76606
0.456 -3.91143 -2.92274
0.458 0.535053 -3.5523
0.46 4.60984 -4.37922
0.462 7.615 -5.11664
0.464 9.05442 -5.53542
0.466 8.70393 -5.51259
0.468 6.63424 -5.05073
0.47 3.18598 -4.2656
0.472 -1.09557 -3.34665
0.474 -5.55219 -2.50009
0.476 -9.51527 -1.88927
0.478 -12.4044 -1.58846
0.48 -13.8098 -1.56327
0.482 -13.5495 -1.68369
0.484 -11.6927 -1.76569
0.486 -8.54657 -1.62861
0.488 -4.60722 -1.15099
0.49 -0.480682 -0.308508
0.492 3.21243 0.816103
0.494 5.93426 2.05332
0.496 7.3142 3.19177
0.498 7.20843 4.03685
0.5 5.72603 4.46906
0.502 3.21687 4.48713
0.504 0.220376 4.22328
0.506 -2.62001 3.92281
0.508 -4.6655 3.88872
0.51 -5.39648 4.40177
0.512 -4.51234 5.63493
0.514 -1.99729 7.58475
0.516 1.86127 10.04
0.518 6.50677 12.5993
0.52 11.1956 14.7374
0.522 15.1152 15.9093
0.524 17.5206 15.6695
0.526 17.8656 13.7822
0.528 15.9078 10.2979
0.53 11.7642 5.57664
0.532 5.90549 0.24863
0.534 -0.914454 -4.8846
0.536 -7.78165 -8.99382
0.538 -13.777 -11.3827
0.54 -18.1338 -11.633
0.542 -20.3687 -9.70228
0.544 -20.3631 -5.95186
0.546 -18.3806 -1.095
0.548 -15.0156 3.92567
0.55 -11.083 8.10974
0.552 -7.46583 10.5862
0.554 -4.94748 10.7805
0.556 -4.06061 8.52767
0.558 -4.98119 4.11029
0.56 -7.48974 -1.7884
0.562 -11.0084 -8.20779
0.564 -14.7069 -14.0868
0.566 -17.6571 -18.4604
0.568 -19.0068 -20.6372
0.57 -18.1405 -20.3231
0.572 -14.7978 -17.6665
0.574 -9.13053 -13.2183
0.576 -1.68634 -7.8148
0.578 6.67658 -2.41052
0.58 14.9305 2.10583
0.582 22.0496 5.07381
0.584 27.1815 6.17201
0.586 29.7875 5.45703
0.588 29.7248 3.32642
0.59 27.2584 0.416475
0.592 23.0017 -2.54173
0.594 17.7991 -4.87668
0.596 12.5767 -6.10912
0.598 8.18528 -6.0365
0.6 5.26546 -4.75391
0.602 4.15374 -2.61051
0.604 4.84455 -0.114482
0.606 7.01196 2.19009
0.608 10.0858 3.84573
0.61 13.3669 4.57691
0.612 16.1583 4.33876
0.614 17.8869 3.31118
0.616 18.1928 1.84262
0.618 16.972 0.358812
0.62 14.3682 -0.740866
0.622 10.7235 -1.17493
0.624 6.49953 -0.838504
0.626 2.18838 0.183067
0.628 -1.77107 1.64668
0.63 -5.05755 3.22013
0.632 -7.50246 4.56901
0.634 -9.09125 5.44031
0.636 -9.9334 5.723
0.638 -10.2105 5.4715
0.64 -10.117 4.88694
0.642 -9.80927 4.26113
0.644 -9.37537 3.89672
0.646 -8.83101 4.02329
0.648 -8.1388 4.7305
0.65 -7.2434 5.93551
0.652 -6.11149 7.39389
0.654 -4.76615 8.75209
0.656 -3.3063 9.62977
0.658 -1.90481 9.71231
0.66 -0.783135 8.83197
0.662 -0.165558 7.01838
0.664 -0.222575 4.50635
0.666 -1.0172 1.6976
0.668 -2.469 -0.91648
0.67 -4.34707 -2.85588
0.672 -6.29615 -3.75529
0.674 -7.89279 -3.44707
0.676 -8.7217 -2.00447
0.678 -8.45875 0.265575
0.68 -6.94517 2.87952
0.682 -4.23775 5.2726
0.684 -0.622393 6.91219
0.686 3.41599 7.40518
0.688 7.26573 6.5772
0.69 10.2915 4.5075
0.692 11.9489 1.51284
0.694 11.8881 -1.91608
0.696 10.0256 -5.21259
0.698 6.57052 -7.84611
0.7 1.99999 -9.42528
0.702 -3.0124 -9.77103
0.704 -7.7053 -8.94475
0.706 -11.3577 -7.22698
0.708 -13.4151 -5.05206
0.71 -13.5889 -2.91388
0.712 -11.9104 -1.26288
0.714 -8.72416 -0.415918
0.716 -4.62377 -0.497126
0.718 -0.340641 -1.42113
0.72 3.39022 -2.92071
0.722 5.96251 -4.61157
0.724 7.00503 -6.07916
0.726 6.44452 -6.96793
0.728 4.51451 -7.05385
0.73 1.70838 -6.28595
0.732 -1.31596 -4.78993
0.734 -3.86307 -2.83547
0.736 -5.33472 -0.775872
0.738 -5.34511 1.02663
0.74 -3.79321 2.27427
0.742 -0.878294 2.79121
0.744 2.94249 2.55352
0.746 7.04367 1.68601
0.748 10.749 0.427492
0.75 13.4542 -0.927001
0.752 14.733 -2.09297
0.754 14.4078 -2.85672
0.756 12.5728 -3.11604
0.758 9.56667 -2.8936
0.76 5.89867 -2.32259
0.762 2.14648 -1.60949
0.764 -1.15453 -0.983593
0.766 -3.60667 -0.644
0.768 -5.01177 -0.714952
0.77 -5.38949 -1.21826
0.772 -4.95181 -2.06823
0.774 -4.04207 -3.08984
0.776 -3.0529 -4.05607
0.778 -2.34041 -4.73588
0.78 -2.1522 -4.94245
0.782 -2.58334 -4.57134
0.784 -3.5684 -3.62132
0.786 -4.90939 -2.1943
0.788 -6.33113 -0.47552
0.79 -7.54981 1.30151
0.792 -8.33818 2.89806
0.794 -8.57322 4.11297
0.796 -8.2568 4.81741
0.798 -7.50671 4.97546
0.8 -6.52132 4.64772
0.802 -5.52696 3.97812
0.804 -4.72044 3.1676
0.806 -4.22094 2.4397
0.808 -4.04304 2.00375
0.81 -4.09781 2.02102
0.812 -4.22114 2.5782
0.814 -4.22136 3.67186
0.816 -3.93326 5.20622
0.818 -3.26489 7.00511
0.82 -2.22623 8.83613
0.822 -0.933335 10.4435
0.824 0.412771 11.5846
0.826 1.56846 12.0638
0.828 2.30279 11.7615
0.83 2.45404 10.652
0.832 1.97453 8.81139
0.834 0.95183 6.41156
0.836 -0.400039 3.7004
0.838 -1.77916 0.969558
0.84 -2.85545 -1.48744
0.842 -3.33789 -3.42014
0.844 -3.03402 -4.6616
0.846 -1.88905 -5.15643
0.848 0.00306488 -4.97084
0.85 2.41777 -4.28224
0.852 5.04334 -3.34968
0.854 7.5407 -2.46944
0.856 9.60764 -1.92241
0.858 11.0343 -1.9218
0.86 11.7382 -2.5702
0.862 11.7709 -3.8345
0.864 11.2952 -5.54476
0.866 10.5394 -7.41919
0.868 9.73929 -9.11194
0.87 9.08167 -10.2757
0.872 8.66313 -10.6276
0.874 8.47188 -10.005
0.876 8.39651 -8.40131
0.878 8.25868 -5.97373
0.88 7.8618 -3.02068
0.882 7.04431 0.0669229
0.884 5.72489 2.87272
0.886 3.929 5.02785
0.888 1.79023 6.27644
0.89 -0.473814 6.52097
0.892 -2.60566 5.8386
0.894 -4.36196 4.46488
0.896 -5.56507 2.74781
0.898 -6.14066 1.08091
0.9 -6.1326 -0.171469
0.902 -5.69158 -0.742219
0.904 -5.03944 -0.509619
0.906 -4.41733 0.483264
0.908 -4.02953 2.04109
0.91 -3.99652 3.85745
0.912 -4.32823 5.57594
0.914 -4.92381 6.85902
0.916 -5.59757 7.451
0.918 -6.12465 7.22336
0.92 -6.29609 6.19408
0.922 -5.97102 4.51794
0.924 -5.11447 2.45061
0.926 -3.81212 0.295038
0.928 -2.25758 -1.6582
0.93 -0.713627 -3.18363
0.932 0.54496 -4.15637
0.934 1.29444 -4.56412
0.936 1.4161 -4.49547
0.938 0.927955 -4.10892
0.94 -0.0138818 -3.59095
0.942 -1.14494 -3.11275
0.944 -2.14699 -2.79475
0.946 -2.7159 -2.68596
0.948 -2.62903 -2.76173
0.95 -1.79833 -2.93948
0.952 -0.298129 -3.10764
0.954 1.63935 -3.16
0.956 3.66156 -3.02613
0.958 5.36059 -2.69009
0.96 6.35313 -2.19286
0.962 6.35949 -1.61886
0.964 5.26476 -1.07088
0.966 3.14942 -0.640653
0.968 0.282887 -0.382654
0.97 -2.91852 -0.29786
0.972 -5.96114 -0.3313
0.974 -8.35816 -0.384469
0.976 -9.71356 -0.340126
0.978 -9.79096 -0.09393
0.98 -8.55539 0.414804
0.982 -6.18031 1.18141
0.984 -3.01871 2.12966
0.986 0.456449 3.12375
0.988 3.73103 3.99642
0.99 6.33355 4.58687
0.992 7.90921 4.77933
0.994 8.27239 4.53328
0.996 7.43001 3.89784
0.998 5.57382 3.00653
1 3.04422 2.05292
1.002 0.272761 1.25129
1.004 -2.28679 0.79038
1.006 -4.22731 0.78979
1.008 -5.2464 1.26906
1.01 -5.18544 2.1371
1.012 -4.04546 3.20545
1.014 -1.97967 4.22366
1.016 0.733784 4.92987
1.018 3.73349 5.10593
1.02 6.62465 4.62532
1.022 9.03073 3.48374
1.024 10.6409 1.80541
1.026 11.2476 -0.176552
1.028 10.7705 -2.16215
1.03 9.26336 -3.84109
1.032 6.90488 -4.9524
1.034 3.97465 -5.33521
1.036 0.817675 -4.95999
1.038 -2.19857 -3.93386
1.04 -4.73022 -2.47855
1.042 -6.50134 -0.885959
1.044 -7.34107 0.539739
1.046 -7.20791 1.54108
1.048 -6.1965 1.95566
1.05 -4.52441 1.74422
1.052 -2.50012 0.993461
1.054 -0.476271 -0.106317
1.056 1.20452 -1.3036
1.058 2.26331 -2.33884
1.06 2.52962 -2.99734
1.062 1.97029 -3.15105
1.064 0.69713 -2.78076
1.066 -1.04898 -1.97476
1.068 -2.93654 -0.904822
1.07 -4.59886 0.214482
1.072 -5.69748 1.17365
1.074 -5.98213 1.81261
1.076 -5.33622 2.052
1.078 -3.7992 1.9052
1.08 -1.56171 1.4694
1.082 1.06557 0.898591
1.084 3.70372 0.365358
1.086 5.96908 0.0200853
1.088 7.53731 -0.0432602
1.09 8.19687 0.192577
1.092 7.88265 0.666079
1.094 6.68372 1.25339
1.096 4.8243 1.79932
1.098 2.6216 2.1555
1.1 0.428951 2.21661
1.102 -1.42504 1.94611
1.104 -2.69038 1.38532
1.106 -3.23302 0.644111
1.108 -3.05007 -0.124404
1.11 -2.26098 -0.759138
1.112 -1.07789 -1.12806
1.114 0.238476 -1.15878
1.116 1.42839 -0.855877
1.118 2.27859 -0.301171
1.12 2.65574 0.363424
1.122 2.5226 0.966878
1.124 1.93563 1.34716
1.126 1.02612 1.38797
1.128 -0.0299753 1.04568
1.13 -1.04704 0.360198
1.132 -1.86278 -0.552676
1.134 -2.36358 -1.52583
1.136 -2.49855 -2.37661
1.138 -2.2812 -2.94604
1.14 -1.78008 -3.13278
1.142 -1.10176 -2.91467
1.144 -0.370388 -2.35321
1.146 0.292103 -1.58003
1.148 0.782174 -0.768109
1.15 1.02557 -0.0941053
1.152 0.982795 0.300146
1.154 0.649849 0.338339
1.156 0.055624 0.0259674
1.158 -0.742823 -0.551354
1.16 -1.66605 -1.24697
1.162 -2.6187 -1.88537
1.164 -3.49685 -2.3004
1.166 -4.19698 -2.37131
1.168 -4.62688 -2.04893
1.17 -4.71842 -1.36636
1.172 -4.44027 -0.431992
1.174 -3.80824 0.59362
1.176 -2.88993 1.53191
1.178 -1.80112 2.22394
1.18 -0.692915 2.56329
1.182 0.269754 2.51715
1.184 0.935289 2.13144
1.186 1.19397 1.5192
1.188 1.00253 0.835191
1.19 0.399372 0.24226
1.192 -0.493946 -0.123189
1.194 -1.4873 -0.179496
1.196 -2.35177 0.0841891
1.198 -2.86043 0.607337
1.2 -2.83276 1.27289
1.202 -2.17401 1.93395
1.204 -0.90073 2.44623
1.206 0.853585 2.69874
1.208 2.85544 2.63613
1.21 4.80899 2.2682
1.212 6.40817 1.66491
1.214 7.39416 0.938901
1.216 7.6069 0.219639
1.218 7.02031 -0.37478
1.22 5.75313 -0.762151
1.222 4.05201 -0.911723
1.224 2.24883 -0.847666
1.226 0.699769 -0.639976
1.228 -0.282443 -0.385274
1.23 -0.48994 -0.182264
1.232 0.137492 -0.107819
1.234 1.49708 -0.199345
1.236 3.33883 -0.447371
1.238 5.31002 -0.799704
1.24 7.02037 -1.17571
1.242 8.11551 -1.487
1.244 8.34447 -1.65945
1.246 7.60798 -1.65137
1.248 5.9779 -1.46366
1.25 3.68396 -1.1395
1.252 1.07045 -0.753748
1.254 -1.46849 -0.394526
1.256 -3.5623 -0.141473
1.258 -4.9318 -0.0459067
1.26 -5.43823 -0.117811
1.262 -5.10436 -0.322874
1.264 -4.10392 -0.590362
1.266 -2.722 -0.829984
1.268 -1.29485 -0.953741
1.27 -0.141681 -0.897585
1.272 0.497841 -0.63775
1.274 0.507901 -0.197886
1.276 -0.0856983 0.354786
1.278 -1.12706 0.923599
1.28 -2.36774 1.40374
1.282 -3.52193 1.70595
1.284 -4.32745 1.7772
1.286 -4.59994 1.61338
1.288 -4.26926 1.26107
1.29 -3.39112 0.807491
1.292 -2.13228 0.361008
1.294 -0.733266 0.0263594
1.296 0.542834 -0.119655
1.298 1.46456 -0.0463984
1.3 1.87783 0.222756
1.302 1.73434 0.614937
1.304 1.09728 1.02381
1.306 0.124312 1.33368
1.308 -0.968258 1.44638
1.31 -1.95178 1.30482
1.312 -2.63233 0.907854
1.314 -2.88874 0.312793
1.316 -2.69397 -0.375274
1.318 -2.11607 -1.02537
1.32 -1.29939 -1.50908
1.322 -0.430769 -1.72921
1.324 0.301568 -1.64244
1.326 0.747506 -1.27053
1.328 0.824914 -0.697437
1.33 0.534166 -0.0527895
1.332 -0.0449076 0.515131
1.334 -0.772166 0.871048
1.336 -1.47769 0.922313
1.338 -1.99693 0.640019
1.34 -2.20313 0.0668735
1.342 -2.03078 -0.690164
1.344 -1.48587 -1.4812
1.346 -0.641974 -2.1444
1.348 0.376188 -2.5401
1.35 1.41754 -2.58077
1.352 2.33244 -2.25043
1.354 2.99779 -1.60914
1.356 3.33507 -0.781511
1.358 3.31865 0.0684303
1.36 2.9739 0.770911
1.362 2.36716 1.18564
1.364 1.59054 1.23124
1.366 0.745472 0.902707
1.368 -0.0718426 0.273094
1.37 -0.780897 -0.520954
1.372 -1.32254 -1.30703
1.374 -1.66028 -1.9123
1.376 -1.77863 -2.19912
1.378 -1.68008 -2.09346
1.38 -1.38248 -1.60032
1.382 -0.917373 -0.802996
1.384 -0.329622 0.153531
1.386 0.322847 1.09174
1.388 0.970598 1.83723
1.39 1.53701 2.25367
1.392 1.9461 2.26999
1.394 2.13323 1.8944
1.396 2.05716 1.21247
1.398 1.71063 0.369774
1.4 1.12676 -0.45728
1.402 0.379004 -1.09643
1.404 -0.426522 -1.41336
1.406 -1.16605 -1.33768
1.408 -1.71847 -0.875991
1.41 -1.98763 -0.109876
1.412 -1.9221 0.820637
1.414 -1.5281 1.74452
1.416 -0.87206 2.49254
1.418 -0.0714577 2.92893
1.42 0.725179 2.97584
1.422 1.36546 2.62614
1.424 1.72243 1.94257
1.426 1.72004 1.04391
1.428 1.34967 0.0813205
1.43 0.673984 -0.790161
1.432 -0.183152 -1.43959
1.434 -1.05916 -1.78221
1.436 -1.78374 -1.79196
1.438 -2.21226 -1.50245
1.44 -2.25495 -0.996922
1.442 -1.89557 -0.389678
1.444 -1.19585 0.196916
1.446 -0.284379 0.655282
1.448 0.66766 0.911002
1.45 1.47921 0.933643
1.452 1.99396 0.738658
1.454 2.11016 0.38076
1.456 1.79974 -0.0592813
1.458 1.113 -0.491477
1.46 0.168016 -0.833729
1.462 -0.873076 -1.02608
1.464 -1.83592 -1.03975
1.466 -2.56736 -0.879734
1.468 -2.9635 -0.581049
1.47 -2.98698 -0.199957
1.472 -2.67027 0.197707
1.474 -2.10512 0.548653
1.476 -1.42074 0.802492
1.478 -0.755776 0.928744
1.48 -0.229835 0.919775
1.482 0.0794829 0.789692
1.484 0.149575 0.569909
1.486 0.0134241 0.302496
1.488 -0.251867 0.0326337
1.49 -0.545585 -0.198552
1.492 -0.768001 -0.359687
1.494 -0.843329 -0.43272
1.496 -0.735963 -0.414128
1.498 -0.456698 -0.314003
1.5 -0.0580555 -0.153494
1.502 0.379712 0.0387474
1.504 0.768432 0.230584
1.506 1.03299 0.390435
1.508 1.12873 0.491037
1.51 1.0513 0.512665
1.512 0.836861 0.445578
1.514 0.552611 0.29142
1.516 0.279956 0.0633626
1.518 0.0944565 -0.215112
1.52 0.0473046 -0.512795
1.522 0.152726 -0.794475
1.524 0.384205 -1.02546
1.526 0.68035 -1.17636
1.528 0.959022 -1.22746
1.53 1.13653 -1.17205
1.532 1.14762 -1.01798
1.534 0.961719 -0.787147
1.536 0.591747 -0.512659
1.538 0.0932319 -0.234179
1.54 -0.446239 0.00807128
1.542 -0.925103 0.179595
1.544 -1.2495 0.257168
1.546 -1.35375 0.232682
1.548 -1.21509 0.114561
1.55 -0.859477 -0.0735529
1.552 -0.357048 -0.29668
1.554 0.191628 -0.514334
1.556 0.675808 -0.687305
1.558 0.997049 -0.784243
1.56 1.08927 -0.786881
1.562 0.932236 -0.693019
1.564 0.555551 -0.516747
1.566 0.0324477 -0.285917
1.568 -0.535438 -0.0372993
1.57 -1.03898 0.189699
1.572 -1.38374 0.359694
1.574 -1.50879 0.447207
1.576 -1.39828 0.440799
1.578 -1.08358 0.344783
1.58 -0.635728 0.178273
1.582 -0.150004 -0.0282082
1.584 0.274058 -0.237933
1.586 0.552991 -0.414082
1.588 0.635904 -0.525728
1.59 0.513888 -0.552731
1.592 0.220568 -0.48878
1.594 -0.176067 -0.342149
1.596 -0.588644 -0.134124
1.598 -0.928893 0.104596
1.6 -1.12574 0.338886
1.602 -1.13926 0.534754
1.604 -0.967745 0.664577
1.606 -0.646738 0.711206
1.608 -0.240389 0.670339
1.61 0.172634 0.550838
1.612 0.515654 0.373004
1.614 0.729365 0.165137
1.616 0.782988 -0.0410542
1.618 0.67909 -0.215451
1.62 0.451374 -0.334148
1.622 0.156235 -0.382974
1.624 -0.139894 -0.359389
1.626 -0.374593 -0.272472
1.628 -0.501927 -0.141029
1.63 -0.500855 0.00981779
1.632 -0.378035 0.153002
1.634 -0.164756 0.264097
1.636 0.0910295 0.32534
1.638 0.335597 0.328438
1.64 0.520819 0.275674
1.642 0.613579 0.179146
1.644 0.601397 0.0582767
1.646 0.493345 -0.063925
1.648 0.316405 -0.165188
1.65 0.108363 -0.228065
1.652 -0.0909717 -0.24303
1.654 -0.248207 -0.21003
1.656 -0.342675 -0.138202
1.658 -0.369376 -0.0438509
1.66 -0.338176 0.0529233
1.662 -0.269744 0.132273
1.664 -0.189405 0.178559
1.666 -0.120502 0.183425
1.668 -0.0788598 0.147399
1.67 -0.0696121 0.0796852
1.672 -0.0869778 -0.00381778
1.674 -0.116875 -0.0838805
1.676 -0.141546 -0.141996
1.678 -0.14492 -0.164292
1.68 -0.117327 -0.144489
1.682 -0.0583604 -0.0852999
1.684 0.0227868 0.00201798
1.686 0.109573 0.0998636
1.688 0.182362 0.1878
1.69 0.223616 0.246666
1.692 0.222752 0.262481
1.694 0.179426 0.229344
1.696 0.104393 0.150751
1.698 0.0176363 0.039037
1.7 -0.0558875 -0.0869584
1.702 -0.0919529 -0.205543
1.704 -0.0729146 -0.2964
1.706 0.00766795 -0.344527
1.708 0.142738 -0.343093
1.71 0.312373 -0.294659
1.712 0.48727 -0.210527
1.714 0.634416 -0.108403
1.716 0.723756 -0.00884167
1.718 0.734484 0.0687875
1.72 0.659608 0.110023
1.722 0.507797 0.107993
1.724 0.302067 0.0645424
1.726 0.0755226 -0.0103994
1.728 -0.134987 -0.101032
1.73 -0.295995 -0.189005
1.732 -0.383862 -0.257129
1.734 -0.389234 -0.292732
1.736 -0.318629 -0.289983
1.738 -0.192903 -0.250775
1.74 -0.04292 -0.184042
1.742 0.0966572 -0.103719
1.744 0.194214 -0.0257881
1.746 0.227302 0.0349442
1.748 0.186814 0.067708
1.75 0.0784299 0.0676972
1.752 -0.0789129 0.0367203
1.754 -0.257109 -0.0174959
1.756 -0.424632 -0.0831435
1.758 -0.552706 -0.146874
1.76 -0.620676 -0.196492
1.762 -0.619532 -0.223248
1.764 -0.553034 -0.223301
1.766 -0.436307 -0.198112
1.768 -0.292324 -0.153761
1.77 -0.147065 -0.0994042
1.772 -0.0243605 -0.0452324
1.774 0.0585195 -0.000391901
1.776 0.0936822 0.028712
1.778 0.0833519 0.039407
1.78 0.0385178 0.0329009
1.782 -0.0240781 0.0136315
1.784 -0.0858615 -0.011967
1.786 -0.130381 -0.0369649
1.788 -0.146492 -0.0553679
1.79 -0.130186 -0.0631878
1.792 -0.0848141 -0.0589668
1.794 -0.0197691 -0.0437043
1.796 0.0519866 -0.0202673
1.798 0.116945 0.00752391
1.8 0.163949 0.0358843
1.802 0.18633 0.061879
1.804 0.182896 0.0838854
1.806 0.157632 0.101634
1.808 0.118312 0.115874
1.81 0.0744414 0.127808
1.812 0.0350509 0.138479
1.814 0.00684341 0.148289
1.816 -0.00693416 0.156769
1.818 -0.00671547 0.162667
1.82 0.0040307 0.164305
1.822 0.0200927 0.160124
1.824 0.0360951 0.14926
1.826 0.0479545 0.131983
1.828 0.0538483 0.109866
1.83 0.0544747 0.0856051
1.832 0.0525762 0.0625248
1.834 0.0518959 0.0438634
1.836 0.0558774 0.0320301
1.838 0.0664705 0.0280105
1.84 0.0833634 0.0310737
1.842 0.103839 0.0388575
1.844 0.123298 0.0478204
1.846 0.136321 0.053971
1.848 0.138019 0.0537237
1.85 0.12535 0.0447012
1.852 0.0980609 0.0263062
1.854 0.0590161 -6.76195e-05
1.856 0.0138078 -0.0312466
1.858 -0.0302955 -0.0628738
1.86 -0.0658325 -0.0902687
1.862 -0.0867392 -0.109365
1.864 -0.0896871 -0.117524
1.866 -0.0748685 -0.114054
1.868 -0.046048 -0.100328
1.87 -0.00985915 -0.0794832
1.872 0.0255113 -0.0557793
1.874 0.0519768 -0.0337421
1.876 0.0631939 -0.0172801
1.878 0.055847 -0.00894778
1.88 0.0303078 -0.00950416
1.882 -0.00946133 -0.0178475
1.884 -0.0567277 -0.0313285
1.886 -0.103347 -0.0463631
1.888 -0.141368 -0.0592053
1.89 -0.164556 -0.066714
1.892 -0.169523 -0.0669575
1.894 -0.156261 -0.0595405
1.896 -0.127983 -0.0456025
1.898 -0.0903427 -0.027508
1.9 -0.0502107 -0.00830676
1.902 -0.0142806 0.00890936
1.904 0.0122003 0.0216178
1.906 0.0263214 0.0283194
1.908 0.0278644 0.0287527
1.91 0.0190876 0.0238418
1.912 0.00402799 0.0154086
1.914 -0.0124984 0.00572933
1.916 -0.0259657 -0.00296031
1.918 -0.0330526 -0.00890446
1.92 -0.0322223 -0.0111269
1.922 -0.0238771 -0.00954251
1.924 -0.0100869 -0.00487548
1.926 0.00601149 0.00158016
1.928 0.0209894 0.00829285
1.93 0.0318919 0.0138394
1.932 0.0368284 0.0171898
1.934 0.0352781 0.0178771
1.936 0.0280698 0.0160273
1.938 0.0170742 0.0122609
1.94 0.00470531 0.00750012
1.942 -0.00664159 0.00273817
1.944 -0.0150848 -0.00117682
1.946 -0.0195837 -0.00369704
1.948 -0.0200445 -0.0046443
1.95 -0.0172069 -0.00418974
1.952 -0.0123618 -0.00276105
1.954 -0.006986 -0.000907873
1.956 -0.0023865 0.000838456
1.958 0.000563754 0.00207811
1.96 0.00155091 0.00260733
1.962 0.000795548 0.00242707
1.964 -0.00109413 0.00170299
1.966 -0.0033383 0.00069444
1.968 -0.00520825 -0.000325103
1.97 -0.00620004 -0.00113547
1.972 -0.0061232 -0.00161084
1.974 -0.00509503 -0.00172935
1.976 -0.00345636 -0.00155481
1.978 -0.00164333 -0.00120108
1.98 -5.60984e-05 -0.000791587
1.982 0.00103912 -0.000426142
1.984 0.00155343 -0.000162149
1.986 0.00156086 -1.23775e-05
1.988 0.0012405 4.40724e-05
1.99 0.000799889 4.41041e-05
1.992 0.000406607 2.34544e-05
1.994 0.000148309 5.50119e-06
1.996 2.95778e-05 -1.69326e-06
1.998 3.14467e-07 -1.271e-06
0.5 1.10299 0.816679
1 1.02625 0.75806
1.5 0.881346 0.645358
2 0.663791 0.474223
2.5 0.394229 0.261691
3 0.119875 0.0472588
3.5 -0.100827 -0.120441
4 -0.22324 -0.204929
4.5 -0.237845 -0.199363
5 -0.175897 -0.130217
5.5 -0.095686 -0.0448083
6 -0.0557505 0.0106745
6.5 -0.0878829 0.0110777
7 -0.182542 -0.0396826
7.5 -0.293047 -0.115194
8 -0.356214 -0.182511
8.5 -0.320054 -0.218033
9 -0.166612 -0.215267
9.5 0.0794661 -0.182207
10 0.359918 -0.132173
10.5 0.605359 -0.0750267
11 0.761656 -0.0140971
11.5 0.808868 0.0503904
12 0.764696 0.115054
12.5 0.671449 0.16957
13 0.573466 0.198678
13.5 0.49661 0.18922
14 0.440271 0.137974
14.5 0.385402 0.0553236
15 0.313178 -0.0378571
15.5 0.222868 -0.118698
16 0.138258 -0.171669
16.5 0.0988921 -0.193744
17 0.141453 -0.192838
17.5 0.282106 -0.180867
18 0.509313 -0.165805
18.5 0.78967 -0.147541
19 1.08142 -0.119892
19.5 1.3467 -0.0773196
20 1.55631 -0.0219786
20.5 1.68729 0.0336044
21 1.71935 0.0704168
21.5 1.63625 0.0717469
22 1.43382 0.0322319
22.5 1.12952 -0.0378449
23 0.765705 -0.115571
23.5 0.401415 -0.17445
24 0.094612 -0.195091
24.5 -0.116795 -0.172472
25 -0.225417 -0.116677
25.5 -0.25125 -0.0473903
26 -0.2276 0.0146824
26.5 -0.184558 0.0553206
27 -0.138833 0.0702902
27.5 -0.0938337 0.0642998
28 -0.047197 0.0470174
28.5 0.00099744 0.028592
29 0.045142 0.0165338
29.5 0.0773177 0.0145052
30 0.0932179 0.0224945
30.5 0.095584 0.0375516
31 0.0923057 0.0546564
31.5 0.0906051 0.0678081
32 0.0916827 0.0715522
32.5 0.0898235 0.062789
33 0.0766731 0.0421841
33.5 0.0476878 0.0143357
34 0.00626139 -0.0136997
34.5 -0.0373005 -0.0350566
35 -0.0712437 -0.0456868
35.5 -0.0886179 -0.0456588
36 -0.0903107 -0.0384865
36.5 -0.0831522 -0.0289067
37 -0.0746724 -0.0203653
37.5 -0.0681444 -0.0135854
38 -0.061113 -0.00692215
38.5 -0.0481418 0.0018477
39 -0.0257492 0.0134623
39.5 0.00379157 0.0261011
40 0.0322506 0.0359394
40.5 0.0490069 0.0390098
41 0.0463362 0.0333214
41.5 0.0235233 0.0200833
42 -0.0122751 0.00340886
42.5 -0.0486946 -0.0113117
43 -0.0729472 -0.0195393
43.5 -0.0765745 -0.0192274
44 -0.0583322 -0.0113225
44.5 -0.0243419 0.000943131
45 0.0142988 0.0135133
45.5 0.0454783 0.02304
46 0.0602363 0.0278896
46.5 0.0557253 0.02834
47 0.0359034 0.0260474
47.5 0.00962417 0.0231338
48 -0.0131957 0.0213438
48.5 -0.0257531 0.0216155
49 -0.0269981 0.0241544
49.5 -0.0214702 0.0288108
50 -0.016415 0.0353894
50.5 -0.0176746 0.043587
51 -0.0265193 0.0525523
51.5 -0.0390732 0.0604083
52 -0.0485414 0.0642436
52.5 -0.0489 0.0608809
53 -0.0379764 0.0482431
53.5 -0.0183235 0.0266496
54 0.00433745 -0.000763764
54.5 0.0239668 -0.0289191
55 0.0366505 -0.0526619
55.5 0.0414655 -0.0686814
56 0.0397488 -0.076454
56.5 0.033733 -0.0777242
57 0.0256791 -0.0749204
57.5 0.017978 -0.0695567
58 0.0137359 -0.0616572
58.5 0.0168451 -0.0505373
59 0.0308553 -0.0363356
59.5 0.0569048 -0.0211361
60 0.0918767 -0.00873733
60.5 0.128165 -0.003001
61 0.155718 -0.00568366
61.5 0.165768 -0.0150889
62 0.154565 -0.0264736
62.5 0.125229 -0.0341341
63 0.0866554 -0.0341012
63.5 0.0498592 -0.0259962
64 0.0234651 -0.0130562
64.5 0.0104938 -0.000352875
65 0.00792748 0.00780916
65.5 0.00911175 0.00993764
66 0.00761672 0.00784094
66.5 0.000496403 0.00542579
67 -0.0106892 0.00653719
67.5 -0.0214424 0.0129865
68 -0.0274082 0.023714
68.5 -0.0271016 0.0353908
69 -0.0227046 0.0440432
69.5 -0.0185361 0.0468426
70 -0.0181951 0.04321
70.5 -0.0221552 0.034791
71 -0.0273128 0.0244301
71.5 -0.0288058 0.0147409
72 -0.0230476 0.00701797
72.5 -0.0101756 0.00101731
73 0.00555831 -0.00434551
73.5 0.0177313 -0.00982594
74 0.0209584 -0.0149216
74.5 0.013608 -0.0177833
75 -0.0013957 -0.0161142
75.5 -0.0179812 -0.00864099
76 -0.0296492 0.00363677
76.5 -0.0320293 0.0171811
77 -0.0241092 0.0269355
77.5 -0.00787005 0.0282717
78 0.0130678 0.0189836
78.5 0.0348633 0.000360959
79 0.0543164 -0.023214
79.5 0.0691541 -0.045992
80 0.0781238 -0.0631069
80.5 0.0812177 -0.0723099
81 0.0799555 -0.0744311
81.5 0.0773095 -0.0724659
82 0.0769072 -0.0698556
82.5 0.0816093 -0.0688768
83 0.0921131 -0.0699029
83.5 0.106428 -0.0717705
84 0.120695 -0.0728757
84.5 0.131076 -0.0722811
85 0.135727 -0.0701968
85.5 0.135766 -0.0676397
86 0.134611 -0.0655794
86.5 0.136009 -0.0641692
87 0.141768 -0.0625619
87.5 0.150405 -0.0594221
88 0.157402 -0.053804
88.5 0.15693 -0.0458508
89 0.144214 -0.036889
89.5 0.117471 -0.0288645
90 0.078704 -0.0234479
90.5 0.0332182 -0.021303
91 -0.0117483 -0.0218884
91.5 -0.0486972 -0.0238321
92 -0.071354 -0.0256151
92.5 -0.0757202 -0.0261738
93 -0.0606262 -0.0251491
93.5 -0.0277788 -0.0227497
94 0.018694 -0.0194121
94.5 0.0731301 -0.0154981
95 0.12942 -0.0111809
95.5 0.181926 -0.0065135
96 0.225897 -0.00157101
96.5 0.257315 0.00345103
97 0.272536 0.00822553
97.5 0.268299 0.0123441
98 0.242583 0.0153798
98.5 0.196235 0.0169415
99 0.134581 0.0167361
99.5 0.0678699 0.014653
100 0.00967267 0.0108504
100.5 -0.0267254 0.00578455
101 -0.0327265 0.000133119
101.5 -0.00770776 -0.00537905
102 0.0404845 -0.0101734
102.5 0.0983252 -0.0139248
103 0.151592 -0.0165243
103.5 0.190323 -0.0179356
104 0.211534 -0.0180588
104.5 0.218619 -0.0167174
105 0.218072 -0.0137973
105.5 0.215454 -0.0094576
106 0.21272 -0.00425955
106.5 0.208066 0.000902875
107 0.197927 0.00507598
107.5 0.179684 0.00759892
108 0.153438 0.00835411
108.5 0.122082 0.00778286
109 0.0899797 0.00666015
109.5 0.0612785 0.00574992
110 0.0387862 0.00551473
110.5 0.02365 0.00600621
111 0.0154637 0.00695219
111.5 0.0123306 0.00795292
112 0.0108591 0.00866297
112.5 0.00657761 0.00887563
113 -0.00474364 0.00850663
113.5 -0.0250345 0.00753465
114 -0.0521701 0.00596219
114.5 -0.0798932 0.00381964
115 -0.100104 0.0011869
115.5 -0.106757 -0.00180757
116 -0.0992988 -0.00502233
116.5 -0.0834177 -0.00834147
117 -0.0682165 -0.0116666
117.5 -0.0610567 -0.0148448
118 -0.0629859 -0.0175762
118.5 -0.0676239 -0.0193916
119 -0.064508 -0.0197695
119.5 -0.0452119 -0.0183822
120 -0.00871394 -0.0153571
120.5 0.0372702 -0.0113884
121 0.0799873 -0.00758499
121.5 0.108367 -0.00507371
122 0.118863 -0.00452827
122.5 0.116955 -0.00586098
123 0.113373 -0.00825459
123.5 0.117254 -0.0105404
124 0.130268 -0.0117427
124.5 0.145216 -0.0115122
125 0.150009 -0.0102275
125.5 0.134835 -0.00871749
126 0.0984851 -0.00776387
126.5 0.0502861 -0.00765603
127 0.00645858 -0.00803471
127.5 -0.017324 -0.00809756
128 -0.0134855 -0.00704093
128.5 0.0134461 -0.00449144
129 0.048224 -0.000698876
129.5 0.0709626 0.0035959
130 0.0651933 0.00752489
130.5 0.0245072 0.0104797
131 -0.0448032 0.0123203
131.5 -0.125951 0.0133235
132 -0.197676 0.0139432
132.5 -0.241709 0.0145472
133 -0.248942 0.0152821
133.5 -0.222149 0.0161119
134 -0.174448 0.0169529
134.5 -0.124224 0.0177757
135 -0.0885103 0.0185891
135.5 -0.0773369 0.0193337
136 -0.091065 0.0198002
136.5 -0.121486 0.019678
137 -0.15592 0.0187384
137.5 -0.182404 0.0170231
138 -0.193768 0.0148677
138.5 -0.189111 0.012679
139 -0.172459 0.0105771
139.5 -0.14966 0.00816142
140 -0.125223 0.00464493
140.5 -0.100601 -0.0006126
141 -0.0745455 -0.00743676
141.5 -0.0451126 -0.0144767
142 -0.0121133 -0.0194938
142.5 0.0213062 -0.0202896
143 0.0488109 -0.0158408
143.5 0.0627874 -0.00700093
144 0.0572735 0.00370194
144.5 0.0307101 0.013156
145 -0.0126474 0.0191016
145.5 -0.0633492 0.0211303
146 -0.109347 0.0206833
146.5 -0.139754 0.0200482
147 -0.148451 0.0209249
147.5 -0.136191 0.0233755
148 -0.110312 0.0257338
148.5 -0.0820731 0.0254913
149 -0.0625592 0.020639
149.5 -0.0587243 0.0107358
150 -0.0711299 -0.00280561
150.5 -0.0942315 -0.0172641
151 -0.118985 -0.0296192
151.5 -0.136568 -0.0375247
152 -0.141612 -0.0399008
152.5 -0.133733 -0.0370735
153 -0.117009 -0.0305753
153.5 -0.0980305 -0.0227374
154 -0.083582 -0.0161179
154.5 -0.0788755 -0.0127834
155 -0.0866408 -0.0135658
155.5 -0.106839 -0.0175743
156 -0.136619 -0.022295
156.5 -0.170424 -0.0244191
157 -0.200576 -0.0211727
157.5 -0.218729 -0.0115762
158 -0.218175 0.00299983
158.5 -0.196269 0.0193126
159 -0.155804 0.0335558
159.5 -0.104381 0.0428492
160 -0.0517687 0.0461713
160.5 -0.00633784 0.0443242
161 0.0277182 0.0390752
161.5 0.0510228 0.0320563
162 0.0673102 0.0240731
162.5 0.0804619 0.0151579
163 0.0920184 0.0052075
163.5 0.100515 -0.00530324
164 0.102833 -0.0150543
164.5 0.0965652 -0.0222673
165 0.0818656 -0.0255323
165.5 0.0617083 -0.0245852
166 0.0405007 -0.0205783
166.5 0.0219823 -0.0156718
167 0.00766563 -0.0121432
167.5 -0.00336352 -0.0114474
168 -0.0133263 -0.013658
168.5 -0.0240784 -0.0175096
169 -0.0358617 -0.0209732
169.5 -0.0471117 -0.0220827
170 -0.055328 -0.0196663
170.5 -0.0584693 -0.0137261
171 -0.0561125 -0.00537702
171.5 -0.0497571 0.00357713
172 -0.0420557 0.011248
172.5 -0.0352494 0.0162344
173 -0.0295061 0.0179874
173.5 -0.0220373 0.0168726
174 -0.00766166 0.013934
174.5 0.0191015 0.0104554
175 0.0611145 0.00748528
175.5 0.116183 0.00550365
176 0.176421 0.00435699
176.5 0.230051 0.00347614
177 0.265108 0.00226382
177.5 0.273519 0.000452778
178 0.25373 -0.00175534
178.5 0.21076 -0.0038472
179 0.153806 -0.0053608
179.5 0.0927432 -0.00623356
180 0.0352383 -0.0069038
180.5 -0.0143454 -0.0080646
181 -0.0542282 -0.0101778
181.5 -0.0836444 -0.0130211
182 -0.10167 -0.015558
182.5 -0.107169 -0.0162574
183 -0.0996959 -0.0137421
183.5 -0.080532 -0.00744596
184 -0.0530459 0.00205714
184.5 -0.0220816 0.0132158
185 0.00725045 0.0240539
185.5 0.0307119 0.0328162
186 0.0455268 0.0383946
186.5 0.0504294 0.0403888
187 0.0455355 0.0388876
187.5 0.0323764 0.0341977
188 0.0140806 0.0267313
188.5 -0.0046801 0.0170968
189 -0.0184187 0.00626783
189.5 -0.0223199 -0.00436761
190 -0.0140248 -0.0132008
190.5 0.00510751 -0.018796
191 0.0299933 -0.0203098
191.5 0.0532787 -0.0177345
192 0.0677741 -0.0118613
192.5 0.0689227 -0.00399897
193 0.0563398 0.00441588
193.5 0.0338767 0.0121621
194 0.00827717 0.0184317
194.5 -0.0129941 0.0228546
195 -0.0239539 0.0253737
195.5 -0.0216522 0.026028
196 -0.006712 0.0247228
196.5 0.0171325 0.0210979
197 0.0442112 0.0146037
197.5 0.0683934 0.00483564
198 0.0844721 -0.00796092
198.5 0.089183 -0.0224525
199 0.0817348 -0.0361473
199.5 0.0638391 -0.0458936
200 0.0392897 -0.048884
200.5 0.0131507 -0.0438033
201 -0.00936027 -0.0315929
201.5 -0.0241278 -0.0154012
202 -0.0292375 0.000366465
202.5 -0.0255273 0.0115545
203 -0.016262 0.0156912
203.5 -0.00588262 0.0127396
204 0.00179134 0.00487525
204.5 0.00516292 -0.00454213
205 0.00546706 -0.0122912
205.5 0.00597482 -0.0163252
206 0.0100675 -0.0161637
206.5 0.0191049 -0.0126433
207 0.0312299 -0.00731508
207.5 0.0418509 -0.00184562
208 0.0456784 0.00236401
208.5 0.039325 0.00435429
209 0.0231024 0.00372395
209.5 0.00101924 0.000796223
210 -0.0210804 -0.00322142
210.5 -0.0383079 -0.00628721
211 -0.0490212 -0.00597931
211.5 -0.0554634 -0.000354032
212 -0.0624694 0.0110713
212.5 -0.0749419 0.0266741
213 -0.0953616 0.0428346
213.5 -0.122485 0.0549088
214 -0.151728 0.0587771
214.5 -0.176934 0.0523679
215 -0.192662 0.0365217
215.5 -0.196065 0.0148183
216 -0.18769 -0.00757385
216.5 -0.171037 -0.0255665
217 -0.151105 -0.0356949
217.5 -0.132486 -0.0369888
218 -0.117671 -0.0309367
218.5 -0.106206 -0.0206704
219 -0.0950988 -0.00976203
219.5 -0.0804187 -0.00108785
220 -0.0594881 0.00389217
220.5 -0.0326801 0.00529565
221 -0.0038596 0.0044775
221.5 0.0209357 0.00337525
222 0.0361076 0.00377306
222.5 0.0391863 0.00669766
223 0.0322217 0.0121034
223.5 0.0210842 0.0189258
224 0.0129407 0.0254881
224.5 0.0131334 0.0301404
225 0.0229938 0.0319176
225.5 0.0396076 0.0309701
226 0.0574998 0.028573
226.5 0.0712458 0.0266672
227 0.0776569 0.0270789
227.5 0.07659 0.0307158
228 0.0702752 0.0370748
228.5 0.0618144 0.0442866
229 0.0537623 0.0497031
229.5 0.0474064 0.0508088
230 0.0428011 0.0461063
230.5 0.0391945 0.0356479
231 0.0354359 0.0210421
231.5 0.0302133 0.00496872
232 0.0222594 -0.00959711
232.5 0.0107317 -0.0201893
233 -0.00423344 -0.0254551
233.5 -0.0210803 -0.025423
234 -0.0369041 -0.0213954
234.5 -0.0482287 -0.0155084
235 -0.0522722 -0.0100729
235.5 -0.0481277 -0.00686936
236 -0.0372433 -0.00661133
236.5 -0.0229117 -0.00877159
237 -0.00899325 -0.0118592
237.5 0.00150696 -0.0140644
238 0.00733765 -0.0140189
238.5 0.00901906 -0.011349
239 0.00810666 -0.00678167
239.5 0.00619291 -0.00176888
240 0.00419725 0.00217116
240.5 0.00224512 0.00407314
241 5.93094e-05 0.00382319
241.5 -0.00249012 0.00204227
242 -0.00506168 -0.000322778
242.5 -0.00693058 -0.00245089
243 -0.0073944 -0.00391604
243.5 -0.00621299 -0.00469058
244 -0.00380094 -0.00495992
244.5 -0.00105976 -0.00490901
245 0.0010464 -0.00461233
245.5 0.00193082 -0.00405825
246 0.00161105 -0.00324323
246.5 0.000627595 -0.00224195
247 -0.000271729 -0.00120051
247.5 -0.000500353 -0.000269273
248 0.000126977 0.000465242
248.5 0.00137336 0.0009989
249 0.00274946 0.00137327
249.5 0.00376199 0.00162014
250 0.00411559 0.00173202
250.5 0.003791 0.0016772
251 0.00299463 0.00144183
251.5 0.00203168 0.00106299
252 0.00117418 0.000627341
252.5 0.000577775 0.000237125
253 0.00026604 -3.26694e-05
253.5 0.000167899 -0.000160034
254 0.000176895 -0.000173881
254.5 0.000202229 -0.00013213
255 0.000194619 -9.62063e-05
255.5 0.000146068 -0.000113564
256 7.3967e-05 -0.000209678
256.5 2.99695e-06 -0.000384964
257 -4.60771e-05 -0.0006138
257.5 -5.93999e-05 -0.000847942
258 -2.95096e-05 -0.00102832
258.5 4.32069e-05 -0.00110472
259 0.000145889 -0.0010557
259.5 0.000249829 -0.000898247
260 0.000314863 -0.000680698
260.5 0.000304146 -0.000462065
261 0.00020408 -0.000288414
261.5 3.80176e-05 -0.000178228
262 -0.000136968 -0.000122713
262.5 -0.000252392 -9.84146e-05
263 -0.000260227 -8.37175e-05
263.5 -0.000157542 -7.04145e-05
264 1.04475e-05 -6.56401e-05
264.5 0.000171781 -8.48194e-05
265 0.000262586 -0.000140116
265.5 0.000256509 -0.000230124
266 0.000173071 -0.000335595
266.5 6.1479e-05 -0.000423518
267 -2.95875e-05 -0.000458541
267.5 -7.83281e-05 -0.000417322
268 -9.76441e-05 -0.000299498
268.5 -0.000121289 -0.000129837
269 -0.00017792 4.9986e-05
269.5 -0.000269142 0.000196412
270 -0.000364586 0.000278861
270.5 -0.000416649 0.000287914
271 -0.000386173 0.00023429
271.5 -0.00026443 0.00014105
272 -7.93825e-05 3.4215e-05
272.5 0.000116633 -6.38388e-05
273 0.000270426 -0.000137044
273.5 0.000349847 -0.000176033
274 0.000353159 -0.000178473
274.5 0.00030283 -0.000149855
275 0.000229358 -0.000103323
275.5 0.000155324 -5.67638e-05
276 8.81344e-05 -2.71245e-05
276.5 2.35596e-05 -2.41556e-05
277 -4.44522e-05 -4.67838e-05
277.5 -0.000115081 -8.40965e-05
278 -0.000178375 -0.000120416
278.5 -0.00021974 -0.000141838
279 -0.000227195 -0.000141203
279.5 -0.000196474 -0.000119722
280 -0.000131529 -8.53046e-05
280.5 -4.14757e-05 -4.89097e-05
281 6.29521e-05 -2.05421e-05
281.5 0.00017107 -6.13366e-06
282 0.000271992 -6.06511e-06
282.5 0.000354265 -1.56171e-05
283 0.000407161 -2.71175e-05
283.5 0.000423685 -3.29059e-05
284 0.000403553 -2.78002e-05
284.5 0.000353983 -9.95475e-06
285 0.000287411 2.00436e-05
285.5 0.000217183 6.08538e-05
286 0.000153439 0.000111355
286.5 0.000101033 0.000170068
287 5.9931e-05 0.000233522
287.5 2.71957e-05 0.000295103
288 -7.81473e-07 0.00034579
288.5 -2.66529e-05 0.00037689
289 -5.11905e-05 0.000383411
289.5 -7.28394e-05 0.00036609
290 -8.77423e-05 0.000330905
290.5 -9.0555e-05 0.000286444
291 -7.63074e-05 0.000240688
291.5 -4.29589e-05 0.000198887
292 6.42388e-06 0.000163192
292.5 6.31994e-05 0.000133569
293 0.00011517 0.000108974
293.5 0.000150687 8.8123e-05
294 0.000163239 6.98415e-05
294.5 0.000154358 5.33993e-05
295 0.000133159 3.89732e-05
295.5 0.000112277 2.79119e-05
296 0.000101724 2.22691e-05
296.5 0.000103537 2.3474e-05
297 0.000110091 3.0723e-05
297.5 0.000107496 4.01324e-05
298 8.29494e-05 4.54491e-05
298.5 3.26365e-05 4.02759e-05
299 -3.40441e-05 2.0858e-05
299.5 -9.66904e-05 -1.1928e-05
300 -0.000132176 -5.23959e-05
300.5 -0.000125363 -9.18455e-05
301 -7.70458e-05 -0.000121601
301.5 -4.9895e-06 -0.00013605
302 6.28356e-05 -0.000134474
302.5 9.99802e-05 -0.000120986
303 9.30367e-05 -0.000102604
303.5 4.79051e-05 -8.62814e-05
304 -1.19023e-05 -7.60851e-05
304.5 -5.42807e-05 -7.1742e-05
305 -5.13637e-05 -6.91518e-05
305.5 8.75138e-06 -6.26099e-05
306 0.000115895 -4.76848e-05
306.5 0.000239875 -2.34138e-05
307 0.000340327 7.14157e-06
307.5 0.000381011 3.81273e-05
308 0.000343287 6.32461e-05
308.5 0.000233451 7.81561e-05
309 8.08893e-05 8.19665e-05
309.5 -7.22828e-05 7.7341e-05
310 -0.000185789 6.92385e-05
310.5 -0.000234035 6.27341e-05
311 -0.000212432 6.06356e-05
311.5 -0.000135713 6.17798e-05
312 -3.03783e-05 6.08521e-05
312.5 7.46039e-05 5.018e-05
313 0.000155152 2.31491e-05
313.5 0.000195925 -2.20344e-05
314 0.000191316 -8.00481e-05
314.5 0.000145049 -0.000139092
315 6.92196e-05 -0.000184677
315.5 -1.7623e-05 -0.000205179
316 -9.41618e-05 -0.000196683
316.5 -0.000141763 -0.000164793
317 -0.000150161 -0.00012244
317.5 -0.000120914 -8.46382e-05
318 -6.67468e-05 -6.25836e-05
318.5 -6.81197e-06 -5.97032e-05
319 4.00223e-05 -7.12231e-05
319.5 6.079e-05 -8.70924e-05
320 5.07462e-05 -9.66317e-05
320.5 1.22018e-05 -9.27207e-05
321 -4.84183e-05 -7.38697e-05
321.5 -0.000123027 -4.37195e-05
322 -0.000202603 -8.72416e-06
322.5 -0.00027673 2.45909e-05
323 -0.00033372 5.1549e-05
323.5 -0.000362769 6.98943e-05
324 -0.000357986 7.93138e-05
324.5 -0.000322235 8.06529e-05
325 -0.000268029 7.54459e-05
325.5 -0.000213852 6.58648e-05
326 -0.000176866 5.46983e-05
326.5 -0.000165353 4.49014e-05
327 -0.000174944 3.86657e-05
327.5 -0.000190974 3.65172e-05
328 -0.000196023 3.71787e-05
328.5 -0.000178729 3.85461e-05
329 -0.00013911 3.93232e-05
329.5 -8.75411e-05 4.0226e-05
330 -3.81601e-05 4.3748e-05
330.5 -6.61679e-07 5.23625e-05
331 2.4693e-05 6.62001e-05
331.5 4.59726e-05 8.18343e-05
332 7.31061e-05 9.33212e-05
332.5 0.000109876 9.52481e-05
333 0.000149055 8.61313e-05
333.5 0.000173571 7.0029e-05
334 0.000163346 5.51226e-05
334.5 0.000104536 4.9784e-05
335 -3.15691e-06 5.81976e-05
335.5 -0.000144332 7.79598e-05
336 -0.000291724 0.000100994
336.5 -0.000414322 0.000117264
337 -0.000486555 0.000119262
337.5 -0.00049527 0.000104969
338 -0.000442305 7.79968e-05
338.5 -0.00034226 4.52342e-05
339 -0.000216835 1.35757e-05
339.5 -8.82119e-05 -1.24903e-05
340 2.5983e-05 -3.14452e-05
340.5 0.000114624 -4.36627e-05
341 0.000172108 -4.97621e-05
341.5 0.000196107 -4.95532e-05
342 0.000186111 -4.21436e-05
342.5 0.000143944 -2.6958e-05
343 7.56935e-05 -4.88192e-06
343.5 -6.88741e-06 2.1243e-05
344 -8.75096e-05 4.7086e-05
344.5 -0.000149576 6.79945e-05
345 -0.000181919 8.02614e-05
345.5 -0.000183051 8.19528e-05
346 -0.000161317 7.30909e-05
346.5 -0.000130407 5.53609e-05
347 -0.000102392 3.16527e-05
347.5 -8.19585e-05 5.62895e-06
348 -6.50227e-05 -1.87347e-05
348.5 -4.24246e-05 -3.78162e-05
349 -6.53527e-06 -4.92522e-05
349.5 4.30671e-05 -5.27902e-05
350 9.81159e-05 -5.05411e-05
350.5 0.000145172 -4.61953e-05
351 0.000172066 -4.3264e-05
351.5 0.000173584 -4.30648e-05
352 0.000153333 -4.35418e-05
352.5 0.000121058 -3.97784e-05
353 8.73707e-05 -2.62426e-05
353.5 5.91992e-05 1.85935e-07
354 3.85219e-05 3.79333e-05
354.5 2.46265e-05 8.04969e-05
355 1.77888e-05 0.000118589
355.5 2.13668e-05 0.00014377
356 4.04732e-05 0.000151897
356.5 7.78468e-05 0.000144766
357 0.000129676 0.000129218
357.5 0.000184498 0.000114208
358 0.000226603 0.000107237
358.5 0.000242604 0.000111702
359 0.00022778 0.000126156
359.5 0.000188706 0.000145467
360 0.000140661 0.000163081
360.5 0.000101131 0.000173287
361 8.27311e-05 0.000172648
361.5 8.88957e-05 0.000160337
362 0.000113977 0.000137633
362.5 0.00014696 0.000107078
363 0.000176426 7.17377e-05
363.5 0.000194324 3.47741e-05
364 0.000197348 -6.87431e-07
364.5 0.000186289 -3.15431e-05
365 0.000164626 -5.47375e-05
365.5 0.000137479 -6.75099e-05
366 0.000111195 -6.79687e-05
366.5 9.30071e-05 -5.59483e-05
367 8.99763e-05 -3.3848e-05
367.5 0.000106922 -6.93362e-06
368 0.000143927 1.74209e-05
368.5 0.000194666 3.17086e-05
369 0.00024682 3.09785e-05
369.5 0.000285124 1.51218e-05
370 0.000296364 -1.04974e-05
370.5 0.000274522 -3.67322e-05
371 0.000223828 -5.42028e-05
371.5 0.000158035 -5.7169e-05
372 9.57823e-05 -4.58285e-05
372.5 5.36981e-05 -2.58266e-05
373 4.01624e-05 -5.18385e-06
373.5 5.25286e-05 9.76102e-06
374 7.90916e-05 1.72657e-05
374.5 0.000104817 2.04794e-05
375 0.000118003 2.51102e-05
375.5 0.000114672 3.58739e-05
376 9.87595e-05 5.37021e-05
376.5 7.84615e-05 7.51207e-05
377 6.10315e-05 9.39289e-05
377.5 4.88979e-05 0.000104096
378 3.89457e-05 0.000102317
378.5 2.48854e-05 8.90754e-05
379 1.01922e-06 6.80008e-05
379.5 -3.47297e-05 4.41277e-05
380 -7.98451e-05 2.20186e-05
380.5 -0.000128259 4.48903e-06
381 -0.000172373 -7.79143e-06
381.5 -0.000204943 -1.59534e-05
382 -0.000220367 -2.21395e-05
382.5 -0.000215592 -2.85714e-05
383 -0.000191055 -3.67189e-05
383.5 -0.000151528 -4.68019e-05
384 -0.00010613 -5.78035e-05
384.5 -6.66254e-05 -6.80227e-05
385 -4.38711e-05 -7.59494e-05
385.5 -4.34977e-05 -8.10361e-05
386 -6.28384e-05 -8.39525e-05
386.5 -9.09725e-05 -8.61775e-05
387 -0.000112414 -8.91772e-05
387.5 -0.00011311 -9.36765e-05
388 -8.60955e-05 -9.94686e-05
388.5 -3.41684e-05 -0.000105832
389 3.15766e-05 -0.000112193
389.5 9.65042e-05 -0.000118471
390 0.000148099 -0.000124752
390.5 0.000179972 -0.000130443
391 0.000192766 -0.000133509
391.5 0.000192205 -0.000130532
392 0.000185759 -0.000117924
392.5 0.000179635 -9.39578e-05
393 0.000177129 -6.06288e-05
393.5 0.000178416 -2.42429e-05
394 0.000181235 5.93481e-06
394.5 0.000181907 2.07207e-05
395 0.000176485 1.45953e-05
395.5 0.000162055 -1.17387e-05
396 0.000138113 -5.10789e-05
396.5 0.000107578 -9.20325e-05
397 7.6719e-05 -0.000123053
397.5 5.35244e-05 -0.000136524
398 4.46823e-05 -0.000131137
398.5 5.21727e-05 -0.000111562
399 7.09903e-05 -8.56445e-05
399.5 8.93666e-05 -6.05082e-05
400 9.20296e-05 -3.9453e-05
400.5 6.57996e-05 -2.1094e-05
401 5.64435e-06 -1.07533e-06
401.5 -8.12781e-05 2.46166e-05
402 -0.000175706 5.6509e-05
402.5 -0.000251254 9.03187e-05
403 -0.000283092 0.000118129
403.5 -0.000257281 0.000131443
404 -0.000177044 0.000124568
404.5 -6.30456e-05 9.6716e-05
405 5.28233e-05 5.20358e-05
405.5 0.000137929 -2.0833e-06
406 0.000169475 -5.7256e-05
406.5 0.00014104 -0.000105732
407 6.2861e-05 -0.000140982
407.5 -4.34892e-05 -0.00015772
408 -0.000153101 -0.000152255
408.5 -0.000244914 -0.000123681
409 -0.000305765 -7.54766e-05
409.5 -0.000330993 -1.62914e-05
410 -0.000322897 4.1258e-05
410.5 -0.000288688 8.40372e-05
411 -0.000238817 0.000102958
411.5 -0.000185502 9.66062e-05
412 -0.00014077 7.20467e-05
412.5 -0.00011372 4.21632e-05
413 -0.000107673 2.05966e-05
413.5 -0.000118509 1.65107e-05
414 -0.000135414 3.14636e-05
414.5 -0.000144312 5.9578e-05
415 -0.000133 9.06299e-05
415.5 -9.61055e-05 0.000114446
416 -3.78662e-05 0.000124656
416.5 2.8545e-05 0.000120435
417 8.51472e-05 0.000105912
417.5 0.000115397 8.79211e-05
418 0.000110302 7.32746e-05
418.5 7.20463e-05 6.66382e-05
419 1.35668e-05 6.96493e-05
419.5 -4.59074e-05 8.12741e-05
420 -8.76746e-05 9.89121e-05
420.5 -9.99767e-05 0.000119542
421 -8.14054e-05 0.000140353
421.5 -4.00788e-05 0.000158733
422 1.06478e-05 0.000171957
422.5 5.76473e-05 0.00017719
423 9.21157e-05 0.000172193
423.5 0.000110848 0.000156616
424 0.000114978 0.000133098
424.5 0.00010774 0.000107248
425 9.28958e-05 8.60216e-05
425.5 7.44788e-05 7.49333e-05
426 5.72319e-05 7.54195e-05
426.5 4.65522e-05 8.38329e-05
427 4.72449e-05 9.28529e-05
427.5 6.15437e-05 9.48149e-05
428 8.7713e-05 8.53749e-05
428.5 0.000120406 6.56758e-05
429 0.000152838 4.19542e-05
429.5 0.000179537 2.28577e-05
430 0.000197935 1.58562e-05
430.5 0.000207794 2.44179e-05
431 0.00020898 4.70207e-05
431.5 0.00019937 7.80346e-05
432 0.000174729 0.000109708
432.5 0.000131158 0.000134287
433 6.88527e-05 0.000145655
433.5 -5.1701e-06 0.000140343
434 -7.74695e-05 0.000118045
434.5 -0.00013206 8.16704e-05
435 -0.000156137 3.68064e-05
435.5 -0.000144871 -9.52369e-06
436 -0.000102969 -5.06176e-05
436.5 -4.24103e-05 -8.18003e-05
437 2.22474e-05 -0.000101379
437.5 7.85822e-05 -0.000110448
438 0.000119002 -0.000111747
438.5 0.000140805 -0.00010826
439 0.000144492 -0.000102357
439.5 0.000131893 -9.57967e-05
440 0.000105293 -9.03151e-05
440.5 6.76893e-05 -8.80776e-05
441 2.34439e-05 -9.1403e-05
441.5 -2.16505e-05 -0.000101701
442 -6.12999e-05 -0.000118215
442.5 -9.02853e-05 -0.00013743
443 -0.000105855 -0.000153734
443.5 -0.000108225 -0.000161232
444 -0.000100067 -0.000155917
444.5 -8.53926e-05 -0.000137172
445 -6.84953e-05 -0.000107857
445.5 -5.33004e-05 -7.29963e-05
446 -4.30715e-05 -3.77687e-05
446.5 -4.01307e-05 -5.83752e-06
447 -4.5344e-05 2.11859e-05
447.5 -5.74923e-05 4.30312e-05
448 -7.29889e-05 5.94013e-05
448.5 -8.6435e-05 6.891e-05
449 -9.2145e-05 6.90969e-05
449.5 -8.62126e-05 5.76456e-05
450 -6.82594e-05 3.41854e-05
450.5 -4.19951e-05 1.62107e-06
451 -1.41789e-05 -3.39104e-05
451.5 7.70505e-06 -6.46761e-05
452 1.81124e-05 -8.39423e-05
452.5 1.53004e-05 -8.83352e-05
453 1.59599e-06 -7.8834e-05
453.5 -1.79731e-05 -5.99348e-05
454 -3.7954e-05 -3.74371e-05
454.5 -5.45254e-05 -1.59745e-05
455 -6.63884e-05 2.52929e-06
455.5 -7.42152e-05 1.8855e-05
456 -7.91599e-05 3.5145e-05
456.5 -8.14146e-05 5.30835e-05
457 -7.97036e-05 7.25953e-05
457.5 -7.2018e-05 9.1657e-05
458 -5.71437e-05 0.000107175
458.5 -3.60635e-05 0.00011636
459 -1.23592e-05 0.000117879
459.5 8.72025e-06 0.000112296
460 2.21567e-05 0.000101705
460.5 2.51578e-05 8.88157e-05
461 1.834e-05 7.59283e-05
461.5 5.58177e-06 6.41766e-05
462 -7.36668e-06 5.33099e-05
462.5 -1.49174e-05 4.20651e-05
463 -1.352e-05 2.89907e-05
463.5 -2.71616e-06 1.33969e-05
464 1.49102e-05 -3.98523e-06
464.5 3.47428e-05 -2.0987e-05
465 5.16506e-05 -3.47151e-05
465.5 6.14657e-05 -4.27218e-05
466 6.19816e-05 -4.4086e-05
466.5 5.32665e-05 -3.98548e-05
467 3.73373e-05 -3.26014e-05
467.5 1.7412e-05 -2.53177e-05
468 -2.98731e-06 -2.02075e-05
468.5 -2.08448e-05 -1.79674e-05
469 -3.42241e-05 -1.78371e-05
469.5 -4.25236e-05 -1.82581e-05
470 -4.63907e-05 -1.76938e-05
470.5 -4.7332e-05 -1.51785e-05
471 -4.71279e-05 -1.04386e-05
471.5 -4.72363e-05 -3.72651e-06
472 -4.83911e-05 4.36701e-06
472.5 -5.05303e-05 1.29739e-05
473 -5.30397e-05 2.0954e-05
473.5 -5.51498e-05 2.70339e-05
474 -5.62637e-05 3.01793e-05
474.5 -5.60678e-05 3.00775e-05
475 -5.44396e-05 2.7429e-05
475.5 -5.1299e-05 2.37895e-05
476 -4.65703e-05 2.09502e-05
476.5 -4.03084e-05 2.0144e-05
477 -3.28921e-05 2.15037e-05
477.5 -2.51051e-05 2.40701e-05
478 -1.79822e-05 2.63376e-05
478.5 -1.24511e-05 2.70235e-05
479 -8.95066e-06 2.56454e-05
479.5 -7.23712e-06 2.26317e-05
480 -6.49669e-06 1.89709e-05
480.5 -5.71482e-06 1.56459e-05
481 -4.11979e-06 1.31696e-05
481.5 -1.49306e-06 1.14326e-05
482 1.78071e-06 9.87853e-06
482.5 4.92027e-06 7.86695e-06
483 7.09889e-06 5.02668e-06
483.5 7.78509e-06 1.44956e-06
484 6.94301e-06 -2.33148e-06
484.5 5.03066e-06 -5.54676e-06
485 2.8143e-06 -7.48462e-06
485.5 1.0832e-06 -7.76276e-06
486 3.79869e-07 -6.47338e-06
486.5 8.4713e-07 -4.14535e-06
487 2.23742e-06 -1.53779e-06
487.5 4.05754e-06 6.46307e-07
488 5.76766e-06 1.99833e-06
488.5 6.94544e-06 2.48937e-06
489 7.36334e-06 2.37609e-06
489.5 6.98198e-06 1.99485e-06
490 5.89892e-06 1.56516e-06
490.5 4.29294e-06 1.1067e-06
491 2.38044e-06 4.98571e-07
491.5 3.79719e-07 -3.76224e-07
492 -1.52284e-06 -1.50114e-06
492.5 -3.1984e-06 -2.69134e-06
493 -4.58023e-06 -3.66864e-06
493.5 -5.64517e-06 -4.19477e-06
494 -6.38858e-06 -4.18361e-06
494.5 -6.8156e-06 -3.7332e-06
495 -6.95438e-06 -3.06854e-06
495.5 -6.87097e-06 -2.43319e-06
496 -6.65607e-06 -1.98793e-06
496.5 -6.37653e-06 -1.76167e-06
497 -6.02215e-06 -1.66803e-06
497.5 -5.49723e-06 -1.5686e-06
498 -4.6824e-06 -1.34691e-06
498.5 -3.5379e-06 -9.5892e-07
499 -2.17748e-06 -4.42916e-07
499.5 -8.50761e-07 1.07877e-07
500 1.68393e-07 5.90773e-07
