-1.998 -1.13775e-05 1.73341e-07
-1.996 -4.12196e-05 -1.32282e-06
-1.994 -8.15575e-05 -6.64345e-06
-1.992 -0.000123237 -1.62241e-05
-1.99 -0.000157395 -2.88171e-05
-1.988 -0.000177323 -4.23314e-05
-1.986 -0.000180425 -5.50892e-05
-1.984 -0.000169865 -6.69184e-05
-1.982 -0.000155354 -7.95205e-05
-1.98 -0.000152652 -9.57978e-05
-1.978 -0.000181555 -0.000118225
-1.976 -0.000262545 -0.000146755
-1.974 -0.000412646 -0.000177029
-1.972 -0.000641329 -0.000199662
-1.97 -0.000947342 -0.000201151
-1.968 -0.00131723 -0.000166483
-1.966 -0.00172606 -8.29836e-05
-1.964 -0.00214042 5.55134e-05
-1.962 -0.00252345 0.000245388
-1.96 -0.00284107 0.000472026
-1.958 -0.00306819 0.000711495
-1.956 -0.00319352 0.000935249
-1.954 -0.00322154 0.00111715
-1.952 -0.00317096 0.0012412
-1.95 -0.00306942 0.001308
-1.948 -0.00294543 0.00133753
-1.946 -0.00281922 0.00136716
-1.944 -0.00269431 0.00144423
-1.942 -0.00255207 0.00161469
-1.94 -0.00235056 0.0019102
-1.938 -0.00202884 0.00233681
-1.936 -0.00151667 0.00286835
-1.934 -0.000748942 0.0034468
-1.932 0.000317066 0.00399028
-1.93 0.00168438 0.00440774
-1.928 0.0033026 0.00461766
-1.926 0.00506124 0.00456674
-1.924 0.00679301 0.00424422
-1.922 0.0082881 0.00368772
-1.92 0.00931892 0.0029784
-1.918 0.00967252 0.00222539
-1.916 0.00918652 0.00154248
-1.914 0.00778366 0.00102217
-1.912 0.00549946 0.000713561
-1.91 0.00249799 0.000610033
-1.908 -0.000928099 0.000650459
-1.906 -0.00437598 0.000734644
-1.904 -0.00736922 0.000749992
-1.902 -0.00940982 0.00060351
-1.9 -0.01004 0.000251559
-1.898 -0.00890604 -0.000280276
-1.896 -0.005815 -0.000893092
-1.894 -0.000776453 -0.00142895
-1.892 0.00597907 -0.00170193
-1.89 0.0140093 -0.00153998
-1.888 0.0226991 -0.000828618
-1.886 0.0313257 0.000454115
-1.884 0.0391448 0.00222067
-1.882 0.0454851 0.00428099
-1.88 0.0498398 0.00637426
-1.878 0.0519405 0.00822028
-1.876 0.0518017 0.00957989
-1.874 0.049729 0.0103112
-1.872 0.0462858 0.0104078
-1.87 0.042223 0.0100095
-1.868 0.0383781 0.00937924
-1.866 0.0355571 0.00885073
-1.864 0.0344162 0.00875508
-1.862 0.0353598 0.00934179
-1.86 0.038473 0.010712
-1.858 0.0434967 0.0127797
-1.856 0.0498535 0.015273
-1.854 0.0567164 0.0177765
-1.852 0.0631143 0.0198102
-1.85 0.0680568 0.0209284
-1.848 0.0706637 0.0208183
-1.846 0.0702797 0.0193763
-1.844 0.0665624 0.0167436
-1.842 0.0595298 0.0132897
-1.84 0.049565 0.00954578
-1.838 0.0373758 0.0060975
-1.836 0.0239197 0.00346066
-1.834 0.010305 0.0019651
-1.832 -0.00231545 0.00167459
-1.83 -0.012846 0.00236337
-1.828 -0.0203351 0.0035584
-1.826 -0.0240434 0.0046411
-1.824 -0.0234911 0.00498834
-1.822 -0.0184849 0.00412182
-1.82 -0.00912513 0.00183214
-1.818 0.00420387 -0.0017522
-1.816 0.0208551 -0.0061688
-1.814 0.0399489 -0.0107013
-1.812 0.0604088 -0.0145217
-1.81 0.0810041 -0.0168666
-1.808 0.100406 -0.0172128
-1.806 0.117261 -0.0154114
-1.804 0.130286 -0.0117505
-1.802 0.138381 -0.00692734
-1.8 0.140749 -0.00192803
-1.798 0.137003 0.00216307
-1.796 0.127238 0.00438889
-1.794 0.112058 0.00413153
-1.792 0.0925369 0.0012631
-1.79 0.0701345 -0.00380101
-1.788 0.0465522 -0.0101627
-1.786 0.0235598 -0.0166075
-1.784 0.00280493 -0.0218461
-1.782 -0.0143669 -0.0247825
-1.78 -0.0270556 -0.0247548
-1.778 -0.0348879 -0.0216964
-1.776 -0.0380199 -0.0161796
-1.774 -0.0370622 -0.00932585
-1.772 -0.03294 -0.00259561
-1.77 -0.0267161 0.00250517
-1.768 -0.0194093 0.00474125
-1.766 -0.0118395 0.00342137
-1.764 -0.00452166 -0.00143121
-1.762 0.00237831 -0.00905039
-1.76 0.00902731 -0.018051
-1.758 0.0158571 -0.0266831
-1.756 0.0234622 -0.0331681
-1.754 0.0324853 -0.0360509
-1.752 0.043511 -0.0344984
-1.75 0.0569867 -0.028484
-1.748 0.0731804 -0.0188163
-1.746 0.0921722 -0.0070006
-1.744 0.113867 0.00504602
-1.742 0.138009 0.0153718
-1.74 0.164179 0.0223844
-1.738 0.191766 0.0251781
-1.736 0.219922 0.0237242
-1.734 0.24751 0.0188818
-1.732 0.273061 0.0122259
-1.73 0.29479 0.00572713
-1.728 0.310669 0.0013494
-1.726 0.318584 0.00064721
-1.724 0.316578 0.00444397
-1.722 0.303162 0.0126548
-1.72 0.277662 0.0242885
-1.718 0.240526 0.0376296
-1.716 0.193536 0.0505649
-1.714 0.139848 0.0609938
-1.712 0.0838052 0.0672394
-1.71 0.0305245 0.06838
-1.708 -0.0147094 0.0644304
-1.706 -0.047158 0.0563355
-1.704 -0.063345 0.0457763
-1.702 -0.0616562 0.0348276
-1.7 -0.0427156 0.0255396
-1.698 -0.00945937 0.0195318
-1.696 0.0331324 0.017684
-1.694 0.0786336 0.0199869
-1.692 0.120034 0.0255824
-1.69 0.150752 0.0329789
-1.688 0.165635 0.0403901
-1.686 0.161796 0.0461198
-1.684 0.139115 0.0489089
-1.682 0.100322 0.0481743
-1.68 0.0506171 0.0440971
-1.678 -0.00311354 0.0375496
-1.676 -0.0533615 0.029882
-1.674 -0.0931623 0.022616
-1.672 -0.117168 0.0171089
-1.67 -0.122445 0.0142564
-1.668 -0.108878 0.0143022
-1.666 -0.0791036 0.0167975
-1.664 -0.037999 0.0207242
-1.662 0.00819202 0.0247549
-1.66 0.0529406 0.0275846
-1.658 0.0905319 0.0282487
-1.656 0.116982 0.026348
-1.654 0.13061 0.0221263
-1.652 0.132159 0.0163898
-1.65 0.124469 0.0102955
-1.648 0.111766 0.00506536
-1.646 0.098722 0.00169271
-1.644 0.0894793 0.000704178
-1.642 0.0868116 0.00202662
-1.64 0.0915966 0.00498772
-1.638 0.102685 0.00845509
-1.636 0.117198 0.0110905
-1.634 0.13119 0.0116678
-1.632 0.140556 0.00938096
-1.63 0.141992 0.00406393
-1.628 0.133819 -0.00373971
-1.626 0.11647 -0.0128821
-1.624 0.0925565 -0.0218699
-1.622 0.0664656 -0.0292139
-1.62 0.0435738 -0.0337824
-1.618 0.0292307 -0.035071
-1.616 0.0277081 -0.0333274
-1.614 0.0413199 -0.0295012
-1.612 0.0698781 -0.0250325
-1.61 0.110594 -0.0215208
-1.608 0.158446 -0.0203442
-1.606 0.206972 -0.0223057
-1.604 0.249342 -0.0273929
-1.602 0.279534 -0.0347172
-1.6 0.293394 -0.0426665
-1.598 0.28938 -0.0492582
-1.596 0.268848 -0.0526189
-1.594 0.235814 -0.0514839
-1.592 0.196246 -0.0455885
-1.59 0.156989 -0.0358464
-1.588 0.124546 -0.024258
-1.586 0.103908 -0.0135568
-1.584 0.0976637 -0.00666041
-1.582 0.105526 -0.00604043
-1.58 0.12438 -0.0131405
-1.578 0.148828 -0.0279647
-1.576 0.172147 -0.048931
-1.574 0.187487 -0.0730368
-1.572 0.189081 -0.0963305
-1.57 0.173261 -0.114622
-1.568 0.139109 -0.124303
-1.566 0.08863 -0.123123
-1.564 0.0264496 -0.110736
-1.562 -0.0409005 -0.0888925
-1.56 -0.105988 -0.0612008
-1.558 -0.161609 -0.0324962
-1.556 -0.201869 -0.00792654
-1.554 -0.223048 0.00805846
-1.552 -0.224117 0.0126128
-1.55 -0.206814 0.00510931
-1.548 -0.175295 -0.012661
-1.546 -0.135417 -0.0367525
-1.544 -0.0938194 -0.0617512
-1.542 -0.0569748 -0.0817666
-1.54 -0.0303564 -0.0915535
-1.538 -0.0178338 -0.0875538
-1.536 -0.0213378 -0.0686497
-1.534 -0.0407944 -0.0364636
-1.532 -0.0742987 0.00487957
-1.53 -0.118488 0.0494935
-1.528 -0.169055 0.090837
-1.526 -0.221337 0.12296
-1.524 -0.270872 0.141635
-1.522 -0.313866 0.145145
-1.52 -0.347478 0.134566
-1.518 -0.369939 0.113503
-1.516 -0.380542 0.0873325
-1.514 -0.37957 0.0620992
-1.512 -0.368223 0.0432943
-1.51 -0.348556 0.0347383
-1.508 -0.323388 0.0378013
-1.506 -0.29614 0.0511199
-1.504 -0.270569 0.0708829
-1.502 -0.250414 0.0916359
-1.5 -0.238988 0.107441
-1.498 -0.238788 0.113148
-1.496 -0.251152 0.105504
-1.494 -0.276005 0.0838752
-1.492 -0.31172 0.050414
-1.49 -0.355116 0.00966193
-1.488 -0.401655 -0.0323453
-1.486 -0.445856 -0.0692775
-1.484 -0.481942 -0.0957778
-1.482 -0.504642 -0.108548
-1.48 -0.510024 -0.107036
-1.478 -0.496187 -0.0935791
-1.476 -0.463687 -0.072968
-1.474 -0.415588 -0.0515018
-1.472 -0.357153 -0.0357158
-1.47 -0.295212 -0.031041
-1.468 -0.237318 -0.0406715
-1.466 -0.190769 -0.0648757
-1.464 -0.161627 -0.100895
-1.462 -0.153844 -0.143443
-1.46 -0.168595 -0.185711
-1.458 -0.203962 -0.22066
-1.456 -0.255014 -0.242362
-1.454 -0.314329 -0.247108
-1.452 -0.372894 -0.234086
-1.45 -0.42124 -0.205498
-1.448 -0.450639 -0.166099
-1.446 -0.454193 -0.122265
-1.444 -0.427656 -0.0807658
-1.442 -0.36991 -0.0475062
-1.44 -0.283051 -0.0264783
-1.438 -0.172104 -0.0191299
-1.436 -0.0444341 -0.0242563
-1.434 0.0910387 -0.0384059
-1.432 0.224696 -0.0566896
-1.43 0.347024 -0.0738081
-1.428 0.449277 -0.0850827
-1.426 0.523956 -0.0872893
-1.424 0.565103 -0.0791395
-1.422 0.568451 -0.0613343
-1.42 0.531485 -0.0362046
-1.418 0.453492 -0.00704495
-1.416 0.335632 0.0226895
-1.414 0.181062 0.0501244
-1.412 -0.00489544 0.0734724
-1.41 -0.214614 0.0921961
-1.408 -0.438106 0.106819
-1.406 -0.663162 0.118468
-1.404 -0.875798 0.1283
-1.402 -1.06106 0.136978
-1.4 -1.20422 0.144337
-1.398 -1.29224 0.149323
-1.396 -1.31542 0.150219
-1.394 -1.2688 0.145105
-1.392 -1.1534 0.132444
-1.39 -0.976629 0.11165
-1.388 -0.752118 0.0834928
-1.386 -0.498644 0.0501994
-1.384 -0.238328 0.0151939
-1.382 0.00574834 -0.0175079
-1.38 0.212229 -0.0441314
-1.378 0.36409 -0.0620112
-1.376 0.450799 -0.070273
-1.374 0.469692 -0.0701465
-1.372 0.426311 -0.0648135
-1.37 0.333631 -0.0588054
-1.368 0.210233 -0.0570673
-1.366 0.0776701 -0.0638767
-1.364 -0.0426294 -0.081833
-1.362 -0.132458 -0.111133
-1.36 -0.179447 -0.1493
-1.358 -0.178795 -0.191451
-1.356 -0.133815 -0.231099
-1.354 -0.0552277 -0.261341
-1.352 0.0406893 -0.276203
-1.35 0.134759 -0.271872
-1.348 0.20793 -0.247515
-1.346 0.244177 -0.205515
-1.344 0.23281 -0.151055
-1.342 0.169865 -0.0911306
-1.34 0.0583909 -0.0331964
-1.338 -0.0923789 0.016285
-1.336 -0.268801 0.0530986
-1.334 -0.455225 0.076086
-1.332 -0.636595 0.087328
-1.33 -0.800781 0.0916368
-1.328 -0.940216 0.0954366
-1.326 -1.05254 0.105253
-1.324 -1.14019 0.126135
-1.322 -1.20907 0.16037
-1.32 -1.26657 0.206789
-1.318 -1.31952 0.260821
-1.316 -1.37229 0.315311
-1.314 -1.4255 0.361909
-1.312 -1.47559 0.392744
-1.31 -1.51528 0.402046
-1.308 -1.53485 0.387387
-1.306 -1.52414 0.35029
-1.304 -1.47473 0.296091
-1.302 -1.38211 0.233019
-1.3 -1.24716 0.170663
-1.298 -1.07675 0.118108
-1.296 -0.883291 0.0821192
-1.294 -0.683257 0.0657742
-1.292 -0.495011 0.0678598
-1.29 -0.336305 0.0831664
-1.288 -0.221881 0.103616
-1.286 -0.161511 0.119966
-1.284 -0.158751 0.123727
-1.282 -0.210574 0.108896
-1.28 -0.307918 0.0731974
-1.278 -0.437086 0.0186155
-1.276 -0.581759 -0.0488733
-1.274 -0.725283 -0.120319
-1.272 -0.85279 -0.185401
-1.27 -0.952793 -0.234332
-1.268 -1.01799 -0.259697
-1.266 -1.04526 -0.257842
-1.264 -1.03502 -0.229546
-1.262 -0.99021 -0.179826
-1.26 -0.915268 -0.116942
-1.258 -0.815281 -0.0508437
-1.256 -0.695435 0.00861143
-1.254 -0.560793 0.0533066
-1.252 -0.416356 0.0780975
-1.25 -0.267322 0.0814453
-1.248 -0.119447 0.0653916
-1.246 0.0206636 0.0349246
-1.244 0.145536 -0.00311434
-1.242 0.247255 -0.0413616
-1.24 0.318405 -0.0732356
-1.238 0.353413 -0.093965
-1.236 0.350026 -0.101169
-1.234 0.310515 -0.0949264
-1.232 0.242244 -0.077401
-1.23 0.157379 -0.0521523
-1.228 0.0716816 -0.0233327
-1.226 0.00257088 0.00506051
-1.224 -0.0332631 0.0297422
-1.222 -0.0223259 0.0484397
-1.22 0.0435069 0.0599358
-1.218 0.165449 0.063916
-1.216 0.337191 0.0607211
-1.214 0.545397 0.051123
-1.212 0.771356 0.0362186
-1.21 0.993589 0.0174767
-1.208 1.19102 -0.0031172
-1.206 1.34614 -0.0229383
-1.204 1.4476 -0.0387625
-1.202 1.49171 -0.0470524
-1.2 1.48264 -0.0444772
-1.198 1.43122 -0.0285612
-1.196 1.35276 0.00169965
-1.194 1.26412 0.0454079
-1.192 1.18073 0.0996346
-1.19 1.11386 0.159641
-1.188 1.06888 0.219444
-1.186 1.04464 0.272677
-1.184 1.03417 0.313633
-1.182 1.0266 0.338317
-1.18 1.01 0.345307
-1.178 0.974421 0.33616
-1.176 0.914692 0.31521
-1.174 0.832161 0.288695
-1.172 0.735124 0.263358
-1.17 0.63773 0.244831
-1.168 0.557557 0.23618
-1.166 0.512309 0.23699
-1.164 0.516235 0.24322
-1.162 0.576964 0.247895
-1.16 0.693372 0.242512
-1.158 0.854959 0.218906
-1.156 1.04295 0.171222
-1.154 1.23308 0.0975817
-1.152 1.39952 0.00109471
-1.15 1.51953 -0.110082
-1.148 1.57763 -0.223752
-1.146 1.56885 -0.325665
-1.144 1.50015 -0.402164
-1.142 1.38979 -0.442974
-1.14 1.2646 -0.443511
-1.138 1.15563 -0.40618
-1.136 1.09271 -0.340283
-1.134 1.09908 -0.260509
-1.132 1.18663 -0.184252
-1.13 1.35302 -0.128263
-1.128 1.58083 -0.105263
-1.126 1.83924 -0.121209
-1.124 2.08787 -0.173754
-1.122 2.28228 -0.252303
-1.12 2.38018 -0.339712
-1.118 2.34757 -0.415389
-1.116 2.16375 -0.459249
-1.114 1.82445 -0.455769
-1.112 1.34279 -0.397319
-1.11 0.747602 -0.286053
-1.108 0.0797886 -0.133929
-1.106 -0.613061 0.0392292
-1.104 -1.28266 0.209231
-1.102 -1.88573 0.351926
-1.1 -2.38849 0.447625
-1.098 -2.76925 0.484676
-1.096 -3.01894 0.461509
-1.094 -3.13969 0.386762
-1.092 -3.1421 0.277472
-1.09 -3.04179 0.155692
-1.088 -2.85608 0.044188
-1.086 -2.60124 -0.0379355
-1.084 -2.29094 -0.0788268
-1.082 -1.93582 -0.0759547
-1.08 -1.54441 -0.0362382
-1.078 -1.12488 0.0257784
-1.076 -0.687403 0.0912965
-1.074 -0.24619 0.141437
-1.072 0.179198 0.161315
-1.07 0.563976 0.14314
-1.068 0.879811 0.0877179
-1.066 1.09792 0.00406092
-1.064 1.19307 -0.0927562
-1.062 1.14771 -0.184986
-1.06 0.955478 -0.256095
-1.058 0.623551 -0.294299
-1.056 0.173236 -0.295011
-1.054 -0.361201 -0.261676
-1.052 -0.935493 -0.20484
-1.05 -1.49982 -0.139639
-1.048 -2.00417 -0.082273
-1.046 -2.40401 -0.046255
-1.044 -2.66523 -0.0392655
-1.042 -2.76781 -0.0613438
-1.04 -2.70758 -0.104828
-1.038 -2.49584 -0.156065
-1.036 -2.15721 -0.198511
-1.034 -1.72607 -0.216534
-1.032 -1.24237 -0.199065
-1.03 -0.747175 -0.142316
-1.028 -0.278761 -0.0509438
-1.026 0.13072 0.0626008
-1.024 0.457571 0.180422
-1.022 0.687863 0.28276
-1.02 0.817663 0.352038
-1.018 0.85231 0.376536
-1.016 0.80497 0.352877
-1.014 0.694834 0.28677
-1.012 0.545272 0.191843
-1.01 0.382156 0.0868027
-1.008 0.23236 -0.00846593
-1.006 0.122288 -0.0769869
-1.004 0.0762604 -0.108083
-1.002 0.114645 -0.0993423
-1 0.251833 -0.0567547
-0.998 0.494283 0.00695787
-0.996 0.838989 0.075427
-0.994 1.27268 0.132426
-0.992 1.77197 0.165526
-0.99 2.30452 0.168821
-0.988 2.8313 0.144145
-0.986 3.30976 0.100519
-0.984 3.69785 0.0519376
-0.982 3.95852 0.0139852
-0.98 4.06427 3.0868e-05
-0.978 4.00094 0.0178665
-0.976 3.77026 0.0675873
-0.974 3.39034 0.141238
-0.972 2.89412 0.224351
-0.97 2.32569 0.29907
-0.968 1.73505 0.348156
-0.966 1.17209 0.358983
-0.964 0.680628 0.326599
-0.962 0.293371 0.255144
-0.96 0.0283896 0.157272
-0.958 -0.112357 0.0516713
-0.956 -0.14232 -0.0408223
-0.954 -0.0875699 -0.1017
-0.952 0.0177139 -0.118886
-0.95 0.136832 -0.0895692
-0.948 0.236405 -0.0211526
-0.946 0.291573 0.0699465
-0.944 0.289732 0.161413
-0.942 0.232223 0.22947
-0.94 0.133668 0.253728
-0.938 0.0190671 0.221464
-0.936 -0.0808997 0.130426
-0.934 -0.135601 -0.0104406
-0.932 -0.120255 -0.182536
-0.93 -0.0208155 -0.361117
-0.928 0.162889 -0.520077
-0.926 0.416288 -0.636983
-0.924 0.711602 -0.697321
-0.922 1.0115 -0.697053
-0.92 1.27428 -0.642997
-0.918 1.45981 -0.550991
-0.916 1.53527 -0.442304
-0.914 1.47994 -0.339074
-0.912 1.28832 -0.259738
-0.91 0.971115 -0.215384
-0.908 0.55407 -0.207764
-0.906 0.0746409 -0.229324
-0.904 -0.422814 -0.265227
-0.902 -0.892671 -0.296922
-0.9 -1.29358 -0.306456
-0.898 -1.59308 -0.280618
-0.896 -1.77054 -0.21397
-0.894 -1.81823 -0.110122
-0.892 -1.74045 0.0190226
-0.89 -1.551 0.155865
-0.888 -1.26981 0.280925
-0.886 -0.919197 0.377008
-0.884 -0.520543 0.432808
-0.882 -0.0919977 0.445163
-0.88 0.35247 0.419528
-0.878 0.802568 0.368571
-0.876 1.24994 0.309241
-0.874 1.68572 0.258932
-0.872 2.09814 0.231573
-0.87 2.47083 0.234493
-0.868 2.78249 0.266747
-0.866 3.00809 0.319266
-0.864 3.1216 0.376824
-0.862 3.09976 0.421383
-0.86 2.92633 0.436064
-0.858 2.59612 0.408849
-0.856 2.11789 0.335232
-0.854 1.51559 0.219249
-0.852 0.827318 0.0727434
-0.85 0.102008 -0.086949
-0.848 -0.606025 -0.240364
-0.846 -1.24386 -0.369627
-0.844 -1.76697 -0.461766
-0.842 -2.14528 -0.510943
-0.84 -2.36712 -0.519193
-0.838 -2.44036 -0.495525
-0.836 -2.3906 -0.453636
-0.834 -2.25663 -0.408748
-0.832 -2.08394 -0.374306
-0.83 -1.91711 -0.359267
-0.828 -1.79252 -0.366552
-0.826 -1.73229 -0.39293
-0.824 -1.74061 -0.430254
-0.822 -1.80322 -0.467699
-0.82 -1.89019 -0.494428
-0.818 -1.96173 -0.502102
-0.816 -1.97591 -0.48669
-0.814 -1.89705 -0.449202
-0.812 -1.70311 -0.395225
-0.81 -1.39096 -0.333376
-0.808 -0.978563 -0.273049
-0.806 -0.503716 -0.222003
-0.804 -0.0196161 -0.184416
-0.802 0.41223 -0.159905
-0.8 0.730732 -0.143786
-0.798 0.884363 -0.1285
-0.796 0.839352 -0.10582
-0.794 0.585588 -0.0692664
-0.792 0.139223 -0.0161199
-0.79 -0.458568 0.0514507
-0.788 -1.14649 0.126432
-0.786 -1.85091 0.198189
-0.784 -2.49529 0.254627
-0.782 -3.00974 0.284821
-0.78 -3.33937 0.281557
-0.778 -3.45038 0.243199
-0.776 -3.33321 0.174445
-0.774 -3.00253 0.0857286
-0.772 -2.49429 -0.00864961
-0.77 -1.86038 -0.0933113
-0.768 -1.16159 -0.154908
-0.766 -0.460147 -0.184859
-0.764 0.187455 -0.181114
-0.762 0.736061 -0.148556
-0.76 1.15544 -0.0979594
-0.758 1.43147 -0.0437022
-0.756 1.56519 -0.00071862
-0.754 1.5701 0.0186883
-0.752 1.46857 0.00748933
-0.75 1.28785 -0.0345461
-0.748 1.05643 -0.10078
-0.746 0.801002 -0.179117
-0.744 0.544367 -0.254587
-0.742 0.304234 -0.312549
-0.74 0.0929727 -0.341814
-0.738 -0.081919 -0.337022
-0.736 -0.216878 -0.299793
-0.734 -0.311173 -0.238408
-0.732 -0.365917 -0.166102
-0.73 -0.383402 -0.0983148
-0.728 -0.366805 -0.0494306
-0.726 -0.320208 -0.0296813
-0.724 -0.24878 -0.042845
-0.722 -0.158928 -0.0852574
-0.72 -0.0582564 -0.146382
-0.718 0.0447478 -0.210849
-0.716 0.141324 -0.261549
-0.714 0.223269 -0.283119
-0.712 0.283906 -0.265109
-0.71 0.319087 -0.204191
-0.708 0.328102 -0.105001
-0.706 0.31434 0.0205292
-0.704 0.285493 0.155206
-0.702 0.253157 0.279597
-0.7 0.231742 0.375508
-0.698 0.236798 0.429295
-0.696 0.282959 0.434396
-0.694 0.381823 0.392606
-0.692 0.540057 0.31382
-0.69 0.757963 0.214261
-0.688 1.0287 0.113544
-0.686 1.33822 0.0311456
-0.684 1.66612 -0.0170424
-0.682 1.98721 -0.0214259
-0.68 2.27407 0.0197444
-0.678 2.50007 0.100208
-0.676 2.6428 0.206865
-0.674 2.68708 0.322021
-0.672 2.62731 0.42631
-0.67 2.46842 0.501823
-0.668 2.22544 0.534962
-0.666 1.92166 0.518584
-0.664 1.58558 0.453102
-0.662 1.24732 0.346361
-0.66 0.934719 0.212325
-0.658 0.669829 0.0687994
-0.656 0.466082 -0.0654058
-0.654 0.32671 -0.17341
-0.652 0.244676 -0.242814
-0.65 0.204297 -0.267508
-0.648 0.184403 -0.248485
-0.646 0.16252 -0.193559
-0.644 0.119338 -0.116064
-0.642 0.0425699 -0.0327051
-0.64 -0.0705153 0.0391259
-0.638 -0.212375 0.084164
-0.636 -0.366376 0.0917756
-0.634 -0.509644 0.0577257
-0.632 -0.617077 -0.0151132
-0.63 -0.665875 -0.117256
-0.628 -0.639878 -0.234233
-0.626 -0.532992 -0.349083
-0.624 -0.351075 -0.44526
-0.622 -0.11186 -0.509485
-0.62 0.157257 -0.534024
-0.618 0.423292 -0.518035
-0.616 0.652997 -0.467716
-0.614 0.818501 -0.395222
-0.612 0.902229 -0.316488
-0.61 0.900202 -0.248307
-0.608 0.823102 -0.20514
-0.606 0.694913 -0.196254
-0.604 0.54934 -0.223754
-0.602 0.424562 -0.281958
-0.6 0.357128 -0.358311
-0.598 0.375969 -0.435714
-0.596 0.497518 -0.495815
-0.594 0.722724 -0.522609
-0.592 1.03647 -0.505642
-0.59 1.40945 -0.442165
-0.588 1.80224 -0.337841
-0.586 2.17076 -0.205844
-0.584 2.47235 -0.0645026
-0.582 2.67135 0.0660884
-0.58 2.74346 0.167864
-0.578 2.67821 0.228277
-0.576 2.47946 0.242783
-0.574 2.16385 0.215804
-0.572 1.75754 0.159897
-0.57 1.29204 0.0932592
-0.568 0.799663 0.0360449
-0.566 0.309586 0.0062376
-0.564 -0.154815 0.0159585
-0.562 -0.577027 0.0689789
-0.56 -0.94681 0.159948
-0.558 -1.25831 0.275479
-0.556 -1.50749 0.396829
-0.554 -1.68954 0.503606
-0.552 -1.79694 0.577716
-0.55 -1.81875 0.606756
-0.548 -1.7412 0.586191
-0.546 -1.54969 0.519914
-0.544 -1.23179 0.419105
-0.542 -0.780804 0.29969
-0.54 -0.199244 0.178956
-0.538 0.498581 0.0720451
-0.536 1.28541 -0.0109176
-0.534 2.12175 -0.0664518
-0.532 2.95861 -0.0977597
-0.53 3.74177 -0.113172
-0.528 4.41723 -0.123402
-0.526 4.93687 -0.138305
-0.524 5.26346 -0.163993
-0.522 5.37459 -0.201047
-0.52 5.26473 -0.244264
-0.518 4.94541 -0.284029
-0.516 4.44352 -0.30894
-0.514 3.79801 -0.30904
-0.512 3.05542 -0.278825
-0.51 2.26496 -0.21926
-0.508 1.47381 -0.138244
-0.506 0.723245 -0.0493421
-0.504 0.0461849 0.0310006
-0.502 -0.533706 0.0872238
-0.5 -1.00148 0.108579
-0.498 -1.34933 0.0923039
-0.496 -1.57463 0.0452109
-0.494 -1.67808 -0.0168601
-0.492 -1.66246 -0.0717823
-0.49 -1.53213 -0.0956292
-0.488 -1.29336 -0.0680027
-0.486 -0.955165 0.0229541
-0.484 -0.530695 0.177022
-0.482 -0.038579 0.380747
-0.48 0.496012 0.609066
-0.478 1.04112 0.829545
-0.476 1.55899 1.00845
-0.474 2.00845 1.11749
-0.472 2.34869 1.13982
-0.47 2.54381 1.07403
-0.468 2.56766 0.93516
-0.466 2.40803 0.752308
-0.464 2.06948 0.563223
-0.462 1.57439 0.406886
-0.46 0.961791 0.315581
-0.458 0.284104 0.308128
-0.456 -0.398139 0.385726
-0.454 -1.02295 0.531344
-0.452 -1.53425 0.712885
-0.45 -1.88886 0.889559
-0.448 -2.06218 1.02021
-0.446 -2.05147 1.07194
-0.444 -1.87634 1.02722
-0.442 -1.57619 0.888028
-0.44 -1.2051 0.676094
-0.438 -0.824938 0.429031
-0.436 -0.497467 0.193074
-0.434 -0.276581 0.013784
-0.432 -0.201556 -0.0734129
-0.43 -0.292193 -0.0508773
-0.428 -0.546485 0.0770583
-0.426 -0.941202 0.284359
-0.424 -1.43534 0.528074
-0.422 -1.97591 0.756739
-0.42 -2.50531 0.9207
-0.418 -2.96896 0.982222
-0.416 -3.32234 0.923321
-0.414 -3.53632 0.749719
-0.412 -3.60029 0.490129
-0.41 -3.52254 0.191
-0.408 -3.32819 -0.0922787
-0.406 -3.05459 -0.306053
-0.404 -2.74514 -0.408895
-0.402 -2.44233 -0.379879
-0.4 -2.18108 -0.222956
-0.398 -1.98363 0.0335102
-0.396 -1.85658 0.34205
-0.394 -1.79064 0.645241
-0.392 -1.76294 0.886875
-0.39 -1.7414 1.02286
-0.388 -1.69049 1.02967
-0.386 -1.57747 0.908662
-0.384 -1.37841 0.685476
-0.382 -1.08295 0.404859
-0.38 -0.697242 0.121906
-0.378 -0.244291 -0.108397
-0.376 0.23845 -0.241371
-0.374 0.704014 -0.250634
-0.372 1.10259 -0.132453
-0.37 1.38881 0.0943042
-0.368 1.52851 0.392493
-0.366 1.50381 0.714342
-0.364 1.31612 1.01082
-0.362 0.986439 1.24079
-0.36 0.553229 1.37814
-0.358 0.0678501 1.41554
-0.356 -0.411831 1.36427
-0.354 -0.829001 1.25041
-0.352 -1.13562 1.10826
-0.35 -1.29915 0.972799
-0.348 -1.30718 0.872439
-0.346 -1.16902 0.82387
-0.344 -0.914109 0.829661
-0.342 -0.587353 0.879017
-0.34 -0.242346 0.951269
-0.338 0.0663463 1.02115
-0.336 0.290653 1.06463
-0.334 0.395154 1.06405
-0.332 0.361135 1.01148
-0.33 0.188114 0.909787
-0.328 -0.107291 0.771248
-0.326 -0.49483 0.614176
-0.324 -0.935815 0.458362
-0.322 -1.38911 0.320458
-0.32 -1.81691 0.210378
-0.318 -2.18941 0.129551
-0.316 -2.48763 0.0713486
-0.314 -2.70407 0.0234482
-0.312 -2.84127 -0.028554
-0.31 -2.9087 -0.0972593
-0.308 -2.91874 -0.190253
-0.306 -2.88258 -0.308263
-0.304 -2.80706 -0.445006
-0.302 -2.69283 -0.588632
-0.3 -2.53452 -0.724345
-0.298 -2.32262 -0.837599
-0.296 -2.04683 -0.917164
-0.294 -1.7 -0.957398
-0.292 -1.28188 -0.959186
-0.29 -0.801769 -0.929312
-0.288 -0.279481 -0.878364
-0.286 0.255628 -0.817752
-0.284 0.767583 -0.75666
-0.282 1.21821 -0.69981
-0.28 1.57242 -0.646665
-0.278 1.80346 -0.592217
-0.276 1.89714 -0.529071
-0.274 1.85431 -0.45018
-0.272 1.69084 -0.351469
-0.27 1.43534 -0.233692
-0.268 1.12476 -0.103054
-0.266 0.798836 0.0295741
-0.264 0.494329 0.150746
-0.262 0.240084 0.247452
-0.26 0.0536613 0.310411
-0.258 -0.0599681 0.336877
-0.256 -0.107598 0.332162
-0.254 -0.105085 0.309335
-0.252 -0.0733515 0.28695
-0.25 -0.0338933 0.285187
-0.248 -0.00465061 0.321218
-0.246 0.00295484 0.404891
-0.244 -0.014711 0.535752
-0.242 -0.0540686 0.702157
-0.24 -0.106476 0.882733
-0.238 -0.161365 1.04995
-0.236 -0.209615 1.17515
-0.234 -0.246473 1.23409
-0.232 -0.273475 1.21188
-0.23 -0.299031 1.10637
-0.228 -0.337527 0.929195
-0.226 -0.407014 0.704164
-0.224 -0.525803 0.463236
-0.222 -0.708559 0.240762
-0.22 -0.962626 0.0671459
-0.218 -1.28539 -0.0367988
-0.216 -1.66325 -0.0636355
-0.214 -2.07248 -0.0204589
-0.212 -2.48178 0.0728018
-0.21 -2.85612 0.187561
-0.208 -3.16116 0.292371
-0.206 -3.36757 0.359181
-0.204 -3.45476 0.368819
-0.202 -3.4136 0.314616
-0.2 -3.24777 0.20347
-0.198 -2.97385 0.0541606
-0.196 -2.61985 -0.106677
-0.194 -2.22255 -0.250031
-0.192 -1.82371 -0.350263
-0.19 -1.46575 -0.389958
-0.188 -1.18726 -0.362932
-0.186 -1.01885 -0.274886
-0.184 -0.979623 -0.141689
-0.182 -1.07464 0.0142863
-0.18 -1.29347 0.168962
-0.178 -1.61019 0.301504
-0.176 -1.98498 0.39842
-0.174 -2.3673 0.455981
-0.172 -2.70073 0.480458
-0.17 -2.92883 0.486151
-0.168 -3.00166 0.491678
-0.166 -2.88219 0.515394
-0.164 -2.55179 0.57102
-0.162 -2.01415 0.664443
-0.16 -1.29688 0.792299
-0.158 -0.450174 0.942549
-0.156 0.457447 1.0968
-0.154 1.34632 1.23383
-0.152 2.13489 1.33363
-0.15 2.74992 1.38117
-0.148 3.13629 1.36914
-0.146 3.26482 1.29938
-0.144 3.137 1.18242
-0.142 2.78581 1.03555
-0.14 2.27239 0.879453
-0.138 1.67881 0.734399
-0.136 1.09795 0.616525
-0.134 0.621441 0.535197
-0.132 0.327668 0.49186
-0.13 0.271172 0.480545
-0.128 0.475255 0.489783
-0.126 0.928812 0.505422
-0.124 1.58787 0.513721
-0.122 2.38153 0.504074
-0.12 3.2214 0.470893
-0.118 4.01301 0.414364
-0.116 4.66772 0.340018
-0.114 5.11336 0.257328
-0.112 5.30259 0.177661
-0.11 5.21766 0.112056
-0.108 4.87129 0.0692818
-0.106 4.30357 0.0545398
-0.104 3.57549 0.0689672
-0.102 2.76018 0.109909
-0.1 1.93336 0.171774
-0.098 1.16439 0.247222
-0.096 0.5092 0.328431
-0.094 0.00562978 0.408227
-0.092 -0.32861 0.480856
-0.09 -0.495528 0.542305
-0.088 -0.514311 0.590143
-0.086 -0.417006 0.62299
-0.084 -0.242928 0.639859
-0.082 -0.0325107 0.639629
-0.08 0.178507 0.620862
-0.078 0.36364 0.582047
-0.076 0.50833 0.522172
-0.074 0.610558 0.441391
-0.072 0.679739 0.341514
-0.07 0.734499 0.226145
-0.068 0.799897 0.10041
-0.066 0.90436 -0.0296455
-0.064 1.07625 -0.157832
-0.062 1.33985 -0.278643
-0.06 1.71089 -0.387972
-0.058 2.19201 -0.483602
-0.056 2.76902 -0.565305
-0.054 3.40894 -0.634492
-0.052 4.06047 -0.693417
-0.05 4.65706 -0.744136
-0.048 5.12235 -0.787479
-0.046 5.37758 -0.822342
-0.044 5.35037 -0.845487
-0.042 4.98439 -0.851886
-0.04 4.24936 -0.835491
-0.038 3.15028 -0.790236
-0.036 1.73443 -0.711067
-0.034 0.0943933 -0.594873
-0.032 -1.63452 -0.441211
-0.03 -3.28321 -0.252722
-0.028 -4.66357 -0.0351513
-0.026 -5.58749 0.203125
-0.024 -5.88754 0.452054
-0.022 -5.43661 0.701201
-0.02 -4.16448 0.941089
-0.018 -2.06934 1.16427
-0.016 0.776552 1.36587
-0.014 4.22778 1.54358
-0.012 8.07357 1.69715
-0.01 12.0523 1.82759
-0.008 15.8723 1.93634
-0.006 19.2371 2.0246
-0.004 21.8744 2.09283
-0.002 23.5636 2.14052
0 24.1597 2.16627
0.002 23.6104 2.16789
0.004 21.9613 2.143
0.006 19.3516 2.08925
0.008 15.9983 2.00493
0.01 12.1733 1.88922
0.012 8.17537 1.74251
0.014 4.30176 1.56657
0.016 0.821435 1.36457
0.018 -2.04714 1.1412
0.02 -4.15217 0.902611
0.022 -5.41776 0.656265
0.024 -5.84553 0.410554
0.026 -5.50906 0.174113
0.028 -4.54152 -0.0450638
0.03 -3.11803 -0.240536
0.032 -1.43462 -0.408074
0.034 0.313695 -0.545883
0.036 1.95301 -0.654353
0.038 3.34617 -0.735451
0.04 4.40227 -0.791974
0.042 5.07917 -0.82685
0.044 5.37986 -0.84261
0.046 5.34412 -0.841065
0.048 5.03747 -0.823165
0.05 4.53943 -0.789024
0.052 3.93253 -0.738126
0.054 3.29296 -0.669738
0.056 2.68347 -0.583515
0.058 2.1488 -0.480179
0.06 1.71386 -0.362072
0.062 1.38441 -0.233359
0.064 1.15022 -0.0997542
0.066 0.989735 0.0321989
0.068 0.875592 0.156117
0.07 0.779837 0.266771
0.072 0.678257 0.360818
0.074 0.55344 0.437076
0.076 0.396642 0.496273
0.078 0.20867 0.540366
0.08 6.54008e-06 0.571614
0.082 -0.20984 0.591679
0.084 -0.393883 0.600983
0.086 -0.520272 0.598506
0.088 -0.555958 0.582107
0.09 -0.4711 0.549317
0.092 -0.24368 0.498424
0.094 0.136366 0.429578
0.096 0.664099 0.345642
0.098 1.31808 0.252554
0.1 2.06066 0.159084
0.102 2.8403 0.0759141
0.104 3.59566 0.0141195
0.106 4.26146 -0.0167812
0.108 4.77556 -0.0108342
0.11 5.08648 0.0327553
0.112 5.16048 0.10892
0.114 4.98706 0.207236
0.116 4.58191 0.313644
0.118 3.98657 0.413098
0.12 3.26456 0.492555
0.122 2.49433 0.543668
0.124 1.75992 0.564577
0.126 1.14051 0.560441
0.128 0.700413 0.542594
0.13 0.480878 0.526475
0.132 0.49478 0.528631
0.134 0.724972 0.563292
0.136 1.12646 0.639101
0.138 1.63218 0.75668
0.14 2.16157 0.907644
0.142 2.63089 1.07546
0.144 2.96388 1.23809
0.146 3.10134 1.37198
0.148 3.00827 1.45645
0.15 2.67767 1.47775
0.152 2.13054 1.43168
0.154 1.41218 1.32444
0.156 0.585699 1.1715
0.158 -0.276366 0.994729
0.16 -1.10081 0.81831
0.162 -1.82192 0.6642
0.164 -2.38809 0.547949
0.166 -2.76635 0.475717
0.168 -2.94465 0.443174
0.17 -2.93187 0.436641
0.172 -2.75561 0.436341
0.174 -2.45827 0.421112
0.176 -2.09179 0.373504
0.178 -1.71159 0.284092
0.18 -1.37064 0.15401
0.182 -1.11406 -0.00484651
0.184 -0.974935 -0.171969
0.186 -0.971555 -0.322253
0.188 -1.10624 -0.431067
0.19 -1.36566 -0.479392
0.192 -1.72262 -0.457992
0.194 -2.13901 -0.369776
0.196 -2.56992 -0.22976
0.198 -2.96845 -0.0625117
0.2 -3.29089 0.102515
0.202 -3.50173 0.236836
0.204 -3.57772 0.318762
0.206 -3.51042 0.337908
0.208 -3.30692 0.297409
0.21 -2.98862 0.213369
0.212 -2.58811 0.111664
0.214 -2.14472 0.0227843
0.216 -1.69924 -0.0242459
0.218 -1.28857 -0.0077136
0.22 -0.941116 0.0823118
0.222 -0.673626 0.241751
0.224 -0.489932 0.453005
0.226 -0.381842 0.688118
0.228 -0.331923 0.913966
0.23 -0.317603 1.09843
0.232 -0.315745 1.21622
0.234 -0.306853 1.25327
0.236 -0.278187 1.20878
0.238 -0.225331 1.09472
0.24 -0.152046 0.932968
0.242 -0.0684835 0.750777
0.244 0.011865 0.575508
0.246 0.0759034 0.429664
0.248 0.114589 0.327126
0.25 0.125738 0.2713
0.252 0.115341 0.255476
0.254 0.0970345 0.265255
0.256 0.0897931 0.282402
0.258 0.114256 0.289157
0.26 0.188421 0.271977
0.262 0.323524 0.223902
0.264 0.520889 0.14519
0.266 0.770341 0.0422779
0.268 1.05052 -0.0744729
0.27 1.33113 -0.193614
0.272 1.57684 -0.30534
0.274 1.75225 -0.403518
0.276 1.82701 -0.486592
0.278 1.7803 -0.557195
0.28 1.60373 -0.620574
0.282 1.30234 -0.682237
0.284 0.893566 -0.745469
0.286 0.404473 -0.809505
0.288 -0.132091 -0.868949
0.29 -0.68177 -0.914725
0.292 -1.2127 -0.936316
0.294 -1.69864 -0.924664
0.296 -2.12085 -0.874878
0.298 -2.46851 -0.788006
0.3 -2.73777 -0.671397
0.302 -2.9298 -0.537566
0.304 -3.04827 -0.401825
0.306 -3.09704 -0.279158
0.308 -3.07853 -0.180982
0.31 -2.99334 -0.112468
0.312 -2.84097 -0.0710707
0.314 -2.62159 -0.0467693
0.316 -2.33821 -0.0241509
0.318 -1.99873 0.013964
0.32 -1.61726 0.0821552
0.322 -1.21437 0.188385
0.324 -0.816008 0.331405
0.326 -0.451217 0.500329
0.328 -0.148852 0.676542
0.33 0.0662068 0.837549
0.332 0.176814 0.961895
0.334 0.176659 1.03408
0.336 0.0720962 1.04837
0.338 -0.117717 1.01072
0.34 -0.362501 0.938094
0.342 -0.624205 0.855382
0.344 -0.861597 0.790211
0.346 -1.03551 0.766743
0.348 -1.11406 0.799813
0.35 -1.07706 0.890763
0.352 -0.919002 1.02607
0.354 -0.650113 1.17924
0.356 -0.295316 1.31568
0.358 0.10877 1.39978
0.36 0.518345 1.40254
0.362 0.887858 1.30836
0.364 1.17562 1.11942
0.366 1.34885 0.856595
0.368 1.38762 0.556498
0.37 1.2871 0.2652
0.372 1.05785 0.0296109
0.374 0.724191 -0.111698
0.376 0.320616 -0.136378
0.378 -0.113103 -0.0432059
0.38 -0.537511 0.147074
0.382 -0.918861 0.395235
0.384 -1.23351 0.650748
0.386 -1.47064 0.861311
0.388 -1.63298 0.982898
0.39 -1.73544 0.988371
0.392 -1.80191 0.87294
0.394 -1.86072 0.65533
0.396 -1.93938 0.374323
0.398 -2.05945 0.0812924
0.4 -2.23221 -0.169823
0.402 -2.45592 -0.333075
0.404 -2.71523 -0.379436
0.406 -2.9828 -0.30228
0.408 -3.22324 -0.118357
0.41 -3.3985 0.135844
0.412 -3.47417 0.4115
0.414 -3.42548 0.657106
0.416 -3.24204 0.828476
0.418 -2.93062 0.897166
0.42 -2.5154 0.85572
0.422 -2.03553 0.718695
0.424 -1.54038 0.519293
0.426 -1.08306 0.302279
0.428 -0.713133 0.114676
0.43 -0.469632 -0.00381236
0.432 -0.375328 -0.0286336
0.434 -0.43323 0.0451253
0.436 -0.62577 0.202425
0.438 -0.916861 0.412045
0.44 -1.25653 0.6335
0.442 -1.58747 0.825554
0.444 -1.85253 0.954571
0.446 -2.00212 1.00105
0.448 -2.00057 0.96309
0.45 -1.83049 0.856181
0.452 -1.49474 0.709423
0.454 -1.01574 0.559018
0.456 -0.43233 0.440449
0.458 0.205371 0.381002
0.46 0.842175 0.394221
0.462 1.42433 0.477402
0.464 1.90531 0.612563
0.466 2.25021 0.770542
0.468 2.43822 0.917281
0.47 2.4632 1.02087
0.472 2.33245 1.05789
0.474 2.06427 1.01786
0.476 1.68482 0.904865
0.478 1.22493 0.736242
0.48 0.717212 0.538668
0.482 0.193859 0.342471
0.484 -0.314795 0.175467
0.486 -0.781012 0.057579
0.488 -1.17982 -0.00260273
0.49 -1.48889 -0.00869359
0.492 -1.68848 0.0252511
0.494 -1.76157 0.0785962
0.496 -1.69467 0.1291
0.498 -1.47897 0.157828
0.5 -1.11206 0.152957
0.502 -0.599622 0.111744
0.504 0.0430708 0.0404038
0.506 0.790398 -0.0479127
0.508 1.60666 -0.136523
0.51 2.44764 -0.209209
0.512 3.26343 -0.25393
0.514 4.0023 -0.265424
0.516 4.61522 -0.246105
0.518 5.06036 -0.205048
0.52 5.30719 -0.155338
0.522 5.33948 -0.110456
0.524 5.15692 -0.0806467
0.526 4.77509 -0.0702077
0.528 4.22378 -0.0763935
0.53 3.54377 -0.0901717
0.532 2.78247 -0.0986023
0.534 1.98907 -0.0882216
0.536 1.20974 -0.0486188
0.538 0.483579 0.0246108
0.54 -0.160031 0.128197
0.542 -0.702478 0.2512
0.544 -1.13527 0.376736
0.546 -1.45806 0.485124
0.548 -1.67582 0.557825
0.55 -1.79591 0.581373
0.552 -1.82554 0.55042
0.554 -1.77012 0.469207
0.556 -1.63256 0.351072
0.558 -1.41388 0.216065
0.56 -1.11474 0.0871468
0.562 -0.737809 -0.0142406
0.564 -0.290349 -0.072338
0.566 0.213442 -0.0801319
0.568 0.751143 -0.0407201
0.57 1.29237 0.0332948
0.572 1.80087 0.122279
0.574 2.23831 0.20343
0.576 2.56919 0.255275
0.578 2.76591 0.261899
0.58 2.81324 0.216047
0.582 2.71107 0.120488
0.584 2.47529 -0.0126136
0.586 2.13636 -0.164129
0.588 1.73595 -0.311653
0.59 1.32178 -0.43368
0.592 0.941476 -0.513469
0.594 0.636021 -0.541933
0.596 0.433995 -0.519101
0.598 0.347483 -0.453942
0.6 0.370519 -0.362589
0.602 0.480433 -0.265252
0.604 0.641902 -0.18235
0.606 0.812984 -0.130604
0.608 0.952042 -0.119868
0.61 1.02438 -0.15138
0.612 1.00755 -0.217769
0.614 0.894526 -0.304761
0.616 0.694438 -0.394129
0.618 0.43069 -0.467227
0.62 0.136861 -0.508402
0.622 -0.149015 -0.507698
0.624 -0.390843 -0.462502
0.626 -0.560399 -0.377929
0.628 -0.641743 -0.265949
0.63 -0.633273 -0.143388
0.632 -0.547144 -0.029058
0.634 -0.406269 0.0595188
0.636 -0.239621 0.109257
0.638 -0.076768 0.113898
0.64 0.0574059 0.0751599
0.642 0.146965 0.00243924
0.644 0.187556 -0.0888504
0.646 0.187007 -0.179917
0.648 0.163788 -0.251704
0.65 0.143517 -0.28797
0.652 0.154102 -0.277899
0.654 0.220394 -0.217912
0.656 0.359402 -0.112431
0.658 0.576953 0.026541
0.66 0.866362 0.181069
0.662 1.20918 0.329994
0.664 1.5777 0.452338
0.666 1.9387 0.530833
0.668 2.25775 0.554913
0.67 2.50372 0.522566
0.672 2.65276 0.440718
0.674 2.69138 0.324097
0.676 2.61817 0.192807
0.678 2.44369 0.0690541
0.68 2.18869 -0.0264808
0.682 1.88076 -0.0780574
0.684 1.55032 -0.0775542
0.686 1.22654 -0.0259487
0.688 0.933983 0.0667107
0.69 0.690419 0.18292
0.692 0.505709 0.300708
0.694 0.381803 0.397492
0.696 0.313539 0.454102
0.698 0.290122 0.458204
0.7 0.297099 0.406472
0.702 0.318672 0.305116
0.704 0.339998 0.168678
0.706 0.349132 0.0173629
0.708 0.338258 -0.126606
0.71 0.304055 -0.24294
0.712 0.2473 -0.316828
0.714 0.171973 -0.341446
0.716 0.0841781 -0.318955
0.718 -0.00890481 -0.259799
0.72 -0.0999279 -0.180446
0.722 -0.182107 -0.100015
0.724 -0.249731 -0.0364773
0.726 -0.298368 -0.00320301
0.728 -0.324727 -0.0065318
0.73 -0.326216 -0.0448193
0.732 -0.300389 -0.109097
0.734 -0.244541 -0.185162
0.736 -0.155724 -0.256636
0.738 -0.0313301 -0.308379
0.74 0.129817 -0.329572
0.742 0.326068 -0.315859
0.744 0.55159 -0.270116
0.746 0.795327 -0.201683
0.748 1.04055 -0.124252
0.75 1.26516 -0.0528413
0.752 1.44279 -0.00056228
0.754 1.54494 0.0241298
0.756 1.54397 0.0191084
0.758 1.41682 -0.0111558
0.76 1.14911 -0.0567324
0.762 0.738928 -0.104477
0.764 0.19957 -0.140875
0.766 -0.439431 -0.154891
0.768 -1.13349 -0.140246
0.77 -1.8265 -0.0966897
0.772 -2.45646 -0.0300122
0.774 -2.96257 0.0492061
0.776 -3.29273 0.127834
0.778 -3.4107 0.192931
0.78 -3.30153 0.234354
0.782 -2.97465 0.246651
0.784 -2.4639 0.229804
0.786 -1.82431 0.188718
0.788 -1.12588 0.131662
0.79 -0.445031 0.0681033
0.792 0.144967 0.00653069
0.794 0.583389 -0.0472525
0.796 0.829697 -0.0910079
0.798 0.868342 -0.126011
0.8 0.70996 -0.156157
0.802 0.388807 -0.186463
0.804 -0.0431545 -0.221333
0.806 -0.52455 -0.263008
0.808 -0.993933 -0.310599
0.81 -1.3987 -0.360013
0.812 -1.70221 -0.404835
0.814 -1.88807 -0.437996
0.816 -1.96104 -0.453806
0.818 -1.94444 -0.449812
0.82 -1.87464 -0.427919
0.822 -1.79346 -0.394413
0.824 -1.73996 -0.358813
0.826 -1.74287 -0.331766
0.828 -1.81502 -0.322492
0.83 -1.95065 -0.336369
0.832 -2.12613 -0.373225
0.834 -2.30369 -0.426762
0.836 -2.43773 -0.485294
0.838 -2.48239 -0.533715
0.84 -2.39926 -0.556373
0.842 -2.16394 -0.540311
0.844 -1.77035 -0.478218
0.846 -1.23224 -0.370455
0.848 -0.581589 -0.225628
0.85 0.135617 -0.0594861
0.852 0.865626 0.107766
0.854 1.55397 0.255198
0.856 2.15216 0.365184
0.858 2.62307 0.42683
0.86 2.94415 0.438075
0.862 3.10831 0.405993
0.864 3.1225 0.345242
0.866 3.00455 0.274974
0.868 2.77892 0.214845
0.87 2.47217 0.180938
0.872 2.10905 0.182416
0.874 1.70973 0.219592
0.876 1.28876 0.283834
0.878 0.855649 0.359379
0.88 0.41693 0.426702
0.882 -0.021094 0.466773
0.884 -0.449565 0.465247
0.886 -0.855095 0.415695
0.888 -1.21913 0.321118
0.89 -1.51893 0.19343
0.892 -1.73003 0.0510069
0.894 -1.82985 -0.0851659
0.896 -1.80174 -0.195903
0.898 -1.63883 -0.267849
0.9 -1.34682 -0.296258
0.902 -0.945169 -0.285939
0.904 -0.466365 -0.250133
0.906 0.0469622 -0.207559
0.908 0.546679 -0.178196
0.91 0.984973 -0.178713
0.912 1.32049 -0.218515
0.914 1.52384 -0.297305
0.916 1.58158 -0.404739
0.918 1.49804 -0.522293
0.92 1.29458 -0.626968
0.922 1.00652 -0.696067
0.924 0.67784 -0.712008
0.926 0.354787 -0.666159
0.928 0.0790945 -0.560865
0.93 -0.117941 -0.409269
0.932 -0.219633 -0.232951
0.934 -0.225666 -0.0578866
0.936 -0.151212 0.0904636
0.938 -0.0236128 0.191961
0.94 0.122804 0.235518
0.942 0.252929 0.221017
0.944 0.337151 0.159038
0.946 0.356739 0.0684705
0.948 0.307502 -0.0274644
0.95 0.201089 -0.105952
0.952 0.0636289 -0.14908
0.954 -0.0681433 -0.147189
0.956 -0.152718 -0.100396
0.958 -0.150624 -0.0180551
0.96 -0.0310747 0.0836735
0.962 0.222675 0.185534
0.964 0.610068 0.26932
0.966 1.1125 0.321558
0.968 1.69511 0.335987
0.97 2.31069 0.314381
0.972 2.90536 0.265619
0.974 3.42501 0.203271
0.976 3.82192 0.142286
0.978 4.06054 0.0955248
0.98 4.12154 0.0709312
0.982 4.00374 0.0699725
0.984 3.72344 0.0876828
0.986 3.31157 0.114278
0.988 2.80924 0.137928
0.99 2.26244 0.147988
0.992 1.71684 0.137882
0.994 1.21328 0.106918
0.996 0.784297 0.0606334
0.998 0.451967 0.00958308
1 0.227047 -0.0331026
1.002 0.109321 -0.0548428
1.004 0.0889886 -0.0467093
1.006 0.148775 -0.00581909
1.008 0.266358 0.0635383
1.01 0.416706 0.150342
1.012 0.574029 0.238821
1.014 0.713227 0.311608
1.016 0.810961 0.353388
1.018 0.846618 0.354249
1.02 0.803426 0.311924
1.022 0.669847 0.232388
1.024 0.441129 0.12866
1.026 0.120707 0.0180573
1.028 -0.278909 -0.0814282
1.03 -0.736096 -0.154851
1.032 -1.22107 -0.19331
1.034 -1.69787 -0.195619
1.036 -2.12724 -0.168323
1.038 -2.47029 -0.124072
1.04 -2.69263 -0.0786821
1.042 -2.76847 -0.0475106
1.044 -2.68434 -0.0419028
1.046 -2.44157 -0.0665075
1.048 -2.05712 -0.118085
1.05 -1.56238 -0.186117
1.052 -1.00002 -0.255119
1.054 -0.4193 -0.308147
1.056 0.129359 -0.330705
1.058 0.599866 -0.314167
1.06 0.95514 -0.257915
1.062 1.17047 -0.169745
1.064 1.2352 -0.0644228
1.066 1.15265 0.0393006
1.068 0.938283 0.122608
1.07 0.616615 0.170657
1.072 0.21724 0.175889
1.074 -0.229184 0.139889
1.076 -0.694362 0.073337
1.078 -1.1546 -0.00600449
1.08 -1.59157 -0.076893
1.082 -1.99177 -0.119071
1.084 -2.34493 -0.117655
1.086 -2.64212 -0.0665229
1.088 -2.87399 0.0300347
1.09 -3.02982 0.157739
1.092 -3.09746 0.294778
1.094 -3.06441 0.415825
1.096 -2.91982 0.496838
1.098 -2.65707 0.519739
1.1 -2.27655 0.476021
1.102 -1.78788 0.368585
1.104 -1.21114 0.211393
1.106 -0.576476 0.0270115
1.108 0.0779733 -0.157518
1.11 0.709763 -0.315638
1.112 1.27687 -0.426102
1.114 1.74274 -0.476709
1.116 2.08081 -0.466249
1.118 2.27785 -0.404323
1.12 2.33553 -0.30914
1.122 2.27006 -0.203777
1.124 2.10976 -0.11167
1.126 1.89105 -0.0522037
1.128 1.65326 -0.0372317
1.13 1.43314 -0.0691389
1.132 1.25992 -0.140756
1.134 1.15167 -0.237076
1.136 1.11362 -0.338382
1.138 1.13846 -0.424149
1.14 1.20877 -0.476931
1.142 1.30071 -0.485502
1.144 1.38858 -0.446643
1.146 1.44927 -0.365322
1.148 1.46602 -0.253291
1.15 1.43077 -0.126511
1.152 1.34507 -0.00196089
1.154 1.21915 0.105466
1.156 1.06967 0.185422
1.158 0.916478 0.233493
1.16 0.778966 0.251364
1.162 0.672803 0.245836
1.164 0.607558 0.226955
1.166 0.585651 0.205682
1.168 0.602735 0.191568
1.17 0.649317 0.190889
1.172 0.713218 0.205598
1.174 0.782312 0.233256
1.176 0.846969 0.267902
1.178 0.901727 0.301597
1.18 0.945911 0.326258
1.182 0.983123 0.335344
1.184 1.01979 0.32507
1.186 1.06308 0.294972
1.188 1.11869 0.247807
1.19 1.18885 0.18891
1.192 1.27111 0.125193
1.194 1.35804 0.0639679
1.196 1.43809 0.0118059
1.198 1.49731 -0.0264021
1.2 1.52181 -0.0480407
1.202 1.50031 -0.0529332
1.204 1.42648 -0.0430804
1.206 1.3004 -0.0220774
1.208 1.12903 0.00561552
1.21 0.925511 0.0353578
1.212 0.707434 0.062838
1.214 0.494405 0.0843784
1.216 0.305289 0.0971023
1.218 0.155611 0.0990622
1.22 0.0554743 0.0893919
1.222 0.00833037 0.0684735
1.224 0.0107637 0.038047
1.226 0.0532948 0.00117909
1.228 0.122048 -0.0379638
1.23 0.200976 -0.0745368
1.232 0.274246 -0.103592
1.234 0.328362 -0.120749
1.236 0.353699 -0.122892
1.238 0.345212 -0.108817
1.24 0.302328 -0.0797226
1.242 0.228157 -0.039401
1.244 0.128277 0.00600446
1.246 0.0094151 0.0487414
1.248 -0.121694 0.0806425
1.25 -0.259067 0.0945803
1.252 -0.397737 0.0858918
1.254 -0.533568 0.0534563
1.256 -0.662744 0.000180045
1.258 -0.781182 -0.0672397
1.26 -0.884083 -0.139249
1.262 -0.965832 -0.204927
1.264 -1.02035 -0.253798
1.266 -1.04189 -0.277658
1.268 -1.02615 -0.272095
1.27 -0.97156 -0.23738
1.272 -0.880338 -0.17851
1.274 -0.75918 -0.104359
1.276 -0.619252 -0.026055
1.278 -0.475392 0.045063
1.28 -0.344558 0.0995271
1.282 -0.243699 0.131427
1.284 -0.187397 0.139399
1.286 -0.185679 0.126745
1.288 -0.242403 0.100703
1.29 -0.354529 0.0709941
1.292 -0.512408 0.0479251
1.294 -0.70105 0.0403626
1.296 -0.902166 0.0539604
1.298 -1.09667 0.0899926
1.3 -1.26729 0.145055
1.302 -1.40079 0.211722
1.304 -1.48964 0.280017
1.306 -1.53262 0.339388
1.308 -1.53441 0.380741
1.31 -1.50412 0.398128
1.312 -1.45318 0.38975
1.314 -1.39284 0.358126
1.316 -1.33192 0.309434
1.318 -1.27522 0.252174
1.32 -1.22284 0.195444
1.322 -1.17051 0.147143
1.324 -1.11093 0.112466
1.326 -1.03563 0.092991
1.328 -0.937186 0.0865458
1.33 -0.811292 0.0878713
1.332 -0.658288 0.0899262
1.334 -0.483894 0.0855304
1.336 -0.298901 0.0689855
1.338 -0.11785 0.0373355
1.34 0.0431302 -0.00897175
1.342 0.168949 -0.0661328
1.344 0.248183 -0.127713
1.346 0.275223 -0.185888
1.348 0.251516 -0.232959
1.35 0.185674 -0.262826
1.352 0.092394 -0.272139
1.354 -0.00965847 -0.260881
1.356 -0.100676 -0.232273
1.358 -0.162799 -0.192043
1.36 -0.182991 -0.147231
1.362 -0.155195 -0.104811
1.364 -0.0814499 -0.0704357
1.366 0.0282695 -0.0475276
1.368 0.157418 -0.0368722
1.37 0.285243 -0.0367371
1.372 0.389753 -0.0434422
1.374 0.45083 -0.0522412
1.376 0.453052 -0.0583331
1.378 0.387847 -0.0578109
1.38 0.254719 -0.0483704
1.382 0.0613964 -0.0296484
1.384 -0.17708 -0.0031364
1.386 -0.440211 0.0282874
1.388 -0.704539 0.0610726
1.39 -0.946441 0.0917658
1.392 -1.14478 0.117644
1.394 -1.28306 0.137075
1.396 -1.35089 0.149557
1.398 -1.34451 0.155487
1.4 -1.26668 0.155757
1.402 -1.12576 0.15133
1.404 -0.93452 0.142893
1.406 -0.708587 0.13069
1.408 -0.464889 0.114566
1.41 -0.220197 0.0942016
1.412 0.0101287 0.0694813
1.414 0.213085 0.0408796
1.416 0.378642 0.0097361
1.418 0.500028 -0.0216875
1.42 0.573746 -0.0504295
1.422 0.599408 -0.0733139
1.424 0.579466 -0.0876069
1.426 0.518894 -0.0916953
1.428 0.424826 -0.085616
1.43 0.306098 -0.0712889
1.432 0.172695 -0.0523688
1.434 0.0350628 -0.0337115
1.436 -0.0966524 -0.0205369
1.438 -0.213379 -0.0174392
1.44 -0.307835 -0.0274335
1.442 -0.375108 -0.0512398
1.444 -0.413031 -0.0869665
1.446 -0.42232 -0.130291
1.448 -0.406437 -0.175133
1.45 -0.371172 -0.214705
1.452 -0.323963 -0.242754
1.454 -0.273018 -0.254729
1.456 -0.226324 -0.24867
1.458 -0.190691 -0.225611
1.46 -0.170975 -0.189431
1.462 -0.1696 -0.146156
1.464 -0.186434 -0.102838
1.466 -0.219016 -0.0662277
1.468 -0.26307 -0.0414906
1.47 -0.313189 -0.0312384
1.472 -0.363585 -0.035067
1.474 -0.408812 -0.0497016
1.476 -0.44437 -0.0697106
1.478 -0.467149 -0.0886355
1.48 -0.475688 -0.100303
1.482 -0.470217 -0.100055
1.484 -0.452498 -0.0856638
1.486 -0.425482 -0.0577573
1.488 -0.392841 -0.0196892
1.49 -0.358452 0.0231265
1.492 -0.325931 0.0642902
1.494 -0.298282 0.0976923
1.496 -0.27769 0.118739
1.498 -0.265463 0.12527
1.5 -0.262056 0.117968
1.502 -0.267134 0.100181
1.504 -0.279627 0.077183
1.506 -0.297781 0.0550552
1.508 -0.319232 0.0394165
1.51 -0.34113 0.0342757
1.512 -0.360351 0.0412245
1.514 -0.373769 0.059119
1.516 -0.378569 0.0842978
1.518 -0.372567 0.111292
1.52 -0.354483 0.133899
1.522 -0.324182 0.146417
1.524 -0.282838 0.144809
1.526 -0.232995 0.127557
1.528 -0.17849 0.0960112
1.53 -0.12417 0.0541661
1.532 -0.0753852 0.00790343
1.534 -0.0373064 -0.0361335
1.536 -0.0141459 -0.071791
1.538 -0.00844151 -0.0945268
1.54 -0.0205367 -0.10219
1.542 -0.0483731 -0.0953312
1.544 -0.0876438 -0.0770104
1.546 -0.132292 -0.0521592
1.548 -0.175289 -0.026623
1.55 -0.20958 -0.00605959
1.552 -0.229072 0.00510618
1.554 -0.229528 0.00447215
1.556 -0.20923 -0.00795912
1.558 -0.169293 -0.0298779
1.56 -0.113564 -0.0572115
1.562 -0.0480922 -0.0849863
1.564 0.0197712 -0.108315
1.566 0.0824913 -0.123303
1.568 0.133512 -0.127707
1.57 0.168258 -0.121238
1.572 0.184815 -0.105487
1.574 0.184165 -0.0835202
1.576 0.169962 -0.0592282
1.578 0.147871 -0.0365676
1.58 0.124574 -0.0188352
1.582 0.106605 -0.00811153
1.584 0.0992057 -0.00497858
1.586 0.105404 -0.0085551
1.588 0.12548 -0.0168244
1.59 0.156939 -0.0271625
1.592 0.194976 -0.036937
1.594 0.233361 -0.0440403
1.596 0.265575 -0.0472535
1.598 0.285963 -0.0463842
1.6 0.290727 -0.0421739
1.602 0.278563 -0.0360194
1.604 0.250844 -0.0295786
1.606 0.211357 -0.0243519
1.608 0.165618 -0.0213315
1.61 0.119924 -0.0207946
1.612 0.0802895 -0.0222856
1.614 0.0514621 -0.0247843
1.616 0.0361829 -0.0270074
1.618 0.0348273 -0.0277607
1.62 0.0454817 -0.0262441
1.622 0.0644318 -0.0222399
1.624 0.0869591 -0.0161456
1.626 0.108283 -0.00885867
1.628 0.12446 -0.00155075
1.63 0.13307 0.00461134
1.632 0.133564 0.00873689
1.634 0.127222 0.0104164
1.636 0.116738 0.00981625
1.638 0.105531 0.00763855
1.64 0.0969151 0.0049496
1.642 0.0933091 0.00291349
1.644 0.0956331 0.00249478
1.646 0.103036 0.00420804
1.648 0.11301 0.00798269
1.65 0.121878 0.0131801
1.652 0.125569 0.0187566
1.654 0.120513 0.0235284
1.656 0.104478 0.0264674
1.658 0.0771731 0.0269598
1.66 0.0404912 0.0249658
1.662 -0.00166894 0.0210486
1.664 -0.0439612 0.0162667
1.666 -0.0804411 0.0119507
1.668 -0.105555 0.00940988
1.67 -0.115098 0.00962857
1.672 -0.106982 0.0130185
1.674 -0.0816686 0.019289
1.676 -0.0421961 0.0274724
1.678 0.0062212 0.0361097
1.68 0.0569605 0.0435591
1.682 0.103003 0.0483582
1.684 0.138024 0.0495578
1.686 0.157367 0.0469491
1.688 0.158756 0.0411335
1.69 0.142602 0.0334181
1.692 0.111896 0.0255589
1.694 0.0717023 0.019406
1.696 0.02835 0.0165199
1.698 -0.0115158 0.0178388
1.7 -0.0418882 0.023462
1.702 -0.0582024 0.0325968
1.704 -0.0578819 0.0436863
1.706 -0.0405655 0.0546973
1.708 -0.00800468 0.0635159
1.71 0.0363281 0.0683695
1.712 0.0878397 0.0681861
1.714 0.141514 0.062813
1.716 0.19259 0.0530497
1.718 0.237113 0.0404869
1.72 0.27229 0.0271896
1.722 0.296617 0.0152895
1.724 0.30981 0.00657193
1.726 0.312576 0.00213687
1.728 0.306303 0.0021991
1.73 0.29274 0.00606323
1.732 0.273709 0.0122771
1.734 0.250898 0.0189338
1.736 0.225738 0.0240626
1.738 0.199377 0.0260324
1.74 0.17271 0.0238832
1.742 0.146458 0.0175178
1.744 0.121242 0.00771423
1.746 0.09764 -0.00404192
1.748 0.0761877 -0.0158657
1.75 0.0573411 -0.0258541
1.752 0.041403 -0.0324595
1.754 0.02845 -0.0347816
1.756 0.0182895 -0.0327227
1.758 0.0104663 -0.0269835
1.76 0.00432553 -0.0189033
1.762 -0.000875902 -0.0101837
1.764 -0.00582972 -0.0025504
1.766 -0.0110337 0.00258072
1.768 -0.0166729 0.0043656
1.77 -0.0225486 0.00267296
1.772 -0.0280726 -0.00192365
1.774 -0.0323363 -0.00829676
1.776 -0.034247 -0.0150227
1.778 -0.0327157 -0.0206872
1.78 -0.0268624 -0.0241718
1.782 -0.0162027 -0.0248632
1.784 -0.000781506 -0.0227473
1.786 0.0187733 -0.0183755
1.788 0.0412854 -0.0127202
1.79 0.0651482 -0.00695437
1.792 0.0885045 -0.00220392
1.794 0.109461 0.000675758
1.796 0.126301 0.00125713
1.798 0.137678 -0.00039675
1.8 0.142744 -0.00377182
1.802 0.141223 -0.00803206
1.804 0.13341 -0.0122075
1.806 0.120105 -0.0153998
1.808 0.102499 -0.0169607
1.81 0.0820385 -0.0166086
1.812 0.0602803 -0.0144604
1.814 0.0387593 -0.010977
1.816 0.01888 -0.0068396
1.818 0.00183307 -0.00278602
1.82 -0.0114636 0.000552177
1.822 -0.0204019 0.00277849
1.824 -0.0247004 0.00379881
1.826 -0.024403 0.00381735
1.828 -0.0198597 0.00326683
1.83 -0.0116902 0.00269285
1.832 -0.000734083 0.00262055
1.834 0.0120115 0.00343337
1.836 0.0254636 0.00528889
1.838 0.0385326 0.00808734
1.84 0.0502079 0.0114971
1.842 0.0596423 0.0150295
1.844 0.06623 0.0181461
1.846 0.0696647 0.0203735
1.848 0.0699701 0.0214026
1.85 0.0674933 0.0211483
1.852 0.0628593 0.0197599
1.854 0.0568905 0.0175807
1.856 0.0505007 0.0150673
1.858 0.044577 0.0126896
1.86 0.039868 0.0108331
1.862 0.0368928 0.00972517
1.864 0.0358823 0.00940047
1.866 0.0367615 0.00970855
1.868 0.0391707 0.0103608
1.87 0.0425255 0.0110031
1.872 0.0461031 0.0112978
1.874 0.0491449 0.0109968
1.876 0.0509603 0.00999093
1.878 0.0510187 0.00832706
1.88 0.0490164 0.00619091
1.882 0.0449123 0.00386145
1.884 0.038926 0.00164834
1.886 0.031502 -0.000172802
1.888 0.0232458 -0.00141353
1.89 0.0148427 -0.0020033
1.892 0.00697152 -0.00199292
1.894 0.000225298 -0.0015323
1.896 -0.00495137 -0.000829231
1.898 -0.00830209 -9.97964e-05
1.9 -0.00977278 0.000478261
1.902 -0.00950114 0.000799315
1.904 -0.00778478 0.000844528
1.906 -0.00503382 0.000675845
1.908 -0.00171487 0.000412387
1.91 0.00170642 0.000195995
1.912 0.00481701 0.000154434
1.914 0.00729654 0.000370568
1.916 0.00894193 0.000863855
1.918 0.00967496 0.00158739
1.92 0.00953358 0.00244009
1.922 0.00864997 0.00329039
1.924 0.00721975 0.00400538
1.926 0.00546749 0.00447846
1.928 0.00361379 0.00464962
1.93 0.00184809 0.00451419
1.932 0.000310186 0.00411938
1.934 -0.000918378 0.00355028
1.936 -0.00181322 0.00290969
1.938 -0.0023981 0.00229653
1.94 -0.00273046 0.00178769
1.942 -0.00288448 0.00142656
1.944 -0.00293468 0.00121978
1.946 -0.0029425 0.00114188
1.948 -0.00294783 0.00114595
1.95 -0.00296613 0.00117718
1.952 -0.00299111 0.00118624
1.954 -0.00300145 0.00113932
1.956 -0.00296983 0.00102326
1.958 -0.00287182 0.000845061
1.96 -0.00269306 0.000626814
1.962 -0.00243306 0.000398008
1.964 -0.00210569 0.000187484
1.966 -0.00173626 1.70701e-05
1.968 -0.00135656 -0.000101888
1.97 -0.000998901 -0.000168855
1.972 -0.000690524 -0.000191873
1.974 -0.000449408 -0.000183852
1.976 -0.000282183 -0.000158614
1.978 -0.000184323 -0.000127725
1.98 -0.000142379 -9.87303e-05
1.982 -0.000137639 -7.4949e-05
1.984 -0.000150305 -5.6481e-05
1.986 -0.00016329 -4.18269e-05
1.988 -0.000164912 -2.9427e-05
1.99 -0.000150078 -1.85992e-05
1.992 -0.000119997 -9.66726e-06
1.994 -8.07676e-05 -3.4185e-06
1.996 -4.13627e-05 -2.83223e-07
1.998 -1.15301e-05 3.016e-07
0.5 1.3028 0.639817
1 1.25006 0.629154
1.5 1.1648 0.611411
2 1.04691 0.585703
2.5 0.897075 0.550078
3 0.728016 0.502366
3.5 0.576134 0.441603
4 0.500546 0.368976
4.5 0.561529 0.287479
5 0.785077 0.200545
5.5 1.13429 0.110889
6 1.51019 0.0207764
6.5 1.79004 -0.0662123
7 1.88778 -0.143298
7.5 1.80385 -0.200484
8 1.63328 -0.227436
8.5 1.52234 -0.218275
9 1.59394 -0.175647
9.5 1.88101 -0.11129
10 2.30439 -0.0421212
10.5 2.70744 0.0165306
11 2.92861 0.0570514
11.5 2.8737 0.0817486
12 2.552 0.0999587
12.5 2.062 0.121717
13 1.53955 0.151495
13.5 1.09827 0.185366
14 0.791151 0.21298
14.5 0.606857 0.223109
15 0.494896 0.209705
15.5 0.401525 0.175308
16 0.297928 0.130082
16.5 0.190536 0.0870677
17 0.113884 0.0560326
17.5 0.113067 0.0389717
18 0.224055 0.0293918
18.5 0.45782 0.0156665
19 0.79151 -0.0132333
19.5 1.16833 -0.0624272
20 1.50699 -0.128704
20.5 1.72 -0.201903
21 1.73781 -0.26905
21.5 1.53253 -0.318931
22 1.13355 -0.344926
22.5 0.628489 -0.345275
23 0.145885 -0.321619
23.5 -0.17791 -0.277494
24 -0.240044 -0.217918
24.5 -0.00843546 -0.149855
25 0.45836 -0.082207
25.5 1.01883 -0.0241422
26 1.48581 0.0180447
26.5 1.68461 0.0437579
27 1.51333 0.0584124
27.5 0.982762 0.0703625
28 0.218892 0.0859124
28.5 -0.576064 0.105528
29 -1.19119 0.123951
29.5 -1.47806 0.134438
30 -1.39853 0.134408
30.5 -1.03128 0.128469
31 -0.53605 0.12633
31.5 -0.0909434 0.136563
32 0.17184 0.160351
32.5 0.207889 0.189766
33 0.0662283 0.21239
33.5 -0.14001 0.219731
34 -0.283515 0.213905
34.5 -0.272407 0.207725
35 -0.0808451 0.217304
35.5 0.2487 0.251267
36 0.62856 0.30326
36.5 0.961591 0.35281
37 1.17344 0.374732
37.5 1.22963 0.352
38 1.13475 0.28488
38.5 0.920302 0.191237
39 0.631027 0.0980989
39.5 0.317116 0.0294366
40 0.0323104 -0.00318091
40.5 -0.167938 -0.00266698
41 -0.234554 0.0185925
41.5 -0.139995 0.0467853
42 0.106267 0.0727624
42.5 0.45243 0.0933676
43 0.816155 0.108722
43.5 1.11121 0.118614
44 1.27743 0.12106
44.5 1.29964 0.113939
45 1.20699 0.0980715
45.5 1.05494 0.0789978
46 0.901565 0.0656942
46.5 0.791046 0.0666387
47 0.750558 0.0854932
47.5 0.796609 0.119
48 0.940679 0.158386
48.5 1.18601 0.193579
49 1.51598 0.218068
49.5 1.88325 0.232035
50 2.21152 0.242306
50.5 2.41494 0.259163
51 2.42948 0.291339
51.5 2.24138 0.341237
52 1.89723 0.402452
52.5 1.48924 0.461048
53 1.12159 0.500717
53.5 0.873284 0.510264
54 0.77395 0.490264
54.5 0.801205 0.455266
55 0.897522 0.429215
55.5 0.996068 0.434811
56 1.04348 0.480929
56.5 1.01192 0.5543
57 0.89965 0.620604
57.5 0.724076 0.636164
58 0.512503 0.566106
58.5 0.293829 0.40108
59 0.0922165 0.164521
59.5 -0.0770741 -0.0935331
60 -0.208969 -0.313901
60.5 -0.305897 -0.449525
61 -0.371229 -0.481409
61.5 -0.401581 -0.422779
62 -0.382813 -0.31056
62.5 -0.294064 -0.188892
63 -0.120189 -0.0923764
63.5 0.132646 -0.0359867
64 0.427177 -0.0148014
64.5 0.699032 -0.0120121
65 0.876183 -0.010243
65.5 0.907017 -0.000459454
66 0.784183 0.0153455
66.5 0.551811 0.0280689
67 0.291062 0.029153
67.5 0.0896396 0.0174932
68 0.00913762 0.00179144
68.5 0.0651986 -0.00292484
69 0.228709 0.0172184
69.5 0.445332 0.0674198
70 0.661734 0.140644
70.5 0.844709 0.21998
71 0.985009 0.285781
71.5 1.08717 0.324017
72 1.15442 0.331717
72.5 1.17941 0.317047
73 1.14636 0.294382
73.5 1.04245 0.277211
74 0.870348 0.272481
74.5 0.653453 0.278891
75 0.430181 0.289394
75.5 0.24006 0.296163
76 0.10866 0.295381
76.5 0.038279 0.289663
77 0.00788636 0.287248
77.5 -0.0182519 0.29843
78 -0.0764907 0.330646
78.5 -0.188263 0.384058
79 -0.347185 0.449324
79.5 -0.513242 0.508781
80 -0.618519 0.541208
80.5 -0.586708 0.528994
81 -0.363259 0.465288
81.5 0.0541039 0.358179
82 0.599307 0.22978
82.5 1.14857 0.110009
83 1.55934 0.0271608
83.5 1.72447 -0.00120056
84 1.61793 0.0263866
84.5 1.30902 0.0954346
85 0.935571 0.180718
85.5 0.646364 0.254341
86 0.539097 0.293884
86.5 0.622589 0.288356
87 0.819785 0.240703
87.5 1.0076 0.166537
88 1.07247 0.0894312
88.5 0.955591 0.0338121
89 0.67017 0.0172044
89.5 0.289172 0.0442753
90 -0.0849686 0.105031
90.5 -0.352796 0.178321
91 -0.441465 0.239675
91.5 -0.316923 0.270401
92 0.012438 0.264061
92.5 0.497681 0.227549
93 1.05688 0.176544
93.5 1.59011 0.127872
94 2.00135 0.0925906
94.5 2.22178 0.0729233
95 2.22573 0.0638266
95.5 2.03287 0.0575673
96 1.69674 0.0484075
96.5 1.28672 0.035007
97 0.872653 0.0198542
97.5 0.517323 0.00678729
98 0.27428 -0.00154481
98.5 0.184308 -0.00485974
99 0.265601 -0.00477511
99.5 0.500218 -0.00343356
100 0.8264 -0.00227539
100.5 1.14708 -0.00162131
101 1.35736 -0.00104807
101.5 1.3821 -6.97823e-05
102 1.20679 0.00138937
102.5 0.885723 0.00294725
103 0.522445 0.00402492
103.5 0.230761 0.00415985
104 0.0943361 0.003188
104.5 0.142134 0.00126683
105 0.347946 -0.00119364
105.5 0.650123 -0.00363272
106 0.979489 -0.00546658
106.5 1.28252 -0.00625008
107 1.53218 -0.00584116
107.5 1.72582 -0.00448734
108 1.87472 -0.00275865
108.5 1.99083 -0.00132506
109 2.07589 -0.000671807
109.5 2.11596 -0.000893752
110 2.08359 -0.00167549
110.5 1.94808 -0.00246785
111 1.69144 -0.00277366
111.5 1.32426 -0.00240835
112 0.893741 -0.00162014
112.5 0.47795 -0.00102023
113 0.165957 -0.00134946
113.5 0.0306587 -0.00316769
114 0.105444 -0.00658072
114.5 0.374567 -0.0111113
115 0.780526 -0.0157776
115.5 1.24357 -0.0193701
116 1.68354 -0.0208429
116.5 2.03514 -0.0196814
117 2.25386 -0.0161067
117.5 2.31581 -0.0110292
118 2.21772 -0.00575725
118.5 1.98029 -0.00155256
119 1.65231 0.000806308
119.5 1.30876 0.00129092
120 1.03677 0.000605989
120.5 0.910355 -0.00012404
121 0.962162 0.000142155
121.5 1.16577 0.00187224
122 1.43889 0.00470487
122.5 1.66909 0.0075708
123 1.75301 0.00916692
123.5 1.63304 0.0085826
124 1.31662 0.00578338
124.5 0.871429 0.00170888
125 0.4001 -0.00207601
125.5 0.0064319 -0.00401661
126 -0.233433 -0.00319438
126.5 -0.28585 0.000331149
127 -0.158932 0.00557952
127.5 0.109085 0.0110231
128 0.465184 0.0150752
128.5 0.854798 0.0165006
129 1.23038 0.0146595
129.5 1.55564 0.00960247
130 1.80705 0.00207177
130.5 1.97379 -0.00657715
131 2.05689 -0.0145739
131.5 2.06752 -0.0200918
132 2.02456 -0.0217325
132.5 1.95152 -0.0189939
133 1.87248 -0.0125252
133.5 1.80692 -0.00402008
134 1.76348 0.00425945
134.5 1.73458 0.0101753
135 1.69486 0.01237
135.5 1.60662 0.0106512
136 1.43322 0.0059745
136.5 1.15727 5.02073e-05
137 0.796468 -0.00527011
137.5 0.408792 -0.00860498
138 0.0813565 -0.00944105
138.5 -0.095962 -0.00819064
139 -0.0639308 -0.00590984
139.5 0.178669 -0.00380769
140 0.566099 -0.00275769
140.5 0.981289 -0.0030135
141 1.29258 -0.00423017
141.5 1.39903 -0.00574531
142 1.26716 -0.00695735
142.5 0.944245 -0.00761173
143 0.541864 -0.00787673
143.5 0.19495 -0.00820886
144 0.0120902 -0.00910039
144.5 0.0366469 -0.0108258
145 0.234225 -0.0132733
145.5 0.510925 -0.0159079
146 0.753687 -0.017892
146.5 0.874858 -0.0183771
147 0.842226 -0.0169283
147.5 0.683529 -0.0139416
148 0.466772 -0.0108135
148.5 0.26819 -0.00963642
149 0.143407 -0.0123755
149.5 0.113014 -0.0197998
150 0.164868 -0.0306979
150.5 0.267292 -0.0419094
151 0.384207 -0.0493663
151.5 0.485613 -0.0497935
152 0.551912 -0.0422818
152.5 0.574383 -0.0289063
153 0.554646 -0.014004
153.5 0.503941 -0.0024195
154 0.441137 0.00242414
154.5 0.38853 -0.000294545
155 0.366391 -0.00882675
155.5 0.388844 -0.0198564
156 0.462914 -0.0297367
156.5 0.589921 -0.0352359
157 0.76594 -0.0335653
157.5 0.978641 -0.0220941
158 1.20159 0.00153814
158.5 1.39155 0.0384446
159 1.49509 0.086876
159.5 1.4665 0.140879
160 1.29067 0.190356
160.5 0.998685 0.223174
161 0.664788 0.228965
161.5 0.382207 0.203262
162 0.227488 0.150134
162.5 0.230794 0.0818939
163 0.367553 0.015587
163.5 0.575456 -0.0326205
164 0.786661 -0.0530134
164.5 0.956968 -0.0456003
165 1.0766 -0.0196981
165.5 1.15922 0.0100322
166 1.21927 0.0294503
166.5 1.25389 0.030247
167 1.24177 0.0125316
167.5 1.1591 -0.0162182
168 1.00171 -0.0451232
168.5 0.798395 -0.0648126
169 0.606155 -0.0710363
169.5 0.488908 -0.065534
170 0.490943 -0.0541372
170.5 0.618619 -0.0433838
171 0.83862 -0.0374646
171.5 1.09201 -0.0368954
172 1.31603 -0.0392391
172.5 1.46359 -0.0411172
173 1.51364 -0.040227
173.5 1.4709 -0.03632
174 1.35832 -0.0308463
174.5 1.20648 -0.0257507
175 1.04411 -0.0222672
175.5 0.891616 -0.0203814
176 0.758503 -0.0191172
176.5 0.644641 -0.0173096
177 0.544541 -0.0143292
177.5 0.452873 -0.0103767
178 0.368781 -0.00628645
178.5 0.296824 -0.00305478
179 0.244007 -0.00138156
179.5 0.214557 -0.00141988
180 0.205628 -0.00277265
180.5 0.206827 -0.00467551
181 0.204369 -0.00628396
181.5 0.187927 -0.00699484
182 0.156508 -0.00672127
182.5 0.119923 -0.006009
183 0.0946918 -0.00588565
183.5 0.0960782 -0.00742449
184 0.130039 -0.0111644
184.5 0.188986 -0.0166631
185 0.253524 -0.0224618
185.5 0.299582 -0.0265618
186 0.307925 -0.0272463
186.5 0.272055 -0.0238672
187 0.201209 -0.0172094
187.5 0.1173 -0.00925225
188 0.0471295 -0.00245395
188.5 0.0129606 0.00109344
189 0.024927 0.000275212
189.5 0.0777287 -0.00485034
190 0.152252 -0.0132153
190.5 0.221114 -0.0230692
191 0.256283 -0.0323018
191.5 0.236876 -0.0387291
192 0.155579 -0.0404092
192.5 0.0222866 -0.0360346
193 -0.13641 -0.0253241
193.5 -0.282872 -0.00923336
194 -0.378849 0.0101648
194.5 -0.398158 0.0301117
195 -0.337009 0.0477108
195.5 -0.217072 0.0603587
196 -0.0786818 0.0659793
196.5 0.0340133 0.0631958
197 0.0898696 0.0516473
197.5 0.0818237 0.0324575
198 0.0269717 0.00850642
198.5 -0.0440717 -0.0160474
199 -0.102627 -0.0373067
199.5 -0.133891 -0.0538511
200 -0.139358 -0.0684602
200.5 -0.129481 -0.0879191
201 -0.112075 -0.120144
201.5 -0.0842648 -0.169329
202 -0.0331954 -0.231331
202.5 0.0549464 -0.292084
203 0.183389 -0.330843
203.5 0.338096 -0.327798
204 0.490383 -0.273037
204.5 0.607665 -0.172606
205 0.666386 -0.0482405
205.5 0.660164 0.0698068
206 0.59922 0.154053
206.5 0.502396 0.19016
207 0.387089 0.181656
207.5 0.263067 0.14693
208 0.133183 0.11016
208.5 -0.000524826 0.0906642
209 -0.130102 0.0956396
209.5 -0.239202 0.119221
210 -0.306964 0.14747
210.5 -0.316345 0.166109
211 -0.262416 0.166946
211.5 -0.156162 0.150272
212 -0.0219292 0.122977
212.5 0.110011 0.0942912
213 0.212136 0.0717698
213.5 0.266062 0.0592506
214 0.265074 0.0569422
214.5 0.213527 0.0625674
215 0.124965 0.0723503
215.5 0.0201693 0.0813977
216 -0.075218 0.0839489
216.5 -0.134887 0.0742849
217 -0.138614 0.0485655
217.5 -0.0801691 0.00694838
218 0.0272255 -0.0452359
218.5 0.151898 -0.0982397
219 0.25291 -0.140629
219.5 0.295002 -0.16298
220 0.263139 -0.161009
220.5 0.169648 -0.136913
221 0.0498376 -0.0984856
221.5 -0.0525145 -0.0564818
222 -0.103254 -0.0211558
222.5 -0.0910717 0.000983911
223 -0.0298694 0.00931826
223.5 0.0501395 0.00945635
224 0.117439 0.0113776
224.5 0.152586 0.0255833
225 0.153846 0.0583522
225.5 0.133634 0.107989
226 0.10914 0.16402
226.5 0.0929601 0.210263
227 0.0884219 0.230805
227.5 0.0909056 0.21624
228 0.0929083 0.167085
228.5 0.0890557 0.092646
229 0.0782288 0.00616177
229.5 0.062424 -0.0808291
230 0.044121 -0.161538
230.5 0.0244803 -0.23285
231 0.00355911 -0.291447
231.5 -0.0180432 -0.330541
232 -0.0377891 -0.340383
232.5 -0.0514594 -0.3132
233 -0.055138 -0.249895
233.5 -0.0476569 -0.164028
234 -0.0318218 -0.0795988
234.5 -0.013505 -0.0225508
235 0.000932889 -0.00974163
235.5 0.00739352 -0.0409767
236 0.00542493 -0.0984009
236.5 -0.00238406 -0.153777
237 -0.012396 -0.18014
237.5 -0.0219634 -0.162272
238 -0.0303348 -0.101433
238.5 -0.0381132 -0.0129697
239 -0.0459006 0.08107
239.5 -0.0531866 0.16031
240 -0.0582436 0.211826
240.5 -0.0590358 0.231814
241 -0.0544825 0.223852
241.5 -0.0452353 0.195678
242 -0.033502 0.156248
242.5 -0.022067 0.113824
243 -0.0131153 0.0749793
243.5 -0.00750269 0.0440514
244 -0.00476825 0.0228487
244.5 -0.00373074 0.0107371
245 -0.00322989 0.00530354
245.5 -0.00260257 0.00349863
246 -0.00173801 0.00281233
246.5 -0.000832844 0.00195819
247 -9.52581e-05 0.000820802
247.5 0.00041091 -0.00014078
248 0.000747226 -0.000561211
248.5 0.000997696 -0.000494212
249 0.00119452 -0.000295315
249.5 0.00132076 -0.000280722
250 0.0013597 -0.000482812
250.5 0.00133107 -0.000676476
251 0.00128243 -0.000607837
251.5 0.00125176 -0.000213558
252 0.00124121 0.000337124
252.5 0.00122532 0.000781646
253 0.00118292 0.000950693
253.5 0.00112135 0.000856638
254 0.0010713 0.000639619
254.5 0.00105824 0.000442614
255 0.0010764 0.000324848
255.5 0.001088 0.000267971
256 0.00104886 0.000242788
256.5 0.000940459 0.000261539
257 0.000785446 0.000369022
257.5 0.000637016 0.00058947
258 0.000551557 0.00088535
258.5 0.000562425 0.00116881
259 0.000667873 0.00135628
259.5 0.000834579 0.00141938
260 0.00101021 0.00139132
260.5 0.00113828 0.00132843
261 0.00117247 0.0012633
261.5 0.00108968 0.00118862
262 0.000899032 0.00108024
262.5 0.000641538 0.000933637
263 0.000377297 0.000779039
263.5 0.00016377 0.000662323
264 3.53574e-05 0.000609889
264.5 -4.9966e-06 0.00060881
265 2.13506e-05 0.000619039
265.5 8.51483e-05 0.000606583
266 0.000163492 0.000569756
266.5 0.000243752 0.000537951
267 0.000317805 0.000545687
267.5 0.000374418 0.000603864
268 0.000397949 0.000690127
268.5 0.000375414 0.000763378
269 0.000306642 0.000789027
269.5 0.000209399 0.000756236
270 0.000114721 0.000678027
270.5 5.42046e-05 0.000579455
271 4.59079e-05 0.000485743
271.5 8.59662e-05 0.000417639
272 0.000149666 0.00039182
272.5 0.000201193 0.000419601
273 0.000207987 0.00050102
273.5 0.000154371 0.000618856
274 4.94254e-05 0.00074006
274.5 -7.42112e-05 0.000827362
275 -0.000170991 0.000855379
275.5 -0.000199132 0.000821218
276 -0.000136808 0.000743053
276.5 8.98816e-06 0.000648706
277 0.000204597 0.000562502
277.5 0.000401315 0.00049818
278 0.000550848 0.000459479
278.5 0.000618343 0.000444259
279 0.000589595 0.000447163
279.5 0.000472649 0.000459662
280 0.000295779 0.000470326
280.5 0.000102851 0.000468181
281 -5.46143e-05 0.000448255
281.5 -0.000129253 0.000414788
282 -9.15052e-05 0.000378258
282.5 6.00031e-05 0.000347174
283 0.000296935 0.000320515
283.5 0.000570596 0.000287128
284 0.000828547 0.000233473
284.5 0.00103091 0.000154608
285 0.00115936 6.0436e-05
285.5 0.0012164 -2.75031e-05
286 0.00121787 -8.66793e-05
286.5 0.00118402 -0.000104538
287 0.00113308 -8.29388e-05
287.5 0.00107803 -3.42822e-05
288 0.00102506 2.67523e-05
288.5 0.000973067 8.97384e-05
289 0.000915055 0.000149543
289.5 0.000843187 0.000202641
290 0.000756887 0.000242627
290.5 0.000670064 0.000258763
291 0.000611867 0.000238869
291.5 0.000617791 0.000175096
292 0.000713554 6.97548e-05
292.5 0.000899521 -6.15075e-05
293 0.00114462 -0.000190941
293.5 0.0013945 -0.000284963
294 0.00159117 -0.000314473
294.5 0.00169526 -0.000266148
295 0.00170029 -0.000149994
295.5 0.00163277 1.37096e-06
296 0.00153885 0.000143095
296.5 0.00146449 0.000234707
297 0.00143845 0.000255628
297.5 0.00146475 0.000212152
298 0.00152626 0.000132555
298.5 0.00159573 5.3172e-05
299 0.00164817 2.6361e-06
299.5 0.00166897 -8.266e-06
300 0.00165553 1.25421e-05
300.5 0.00161362 4.55265e-05
301 0.00155171 6.99719e-05
301.5 0.00147662 7.28372e-05
302 0.0013922 5.30869e-05
302.5 0.0013005 2.09492e-05
303 0.00120415 -6.833e-06
303.5 0.00110812 -1.39102e-05
304 0.0010203 8.90032e-06
304.5 0.000950641 5.94914e-05
305 0.000909005 0.00012497
305.5 0.000902319 0.000186999
306 0.000931786 0.000229725
306.5 0.000991614 0.000246336
307 0.00107048 0.000240813
307.5 0.00115575 0.000224161
308 0.00123856 0.000207697
308.5 0.00131653 0.000197597
309 0.00139198 0.000193661
309.5 0.00146624 0.000192203
310 0.00153405 0.000190205
310.5 0.00158276 0.000187514
311 0.00159864 0.000185858
311.5 0.00157718 0.000186116
312 0.00153059 0.000186542
312.5 0.00148623 0.000183603
313 0.00147476 0.000174755
313.5 0.0015138 0.000160822
314 0.00159676 0.000145907
314.5 0.00169413 0.000134664
315 0.00176756 0.000128826
315.5 0.00178885 0.000125472
316 0.00175337 0.000118357
316.5 0.00168032 0.000101618
317 0.00160058 7.36493e-05
317.5 0.00153983 3.89242e-05
318 0.00150653 6.71256e-06
318.5 0.00149092 -1.26955e-05
319 0.00147387 -1.2507e-05
319.5 0.00143912 7.33713e-06
320 0.00138162 3.96533e-05
320.5 0.00130797 7.25738e-05
321 0.00123051 9.42549e-05
321.5 0.00115974 9.78109e-05
322 0.00110025 8.42566e-05
322.5 0.00105201 6.19613e-05
323 0.00101537 4.2696e-05
323.5 0.000995505 3.60941e-05
324 0.00100276 4.52483e-05
324.5 0.00104758 6.56362e-05
325 0.0011326 8.77979e-05
325.5 0.00124617 0.00010221
326 0.00136199 0.000103745
326.5 0.0014462 9.35702e-05
327 0.00146977 7.78732e-05
327.5 0.00142063 6.45038e-05
328 0.00130977 5.94213e-05
328.5 0.00116785 6.45767e-05
329 0.00103375 7.78513e-05
329.5 0.000940037 9.46476e-05
330 0.000901981 0.000110149
330.5 0.000914583 0.000121227
331 0.000958004 0.000127307
331.5 0.00100789 0.000129978
332 0.00104532 0.000131654
332.5 0.00106219 0.000134001
333 0.00106072 0.00013698
333.5 0.00104872 0.000139036
334 0.001034 0.000138309
334.5 0.00102093 0.00013407
335 0.00101036 0.000127387
335.5 0.00100226 0.000120529
336 0.000998767 0.000115512
336.5 0.00100525 0.00011281
337 0.00102834 0.000111204
337.5 0.00107165 0.000108922
338 0.00113171 0.000105258
338.5 0.00119691 0.000101497
339 0.00125064 0.000100438
339.5 0.00127769 0.000104775
340 0.00127061 0.000115389
340.5 0.00123265 0.000130634
341 0.00117575 0.000147016
341.5 0.00111496 0.000160784
342 0.00106253 0.000169478
342.5 0.00102487 0.000172665
343 0.00100322 0.000171663
343.5 0.000996317 0.000168611
344 0.00100233 0.000165424
344.5 0.00101864 0.000163075
345 0.0010403 0.000161357
345.5 0.00105949 0.000159156
346 0.00106775 0.000155137
346.5 0.00106026 0.000148611
347 0.00103931 0.000140269
347.5 0.00101398 0.00013234
348 0.000995432 0.000127985
348.5 0.000990287 0.000130047
349 0.000996403 0.000139709
349.5 0.0010042 0.000155661
350 0.00100313 0.000174189
350.5 0.000989345 0.000190135
351 0.000969687 0.000198377
351.5 0.000958828 0.000195335
352 0.000970827 0.000180148
352.5 0.00100968 0.000155226
353 0.00106439 0.000125958
353.5 0.00111182 9.94445e-05
354 0.00112624 8.24317e-05
354.5 0.00109099 7.90658e-05
355 0.00100635 8.94466e-05
355.5 0.000889744 0.000109777
356 0.000768182 0.000134185
356.5 0.00066697 0.000157329
357 0.000600185 0.000176372
357.5 0.000567482 0.000191235
358 0.00055819 0.000203102
358.5 0.000559775 0.000212318
359 0.000565595 0.000217194
359.5 0.000577547 0.000214647
360 0.000602431 0.000202329
360.5 0.000644622 0.000180812
361 0.000699847 0.000154309
361.5 0.000754175 0.000129258
362 0.00078926 0.000111435
362.5 0.000791148 0.000103158
363 0.000757886 0.000102094
363.5 0.000701759 0.00010233
364 0.000644847 9.71162e-05
364.5 0.000610031 8.19657e-05
365 0.000611751 5.66914e-05
365.5 0.00065071 2.55922e-05
366 0.000714641 -4.12606e-06
366.5 0.000784366 -2.49005e-05
367 0.000842183 -3.12647e-05
367.5 0.000878845 -2.13431e-05
368 0.000896365 2.95651e-06
368.5 0.000905799 3.6835e-05
369 0.000921327 7.40096e-05
369.5 0.000953329 0.000108077
370 0.00100337 0.000133552
370.5 0.00106299 0.000146646
371 0.00111647 0.000145925
371.5 0.00114633 0.000132813
372 0.0011392 0.00011154
372.5 0.00109014 8.8101e-05
373 0.00100413 6.81576e-05
373.5 0.000894579 5.45581e-05
374 0.000779528 4.57468e-05
374.5 0.000676793 3.61968e-05
375 0.000599519 1.90802e-05
375.5 0.00055352 -9.92335e-06
376 0.000537305 -4.96391e-05
376.5 0.000544624 -9.29736e-05
377 0.000568229 -0.0001295
377.5 0.00060284 -0.00014984
378 0.000645703 -0.000149611
378.5 0.000694648 -0.000130922
379 0.000745232 -0.000100803
379.5 0.000789389 -6.7557e-05
380 0.000817121 -3.70867e-05
380.5 0.000820646 -1.10137e-05
381 0.000798559 1.2706e-05
381.5 0.000757228 3.73592e-05
382 0.000708279 6.47526e-05
382.5 0.000663602 9.36124e-05
383 0.000630869 0.000119743
383.5 0.000612128 0.000137636
384 0.000605772 0.000142623
384.5 0.000609831 0.000132651
385 0.000623757 0.000109103
385.5 0.000647314 7.65719e-05
386 0.000677626 4.17781e-05
386.5 0.000707174 1.19094e-05
387 0.000725093 -7.30908e-06
387.5 0.000721846 -1.34381e-05
388 0.000694796 -8.49206e-06
388.5 0.000651174 1.17195e-06
389 0.000606167 6.64169e-06
389.5 0.00057657 -2.99895e-07
390 0.000573018 -2.34748e-05
390.5 0.000594615 -5.97249e-05
391 0.000628614 -9.88768e-05
391.5 0.000655308 -0.000126752
392 0.000655899 -0.000130321
392.5 0.00061996 -0.000102943
393 0.000549432 -4.7391e-05
393.5 0.000457707 2.47369e-05
394 0.000364335 9.70024e-05
394.5 0.000287625 0.000153772
395 0.000238124 0.000185155
395.5 0.000215575 0.000189379
396 0.000210463 0.000172042
396.5 0.000209297 0.000143006
397 0.000201175 0.000112456
397.5 0.000182637 8.75926e-05
398 0.000158651 7.09083e-05
398.5 0.000139428 6.03221e-05
399 0.000134697 5.09214e-05
399.5 0.000148273 3.76873e-05
400 0.000175565 1.82667e-05
400.5 0.000205287 -5.31847e-06
401 0.000224675 -2.69509e-05
401.5 0.000225799 -3.88972e-05
402 0.000209899 -3.56097e-05
402.5 0.000187456 -1.70708e-05
403 0.00017353 1.01844e-05
403.5 0.000180254 3.52095e-05
404 0.000209945 4.71209e-05
404.5 0.000252376 3.9678e-05
405 0.000287969 1.35605e-05
405.5 0.000295847 -2.48234e-05
406 0.000263131 -6.71727e-05
406.5 0.000191085 -0.000107429
407 9.51599e-05 -0.000143797
407.5 -9.73691e-07 -0.000177665
408 -7.44076e-05 -0.000210498
408.5 -0.000110751 -0.000241037
409 -0.000107501 -0.000264891
409.5 -7.24889e-05 -0.000276863
410 -1.93659e-05 -0.000274412
410.5 3.6889e-05 -0.000259725
411 8.24383e-05 -0.000238723
411.5 0.000105063 -0.000217346
412 9.43488e-05 -0.00019746
412.5 4.34468e-05 -0.000175204
413 -4.72134e-05 -0.000143252
413.5 -0.000165964 -9.59983e-05
414 -0.000288735 -3.46491e-05
414.5 -0.000383177 3.10411e-05
415 -0.000418208 8.58859e-05
415.5 -0.000375969 0.000115923
416 -0.000261055 0.000115157
416.5 -0.000102082 8.87216e-05
417 5.64199e-05 5.07172e-05
417.5 0.000169383 1.78209e-05
418 0.000207651 1.99725e-06
418.5 0.000168261 5.91238e-06
419 7.38452e-05 2.301e-05
419.5 -3.84414e-05 4.16666e-05
420 -0.000133069 5.09027e-05
420.5 -0.000189619 4.4771e-05
421 -0.000207592 2.37319e-05
421.5 -0.000201319 -6.83889e-06
422 -0.000188859 -3.95306e-05
422.5 -0.000181443 -6.74767e-05
423 -0.000178906 -8.57165e-05
423.5 -0.000172548 -9.1466e-05
424 -0.000152601 -8.40124e-05
424.5 -0.000115316 -6.48129e-05
425 -6.56642e-05 -3.77889e-05
425.5 -1.47144e-05 -9.2975e-06
426 2.61001e-05 1.27765e-05
426.5 5.02329e-05 2.09134e-05
427 5.80258e-05 1.03283e-05
427.5 5.48685e-05 -1.90792e-05
428 4.69995e-05 -6.20307e-05
428.5 3.73515e-05 -0.00010882
429 2.34504e-05 -0.000147696
429.5 -1.79384e-06 -0.000167988
430 -4.67975e-05 -0.000163049
430.5 -0.000116767 -0.000132169
431 -0.000209571 -8.08944e-05
431.5 -0.000313637 -1.96068e-05
432 -0.000409064 3.92585e-05
432.5 -0.000472179 8.45983e-05
433 -0.000482522 0.000109607
433.5 -0.00043007 0.000113384
434 -0.000319972 0.000100653
434.5 -0.000172692 7.96964e-05
435 -1.90244e-05 5.92485e-05
435.5 0.000108503 4.54804e-05
436 0.00018487 4.0158e-05
436.5 0.000199175 4.05689e-05
437 0.000156467 4.11146e-05
437.5 7.45762e-05 3.58355e-05
438 -2.23715e-05 2.08711e-05
438.5 -0.000111121 -3.9784e-06
439 -0.000174764 -3.4968e-05
439.5 -0.000205364 -6.52987e-05
440 -0.000203905 -8.68092e-05
440.5 -0.000178565 -9.20593e-05
441 -0.000142215 -7.64568e-05
441.5 -0.000109511 -4.00602e-05
442 -9.35385e-05 1.14654e-05
442.5 -0.000102189 6.73499e-05
443 -0.000135169 0.000114062
443.5 -0.000183112 0.000139199
444 -0.000229952 0.000135754
444.5 -0.00025835 0.000104992
445 -0.000256277 5.63986e-05
445.5 -0.000221803 4.29299e-06
446 -0.000163761 -3.77399e-05
446.5 -9.78603e-05 -6.22025e-05
447 -4.01865e-05 -7.03489e-05
447.5 -1.29584e-06 -7.08497e-05
448 1.6418e-05 -7.50633e-05
448.5 1.73624e-05 -9.11838e-05
449 8.85429e-06 -0.000120079
449.5 -2.75967e-06 -0.00015478
450 -1.39583e-05 -0.000183781
450.5 -2.34693e-05 -0.000196513
451 -3.04008e-05 -0.000188373
451.5 -3.27734e-05 -0.000163016
452 -2.7531e-05 -0.000130925
452.5 -1.19367e-05 -0.000104983
453 1.46523e-05 -9.50189e-05
453.5 4.97672e-05 -0.0001037
454 8.81525e-05 -0.000125485
454.5 0.000123251 -0.000149021
455 0.000149154 -0.000161925
455.5 0.000162239 -0.000155891
456 0.000161958 -0.000130003
456.5 0.000150607 -9.08804e-05
457 0.000132223 -4.97199e-05
457.5 0.000111035 -1.75906e-05
458 9.00622e-05 -1.06913e-06
458.5 7.04204e-05 -4.2659e-08
459 5.16159e-05 -8.46033e-06
459.5 3.26587e-05 -1.74638e-05
460 1.33765e-05 -1.93372e-05
460.5 -4.81532e-06 -1.05118e-05
461 -1.91543e-05 7.52498e-06
461.5 -2.66903e-05 2.95074e-05
462 -2.57556e-05 4.89911e-05
462.5 -1.6963e-05 6.09808e-05
463 -3.20948e-06 6.35174e-05
463.5 1.13207e-05 5.78074e-05
464 2.26674e-05 4.71843e-05
464.5 2.84313e-05 3.55963e-05
465 2.8382e-05 2.63095e-05
465.5 2.41624e-05 2.11949e-05
466 1.83242e-05 2.05932e-05
466.5 1.31954e-05 2.35306e-05
467 1.00943e-05 2.80757e-05
467.5 9.17392e-06 3.17748e-05
468 9.83791e-06 3.22163e-05
468.5 1.13752e-05 2.7732e-05
469 1.33942e-05 1.80656e-05
469.5 1.58274e-05 4.68939e-06
470 1.86057e-05 -9.51262e-06
470.5 2.13436e-05 -2.12105e-05
471 2.33525e-05 -2.78877e-05
471.5 2.4025e-05 -2.88099e-05
472 2.33103e-05 -2.52052e-05
472.5 2.18842e-05 -1.95511e-05
473 2.08196e-05 -1.43383e-05
473.5 2.09345e-05 -1.09663e-05
474 2.22602e-05 -9.321e-06
474.5 2.40072e-05 -8.18137e-06
475 2.50631e-05 -6.13363e-06
475.5 2.46791e-05 -2.43057e-06
476 2.28888e-05 2.65819e-06
476.5 2.04141e-05 8.10544e-06
477 1.81877e-05 1.27385e-05
477.5 1.6857e-05 1.58015e-05
478 1.65815e-05 1.71811e-05
478.5 1.71641e-05 1.72688e-05
479 1.83102e-05 1.66403e-05
479.5 1.9778e-05 1.57838e-05
480 2.13472e-05 1.49966e-05
480.5 2.2727e-05 1.44227e-05
481 2.35647e-05 1.41251e-05
481.5 2.35894e-05 1.41059e-05
482 2.27679e-05 1.42727e-05
482.5 2.13245e-05 1.44093e-05
483 1.95969e-05 1.42071e-05
483.5 1.78539e-05 1.33688e-05
484 1.62302e-05 1.17349e-05
484.5 1.48135e-05 9.36931e-06
485 1.37613e-05 6.55716e-06
485.5 1.32915e-05 3.71357e-06
486 1.3514e-05 1.24214e-06
486.5 1.42436e-05 -5.96498e-07
487 1.49906e-05 -1.74888e-06
487.5 1.51937e-05 -2.33735e-06
488 1.45548e-05 -2.54952e-06
488.5 1.32297e-05 -2.50807e-06
489 1.17276e-05 -2.1969e-06
489.5 1.05936e-05 -1.49246e-06
490 1.01089e-05 -2.86517e-07
490.5 1.02088e-05 1.37434e-06
491 1.06306e-05 3.22603e-06
491.5 1.11239e-05 4.85255e-06
492 1.15425e-05 5.85256e-06
492.5 1.17826e-05 6.01632e-06
493 1.16864e-05 5.41583e-06
493.5 1.10572e-05 4.36484e-06
494 9.80126e-06 3.28051e-06
494.5 8.06262e-06 2.52498e-06
495 6.19544e-06 2.299e-06
495.5 4.55903e-06 2.61492e-06
496 3.29214e-06 3.33182e-06
496.5 2.2659e-06 4.21822e-06
497 1.27414e-06 5.01866e-06
497.5 3.10808e-07 5.51664e-06
498 -3.07285e-07 5.58981e-06
498.5 -1.0125e-07 5.24353e-06
499 1.22796e-06 4.6046e-06
499.5 3.53419e-06 3.86959e-06
500 6.24381e-06 3.22783e-06
