-1.998 -2.07233e-06 -2.94183e-06
-1.996 -3.0231e-06 -1.31872e-05
-1.994 3.77565e-06 -2.9777e-05
-1.992 2.10819e-05 -4.70866e-05
-1.99 4.57271e-05 -5.62561e-05
-1.988 6.78488e-05 -4.88219e-05
-1.986 7.18455e-05 -2.12443e-05
-1.984 3.92013e-05 2.15723e-05
-1.982 -4.70653e-05 6.55442e-05
-1.98 -0.000197028 9.03651e-05
-1.978 -0.000408679 7.57209e-05
-1.976 -0.000664376 8.98395e-06
-1.974 -0.000930328 -0.000108248
-1.972 -0.00116017 -0.000257401
-1.97 -0.00130277 -0.000405637
-1.968 -0.00131339 -0.000514028
-1.966 -0.00116597 -0.000549236
-1.964 -0.00086372 -0.000495212
-1.962 -0.000444989 -0.000360865
-1.96 1.80337e-05 -0.000180376
-1.958 0.000428925 -4.85639e-06
-1.956 0.000684265 0.000113271
-1.954 0.000695953 0.000139117
-1.952 0.000414339 7.16973e-05
-1.95 -0.000153056 -4.7922e-05
-1.948 -0.000932316 -0.000140634
-1.946 -0.00178705 -0.000106171
-1.944 -0.00253649 0.000150274
-1.942 -0.00298575 0.000688122
-1.94 -0.00296306 0.00150637
-1.938 -0.00235724 0.00253131
-1.936 -0.00114787 0.00362222
-1.934 0.00057821 0.00459588
-1.932 0.00262836 0.00526579
-1.93 0.00472517 0.00548733
-1.928 0.00654547 0.00519802
-1.926 0.0077725 0.00444209
-1.924 0.00815399 0.00337175
-1.922 0.00755649 0.00222307
-1.92 0.006006 0.00127007
-1.918 0.00370535 0.000766693
-1.916 0.00102206 0.000889278
-1.914 -0.00155579 0.0016926
-1.912 -0.00349193 0.00308931
-1.91 -0.00429318 0.00485782
-1.908 -0.00360545 0.0066774
-1.906 -0.00129716 0.00818399
-1.904 0.00248741 0.00903608
-1.902 0.00731929 0.00897782
-1.9 0.0125288 0.0078877
-1.898 0.0173021 0.00580387
-1.896 0.0208187 0.00292195
-1.894 0.0224093 -0.000433517
-1.892 0.0217035 -0.0038586
-1.89 0.0187345 -0.0069318
-1.888 0.0139711 -0.00927828
-1.886 0.00825925 -0.010627
-1.884 0.00267304 -0.010853
-1.882 -0.00170324 -0.00999813
-1.88 -0.00402105 -0.00826695
-1.878 -0.00388813 -0.00599691
-1.876 -0.00150855 -0.00360483
-1.874 0.0023009 -0.00151689
-1.872 0.00623806 -9.20606e-05
-1.87 0.00877428 0.000447808
-1.868 0.00850018 6.74929e-05
-1.866 0.00448745 -0.00106532
-1.864 -0.00341599 -0.00260515
-1.862 -0.0144349 -0.00409626
-1.86 -0.0269124 -0.00507378
-1.858 -0.0385648 -0.00518
-1.856 -0.0469109 -0.00426998
-1.854 -0.0497942 -0.00247866
-1.852 -0.0458895 -0.000226828
-1.85 -0.0350743 0.00184493
-1.848 -0.0185701 0.00300834
-1.846 0.0011977 0.00262193
-1.844 0.0210141 0.000309922
-1.842 0.0374874 -0.00389885
-1.84 0.0477386 -0.00951261
-1.838 0.0500143 -0.0156244
-1.836 0.0440822 -0.0210686
-1.834 0.0313089 -0.0246605
-1.832 0.0143904 -0.0254727
-1.83 -0.00321388 -0.0230819
-1.828 -0.0180225 -0.0177258
-1.826 -0.0272826 -0.0103202
-1.824 -0.0295602 -0.00231766
-1.822 -0.025033 0.00457522
-1.82 -0.0154181 0.00876968
-1.818 -0.00354893 0.00917464
-1.816 0.00730264 0.0054957
-1.814 0.0142014 -0.00162479
-1.812 0.0152356 -0.0106719
-1.81 0.0099486 -0.0195262
-1.808 -0.000594376 -0.0258869
-1.806 -0.0141181 -0.0277609
-1.804 -0.0277481 -0.0239106
-1.802 -0.0387604 -0.0141553
-1.8 -0.0452741 0.000545057
-1.798 -0.0467079 0.01825
-1.796 -0.0438845 0.036413
-1.794 -0.0387537 0.0523908
-1.792 -0.0338088 0.0639765
-1.79 -0.0313458 0.0698385
-1.788 -0.0327609 0.0697681
-1.786 -0.0380757 0.0646806
-1.784 -0.0458282 0.0563701
-1.782 -0.0533735 0.0470798
-1.78 -0.0575312 0.0389861
-1.778 -0.0554228 0.0337204
-1.776 -0.0452845 0.0320357
-1.774 -0.0270438 0.0336914
-1.772 -0.0025021 0.0375706
-1.77 0.0249381 0.0419902
-1.768 0.0509458 0.0451212
-1.766 0.0711829 0.0454161
-1.764 0.0822546 0.0419486
-1.762 0.0824592 0.0345948
-1.76 0.0721536 0.0240263
-1.758 0.0536447 0.0115297
-1.756 0.0306383 -0.00129418
-1.754 0.00738535 -0.0128732
-1.752 -0.0122574 -0.0219635
-1.75 -0.0256249 -0.0278427
-1.748 -0.0317157 -0.0303652
-1.746 -0.0312423 -0.0298919
-1.744 -0.026275 -0.0271373
-1.742 -0.0195896 -0.0229934
-1.74 -0.0138995 -0.0183812
-1.738 -0.0111731 -0.0141579
-1.736 -0.0122067 -0.0110783
-1.734 -0.0165497 -0.00978751
-1.732 -0.022779 -0.0108107
-1.73 -0.0290245 -0.0145109
-1.728 -0.0335744 -0.0210049
-1.726 -0.0353797 -0.0300466
-1.724 -0.0343093 -0.0409148
-1.722 -0.0310978 -0.0523554
-1.72 -0.0270213 -0.0626323
-1.718 -0.0234216 -0.0697256
-1.716 -0.0212388 -0.071677
-1.714 -0.0207056 -0.0670369
-1.712 -0.0213029 -0.0553203
-1.71 -0.0219969 -0.0373505
-1.708 -0.0216865 -0.0153747
-1.706 -0.0197206 0.00712619
-1.704 -0.0163137 0.0259448
-1.702 -0.0127084 0.0369064
-1.7 -0.0110026 0.0367424
-1.698 -0.013656 0.0238955
-1.696 -0.0227889 -0.000938687
-1.694 -0.0394608 -0.0346893
-1.692 -0.0631376 -0.0722854
-1.69 -0.0915271 -0.107498
-1.688 -0.120872 -0.134102
-1.686 -0.146666 -0.147126
-1.684 -0.164649 -0.143914
-1.682 -0.171815 -0.12476
-1.68 -0.167185 -0.0929435
-1.678 -0.152113 -0.0541433
-1.676 -0.130016 -0.0153231
-1.674 -0.105594 0.0166878
-1.672 -0.0837159 0.0366212
-1.67 -0.0682578 0.0418944
-1.668 -0.0611821 0.0331728
-1.666 -0.062084 0.0142288
-1.664 -0.068323 -0.00889328
-1.662 -0.0757073 -0.0292348
-1.66 -0.079567 -0.0405026
-1.658 -0.0759501 -0.038512
-1.656 -0.0626407 -0.0221558
-1.654 -0.039738 0.00632755
-1.652 -0.00964488 0.0418548
-1.65 0.0235289 0.0776544
-1.648 0.0549947 0.106813
-1.646 0.0804701 0.123852
-1.644 0.0972066 0.125975
-1.642 0.104585 0.113682
-1.64 0.104118 0.0906277
-1.638 0.0988631 0.0627471
-1.636 0.0924166 0.0368605
-1.634 0.0877716 0.0190801
-1.632 0.0863871 0.0133904
-1.63 0.0877415 0.0207324
-1.628 0.0895166 0.0388045
-1.626 0.0883691 0.062625
-1.624 0.0810702 0.0857203
-1.622 0.0656893 0.101652
-1.62 0.0424789 0.105522
-1.618 0.0142003 0.0950943
-1.616 -0.0142299 0.0712785
-1.614 -0.0367216 0.0378716
-1.612 -0.0474079 0.000639328
-1.61 -0.0421304 -0.034016
-1.608 -0.0196361 -0.0604608
-1.606 0.0178425 -0.0749651
-1.604 0.0648163 -0.0763132
-1.602 0.113571 -0.0657861
-1.6 0.155784 -0.0465827
-1.598 0.184347 -0.0228775
-1.596 0.194945 0.00121192
-1.594 0.187019 0.0224774
-1.592 0.16384 0.0390897
-1.59 0.131698 0.0505972
-1.588 0.0983791 0.0574963
-1.586 0.0712948 0.0605426
-1.584 0.0557207 0.0600488
-1.582 0.0535613 0.0554305
-1.58 0.0629501 0.045185
-1.578 0.0787837 0.0273494
-1.576 0.0940617 0.000313578
-1.574 0.101704 -0.0362711
-1.572 0.0964017 -0.0808025
-1.57 0.0760538 -0.12952
-1.568 0.0424382 -0.176908
-1.566 0.000947953 -0.216673
-1.564 -0.0405697 -0.243073
-1.562 -0.0736243 -0.252307
-1.56 -0.0911374 -0.24358
-1.558 -0.0892612 -0.219559
-1.556 -0.0685148 -0.186024
-1.554 -0.0339403 -0.150726
-1.552 0.00577948 -0.121683
-1.55 0.040054 -0.105297
-1.548 0.0585714 -0.104769
-1.546 0.0534536 -0.11925
-1.544 0.0209232 -0.143969
-1.542 -0.0378433 -0.171342
-1.54 -0.116823 -0.192805
-1.538 -0.206173 -0.200919
-1.536 -0.293985 -0.191227
-1.534 -0.368418 -0.16337
-1.532 -0.419816 -0.12119
-1.53 -0.44237 -0.0717631
-1.528 -0.435007 -0.0235912
-1.526 -0.401335 0.015604
-1.524 -0.348692 0.0409121
-1.522 -0.286562 0.0515505
-1.52 -0.224698 0.0510856
-1.518 -0.171349 0.0464686
-1.516 -0.131899 0.0461065
-1.514 -0.108115 0.0574564
-1.512 -0.0981048 0.0847679
-1.51 -0.0969144 0.127575
-1.508 -0.0976488 0.180368
-1.506 -0.0928712 0.233574
-1.504 -0.0760201 0.275674
-1.502 -0.0425849 0.295937
-1.5 0.00914977 0.287122
-1.498 0.0778836 0.247445
-1.496 0.159591 0.181295
-1.494 0.248224 0.098487
-1.492 0.336666 0.0122058
-1.49 0.417767 -0.0638632
-1.488 0.485273 -0.118528
-1.486 0.534517 -0.145476
-1.484 0.562799 -0.14449
-1.482 0.569427 -0.121204
-1.48 0.5555 -0.0854766
-1.478 0.523512 -0.0487845
-1.476 0.476874 -0.0212973
-1.474 0.41945 -0.00936478
-1.472 0.355132 -0.0140686
-1.47 0.287507 -0.0312084
-1.468 0.219641 -0.0527171
-1.466 0.153979 -0.0691111
-1.464 0.0923841 -0.0723089
-1.462 0.0362479 -0.0580574
-1.46 -0.0133693 -0.0273152
-1.458 -0.0556319 0.0137805
-1.456 -0.0898801 0.0553787
-1.454 -0.115634 0.0864583
-1.452 -0.132627 0.0978204
-1.45 -0.140839 0.0847657
-1.448 -0.140549 0.0487506
-1.446 -0.132386 -0.00245375
-1.444 -0.117408 -0.0562099
-1.442 -0.097169 -0.0977829
-1.44 -0.0737508 -0.1138
-1.438 -0.049718 -0.0955806
-1.436 -0.0279891 -0.041534
-1.434 -0.0116207 0.0419896
-1.432 -0.00351186 0.141627
-1.43 -0.00603312 0.239544
-1.428 -0.0205918 0.317031
-1.426 -0.0471721 0.358363
-1.424 -0.0839371 0.354061
-1.422 -0.127022 0.302845
-1.42 -0.170656 0.211879
-1.418 -0.207684 0.0952761
-1.416 -0.23049 -0.0287554
-1.414 -0.232179 -0.141494
-1.412 -0.207844 -0.22723
-1.41 -0.155689 -0.276019
-1.408 -0.0778288 -0.285123
-1.406 0.0194191 -0.258916
-1.404 0.125842 -0.207354
-1.402 0.22831 -0.143416
-1.4 0.312368 -0.0801448
-1.398 0.364307 -0.0279553
-1.396 0.373428 0.00721775
-1.394 0.334147 0.0246033
-1.392 0.247546 0.0280827
-1.39 0.121992 0.0247309
-1.388 -0.0273942 0.0228404
-1.386 -0.180488 0.0299109
-1.384 -0.314911 0.0510207
-1.382 -0.409386 0.0878576
-1.38 -0.447112 0.138524
-1.378 -0.418609 0.198079
-1.376 -0.323502 0.259653
-1.374 -0.170951 0.315871
-1.372 0.0213933 0.360271
-1.37 0.229802 0.388404
-1.368 0.427908 0.398423
-1.366 0.590673 0.391083
-1.364 0.69822 0.369267
-1.362 0.738872 0.337216
-1.36 0.710845 0.299706
-1.358 0.622305 0.261309
-1.356 0.489839 0.22586
-1.354 0.335643 0.196114
-1.352 0.18396 0.17357
-1.35 0.0573332 0.158399
-1.348 -0.0267549 0.149466
-1.346 -0.0584093 0.144419
-1.344 -0.0366717 0.139872
-1.342 0.0304647 0.131659
-1.34 0.127349 0.115197
-1.338 0.233058 0.0859372
-1.336 0.324512 0.0399357
-1.334 0.379877 -0.0254947
-1.332 0.381812 -0.111077
-1.33 0.320157 -0.214909
-1.328 0.193728 -0.331982
-1.326 0.0109875 -0.454051
-1.324 -0.210554 -0.570025
-1.322 -0.446176 -0.666972
-1.32 -0.666916 -0.731704
-1.318 -0.843408 -0.752764
-1.316 -0.950218 -0.722514
-1.314 -0.970143 -0.638955
-1.312 -0.897799 -0.506938
-1.31 -0.741702 -0.33846
-1.308 -0.524158 -0.151859
-1.306 -0.278565 0.0301377
-1.304 -0.0442999 0.183387
-1.302 0.140083 0.285974
-1.3 0.24414 0.321984
-1.298 0.251898 0.284729
-1.296 0.165955 0.178741
-1.294 0.00830482 0.0199762
-1.292 -0.1826 -0.165988
-1.29 -0.358395 -0.347653
-1.288 -0.470049 -0.492654
-1.286 -0.478191 -0.573326
-1.284 -0.362415 -0.571806
-1.282 -0.127387 -0.483644
-1.28 0.195922 -0.319175
-1.278 0.554579 -0.102211
-1.276 0.883087 0.133843
-1.274 1.11616 0.35186
-1.272 1.20233 0.5178
-1.27 1.11561 0.607152
-1.268 0.862622 0.609696
-1.266 0.483361 0.531536
-1.264 0.0451408 0.393883
-1.262 -0.369537 0.22876
-1.26 -0.678914 0.0724724
-1.258 -0.818558 -0.0417764
-1.256 -0.755079 -0.0905629
-1.254 -0.493997 -0.0648058
-1.252 -0.0798892 0.0287134
-1.25 0.411399 0.169146
-1.248 0.88702 0.32627
-1.246 1.25502 0.467094
-1.244 1.44225 0.562959
-1.242 1.40858 0.59565
-1.24 1.15469 0.561165
-1.238 0.721741 0.470295
-1.236 0.183267 0.34589
-1.234 -0.369122 0.217426
-1.232 -0.843178 0.114159
-1.23 -1.16315 0.0584489
-1.228 -1.28324 0.0607553
-1.226 -1.19489 0.117377
-1.224 -0.926584 0.211335
-1.222 -0.536715 0.316111
-1.22 -0.101084 0.401361
-1.218 0.302036 0.439356
-1.216 0.606206 0.410811
-1.214 0.767748 0.308883
-1.212 0.771478 0.140567
-1.21 0.630756 -0.0747396
-1.208 0.382491 -0.309092
-1.206 0.0786464 -0.531333
-1.204 -0.223829 -0.71269
-1.202 -0.47276 -0.831459
-1.2 -0.62866 -0.875939
-1.198 -0.669796 -0.845263
-1.196 -0.593992 -0.748299
-1.194 -0.417377 -0.601123
-1.192 -0.170674 -0.423789
-1.19 0.106044 -0.237091
-1.188 0.369274 -0.0598783
-1.186 0.57792 0.092713
-1.184 0.698573 0.210031
-1.182 0.709868 0.285839
-1.18 0.605595 0.31775
-1.178 0.396161 0.306579
-1.176 0.107976 0.255911
-1.174 -0.219536 0.172011
-1.172 -0.539258 0.0639208
-1.17 -0.803523 -0.0565263
-1.168 -0.972072 -0.175143
-1.166 -1.01946 -0.276491
-1.164 -0.940394 -0.345684
-1.162 -0.751696 -0.370675
-1.16 -0.489982 -0.344606
-1.158 -0.205042 -0.267694
-1.156 0.050182 -0.148155
-1.154 0.231131 -0.00178307
-1.152 0.31213 0.149898
-1.15 0.293255 0.282708
-1.148 0.201568 0.373584
-1.146 0.0859197 0.404401
-1.144 0.006058 0.365152
-1.142 0.018205 0.25594
-1.14 0.160307 0.0874117
-1.138 0.440485 -0.12047
-1.136 0.831729 -0.341185
-1.134 1.27459 -0.545521
-1.132 1.68785 -0.705887
-1.13 1.98515 -0.800347
-1.128 2.09412 -0.815679
-1.126 1.97358 -0.749033
-1.124 1.62485 -0.608008
-1.122 1.09406 -0.409278
-1.12 0.464812 -0.176021
-1.118 -0.157952 0.0654858
-1.116 -0.669271 0.289696
-1.114 -0.986265 0.475539
-1.112 -1.06589 0.60954
-1.11 -0.914124 0.687722
-1.108 -0.584312 0.715901
-1.106 -0.164713 0.708212
-1.104 0.241767 0.684095
-1.102 0.540955 0.664226
-1.1 0.668289 0.666099
-1.098 0.602261 0.700016
-1.096 0.36732 0.766242
-1.094 0.0257206 0.853957
-1.092 -0.339545 0.942472
-1.09 -0.646439 1.00476
-1.088 -0.834803 1.01291
-1.086 -0.881242 0.944501
-1.084 -0.804177 0.788678
-1.082 -0.657673 0.550336
-1.08 -0.515562 0.251376
-1.078 -0.449935 -0.0716226
-1.076 -0.509682 -0.37315
-1.074 -0.704861 -0.607029
-1.072 -1.00127 -0.735732
-1.07 -1.327 -0.7389
-1.068 -1.58968 -0.619191
-1.066 -1.70027 -0.403893
-1.064 -1.5975 -0.141486
-1.062 -1.2666 0.106634
-1.06 -0.747258 0.277912
-1.058 -0.128022 0.321567
-1.056 0.471877 0.209941
-1.054 0.929512 -0.0542345
-1.052 1.1476 -0.436393
-1.05 1.07918 -0.875019
-1.048 0.741354 -1.29213
-1.046 0.214481 -1.60751
-1.044 -0.373661 -1.754
-1.042 -0.875585 -1.6909
-1.04 -1.15755 -1.41271
-1.038 -1.13102 -0.951121
-1.036 -0.774578 -0.369638
-1.034 -0.140729 0.248151
-1.032 0.654261 0.814309
-1.03 1.45529 1.25293
-1.028 2.10231 1.51375
-1.026 2.46531 1.58038
-1.024 2.47234 1.47155
-1.022 2.12444 1.23547
-1.02 1.49425 0.938577
-1.018 0.708802 0.651049
-1.016 -0.0793551 0.432253
-1.014 -0.725899 0.319129
-1.012 -1.1255 0.319967
-1.01 -1.2324 0.41476
-1.008 -1.06627 0.561716
-1.006 -0.702724 0.708171
-1.004 -0.251454 0.80318
-1.002 0.171815 0.808904
-1 0.47246 0.708394
-0.998 0.596666 0.508295
-0.996 0.539387 0.236146
-0.994 0.339392 -0.0668526
-0.992 0.0634444 -0.355805
-0.99 -0.215608 -0.592368
-0.988 -0.440581 -0.752847
-0.986 -0.585459 -0.832293
-0.984 -0.660418 -0.843815
-0.982 -0.705202 -0.813585
-0.98 -0.773074 -0.773051
-0.978 -0.910345 -0.75044
-0.976 -1.1377 -0.763682
-0.974 -1.43902 -0.816346
-0.972 -1.76131 -0.897399
-0.97 -2.02621 -0.984616
-0.968 -2.15038 -1.05069
-0.966 -2.06937 -1.07044
-0.964 -1.7586 -1.02738
-0.962 -1.24533 -0.917921
-0.96 -0.607584 -0.752181
-0.958 0.0403171 -0.551276
-0.956 0.572874 -0.341821
-0.954 0.882999 -0.149236
-0.952 0.908714 0.00831308
-0.95 0.649921 0.123773
-0.948 0.170515 0.201932
-0.946 -0.415288 0.256954
-0.944 -0.969528 0.307443
-0.942 -1.36368 0.370326
-0.94 -1.5102 0.455147
-0.938 -1.38433 0.560288
-0.936 -1.03027 0.672283
-0.934 -0.549913 0.768589
-0.932 -0.0763788 0.823316
-0.93 0.260872 0.814482
-0.928 0.370793 0.730882
-0.926 0.226426 0.576669
-0.924 -0.125193 0.372352
-0.922 -0.571909 0.151773
-0.92 -0.962576 -0.0443774
-0.918 -1.14471 -0.177174
-0.916 -1.00483 -0.218367
-0.914 -0.501593 -0.157528
-0.912 0.317097 -0.00564166
-0.91 1.31804 0.206031
-0.908 2.30803 0.431883
-0.906 3.07531 0.621577
-0.904 3.43783 0.7312
-0.902 3.28729 0.733381
-0.9 2.61839 0.623972
-0.898 1.53637 0.42374
-0.896 0.240048 0.174576
-0.894 -1.01628 -0.0690553
-0.892 -1.97467 -0.251737
-0.89 -2.42788 -0.329373
-0.888 -2.26447 -0.279456
-0.886 -1.49459 -0.106915
-0.884 -0.250515 0.155935
-0.882 1.23824 0.455536
-0.88 2.69025 0.728025
-0.878 3.82829 0.912543
-0.876 4.43477 0.963946
-0.874 4.39506 0.862145
-0.872 3.7201 0.616086
-0.87 2.54357 0.261603
-0.868 1.0944 -0.146356
-0.866 -0.349817 -0.545415
-0.864 -1.51865 -0.878802
-0.862 -2.20257 -1.10683
-0.86 -2.29346 -1.21423
-0.858 -1.80435 -1.2117
-0.856 -0.864905 -1.13148
-0.854 0.30556 -1.01823
-0.852 1.44176 -0.917544
-0.85 2.28401 -0.865061
-0.848 2.62787 -0.878513
-0.846 2.36252 -0.954534
-0.844 1.49083 -1.0706
-0.842 0.127902 -1.19143
-0.84 -1.52127 -1.27825
-0.838 -3.19997 -1.29854
-0.836 -4.64608 -1.23412
-0.834 -5.63766 -1.08531
-0.832 -6.02954 -0.870268
-0.83 -5.77486 -0.61971
-0.828 -4.92869 -0.368402
-0.826 -3.63418 -0.145881
-0.824 -2.09473 0.031081
-0.822 -0.538024 0.162293
-0.82 0.82159 0.263333
-0.818 1.81559 0.360423
-0.816 2.34381 0.482362
-0.814 2.38402 0.651525
-0.812 1.98839 0.876184
-0.81 1.26878 1.14613
-0.808 0.374538 1.43286
-0.806 -0.532493 1.6945
-0.804 -1.30171 1.88444
-0.802 -1.81265 1.96172
-0.8 -1.98742 1.90051
-0.798 -1.79631 1.6966
-0.796 -1.25751 1.36926
-0.794 -0.432371 0.958044
-0.792 0.582448 0.515515
-0.79 1.66514 0.0972656
-0.788 2.68067 -0.248488
-0.786 3.49432 -0.489632
-0.784 3.98643 -0.61542
-0.782 4.0676 -0.637265
-0.78 3.6932 -0.585067
-0.778 2.87499 -0.50001
-0.776 1.68773 -0.42546
-0.774 0.267721 -0.397885
-0.772 -1.19873 -0.439596
-0.77 -2.49778 -0.554677
-0.768 -3.41977 -0.728765
-0.766 -3.79592 -0.932525
-0.764 -3.53302 -1.1279
-0.762 -2.63845 -1.27565
-0.76 -1.2288 -1.34262
-0.758 0.481885 -1.30738
-0.756 2.21406 -1.16344
-0.754 3.67031 -0.919881
-0.752 4.59048 -0.599578
-0.75 4.80381 -0.235373
-0.748 4.26729 0.135106
-0.746 3.08114 0.475163
-0.744 1.47639 0.754247
-0.742 -0.225312 0.951668
-0.74 -1.67314 1.05823
-0.738 -2.55814 1.07578
-0.736 -2.6792 1.0153
-0.734 -1.9893 0.894222
-0.732 -0.611272 0.733546
-0.73 1.18164 0.555216
-0.728 3.01763 0.379749
-0.726 4.50064 0.224367
-0.724 5.29191 0.101759
-0.722 5.18193 0.0195236
-0.72 4.13704 -0.0198964
-0.718 2.31022 -0.0191617
-0.716 0.0130857 0.0138439
-0.714 -2.34574 0.0657316
-0.712 -4.343 0.117582
-0.71 -5.62665 0.145835
-0.708 -5.98706 0.124676
-0.706 -5.39855 0.0301113
-0.704 -4.02255 -0.154606
-0.702 -2.17217 -0.433056
-0.7 -0.245685 -0.790549
-0.698 1.35643 -1.19138
-0.696 2.31324 -1.57995
-0.694 2.44651 -1.88681
-0.692 1.75222 -2.03935
-0.69 0.394841 -1.97586
-0.688 -1.33305 -1.66011
-0.686 -3.07575 -1.09326
-0.684 -4.48911 -0.319905
-0.682 -5.30902 0.573951
-0.68 -5.39951 1.4719
-0.678 -4.77186 2.24606
-0.676 -3.57193 2.78113
-0.674 -2.04041 2.9989
-0.672 -0.455677 2.87783
-0.67 0.926984 2.46218
-0.668 1.92635 1.85744
-0.666 2.46564 1.21152
-0.664 2.57709 0.684803
-0.662 2.38201 0.415141
-0.66 2.05289 0.485435
-0.658 1.76773 0.901259
-0.656 1.66746 1.58417
-0.654 1.8255 2.38313
-0.652 2.23536 3.10277
-0.65 2.81751 3.54325
-0.648 3.44281 3.54356
-0.646 3.96571 3.01867
-0.644 4.25916 1.98193
-0.642 4.24285 0.546773
-0.64 3.89872 -1.09331
-0.638 3.27129 -2.70264
-0.636 2.4541 -4.05105
-0.634 1.56641 -4.96069
-0.632 0.726224 -5.34153
-0.63 0.0258936 -5.20735
-0.628 -0.484557 -4.66879
-0.626 -0.80322 -3.90502
-0.624 -0.970667 -3.12108
-0.622 -1.05507 -2.5007
-0.62 -1.13238 -2.16589
-0.618 -1.26661 -2.15241
-0.616 -1.495 -2.40648
-0.614 -1.82077 -2.80277
-0.612 -2.21409 -3.17885
-0.61 -2.62028 -3.37701
-0.608 -2.97249 -3.28342
-0.606 -3.20595 -2.85488
-0.604 -3.27088 -2.12715
-0.602 -3.1414 -1.20313
-0.6 -2.81895 -0.22448
-0.598 -2.3302 0.665598
-0.596 -1.72063 1.35846
-0.594 -1.04592 1.80552
-0.592 -0.363668 2.02654
-0.59 0.273268 2.09916
-0.588 0.821055 2.13286
-0.586 1.24708 2.23487
-0.584 1.53062 2.47743
-0.582 1.66266 2.87502
-0.58 1.64545 3.37779
-0.578 1.49217 3.88268
-0.576 1.22705 4.2598
-0.574 0.885208 4.38693
-0.572 0.511559 4.18345
-0.57 0.15736 3.63439
-0.568 -0.126081 2.79825
-0.566 -0.296206 1.7962
-0.564 -0.32891 0.785234
-0.562 -0.226849 -0.0780596
-0.56 -0.0240142 -0.673922
-0.558 0.215177 -0.947145
-0.556 0.403139 -0.919148
-0.554 0.442537 -0.681408
-0.552 0.244534 -0.371789
-0.55 -0.250811 -0.139547
-0.548 -1.05586 -0.107679
-0.546 -2.12294 -0.342019
-0.544 -3.34209 -0.834745
-0.542 -4.55147 -1.50618
-0.54 -5.56006 -2.22399
-0.538 -6.17955 -2.83474
-0.536 -6.26 -3.19977
-0.534 -5.72243 -3.22719
-0.532 -4.58166 -2.89285
-0.53 -2.95368 -2.24572
-0.528 -1.04484 -1.39705
-0.526 0.877032 -0.49573
-0.524 2.52546 0.304087
-0.522 3.64504 0.875539
-0.52 4.05911 1.14429
-0.518 3.70615 1.10103
-0.516 2.65748 0.799322
-0.514 1.11176 0.340234
-0.512 -0.634089 -0.151767
-0.51 -2.23344 -0.556098
-0.508 -3.35033 -0.780723
-0.506 -3.72101 -0.779471
-0.504 -3.20547 -0.559057
-0.502 -1.81904 -0.175088
-0.5 0.262643 0.281343
-0.498 2.72726 0.702997
-0.496 5.17483 0.987411
-0.494 7.1844 1.05523
-0.492 8.38688 0.862944
-0.49 8.53153 0.408776
-0.488 7.53405 -0.268252
-0.486 5.49738 -1.09481
-0.484 2.70106 -1.97385
-0.482 -0.440091 -2.79781
-0.48 -3.44137 -3.4629
-0.478 -5.82739 -3.88302
-0.476 -7.2116 -4.00186
-0.474 -7.36257 -3.80155
-0.472 -6.24525 -3.30645
-0.47 -4.02959 -2.58107
-0.468 -1.06444 -1.72182
-0.466 2.17943 -0.843251
-0.464 5.18773 -0.0603831
-0.462 7.48945 0.530253
-0.46 8.73716 0.867882
-0.458 8.76666 0.939877
-0.456 7.62507 0.78648
-0.454 5.56158 0.495877
-0.452 2.98198 0.189245
-0.45 0.374479 -0.00248671
-0.448 -1.77968 0.0339375
-0.446 -3.09439 0.368271
-0.444 -3.34926 1.00858
-0.442 -2.52919 1.89525
-0.44 -0.825538 2.90909
-0.438 1.40169 3.89214
-0.436 3.69363 4.67741
-0.434 5.58129 5.12175
-0.432 6.67612 5.13539
-0.43 6.74482 4.70202
-0.428 5.75366 3.88477
-0.426 3.87355 2.81577
-0.424 1.44493 1.67087
-0.422 -1.09067 0.634207
-0.42 -3.27869 -0.139616
-0.418 -4.7417 -0.557486
-0.416 -5.25346 -0.606447
-0.414 -4.78192 -0.355051
-0.412 -3.49236 0.0628244
-0.41 -1.71049 0.478027
-0.408 0.146328 0.72361
-0.406 1.65506 0.671967
-0.404 2.47232 0.263972
-0.402 2.4021 -0.476012
-0.4 1.43324 -1.44264
-0.398 -0.259872 -2.46943
-0.396 -2.35256 -3.36182
-0.394 -4.43375 -3.93633
-0.392 -6.08568 -4.05738
-0.39 -6.96381 -3.66394
-0.388 -6.86142 -2.78108
-0.386 -5.74663 -1.5148
-0.384 -3.76589 -0.0323321
-0.382 -1.21478 1.46767
-0.38 1.51638 2.78897
-0.378 4.01055 3.76936
-0.376 5.89266 4.30465
-0.374 6.88741 4.36118
-0.372 6.8579 3.97541
-0.37 5.82059 3.24174
-0.368 3.9366 2.29217
-0.366 1.48243 1.27264
-0.364 -1.19418 0.320833
-0.362 -3.72614 -0.451083
-0.36 -5.77938 -0.967245
-0.358 -7.09871 -1.19246
-0.356 -7.54185 -1.13125
-0.354 -7.0975 -0.823117
-0.352 -5.88599 -0.335485
-0.35 -4.1425 0.244444
-0.348 -2.18468 0.818203
-0.346 -0.368254 1.28498
-0.344 0.965031 1.55133
-0.342 1.5409 1.54202
-0.34 1.20026 1.21158
-0.338 -0.0666877 0.554988
-0.336 -2.10731 -0.385086
-0.334 -4.6189 -1.51731
-0.332 -7.18759 -2.70892
-0.33 -9.35008 -3.80152
-0.328 -10.6699 -4.63372
-0.326 -10.8162 -5.0671
-0.324 -9.63172 -5.01087
-0.322 -7.17497 -4.4401
-0.32 -3.72719 -3.40346
-0.318 0.241831 -2.01787
-0.316 4.14558 -0.450191
-0.314 7.3789 1.11116
-0.312 9.42492 2.4896
-0.31 9.95127 3.55207
-0.308 8.8774 4.23243
-0.306 6.40022 4.54139
-0.304 2.97153 4.56058
-0.302 -0.771196 4.42178
-0.3 -4.1111 4.27551
-0.298 -6.37826 4.25559
-0.296 -7.0731 4.44703
-0.294 -5.96326 4.86439
-0.292 -3.13402 5.44549
-0.29 1.0181 6.06235
-0.288 5.84788 6.54731
-0.286 10.5685 6.72884
-0.284 14.3839 6.46873
-0.282 16.6232 5.69258
-0.28 16.8553 4.40672
-0.278 14.9625 2.69872
-0.276 11.1627 0.722353
-0.274 5.9755 -1.32896
-0.272 0.137399 -3.25451
-0.27 -5.51746 -4.87854
-0.268 -10.1919 -6.07729
-0.266 -13.2523 -6.79654
-0.264 -14.3256 -7.05691
-0.262 -13.3532 -6.94572
-0.26 -10.5922 -6.59707
-0.258 -6.56603 -6.1647
-0.256 -1.97502 -5.79368
-0.254 2.41858 -5.59734
-0.252 5.91035 -5.64287
-0.25 7.96021 -5.94635
-0.248 8.26998 -6.47512
-0.246 6.82202 -7.15504
-0.244 3.87488 -7.88063
-0.242 -0.0817154 -8.52757
-0.24 -4.40465 -8.96696
-0.238 -8.39545 -9.08074
-0.236 -11.4032 -8.77663
-0.234 -12.9174 -8.00105
-0.232 -12.638 -6.74817
-0.23 -10.5145 -5.06402
-0.228 -6.75081 -3.04462
-0.226 -1.7773 -0.827578
-0.224 3.80643 1.42283
-0.222 9.3092 3.53598
-0.22 14.0371 5.35793
-0.218 17.3823 6.77315
-0.216 18.9018 7.72032
-0.214 18.3757 8.19856
-0.212 15.8401 8.26262
-0.21 11.5894 8.00787
-0.208 6.14692 7.54829
-0.206 0.204783 6.99179
-0.204 -5.4608 6.41771
-0.202 -10.0916 5.86133
-0.2 -13.0538 5.3096
-0.198 -13.9342 4.70974
-0.196 -12.6118 3.98977
-0.194 -9.29176 3.08623
-0.192 -4.49223 1.97238
-0.19 1.0167 0.679233
-0.188 6.31857 -0.697072
-0.186 10.4872 -2.00503
-0.184 12.7357 -3.06404
-0.182 12.5538 -3.7018
-0.18 9.81133 -3.79412
-0.178 4.80476 -3.29732
-0.176 -1.76381 -2.26548
-0.174 -8.87915 -0.848455
-0.172 -15.366 0.728898
-0.17 -20.0806 2.20282
-0.168 -22.109 3.31584
-0.166 -20.9371 3.86323
-0.164 -16.5606 3.73188
-0.162 -9.51083 2.92328
-0.16 -0.788605 1.55503
-0.158 8.2873 -0.160167
-0.156 16.2939 -1.95352
-0.154 21.9446 -3.54856
-0.152 24.3131 -4.70831
-0.15 23.0015 -5.27131
-0.148 18.2175 -5.17035
-0.146 10.7484 -4.43235
-0.144 1.83219 -3.1628
-0.142 -7.0499 -1.52139
-0.14 -14.4253 0.304271
-0.138 -19.0826 2.1214
-0.136 -20.2812 3.74894
-0.134 -17.8804 5.0288
-0.132 -12.3628 5.83316
-0.13 -4.7476 6.06978
-0.128 3.59462 5.68657
-0.126 11.1874 4.6762
-0.124 16.7086 3.08129
-0.122 19.2157 0.999742
-0.12 18.2954 -1.41113
-0.118 14.1169 -3.93546
-0.116 7.38635 -6.3099
-0.114 -0.783975 -8.24998
-0.112 -9.06696 -9.49262
-0.11 -16.1416 -9.84872
-0.108 -20.9086 -9.25208
-0.106 -22.6664 -7.78805
-0.104 -21.2147 -5.69007
-0.102 -16.8688 -3.30179
-0.1 -10.3822 -1.01345
-0.098 -2.79764 0.813051
-0.096 4.74014 1.91519
-0.094 11.1722 2.18411
-0.092 15.6809 1.69197
-0.09 17.7926 0.684854
-0.088 17.4213 -0.461757
-0.086 14.8519 -1.32071
-0.084 10.6732 -1.51135
-0.082 5.66994 -0.797108
-0.08 0.691606 0.84296
-0.078 -3.48197 3.19128
-0.076 -6.25649 5.82915
-0.074 -7.30202 8.22836
-0.072 -6.58475 9.87469
-0.07 -4.35119 10.3914
-0.068 -1.07254 9.63251
-0.066 2.6386 7.72452
-0.064 6.12462 5.04841
-0.062 8.77896 2.16608
-0.06 10.1298 -0.294179
-0.058 9.90237 -1.77132
-0.056 8.0535 -1.89767
-0.054 4.77632 -0.591181
-0.052 0.474086 1.90874
-0.05 -4.29405 5.07499
-0.048 -8.88961 8.1951
-0.046 -12.6844 10.5229
-0.044 -15.1501 11.4449
-0.042 -15.9341 10.6195
-0.04 -14.909 8.05382
-0.038 -12.189 4.10059
-0.036 -8.11465 -0.620923
-0.034 -3.20896 -5.35627
-0.032 1.88699 -9.36712
-0.03 6.49462 -12.0693
-0.028 9.98892 -13.132
-0.026 11.8903 -12.523
-0.024 11.9419 -10.496
-0.022 10.1543 -7.52421
-0.02 6.80514 -4.1931
-0.018 2.3935 -1.07366
-0.016 -2.44029 1.3936
-0.014 -7.00813 2.97408
-0.012 -10.6642 3.65456
-0.01 -12.8819 3.59894
-0.008 -13.3161 3.06435
-0.006 -11.8529 2.3088
-0.004 -8.63918 1.51986
-0.002 -4.08141 0.781745
0 1.20003 0.0838449
0.002 6.46214 -0.638327
0.004 10.9618 -1.44513
0.006 14.0771 -2.33541
0.008 15.4006 -3.20783
0.01 14.7869 -3.85561
0.012 12.3555 -4.00279
0.014 8.46015 -3.37867
0.016 3.63924 -1.81225
0.018 -1.44795 0.68287
0.02 -6.09927 3.86452
0.022 -9.66064 7.27904
0.024 -11.6209 10.3393
0.026 -11.6927 12.4443
0.028 -9.8607 13.1082
0.03 -6.38269 12.071
0.032 -1.74601 9.36546
0.034 3.41057 5.32984
0.036 8.39087 0.56064
0.038 12.5357 -4.18939
0.04 15.3071 -8.15255
0.042 16.3556 -10.7005
0.044 15.5653 -11.4778
0.046 13.0698 -10.4818
0.048 9.23446 -8.0648
0.05 4.60452 -4.85572
0.052 -0.172895 -1.61721
0.054 -4.44161 0.924109
0.056 -7.62904 2.23277
0.058 -9.32565 2.069
0.06 -9.34119 0.5231
0.062 -7.73136 -2.02174
0.064 -4.79226 -4.98467
0.066 -1.02273 -7.71754
0.068 2.94185 -9.64288
0.07 6.41764 -10.3722
0.072 8.77203 -9.78184
0.074 9.52255 -8.03163
0.076 8.42091 -5.52121
0.078 5.50812 -2.79314
0.08 1.12861 -0.403957
0.082 -4.10369 1.20523
0.084 -9.38684 1.80584
0.086 -13.8493 1.42275
0.088 -16.6872 0.312156
0.09 -17.2978 -1.11241
0.092 -15.3882 -2.38282
0.094 -11.0436 -3.08159
0.096 -4.7418 -2.92702
0.098 2.69131 -1.82433
0.1 10.1876 0.122853
0.102 16.5944 2.63825
0.104 20.8641 5.32892
0.106 22.242 7.76109
0.108 20.4168 9.54227
0.11 15.5961 10.3934
0.112 8.49228 10.195
0.114 0.21627 8.99687
0.116 -7.8998 6.99273
0.118 -14.5205 4.47022
0.12 -18.5299 1.75363
0.122 -19.2236 -0.846318
0.124 -16.4407 -3.06786
0.126 -10.6092 -4.71803
0.128 -2.69217 -5.68015
0.13 5.96289 -5.91341
0.132 13.8505 -5.44717
0.134 19.5693 -4.37183
0.136 22.0708 -2.82693
0.138 20.8462 -0.987428
0.14 16.0179 0.950729
0.142 8.31805 2.78541
0.144 -1.03746 4.3236
0.146 -10.5574 5.3981
0.148 -18.7275 5.8861
0.15 -24.263 5.7278
0.152 -26.32 4.94161
0.154 -24.6273 3.63058
0.156 -19.5194 1.97531
0.158 -11.8651 0.211427
0.16 -2.90675 -1.4062
0.162 5.95698 -2.64617
0.164 13.4073 -3.34111
0.166 18.4167 -3.41708
0.168 20.4018 -2.90505
0.17 19.2941 -1.93213
0.172 15.5214 -0.694874
0.174 9.90772 0.578688
0.176 3.51306 1.67047
0.178 -2.55515 2.4091
0.18 -7.32594 2.69588
0.182 -10.1129 2.51576
0.184 -10.6051 1.93152
0.186 -8.89047 1.0624
0.188 -5.41468 0.0522745
0.19 -0.886258 -0.965204
0.192 3.85129 -1.89532
0.194 7.95852 -2.69804
0.196 10.7281 -3.38743
0.198 11.6834 -4.01633
0.2 10.6371 -4.65112
0.202 7.70271 -5.34399
0.204 3.26438 -6.10979
0.206 -2.08919 -6.91343
0.208 -7.65371 -7.67057
0.21 -12.7077 -8.26113
0.212 -16.6069 -8.55193
0.214 -18.8645 -8.42318
0.216 -19.2072 -7.79331
0.218 -17.6041 -6.63728
0.22 -14.2661 -4.995
0.222 -9.6152 -2.968
0.224 -4.22975 -0.705425
0.226 1.23002 1.61789
0.228 6.10665 3.8261
0.23 9.82991 5.76492
0.232 11.9908 7.31831
0.234 12.3955 8.41766
0.236 11.0921 9.04369
0.238 8.36588 9.22273
0.24 4.70195 9.01896
0.242 0.718212 8.52444
0.244 -2.92326 7.84792
0.246 -5.61484 7.1036
0.248 -6.89702 6.40066
0.25 -6.53264 5.83368
0.252 -4.54925 5.47378
0.254 -1.242 5.35976
0.256 2.86517 5.48982
0.258 7.09569 5.81566
0.26 10.724 6.24258
0.262 13.0909 6.63856
0.264 13.7133 6.85336
0.266 12.3679 6.74479
0.268 9.13564 6.20676
0.27 4.39729 5.19252
0.272 -1.22102 3.7278
0.274 -6.94355 1.91128
0.276 -11.9676 -0.0979335
0.278 -15.5931 -2.10389
0.28 -17.3361 -3.90488
0.282 -17.008 -5.32732
0.284 -14.7446 -6.25624
0.286 -10.9809 -6.65605
0.288 -6.37631 -6.57638
0.29 -1.70145 -6.1405
0.292 2.29152 -5.51822
0.294 4.99508 -4.88872
0.296 6.04607 -4.40183
0.298 5.38157 -4.14647
0.3 3.24066 -4.13335
0.302 0.112283 -4.29539
0.304 -3.36007 -4.50553
0.306 -6.49751 -4.60746
0.308 -8.70585 -4.45255
0.31 -9.5749 -3.93502
0.312 -8.941 -3.01803
0.314 -6.90408 -1.74552
0.316 -3.79894 -0.237429
0.318 -0.127254 1.33038
0.32 3.53614 2.75734
0.322 6.64534 3.85429
0.324 8.77483 4.47734
0.326 9.68419 4.55296
0.328 9.34601 4.08993
0.33 7.93488 3.17618
0.332 5.78316 1.9621
0.334 3.31451 0.6341
0.336 0.968367 -0.616092
0.338 -0.871338 -1.62081
0.34 -1.93245 -2.25963
0.342 -2.08857 -2.47328
0.344 -1.36772 -2.26738
0.346 0.062718 -1.70665
0.348 1.92995 -0.902009
0.35 3.90143 0.00682515
0.352 5.63501 0.870602
0.354 6.82702 1.54943
0.356 7.25344 1.92971
0.358 6.80006 1.93766
0.36 5.47892 1.54866
0.362 3.42877 0.791376
0.364 0.899057 -0.253684
0.366 -1.78165 -1.46137
0.368 -4.24947 -2.67494
0.37 -6.15632 -3.72443
0.372 -7.22148 -4.44924
0.374 -7.27659 -4.72253
0.376 -6.29659 -4.47337
0.378 -4.41077 -3.70233
0.38 -1.89006 -2.48631
0.382 0.889734 -0.970794
0.384 3.50524 0.650086
0.386 5.555 2.16263
0.388 6.72979 3.36728
0.39 6.8703 4.11136
0.392 5.99969 4.31517
0.394 4.32297 3.98628
0.396 2.19131 3.2187
0.398 0.0370465 2.17567
0.4 -1.70848 1.0588
0.402 -2.69838 0.0689262
0.404 -2.73859 -0.632955
0.406 -1.82759 -0.956587
0.408 -0.159193 -0.898365
0.41 1.9131 -0.539275
0.412 3.94428 -0.0256338
0.414 5.48579 0.463105
0.416 6.17593 0.752909
0.418 5.8142 0.71244
0.42 4.40389 0.281567
0.422 2.15391 -0.514856
0.424 -0.560646 -1.57104
0.426 -3.27126 -2.72147
0.428 -5.5071 -3.77469
0.43 -6.88659 -4.55218
0.432 -7.19121 -4.92389
0.434 -6.40731 -4.83283
0.436 -4.72788 -4.30429
0.438 -2.51399 -3.43855
0.44 -0.223769 -2.38952
0.442 1.67692 -1.33393
0.444 2.80466 -0.437357
0.446 2.93197 0.176459
0.448 2.03015 0.447413
0.45 0.273763 0.387655
0.452 -1.99341 0.0756932
0.454 -4.32416 -0.362334
0.456 -6.25243 -0.779675
0.458 -7.3806 -1.03814
0.46 -7.45336 -1.03348
0.462 -6.40479 -0.71272
0.464 -4.37075 -0.0813169
0.466 -1.66499 0.799664
0.468 1.27602 1.82494
0.47 3.96933 2.86252
0.472 5.96942 3.77437
0.474 6.94504 4.43728
0.476 6.73569 4.76082
0.478 5.37823 4.70017
0.48 3.09916 4.26218
0.482 0.274501 3.5042
0.484 -2.63542 2.52607
0.486 -5.16427 1.45641
0.488 -6.91775 0.434905
0.49 -7.63795 -0.407469
0.492 -7.24353 -0.967662
0.494 -5.83943 -1.18685
0.496 -3.69491 -1.06105
0.498 -1.19418 -0.643624
0.5 1.23143 -0.0382325
0.502 3.17782 0.617971
0.504 4.33591 1.17875
0.506 4.54131 1.51674
0.508 3.79778 1.54955
0.51 2.27108 1.25811
0.512 0.255622 0.693173
0.514 -1.87967 -0.0325072
0.516 -3.75574 -0.765193
0.518 -5.04676 -1.34092
0.52 -5.53178 -1.62003
0.522 -5.12631 -1.51841
0.524 -3.88979 -1.02822
0.526 -2.00875 -0.22293
0.528 0.240196 0.755649
0.53 2.53984 1.7262
0.532 4.5852 2.50639
0.534 6.13024 2.95232
0.536 7.02074 2.98978
0.538 7.20908 2.6301
0.54 6.75 1.96688
0.542 5.78017 1.15423
0.544 4.4869 0.371097
0.546 3.07261 -0.220243
0.548 1.72164 -0.512124
0.55 0.574943 -0.476561
0.552 -0.284112 -0.171233
0.554 -0.832063 0.275356
0.556 -1.09744 0.695967
0.558 -1.14593 0.926003
0.56 -1.06244 0.843978
0.562 -0.933467 0.401227
0.564 -0.832594 -0.366185
0.566 -0.810555 -1.346
0.568 -0.890769 -2.37638
0.57 -1.07001 -3.28399
0.572 -1.32306 -3.92388
0.574 -1.60945 -4.21159
0.576 -1.88052 -4.13944
0.578 -2.08526 -3.77351
0.58 -2.1751 -3.2325
0.582 -2.10795 -2.65452
0.584 -1.85246 -2.16064
0.586 -1.39284 -1.82469
0.588 -0.733717 -1.65681
0.59 0.0960929 -1.6048
0.592 1.04205 -1.57241
0.594 2.02576 -1.44982
0.596 2.95086 -1.14763
0.598 3.71304 -0.625332
0.6 4.2137 0.0938932
0.602 4.37548 0.926323
0.604 4.15702 1.74814
0.606 3.56364 2.42774
0.608 2.65109 2.86114
0.61 1.52048 3.00097
0.612 0.304819 2.87104
0.614 -0.851025 2.5624
0.616 -1.81357 2.21156
0.618 -2.48287 1.96583
0.62 -2.80946 1.94459
0.622 -2.80223 2.20603
0.624 -2.52515 2.72807
0.626 -2.08304 3.40861
0.628 -1.59882 4.08579
0.63 -1.18745 4.57363
0.632 -0.932279 4.70506
0.634 -0.869384 4.37191
0.636 -0.983329 3.55256
0.638 -1.21537 2.32052
0.64 -1.4821 0.831896
0.642 -1.70001 -0.705431
0.644 -1.81002 -2.07395
0.646 -1.79514 -3.09046
0.648 -1.68644 -3.64201
0.65 -1.55465 -3.70608
0.652 -1.48912 -3.35106
0.654 -1.56914 -2.71761
0.656 -1.8353 -1.98589
0.658 -2.26881 -1.33638
0.66 -2.78507 -0.913136
0.662 -3.24451 -0.796987
0.664 -3.47995 -0.99356
0.666 -3.3353 -1.43757
0.668 -2.70742 -2.01136
0.67 -1.58098 -2.57287
0.672 -0.0467807 -2.98645
0.674 1.70321 -3.15001
0.676 3.40538 -3.01281
0.678 4.77389 -2.58128
0.68 5.56003 -1.91284
0.682 5.60824 -1.10068
0.684 4.89594 -0.25371
0.686 3.54702 0.523421
0.688 1.81475 1.1467
0.69 0.0359886 1.563
0.692 -1.43464 1.75354
0.694 -2.29754 1.73105
0.696 -2.37231 1.53238
0.698 -1.63875 1.20883
0.7 -0.245085 0.81652
0.702 1.51978 0.408475
0.704 3.28461 0.0294024
0.706 4.6727 -0.287049
0.708 5.38076 -0.519167
0.71 5.24277 -0.657011
0.712 4.2649 -0.701794
0.714 2.62405 -0.665007
0.716 0.630056 -0.567276
0.718 -1.33997 -0.436673
0.72 -2.92117 -0.306206
0.722 -3.83694 -0.210186
0.724 -3.95507 -0.179512
0.726 -3.31219 -0.236328
0.728 -2.10198 -0.389053
0.73 -0.630321 -0.62907
0.732 0.75223 -0.930174
0.734 1.72574 -1.2513
0.736 2.06799 -1.54225
0.738 1.6994 -1.75149
0.74 0.696947 -1.83476
0.742 -0.725047 -1.76298
0.744 -2.26217 -1.52828
0.746 -3.5844 -1.14674
0.748 -4.40361 -0.657127
0.75 -4.53015 -0.1156
0.752 -3.90739 0.4131
0.754 -2.61868 0.866214
0.756 -0.867167 1.1934
0.758 1.06584 1.36509
0.76 2.87429 1.37723
0.762 4.28187 1.25163
0.764 5.08702 1.03172
0.766 5.19135 0.774464
0.768 4.6074 0.539523
0.77 3.44693 0.377748
0.772 1.89403 0.32112
0.774 0.170179 0.376195
0.776 -1.50137 0.522494
0.778 -2.92578 0.716282
0.78 -3.95764 0.899143
0.782 -4.5116 1.0098
0.784 -4.56385 0.996918
0.786 -4.1463 0.830358
0.788 -3.33643 0.508512
0.79 -2.2448 0.0600286
0.792 -1.00219 -0.460612
0.794 0.25282 -0.982915
0.796 1.38566 -1.43362
0.798 2.27727 -1.75063
0.8 2.83564 -1.89483
0.802 3.00714 -1.85721
0.804 2.78608 -1.65995
0.806 2.22057 -1.35106
0.808 1.41166 -0.993739
0.81 0.504154 -0.652687
0.812 -0.331495 -0.380445
0.814 -0.924317 -0.206873
0.816 -1.13141 -0.134138
0.818 -0.865006 -0.138234
0.82 -0.112806 -0.176491
0.822 1.05297 -0.199116
0.824 2.48069 -0.16198
0.826 3.95912 -0.0376689
0.828 5.24976 0.17773
0.83 6.12675 0.463628
0.832 6.41768 0.779932
0.834 6.03742 1.07683
0.836 5.00827 1.30689
0.838 3.46148 1.43656
0.84 1.6189 1.45397
0.842 -0.243116 1.37134
0.844 -1.84141 1.22134
0.846 -2.93685 1.04846
0.848 -3.37873 0.897582
0.85 -3.13377 0.802612
0.852 -2.29387 0.777857
0.854 -1.0604 0.814332
0.856 0.292573 0.881941
0.858 1.4695 0.937169
0.86 2.20963 0.934493
0.862 2.33752 0.838728
0.864 1.7978 0.635188
0.866 0.666871 0.335025
0.868 -0.861347 -0.0256583
0.87 -2.51313 -0.392784
0.872 -3.98876 -0.705701
0.874 -5.02137 -0.910388
0.876 -5.42887 -0.971484
0.878 -5.14854 -0.880468
0.88 -4.24748 -0.658169
0.882 -2.90727 -0.350926
0.884 -1.38611 -0.0210911
0.886 0.0337969 0.266095
0.888 1.10276 0.456334
0.89 1.65238 0.517584
0.892 1.62632 0.446248
0.894 1.08679 0.266911
0.896 0.195646 0.0259046
0.898 -0.824906 -0.219595
0.9 -1.7428 -0.414351
0.902 -2.36614 -0.516909
0.904 -2.58183 -0.508078
0.906 -2.37486 -0.394383
0.908 -1.82487 -0.205852
0.91 -1.08189 0.0113115
0.912 -0.327377 0.205516
0.914 0.269716 0.331501
0.916 0.591762 0.360216
0.918 0.597086 0.284547
0.92 0.325226 0.119711
0.922 -0.117631 -0.101458
0.924 -0.588677 -0.336886
0.926 -0.946066 -0.545114
0.928 -1.0846 -0.694285
0.93 -0.96091 -0.768312
0.932 -0.602204 -0.768963
0.934 -0.0971002 -0.713569
0.936 0.428787 -0.629053
0.938 0.845853 -0.543857
0.94 1.05359 -0.479867
0.942 1.00544 -0.446407
0.944 0.719409 -0.437864
0.946 0.272287 -0.435509
0.948 -0.220604 -0.413005
0.95 -0.634562 -0.344132
0.952 -0.866108 -0.210714
0.954 -0.857437 -0.00868767
0.956 -0.608919 0.249295
0.958 -0.176933 0.535463
0.96 0.341962 0.812459
0.962 0.836116 1.04151
0.964 1.20642 1.19129
0.966 1.3893 1.24522
0.968 1.36936 1.20547
0.97 1.17885 1.09237
0.972 0.884888 0.9396
0.974 0.568634 0.78602
0.976 0.302356 0.666258
0.978 0.13084 0.602199
0.98 0.061931 0.59751
0.982 0.0684599 0.63658
0.984 0.100587 0.68827
0.986 0.104745 0.713699
0.988 0.0435197 0.676292
0.99 -0.0895422 0.551632
0.992 -0.264802 0.334664
0.994 -0.422983 0.042317
0.996 -0.491765 -0.289249
0.998 -0.408094 -0.612271
1 -0.140023 -0.878141
1.002 0.298178 -1.0488
1.004 0.842341 -1.10602
1.006 1.388 -1.05643
1.008 1.81177 -0.930737
1.01 1.9999 -0.777237
1.012 1.87718 -0.650768
1.014 1.42878 -0.599454
1.016 0.7091 -0.652365
1.018 -0.165451 -0.811107
1.02 -1.03884 -1.04754
1.022 -1.74806 -1.30835
1.024 -2.1586 -1.52562
1.026 -2.1945 -1.63117
1.028 -1.85595 -1.57152
1.03 -1.22021 -1.32051
1.032 -0.425458 -0.886653
1.034 0.358934 -0.313793
1.036 0.969173 0.325643
1.038 1.28252 0.943453
1.04 1.24334 1.45218
1.042 0.873811 1.78182
1.044 0.266991 1.89321
1.046 -0.435782 1.78512
1.048 -1.07753 1.49376
1.05 -1.52056 1.08494
1.052 -1.67562 0.64086
1.054 -1.51901 0.244129
1.056 -1.09418 -0.0375815
1.058 -0.498023 -0.163568
1.06 0.144331 -0.126531
1.062 0.709928 0.0476223
1.064 1.10619 0.306419
1.066 1.29018 0.582381
1.068 1.27474 0.807012
1.07 1.12045 0.924294
1.072 0.916283 0.900973
1.074 0.754081 0.731791
1.076 0.703524 0.438964
1.078 0.793804 0.0664166
1.08 1.00633 -0.329703
1.082 1.28001 -0.692174
1.084 1.52758 -0.97327
1.086 1.65852 -1.14281
1.088 1.60296 -1.19231
1.09 1.33028 -1.13478
1.092 0.858224 -1.00041
1.094 0.250077 -0.829424
1.096 -0.398919 -0.663529
1.098 -0.982755 -0.537762
1.1 -1.40825 -0.474142
1.102 -1.6155 -0.478146
1.104 -1.59044 -0.538461
1.106 -1.36668 -0.629875
1.108 -1.01637 -0.718688
1.11 -0.632577 -0.769578
1.112 -0.307551 -0.752662
1.114 -0.112153 -0.649476
1.116 -0.0812708 -0.456836
1.118 -0.20828 -0.187943
1.12 -0.449332 0.129378
1.122 -0.735884 0.456954
1.124 -0.992092 0.752335
1.126 -1.15281 0.975671
1.128 -1.17811 1.09632
1.13 -1.06112 1.09813
1.132 -0.827846 0.982385
1.134 -0.529333 0.767869
1.136 -0.22841 0.487943
1.138 0.0155173 0.185022
1.14 0.159947 -0.096469
1.142 0.187915 -0.317396
1.144 0.110126 -0.450138
1.146 -0.039424 -0.482657
1.148 -0.212792 -0.419765
1.15 -0.359869 -0.281458
1.152 -0.439752 -0.0986693
1.154 -0.429205 0.0927455
1.156 -0.326596 0.258667
1.158 -0.15084 0.372708
1.16 0.0639716 0.420378
1.162 0.276615 0.400665
1.164 0.447441 0.324862
1.166 0.545824 0.213124
1.168 0.55502 0.0896766
1.17 0.473907 -0.0221869
1.172 0.315825 -0.10428
1.174 0.105227 -0.146085
1.176 -0.126871 -0.145345
1.178 -0.347714 -0.106779
1.18 -0.527113 -0.0394557
1.182 -0.640808 0.0463284
1.184 -0.672761 0.141771
1.186 -0.616522 0.241132
1.188 -0.475919 0.341814
1.19 -0.26513 0.443111
1.192 -0.00800721 0.544167
1.194 0.263737 0.641966
1.196 0.51382 0.730085
1.198 0.706205 0.798738
1.2 0.810979 0.83624
1.202 0.810306 0.831618
1.204 0.703138 0.777732
1.206 0.507366 0.67403
1.208 0.258474 0.528105
1.21 0.00443772 0.35541
1.212 -0.202585 0.176969
1.214 -0.31637 0.0154712
1.216 -0.306604 -0.109418
1.218 -0.166525 -0.185377
1.22 0.0836929 -0.210292
1.222 0.398988 -0.192881
1.224 0.716925 -0.150822
1.226 0.969495 -0.106726
1.228 1.09692 -0.0828289
1.23 1.06064 -0.0955926
1.232 0.852522 -0.151481
1.234 0.498248 -0.244976
1.236 0.0536345 -0.359394
1.238 -0.40551 -0.470451
1.24 -0.798164 -0.551824
1.242 -1.05444 -0.58147
1.244 -1.12999 -0.5472
1.246 -1.01539 -0.450182
1.248 -0.738251 -0.30549
1.25 -0.357824 -0.139507
1.252 0.0469898 0.015279
1.254 0.393546 0.126992
1.256 0.612033 0.17118
1.258 0.659299 0.136256
1.26 0.527153 0.0264013
1.262 0.243506 -0.138744
1.264 -0.133783 -0.327606
1.266 -0.528982 -0.502709
1.268 -0.863866 -0.627997
1.27 -1.07317 -0.675923
1.272 -1.1169 -0.632882
1.274 -0.987224 -0.501903
1.276 -0.708674 -0.302127
1.278 -0.332121 -0.0652207
1.28 0.0760419 0.170514
1.282 0.447092 0.367161
1.284 0.722854 0.493975
1.286 0.86581 0.532685
1.288 0.86464 0.480376
1.29 0.734471 0.349544
1.292 0.512155 0.165447
1.294 0.247906 -0.0386328
1.296 -0.00479981 -0.227251
1.298 -0.199039 -0.368722
1.3 -0.30224 -0.440075
1.302 -0.300805 -0.430281
1.304 -0.201085 -0.341331
1.306 -0.0268932 -0.187118
1.308 0.185717 0.00950952
1.31 0.395289 0.220916
1.312 0.562129 0.419285
1.314 0.654632 0.580877
1.316 0.653866 0.689271
1.318 0.555954 0.737143
1.32 0.372157 0.72642
1.322 0.126869 0.666904
1.324 -0.146098 0.573773
1.326 -0.408416 0.464451
1.328 -0.622675 0.355481
1.33 -0.757673 0.259903
1.332 -0.792824 0.185568
1.334 -0.721135 0.134581
1.336 -0.550334 0.103861
1.338 -0.302034 0.0866133
1.34 -0.00900203 0.0743462
1.342 0.289162 0.0589837
1.344 0.551453 0.0346407
1.346 0.74131 -0.00127513
1.348 0.832039 -0.0478026
1.35 0.810954 -0.100973
1.352 0.681481 -0.154957
1.354 0.462791 -0.203494
1.356 0.186968 -0.241273
1.358 -0.105884 -0.264969
1.36 -0.373807 -0.273757
1.362 -0.579449 -0.269228
1.364 -0.695757 -0.254797
1.366 -0.709955 -0.23477
1.368 -0.625152 -0.213351
1.37 -0.459282 -0.193826
1.372 -0.241624 -0.178091
1.374 -0.00755265 -0.166582
1.376 0.207499 -0.158523
1.378 0.373777 -0.15235
1.38 0.471656 -0.146149
1.382 0.494097 -0.137983
1.384 0.44679 -0.126064
1.386 0.346104 -0.108776
1.388 0.215354 -0.0846431
1.39 0.0801675 -0.0523424
1.392 -0.0361413 -0.0108564
1.394 -0.116366 0.0401966
1.396 -0.151749 0.100079
1.398 -0.142561 0.166414
1.4 -0.0969417 0.234823
1.402 -0.0283444 0.298926
1.404 0.0478235 0.350885
1.406 0.11764 0.382499
1.408 0.171478 0.386718
1.41 0.205649 0.359293
1.412 0.222601 0.300152
1.414 0.229738 0.214141
1.416 0.237204 0.110838
1.418 0.255154 0.00335741
1.42 0.29111 -0.0936959
1.422 0.347948 -0.166774
1.424 0.422901 -0.2059
1.426 0.507793 -0.206613
1.428 0.590433 -0.170893
1.43 0.656926 -0.10683
1.432 0.694408 -0.0270585
1.434 0.693663 0.0537194
1.436 0.651088 0.121629
1.438 0.56961 0.166304
1.44 0.458382 0.182763
1.442 0.331304 0.172077
1.444 0.204654 0.140663
1.446 0.0942776 0.0984249
1.448 0.012837 0.0561967
1.45 -0.0323433 0.023155
1.452 -0.0404739 0.0048299
1.454 -0.017328 0.00218066
1.456 0.0258768 0.0119032
1.458 0.0745155 0.0278141
1.46 0.113126 0.0428913
1.462 0.12804 0.051404
1.464 0.109627 0.0505671
1.466 0.0537708 0.0412916
1.468 -0.0376054 0.0278338
1.47 -0.157023 0.0164306
1.472 -0.292782 0.013276
1.474 -0.430877 0.0223882
1.476 -0.557134 0.0439769
1.478 -0.659189 0.0738131
1.48 -0.728013 0.103845
1.482 -0.758798 0.123961
1.484 -0.751133 0.124485
1.486 -0.708563 0.0987462
1.488 -0.637646 0.0450676
1.49 -0.546734 -0.0323797
1.492 -0.444697 -0.124101
1.494 -0.339802 -0.217091
1.496 -0.238923 -0.297525
1.498 -0.147142 -0.353702
1.5 -0.0677009 -0.378542
1.502 -0.00219428 -0.371039
1.504 0.0491479 -0.336328
1.506 0.0871781 -0.28435
1.508 0.113582 -0.227432
1.51 0.130626 -0.177393
1.512 0.140874 -0.142847
1.514 0.146845 -0.12737
1.516 0.150686 -0.128938
1.518 0.15391 -0.140758
1.52 0.15726 -0.153263
1.522 0.160715 -0.156741
1.524 0.163611 -0.143947
1.526 0.164862 -0.112015
1.528 0.163283 -0.0632166
1.53 0.15798 -0.00437327
1.532 0.148769 0.0548872
1.534 0.1365 0.104564
1.536 0.123161 0.136777
1.538 0.111643 0.147691
1.54 0.105162 0.138417
1.542 0.106461 0.114683
1.544 0.116973 0.0853856
1.546 0.136194 0.0603955
1.548 0.161432 0.0481599
1.55 0.188059 0.0536846
1.552 0.210217 0.0773772
1.554 0.221899 0.115008
1.556 0.218187 0.158769
1.558 0.196401 0.199147
1.56 0.156916 0.227119
1.562 0.103415 0.236149
1.564 0.0424894 0.223509
1.566 -0.0174043 0.190666
1.568 -0.0674457 0.142711
1.57 -0.100138 0.0870464
1.572 -0.110825 0.0316858
1.574 -0.098709 -0.0163871
1.576 -0.0671044 -0.0524449
1.578 -0.0228585 -0.0745767
1.58 0.0249632 -0.0835273
1.582 0.0668339 -0.0819441
1.584 0.0945716 -0.0733075
1.586 0.1028 -0.0608775
1.588 0.0897743 -0.0469542
1.59 0.0574488 -0.0326254
1.592 0.0108379 -0.0180104
1.594 -0.0431355 -0.00285079
1.596 -0.0970336 0.0127993
1.598 -0.144245 0.0280457
1.6 -0.180012 0.0409895
1.602 -0.20195 0.049003
1.604 -0.210004 0.0493826
1.606 -0.205908 0.0401951
1.608 -0.192371 0.021063
1.61 -0.172244 -0.00636714
1.612 -0.147951 -0.0384541
1.614 -0.121289 -0.0701378
1.616 -0.0936081 -0.0959635
1.618 -0.0662139 -0.11132
1.62 -0.0407614 -0.113591
1.622 -0.0194507 -0.102906
1.624 -0.00489716 -0.0822827
1.626 0.000324967 -0.0570721
1.628 -0.00564031 -0.0337996
1.63 -0.0232144 -0.0186647
1.632 -0.0508411 -0.0160474
1.634 -0.0848127 -0.0273946
1.636 -0.119593 -0.0507699
1.638 -0.148652 -0.081194
1.64 -0.165681 -0.11171
1.642 -0.16594 -0.134933
1.644 -0.147409 -0.144727
1.646 -0.111433 -0.137621
1.648 -0.0626637 -0.113644
1.65 -0.00825151 -0.0763757
1.652 0.0435409 -0.0322032
1.654 0.0850112 0.0110608
1.656 0.110582 0.0458891
1.658 0.117898 0.0666936
1.66 0.108204 0.0710446
1.662 0.0859287 0.0601766
1.664 0.0575841 0.0386667
1.666 0.0302442 0.013366
1.668 0.00996223 -0.00816544
1.67 0.000486135 -0.0193597
1.672 0.00255812 -0.0160937
1.674 0.0139455 0.00241797
1.676 0.030175 0.0334714
1.678 0.0457735 0.0714734
1.68 0.0556972 0.109143
1.682 0.0565843 0.139047
1.684 0.0475215 0.155133
1.686 0.0301475 0.153948
1.688 0.00810313 0.135285
1.69 -0.0139929 0.102158
1.692 -0.031745 0.0601075
1.694 -0.0420397 0.0160398
1.696 -0.0437038 -0.0231619
1.698 -0.0376234 -0.0519318
1.7 -0.0263335 -0.0669684
1.702 -0.0132172 -0.0676618
1.704 -0.00155049 -0.0559606
1.706 0.00634487 -0.0357591
1.708 0.00961295 -0.0119741
1.71 0.00891463 0.0104705
1.712 0.00602705 0.0275442
1.714 0.0031334 0.0367343
1.716 0.00203167 0.0373044
1.718 0.00350748 0.0301861
1.72 0.00705793 0.0175724
1.722 0.0110429 0.00233713
1.724 0.0132118 -0.0125794
1.726 0.011446 -0.0246914
1.728 0.00449722 -0.0323111
1.73 -0.00749557 -0.0346841
1.732 -0.0228711 -0.031937
1.734 -0.0387485 -0.024895
1.736 -0.0517054 -0.0148434
1.738 -0.0586631 -0.00329166
1.74 -0.0577441 0.00821989
1.742 -0.0488645 0.018264
1.744 -0.033888 0.0256298
1.746 -0.016279 0.0294044
1.748 -0.00032755 0.0290463
1.75 0.00986848 0.0244522
1.752 0.0114087 0.016005
1.754 0.00332849 0.00458038
1.756 -0.013119 -0.00851608
1.758 -0.0347133 -0.0216961
1.76 -0.0569894 -0.0333166
1.762 -0.0752559 -0.0419589
1.764 -0.0856577 -0.0467058
1.766 -0.0860261 -0.0473531
1.768 -0.0763168 -0.0444952
1.77 -0.0585437 -0.0394482
1.772 -0.0362438 -0.0340061
1.774 -0.0136171 -0.03007
1.776 0.00543994 -0.0292249
1.778 0.0181763 -0.0323588
1.78 0.0235096 -0.0394173
1.782 0.0221224 -0.0493586
1.784 0.0161295 -0.0603291
1.786 0.00842118 -0.0700285
1.788 0.00186585 -0.0761889
1.79 -0.00141892 -0.0770625
1.792 -0.000542988 -0.0718137
1.794 0.00403794 -0.0607251
1.796 0.0107693 -0.0451699
1.798 0.0175211 -0.0273536
1.8 0.0222331 -0.00987588
1.802 0.0235038 0.00479086
1.804 0.0209708 0.0147921
1.806 0.0153891 0.0192421
1.808 0.00839821 0.0183585
1.81 0.00204771 0.0133577
1.812 -0.00178419 0.00614311
1.814 -0.00192065 -0.00113388
1.816 0.00177834 -0.00653781
1.818 0.00836376 -0.00873513
1.82 0.01604 -0.00722532
1.822 0.0226352 -0.0023782
1.824 0.0261742 0.00471677
1.826 0.0254043 0.0125433
1.828 0.0201402 0.0195199
1.83 0.0113392 0.0243459
1.832 0.000891733 0.0262577
1.834 -0.00882039 0.0251447
1.836 -0.0154878 0.0215108
1.838 -0.0174199 0.0163048
1.84 -0.0139434 0.0106708
1.842 -0.00556078 0.00568363
1.844 0.00616328 0.00213044
1.846 0.0189534 0.000382047
1.848 0.0303258 0.000369902
1.85 0.038123 0.00166107
1.852 0.0409614 0.00360245
1.854 0.0384946 0.00549496
1.856 0.0314427 0.00675694
1.858 0.0213912 0.00704259
1.86 0.0104129 0.00629477
1.862 0.000608198 0.00472794
1.864 -0.00633229 0.00275307
1.866 -0.00944719 0.000868025
1.868 -0.00864574 -0.000458419
1.87 -0.00465463 -0.000883479
1.872 0.0012014 -0.000251441
1.874 0.00732405 0.00138718
1.876 0.0121933 0.00379494
1.878 0.0146717 0.00659616
1.88 0.0142019 0.00934349
1.882 0.0108694 0.0115913
1.884 0.00532831 0.0129651
1.886 -0.00137928 0.0132183
1.888 -0.00806311 0.0122678
1.89 -0.013629 0.0102048
1.892 -0.0172775 0.00727899
1.894 -0.0186226 0.00385967
1.896 -0.0177172 0.000379636
1.898 -0.0149935 -0.00273016
1.9 -0.01114 -0.00510548
1.902 -0.00694843 -0.00650367
1.904 -0.00316271 -0.00683994
1.906 -0.000356652 -0.00619817
1.908 0.00114098 -0.0048132
1.91 0.00126835 -0.00302643
1.912 0.00020323 -0.00122177
1.914 -0.00170121 0.000245722
1.916 -0.00400016 0.00111433
1.918 -0.00624312 0.00125989
1.92 -0.00804719 0.00071084
1.922 -0.00914818 -0.000368251
1.924 -0.00942539 -0.0017201
1.926 -0.0089006 -0.00305442
1.928 -0.00771558 -0.00411026
1.93 -0.00609442 -0.00470705
1.932 -0.00429829 -0.00477425
1.934 -0.00258027 -0.00435436
1.936 -0.00114714 -0.0035811
1.938 -0.000133276 -0.00263964
1.94 0.00041058 -0.00171978
1.942 0.000513702 -0.000973573
1.944 0.000269341 -0.000487036
1.946 -0.00018959 -0.000271007
1.948 -0.000718168 -0.000271217
1.95 -0.00118552 -0.0003927
1.952 -0.00149516 -0.000530694
1.954 -0.0015966 -0.000599403
1.956 -0.00148717 -0.000551513
1.958 -0.00120471 -0.000384602
1.96 -0.000813755 -0.000134523
1.962 -0.000388678 0.000140655
1.964 2.18034e-06 0.000380408
1.966 0.000308485 0.00053921
1.968 0.000504063 0.000597091
1.97 0.000587018 0.000561351
1.972 0.000574888 0.000460258
1.974 0.000496871 0.00033184
1.976 0.000385424 0.000211821
1.978 0.000269219 0.000124397
1.98 0.000168677 7.81044e-05
1.982 9.44136e-05 6.71217e-05
1.984 4.81368e-05 7.6646e-05
1.986 2.51558e-05 8.99224e-05
1.988 1.75115e-05 9.43703e-05
1.99 1.69169e-05 8.49429e-05
1.992 1.69536e-05 6.40787e-05
1.994 1.42661e-05 3.88926e-05
1.996 8.73436e-06 1.71672e-05
1.998 2.77268e-06 3.93878e-06
0.5 0.0153308 -0.00445992
1 0.0135994 -0.00314261
1.5 0.0138694 -0.000188746
2 0.0201096 0.00599038
2.5 0.0358196 0.017627
3 0.0617127 0.0363633
3.5 0.0938711 0.0614125
4 0.123988 0.0882446
4.5 0.142553 0.109008
5 0.144025 0.115087
5.5 0.131312 0.100907
6 0.11647 0.0671106
6.5 0.116193 0.0212336
7 0.14359 -0.0248017
7.5 0.200315 -0.0593906
8 0.273565 -0.0758631
8.5 0.340245 -0.0746939
9 0.376815 -0.0622358
9.5 0.37005 -0.0467792
10 0.323241 -0.0341498
10.5 0.254651 -0.0251982
11 0.189151 -0.0163676
11.5 0.147509 -0.00275349
12 0.138744 0.018254
12.5 0.158934 0.0448193
13 0.196109 0.0710706
13.5 0.237638 0.0896427
14 0.275713 0.0948292
14.5 0.308274 0.084684
15 0.335852 0.0611872
15.5 0.35721 0.0287224
16 0.367017 -0.00806992
16.5 0.357116 -0.0458695
17 0.320448 -0.082994
17.5 0.255163 -0.118523
18 0.166555 -0.150905
18.5 0.0660002 -0.176931
19 -0.0321451 -0.191782
19.5 -0.113959 -0.190377
20 -0.168398 -0.169639
20.5 -0.188565 -0.130786
21 -0.172387 -0.080453
21.5 -0.123121 -0.0297347
22 -0.0494164 0.0090217
22.5 0.0358421 0.0267067
23 0.118332 0.0213465
23.5 0.186023 -0.000584301
24 0.232161 -0.0264804
24.5 0.255835 -0.0428798
25 0.259816 -0.0413891
25.5 0.247098 -0.0223695
26 0.218624 0.00556884
26.5 0.173981 0.0301244
27 0.114799 0.0416219
27.5 0.04837 0.0378056
28 -0.011626 0.024607
28.5 -0.0489974 0.0125514
29 -0.0523096 0.0108238
29.5 -0.0218178 0.0222325
30 0.0281509 0.0417288
30.5 0.0735207 0.0591301
31 0.090105 0.0644196
31.5 0.0641644 0.0527196
32 -0.00124551 0.0264045
32.5 -0.0872825 -0.00649213
33 -0.167223 -0.0364305
33.5 -0.217506 -0.0567395
34 -0.226832 -0.0660325
34.5 -0.199448 -0.0677524
35 -0.151649 -0.0674998
35.5 -0.103667 -0.0697975
36 -0.0709507 -0.0759458
36.5 -0.0587114 -0.0837851
37 -0.061754 -0.0891048
37.5 -0.0690627 -0.0877157
38 -0.0704854 -0.0771425
38.5 -0.0621223 -0.0573614
39 -0.0478815 -0.0306153
39.5 -0.0366819 -0.000712608
40 -0.0369849 0.0277874
40.5 -0.0516568 0.0503409
41 -0.0759294 0.0631954
41.5 -0.0995414 0.0642337
42 -0.111867 0.053748
42.5 -0.107219 0.0347956
43 -0.0874166 0.012779
43.5 -0.0602998 -0.00583743
44 -0.0351074 -0.0153482
44.5 -0.0174232 -0.0125249
45 -0.00652247 0.00241436
45.5 0.00349187 0.0259241
46 0.0195835 0.052227
46.5 0.0451596 0.0749367
47 0.0775441 0.0886821
47.5 0.108832 0.0903583
48 0.129479 0.0798384
48.5 0.132568 0.0600857
49 0.116583 0.0366007
49.5 0.085573 0.0161494
50 0.0470918 0.00489615
50.5 0.0093417 0.00640865
51 -0.0209997 0.0202962
51.5 -0.039546 0.0422099
52 -0.0438432 0.0654298
52.5 -0.0327765 0.0834717
53 -0.00655409 0.0925088
53.5 0.0325341 0.0923733
54 0.0791108 0.0856027
54.5 0.124383 0.0751011
55 0.157267 0.0618341
55.5 0.167113 0.0440229
56 0.14736 0.0184404
56.5 0.0987638 -0.0168829
57 0.0306992 -0.0601785
57.5 -0.0404978 -0.105302
58 -0.0961004 -0.143543
58.5 -0.121138 -0.167062
59 -0.109846 -0.172149
59.5 -0.068081 -0.160564
60 -0.0113982 -0.138283
60.5 0.0407076 -0.11242
61 0.0721124 -0.0880603
61.5 0.0758079 -0.0666635
62 0.0555985 -0.0467019
62.5 0.0231721 -0.0258947
63 -0.00779408 -0.00356982
63.5 -0.027449 0.0182288
64 -0.0326924 0.0354028
64.5 -0.0261473 0.0436872
65 -0.0123826 0.0406078
65.5 0.00592993 0.0264829
66 0.0294111 0.00413583
66.5 0.0601071 -0.022262
67 0.0977259 -0.0484603
67.5 0.136665 -0.0709488
68 0.166149 -0.0872594
68.5 0.173953 -0.0960623
69 0.151988 -0.0973586
69.5 0.100829 -0.0927379
70 0.0307164 -0.0853302
70.5 -0.0415336 -0.0790776
71 -0.0981994 -0.0773461
71.5 -0.126237 -0.0814431
72 -0.120496 -0.0898737
72.5 -0.0837775 -0.0988983
73 -0.0245324 -0.104241
73.5 0.046234 -0.103084
74 0.117558 -0.0952536
74.5 0.180203 -0.0829453
75 0.227678 -0.0692414
75.5 0.256902 -0.0563976
76 0.268357 -0.0450111
76.5 0.265298 -0.0345546
77 0.251869 -0.0248119
77.5 0.23078 -0.0170943
78 0.201885 -0.0142157
78.5 0.162867 -0.0190163
79 0.112119 -0.032225
79.5 0.0523487 -0.0509886
80 -0.00747908 -0.0691037
80.5 -0.0537452 -0.079037
81 -0.0733537 -0.0748024
81.5 -0.0602618 -0.0542973
82 -0.01988 -0.0200281
82.5 0.0315169 0.0219615
83 0.0728623 0.0642845
83.5 0.0874389 0.100472
84 0.0707918 0.126484
84.5 0.0333672 0.141206
85 -0.00382371 0.146165
85.5 -0.0188677 0.144804
86 0.000386795 0.141528
86.5 0.049688 0.140543
87 0.1091 0.144568
87.5 0.151119 0.153715
88 0.152802 0.165061
88.5 0.106551 0.173338
89 0.0246462 0.172706
89.5 -0.0647383 0.159022
90 -0.128491 0.13162
90.5 -0.14185 0.0937883
91 -0.0982904 0.0517179
91.5 -0.0118217 0.0123954
92 0.0890886 -0.0185845
92.5 0.173052 -0.038395
93 0.217656 -0.0471214
93.5 0.216855 -0.0468816
94 0.181383 -0.0405432
94.5 0.132967 -0.0306868
95 0.095509 -0.0191649
95.5 0.0870056 -0.00721427
96 0.114778 0.00418576
96.5 0.174662 0.0140412
97 0.253252 0.0213338
97.5 0.331823 0.0252408
98 0.390867 0.0254204
98.5 0.414679 0.0221836
99 0.395436 0.0164569
99.5 0.335847 0.00954574
100 0.249221 0.00279438
100.5 0.156316 -0.00273196
101 0.0795827 -0.00643534
101.5 0.0367712 -0.00819425
102 0.0363481 -0.00821923
102.5 0.0764024 -0.00684303
103 0.146952 -0.00435661
103.5 0.233953 -0.000968981
104 0.322821 0.00310614
104.5 0.40019 0.007513
105 0.454224 0.0116777
105.5 0.474912 0.0148745
106 0.455601 0.0164314
106.5 0.395633 0.0159874
107 0.302509 0.0136708
107.5 0.19151 0.0101033
108 0.0818383 0.00621642
108.5 -0.00964608 0.00295968
109 -0.0743524 0.00102316
109.5 -0.114607 0.000681577
110 -0.141594 0.0017994
110.5 -0.169509 0.00396187
111 -0.208656 0.00665172
111.5 -0.260567 0.00939275
112 -0.31702 0.0118194
112.5 -0.362949 0.0136783
113 -0.381713 0.0147975
113.5 -0.360733 0.0150617
114 -0.295882 0.0144104
114.5 -0.193787 0.0128549
115 -0.0716593 0.0104924
115.5 0.0454671 0.00750366
116 0.129996 0.00412985
116.5 0.158791 0.000637859
117 0.120259 -0.00271224
117.5 0.0190527 -0.00568991
118 -0.12383 -0.00810627
118.5 -0.276404 -0.00981995
119 -0.405138 -0.0107404
119.5 -0.485166 -0.0108298
120 -0.507335 -0.0101026
120.5 -0.47928 -0.00862571
121 -0.420258 -0.00652076
121.5 -0.35213 -0.00397103
122 -0.290488 -0.00122714
122.5 -0.239696 0.0014001
123 -0.19363 0.00357235
123.5 -0.141323 0.00498656
124 -0.0745056 0.00545649
124.5 0.00654637 0.00498663
125 0.0915016 0.00380524
125.5 0.163297 0.00233055
126 0.204634 0.0010648
126.5 0.204715 0.000439206
127 0.163394 0.0006597
127.5 0.09126 0.00161536
128 0.00592772 0.00290023
128.5 -0.0736966 0.00395999
129 -0.132904 0.00431923
129.5 -0.164598 0.00379591
130 -0.169864 0.00259685
130.5 -0.156051 0.00122914
131 -0.133413 0.00024737
131.5 -0.111568 -5.36269e-05
132 -0.0967633 0.000153963
132.5 -0.0905091 0.000243886
133 -0.0896652 -0.00061428
133.5 -0.0877 -0.00307353
134 -0.0765778 -0.00727522
134.5 -0.0486765 -0.0127242
135 0.00170236 -0.018434
135.5 0.0773299 -0.0232735
136 0.17733 -0.0263552
136.5 0.296453 -0.0273
137 0.424351 -0.0262852
137.5 0.54539 -0.0238879
138 0.639862 -0.0208205
138.5 0.687233 -0.0176792
139 0.6712 -0.0147987
139.5 0.585194 -0.0122406
140 0.436244 -0.00989217
140.5 0.245344 -0.0076092
141 0.0436647 -0.0053372
141.5 -0.134444 -0.00316113
142 -0.259462 -0.0012716
142.5 -0.313308 0.000124875
143 -0.29282 0.000895634
143.5 -0.209585 0.00101752
144 -0.0865448 0.000539257
144.5 0.0476566 -0.000495522
145 0.165446 -0.00209482
145.5 0.246884 -0.00427737
146 0.284386 -0.00695316
146.5 0.28387 -0.00981569
147 0.261342 -0.0123724
147.5 0.235524 -0.0141846
148 0.219195 -0.015251
148.5 0.21313 -0.0163252
149 0.205893 -0.0189007
149.5 0.18013 -0.0247112
150 0.122596 -0.0348341
150.5 0.0328281 -0.0487587
151 -0.0743285 -0.0639133
151.5 -0.174038 -0.0760294
152 -0.242139 -0.080381
152.5 -0.265644 -0.0734978
153 -0.247608 -0.0546595
153.5 -0.204042 -0.0264828
154 -0.154966 0.00573563
154.5 -0.114875 0.0357221
155 -0.0878711 0.058305
155.5 -0.0697318 0.0710333
156 -0.0548798 0.0747169
156.5 -0.0433703 0.0727591
157 -0.0431332 0.0696638
157.5 -0.0657646 0.0693818
158 -0.11824 0.0741102
158.5 -0.195612 0.0838528
159 -0.279487 0.0966959
159.5 -0.343967 0.109542
160 -0.36658 0.119024
160.5 -0.338758 0.122428
161 -0.270335 0.118502
161.5 -0.1854 0.10797
162 -0.111168 0.0935242
162.5 -0.0651776 0.0790534
163 -0.0471592 0.0681719
163.5 -0.0397738 0.0625322
164 -0.018153 0.0607164
164.5 0.0362479 0.0584591
165 0.124263 0.0504041
165.5 0.225886 0.0327919
166 0.30731 0.00582855
166.5 0.335115 -0.0255572
167 0.29108 -0.053184
167.5 0.180754 -0.0688288
168 0.0319117 -0.0677458
168.5 -0.116096 -0.0508175
169 -0.226944 -0.0242852
169.5 -0.279256 0.00281243
170 -0.271066 0.0222577
170.5 -0.216086 0.0296473
171 -0.134884 0.025493
171.5 -0.0459539 0.0141692
172 0.0393478 0.00147253
172.5 0.116825 -0.00791011
173 0.186106 -0.0119141
173.5 0.246943 -0.0111551
174 0.29747 -0.00785604
174.5 0.33486 -0.00440406
175 0.357164 -0.00227
175.5 0.364623 -0.00165983
176 0.359568 -0.00183351
176.5 0.345244 -0.00175401
177 0.324653 -0.000692745
177.5 0.300257 0.00145016
178 0.274455 0.00417438
178.5 0.250003 0.00668217
179 0.229518 0.00830505
179.5 0.214044 0.00887639
180 0.201591 0.00888586
180.5 0.186955 0.0093205
181 0.163519 0.0112229
181.5 0.126498 0.0151412
182 0.0760128 0.0207332
182.5 0.0181972 0.0267447
183 -0.0365547 0.0314191
183.5 -0.0775583 0.033172
184 -0.0981569 0.0312256
184.5 -0.0982746 0.0259108
185 -0.0839942 0.0185125
185.5 -0.064496 0.0107569
186 -0.0480188 0.0041937
186.5 -0.0389052 -0.000268077
187 -0.0370777 -0.00252626
187.5 -0.0399073 -0.00316521
188 -0.0451362 -0.00316188
188.5 -0.0530279 -0.00354497
189 -0.0664596 -0.00509029
189.5 -0.0889267 -0.00809233
190 -0.121671 -0.0122435
190.5 -0.161667 -0.0166624
191 -0.201725 -0.0200997
191.5 -0.23276 -0.0212924
192 -0.247061 -0.0193581
192.5 -0.240879 -0.0140787
193 -0.21512 -0.00596457
193.5 -0.1741 0.00390289
194 -0.123433 0.0141413
194.5 -0.0684607 0.02331
195 -0.0140474 0.0300547
195.5 0.0346235 0.0332025
196 0.0714753 0.031926
196.5 0.0903591 0.0260366
197 0.0874268 0.0163126
197.5 0.0638803 0.00461312
198 0.0272193 -0.00647836
198.5 -0.0103745 -0.0145409
199 -0.0363302 -0.0184678
199.5 -0.0428015 -0.0193492
200 -0.0300157 -0.0205319
200.5 -0.00602121 -0.0266086
201 0.0171448 -0.041595
201.5 0.0289545 -0.067019
202 0.0248139 -0.100785
202.5 0.00737703 -0.137404
203 -0.0155245 -0.169571
203.5 -0.034867 -0.190487
204 -0.0441162 -0.195953
204.5 -0.0409474 -0.185444
205 -0.0267133 -0.161841
205.5 -0.00462432 -0.130115
206 0.0219624 -0.0956393
206.5 0.0502383 -0.0628222
207 0.0776349 -0.0344435
207.5 0.101204 -0.0116526
208 0.117434 0.00566048
208.5 0.122793 0.018423
209 0.114731 0.0279884
209.5 0.092593 0.0357479
210 0.05804 0.0426884
210.5 0.0148537 0.0489887
211 -0.0317519 0.0538997
211.5 -0.0761218 0.0561341
212 -0.113275 0.0547283
212.5 -0.139904 0.0499803
213 -0.154913 0.0438655
213.5 -0.159132 0.0394868
214 -0.154171 0.039626
214.5 -0.140885 0.0450453
215 -0.118394 0.0534896
215.5 -0.0845427 0.0601084
216 -0.0379883 0.0593205
216.5 0.0189797 0.0473521
217 0.0785455 0.0242365
217.5 0.127971 -0.00573224
218 0.153165 -0.0353529
218.5 0.1441 -0.0570364
219 0.0997495 -0.0653065
219.5 0.0301295 -0.0581931
220 -0.0458614 -0.0370911
220.5 -0.106266 -0.00547701
221 -0.133416 0.0326122
221.5 -0.119985 0.0735022
222 -0.0714694 0.113912
222.5 -0.0042061 0.150459
223 0.0602927 0.179347
223.5 0.10264 0.196802
224 0.11193 0.200239
224.5 0.0889162 0.189596
225 0.0449137 0.167996
225.5 -0.00316199 0.141149
226 -0.0396678 0.115554
226.5 -0.0562375 0.0961887
227 -0.0543839 0.0847187
227.5 -0.0435964 0.0790886
228 -0.0358931 0.0747479
228.5 -0.039521 0.0670272
229 -0.0549461 0.0536428
229.5 -0.0751041 0.0362089
230 -0.0896323 0.0200191
230.5 -0.090671 0.0120715
231 -0.0770324 0.0180499
231.5 -0.0545344 0.0394594
232 -0.0325215 0.0721365
232.5 -0.0187356 0.106879
233 -0.0155076 0.132141
233.5 -0.0192916 0.137882
234 -0.0234939 0.119163
234.5 -0.0226475 0.0780536
235 -0.015374 0.0230797
235.5 -0.00453415 -0.0336358
236 0.00519231 -0.080429
236.5 0.0105324 -0.109768
237 0.0115687 -0.120157
237.5 0.0113207 -0.115664
238 0.0134368 -0.103495
238.5 0.0196148 -0.0907891
239 0.0284003 -0.0820362
239.5 0.0360338 -0.0780643
240 0.0387054 -0.0767377
240.5 0.0347753 -0.0747416
241 0.0256555 -0.069458
241.5 0.014952 -0.0600873
242 0.00650816 -0.0476845
242.5 0.00254139 -0.0343489
243 0.00286434 -0.0221406
243.5 0.00544115 -0.0122836
244 0.00776178 -0.00493516
244.5 0.00816187 0.000534309
245 0.00641099 0.00502421
245.5 0.00342786 0.00924128
246 0.000486886 0.0134584
246.5 -0.00152756 0.0175079
247 -0.00243047 0.0209276
247.5 -0.00256972 0.023163
248 -0.00242899 0.0237627
248.5 -0.00230902 0.0225295
249 -0.00225422 0.0196012
249.5 -0.00218309 0.0154367
250 -0.0020562 0.0107027
250.5 -0.00193724 0.00609438
251 -0.00192218 0.00215892
251.5 -0.00202359 -0.00080585
252 -0.0021221 -0.00274705
252.5 -0.00203028 -0.00377201
253 -0.00161981 -0.0040476
253.5 -0.000914411 -0.00374188
254 -8.06177e-05 -0.00302327
254.5 0.000672839 -0.00208571
255 0.00121099 -0.00115198
255.5 0.00152282 -0.000431531
256 0.00167899 -5.15901e-05
256.5 0.00173983 -8.74914e-06
257 0.00169042 -0.000179593
257.5 0.00145372 -0.000390985
258 0.000971522 -0.00051087
258.5 0.000290146 -0.000507262
259 -0.000417025 -0.000444483
259.5 -0.000914414 -0.000425421
260 -0.00102042 -0.000519466
260.5 -0.000703984 -0.000719195
261 -0.000103403 -0.000946234
261.5 0.000541112 -0.00109582
262 0.000998576 -0.00109031
262.5 0.00113863 -0.0009132
263 0.000959558 -0.000611462
263.5 0.000551955 -0.000271932
264 3.34303e-05 1.28443e-05
264.5 -0.000502247 0.000174937
265 -0.000997979 0.000189213
265.5 -0.00141518 7.67639e-05
266 -0.00171107 -0.000105773
266.5 -0.00183534 -0.000287939
267 -0.0017509 -0.000411758
267.5 -0.00146295 -0.000452964
268 -0.00103324 -0.000427603
268.5 -0.000565469 -0.000380028
269 -0.000166349 -0.000357456
269.5 9.76127e-05 -0.000383725
270 0.000224729 -0.000445782
270.5 0.000271524 -0.000499644
271 0.000319234 -0.000492123
271.5 0.000431489 -0.000386655
272 0.000624656 -0.000180555
272.5 0.000864394 9.32638e-05
273 0.00108773 0.000378601
273.5 0.00123705 0.000614613
274 0.00128755 0.000752053
274.5 0.00125466 0.000761844
275 0.00117967 0.000635897
275.5 0.00110377 0.00038382
276 0.00104592 2.97594e-05
276.5 0.000996613 -0.000388492
277 0.00092969 -0.000819299
277.5 0.000823637 -0.00119937
278 0.00067905 -0.00146182
278.5 0.000521944 -0.0015507
279 0.000391528 -0.00143847
279.5 0.000320112 -0.00113925
280 0.000316876 -0.000710404
280.5 0.00036423 -0.000239092
281 0.000427822 0.000183022
281.5 0.000473748 0.000487326
282 0.000483386 0.000646646
282.5 0.000458834 0.000676935
283 0.000417898 0.000622635
283.5 0.000383173 0.000533793
284 0.000371745 0.000446229
284.5 0.00039009 0.000373079
285 0.000434659 0.000309132
285.5 0.000495434 0.000242568
286 0.000559266 0.000166045
286.5 0.000611728 8.12785e-05
287 0.000638614 -3.55384e-06
287.5 0.000628922 -7.98293e-05
288 0.000579552 -0.000142957
288.5 0.000499336 -0.000192506
289 0.000408715 -0.000228743
289.5 0.00033295 -0.000248734
290 0.000290676 -0.000245176
290.5 0.000283407 -0.000209057
291 0.000292425 -0.00013483
291.5 0.000286212 -2.534e-05
292 0.000235721 0.000105988
292.5 0.000129897 0.000236879
293 -1.69075e-05 0.00034141
293.5 -0.000169867 0.000397031
294 -0.000288511 0.000391206
294.5 -0.000343707 0.000325545
295 -0.000328266 0.000215926
295.5 -0.000256627 8.82669e-05
296 -0.000155207 -2.892e-05
296.5 -4.96147e-05 -0.000112732
297 4.44458e-05 -0.000151896
297.5 0.000122954 -0.00014843
298 0.00018896 -0.000114554
298.5 0.000245717 -6.65668e-05
299 0.000292017 -1.85477e-05
299.5 0.00032204 2.1409e-05
300 0.000329184 5.13513e-05
300.5 0.000311322 7.28674e-05
301 0.00027451 8.78538e-05
301.5 0.000233086 9.66952e-05
302 0.000205601 9.865e-05
302.5 0.000207772 9.36914e-05
303 0.000245049 8.41757e-05
303.5 0.000308151 7.49815e-05
304 0.000374422 7.18763e-05
304.5 0.000415691 7.90376e-05
305 0.000410191 9.71246e-05
305.5 0.0003533 0.000122853
306 0.000261411 0.000150084
306.5 0.000165889 0.000171673
307 9.90021e-05 0.000181205
307.5 7.83411e-05 0.000174188
308 9.77838e-05 0.0001488
308.5 0.00013019 0.000106427
309 0.000141014 5.19426e-05
309.5 0.000106111 -6.73208e-06
310 2.45641e-05 -6.02033e-05
310.5 -8.00558e-05 -0.000100188
311 -0.000170509 -0.000122188
311.5 -0.000213013 -0.000126957
312 -0.000192039 -0.000119871
312.5 -0.000116012 -0.000108349
313 -1.23781e-05 -9.85135e-05
313.5 8.40744e-05 -9.26724e-05
314 0.000143296 -8.86992e-05
314.5 0.000147429 -8.13886e-05
315 9.2372e-05 -6.49638e-05
315.5 -1.4382e-05 -3.56245e-05
316 -0.000156538 6.69993e-06
316.5 -0.00031095 5.77587e-05
317 -0.000449767 0.000109621
317.5 -0.000544892 0.000152522
318 -0.000575456 0.000177703
318.5 -0.000536108 0.000180602
319 -0.00044168 0.000163135
319.5 -0.00032433 0.000133667
320 -0.000222656 0.000104008
320.5 -0.000166804 8.42269e-05
321 -0.00016634 7.76555e-05
321.5 -0.00020688 7.8851e-05
322 -0.000257307 7.61065e-05
322.5 -0.000284129 5.76982e-05
323 -0.000266061 1.87802e-05
323.5 -0.000202042 -3.48537e-05
324 -0.000109462 -8.8454e-05
324.5 -1.43116e-05 -0.000124839
325 6.13206e-05 -0.000132455
325.5 0.000108209 -0.000110773
326 0.000131508 -7.0308e-05
326.5 0.000144904 -2.7467e-05
327 0.000161056 2.85134e-06
327.5 0.000183575 1.30508e-05
328 0.000204677 4.42549e-06
328.5 0.000209635 -1.55271e-05
329 0.000185587 -3.78771e-05
329.5 0.000130014 -5.62208e-05
330 5.42974e-05 -6.79797e-05
330.5 -1.97368e-05 -7.31489e-05
331 -6.87705e-05 -7.21377e-05
331.5 -7.80114e-05 -6.45655e-05
332 -4.72782e-05 -4.9809e-05
332.5 9.76294e-06 -2.86093e-05
333 7.2496e-05 -4.20361e-06
333.5 0.000122534 1.82121e-05
334 0.000150427 3.36457e-05
334.5 0.000156916 3.98255e-05
335 0.000149008 3.84326e-05
335.5 0.000133937 3.41648e-05
336 0.000114757 3.21092e-05
336.5 8.973e-05 3.49626e-05
337 5.50558e-05 4.17189e-05
337.5 8.513e-06 4.85111e-05
338 -4.84711e-05 5.09779e-05
338.5 -0.000111294 4.66729e-05
339 -0.000174233 3.61342e-05
339.5 -0.000232207 2.21549e-05
340 -0.000281019 7.89923e-06
340.5 -0.000316406 -4.8974e-06
341 -0.000333462 -1.66277e-05
341.5 -0.000327832 -2.91821e-05
342 -0.000298671 -4.45709e-05
342.5 -0.00025158 -6.37185e-05
343 -0.000199077 -8.60891e-05
343.5 -0.000157192 -0.0001102
344 -0.000139072 -0.000134546
344.5 -0.000148669 -0.000158278
345 -0.000178122 -0.000181203
345.5 -0.000210828 -0.00020311
346 -0.00022918 -0.000222799
346.5 -0.000223231 -0.000237382
347 -0.000195757 -0.00024236
347.5 -0.000160942 -0.000232643
348 -0.000137268 -0.000204309
348.5 -0.000138312 -0.000156499
349 -0.000166206 -9.26571e-05
349.5 -0.000210974 -2.04733e-05
350 -0.000255693 4.96622e-05
350.5 -0.000284357 0.000107267
351 -0.000288191 0.000144538
351.5 -0.000267392 0.000158298
352 -0.000228133 0.000150462
352.5 -0.000177246 0.00012701
353 -0.000117982 9.59613e-05
353.5 -4.92002e-05 6.51338e-05
354 3.18615e-05 4.03286e-05
354.5 0.000125142 2.43156e-05
355 0.000224284 1.66975e-05
355.5 0.000316105 1.45866e-05
356 0.000383443 1.39412e-05
356.5 0.00041028 1.12704e-05
357 0.000387209 5.21339e-06
357.5 0.000315231 -2.64008e-06
358 0.000206474 -8.19624e-06
358.5 8.13408e-05 -6.60168e-06
359 -3.72052e-05 5.33905e-06
359.5 -0.000130451 2.71769e-05
360 -0.000189306 5.43257e-05
360.5 -0.000215892 7.94915e-05
361 -0.000220303 9.55011e-05
361.5 -0.000213631 9.82548e-05
362 -0.000200385 8.83975e-05
362.5 -0.000174246 7.09086e-05
363 -0.000119937 5.2831e-05
363.5 -2.11551e-05 4.02597e-05
364 0.000128704 3.60126e-05
364.5 0.000318221 3.89671e-05
365 0.00051667 4.51446e-05
365.5 0.000681506 4.97669e-05
366 0.000772274 4.91533e-05
366.5 0.000765443 4.16326e-05
367 0.000663906 2.73634e-05
367.5 0.000496936 7.61689e-06
368 0.000310394 -1.57309e-05
368.5 0.000150988 -4.01331e-05
369 5.07554e-05 -6.2022e-05
369.5 1.7667e-05 -7.6901e-05
370 3.55517e-05 -8.04493e-05
370.5 7.27821e-05 -7.04878e-05
371 9.57997e-05 -4.88277e-05
371.5 8.1988e-05 -2.17017e-05
372 2.70611e-05 1.9903e-06
372.5 -5.53938e-05 1.4189e-05
373 -0.000141361 1.13375e-05
373.5 -0.000207297 -3.7693e-06
374 -0.000239823 -2.31217e-05
374.5 -0.000240359 -3.72073e-05
375 -0.00022315 -3.94101e-05
375.5 -0.000208003 -2.87572e-05
376 -0.00021119 -9.58393e-06
376.5 -0.000238506 1.15514e-05
377 -0.000283265 2.97975e-05
377.5 -0.000329632 4.44479e-05
378 -0.00035938 5.85233e-05
378.5 -0.000358927 7.59054e-05
379 -0.0003239 9.79054e-05
379.5 -0.000259923 0.000121451
380 -0.000180148 0.000140038
380.5 -0.000101099 0.00014691
381 -3.84847e-05 0.000138609
381.5 -3.97029e-06 0.00011689
382 -3.1434e-06 8.79772e-05
382.5 -3.45909e-05 5.96923e-05
383 -9.01085e-05 3.80942e-05
383.5 -0.000156246 2.53776e-05
384 -0.000217239 1.99294e-05
384.5 -0.000258811 1.81815e-05
385 -0.000271762 1.70011e-05
385.5 -0.000254048 1.52628e-05
386 -0.000210594 1.39028e-05
386.5 -0.000151012 1.47007e-05
387 -8.62492e-05 1.8712e-05
387.5 -2.5533e-05 2.53529e-05
388 2.53594e-05 3.26502e-05
388.5 6.41838e-05 3.84425e-05
389 9.09988e-05 4.17722e-05
389.5 0.000106344 4.36091e-05
390 0.000109622 4.64281e-05
390.5 9.83717e-05 5.28045e-05
391 6.89337e-05 6.37503e-05
391.5 1.85686e-05 7.77114e-05
392 -5.14936e-05 9.08548e-05
392.5 -0.000133334 9.86334e-05
393 -0.000211594 9.79336e-05
393.5 -0.000265966 8.87456e-05
394 -0.000276979 7.44573e-05
394.5 -0.000233464 6.05118e-05
395 -0.000138773 5.19793e-05
395.5 -1.2716e-05 5.11594e-05
396 0.000112466 5.63541e-05
396.5 0.000201417 6.24259e-05
397 0.000227199 6.29277e-05
397.5 0.000180719 5.28923e-05
398 7.42147e-05 3.11009e-05
398.5 -6.28379e-05 9.07013e-07
399 -0.000194038 -3.06893e-05
399.5 -0.000288647 -5.53434e-05
400 -0.000331522 -6.61885e-05
400.5 -0.000326562 -6.01786e-05
401 -0.000292624 -3.91415e-05
401.5 -0.000254177 -9.1774e-06
402 -0.00023113 2.13906e-05
402.5 -0.000232344 4.47739e-05
403 -0.000255136 5.61376e-05
403.5 -0.000289879 5.47304e-05
404 -0.000326285 4.33048e-05
404.5 -0.000357573 2.61895e-05
405 -0.000380657 7.05168e-06
405.5 -0.000393398 -1.24564e-05
406 -0.000391974 -3.24654e-05
406.5 -0.000371201 -5.33063e-05
407 -0.000328255 -7.36659e-05
407.5 -0.000267336 -8.97957e-05
408 -0.000201516 -9.6517e-05
408.5 -0.000149248 -8.96728e-05
409 -0.000126354 -6.87279e-05
409.5 -0.000137505 -3.79934e-05
410 -0.000172186 -5.63271e-06
410.5 -0.00020805 1.92018e-05
411 -0.000220545 2.97413e-05
411.5 -0.000194067 2.388e-05
412 -0.000128983 4.39757e-06
412.5 -4.10707e-05 -2.27314e-05
413 4.59674e-05 -5.08891e-05
413.5 0.000110704 -7.49478e-05
414 0.000141681 -9.21951e-05
414.5 0.000139273 -0.000102076
415 0.000111858 -0.000105369
415.5 6.93863e-05 -0.000103493
416 1.82816e-05 -9.82111e-05
416.5 -3.98323e-05 -9.15539e-05
417 -0.000105671 -8.55363e-05
417.5 -0.000178278 -8.1479e-05
418 -0.000252179 -7.91871e-05
418.5 -0.000317346 -7.65498e-05
419 -0.00036187 -7.00491e-05
419.5 -0.000375844 -5.61907e-05
420 -0.000354642 -3.32936e-05
420.5 -0.000300416 -2.75003e-06
421 -0.000221649 3.09669e-05
421.5 -0.000131356 6.16944e-05
422 -4.47397e-05 8.3818e-05
422.5 2.31558e-05 9.43741e-05
423 5.96176e-05 9.40784e-05
423.5 5.62965e-05 8.68368e-05
424 1.10458e-05 7.79789e-05
424.5 -7.07613e-05 7.19982e-05
425 -0.000176026 7.07663e-05
425.5 -0.000285461 7.29515e-05
426 -0.000377184 7.48602e-05
426.5 -0.000431948 7.23292e-05
427 -0.000438746 6.28628e-05
427.5 -0.000398801 4.70716e-05
428 -0.00032601 2.87035e-05
428.5 -0.000242914 1.3122e-05
429 -0.000173093 4.79525e-06
429.5 -0.000132759 4.93074e-06
430 -0.000125175 1.04886e-05
430.5 -0.000140667 1.52839e-05
431 -0.000162458 1.28657e-05
431.5 -0.00017559 -1.70253e-07
432 -0.000174293 -2.22254e-05
432.5 -0.000163777 -4.73577e-05
433 -0.000155304 -6.8447e-05
433.5 -0.000157249 -8.12554e-05
434 -0.000167462 -8.70289e-05
434.5 -0.000171868 -9.18893e-05
435 -0.000150945 -0.00010301
435.5 -9.11439e-05 -0.000123522
436 4.90468e-06 -0.0001491
436.5 0.000115455 -0.000168471
437 0.000206472 -0.000168073
437.5 0.00024555 -0.000138697
438 0.000216336 -8.07749e-05
438.5 0.000126347 -5.51427e-06
439 4.34449e-06 6.87757e-05
439.5 -0.000111411 0.000123447
440 -0.000188315 0.00014623
440.5 -0.000210981 0.000135088
441 -0.000184483 9.80137e-05
441.5 -0.000128902 4.95235e-05
442 -6.88808e-05 5.75996e-06
442.5 -2.35838e-05 -1.98988e-05
443 -1.31377e-06 -1.96726e-05
443.5 3.37395e-09 7.47346e-06
444 -1.17281e-05 5.60661e-05
444.5 -2.81082e-05 0.000115524
445 -4.36254e-05 0.000172663
445.5 -5.61685e-05 0.000215076
446 -6.55618e-05 0.000234621
446.5 -7.18151e-05 0.000229786
447 -7.43563e-05 0.000205797
447.5 -7.24177e-05 0.0001722
448 -6.58428e-05 0.000138901
448.5 -5.5416e-05 0.000112435
449 -4.23687e-05 9.42104e-05
449.5 -2.74735e-05 8.13324e-05
450 -1.05225e-05 6.92993e-05
450.5 9.26726e-06 5.48973e-05
451 3.20628e-05 3.77513e-05
451.5 5.62129e-05 1.99361e-05
452 7.79417e-05 4.24649e-06
452.5 9.23768e-05 -7.60838e-06
453 9.55529e-05 -1.57917e-05
453.5 8.63951e-05 -2.18187e-05
454 6.75904e-05 -2.72852e-05
454.5 4.47828e-05 -3.27642e-05
455 2.4389e-05 -3.75244e-05
455.5 1.10507e-05 -4.01009e-05
456 5.93763e-06 -3.9229e-05
456.5 6.67804e-06 -3.45237e-05
457 8.86959e-06 -2.65665e-05
457.5 8.35456e-06 -1.64744e-05
458 3.12766e-06 -5.30337e-06
458.5 -5.97791e-06 6.35635e-06
459 -1.59982e-05 1.84224e-05
459.5 -2.34183e-05 3.10485e-05
460 -2.5766e-05 4.42118e-05
460.5 -2.25083e-05 5.73584e-05
461 -1.502e-05 6.92665e-05
461.5 -5.87708e-06 7.8236e-05
462 2.05204e-06 8.26092e-05
462.5 6.34816e-06 8.1482e-05
463 5.50431e-06 7.52974e-05
463.5 -8.13067e-07 6.5959e-05
464 -1.16388e-05 5.62559e-05
464.5 -2.47873e-05 4.87305e-05
465 -3.72775e-05 4.44902e-05
465.5 -4.61321e-05 4.25947e-05
466 -4.93267e-05 4.04313e-05
466.5 -4.64718e-05 3.49749e-05
467 -3.88634e-05 2.43271e-05
467.5 -2.88555e-05 8.74166e-06
468 -1.88912e-05 -9.39141e-06
468.5 -1.07159e-05 -2.65624e-05
469 -5.13727e-06 -3.95893e-05
469.5 -2.31184e-06 -4.67502e-05
470 -2.1904e-06 -4.81126e-05
470.5 -4.70393e-06 -4.50765e-05
471 -9.54435e-06 -3.95592e-05
471.5 -1.57763e-05 -3.33381e-05
472 -2.17091e-05 -2.78152e-05
472.5 -2.53045e-05 -2.41031e-05
473 -2.50021e-05 -2.31127e-05
473.5 -2.04964e-05 -2.53941e-05
474 -1.29668e-05 -3.07585e-05
474.5 -4.57383e-06 -3.79639e-05
475 2.51202e-06 -4.47987e-05
475.5 7.00097e-06 -4.86805e-05
476 8.82e-06 -4.75715e-05
476.5 8.78532e-06 -4.07839e-05
477 7.90599e-06 -2.9277e-05
477.5 6.7923e-06 -1.52971e-05
478 5.50378e-06 -1.54671e-06
478.5 3.84048e-06 9.71377e-06
479 1.79245e-06 1.72375e-05
479.5 -2.03338e-07 2.08473e-05
480 -1.37795e-06 2.10717e-05
480.5 -1.02952e-06 1.86447e-05
481 1.06238e-06 1.41733e-05
481.5 4.4686e-06 8.11518e-06
482 8.28302e-06 9.99433e-07
482.5 1.1526e-05 -6.33549e-06
483 1.35504e-05 -1.2713e-05
483.5 1.42426e-05 -1.68849e-05
484 1.39431e-05 -1.79824e-05
484.5 1.31588e-05 -1.59051e-05
485 1.22379e-05 -1.14168e-05
485.5 1.11746e-05 -5.87032e-06
486 9.62819e-06 -6.8827e-07
486.5 7.13103e-06 3.1385e-06
487 3.37213e-06 5.29381e-06
487.5 -1.58145e-06 6.03737e-06
488 -7.22148e-06 5.87815e-06
488.5 -1.27123e-05 5.24713e-06
489 -1.71271e-05 4.3613e-06
489.5 -1.97161e-05 3.31788e-06
490 -2.01219e-05 2.2946e-06
490.5 -1.84902e-05 1.66579e-06
491 -1.54557e-05 1.91508e-06
491.5 -1.20062e-05 3.37903e-06
492 -9.24835e-06 5.98523e-06
492.5 -8.11928e-06 9.1671e-06
493 -9.1199e-06 1.20347e-05
493.5 -1.21588e-05 1.3727e-05
494 -1.65725e-05 1.37624e-05
494.5 -2.13271e-05 1.22104e-05
495 -2.53293e-05 9.60877e-06
495.5 -2.77321e-05 6.69323e-06
496 -2.81297e-05 4.09099e-06
496.5 -2.65961e-05 2.12766e-06
497 -2.35918e-05 8.1318e-07
497.5 -1.97972e-05 -3.01851e-08
498 -1.59308e-05 -5.99117e-07
498.5 -1.25784e-05 -9.9892e-07
499 -1.0052e-05 -1.23543e-06
499.5 -8.30506e-06 -1.28532e-06
500 -6.95278e-06 -1.17981e-06
