-1.998 2.61969e-05 4.2169e-06
-1.996 9.84361e-05 1.67268e-05
-1.994 0.000208349 3.82113e-05
-1.992 0.000350734 7.05378e-05
-1.99 0.000525603 0.00011693
-1.988 0.000740115 0.000182689
-1.986 0.00100899 0.000275918
-1.984 0.00135258 0.000406899
-1.982 0.0017935 0.000585742
-1.98 0.00235438 0.000821254
-1.978 0.00305613 0.00111994
-1.976 0.00391298 0.00148409
-1.974 0.00492804 0.00190786
-1.972 0.00609333 0.00237585
-1.97 0.00739467 0.00286643
-1.968 0.00881541 0.00335667
-1.966 0.0103376 0.00382617
-1.964 0.0119453 0.00425831
-1.962 0.013625 0.00464152
-1.96 0.0153653 0.00497309
-1.958 0.0171586 0.00527033
-1.956 0.0189919 0.00556862
-1.954 0.0208327 0.00590362
-1.952 0.0226242 0.00630782
-1.95 0.0242953 0.00680215
-1.948 0.025772 0.00737425
-1.946 0.0269768 0.00797193
-1.944 0.0278336 0.00850376
-1.942 0.0282875 0.00884827
-1.94 0.0283293 0.00887274
-1.938 0.0279944 0.00846043
-1.936 0.0273397 0.00754526
-1.934 0.0264417 0.00612684
-1.932 0.0254029 0.00427464
-1.93 0.0243365 0.0021333
-1.928 0.0233121 -0.000102721
-1.926 0.0223247 -0.00223361
-1.924 0.0213125 -0.00409757
-1.922 0.0201924 -0.00558679
-1.92 0.0188821 -0.00666718
-1.918 0.0172808 -0.00740845
-1.916 0.0152735 -0.00795617
-1.914 0.0127866 -0.00846107
-1.912 0.00985869 -0.00900734
-1.91 0.00666336 -0.00960365
-1.908 0.00346533 -0.0102105
-1.906 0.000604109 -0.010723
-1.904 -0.00152248 -0.0109577
-1.902 -0.00252434 -0.0107121
-1.9 -0.00205079 -0.00985997
-1.898 0.000191495 -0.00842294
-1.896 0.00437979 -0.00656822
-1.894 0.010505 -0.00451641
-1.892 0.0183447 -0.00250607
-1.89 0.0275072 -0.000762245
-1.888 0.0374746 0.000585733
-1.886 0.0475768 0.00157486
-1.884 0.0570311 0.0023931
-1.882 0.0651032 0.00326983
-1.88 0.0712409 0.00443744
-1.878 0.0751453 0.0061529
-1.876 0.0768101 0.00856518
-1.874 0.0765903 0.0115829
-1.872 0.075164 0.0149371
-1.87 0.0733978 0.0183644
-1.868 0.0721537 0.0216694
-1.866 0.0721679 0.0246176
-1.864 0.0739572 0.0269419
-1.862 0.0777063 0.028508
-1.86 0.0832119 0.0294604
-1.858 0.0899269 0.0300796
-1.856 0.0970908 0.0305408
-1.854 0.103887 0.0309465
-1.852 0.10963 0.0313807
-1.85 0.113939 0.0317769
-1.848 0.11689 0.0318522
-1.846 0.118999 0.0312088
-1.844 0.121092 0.0294818
-1.842 0.124132 0.0264904
-1.84 0.12901 0.0222197
-1.838 0.136369 0.0167981
-1.836 0.146442 0.0106239
-1.834 0.158991 0.00437987
-1.832 0.173288 -0.00115286
-1.83 0.188207 -0.00534593
-1.828 0.202468 -0.00782633
-1.826 0.214969 -0.00835081
-1.824 0.22493 -0.00692776
-1.822 0.231938 -0.00404272
-1.82 0.235999 -0.000652384
-1.818 0.237661 0.0022023
-1.816 0.237978 0.00371027
-1.814 0.238112 0.00327732
-1.812 0.238927 0.000563023
-1.81 0.240855 -0.00433057
-1.808 0.243986 -0.0106639
-1.806 0.248022 -0.0172036
-1.804 0.252115 -0.022701
-1.802 0.255008 -0.0262106
-1.8 0.255431 -0.0270795
-1.798 0.252593 -0.0250366
-1.796 0.246358 -0.0205162
-1.794 0.237038 -0.0145707
-1.792 0.225332 -0.00835161
-1.79 0.212367 -0.0027496
-1.788 0.199492 0.00166983
-1.786 0.187835 0.00470636
-1.784 0.177889 0.00659792
-1.782 0.169544 0.00797673
-1.78 0.162283 0.00952038
-1.778 0.155469 0.0116233
-1.776 0.148753 0.0143785
-1.774 0.142343 0.017601
-1.772 0.137024 0.0207117
-1.77 0.134057 0.0226743
-1.768 0.135021 0.0225065
-1.766 0.141333 0.0198271
-1.764 0.153654 0.0149346
-1.762 0.171594 0.00873934
-1.76 0.193718 0.0027335
-1.758 0.217792 -0.00128957
-1.756 0.241291 -0.00169879
-1.754 0.26187 0.00254437
-1.752 0.277991 0.0115205
-1.75 0.289299 0.0242469
-1.748 0.296686 0.0389755
-1.746 0.302237 0.0535126
-1.744 0.308638 0.0656789
-1.742 0.318463 0.0738492
-1.74 0.333674 0.0773401
-1.738 0.355145 0.0768004
-1.736 0.382457 0.0740513
-1.734 0.414002 0.0713763
-1.732 0.447356 0.0711946
-1.73 0.479648 0.075814
-1.728 0.507986 0.086764
-1.726 0.529915 0.103894
-1.724 0.543904 0.125271
-1.722 0.549657 0.148046
-1.72 0.547866 0.169149
-1.718 0.539598 0.185307
-1.716 0.526136 0.193301
-1.714 0.509156 0.191394
-1.712 0.490807 0.180338
-1.71 0.472904 0.16254
-1.708 0.456015 0.140717
-1.706 0.439765 0.11771
-1.704 0.423654 0.0967698
-1.702 0.407236 0.0807344
-1.7 0.389652 0.0706651
-1.698 0.369837 0.0657854
-1.696 0.347333 0.0645995
-1.694 0.322753 0.0656674
-1.692 0.297414 0.0673715
-1.69 0.272575 0.0678189
-1.688 0.249448 0.0655538
-1.686 0.229412 0.0600379
-1.684 0.213381 0.0510724
-1.682 0.201266 0.038545
-1.68 0.192199 0.0228984
-1.678 0.18507 0.00501851
-1.676 0.179038 -0.0147318
-1.674 0.173834 -0.0367742
-1.672 0.17013 -0.061282
-1.67 0.169687 -0.0870388
-1.668 0.174672 -0.112111
-1.666 0.186786 -0.134953
-1.664 0.206071 -0.15408
-1.662 0.230255 -0.167406
-1.66 0.255056 -0.173047
-1.658 0.274905 -0.170761
-1.656 0.283975 -0.162586
-1.654 0.277544 -0.151979
-1.652 0.253584 -0.14246
-1.65 0.214094 -0.13682
-1.648 0.165276 -0.137186
-1.646 0.116387 -0.144418
-1.644 0.0772214 -0.157301
-1.642 0.0558053 -0.172775
-1.64 0.056734 -0.186411
-1.638 0.080219 -0.193256
-1.636 0.122046 -0.189173
-1.634 0.174405 -0.1723
-1.632 0.227555 -0.143385
-1.63 0.272485 -0.105606
-1.628 0.303706 -0.0642458
-1.626 0.320097 -0.0261802
-1.624 0.324137 0.00114812
-1.622 0.320991 0.0118523
-1.62 0.317475 0.00352204
-1.618 0.320058 -0.0226089
-1.616 0.332553 -0.0625382
-1.614 0.354926 -0.109957
-1.612 0.383526 -0.157009
-1.61 0.412123 -0.195771
-1.608 0.43366 -0.220004
-1.606 0.442099 -0.226703
-1.604 0.433757 -0.216611
-1.602 0.408031 -0.193993
-1.6 0.367543 -0.165842
-1.598 0.317961 -0.140198
-1.596 0.267151 -0.124755
-1.594 0.223782 -0.125166
-1.592 0.196326 -0.14341
-1.59 0.192018 -0.177241
-1.588 0.215401 -0.220555
-1.586 0.267336 -0.265338
-1.584 0.344813 -0.303872
-1.582 0.441958 -0.329551
-1.58 0.550642 -0.337625
-1.578 0.660142 -0.326595
-1.576 0.75777 -0.299022
-1.574 0.831619 -0.260764
-1.572 0.873768 -0.218682
-1.57 0.881487 -0.178885
-1.568 0.856774 -0.146099
-1.566 0.805909 -0.123356
-1.564 0.739549 -0.111282
-1.562 0.671191 -0.107014
-1.56 0.61362 -0.105589
-1.558 0.575794 -0.102306
-1.556 0.562084 -0.0933798
-1.554 0.572992 -0.0761454
-1.552 0.605765 -0.050016
-1.55 0.654954 -0.0172367
-1.548 0.71433 0.018533
-1.546 0.778703 0.0546435
-1.544 0.845176 0.0895287
-1.542 0.913591 0.122629
-1.54 0.985918 0.154374
-1.538 1.06523 0.186894
-1.536 1.15361 0.224527
-1.534 1.25077 0.272018
-1.532 1.35458 0.33211
-1.53 1.46213 0.404314
-1.528 1.56982 0.485401
-1.526 1.67248 0.569623
-1.524 1.76383 0.649141
-1.522 1.83792 0.715201
-1.52 1.88982 0.75946
-1.518 1.91509 0.775867
-1.516 1.90991 0.762608
-1.514 1.87234 0.723385
-1.512 1.80387 0.666284
-1.51 1.70955 0.601064
-1.508 1.59764 0.538323
-1.506 1.47949 0.489113
-1.504 1.36855 0.462411
-1.502 1.2782 0.461159
-1.5 1.21869 0.480708
-1.498 1.19461 0.51177
-1.496 1.203 0.543572
-1.494 1.23339 0.564745
-1.492 1.26935 0.564689
-1.49 1.29127 0.536472
-1.488 1.28134 0.479442
-1.486 1.22822 0.399573
-1.484 1.13018 0.306954
-1.482 0.996208 0.212446
-1.48 0.844882 0.126341
-1.478 0.700825 0.0564861
-1.476 0.588351 0.00684362
-1.474 0.525848 -0.0228895
-1.472 0.522174 -0.0364237
-1.47 0.574313 -0.0389521
-1.468 0.667331 -0.0356924
-1.466 0.77818 -0.0306326
-1.464 0.881461 -0.0247766
-1.462 0.954325 -0.0174112
-1.46 0.979789 -0.00827926
-1.458 0.949878 0.00237254
-1.456 0.867867 0.0133808
-1.454 0.747044 0.0217664
-1.452 0.607336 0.0224032
-1.45 0.47123 0.00934414
-1.448 0.359963 -0.0218683
-1.446 0.290249 -0.0732409
-1.444 0.271066 -0.144169
-1.442 0.301734 -0.231279
-1.44 0.372037 -0.328963
-1.438 0.465401 -0.430039
-1.436 0.562816 -0.526818
-1.434 0.645682 -0.612019
-1.432 0.698314 -0.679756
-1.43 0.710152 -0.726519
-1.428 0.677467 -0.75002
-1.426 0.603969 -0.748112
-1.424 0.500395 -0.719017
-1.422 0.381625 -0.663051
-1.42 0.263135 -0.582966
-1.418 0.159291 -0.482794
-1.416 0.0827342 -0.368431
-1.414 0.0432635 -0.248688
-1.412 0.0465994 -0.13425
-1.41 0.094505 -0.0333601
-1.408 0.18646 0.0515493
-1.406 0.320566 0.123019
-1.404 0.492933 0.186774
-1.402 0.696848 0.251843
-1.4 0.921531 0.330165
-1.398 1.15173 0.433077
-1.396 1.36995 0.565751
-1.394 1.55938 0.72437
-1.392 1.70622 0.897725
-1.39 1.8012 1.06971
-1.388 1.84125 1.2219
-1.386 1.83209 1.33608
-1.384 1.78964 1.39951
-1.382 1.73676 1.40836
-1.38 1.69743 1.36732
-1.378 1.69088 1.28691
-1.376 1.72744 1.18095
-1.374 1.80518 1.06342
-1.372 1.90888 0.945687
-1.37 2.01229 0.835418
-1.368 2.08259 0.735732
-1.366 2.0863 0.644674
-1.364 1.99631 0.556103
-1.362 1.7982 0.463112
-1.36 1.49398 0.362086
-1.358 1.10302 0.253684
-1.356 0.658641 0.140515
-1.354 0.201321 0.0243233
-1.352 -0.227742 -0.0942668
-1.35 -0.591702 -0.213578
-1.348 -0.864433 -0.332193
-1.346 -1.03648 -0.451296
-1.344 -1.11605 -0.572527
-1.342 -1.12609 -0.694361
-1.34 -1.09894 -0.811946
-1.338 -1.06956 -0.918737
-1.336 -1.06943 -1.00698
-1.334 -1.1196 -1.06892
-1.332 -1.2254 -1.09899
-1.33 -1.37387 -1.09685
-1.328 -1.53298 -1.06692
-1.326 -1.6573 -1.01598
-1.324 -1.69938 -0.951932
-1.322 -1.62011 -0.882429
-1.32 -1.39639 -0.812195
-1.318 -1.02497 -0.741608
-1.316 -0.526956 -0.667292
-1.314 0.0523321 -0.584687
-1.312 0.652142 -0.489574
-1.31 1.20969 -0.378769
-1.308 1.67326 -0.251609
-1.306 2.01103 -0.11133
-1.304 2.21565 0.0353152
-1.302 2.30516 0.180387
-1.3 2.31714 0.31644
-1.298 2.29701 0.437168
-1.296 2.28564 0.538553
-1.294 2.30977 0.619634
-1.292 2.37879 0.681929
-1.29 2.48483 0.72914
-1.288 2.60696 0.766682
-1.286 2.72125 0.800679
-1.284 2.81153 0.837875
-1.282 2.87462 0.884125
-1.28 2.92156 0.944048
-1.278 2.97581 1.02295
-1.276 3.06701 1.12588
-1.274 3.22234 1.25581
-1.272 3.45768 1.41148
-1.27 3.77264 1.58781
-1.268 4.14863 1.7771
-1.266 4.55154 1.96939
-1.264 4.93924 2.15207
-1.262 5.27122 2.31072
-1.26 5.51767 2.43263
-1.258 5.66349 2.50986
-1.256 5.7076 2.53945
-1.254 5.661 2.52243
-1.252 5.54617 2.46444
-1.25 5.39423 2.37491
-1.248 5.23799 2.26546
-1.246 5.10535 2.14717
-1.244 5.01647 2.0269
-1.242 4.98231 1.90741
-1.24 5.0018 1.79036
-1.238 5.05864 1.67566
-1.236 5.12102 1.55846
-1.234 5.14569 1.42904
-1.232 5.08547 1.27745
-1.23 4.89877 1.0971
-1.228 4.55947 0.883822
-1.226 4.06491 0.636747
-1.224 3.44204 0.361137
-1.222 2.75065 0.0684777
-1.22 2.07527 -0.225294
-1.218 1.50877 -0.502526
-1.216 1.13055 -0.747814
-1.214 0.986679 -0.950891
-1.212 1.07789 -1.1081
-1.21 1.35635 -1.2232
-1.208 1.73372 -1.30633
-1.206 2.09762 -1.37406
-1.204 2.33601 -1.44649
-1.202 2.36432 -1.53981
-1.2 2.14621 -1.66057
-1.198 1.70117 -1.80594
-1.196 1.09815 -1.96841
-1.194 0.43929 -2.13628
-1.192 -0.161821 -2.29155
-1.19 -0.604372 -2.41334
-1.188 -0.823474 -2.48553
-1.186 -0.803971 -2.50161
-1.184 -0.581216 -2.46323
-1.182 -0.228577 -2.37459
-1.18 0.163024 -2.24181
-1.178 0.506596 -2.07631
-1.176 0.738661 -1.89303
-1.174 0.831986 -1.70455
-1.172 0.79927 -1.51719
-1.17 0.687105 -1.33609
-1.168 0.561958 -1.17043
-1.166 0.493054 -1.02827
-1.164 0.536846 -0.90813
-1.162 0.727814 -0.800804
-1.16 1.07567 -0.698224
-1.158 1.56622 -0.593703
-1.156 2.16521 -0.47736
-1.154 2.82551 -0.336896
-1.152 3.49668 -0.163125
-1.15 4.13324 0.0451119
-1.148 4.69911 0.282279
-1.146 5.16939 0.537722
-1.144 5.53393 0.79749
-1.142 5.79692 1.04728
-1.14 5.97276 1.27408
-1.138 6.08267 1.46889
-1.136 6.15027 1.62835
-1.134 6.19611 1.75429
-1.132 6.23436 1.8535
-1.13 6.26929 1.9348
-1.128 6.29183 2.00431
-1.126 6.28156 2.06239
-1.124 6.21558 2.1048
-1.122 6.07644 2.12318
-1.12 5.85547 2.1071
-1.118 5.55446 2.04719
-1.116 5.1854 1.9379
-1.114 4.76777 1.78005
-1.112 4.32336 1.58192
-1.11 3.87026 1.3565
-1.108 3.41906 1.11904
-1.106 2.97151 0.885845
-1.104 2.52198 0.671575
-1.102 2.06153 0.485989
-1.1 1.58355 0.331836
-1.098 1.08988 0.203959
-1.096 0.595872 0.0919215
-1.094 0.12975 -0.0172178
-1.092 -0.273298 -0.132954
-1.09 -0.580077 -0.257371
-1.088 -0.767833 -0.388253
-1.086 -0.82823 -0.5191
-1.084 -0.766822 -0.637766
-1.082 -0.599246 -0.728733
-1.08 -0.344724 -0.776723
-1.078 -0.0182329 -0.771865
-1.076 0.373725 -0.711255
-1.074 0.832711 -0.598943
-1.072 1.36482 -0.446249
-1.07 1.97575 -0.271081
-1.068 2.666 -0.0970879
-1.066 3.42423 0.0525128
-1.064 4.22672 0.162615
-1.062 5.04438 0.228219
-1.06 5.85004 0.255507
-1.058 6.62285 0.264513
-1.056 7.3508 0.284539
-1.054 8.0331 0.344364
-1.052 8.67896 0.46592
-1.05 9.30212 0.659135
-1.048 9.91096 0.919339
-1.046 10.4992 1.22763
-1.044 11.0397 1.55295
-1.042 11.4868 1.85736
-1.04 11.7832 2.10522
-1.038 11.872 2.27071
-1.036 11.7113 2.34101
-1.034 11.2856 2.31645
-1.032 10.6133 2.21085
-1.03 9.74588 2.05046
-1.028 8.75841 1.86541
-1.026 7.73555 1.68305
-1.024 6.75494 1.52629
-1.022 5.86958 1.40991
-1.02 5.09767 1.33911
-1.018 4.42659 1.31138
-1.016 3.82478 1.32085
-1.014 3.25276 1.36258
-1.012 2.6722 1.43387
-1.01 2.05619 1.53297
-1.008 1.3989 1.6553
-1.006 0.71628 1.79117
-1.004 0.0398724 1.92759
-1.002 -0.592838 2.05058
-1 -1.14603 2.14467
-0.998 -1.59013 2.19178
-0.996 -1.90424 2.17369
-0.994 -2.07532 2.08087
-0.992 -2.0974 1.9162
-0.99 -1.96922 1.69239
-0.988 -1.688 1.42721
-0.986 -1.24726 1.14212
-0.984 -0.639922 0.862945
-0.982 0.135377 0.613777
-0.98 1.07055 0.408635
-0.978 2.14502 0.247643
-0.976 3.32249 0.123444
-0.974 4.55218 0.0283562
-0.972 5.77502 -0.050131
-0.97 6.93281 -0.128578
-0.968 7.97575 -0.217107
-0.966 8.86933 -0.314554
-0.964 9.60045 -0.412375
-0.962 10.1771 -0.502641
-0.96 10.6235 -0.580805
-0.958 10.9722 -0.641984
-0.956 11.2565 -0.684863
-0.954 11.5041 -0.719371
-0.952 11.7321 -0.76266
-0.95 11.9453 -0.826669
-0.948 12.1382 -0.913158
-0.946 12.2966 -1.0192
-0.944 12.4013 -1.13463
-0.942 12.4324 -1.22953
-0.94 12.3733 -1.26025
-0.938 12.2139 -1.18721
-0.936 11.9535 -0.986148
-0.934 11.6055 -0.64977
-0.932 11.2017 -0.185198
-0.93 10.787 0.377514
-0.928 10.4082 0.982405
-0.926 10.1044 1.56136
-0.924 9.90597 2.05507
-0.922 9.82829 2.42075
-0.92 9.86069 2.63394
-0.918 9.96033 2.69548
-0.916 10.0603 2.63614
-0.914 10.0855 2.51029
-0.912 9.96377 2.37853
-0.91 9.63579 2.29288
-0.908 9.06858 2.29127
-0.906 8.27062 2.39093
-0.904 7.2995 2.57988
-0.902 6.25319 2.81938
-0.9 5.2467 3.05867
-0.898 4.38366 3.24711
-0.896 3.73235 3.3376
-0.894 3.31211 3.2915
-0.892 3.08978 3.08932
-0.89 2.98565 2.73929
-0.888 2.88862 2.26837
-0.886 2.678 1.70904
-0.884 2.24758 1.10175
-0.882 1.53087 0.498092
-0.88 0.515993 -0.0517319
-0.878 -0.754406 -0.516623
-0.876 -2.1915 -0.882226
-0.874 -3.67643 -1.14228
-0.872 -5.07679 -1.30034
-0.87 -6.26412 -1.37651
-0.868 -7.13206 -1.40515
-0.866 -7.60939 -1.42163
-0.864 -7.66515 -1.45327
-0.862 -7.30456 -1.52335
-0.86 -6.56405 -1.64944
-0.858 -5.50801 -1.83251
-0.856 -4.22671 -2.05145
-0.854 -2.83171 -2.27193
-0.852 -1.44338 -2.45642
-0.85 -0.174514 -2.56456
-0.848 0.887326 -2.55536
-0.846 1.69436 -2.40003
-0.844 2.24916 -2.09017
-0.842 2.61216 -1.63688
-0.84 2.89334 -1.06763
-0.838 3.22788 -0.42908
-0.836 3.74359 0.208755
-0.834 4.52514 0.764265
-0.832 5.5869 1.16134
-0.83 6.86098 1.33991
-0.828 8.2054 1.26019
-0.826 9.43467 0.910357
-0.824 10.3674 0.322479
-0.822 10.8771 -0.430737
-0.82 10.9284 -1.24926
-0.818 10.5905 -2.01549
-0.816 10.0295 -2.61003
-0.814 9.47217 -2.93126
-0.812 9.14776 -2.91961
-0.81 9.22339 -2.56819
-0.808 9.75451 -1.91833
-0.806 10.6655 -1.05651
-0.804 11.7632 -0.101014
-0.802 12.7828 0.820222
-0.8 13.4548 1.59124
-0.798 13.5775 2.13402
-0.796 13.0776 2.41941
-0.794 12.0359 2.47244
-0.792 10.67 2.37066
-0.79 9.27852 2.22596
-0.788 8.15733 2.15479
-0.786 7.52212 2.25034
-0.784 7.45013 2.56672
-0.782 7.85338 3.10612
-0.78 8.49199 3.81016
-0.778 9.02689 4.5662
-0.776 9.10514 5.23141
-0.774 8.45147 5.66449
-0.772 6.93578 5.74888
-0.77 4.61137 5.41541
-0.768 1.7129 4.6647
-0.766 -1.38923 3.57759
-0.764 -4.26963 2.30417
-0.762 -6.54361 1.02945
-0.76 -7.94725 -0.0659995
-0.758 -8.38399 -0.834845
-0.756 -7.93561 -1.19578
-0.754 -6.83603 -1.1602
-0.752 -5.41062 -0.82886
-0.75 -3.99708 -0.369123
-0.748 -2.87405 0.0187625
-0.746 -2.20752 0.141229
-0.744 -2.02441 -0.142295
-0.742 -2.21615 -0.879076
-0.74 -2.57549 -2.01455
-0.738 -2.85779 -3.40854
-0.736 -2.84359 -4.86849
-0.734 -2.38521 -6.19271
-0.732 -1.43524 -7.20948
-0.73 -0.0533426 -7.811
-0.728 1.60854 -7.97878
-0.726 3.34385 -7.783
-0.724 4.94575 -7.35218
-0.722 6.25169 -6.83104
-0.72 7.16699 -6.34091
-0.718 7.67031 -5.95359
-0.716 7.80915 -5.68362
-0.714 7.68123 -5.49614
-0.712 7.39965 -5.33235
-0.71 7.05661 -5.13861
-0.708 6.70204 -4.89455
-0.706 6.33897 -4.63204
-0.704 5.92802 -4.42873
-0.702 5.4036 -4.37669
-0.7 4.70306 -4.54116
-0.698 3.79761 -4.9265
-0.696 2.71104 -5.46657
-0.694 1.51981 -6.0313
-0.692 0.340387 -6.4447
-0.69 -0.694815 -6.52212
-0.688 -1.4693 -6.1248
-0.686 -1.91224 -5.20864
-0.684 -2.01808 -3.84292
-0.682 -1.84965 -2.19531
-0.68 -1.52342 -0.496783
-0.678 -1.17897 1.0031
-0.676 -0.941105 2.09289
-0.674 -0.881803 2.65184
-0.672 -0.996567 2.68022
-0.67 -1.19758 2.29872
-0.668 -1.32336 1.71548
-0.666 -1.17358 1.17503
-0.664 -0.560997 0.902483
-0.662 0.635562 1.05741
-0.66 2.43096 1.70525
-0.658 4.71931 2.80926
-0.656 7.28996 4.24812
-0.654 9.86995 5.84823
-0.652 12.1843 7.41969
-0.65 14.0181 8.78788
-0.648 15.2655 9.82077
-0.646 15.9574 10.4427
-0.644 16.2615 10.6296
-0.642 16.4414 10.4002
-0.64 16.7812 9.80656
-0.638 17.5024 8.92547
-0.636 18.6976 7.84737
-0.634 20.2933 6.67028
-0.632 22.0527 5.49314
-0.63 23.6216 4.40679
-0.628 24.6137 3.48302
-0.626 24.7121 2.76702
-0.624 23.7558 2.26799
-0.622 21.7841 1.95328
-0.62 19.028 1.75735
-0.618 15.8516 1.5974
-0.616 12.6634 1.39092
-0.614 9.82143 1.07256
-0.612 7.55648 0.606463
-0.61 5.92523 -0.00493924
-0.608 4.81202 -0.715858
-0.606 3.98573 -1.45031
-0.604 3.19397 -2.12453
-0.602 2.25596 -2.66403
-0.6 1.12077 -3.01624
-0.598 -0.119693 -3.16264
-0.596 -1.25835 -3.12139
-0.594 -2.03824 -2.93913
-0.592 -2.24139 -2.684
-0.59 -1.77275 -2.43353
-0.588 -0.701871 -2.25929
-0.586 0.754318 -2.21209
-0.584 2.29821 -2.31297
-0.582 3.64101 -2.55441
-0.58 4.59139 -2.90203
-0.578 5.12179 -3.29569
-0.576 5.38208 -3.65258
-0.574 5.64836 -3.87631
-0.572 6.22754 -3.87711
-0.57 7.3505 -3.59269
-0.568 9.08406 -2.99879
-0.566 11.2836 -2.11845
-0.564 13.6083 -1.03096
-0.562 15.6074 0.132259
-0.56 16.8414 1.2119
-0.558 17.0035 2.05507
-0.556 16.0114 2.54647
-0.554 14.0463 2.63322
-0.552 11.5211 2.33734
-0.55 8.97851 1.75359
-0.548 6.95204 1.02684
-0.546 5.83453 0.3111
-0.544 5.79146 -0.270712
-0.542 6.72744 -0.652064
-0.54 8.31619 -0.834211
-0.538 10.0883 -0.883693
-0.536 11.5478 -0.903828
-0.534 12.2847 -0.991697
-0.532 12.0497 -1.1977
-0.53 10.7872 -1.50354
-0.528 8.62941 -1.81851
-0.526 5.85442 -1.99525
-0.524 2.81665 -1.8703
-0.522 -0.123416 -1.32196
-0.52 -2.65154 -0.329653
-0.518 -4.53562 0.997018
-0.516 -5.64435 2.42927
-0.514 -5.95505 3.65019
-0.512 -5.54862 4.31468
-0.51 -4.59456 4.13521
-0.508 -3.33446 2.96696
-0.506 -2.05904 0.866198
-0.504 -1.06805 -1.90393
-0.502 -0.610509 -4.91067
-0.5 -0.81965 -7.62157
-0.498 -1.66076 -9.5045
-0.496 -2.91388 -10.1412
-0.494 -4.20108 -9.33374
-0.492 -5.05658 -7.16305
-0.49 -5.03791 -3.98692
-0.488 -3.84878 -0.385184
-0.486 -1.44398 2.94751
-0.484 1.93144 5.34097
-0.482 5.77901 6.29343
-0.48 9.44856 5.58492
-0.478 12.2827 3.32649
-0.476 13.7621 -0.0526902
-0.474 13.6316 -3.87911
-0.472 11.9694 -7.37092
-0.47 9.16261 -9.80404
-0.468 5.80458 -10.6684
-0.466 2.54359 -9.77621
-0.464 -0.0737754 -7.30454
-0.462 -1.72596 -3.76546
-0.46 -2.37637 0.104547
-0.458 -2.24318 3.5139
-0.456 -1.69884 5.79238
-0.454 -1.13893 6.53617
-0.452 -0.855202 5.69552
-0.45 -0.943563 3.58595
-0.448 -1.27392 0.825845
-0.446 -1.53409 -1.80285
-0.444 -1.33028 -3.53546
-0.442 -0.312002 -3.78847
-0.44 1.71444 -2.28905
-0.438 4.71855 0.85927
-0.436 8.44119 5.19477
-0.434 12.4504 9.99552
-0.432 16.2424 14.4387
-0.43 19.3537 17.7689
-0.428 21.4587 19.4439
-0.426 22.4354 19.239
-0.424 22.3857 17.2873
-0.422 21.6029 14.0459
-0.42 20.4915 10.1945
-0.418 19.4661 6.48822
-0.416 18.8568 3.60435
-0.414 18.8382 2.01527
-0.412 19.3876 1.90714
-0.41 20.2815 3.15557
-0.408 21.1398 5.36266
-0.406 21.5051 7.9553
-0.404 20.9391 10.3097
-0.402 19.1193 11.8793
-0.4 15.9249 12.3092
-0.398 11.4917 11.5094
-0.396 6.21518 9.66431
-0.394 0.694259 7.18332
-0.392 -4.37413 4.60668
-0.39 -8.32368 2.48395
-0.388 -10.6538 1.23827
-0.386 -11.1505 1.06159
-0.384 -9.95368 1.87482
-0.382 -7.53716 3.35338
-0.38 -4.6005 5.00074
-0.378 -1.90718 6.25696
-0.376 -0.118828 6.63296
-0.374 0.356241 5.83722
-0.372 -0.527017 3.85628
-0.37 -2.42311 0.969049
-0.368 -4.67693 -2.31141
-0.366 -6.47893 -5.34356
-0.364 -7.04759 -7.49259
-0.362 -5.79335 -8.26672
-0.36 -2.44131 -7.43124
-0.358 2.90248 -5.07537
-0.356 9.76609 -1.60298
-0.354 17.4074 2.3481
-0.352 24.959 6.02652
-0.35 31.582 8.70413
-0.348 36.5919 9.80975
-0.346 39.5491 9.03249
-0.344 40.3075 6.37778
-0.342 39.0142 2.16442
-0.34 36.0648 -3.02797
-0.338 32.019 -8.46009
-0.336 27.5047 -13.3621
-0.334 23.1308 -17.0561
-0.332 19.412 -19.0548
-0.33 16.6981 -19.131
-0.328 15.1175 -17.351
-0.326 14.5586 -14.0548
-0.324 14.6942 -9.78178
-0.322 15.0508 -5.16431
-0.32 15.1102 -0.822216
-0.318 14.4248 2.73287
-0.316 12.7251 5.17885
-0.314 9.98305 6.42854
-0.312 6.42057 6.62486
-0.31 2.46183 6.08226
-0.308 -1.36966 5.19859
-0.306 -4.59165 4.35772
-0.304 -6.90061 3.84407
-0.302 -8.25284 3.78518
-0.3 -8.86492 4.13574
-0.298 -9.13333 4.71705
-0.296 -9.5014 5.28263
-0.294 -10.3143 5.5955
-0.292 -11.7028 5.49932
-0.29 -13.5242 4.96498
-0.288 -15.3837 4.10158
-0.286 -16.7358 3.12043
-0.284 -17.0382 2.26277
-0.282 -15.9106 1.72302
-0.28 -13.2539 1.59704
-0.278 -9.2948 1.85139
-0.276 -4.54984 2.32632
-0.274 0.277779 2.77824
-0.272 4.44111 2.94674
-0.27 7.29932 2.62606
-0.268 8.43209 1.71058
-0.266 7.6987 0.221803
-0.264 5.24093 -1.69073
-0.262 1.44222 -3.7914
-0.26 -3.13852 -5.83165
-0.258 -7.8416 -7.62239
-0.256 -11.9667 -9.07603
-0.254 -14.8208 -10.2222
-0.252 -15.7742 -11.2044
-0.25 -14.341 -12.2433
-0.248 -10.2845 -13.5678
-0.246 -3.71829 -15.3483
-0.244 4.82832 -17.6557
-0.242 14.4133 -20.4343
-0.24 23.7734 -23.4851
-0.238 31.5136 -26.4707
-0.236 36.3739 -28.9709
-0.234 37.5122 -30.5686
-0.232 34.7396 -30.9226
-0.23 28.6384 -29.8273
-0.228 20.5077 -27.2743
-0.226 12.1291 -23.4885
-0.224 5.39246 -18.8985
-0.222 1.8894 -14.0533
-0.22 2.56757 -9.52544
-0.218 7.52596 -5.80781
-0.216 16.0014 -3.20793
-0.214 26.5501 -1.77063
-0.212 37.3837 -1.26218
-0.21 46.7777 -1.23661
-0.208 53.4494 -1.16046
-0.206 56.8129 -0.551617
-0.204 57.0417 0.897676
-0.202 54.9446 3.23182
-0.2 51.7044 6.19841
-0.198 48.5561 9.29215
-0.196 46.5052 11.883
-0.194 46.1429 13.3889
-0.192 47.5797 13.4497
-0.19 50.4996 12.0742
-0.188 54.2906 9.70503
-0.186 58.2063 7.16425
-0.184 61.511 5.47383
-0.182 63.5802 5.60202
-0.18 63.956 8.20957
-0.178 62.372 13.4537
-0.176 58.7558 20.9066
-0.174 53.2202 29.607
-0.172 46.0607 38.2411
-0.17 37.7649 45.4059
-0.168 29.0098 49.8822
-0.166 20.6082 50.8621
-0.164 13.4025 48.1083
-0.162 8.11281 42.0083
-0.16 5.18112 33.5022
-0.158 4.65157 23.8963
-0.156 6.12512 14.6362
-0.154 8.80787 7.08816
-0.152 11.6455 2.31901
-0.15 13.5135 0.89911
-0.148 13.4283 2.79522
-0.146 10.7309 7.3974
-0.144 5.20931 13.6413
-0.142 -2.86163 20.1502
-0.14 -12.7598 25.4154
-0.138 -23.4245 28.0376
-0.136 -33.6227 26.9719
-0.134 -42.1454 21.6851
-0.132 -47.986 12.231
-0.13 -50.4829 -0.688697
-0.128 -49.4088 -15.7165
-0.126 -45.0143 -31.001
-0.124 -38.041 -44.5097
-0.122 -29.696 -54.3628
-0.12 -21.5672 -59.1465
-0.118 -15.4466 -58.2322
-0.116 -13.0195 -52.0203
-0.114 -15.4462 -41.9173
-0.112 -22.963 -30.0228
-0.11 -34.6522 -18.7258
-0.108 -48.4793 -10.3324
-0.106 -61.6021 -6.6467
-0.104 -70.9011 -8.54105
-0.102 -73.6352 -15.7616
-0.1 -68.0848 -27.0815
-0.098 -54.017 -40.5829
-0.096 -32.8457 -53.8805
-0.094 -7.44992 -64.4512
-0.092 18.3198 -70.1821
-0.09 40.3724 -69.8511
-0.088 55.2029 -63.2546
-0.086 60.6314 -51.1365
-0.084 56.3102 -35.1535
-0.082 43.8852 -17.7184
-0.08 26.7209 -1.47132
-0.078 9.16511 11.3387
-0.076 -4.49022 19.114
-0.074 -10.9977 20.9379
-0.072 -8.77815 16.7797
-0.07 1.89303 7.7401
-0.068 19.0602 -4.15509
-0.066 39.5609 -16.5234
-0.064 59.7372 -26.9395
-0.062 76.1785 -32.9641
-0.06 86.2584 -32.5059
-0.058 88.3962 -24.5612
-0.056 82.1164 -9.60547
-0.054 67.9683 10.657
-0.052 47.3336 33.6038
-0.05 22.221 55.8142
-0.048 -4.86764 73.5901
-0.046 -31.1343 84.0133
-0.044 -53.8863 85.6308
-0.042 -70.925 78.2682
-0.04 -80.6278 62.7046
-0.038 -81.8773 40.8947
-0.036 -74.3 16.0813
-0.034 -58.7703 -8.0057
-0.032 -37.5998 -28.1904
-0.03 -14.1288 -42.0852
-0.028 7.85037 -47.8926
-0.026 24.4594 -44.771
-0.024 32.2368 -33.5064
-0.022 28.9846 -16.1902
-0.02 14.4176 4.70779
-0.018 -9.88584 26.5219
-0.016 -40.7083 46.358
-0.014 -73.0927 61.7212
-0.012 -100.841 71.5892
-0.01 -118.199 75.9061
-0.008 -121.586 73.6916
-0.006 -109.676 63.4764
-0.004 -82.4357 45.7966
-0.002 -41.5583 23.8508
0 7.90921 1.20155
0.002 57.2527 -21.3776
0.004 97.7778 -43.127
0.006 124.493 -60.5243
0.008 135.792 -70.4341
0.01 131.801 -72.3918
0.012 113.952 -67.9336
0.014 85.92 -58.0898
0.016 53.5295 -42.9355
0.018 23.0106 -23.4773
0.02 -0.692516 -2.1631
0.022 -14.4164 18.1801
0.024 -16.6707 34.9614
0.026 -7.85605 45.7816
0.028 9.70063 48.6021
0.03 32.4091 42.6601
0.032 56.2873 28.7923
0.034 77.4799 8.77055
0.036 92.6324 -15.058
0.038 99.4709 -39.5699
0.04 97.2051 -61.0912
0.042 86.3241 -76.4257
0.044 68.0802 -83.6438
0.046 44.2362 -81.9664
0.048 17.1141 -71.5509
0.05 -10.503 -53.8238
0.052 -35.7673 -31.674
0.054 -56.1693 -8.77783
0.056 -69.7389 11.4542
0.058 -75.1713 26.4027
0.06 -72.0232 34.3616
0.062 -60.8853 34.8457
0.064 -43.4527 28.8483
0.066 -22.4521 18.4623
0.068 -1.36333 6.13793
0.07 16.1285 -5.68546
0.072 26.8712 -14.6183
0.074 28.9486 -18.6362
0.076 22.153 -16.6479
0.078 8.15227 -8.7035
0.08 -9.70867 4.24927
0.082 -27.0545 20.574
0.084 -39.4843 37.9846
0.086 -43.6189 53.8125
0.088 -37.8366 65.634
0.09 -22.5383 71.8079
0.092 0.0208294 71.6357
0.094 26.2485 65.3834
0.096 51.9706 54.3388
0.098 73.2688 40.6718
0.1 87.2291 26.947
0.102 92.4458 15.5714
0.104 89.2035 8.4562
0.106 79.3102 6.78198
0.108 65.6177 10.7257
0.11 51.3567 19.3355
0.112 39.4523 30.749
0.114 31.9748 42.6328
0.116 29.8237 52.599
0.118 32.7005 58.5734
0.12 39.3556 59.2022
0.122 48.0029 54.155
0.124 56.7553 44.1254
0.126 63.9517 30.5723
0.128 68.3445 15.3965
0.13 69.1901 0.624278
0.132 66.2716 -11.9357
0.134 59.8738 -20.9944
0.136 50.7247 -25.9245
0.138 39.8942 -26.7374
0.14 28.6467 -24.0144
0.142 18.2552 -18.8272
0.144 9.80515 -12.5714
0.146 4.02725 -6.72467
0.148 1.19001 -2.61377
0.15 1.06963 -1.24217
0.152 2.99373 -3.15283
0.154 5.96498 -8.31954
0.156 8.84841 -16.1344
0.158 10.5773 -25.5157
0.16 10.3436 -35.1034
0.162 7.72845 -43.475
0.164 2.74782 -49.3609
0.166 -4.18862 -51.8693
0.168 -12.3873 -50.6689
0.17 -21.0216 -46.0544
0.172 -29.28 -38.878
0.174 -36.4741 -30.3824
0.176 -42.0969 -21.9727
0.178 -45.8341 -14.9422
0.18 -47.5553 -10.2041
0.182 -47.3123 -8.11611
0.184 -45.355 -8.43978
0.186 -42.1373 -10.438
0.188 -38.2886 -13.084
0.19 -34.5479 -15.3245
0.192 -31.6552 -16.3389
0.194 -30.2088 -15.7198
0.196 -30.5075 -13.5295
0.198 -32.4116 -10.227
0.2 -35.2917 -6.50272
0.202 -38.1083 -3.0817
0.204 -39.616 -0.535655
0.206 -38.6591 0.856579
0.208 -34.491 1.16159
0.21 -27.0248 0.75832
0.212 -16.9432 0.231546
0.214 -5.61834 0.219325
0.216 5.15724 1.25309
0.218 13.566 3.62647
0.22 18.1798 7.32205
0.222 18.2894 12.0143
0.224 14.0759 17.1514
0.226 6.58847 22.0787
0.228 -2.47551 26.1632
0.23 -11.1352 28.9121
0.232 -17.557 30.0674
0.234 -20.4341 29.6387
0.236 -19.2166 27.8647
0.238 -14.1563 25.1461
0.24 -6.17266 21.9662
0.242 3.40328 18.7975
0.244 13.1251 16.0056
0.246 21.7035 13.7865
0.248 28.2002 12.1621
0.25 32.1164 11.0099
0.252 33.3862 10.1025
0.254 32.2942 9.16508
0.256 29.3592 7.95504
0.258 25.2222 6.33875
0.26 20.5659 4.32749
0.262 16.0664 2.07141
0.264 12.3526 -0.176298
0.266 9.95112 -2.12155
0.268 9.22202 -3.51007
0.27 10.2996 -4.20301
0.272 13.052 -4.21722
0.274 17.0766 -3.71664
0.276 21.755 -2.96932
0.278 26.3617 -2.28622
0.28 30.2059 -1.93933
0.282 32.7724 -2.0875
0.284 33.8261 -2.73357
0.286 33.4537 -3.72497
0.288 32.0216 -4.80145
0.29 30.0618 -5.66814
0.292 28.1217 -6.08831
0.294 26.6168 -5.96263
0.296 25.7259 -5.36107
0.298 25.3577 -4.50517
0.3 25.1929 -3.70809
0.302 24.7915 -3.28563
0.304 23.7358 -3.46025
0.306 21.7664 -4.28051
0.308 18.8678 -5.5801
0.31 15.2724 -7.00138
0.312 11.3948 -8.06548
0.314 7.71815 -8.27043
0.316 4.6652 -7.21024
0.318 2.49692 -4.68689
0.32 1.25899 -0.784101
0.322 0.781489 4.12624
0.324 0.720957 9.44358
0.326 0.640241 14.4388
0.328 0.110687 18.3715
0.33 -1.19631 20.6119
0.332 -3.44472 20.7631
0.334 -6.59957 18.747
0.336 -10.4276 14.8248
0.338 -14.5248 9.55699
0.34 -18.3612 3.71499
0.342 -21.3451 -1.83694
0.344 -22.9073 -6.28243
0.346 -22.5975 -8.99591
0.348 -20.1725 -9.6451
0.35 -15.6673 -8.24344
0.352 -9.42442 -5.14939
0.354 -2.06894 -1.00088
0.356 5.57133 3.40605
0.358 12.5953 7.2673
0.36 18.186 9.91433
0.362 21.7682 10.9262
0.364 23.1314 10.2064
0.366 22.4765 7.99691
0.368 20.3717 4.81269
0.37 17.6282 1.31752
0.372 15.1284 -1.81988
0.374 13.6321 -4.06169
0.376 13.603 -5.10361
0.378 15.1012 -4.93255
0.38 17.7823 -3.81684
0.382 20.9921 -2.22737
0.384 23.9217 -0.712174
0.386 25.7892 0.235601
0.388 26.0163 0.281303
0.39 24.3499 -0.683393
0.392 20.8953 -2.51213
0.394 16.0767 -4.8364
0.396 10.5367 -7.16077
0.398 4.99845 -8.98586
0.4 0.11589 -9.91966
0.402 -3.65262 -9.76517
0.404 -6.10854 -8.56737
0.406 -7.31477 -6.60872
0.408 -7.55181 -4.35363
0.41 -7.23931 -2.35092
0.412 -6.83435 -1.11862
0.414 -6.72453 -1.03119
0.416 -7.1381 -2.23233
0.418 -8.09135 -4.59398
0.42 -9.38436 -7.73018
0.422 -10.6476 -11.0648
0.424 -11.431 -13.9392
0.426 -11.3107 -15.7401
0.428 -9.99153 -16.0306
0.43 -7.38851 -14.6483
0.432 -3.67002 -11.744
0.434 0.756017 -7.7589
0.436 5.32228 -3.34425
0.438 9.42604 0.763711
0.44 12.5634 3.89119
0.442 14.4415 5.57795
0.444 15.0371 5.67535
0.446 14.5917 4.37099
0.448 13.5385 2.14547
0.45 12.3745 -0.332779
0.452 11.5152 -2.35236
0.454 11.1807 -3.32381
0.456 11.3414 -2.91082
0.458 11.7411 -1.09726
0.46 11.9863 1.80691
0.462 11.6788 5.23014
0.464 10.5608 8.46622
0.466 8.62204 10.8344
0.468 6.13444 11.831
0.47 3.5985 11.2377
0.472 1.62091 9.16608
0.474 0.75414 6.03917
0.476 1.33919 2.49922
0.478 3.39835 -0.72996
0.48 6.61555 -2.99369
0.482 10.4168 -3.8372
0.484 14.1114 -3.09048
0.486 17.0508 -0.902849
0.488 18.7767 2.28933
0.49 19.1207 5.86662
0.492 18.2342 9.15946
0.494 16.5315 11.578
0.496 14.5673 12.7223
0.498 12.8973 12.4486
0.5 11.9521 10.8864
0.502 11.9554 8.39644
0.504 12.8939 5.48203
0.506 14.5425 2.68228
0.508 16.5344 0.46189
0.51 18.4505 -0.872807
0.512 19.9021 -1.22126
0.514 20.5881 -0.691127
0.516 20.3299 0.448606
0.518 19.0834 1.84684
0.52 16.9384 3.15989
0.522 14.1066 4.12326
0.524 10.8967 4.59621
0.526 7.679 4.57757
0.528 4.83941 4.18013
0.53 2.72297 3.58028
0.532 1.56765 2.95697
0.534 1.45139 2.44299
0.536 2.26749 2.10105
0.538 3.73173 1.91658
0.54 5.42424 1.80887
0.542 6.86844 1.66432
0.544 7.63923 1.38292
0.546 7.46896 0.917575
0.548 6.3184 0.289947
0.55 4.39332 -0.413688
0.552 2.09804 -1.06323
0.554 -0.0594059 -1.51886
0.556 -1.59318 -1.66919
0.558 -2.16876 -1.46017
0.56 -1.68937 -0.902659
0.562 -0.313998 -0.0651542
0.564 1.59335 0.941284
0.566 3.56905 1.98298
0.568 5.18141 2.93564
0.57 6.14885 3.70891
0.572 6.41223 4.25174
0.574 6.1368 4.54932
0.576 5.64883 4.61957
0.578 5.33303 4.50708
0.58 5.51699 4.27132
0.582 6.36848 3.9727
0.584 7.8439 3.66573
0.586 9.70659 3.39409
0.588 11.6055 3.18641
0.59 13.1785 3.05068
0.592 14.1508 2.97121
0.594 14.4079 2.91583
0.596 14.0141 2.84359
0.598 13.1719 2.71295
0.6 12.1401 2.49141
0.602 11.1434 2.16253
0.604 10.2965 1.73364
0.606 9.56721 1.23941
0.608 8.78876 0.730331
0.61 7.72026 0.256524
0.612 6.14047 -0.14243
0.614 3.93979 -0.451589
0.616 1.17961 -0.692591
0.618 -1.9052 -0.916192
0.62 -4.95297 -1.18898
0.622 -7.55805 -1.57853
0.624 -9.36992 -2.13838
0.626 -10.18 -2.89591
0.628 -9.97358 -3.84493
0.63 -8.93043 -4.94482
0.632 -7.37799 -6.13078
0.634 -5.70778 -7.32765
0.636 -4.27351 -8.4613
0.638 -3.30253 -9.46302
0.64 -2.8497 -10.2691
0.642 -2.79911 -10.8235
0.644 -2.90339 -11.0798
0.646 -2.85219 -10.9995
0.648 -2.35763 -10.5559
0.65 -1.23391 -9.74653
0.652 0.558676 -8.60688
0.654 2.91014 -7.22018
0.656 5.58803 -5.71056
0.658 8.29473 -4.22806
0.66 10.7403 -2.92897
0.662 12.7084 -1.94577
0.664 14.0945 -1.35122
0.666 14.9146 -1.13567
0.668 15.2899 -1.20939
0.67 15.4091 -1.41833
0.672 15.471 -1.5766
0.674 15.6244 -1.51158
0.676 15.9267 -1.10818
0.678 16.3402 -0.338801
0.68 16.7509 0.732036
0.682 16.9993 1.967
0.684 16.9234 3.19091
0.686 16.4047 4.23454
0.688 15.4035 4.97087
0.69 13.9714 5.34478
0.692 12.2401 5.38554
0.694 10.3935 5.1901
0.696 8.63008 4.88716
0.698 7.12266 4.59758
0.7 5.98319 4.40234
0.702 5.24405 4.32923
0.704 4.86358 4.35904
0.706 4.7473 4.44493
0.708 4.78111 4.53786
0.71 4.86812 4.61084
0.712 4.95591 4.67628
0.714 5.05169 4.78519
0.716 5.22098 5.00419
0.718 5.56638 5.38454
0.72 6.18955 5.93676
0.722 7.15159 6.61488
0.724 8.44865 7.31421
0.726 10.0028 7.88656
0.728 11.6655 8.17403
0.73 13.2404 8.05482
0.732 14.5249 7.48167
0.734 15.3596 6.49863
0.736 15.674 5.23566
0.738 15.5046 3.88039
0.74 14.9897 2.63772
0.742 14.3416 1.6845
0.744 13.8027 1.12803
0.746 13.5845 0.983606
0.748 13.809 1.17168
0.75 14.4706 1.53123
0.752 15.4321 1.86216
0.754 16.4492 1.97764
0.756 17.2201 1.74486
0.758 17.4563 1.10902
0.76 16.9584 0.102935
0.762 15.6743 -1.15671
0.764 13.7181 -2.49847
0.766 11.3499 -3.73448
0.768 8.92358 -4.69314
0.77 6.80995 -5.25513
0.772 5.30448 -5.37891
0.774 4.55335 -5.1
0.776 4.51845 -4.51477
0.778 4.99218 -3.75633
0.78 5.64958 -2.9718
0.782 6.12426 -2.29715
0.784 6.10036 -1.82556
0.786 5.3924 -1.59012
0.788 3.99278 -1.5676
0.79 2.07285 -1.68833
0.792 -0.0622044 -1.84795
0.794 -2.04647 -1.92661
0.796 -3.5402 -1.82021
0.798 -4.31136 -1.46407
0.8 -4.29035 -0.845335
0.802 -3.58352 -0.00295683
0.804 -2.43733 0.977456
0.806 -1.16679 1.97495
0.808 -0.0712426 2.86329
0.81 0.635881 3.5362
0.812 0.870169 3.92273
0.814 0.686077 3.99612
0.816 0.253256 3.77731
0.818 -0.198244 3.33507
0.82 -0.442713 2.77109
0.822 -0.315596 2.19455
0.824 0.248857 1.70437
0.826 1.20714 1.37566
0.828 2.42378 1.24916
0.83 3.71421 1.32507
0.832 4.89908 1.5664
0.834 5.8499 1.91668
0.836 6.51367 2.31139
0.838 6.91746 2.68612
0.84 7.1535 2.99152
0.842 7.35017 3.20631
0.844 7.6359 3.33844
0.846 8.10518 3.40991
0.848 8.79931 3.4452
0.85 9.70462 3.46861
0.852 10.763 3.50156
0.854 11.8867 3.5545
0.856 12.9752 3.61854
0.858 13.9319 3.67144
0.86 14.6744 3.6908
0.862 15.14 3.65568
0.864 15.2847 3.54489
0.866 15.0836 3.34713
0.868 14.5353 3.07484
0.87 13.6679 2.76063
0.872 12.5415 2.43632
0.874 11.2452 2.12572
0.876 9.8896 1.84712
0.878 8.59518 1.60944
0.88 7.47693 1.40461
0.882 6.62273 1.20579
0.884 6.07191 0.981709
0.886 5.80331 0.71444
0.888 5.73933 0.400729
0.89 5.76157 0.048915
0.892 5.73503 -0.316885
0.894 5.53422 -0.653992
0.896 5.06958 -0.913807
0.898 4.31045 -1.05927
0.9 3.29257 -1.07114
0.902 2.10853 -0.95024
0.904 0.889129 -0.721401
0.906 -0.224542 -0.432121
0.908 -1.11128 -0.139261
0.91 -1.69556 0.106982
0.912 -1.96099 0.271964
0.914 -1.9464 0.340753
0.916 -1.73246 0.324852
0.918 -1.4254 0.261577
0.92 -1.13865 0.201933
0.922 -0.972257 0.194651
0.924 -0.990915 0.274829
0.926 -1.21039 0.461098
0.928 -1.60065 0.754812
0.93 -2.10112 1.13394
0.932 -2.63794 1.55557
0.934 -3.13706 1.97185
0.936 -3.53785 2.34404
0.938 -3.80478 2.64461
0.94 -3.93112 2.85188
0.942 -3.9356 2.95565
0.944 -3.8533 2.9641
0.946 -3.72699 2.8994
0.948 -3.597 2.78326
0.95 -3.49166 2.62952
0.952 -3.41879 2.45123
0.954 -3.36147 2.26281
0.956 -3.28009 2.07579
0.958 -3.12128 1.89787
0.96 -2.82973 1.73788
0.962 -2.35811 1.6085
0.964 -1.67717 1.51874
0.966 -0.784732 1.47063
0.968 0.291344 1.46352
0.97 1.49654 1.49353
0.972 2.75673 1.54707
0.974 3.99003 1.59852
0.976 5.12011 1.61723
0.978 6.09013 1.58013
0.98 6.87269 1.47213
0.982 7.47094 1.28245
0.984 7.91135 1.01233
0.986 8.23194 0.681548
0.988 8.47224 0.323083
0.99 8.6626 -0.0278817
0.992 8.81396 -0.341371
0.994 8.91579 -0.591328
0.996 8.94291 -0.760102
0.998 8.8662 -0.845729
1 8.66389 -0.863159
1.002 8.32944 -0.838706
1.004 7.87454 -0.798291
1.006 7.32799 -0.762532
1.008 6.72731 -0.748641
1.01 6.10909 -0.767544
1.012 5.49992 -0.817941
1.014 4.9084 -0.887138
1.016 4.32044 -0.958333
1.018 3.70329 -1.01873
1.02 3.01677 -1.06251
1.022 2.22671 -1.09131
1.024 1.31873 -1.11355
1.026 0.310086 -1.14125
1.028 -0.748663 -1.18373
1.03 -1.78199 -1.24253
1.032 -2.70325 -1.30863
1.034 -3.43275 -1.36412
1.036 -3.91529 -1.38898
1.038 -4.13151 -1.36523
1.04 -4.09881 -1.27847
1.042 -3.8624 -1.12307
1.044 -3.48058 -0.906721
1.046 -3.01096 -0.650507
1.048 -2.49855 -0.383149
1.05 -1.96491 -0.135271
1.052 -1.40532 0.0641396
1.054 -0.79654 0.195208
1.056 -0.11158 0.252608
1.058 0.664345 0.246532
1.06 1.52515 0.200574
1.062 2.4447 0.146003
1.064 3.38 0.114731
1.066 4.27483 0.133542
1.068 5.07033 0.219753
1.07 5.72187 0.373871
1.072 6.21308 0.576569
1.074 6.55697 0.797299
1.076 6.78592 1.00269
1.078 6.93919 1.15786
1.08 7.05246 1.23253
1.082 7.15083 1.20813
1.084 7.24439 1.08485
1.086 7.32702 0.8825
1.088 7.37706 0.634093
1.09 7.3653 0.377782
1.092 7.26486 0.149693
1.094 7.05821 -0.0209951
1.096 6.73832 -0.118886
1.098 6.3078 -0.150905
1.1 5.77994 -0.145233
1.102 5.17803 -0.142971
1.104 4.53204 -0.186614
1.106 3.87561 -0.309437
1.108 3.24374 -0.529547
1.11 2.66932 -0.84698
1.112 2.17948 -1.24143
1.114 1.79326 -1.67135
1.116 1.52112 -2.08046
1.118 1.3629 -2.41168
1.12 1.3054 -2.62023
1.122 1.32445 -2.68171
1.124 1.38995 -2.59552
1.126 1.47138 -2.38523
1.128 1.54259 -2.09345
1.13 1.58508 -1.77304
1.132 1.59234 -1.47603
1.134 1.57372 -1.24191
1.136 1.55278 -1.0904
1.138 1.55832 -1.02027
1.14 1.61686 -1.01074
1.142 1.74715 -1.0265
1.144 1.95764 -1.02663
1.146 2.24622 -0.974006
1.148 2.6013 -0.843962
1.15 3.00346 -0.629203
1.152 3.42674 -0.339429
1.154 3.84217 0.000902947
1.156 4.21942 0.357697
1.158 4.52965 0.694416
1.16 4.75072 0.977841
1.162 4.87285 1.18415
1.164 4.90249 1.30373
1.166 4.86248 1.34384
1.168 4.79141 1.32897
1.17 4.7404 1.29248
1.172 4.76431 1.26888
1.174 4.9089 1.28997
1.176 5.19713 1.37921
1.178 5.61788 1.54437
1.18 6.12282 1.77533
1.182 6.63296 2.04711
1.184 7.05064 2.3256
1.186 7.27925 2.5743
1.188 7.2475 2.75882
1.19 6.92917 2.85162
1.192 6.35317 2.84073
1.194 5.60155 2.73355
1.196 4.79491 2.55215
1.198 4.06603 2.32373
1.2 3.53007 2.0749
1.202 3.26073 1.8317
1.204 3.27466 1.61605
1.206 3.52563 1.43808
1.208 3.91293 1.29346
1.21 4.30525 1.16859
1.212 4.57149 1.04986
1.214 4.60958 0.925682
1.216 4.36708 0.784121
1.218 3.84915 0.615179
1.22 3.11585 0.415562
1.222 2.26769 0.189787
1.224 1.42204 -0.0536224
1.226 0.68741 -0.305026
1.228 0.143732 -0.554487
1.23 -0.169454 -0.793372
1.232 -0.255338 -1.0152
1.234 -0.154032 -1.21459
1.236 0.067538 -1.38582
1.238 0.329932 -1.52518
1.24 0.557272 -1.63272
1.242 0.689652 -1.7101
1.244 0.690611 -1.75927
1.246 0.551085 -1.78475
1.248 0.288555 -1.79489
1.25 -0.0572995 -1.79817
1.252 -0.431278 -1.80006
1.254 -0.771115 -1.80275
1.256 -1.01808 -1.80554
1.258 -1.12818 -1.80438
1.26 -1.0792 -1.79097
1.262 -0.872972 -1.75359
1.264 -0.535703 -1.68124
1.266 -0.114596 -1.56654
1.268 0.330199 -1.40669
1.27 0.738095 -1.20455
1.272 1.06201 -0.968475
1.274 1.27814 -0.713508
1.276 1.38867 -0.459614
1.278 1.41896 -0.227313
1.28 1.41065 -0.0350669
1.282 1.41041 0.102883
1.284 1.45695 0.178893
1.286 1.57007 0.193641
1.288 1.74515 0.157336
1.29 1.95553 0.0899109
1.292 2.16207 0.0184421
1.294 2.32614 -0.0285562
1.296 2.42116 -0.0282282
1.298 2.44076 0.0331106
1.3 2.40301 0.158927
1.302 2.34832 0.342056
1.304 2.32924 0.565335
1.306 2.39621 0.803715
1.308 2.58389 1.03029
1.31 2.90155 1.22328
1.312 3.32995 1.3695
1.314 3.82433 1.46558
1.316 4.32336 1.51754
1.318 4.76246 1.53836
1.32 5.08833 1.54509
1.322 5.27028 1.55361
1.324 5.30389 1.57347
1.326 5.20942 1.6061
1.328 5.02683 1.64637
1.33 4.80577 1.6853
1.332 4.59368 1.71119
1.334 4.42517 1.71284
1.336 4.31687 1.68464
1.338 4.26704 1.62831
1.34 4.257 1.5497
1.342 4.25617 1.45539
1.344 4.22926 1.35151
1.346 4.14394 1.24408
1.348 3.97751 1.13633
1.35 3.72284 1.02593
1.352 3.39184 0.909388
1.354 3.01278 0.78604
1.356 2.62234 0.656897
1.358 2.25828 0.522448
1.36 1.95374 0.38467
1.362 1.73254 0.249483
1.364 1.60432 0.123853
1.366 1.56226 0.0105867
1.368 1.58567 -0.0929609
1.37 1.64623 -0.190978
1.372 1.71414 -0.285664
1.374 1.76278 -0.378181
1.376 1.77352 -0.468865
1.378 1.73948 -0.554292
1.38 1.66626 -0.625675
1.382 1.56977 -0.67229
1.384 1.47117 -0.684836
1.386 1.39246 -0.65681
1.388 1.35245 -0.586248
1.39 1.36248 -0.477601
1.392 1.42467 -0.341901
1.394 1.53332 -0.193364
1.396 1.67937 -0.0457505
1.398 1.85435 0.0892036
1.4 2.05032 0.202815
1.402 2.25936 0.292146
1.404 2.47346 0.361155
1.406 2.68512 0.417119
1.408 2.88697 0.466891
1.41 3.06941 0.516119
1.412 3.22005 0.570485
1.414 3.32495 0.63482
1.416 3.37189 0.709895
1.418 3.35391 0.792698
1.42 3.27067 0.879613
1.422 3.12919 0.967312
1.424 2.94385 1.05031
1.426 2.73566 1.12014
1.428 2.53002 1.16838
1.43 2.35113 1.18932
1.432 2.21679 1.17973
1.434 2.13598 1.13805
1.436 2.108 1.06525
1.438 2.1233 0.96734
1.44 2.1649 0.854405
1.442 2.21176 0.737245
1.444 2.24392 0.62581
1.446 2.24676 0.528178
1.448 2.21385 0.449585
1.45 2.14772 0.391422
1.452 2.05964 0.351649
1.454 1.96753 0.326075
1.456 1.89155 0.30986
1.458 1.84984 0.299764
1.46 1.85442 0.2954
1.462 1.90808 0.29862
1.464 2.00291 0.311536
1.466 2.12178 0.334704
1.468 2.24169 0.365674
1.47 2.33825 0.397655
1.472 2.39024 0.4195
1.474 2.38349 0.418283
1.476 2.31359 0.382569
1.478 2.18724 0.30519
1.48 2.02112 0.186182
1.482 1.83818 0.0337191
1.484 1.66159 -0.137019
1.486 1.50933 -0.306641
1.488 1.3921 -0.454654
1.49 1.3128 -0.563032
1.492 1.26595 -0.621263
1.494 1.23873 -0.629792
1.496 1.21543 -0.599426
1.498 1.18261 -0.547563
1.5 1.13147 -0.493411
1.502 1.05845 -0.455076
1.504 0.965348 -0.447379
1.506 0.859187 -0.477296
1.508 0.750896 -0.540614
1.51 0.652561 -0.624262
1.512 0.575117 -0.711367
1.514 0.527073 -0.784881
1.516 0.513525 -0.829627
1.518 0.535496 -0.834659
1.52 0.589835 -0.796238
1.522 0.67042 -0.718961
1.524 0.769203 -0.614236
1.526 0.876241 -0.497612
1.528 0.979913 -0.385482
1.53 1.06851 -0.291573
1.532 1.13276 -0.224666
1.534 1.16714 -0.188134
1.536 1.16999 -0.179909
1.538 1.14419 -0.192521
1.54 1.09827 -0.214997
1.542 1.04595 -0.23564
1.544 1.00315 -0.244705
1.546 0.983716 -0.235807
1.548 0.996815 -0.206365
1.55 1.04518 -0.157871
1.552 1.12448 -0.0955723
1.554 1.22449 -0.0277666
1.556 1.33185 0.0364735
1.558 1.43308 0.0897421
1.56 1.5167 0.127411
1.562 1.57488 0.148016
1.564 1.60499 0.153319
1.566 1.60959 0.147781
1.568 1.59516 0.137007
1.57 1.56974 0.126004
1.572 1.54136 0.118531
1.574 1.51714 0.116687
1.576 1.50172 0.120574
1.578 1.49576 0.128226
1.58 1.49607 0.136042
1.582 1.49801 0.140508
1.584 1.49769 0.139738
1.586 1.4923 0.133573
1.588 1.47951 0.122858
1.59 1.45776 0.109341
1.592 1.42749 0.0960289
1.594 1.39107 0.0859369
1.596 1.35193 0.0807254
1.598 1.31399 0.0805003
1.6 1.28111 0.0837046
1.602 1.25662 0.0875593
1.604 1.24259 0.0889226
1.606 1.23897 0.0850896
1.608 1.24322 0.0750309
1.61 1.25108 0.0592695
1.612 1.25737 0.0395424
1.614 1.25674 0.0190814
1.616 1.2449 0.00186486
1.618 1.22043 -0.00862661
1.62 1.18594 -0.0101116
1.622 1.14761 -0.00157734
1.624 1.11344 0.0164809
1.626 1.0913 0.0413763
1.628 1.08713 0.0687262
1.63 1.10358 0.0938792
1.632 1.13906 0.113226
1.634 1.1873 0.124804
1.636 1.23876 0.128238
1.638 1.28324 0.124613
1.64 1.31219 0.116247
1.642 1.32033 0.106719
1.644 1.30656 0.0998502
1.646 1.27398 0.0983464
1.648 1.22909 0.103244
1.65 1.18017 0.114077
1.652 1.13531 0.12906
1.654 1.10008 0.145566
1.656 1.07612 0.16057
1.658 1.06135 0.170834
1.66 1.05125 0.173624
1.662 1.04071 0.167501
1.664 1.02562 0.152965
1.666 1.00364 0.132038
1.668 0.974082 0.106971
1.67 0.937805 0.0795038
1.672 0.897039 0.051357
1.674 0.854704 0.0247028
1.676 0.81373 0.00137216
1.678 0.776225 -0.0178607
1.68 0.743297 -0.032611
1.682 0.715267 -0.0421986
1.684 0.691897 -0.0459525
1.686 0.672804 -0.0441327
1.688 0.657648 -0.0378459
1.69 0.646222 -0.0284749
1.692 0.638134 -0.017929
1.694 0.632388 -0.00891668
1.696 0.627507 -0.00424976
1.698 0.621606 -0.005793
1.7 0.612235 -0.0143396
1.702 0.596635 -0.0301167
1.704 0.572526 -0.0524757
1.706 0.539046 -0.0789017
1.708 0.497051 -0.105325
1.71 0.448624 -0.127758
1.712 0.396704 -0.143212
1.714 0.344981 -0.149394
1.716 0.297494 -0.144894
1.718 0.25762 -0.130353
1.72 0.227418 -0.108849
1.722 0.207671 -0.0844619
1.724 0.198244 -0.060913
1.726 0.198473 -0.0413421
1.728 0.207345 -0.0282136
1.73 0.223368 -0.0227098
1.732 0.244703 -0.024152
1.734 0.269595 -0.0303341
1.736 0.296636 -0.0383736
1.738 0.324449 -0.0453625
1.74 0.351513 -0.048613
1.742 0.376353 -0.0461796
1.744 0.397705 -0.0374517
1.746 0.414598 -0.0232239
1.748 0.426218 -0.00525692
1.75 0.431843 0.0141887
1.752 0.430978 0.032645
1.754 0.423538 0.0478511
1.756 0.409993 0.0583978
1.758 0.391408 0.0640162
1.76 0.369432 0.0653323
1.762 0.346181 0.0635936
1.764 0.323994 0.0604389
1.766 0.305271 0.0574355
1.768 0.292009 0.0557092
1.77 0.285364 0.0558934
1.772 0.285221 0.0580567
1.774 0.290102 0.0616617
1.776 0.297571 0.0658508
1.778 0.304737 0.0697277
1.78 0.308566 0.0724632
1.782 0.30632 0.0735359
1.784 0.296202 0.0728091
1.786 0.277788 0.0704617
1.788 0.251943 0.066991
1.79 0.220593 0.0630001
1.792 0.186396 0.0590557
1.794 0.152279 0.0555432
1.796 0.120963 0.0526435
1.798 0.0945132 0.050266
1.8 0.0740814 0.0481459
1.802 0.0599837 0.046102
1.804 0.0517016 0.0440681
1.806 0.0480462 0.0419304
1.808 0.047625 0.0395463
1.81 0.0492411 0.0369286
1.812 0.052065 0.034233
1.814 0.0555139 0.0316003
1.816 0.0591716 0.0290906
1.818 0.0628226 0.0267653
1.82 0.0664487 0.0247949
1.822 0.070073 0.0233849
1.824 0.0736357 0.0225473
1.826 0.0770688 0.0221452
1.828 0.0804595 0.0220871
1.83 0.0840123 0.0223428
1.832 0.0878734 0.0227858
1.834 0.0920883 0.0231575
1.836 0.0966242 0.0232507
1.838 0.101369 0.0229277
1.84 0.106102 0.0220615
1.842 0.11051 0.020553
1.844 0.114246 0.0183864
1.846 0.116879 0.0156928
1.848 0.117973 0.0126919
1.85 0.117298 0.00956768
1.852 0.114929 0.0064766
1.854 0.111154 0.00361675
1.856 0.106412 0.00121342
1.858 0.101237 -0.000584756
1.86 0.0961723 -0.00172985
1.862 0.0916784 -0.00214736
1.864 0.0880412 -0.00169479
1.866 0.0853847 -0.000371068
1.868 0.0837197 0.00162309
1.87 0.0829634 0.00404295
1.872 0.0829089 0.00669546
1.874 0.0832814 0.00936267
1.876 0.0838511 0.0117257
1.878 0.0845114 0.0134973
1.88 0.0852733 0.0145804
1.882 0.0862069 0.0150312
1.884 0.0874135 0.0149469
1.886 0.0889879 0.0144417
1.888 0.090966 0.0137177
1.89 0.0932575 0.0130331
1.892 0.0956082 0.0125428
1.894 0.0976139 0.0122605
1.896 0.0987804 0.0121357
1.898 0.0986259 0.0121262
1.9 0.096816 0.0121729
1.902 0.0932358 0.0121919
1.904 0.0880112 0.0121388
1.906 0.081507 0.012005
1.908 0.0742826 0.0118008
1.91 0.0669659 0.0115294
1.912 0.0601259 0.0111622
1.914 0.0541887 0.0106631
1.916 0.0493744 0.00999304
1.918 0.0456461 0.00909104
1.92 0.0427357 0.00789182
1.922 0.0402453 0.00635913
1.924 0.0377582 0.00450896
1.926 0.0349148 0.0024212
1.928 0.0314717 0.000220704
1.93 0.0273607 -0.00194573
1.932 0.0227114 -0.00393872
1.934 0.0178056 -0.00564573
1.936 0.0130024 -0.00698918
1.938 0.0086527 -0.00794185
1.94 0.00503984 -0.00852418
1.942 0.00234671 -0.00878868
1.944 0.000640204 -0.00879442
1.946 -0.000138323 -0.00859439
1.948 -0.000152784 -0.0082376
1.95 0.000375216 -0.00776877
1.952 0.0012124 -0.00722224
1.954 0.00215056 -0.00662026
1.956 0.00302962 -0.00598477
1.958 0.00374787 -0.00534666
1.96 0.00425818 -0.00473262
1.962 0.00455705 -0.00415452
1.964 0.0046645 -0.00362087
1.966 0.00460885 -0.0031393
1.968 0.00442037 -0.00271064
1.97 0.00412814 -0.00232818
1.972 0.00376033 -0.00198201
1.974 0.00334533 -0.00166478
1.976 0.00290746 -0.00137332
1.978 0.00246585 -0.00110827
1.98 0.00203801 -0.000871399
1.982 0.0016393 -0.000664802
1.984 0.00128031 -0.000490795
1.986 0.000966087 -0.000350454
1.988 0.000698306 -0.000241335
1.99 0.000476882 -0.000158483
1.992 0.000300091 -9.69682e-05
1.994 0.000165641 -5.28055e-05
1.996 7.18178e-05 -2.30022e-05
1.998 1.73448e-05 -5.68613e-06
0.5 30.8664 1.90809
1 25.2854 1.43753
1.5 17.8021 0.800339
2 10.3673 0.161058
2.5 4.54669 -0.33728
3 1.04545 -0.614749
3.5 -0.339263 -0.668158
4 -0.389429 -0.555878
4.5 0.0175984 -0.364864
5 0.291468 -0.175758
5.5 0.258049 -0.0392095
6 0.0465091 0.0308593
6.5 -0.132756 0.0490194
7 -0.16499 0.0420001
7.5 -0.0783854 0.0323574
8 0.0219816 0.0287029
8.5 0.0530912 0.0258665
9 0.00760253 0.0143398
9.5 -0.0642161 -0.0057845
10 -0.114128 -0.0140691
10.5 -0.143839 0.0302497
11 -0.206226 0.174174
11.5 -0.363921 0.446811
12 -0.638657 0.83613
12.5 -0.986754 1.27973
13 -1.31465 1.67776
13.5 -1.52181 1.92555
14 -1.54452 1.95297
14.5 -1.3784 1.7524
15 -1.0731 1.38201
15.5 -0.707759 0.942524
16 -0.361398 0.538482
16.5 -0.0904737 0.241992
17 0.0814205 0.0744909
17.5 0.161962 0.0119088
18 0.179896 0.00691587
18.5 0.170587 0.0149051
19 0.16221 0.0110997
19.5 0.167236 -0.00680593
20 0.181977 -0.0276022
20.5 0.193442 -0.0391252
21 0.189273 -0.0367464
21.5 0.165288 -0.0244845
22 0.127079 -0.010476
22.5 0.0859511 -0.00123314
23 0.0525446 0.0014818
23.5 0.0320761 1.86648e-05
24 0.0231626 -0.00209716
24.5 0.0196656 -0.00294251
25 0.0136437 -0.00313943
25.5 -0.00211326 -0.00487857
26 -0.0323397 -0.0101439
26.5 -0.07807 -0.0194579
27 -0.135958 -0.0318183
27.5 -0.198706 -0.0456205
28 -0.257055 -0.0598044
28.5 -0.302833 -0.0744507
29 -0.331583 -0.0904421
29.5 -0.343316 -0.108346
30 -0.341072 -0.127116
30.5 -0.328491 -0.14338
31 -0.308156 -0.151906
31.5 -0.281674 -0.14732
32 -0.250951 -0.12648
32.5 -0.219158 -0.0904376
33 -0.190278 -0.0449396
33.5 -0.167443 0.00100218
34 -0.151356 0.0380091
34.5 -0.140034 0.0594876
35 -0.129996 0.0636659
35.5 -0.117906 0.0536839
36 -0.101554 0.0358352
36.5 -0.0799835 0.0168704
37 -0.0536115 0.0015553
37.5 -0.0252316 -0.00860726
38 -0.00167407 -0.015212
38.5 0.0055175 -0.0216539
39 -0.0177279 -0.0313488
39.5 -0.0825674 -0.0461647
40 -0.190598 -0.0655954
40.5 -0.329686 -0.086931
41 -0.475341 -0.106333
41.5 -0.597971 -0.120364
42 -0.672975 -0.127282
42.5 -0.688912 -0.127466
43 -0.64991 -0.122752
43.5 -0.571571 -0.115043
44 -0.473015 -0.105047
44.5 -0.369295 -0.0919125
45 -0.267644 -0.0740181
45.5 -0.168456 -0.0504238
46 -0.0693685 -0.0220172
46.5 0.0303161 0.00841981
47 0.127137 0.0373123
47.5 0.213592 0.0618874
48 0.280212 0.0812784
48.5 0.318392 0.0964931
49 0.323052 0.109342
49.5 0.294663 0.121044
50 0.240345 0.131353
50.5 0.173561 0.138602
51 0.111881 0.140516
51.5 0.0727458 0.135235
52 0.0681445 0.122064
52.5 0.100119 0.101763
53 0.159219 0.0764373
53.5 0.227109 0.0491603
54 0.282734 0.0233455
54.5 0.309725 0.00189776
55 0.302031 -0.013645
55.5 0.265544 -0.023542
56 0.215291 -0.0294407
56.5 0.169704 -0.0331367
57 0.144485 -0.0351222
57.5 0.148294 -0.0338815
58 0.181282 -0.0265984
58.5 0.236205 -0.0110692
59 0.301049 0.0122798
59.5 0.362112 0.0396342
60 0.406842 0.0649844
60.5 0.426082 0.082725
61 0.415502 0.0901281
61.5 0.375977 0.08814
62 0.31291 0.0799912
62.5 0.234839 0.0685466
63 0.151981 0.0541986
63.5 0.0752308 0.0347964
64 0.0155179 0.00778611
64.5 -0.0172039 -0.0267439
65 -0.0161165 -0.0640907
65.5 0.0192364 -0.0954646
66 0.0800642 -0.111024
66.5 0.148027 -0.104017
67 0.1992 -0.0740446
67.5 0.211933 -0.0279096
68 0.175769 0.0222978
68.5 0.0971062 0.0631027
69 -0.00181798 0.08406
69.5 -0.0911064 0.0811797
70 -0.145355 0.0582697
70.5 -0.154266 0.0257404
71 -0.126633 -0.0028465
71.5 -0.0857272 -0.0154502
72 -0.0582916 -0.00582557
72.5 -0.0624274 0.0243047
73 -0.100038 0.0662089
73.5 -0.157034 0.107924
74 -0.210598 0.139119
74.5 -0.23955 0.154663
75 -0.232755 0.155115
75.5 -0.192063 0.14412
76 -0.129328 0.1245
76.5 -0.0599397 0.0956973
77 0.00345731 0.0543999
77.5 0.054182 -0.00184332
78 0.0910269 -0.0702374
78.5 0.115514 -0.14051
79 0.129246 -0.196648
79.5 0.132989 -0.22213
80 0.127477 -0.206146
80.5 0.114571 -0.147708
81 0.0972272 -0.0557955
81.5 0.0778258 0.0541436
82 0.0559387 0.165241
82.5 0.0274369 0.263345
83 -0.0137282 0.338862
83.5 -0.071439 0.386575
84 -0.143139 0.404761
84.5 -0.21809 0.394823
85 -0.279773 0.361628
85.5 -0.311819 0.313724
86 -0.304731 0.262365
86.5 -0.260014 0.219027
87 -0.189526 0.19218
87.5 -0.110366 0.184797
88 -0.037922 0.193791
88.5 0.019406 0.211607
89 0.0613631 0.2291
89.5 0.092768 0.238364
90 0.118411 0.234534
90.5 0.139064 0.216317
91 0.15087 0.185643
91.5 0.148235 0.146958
92 0.128197 0.10632
92.5 0.0933992 0.0701984
93 0.0516373 0.0439008
93.5 0.012113 0.0299759
94 -0.0194511 0.0273209
94.5 -0.0438704 0.0316463
95 -0.0677889 0.0373313
95.5 -0.0994691 0.0398762
96 -0.143454 0.0377052
96.5 -0.197194 0.0323716
97 -0.251593 0.0271316
97.5 -0.295178 0.0248138
98 -0.319456 0.0262917
98.5 -0.322491 0.0303992
99 -0.308835 0.0351481
99.5 -0.286189 0.0392606
100 -0.260972 0.0428877
100.5 -0.235365 0.0470161
101 -0.207247 0.052023
101.5 -0.172572 0.0564532
102 -0.128494 0.0569734
102.5 -0.0754979 0.0496884
103 -0.0179063 0.0321233
103.5 0.0366889 0.00475823
104 0.0781575 -0.028723
104.5 0.0944636 -0.0625474
105 0.0729895 -0.0906905
105.5 0.00369385 -0.108534
106 -0.115695 -0.113732
106.5 -0.27412 -0.106223
107 -0.444485 -0.0877609
107.5 -0.586915 -0.061386
108 -0.658871 -0.0310026
108.5 -0.629529 -0.000955587
109 -0.49286 0.024588
109.5 -0.273292 0.0424531
110 -0.0203501 0.0512031
110.5 0.206704 0.0514415
111 0.358504 0.0454446
111.5 0.411524 0.0362277
112 0.373702 0.0264227
112.5 0.27759 0.0174066
113 0.164464 0.00895954
113.5 0.066732 -0.000514948
114 -0.00348554 -0.0133336
114.5 -0.0549396 -0.0316071
115 -0.107603 -0.0561928
115.5 -0.178181 -0.085734
116 -0.26822 -0.11612
116.5 -0.360666 -0.140789
117 -0.426387 -0.152137
117.5 -0.43732 -0.14387
118 -0.379854 -0.113567
118.5 -0.262166 -0.0643764
119 -0.112356 -0.00492889
119.5 0.0314628 0.0527696
120 0.134382 0.0967869
120.5 0.175467 0.118731
121 0.151986 0.115895
121.5 0.0763938 0.0913923
122 -0.031311 0.0525265
122.5 -0.15158 0.00835181
123 -0.269973 -0.032504
123.5 -0.377152 -0.0631495
124 -0.465592 -0.0789383
124.5 -0.526141 -0.0776549
125 -0.547385 -0.0597779
125.5 -0.518973 -0.028763
126 -0.437504 0.00913611
126.5 -0.311725 0.0460105
127 -0.163572 0.0744226
127.5 -0.0233865 0.0898429
128 0.079505 0.0922761
128.5 0.126965 0.086131
129 0.118179 0.0781583
129.5 0.0684698 0.0742734
130 0.000978486 0.0767349
130.5 -0.0648491 0.0830722
131 -0.122004 0.0873407
131.5 -0.177035 0.0831387
132 -0.242668 0.0669284
132.5 -0.325906 0.0400318
133 -0.418661 0.00832017
133.5 -0.497113 -0.0202561
134 -0.531374 -0.0390875
134.5 -0.501007 -0.0456226
135 -0.407913 -0.0421039
135.5 -0.278866 -0.034051
136 -0.15522 -0.0273403
136.5 -0.0745363 -0.0253969
137 -0.0535978 -0.0278945
137.5 -0.0817976 -0.0315225
138 -0.128197 -0.0322816
138.5 -0.157951 -0.0279832
139 -0.148813 -0.0195774
139.5 -0.0989575 -0.0106167
140 -0.0229696 -0.00521173
140.5 0.0600708 -0.00565382
141 0.138241 -0.0110444
141.5 0.211137 -0.0176923
142 0.285312 -0.0210637
142.5 0.365131 -0.0182261
143 0.446057 -0.00947311
143.5 0.51514 0.00173764
144 0.558185 0.0105049
144.5 0.568353 0.0129802
145 0.550042 0.00837611
145.5 0.515264 -0.000505773
146 0.474937 -0.0084532
146.5 0.431043 -0.0100962
147 0.375041 -0.00208962
147.5 0.293799 0.0158377
148 0.17938 0.0413917
148.5 0.0365503 0.0713502
149 -0.116628 0.103272
149.5 -0.255403 0.136191
150 -0.358097 0.169814
150.5 -0.413426 0.202696
151 -0.42171 0.230613
151.5 -0.390378 0.246442
152 -0.327547 0.242159
152.5 -0.238188 0.212339
153 -0.125129 0.157551
153.5 0.00639651 0.0858182
154 0.14447 0.01106
154.5 0.270208 -0.0510983
155 0.362695 -0.0884686
155.5 0.406981 -0.0961915
156 0.400908 -0.0777643
156.5 0.356849 -0.0429574
157 0.297043 -0.00377156
157.5 0.244481 0.0296819
158 0.21354 0.0517274
158.5 0.204641 0.0614062
159 0.205168 0.0609062
159.5 0.195944 0.0532539
160 0.160125 0.0404433
160.5 0.0905686 0.0227189
161 -0.00730523 -0.000903965
161.5 -0.117927 -0.0313165
162 -0.221777 -0.067879
162.5 -0.302409 -0.107548
163 -0.351302 -0.145024
163.5 -0.368715 -0.17401
164 -0.360661 -0.189177
164.5 -0.333893 -0.188102
165 -0.291642 -0.172268
165.5 -0.232412 -0.146582
166 -0.152482 -0.117529
166.5 -0.0507031 -0.0907486
167 0.0672097 -0.0692116
167.5 0.18768 -0.0528225
168 0.292637 -0.0395286
168.5 0.365893 -0.0271698
169 0.399253 -0.0149475
169.5 0.395062 -0.00372164
170 0.363752 0.00486097
170.5 0.317908 0.00966333
171 0.266461 0.0108522
171.5 0.212516 0.00971045
172 0.155987 0.00773761
172.5 0.098939 0.00580378
173 0.0495674 0.00401538
173.5 0.0213695 0.0023378
174 0.0271402 0.00136961
174.5 0.0709959 0.00247911
175 0.143397 0.00696075
175.5 0.222805 0.0146471
176 0.283854 0.0229582
176.5 0.308051 0.0272598
177 0.291407 0.0226551
177.5 0.245083 0.0064097
178 0.189078 -0.0202849
178.5 0.142727 -0.0522323
179 0.11713 -0.0819668
179.5 0.113005 -0.102461
180 0.12401 -0.109483
180.5 0.142575 -0.10256
181 0.164497 -0.0843264
181.5 0.189983 -0.0588849
182 0.221451 -0.0302087
182.5 0.260216 -0.00135471
183 0.30443 0.0253872
183.5 0.349256 0.0479147
184 0.388686 0.0640181
184.5 0.417507 0.0717857
185 0.432302 0.0705457
185.5 0.43134 0.0617041
186 0.414035 0.0487789
186.5 0.380752 0.0363399
187 0.333171 0.0282141
187.5 0.274841 0.0258215
188 0.211353 0.0275537
188.5 0.149832 0.0296276
189 0.0978674 0.0280665
189.5 0.0622058 0.020814
190 0.0474515 0.00884755
190.5 0.0548806 -0.00434117
191 0.0815642 -0.0146402
191.5 0.120235 -0.0195452
192 0.160447 -0.0194764
192.5 0.1912 -0.0174767
193 0.204394 -0.0175554
193.5 0.197706 -0.0227631
194 0.175405 -0.0342071
194.5 0.146468 -0.0515373
195 0.120816 -0.0743755
195.5 0.105561 -0.103437
196 0.103181 -0.140266
196.5 0.112371 -0.185517
197 0.130619 -0.23692
197.5 0.156588 -0.28862
198 0.190608 -0.332889
198.5 0.233042 -0.363693
199 0.281801 -0.380089
199.5 0.330972 -0.387061
200 0.371747 -0.392638
200.5 0.395328 -0.402359
201 0.396154 -0.414087
201.5 0.373694 -0.416515
202 0.332049 -0.393051
202.5 0.278059 -0.329863
203 0.219383 -0.224336
203.5 0.163559 -0.0895138
204 0.117925 0.0482294
204.5 0.0892982 0.15779
205 0.0824547 0.214636
205.5 0.0976108 0.20989
206 0.128474 0.153309
206.5 0.162802 0.0691287
207 0.186298 -0.0131444
207.5 0.188619 -0.0689654
208 0.168559 -0.0860167
208.5 0.135351 -0.0662271
209 0.104815 -0.022661
209.5 0.091766 0.0266924
210 0.102266 0.0654688
210.5 0.129573 0.0835476
211 0.15591 0.078696
211.5 0.15939 0.0554693
212 0.123041 0.0224345
212.5 0.042097 -0.0110077
213 -0.0733203 -0.0372123
213.5 -0.200929 -0.0518056
214 -0.313137 -0.0540965
214.5 -0.385429 -0.0466044
215 -0.40351 -0.033973
215.5 -0.367079 -0.0214926
216 -0.289272 -0.0134505
216.5 -0.192116 -0.011644
217 -0.0995179 -0.0145375
217.5 -0.030095 -0.0175689
218 0.00775414 -0.0148245
218.5 0.016907 -0.00170859
219 0.00855536 0.0224177
219.5 -0.00332931 0.0529781
220 -0.00766949 0.0813055
220.5 0.000194933 0.0981288
221 0.0182213 0.0981324
221.5 0.0400976 0.0834476
222 0.0587291 0.0640977
222.5 0.0689832 0.0546597
223 0.0687195 0.0682235
223.5 0.0582874 0.110188
224 0.0394257 0.174737
224.5 0.0144805 0.245748
225 -0.0137678 0.301897
225.5 -0.0420445 0.323856
226 -0.066883 0.300628
226.5 -0.0855207 0.23266
227 -0.0970003 0.130953
227.5 -0.102715 0.0131296
228 -0.10581 -0.101575
228.5 -0.109506 -0.19654
229 -0.115142 -0.26026
229.5 -0.121026 -0.287223
230 -0.122874 -0.27784
230.5 -0.115804 -0.237979
231 -0.0969834 -0.178127
231.5 -0.0676159 -0.111825
232 -0.0331859 -0.0531353
232.5 -0.00168658 -0.0134591
233 0.0194401 0.00132569
233.5 0.0262719 -0.00773438
234 0.01991 -0.0334468
234.5 0.00583634 -0.0652399
235 -0.00852627 -0.092853
235.5 -0.0168584 -0.109508
236 -0.0161785 -0.113425
236.5 -0.00735956 -0.107334
237 0.00605356 -0.096497
237.5 0.0198759 -0.0862499
238 0.0310409 -0.0800796
238.5 0.0383323 -0.0788219
239 0.0420601 -0.0810086
239.5 0.0432355 -0.0839653
240 0.0429109 -0.0850864
240.5 0.0419932 -0.0828079
241 0.0413604 -0.0770185
241.5 0.0418844 -0.0689091
242 0.0441399 -0.0604432
242.5 0.047961 -0.0537006
243 0.0522419 -0.0503044
243.5 0.0552355 -0.0510214
244 0.0552049 -0.0555122
244.5 0.0509568 -0.0621799
245 0.0418578 -0.0681421
245.5 0.0273764 -0.0694758
246 0.00667598 -0.0619293
246.5 -0.0211322 -0.0421512
247 -0.0559219 -0.00917965
247.5 -0.0952354 0.0343865
248 -0.133722 0.0822096
248.5 -0.1641 0.12543
249 -0.179549 0.1551
249.5 -0.176489 0.165036
250 -0.15632 0.153963
250.5 -0.125102 0.12603
251 -0.0912821 0.0893822
251.5 -0.062505 0.0533007
252 -0.0429782 0.02499
252.5 -0.0323978 0.00720389
253 -0.0265869 -0.00245155
253.5 -0.0192595 -0.010342
254 -0.004101 -0.0242123
254.5 0.0233948 -0.0500767
255 0.0645427 -0.0896391
255.5 0.11663 -0.139125
256 0.17286 -0.189993
256.5 0.22343 -0.231385
257 0.257877 -0.253568
257.5 0.268201 -0.25117
258 0.251668 -0.224996
258.5 0.21199 -0.181694
259 0.158179 -0.131379
259.5 0.101422 -0.0841858
260 0.0513639 -0.0471771
260.5 0.0134466 -0.0228022
261 -0.0116381 -0.00934198
261.5 -0.0264807 -0.00282689
262 -0.034577 0.000693766
262.5 -0.0384339 0.00363733
263 -0.0390195 0.0066527
263.5 -0.0364737 0.00941867
264 -0.031265 0.0117184
264.5 -0.0248616 0.0140349
265 -0.019474 0.0173552
265.5 -0.0171131 0.0224305
266 -0.018632 0.0290655
266.5 -0.0233569 0.0359391
267 -0.0294776 0.0410874
267.5 -0.0349022 0.0427683
268 -0.0380734 0.0402318
268.5 -0.0383763 0.0340127
269 -0.0360686 0.0256544
269.5 -0.0319292 0.0170612
270 -0.0268783 0.0098183
270.5 -0.021726 0.00476389
271 -0.0170632 0.00193373
271.5 -0.01324 0.000819155
272 -0.0103956 0.000775883
272.5 -0.00854586 0.00139982
273 -0.00772748 0.00272742
273.5 -0.00813593 0.00519087
274 -0.0101487 0.0093448
274.5 -0.0141525 0.0154688
275 -0.0202129 0.0232153
275.5 -0.0277549 0.0314805
276 -0.0354749 0.0386005
276.5 -0.0416089 0.0428394
277 -0.0444981 0.0429871
277.5 -0.0432105 0.0388129
278 -0.0379248 0.031171
278.5 -0.0298842 0.0217026
279 -0.0209401 0.0122707
279.5 -0.0128954 0.00437703
280 -0.00694096 -0.00119867
280.5 -0.00340561 -0.00442189
281 -0.00187421 -0.0057493
281.5 -0.00155369 -0.00577637
282 -0.00168059 -0.00497833
282.5 -0.0017868 -0.00364382
283 -0.00174735 -0.00196969
283.5 -0.00165519 -0.000195161
284 -0.00163913 0.00134785
284.5 -0.00173759 0.00231399
285 -0.00187877 0.0024992
285.5 -0.00194414 0.00196037
286 -0.00184985 0.00100993
286.5 -0.00158811 7.54811e-05
287 -0.00121256 -0.000498957
287.5 -0.000794813 -0.000596897
288 -0.000393702 -0.000339723
288.5 -5.90945e-05 3.31307e-05
289 0.000143416 0.00033339
289.5 0.000122564 0.000536678
290 -0.00020716 0.000773136
290.5 -0.000859711 0.00120841
291 -0.0017175 0.00189436
291.5 -0.00252443 0.00268519
292 -0.00295286 0.00327311
292.5 -0.00272204 0.00332709
293 -0.00171313 0.00265993
293.5 -2.53686e-05 0.00133575
294 0.00205189 -0.000335334
294.5 0.00413484 -0.00190949
295 0.0058638 -0.00297249
295.5 0.00699732 -0.00328078
296 0.00745383 -0.00282578
296.5 0.0072982 -0.00180684
297 0.00668894 -0.000536566
297.5 0.0058089 0.00067561
298 0.00480209 0.0016166
298.5 0.00373645 0.00221132
299 0.00260637 0.00250845
299.5 0.00137653 0.00262672
300 4.92475e-05 0.00268947
300.5 -0.00127904 0.00277486
301 -0.00240917 0.0028981
301.5 -0.00309569 0.00302526
302 -0.00315049 0.00310388
302.5 -0.00254417 0.00309011
303 -0.00144882 0.00295758
303.5 -0.000191267 0.0026879
304 0.000868252 0.0022555
304.5 0.00147638 0.00162412
305 0.00157843 0.000764702
305.5 0.0013186 -0.000311545
306 0.000952084 -0.00152371
306.5 0.000716705 -0.00271706
307 0.000728457 -0.00369442
307.5 0.000949325 -0.00427468
308 0.00123617 -0.00435418
308.5 0.00143849 -0.00394345
309 0.00149075 -0.00316225
309.5 0.00145103 -0.00219578
310 0.00146732 -0.00123236
310.5 0.00169028 -0.000410077
311 0.00217823 0.00020697
311.5 0.00284447 0.000618111
312 0.00347577 0.000853364
312.5 0.00381604 0.000939246
313 0.00367654 0.000881383
313.5 0.00302088 0.000670749
314 0.00198523 0.000306704
314.5 0.0008258 -0.000178631
315 -0.000180042 -0.000710141
315.5 -0.00083327 -0.00118122
316 -0.00107117 -0.00148343
316.5 -0.000965021 -0.00154192
317 -0.000667586 -0.00134163
317.5 -0.000340268 -0.000933313
318 -9.26558e-05 -0.000417062
318.5 4.47576e-05 9.01234e-05
319 0.000111561 0.000490249
319.5 0.000183288 0.000730774
320 0.000329495 0.000813047
320.5 0.000580093 0.000781723
321 0.000910267 0.000701589
321.5 0.00124718 0.000632475
322 0.00149451 0.000612307
322.5 0.00156503 0.000653252
323 0.00140879 0.000749008
323.5 0.00102657 0.00088612
324 0.000465408 0.00105154
324.5 -0.000198708 0.00123249
325 -0.000880426 0.00141078
325.5 -0.00149803 0.00155776
326 -0.00197787 0.00163618
326.5 -0.0022557 0.00161042
327 -0.0022832 0.00146104
327.5 -0.00204254 0.00119591
328 -0.00156385 0.00085157
328.5 -0.000933806 0.000483504
329 -0.000285018 0.000149436
329.5 0.000235014 -0.000106855
330 0.000505448 -0.000265049
330.5 0.0004674 -0.000328775
331 0.000138181 -0.000318921
331.5 -0.000400863 -0.000263778
332 -0.00103641 -0.000189751
332.5 -0.00166071 -0.000114827
333 -0.00219927 -4.55965e-05
333.5 -0.00261967 2.1932e-05
334 -0.00292113 9.78228e-05
334.5 -0.0031132 0.00019097
335 -0.00319546 0.000301512
335.5 -0.0031491 0.000416346
336 -0.00294492 0.000510603
336.5 -0.00256417 0.000555481
337 -0.00202144 0.000529563
337.5 -0.00137628 0.000428687
338 -0.000724399 0.000269906
338.5 -0.000169386 8.79395e-05
339 0.000213285 -7.40057e-05
339.5 0.000401869 -0.00017506
340 0.000429021 -0.000185489
340.5 0.000355436 -9.17993e-05
341 0.000229932 0.000101437
341.5 5.90192e-05 0.00037188
342 -0.00019421 0.000681424
342.5 -0.00057782 0.000980597
343 -0.00110175 0.00121619
343.5 -0.00170079 0.00134174
344 -0.00223595 0.00132863
344.5 -0.00254071 0.00117423
345 -0.00249351 0.000904246
345.5 -0.00208053 0.000568062
346 -0.00141514 0.000228238
346.5 -0.000701245 -5.32102e-05
347 -0.000155993 -0.000228937
347.5 7.23311e-05 -0.000278188
348 -4.49652e-05 -0.000214072
348.5 -0.000416346 -8.35106e-05
349 -0.000873119 4.23991e-05
349.5 -0.00123195 8.78564e-05
350 -0.00135016 -2.0307e-06
350.5 -0.00115813 -0.000237532
351 -0.000667559 -0.000572627
351.5 3.70958e-05 -0.000913085
352 0.000817493 -0.00114486
352.5 0.00150895 -0.00117424
353 0.00195679 -0.000964672
353.5 0.00205692 -0.000554956
354 0.00178894 -5.04036e-05
354.5 0.00122728 0.000410202
355 0.000522763 0.000699225
355.5 -0.000140002 0.000739588
356 -0.000592437 0.000525555
356.5 -0.000720815 0.000119819
357 -0.00048438 -0.000369173
357.5 8.47672e-05 -0.000820171
358 0.000891261 -0.00113196
358.5 0.00179013 -0.00124815
359 0.00260729 -0.00116914
359.5 0.00317312 -0.000949334
360 0.00336873 -0.000679532
360.5 0.00317046 -0.000457868
361 0.00266873 -0.0003566
361.5 0.00204268 -0.000395659
362 0.00149317 -0.00053394
362.5 0.00116161 -0.000684092
363 0.00107506 -0.000747115
363.5 0.00114715 -0.000653689
364 0.00123484 -0.000394832
364.5 0.00121943 -2.82672e-05
365 0.00106675 0.000342613
365.5 0.000834131 0.000608128
366 0.000624408 0.000693089
366.5 0.000517789 0.000582207
367 0.000524214 0.000320954
367.5 0.000583495 -6.31577e-06
368 0.000609794 -0.00031007
368.5 0.00054974 -0.00052665
369 0.000416687 -0.00063492
369.5 0.000280193 -0.000653823
370 0.000218575 -0.000624293
370.5 0.000265011 -0.000585025
371 0.000380856 -0.000553485
371.5 0.000472545 -0.000520592
372 0.000442209 -0.000460893
372.5 0.000242774 -0.000352466
373 -9.32244e-05 -0.000195675
373.5 -0.000465941 -2.01301e-05
374 -0.000753313 0.000124851
374.5 -0.000863889 0.000192068
375 -0.000770717 0.000159176
375.5 -0.00051238 3.9894e-05
376 -0.000165899 -0.000122751
376.5 0.000190408 -0.000277692
377 0.000504333 -0.000390042
377.5 0.000756899 -0.000455198
378 0.000951739 -0.000495726
378.5 0.00109819 -0.000543696
379 0.00119984 -0.000618924
379.5 0.0012537 -0.000715089
380 0.00125651 -0.000800512
380.5 0.00121089 -0.000832254
381 0.00112515 -0.000775697
381.5 0.00100676 -0.000620352
382 0.000854624 -0.000385675
382.5 0.000656881 -0.000115921
383 0.000397606 0.000132812
383.5 7.06081e-05 0.000308328
384 -0.000306241 0.000376078
384.5 -0.000683852 0.000327323
385 -0.000987211 0.000179756
385.5 -0.00113355 -2.9369e-05
386 -0.00105864 -0.000255032
386.5 -0.00074259 -0.000456628
387 -0.000225603 -0.00060574
387.5 0.000393849 -0.000687131
388 0.000980396 -0.000694501
388.5 0.00139775 -0.000625713
389 0.00154801 -0.000482039
389.5 0.0014004 -0.000272412
390 0.000998789 -1.89706e-05
390.5 0.000444884 0.000242118
391 -0.000135705 0.00046827
391.5 -0.000631152 0.000624655
392 -0.000970675 0.000697828
392.5 -0.00113349 0.000700909
393 -0.00114084 0.000666834
393.5 -0.00103962 0.000633166
394 -0.000887534 0.000626831
394.5 -0.000744602 0.000656545
395 -0.000668604 0.000715358
395.5 -0.000707854 0.000789371
396 -0.000886882 0.000865846
396.5 -0.00118837 0.000936029
397 -0.00154251 0.00099313
397.5 -0.00183645 0.00102973
398 -0.00194867 0.00103858
398.5 -0.00179886 0.00101706
399 -0.00139158 0.000971286
399.5 -0.000829679 0.000915638
400 -0.000285081 0.000866394
400.5 6.517e-05 0.000833285
401 0.000110543 0.00081482
401.5 -0.000146798 0.000800947
402 -0.000593747 0.000781185
402.5 -0.00105557 0.000752046
403 -0.00136942 0.000717822
403.5 -0.00144766 0.000683756
404 -0.00130325 0.000646802
404.5 -0.001029 0.000591835
405 -0.000745267 0.000498048
405.5 -0.000543694 0.000353216
406 -0.000453016 0.000167243
406.5 -0.000439408 -2.43923e-05
407 -0.000435696 -0.00017129
407.5 -0.000381203 -0.000228462
408 -0.000251743 -0.000175925
408.5 -6.70179e-05 -2.72892e-05
409 0.000124818 0.0001768
409.5 0.000274778 0.000386316
410 0.000357834 0.000561141
410.5 0.000383104 0.000682817
411 0.000386233 0.000754601
411.5 0.000410006 0.000792083
412 0.000484513 0.000810667
412.5 0.000617033 0.000816244
413 0.000795157 0.000802413
413.5 0.000998522 0.000753929
414 0.00120992 0.000653827
414.5 0.00141821 0.000491265
415 0.00161221 0.000267832
415.5 0.00177218 8.20958e-07
416 0.00186761 -0.00027771
416.5 0.00186617 -0.000526663
417 0.00175002 -0.000705758
417.5 0.0015296 -0.000786961
418 0.00124526 -0.000763445
418.5 0.000954688 -0.000652209
419 0.000712863 -0.000488698
419.5 0.00055581 -0.000315181
420 0.000495803 -0.000167466
420.5 0.000526678 -6.51276e-05
421 0.000630724 -8.47299e-06
421.5 0.000778889 1.7834e-05
422 0.000924058 3.73584e-05
422.5 0.000996744 7.43425e-05
423 0.000915531 0.000148386
423.5 0.000616898 0.00027158
424 9.45671e-05 0.000446889
424.5 -0.000573106 0.000666763
425 -0.00122871 0.000912269
425.5 -0.00168073 0.00115423
426 -0.00177302 0.0013577
426.5 -0.00144819 0.00148961
427 -0.000774752 0.0015271
427.5 7.60531e-05 0.00146329
428 0.000893118 0.00130793
428.5 0.00149917 0.00108273
429 0.00180321 0.000813816
429.5 0.00181251 0.000525057
430 0.00160591 0.00023503
430.5 0.00128719 -4.17262e-05
431 0.000942582 -0.00029101
431.5 0.000619407 -0.000495821
432 0.000328666 -0.00063631
432.5 6.29214e-05 -0.000693544
433 -0.000184158 -0.000655779
433.5 -0.000406948 -0.000524591
434 -0.000588944 -0.000318025
434.5 -0.000712368 -6.8858e-05
435 -0.000769725 0.000182236
435.5 -0.000771108 0.000396884
436 -0.000743619 0.000549228
436.5 -0.000722475 0.000632247
437 -0.000736527 0.000657303
437.5 -0.000793468 0.000646623
438 -0.000871328 0.000621762
438.5 -0.000921676 0.000593382
439 -0.000885873 0.000557616
439.5 -0.000719652 0.000501208
440 -0.000416139 0.000412929
440.5 -1.63742e-05 0.000294927
441 0.000399169 0.000167103
441.5 0.000736126 6.10703e-05
442 0.000918709 6.07513e-06
442.5 0.000915382 1.42397e-05
443 0.000747204 7.35365e-05
443.5 0.000476413 0.000153092
444 0.000181749 0.000218693
444.5 -6.80673e-05 0.000250443
445 -0.00023213 0.000252919
445.5 -0.000301486 0.000251888
446 -0.000291428 0.000278893
446.5 -0.00022823 0.000351649
447 -0.000137198 0.000460707
447.5 -3.62852e-05 0.000569785
448 6.41789e-05 0.000630179
448.5 0.000157947 0.000602502
449 0.000238769 0.000475291
449.5 0.000298339 0.000271617
450 0.000327219 4.06643e-05
450.5 0.000318035 -0.000161683
451 0.000269108 -0.000294339
451.5 0.000186561 -0.000345222
452 8.37282e-05 -0.000332543
452.5 -2.19096e-05 -0.000293569
453 -0.000112811 -0.000266562
453.5 -0.000174795 -0.00027406
454 -0.000198917 -0.000314362
454.5 -0.000182265 -0.000364079
455 -0.000128808 -0.00038978
455.5 -5.07718e-05 -0.000363217
456 3.06103e-05 -0.000273632
456.5 8.73235e-05 -0.000132382
457 9.14355e-05 3.14616e-05
457.5 2.55217e-05 0.000182173
458 -0.000107713 0.00029037
458.5 -0.000282372 0.000342825
459 -0.000456472 0.000345677
459.5 -0.000587756 0.000320533
460 -0.000651458 0.000295745
460.5 -0.000651252 0.000296742
461 -0.000617421 0.000339059
461.5 -0.0005928 0.000425944
462 -0.00061348 0.000550059
462.5 -0.0006939 0.000697164
463 -0.000823175 0.000849458
463.5 -0.000973054 0.000987421
464 -0.00111175 0.00109075
464.5 -0.00121556 0.00114002
465 -0.0012728 0.00112021
465.5 -0.00128027 0.00102582
466 -0.00123685 0.000865146
466.5 -0.00114013 0.000660952
467 -0.000988667 0.000445752
467.5 -0.000787834 0.00025265
468 -0.000554481 0.00010531
468.5 -0.000316148 1.16228e-05
469 -0.000104554 -3.58027e-05
469.5 5.31259e-05 -5.24938e-05
470 0.000140354 -5.19717e-05
470.5 0.000152119 -3.79615e-05
471 9.20252e-05 -3.20749e-06
471.5 -3.03987e-05 6.42675e-05
472 -0.000198967 0.000170584
472.5 -0.000387326 0.000306668
473 -0.000557176 0.000445335
473.5 -0.000663387 0.000547017
474 -0.000667421 0.000572292
474.5 -0.000554313 0.000496196
475 -0.000344122 0.00031851
475.5 -8.96448e-05 6.58672e-05
476 0.00014136 -0.000215103
476.5 0.000292617 -0.000471052
477 0.000342019 -0.000656927
477.5 0.00030919 -0.000747848
478 0.000244013 -0.000744387
478.5 0.000201944 -0.000670143
479 0.000218534 -0.000562894
479.5 0.000295445 -0.00046238
480 0.000403706 -0.000398512
480.5 0.00050091 -0.000383494
481 0.000552459 -0.000410031
481.5 0.000546039 -0.00045589
482 0.000493211 -0.000493081
482.5 0.000419225 -0.000498398
483 0.000347989 -0.00046167
483.5 0.000290708 -0.000388814
484 0.000243671 -0.000298691
484.5 0.00019512 -0.000215021
485 0.000136125 -0.000156524
485.5 6.8571e-05 -0.000129227
486 5.47179e-06 -0.000124166
486.5 -3.63494e-05 -0.000121649
487 -4.65614e-05 -0.000100537
487.5 -2.80901e-05 -4.87091e-05
488 4.04e-06 2.999e-05
488.5 3.12946e-05 0.000115766
489 4.2449e-05 0.000180405
489.5 3.98737e-05 0.000199315
490 3.72225e-05 0.000162707
490.5 4.98447e-05 8.0572e-05
491 8.3933e-05 -2.11235e-05
491.5 0.000131349 -0.000111438
492 0.000173562 -0.000167468
492.5 0.000192408 -0.000183183
493 0.000181114 -0.000170062
493.5 0.000148923 -0.000149714
494 0.00011672 -0.000142653
494.5 0.00010645 -0.000159007
495 0.000130535 -0.000195409
495.5 0.000186832 -0.000238682
496 0.000260918 -0.000273386
496.5 0.000333205 -0.000288742
497 0.000386438 -0.000281613
497.5 0.000410104 -0.000254966
498 0.00040111 -0.000213851
498.5 0.000362381 -0.000161922
499 0.000301405 -0.000100496
499.5 0.000229441 -3.02604e-05
500 0.000160539 4.59765e-05
