-1.998 -9.7597e-06 9.3654e-07
-1.996 -3.73143e-05 3.95102e-06
-1.994 -7.73016e-05 9.9549e-06
-1.992 -0.000121963 2.01366e-05
-1.99 -0.000163567 3.48899e-05
-1.988 -0.000197218 5.26625e-05
-1.986 -0.000223281 6.92821e-05
-1.984 -0.000248631 7.82108e-05
-1.982 -0.000286211 7.18891e-05
-1.98 -0.000352784 4.3934e-05
-1.978 -0.000465216 -8.41326e-06
-1.976 -0.000636091 -8.24073e-05
-1.974 -0.000869689 -0.000169273
-1.972 -0.00115938 -0.00025552
-1.97 -0.00148728 -0.000326064
-1.968 -0.00182644 -0.000368562
-1.966 -0.00214542 -0.000377836
-1.964 -0.00241434 -0.000359049
-1.962 -0.00261113 -0.000328411
-1.96 -0.00272674 -0.000310703
-1.958 -0.00276777 -0.000333724
-1.956 -0.00275606 -0.000420661
-1.954 -0.00272493 -0.000582178
-1.952 -0.00271275 -0.000810348
-1.95 -0.00275513 -0.00107644
-1.948 -0.00287737 -0.00133379
-1.946 -0.00308869 -0.00152585
-1.944 -0.00337969 -0.00159816
-1.942 -0.00372356 -0.00151174
-1.94 -0.00408093 -0.00125498
-1.938 -0.00440738 -0.000850562
-1.936 -0.00466192 -0.000355455
-1.934 -0.00481461 0.000147236
-1.932 -0.00485156 0.000563444
-1.93 -0.00477606 0.000807654
-1.928 -0.00460562 0.000822638
-1.926 -0.00436562 0.0005948
-1.924 -0.00408098 0.000161126
-1.922 -0.00376808 -0.000394695
-1.92 -0.00342894 -0.000957038
-1.918 -0.00304942 -0.00140151
-1.916 -0.00260227 -0.00162194
-1.914 -0.00205477 -0.00155522
-1.912 -0.00137979 -0.0011984
-1.91 -0.000567938 -0.000613458
-1.908 0.000361787 8.20539e-05
-1.906 0.00135555 0.00073744
-1.904 0.00232452 0.00120014
-1.902 0.00315213 0.00134951
-1.9 0.00370821 0.00112563
-1.898 0.00386844 0.000546567
-1.896 0.00353598 -0.000290623
-1.894 0.00266181 -0.00122607
-1.892 0.00125996 -0.00206784
-1.89 -0.000585121 -0.00263107
-1.888 -0.00272092 -0.00277731
-1.886 -0.00493905 -0.0024454
-1.884 -0.00699601 -0.0016669
-1.882 -0.00863981 -0.000562276
-1.88 -0.00963895 0.000681873
-1.878 -0.00980989 0.00185011
-1.876 -0.00903921 0.00274218
-1.874 -0.00729775 0.00321443
-1.872 -0.00464484 0.00320946
-1.87 -0.00122251 0.00276746
-1.868 0.00275922 0.00201645
-1.866 0.00704354 0.00114336
-1.864 0.0113517 0.000352296
-1.862 0.0154081 -0.000180965
-1.86 0.0189636 -0.00034788
-1.858 0.0218136 -0.000130973
-1.856 0.0238103 0.000392751
-1.854 0.0248694 0.00106937
-1.852 0.0249688 0.00170245
-1.85 0.0241429 0.00209642
-1.848 0.0224716 0.00209909
-1.846 0.0200669 0.00163386
-1.844 0.0170588 0.000714418
-1.842 0.0135829 -0.00056093
-1.84 0.00976991 -0.00203371
-1.838 0.00574098 -0.00352246
-1.836 0.00160715 -0.00486349
-1.834 -0.00252579 -0.00594525
-1.832 -0.00654783 -0.00672787
-1.83 -0.0103323 -0.00724308
-1.828 -0.0137221 -0.00757495
-1.826 -0.0165188 -0.00782675
-1.824 -0.018477 -0.00808323
-1.822 -0.0193079 -0.00837874
-1.82 -0.018696 -0.0086802
-1.818 -0.0163265 -0.00889026
-1.816 -0.0119252 -0.00887058
-1.814 -0.00530405 -0.00847982
-1.812 0.00359153 -0.00761726
-1.81 0.0146413 -0.00626069
-1.808 0.0275213 -0.00448819
-1.806 0.0416938 -0.00247644
-1.804 0.0564196 -0.00047338
-1.802 0.0707972 0.001251
-1.8 0.0838258 0.00246589
-1.798 0.0944898 0.00303911
-1.796 0.101856 0.00297963
-1.794 0.105174 0.00245086
-1.792 0.103965 0.00174829
-1.79 0.0980883 0.00124359
-1.788 0.0877773 0.00130552
-1.786 0.0736375 0.00221455
-1.784 0.0566058 0.00409028
-1.782 0.037877 0.00684893
-1.78 0.0188038 0.0102023
-1.778 0.000780927 0.0137008
-1.776 -0.014874 0.0168147
-1.774 -0.0270298 0.0190376
-1.772 -0.034831 0.0199931
-1.77 -0.037755 0.0195206
-1.768 -0.0356358 0.0177226
-1.766 -0.0286499 0.0149583
-1.764 -0.0172728 0.0117836
-1.762 -0.00221172 0.00884714
-1.76 0.0156735 0.00676193
-1.758 0.0354519 0.00598023
-1.756 0.0561964 0.00669802
-1.754 0.0770444 0.00881024
-1.752 0.0972404 0.0119273
-1.75 0.116158 0.0154503
-1.748 0.133301 0.0186905
-1.746 0.148293 0.0210081
-1.744 0.160856 0.0219437
-1.742 0.17079 0.0213122
-1.74 0.177958 0.0192412
-1.738 0.182291 0.0161433
-1.736 0.183797 0.0126268
-1.734 0.182578 0.00936427
-1.732 0.178856 0.00694467
-1.73 0.172985 0.00574275
-1.728 0.165455 0.0058338
-1.726 0.156876 0.00697278
-1.724 0.147944 0.00864338
-1.722 0.13938 0.0101668
-1.72 0.131863 0.0108477
-1.718 0.125949 0.0101268
-1.716 0.121999 0.00770751
-1.714 0.120121 0.00363025
-1.712 0.120152 -0.00172297
-1.71 0.121677 -0.007695
-1.708 0.124087 -0.0134785
-1.706 0.126682 -0.018274
-1.704 0.12879 -0.0214469
-1.702 0.129886 -0.0226518
-1.7 0.129699 -0.0218962
-1.698 0.128278 -0.0195313
-1.696 0.126001 -0.0161716
-1.694 0.12353 -0.0125611
-1.692 0.121703 -0.00941463
-1.69 0.12139 -0.00726649
-1.688 0.123323 -0.00635901
-1.686 0.12794 -0.00659277
-1.684 0.135271 -0.00754888
-1.682 0.144891 -0.00857808
-1.68 0.155957 -0.0089374
-1.678 0.167317 -0.00794548
-1.676 0.177688 -0.00512373
-1.674 0.185859 -0.000294208
-1.672 0.190891 0.00638455
-1.67 0.192266 0.0144486
-1.668 0.189972 0.023217
-1.666 0.184483 0.0319158
-1.664 0.176648 0.0398112
-1.662 0.167506 0.0463238
-1.66 0.158046 0.0511036
-1.658 0.14899 0.0540531
-1.656 0.140612 0.0552993
-1.654 0.132672 0.0551251
-1.652 0.124464 0.0538776
-1.65 0.114992 0.0518789
-1.648 0.103237 0.0493576
-1.646 0.0884695 0.0464184
-1.644 0.0705394 0.0430529
-1.642 0.0500772 0.0391841
-1.64 0.0285504 0.0347294
-1.638 0.00814721 0.0296607
-1.636 -0.00851492 0.0240426
-1.634 -0.0188203 0.0180394
-1.632 -0.020659 0.011887
-1.63 -0.0129151 0.00584149
-1.628 0.00415598 0.00011685
-1.626 0.0287497 -0.00516734
-1.624 0.0575877 -0.010014
-1.622 0.0862633 -0.0145415
-1.62 0.10982 -0.0189404
-1.618 0.123479 -0.0234017
-1.616 0.123408 -0.0280351
-1.614 0.107391 -0.0327974
-1.612 0.075288 -0.0374555
-1.61 0.0291909 -0.0415978
-1.608 -0.026766 -0.0446995
-1.606 -0.0869227 -0.0462317
-1.604 -0.144868 -0.0457889
-1.602 -0.194351 -0.043206
-1.6 -0.230182 -0.0386314
-1.598 -0.24898 -0.0325347
-1.596 -0.249632 -0.0256399
-1.594 -0.233397 -0.0187934
-1.592 -0.203634 -0.012792
-1.59 -0.165206 -0.00820619
-1.588 -0.123673 -0.00524074
-1.586 -0.0843991 -0.00366669
-1.584 -0.0517562 -0.00284901
-1.582 -0.028529 -0.00187293
-1.58 -0.0156391 0.000249806
-1.578 -0.0122105 0.00433459
-1.576 -0.0159534 0.010791
-1.574 -0.0237783 0.0194594
-1.572 -0.0325123 0.029562
-1.57 -0.0395748 0.0397917
-1.568 -0.0434792 0.0485314
-1.566 -0.0440686 0.0541676
-1.564 -0.0424474 0.0554371
-1.562 -0.0406341 0.051735
-1.56 -0.0410182 0.0433147
-1.558 -0.0457426 0.0313276
-1.556 -0.0561443 0.0176819
-1.554 -0.0723752 0.00473376
-1.552 -0.0932847 -0.00513885
-1.55 -0.116592 -0.0100007
-1.548 -0.139319 -0.00877023
-1.546 -0.158389 -0.00148884
-1.544 -0.17128 0.0106165
-1.542 -0.176587 0.0253024
-1.54 -0.174374 0.0396895
-1.538 -0.166247 0.050787
-1.536 -0.155114 0.0560641
-1.534 -0.14468 0.0539539
-1.532 -0.138774 0.0441893
-1.53 -0.140626 0.0278968
-1.528 -0.152255 0.00742376
-1.526 -0.174058 -0.0140751
-1.524 -0.204699 -0.0332179
-1.522 -0.241305 -0.0470321
-1.52 -0.279938 -0.0535238
-1.518 -0.316239 -0.0520679
-1.516 -0.346121 -0.043536
-1.514 -0.366391 -0.030135
-1.512 -0.37517 -0.0149819
-1.51 -0.372047 -0.00149778
-1.508 -0.357972 0.0072596
-1.506 -0.334907 0.00919068
-1.504 -0.305346 0.00355699
-1.502 -0.271819 -0.0088888
-1.5 -0.236491 -0.0260702
-1.498 -0.20095 -0.045016
-1.496 -0.166228 -0.0624611
-1.494 -0.133024 -0.0754971
-1.492 -0.10208 -0.0821388
-1.49 -0.0745651 -0.081692
-1.488 -0.0523709 -0.0748469
-1.486 -0.0381854 -0.0634799
-1.484 -0.0352849 -0.0502047
-1.482 -0.0470382 -0.037769
-1.48 -0.0761862 -0.0284264
-1.478 -0.124025 -0.0234211
-1.476 -0.189662 -0.0226992
-1.474 -0.26952 -0.0249136
-1.472 -0.357245 -0.027724
-1.47 -0.444097 -0.0283284
-1.468 -0.519845 -0.0241139
-1.466 -0.574055 -0.0132843
-1.464 -0.597605 0.00467186
-1.462 -0.584182 0.0287753
-1.46 -0.531503 0.0566637
-1.458 -0.442041 0.084996
-1.456 -0.323078 0.110078
-1.454 -0.186044 0.128579
-1.452 -0.0451951 0.138206
-1.45 0.0842018 0.138169
-1.448 0.187919 0.129365
-1.446 0.254739 0.11421
-1.444 0.278048 0.0961675
-1.442 0.256785 0.0790556
-1.44 0.195587 0.066279
-1.438 0.104104 0.0601455
-1.436 -0.00442281 0.0614033
-1.434 -0.11509 0.0690972
-1.432 -0.213473 0.0807696
-1.43 -0.287631 0.0929651
-1.428 -0.329691 0.101936
-1.426 -0.336768 0.104405
-1.424 -0.311114 0.0982328
-1.422 -0.259484 0.0828485
-1.42 -0.191871 0.0593691
-1.418 -0.11981 0.0303724
-1.416 -0.0545335 -0.000617913
-1.414 -0.00530385 -0.0298268
-1.412 0.0218496 -0.0539543
-1.41 0.0247764 -0.0707804
-1.408 0.00517192 -0.0795247
-1.406 -0.0320936 -0.0808921
-1.404 -0.0801275 -0.076805
-1.402 -0.131422 -0.0698912
-1.4 -0.179258 -0.0628453
-1.398 -0.218857 -0.0578096
-1.396 -0.248113 -0.0559095
-1.394 -0.267786 -0.0570446
-1.392 -0.28116 -0.0599761
-1.39 -0.293258 -0.0626871
-1.388 -0.309754 -0.0629312
-1.386 -0.335795 -0.0588402
-1.384 -0.374938 -0.0494507
-1.382 -0.428383 -0.0350251
-1.38 -0.494628 -0.0170855
-1.378 -0.569608 0.0018519
-1.376 -0.647259 0.0187925
-1.374 -0.720421 0.0309152
-1.372 -0.781906 0.0362171
-1.37 -0.825554 0.0340044
-1.368 -0.847109 0.0251131
-1.366 -0.844777 0.011803
-1.364 -0.819404 -0.00266207
-1.362 -0.774262 -0.014664
-1.36 -0.714489 -0.0209768
-1.358 -0.646303 -0.0194528
-1.356 -0.576114 -0.00950189
-1.354 -0.50967 0.0077408
-1.352 -0.451374 0.0296008
-1.35 -0.403854 0.0523712
-1.348 -0.367827 0.0720411
-1.346 -0.342252 0.0850972
-1.344 -0.324719 0.0892318
-1.342 -0.311986 0.0838096
-1.34 -0.300577 0.0699929
-1.338 -0.287335 0.0504988
-1.336 -0.269865 0.0290394
-1.334 -0.246813 0.00956514
-1.332 -0.217956 -0.00452829
-1.33 -0.184112 -0.0110625
-1.328 -0.146917 -0.00947143
-1.326 -0.108495 -0.000850511
-1.324 -0.0711081 0.0123426
-1.322 -0.0368252 0.0268648
-1.32 -0.00726479 0.0394111
-1.318 0.0165639 0.0473266
-1.316 0.0343114 0.0491499
-1.314 0.046241 0.0448724
-1.312 0.0531066 0.0358586
-1.31 0.0559855 0.0244518
-1.308 0.0560989 0.0133566
-1.306 0.054648 0.00494531
-1.304 0.0526904 0.000650812
-1.302 0.0510716 0.000591209
-1.3 0.0504171 0.00352017
-1.298 0.0511823 0.00712266
-1.296 0.0537447 0.00859574
-1.294 0.0585199 0.00538626
-1.292 0.0660762 -0.00408349
-1.29 0.0772247 -0.0198741
-1.288 0.0930628 -0.0403072
-1.286 0.114955 -0.0621334
-1.284 0.144443 -0.081073
-1.282 0.183077 -0.0926321
-1.28 0.23219 -0.0930308
-1.278 0.292617 -0.0800516
-1.276 0.364405 -0.0536229
-1.274 0.446545 -0.0160047
-1.272 0.536771 0.0284832
-1.27 0.631479 0.0741569
-1.268 0.725789 0.114964
-1.266 0.813784 0.145591
-1.264 0.888926 0.162467
-1.262 0.944607 0.16445
-1.26 0.974804 0.153064
-1.258 0.974758 0.132219
-1.256 0.941585 0.107473
-1.254 0.87476 0.084962
-1.252 0.776373 0.0702288
-1.25 0.651144 0.0671573
-1.248 0.506145 0.0772305
-1.246 0.350267 0.0992489
-1.244 0.193458 0.129562
-1.242 0.0458298 0.162767
-1.24 -0.0832928 0.192728
-1.238 -0.186252 0.213738
-1.236 -0.25777 0.221565
-1.234 -0.295415 0.21421
-1.232 -0.299761 0.192217
-1.23 -0.274234 0.158493
-1.228 -0.224684 0.11768
-1.226 -0.15872 0.075227
-1.224 -0.0849082 0.0363552
-1.222 -0.0119077 0.00512186
-1.22 0.0523759 -0.0162281
-1.218 0.101533 -0.0275123
-1.216 0.131231 -0.0304273
-1.214 0.139583 -0.0279899
-1.212 0.12728 -0.0237334
-1.21 0.097471 -0.0208378
-1.208 0.0554338 -0.0213813
-1.206 0.00805258 -0.0258733
-1.204 -0.0368278 -0.033164
-1.202 -0.0711234 -0.040743
-1.2 -0.0872546 -0.0453554
-1.198 -0.0788632 -0.0437958
-1.196 -0.0414529 -0.033702
-1.194 0.0271008 -0.0141794
-1.192 0.12623 0.0138818
-1.19 0.252599 0.0478612
-1.188 0.40031 0.0838271
-1.186 0.561397 0.117235
-1.184 0.726569 0.143767
-1.182 0.886139 0.160134
-1.18 1.03102 0.164692
-1.178 1.15366 0.157727
-1.176 1.24886 0.141365
-1.174 1.31422 0.119128
-1.172 1.3503 0.0952254
-1.17 1.3604 0.0737307
-1.168 1.34982 0.0578186
-1.166 1.32498 0.0491941
-1.164 1.29225 0.0478262
-1.162 1.25682 0.05202
-1.16 1.22181 0.0588017
-1.158 1.18772 0.0645338
-1.156 1.15246 0.0656401
-1.154 1.11187 0.0593026
-1.152 1.06072 0.0439997
-1.15 0.994071 0.01979
-1.148 0.908665 -0.0117041
-1.146 0.80424 -0.0475953
-1.144 0.684385 -0.0842395
-1.142 0.556801 -0.117841
-1.14 0.43283 -0.145035
-1.138 0.326231 -0.163336
-1.136 0.251353 -0.171396
-1.134 0.220947 -0.169044
-1.132 0.243964 -0.157134
-1.13 0.323722 -0.137253
-1.128 0.456774 -0.111375
-1.126 0.63272 -0.0815245
-1.124 0.835057 -0.0495184
-1.122 1.04299 -0.0168228
-1.12 1.23402 0.0154613
-1.118 1.38688 0.0465109
-1.116 1.48447 0.0756385
-1.114 1.51635 0.102151
-1.112 1.48024 0.125263
-1.11 1.38249 0.144097
-1.108 1.23715 0.157771
-1.106 1.06403 0.165547
-1.104 0.885773 0.167007
-1.102 0.724565 0.162191
-1.1 0.59896 0.151662
-1.098 0.52127 0.136474
-1.096 0.495929 0.118032
-1.094 0.519071 0.0978691
-1.092 0.579345 0.0773781
-1.09 0.659832 0.0575561
-1.088 0.740747 0.0388182
-1.086 0.8025 0.0209255
-1.084 0.828631 0.00305101
-1.082 0.808185 -0.0160251
-1.08 0.737147 -0.0376277
-1.078 0.6188 -0.0628651
-1.076 0.462964 -0.0923397
-1.074 0.284338 -0.125945
-1.072 0.100248 -0.162792
-1.07 -0.0718055 -0.201266
-1.068 -0.2164 -0.239217
-1.066 -0.32194 -0.274234
-1.064 -0.381668 -0.303958
-1.062 -0.39389 -0.326395
-1.06 -0.361464 -0.340153
-1.058 -0.290752 -0.344579
-1.056 -0.190279 -0.339781
-1.054 -0.0694016 -0.32652
-1.052 0.0628144 -0.306024
-1.05 0.198321 -0.279758
-1.048 0.330403 -0.249201
-1.046 0.45362 -0.215682
-1.044 0.563519 -0.18029
-1.042 0.656269 -0.143862
-1.04 0.728374 -0.107034
-1.038 0.77659 -0.0703241
-1.036 0.798079 -0.034223
-1.034 0.790796 0.000735586
-1.032 0.753996 0.0339394
-1.03 0.688729 0.0647036
-1.028 0.598152 0.0923182
-1.026 0.48754 0.116124
-1.024 0.363896 0.135599
-1.022 0.235222 0.150431
-1.02 0.109527 0.160552
-1.018 -0.0062202 0.166133
-1.016 -0.106997 0.167537
-1.014 -0.1903 0.165248
-1.012 -0.256251 0.159804
-1.01 -0.307211 0.151763
-1.008 -0.346943 0.141683
-1.006 -0.379493 0.130144
-1.004 -0.407986 0.117763
-1.002 -0.433596 0.105207
-1 -0.454902 0.093182
-0.998 -0.467799 0.0823923
-0.996 -0.46601 0.0734777
-0.994 -0.442147 0.0669366
-0.992 -0.389131 0.0630424
-0.99 -0.301733 0.0617742
-0.988 -0.177951 0.0627807
-0.986 -0.0199724 0.0654013
-0.984 0.165451 0.0687609
-0.982 0.367295 0.0719391
-0.98 0.571197 0.0741863
-0.978 0.760896 0.0751428
-0.976 0.919977 0.0749992
-0.974 1.03366 0.0745458
-0.972 1.09038 0.0750811
-0.97 1.08297 0.078183
-0.968 1.00928 0.0853778
-0.966 0.872259 0.0977677
-0.964 0.679452 0.115689
-0.962 0.442222 0.138469
-0.96 0.1747 0.164345
-0.958 -0.107292 0.190578
-0.956 -0.38726 0.213766
-0.954 -0.648958 0.230335
-0.952 -0.877185 0.237128
-0.95 -1.05851 0.232005
-0.948 -1.18198 0.214322
-0.946 -1.23972 0.185188
-0.944 -1.22768 0.147429
-0.942 -1.14609 0.105233
-0.94 -0.999929 0.0635219
-0.938 -0.799003 0.0271713
-0.936 -0.557659 0.000193796
-0.934 -0.294004 -0.0149478
-0.932 -0.028609 -0.0177782
-0.93 0.217223 -0.00991078
-0.928 0.423462 0.00521685
-0.926 0.573367 0.022942
-0.924 0.655236 0.0382202
-0.922 0.663589 0.0465726
-0.92 0.599601 0.0449676
-0.918 0.470676 0.0324652
-0.916 0.28923 0.0104844
-0.914 0.0708735 -0.0173741
-0.912 -0.167706 -0.0459349
-0.91 -0.410795 -0.0693763
-0.908 -0.645301 -0.0823084
-0.906 -0.8617 -0.0807951
-0.904 -1.05418 -0.0631329
-0.902 -1.21999 -0.0302416
-0.9 -1.35821 0.0144025
-0.898 -1.46819 0.0652838
-0.896 -1.54823 0.115734
-0.894 -1.59465 0.159047
-0.892 -1.60165 0.189627
-0.89 -1.5621 0.203971
-0.888 -1.46911 0.201296
-0.886 -1.31815 0.183674
-0.884 -1.10933 0.155647
-0.882 -0.849242 0.123378
-0.88 -0.552057 0.0935016
-0.878 -0.239311 0.0718957
-0.876 0.0616212 0.0625939
-0.874 0.320335 0.0670428
-0.872 0.507123 0.0838243
-0.87 0.597051 0.108891
-0.868 0.573719 0.136269
-0.866 0.432077 0.159119
-0.864 0.179746 0.170971
-0.862 -0.163415 0.166911
-0.86 -0.567522 0.144528
-0.858 -0.996359 0.104407
-0.856 -1.41201 0.0501068
-0.854 -1.77974 -0.0123964
-0.852 -2.07231 -0.0756836
-0.85 -2.27312 -0.132096
-0.848 -2.37769 -0.174956
-0.846 -2.39323 -0.199585
-0.844 -2.33653 -0.203972
-0.842 -2.23056 -0.188976
-0.84 -2.10042 -0.158056
-0.838 -1.9694 -0.11659
-0.836 -1.85571 -0.0708935
-0.834 -1.7705 -0.0271294
-0.832 -1.71733 0.00969556
-0.83 -1.6931 0.0364743
-0.828 -1.6901 0.0523514
-0.826 -1.6987 0.0586452
-0.824 -1.71011 0.0583864
-0.822 -1.71853 0.0555899
-0.82 -1.72238 0.0544141
-0.818 -1.72423 0.0583675
-0.816 -1.72962 0.0696954
-0.814 -1.74504 0.0890417
-0.812 -1.77556 0.115429
-0.81 -1.82267 0.146546
-0.808 -1.88289 0.179279
-0.806 -1.94756 0.210372
-0.804 -2.00376 0.237075
-0.802 -2.03641 0.257639
-0.8 -2.03102 0.271558
-0.798 -1.97664 0.279512
-0.796 -1.86838 0.283045
-0.794 -1.70895 0.284077
-0.792 -1.50888 0.284355
-0.79 -1.28525 0.284978
-0.788 -1.05911 0.286072
-0.786 -0.852164 0.286695
-0.784 -0.683116 0.284965
-0.782 -0.564527 0.278413
-0.78 -0.500743 0.26449
-0.778 -0.487286 0.241146
-0.776 -0.511869 0.207358
-0.774 -0.556844 0.163514
-0.772 -0.60263 0.111543
-0.77 -0.631489 0.054771
-0.768 -0.630915 -0.00248213
-0.766 -0.595984 -0.0554994
-0.764 -0.530198 -0.0998405
-0.762 -0.444636 -0.131984
-0.76 -0.355571 -0.149833
-0.758 -0.280999 -0.153012
-0.756 -0.236749 -0.142909
-0.754 -0.232954 -0.122463
-0.752 -0.271564 -0.0957244
-0.75 -0.345435 -0.0672564
-0.748 -0.439206 -0.041471
-0.746 -0.531837 -0.0219963
-0.744 -0.600383 -0.0111759
-0.742 -0.624307 -0.00977066
-0.74 -0.589527 -0.0168979
-0.738 -0.491404 -0.0302039
-0.736 -0.336073 -0.0462307
-0.734 -0.139782 -0.0609155
-0.732 0.0736691 -0.0701464
-0.73 0.27699 -0.0703044
-0.728 0.444226 -0.0587244
-0.726 0.55548 -0.0340297
-0.724 0.600666 0.0036888
-0.722 0.581587 0.0528601
-0.72 0.51193 0.110575
-0.718 0.415145 0.172865
-0.716 0.320508 0.235074
-0.714 0.258052 0.292302
-0.712 0.2532 0.339868
-0.71 0.322061 0.373755
-0.708 0.468226 0.391013
-0.706 0.681656 0.390063
-0.704 0.939922 0.370896
-0.702 1.21161 0.335109
-0.7 1.46132 0.285785
-0.698 1.65549 0.227203
-0.696 1.76797 0.164399
-0.694 1.78444 0.10261
-0.692 1.70498 0.0466812
-0.69 1.54427 0.000482596
-0.688 1.32949 -0.0335646
-0.686 1.09612 -0.0548006
-0.684 0.882469 -0.0644139
-0.682 0.72379 -0.0652763
-0.68 0.646826 -0.0615264
-0.678 0.665815 -0.0579449
-0.676 0.780464 -0.0591999
-0.674 0.976218 -0.0690775
-0.672 1.22673 -0.0898235
-0.67 1.49805 -0.121715
-0.668 1.75391 -0.16294
-0.666 1.96112 -0.209808
-0.664 2.09435 -0.257267
-0.662 2.13956 -0.299629
-0.66 2.09546 -0.331405
-0.658 1.97304 -0.348105
-0.656 1.79325 -0.346881
-0.654 1.58319 -0.326914
-0.652 1.37167 -0.28946
-0.65 1.18477 -0.237549
-0.648 1.04218 -0.175395
-0.646 0.954832 -0.107619
-0.644 0.924161 -0.0384549
-0.642 0.943031 0.0288975
-0.64 0.997992 0.0926437
-0.638 1.07246 0.152417
-0.636 1.15019 0.208967
-0.634 1.2184 0.263602
-0.632 1.27009 0.317508
-0.63 1.30494 0.371125
-0.628 1.329 0.423695
-0.626 1.35294 0.473128
-0.624 1.38943 0.516228
-0.622 1.45004 0.549274
-0.62 1.54231 0.568846
-0.618 1.66754 0.57274
-0.616 1.81975 0.560754
-0.614 1.98592 0.535137
-0.612 2.14772 0.500564
-0.61 2.28435 0.463583
-0.608 2.376 0.431598
-0.606 2.40756 0.41156
-0.604 2.37167 0.408596
-0.602 2.27083 0.424851
-0.6 2.11788 0.458783
-0.598 1.93491 0.505079
-0.596 1.75056 0.555275
-0.594 1.59607 0.599021
-0.592 1.50073 0.625786
-0.59 1.48746 0.626738
-0.588 1.56903 0.596428
-0.586 1.74573 0.533963
-0.584 2.00476 0.443415
-0.582 2.32155 0.333363
-0.58 2.66278 0.215624
-0.578 2.99067 0.103381
-0.576 3.26805 0.00903125
-0.574 3.46329 -0.0578501
-0.572 3.55432 -0.0920773
-0.57 3.5314 -0.0936533
-0.568 3.39787 -0.0676568
-0.566 3.1692 -0.0232352
-0.564 2.87019 0.0281078
-0.562 2.53116 0.0746093
-0.56 2.18347 0.106332
-0.558 1.85532 0.116852
-0.556 1.56835 0.104236
-0.554 1.33562 0.0711592
-0.552 1.16115 0.0241469
-0.55 1.04112 -0.0278557
-0.548 0.966199 -0.0753002
-0.546 0.924722 -0.109854
-0.544 0.905876 -0.125857
-0.542 0.902323 -0.12114
-0.54 0.911736 -0.0970514
-0.538 0.936984 -0.0577518
-0.536 0.984962 -0.00894353
-0.534 1.06436 0.0436279
-0.532 1.1828 0.0955568
-0.53 1.34401 0.144718
-0.528 1.54551 0.191554
-0.526 1.77741 0.238654
-0.524 2.02249 0.289727
-0.522 2.25778 0.34822
-0.52 2.45726 0.415935
-0.518 2.59535 0.491977
-0.516 2.65061 0.57233
-0.514 2.60889 0.650199
-0.512 2.46552 0.717097
-0.51 2.22618 0.76445
-0.508 1.90624 0.785397
-0.506 1.52885 0.776374
-0.504 1.12212 0.73811
-0.502 0.715867 0.675781
-0.5 0.338427 0.59824
-0.498 0.0140521 0.516438
-0.496 -0.238878 0.441341
-0.494 -0.408642 0.381763
-0.492 -0.490042 0.342571
-0.49 -0.483572 0.323672
-0.488 -0.394239 0.320009
-0.486 -0.230392 0.322622
-0.484 -0.00285845 0.320565
-0.482 0.275491 0.303304
-0.48 0.58978 0.263088
-0.478 0.922977 0.196808
-0.476 1.25585 0.106916
-0.474 1.56731 0.00121589
-0.472 1.83534 -0.108473
-0.47 2.03852 -0.208502
-0.468 2.15814 -0.285996
-0.466 2.18043 -0.331326
-0.464 2.09868 -0.339937
-0.462 1.91471 -0.313131
-0.46 1.63936 -0.257642
-0.458 1.2917 -0.184076
-0.456 0.896939 -0.104554
-0.454 0.483381 -0.0300647
-0.452 0.0787912 0.0318935
-0.45 -0.29307 0.0788549
-0.448 -0.615135 0.113757
-0.446 -0.878412 0.144042
-0.444 -1.0818 0.179666
-0.442 -1.2304 0.230443
-0.44 -1.33263 0.303318
-0.438 -1.39683 0.400163
-0.436 -1.42803 0.51664
-0.434 -1.42563 0.6424
-0.432 -1.38262 0.762659
-0.43 -1.28668 0.860846
-0.428 -1.12303 0.921826
-0.426 -0.878698 0.93501
-0.424 -0.547173 0.8967
-0.422 -0.132646 0.811146
-0.42 0.347381 0.690033
-0.418 0.861786 0.550456
-0.416 1.36822 0.41177
-0.414 1.81803 0.291928
-0.412 2.16301 0.20406
-0.41 2.36298 0.153998
-0.408 2.39276 0.139256
-0.406 2.24733 0.149703
-0.404 1.94402 0.16979
-0.402 1.52121 0.181895
-0.4 1.03332 0.170112
-0.398 0.542961 0.123703
-0.396 0.11131 0.039528
-0.394 -0.211627 -0.0770675
-0.392 -0.39512 -0.213079
-0.39 -0.432753 -0.350213
-0.388 -0.343406 -0.468317
-0.386 -0.167926 -0.549156
-0.384 0.0380194 -0.579781
-0.382 0.213755 -0.554821
-0.38 0.304408 -0.477263
-0.378 0.270863 -0.357613
-0.376 0.0971114 -0.21166
-0.374 -0.206352 -0.0573428
-0.372 -0.603754 0.0886085
-0.37 -1.03975 0.213568
-0.368 -1.44868 0.310862
-0.366 -1.76573 0.380255
-0.364 -1.93808 0.427038
-0.362 -1.93413 0.460016
-0.36 -1.74897 0.488889
-0.358 -1.40549 0.521667
-0.356 -0.950556 0.562689
-0.354 -0.447393 0.611679
-0.352 0.0348608 0.663997
-0.35 0.432302 0.711986
-0.348 0.696316 0.747043
-0.346 0.800756 0.7619
-0.344 0.745092 0.752535
-0.342 0.553032 0.719248
-0.34 0.26702 0.666637
-0.338 -0.0603395 0.602482
-0.336 -0.376273 0.535834
-0.334 -0.637425 0.474803
-0.332 -0.817306 0.424598
-0.33 -0.910295 0.386334
-0.328 -0.931574 0.356912
-0.326 -0.913108 0.330026
-0.324 -0.8965 0.298072
-0.322 -0.924108 0.25452
-0.32 -1.03012 0.196176
-0.318 -1.2332 0.124752
-0.316 -1.53214 0.0472999
-0.314 -1.90515 -0.0246891
-0.312 -2.313 -0.077415
-0.31 -2.70544 -0.0977043
-0.308 -3.02961 -0.0761057
-0.306 -3.23899 -0.00941961
-0.304 -3.30132 0.0979639
-0.302 -3.20414 0.234293
-0.3 -2.95697 0.382271
-0.298 -2.58992 0.522146
-0.296 -2.14903 0.63543
-0.294 -1.68916 0.708509
-0.292 -1.26581 0.735333
-0.29 -0.926965 0.718617
-0.288 -0.706622 0.66922
-0.286 -0.620572 0.603796
-0.284 -0.665267 0.541176
-0.282 -0.819625 0.498223
-0.28 -1.04936 0.486086
-0.278 -1.31293 0.507663
-0.276 -1.56811 0.556879
-0.274 -1.77793 0.619963
-0.272 -1.91532 0.678477
-0.27 -1.96562 0.713448
-0.268 -1.92706 0.709723
-0.266 -1.8092 0.659568
-0.264 -1.63008 0.564714
-0.262 -1.41247 0.43635
-0.26 -1.18025 0.293017
-0.258 -0.955303 0.156829
-0.256 -0.755405 0.0488305
-0.254 -0.593304 -0.0155068
-0.252 -0.476892 -0.0296145
-0.25 -0.410181 0.00276125
-0.248 -0.394652 0.0684232
-0.246 -0.430542 0.147708
-0.244 -0.517676 0.218971
-0.242 -0.655639 0.263605
-0.24 -0.843261 0.270497
-0.238 -1.07756 0.238908
-0.236 -1.35246 0.179084
-0.234 -1.65763 0.110383
-0.232 -1.97786 0.057235
-0.23 -2.29309 0.0437497
-0.228 -2.57952 0.0881147
-0.226 -2.81145 0.198014
-0.224 -2.96396 0.368107
-0.222 -3.01582 0.580176
-0.22 -2.95238 0.806019
-0.218 -2.7678 1.01252
-0.216 -2.46641 1.16794
-0.214 -2.0628 1.24808
-0.212 -1.58073 1.24111
-0.21 -1.05091 1.14997
-0.208 -0.508078 0.991907
-0.206 0.0124005 0.795063
-0.204 0.477844 0.592981
-0.202 0.861122 0.41799
-0.2 1.14274 0.294942
-0.198 1.31191 0.236543
-0.196 1.36661 0.241272
-0.194 1.31259 0.294271
-0.192 1.16173 0.371017
-0.19 0.929978 0.442945
-0.188 0.635365 0.483828
-0.186 0.296317 0.475538
-0.184 -0.0693745 0.411954
-0.182 -0.444902 0.300199
-0.18 -0.814157 0.158962
-0.178 -1.16102 0.014313
-0.176 -1.46852 -0.106056
-0.174 -1.71827 -0.178862
-0.172 -1.89044 -0.190225
-0.17 -1.96455 -0.138517
-0.168 -1.92117 -0.0344775
-0.166 -1.74443 0.101415
-0.164 -1.42503 0.243702
-0.162 -0.963301 0.367753
-0.16 -0.371657 0.455324
-0.158 0.324041 0.498586
-0.156 1.08476 0.50172
-0.154 1.86044 0.479711
-0.152 2.59394 0.454586
-0.15 3.22655 0.449964
-0.148 3.70434 0.485149
-0.146 3.98462 0.570093
-0.144 4.04166 0.702408
-0.142 3.8706 0.86713
-0.14 3.48912 1.03935
-0.138 2.93622 1.18916
-0.136 2.26823 1.28799
-0.134 1.55244 1.31474
-0.132 0.859166 1.26064
-0.13 0.253483 1.13153
-0.128 -0.212405 0.947037
-0.126 -0.504875 0.736974
-0.124 -0.612039 0.53546
-0.122 -0.543946 0.374207
-0.12 -0.329936 0.276335
-0.118 -0.0136449 0.252026
-0.116 0.353519 0.296937
-0.114 0.719414 0.393673
-0.112 1.03763 0.515973
-0.11 1.27244 0.63467
-0.108 1.40154 0.724114
-0.106 1.41639 0.767637
-0.104 1.3203 0.760842
-0.102 1.12511 0.712004
-0.1 0.847126 0.639525
-0.098 0.503497 0.567061
-0.096 0.109715 0.517493
-0.094 -0.321346 0.507148
-0.092 -0.778743 0.541637
-0.09 -1.25148 0.614276
-0.088 -1.72581 0.707478
-0.086 -2.18267 0.796819
-0.084 -2.596 0.856859
-0.082 -2.93267 0.867405
-0.08 -3.15433 0.818718
-0.078 -3.2212 0.714431
-0.076 -3.09718 0.57137
-0.074 -2.7556 0.416219
-0.072 -2.18439 0.27967
-0.07 -1.38994 0.18932
-0.068 -0.398615 0.16291
-0.066 0.744047 0.203478
-0.064 1.9768 0.297605
-0.062 3.2281 0.417319
-0.06 4.42272 0.525402
-0.058 5.48865 0.583101
-0.056 6.36308 0.558675
-0.054 6.99666 0.434959
-0.052 7.3555 0.214244
-0.05 7.42101 -0.0806898
-0.048 7.18814 -0.409758
-0.046 6.663 -0.722456
-0.044 5.8609 -0.967116
-0.042 4.80572 -1.10068
-0.04 3.53089 -1.09699
-0.038 2.08188 -0.951955
-0.036 0.519547 -0.684397
-0.034 -1.0768 -0.332475
-0.032 -2.60799 0.053682
-0.03 -3.95635 0.421652
-0.028 -4.99101 0.726723
-0.026 -5.57739 0.940186
-0.024 -5.59041 1.05419
-0.022 -4.93017 1.08223
-0.02 -3.53795 1.05513
-0.018 -1.41013 1.01361
-0.016 1.39232 0.998856
-0.014 4.74076 1.04325
-0.012 8.44336 1.16313
-0.01 12.2574 1.35516
-0.008 15.9088 1.59687
-0.006 19.1173 1.85155
-0.004 21.6242 2.07608
-0.002 23.2204 2.23034
0 23.7697 2.28601
0.002 23.2245 2.23274
0.004 21.6317 2.0805
0.006 19.1273 1.85734
0.008 15.9201 1.6033
0.01 12.2691 1.36158
0.012 8.45526 1.16922
0.014 4.75356 1.049
0.016 1.40757 1.00465
0.018 -1.39029 1.02002
0.02 -3.51129 1.06276
0.022 -4.89497 1.09146
0.024 -5.54604 1.06501
0.026 -5.5247 0.952045
0.028 -4.93245 0.738562
0.03 -3.89577 0.432009
0.032 -2.5502 0.0609382
0.034 -1.02686 -0.329788
0.036 0.557103 -0.687251
0.038 2.10381 -0.960538
0.04 3.53588 -1.11053
0.042 4.79474 -1.11743
0.044 5.83716 -0.984598
0.046 6.63155 -0.73781
0.048 7.15505 -0.420272
0.05 7.39237 -0.0843283
0.052 7.3364 0.218403
0.054 6.99034 0.446471
0.056 6.37042 0.575722
0.058 5.50808 0.602748
0.06 4.45055 0.544074
0.062 3.25916 0.431424
0.064 2.00533 0.304206
0.066 0.764647 0.200893
0.068 -0.390034 0.151119
0.07 -1.39548 0.170102
0.072 -2.20383 0.256424
0.074 -2.7864 0.393458
0.076 -3.13504 0.553987
0.078 -3.26083 0.706839
0.08 -3.19044 0.824035
0.082 -2.96088 0.886827
0.084 -2.61352 0.889366
0.086 -2.18867 0.839259
0.088 -1.72137 0.75503
0.09 -1.23924 0.661207
0.092 -0.762312 0.582226
0.094 -0.304587 0.536608
0.096 0.123369 0.532742
0.098 0.511622 0.56721
0.1 0.848666 0.626
0.102 1.12046 0.688279
0.104 1.31111 0.731818
0.106 1.40512 0.738781
0.108 1.39088 0.700497
0.11 1.26469 0.620086
0.112 1.03421 0.512295
0.114 0.720586 0.40057
0.116 0.358367 0.311996
0.118 -0.00696024 0.271243
0.12 -0.323717 0.294883
0.122 -0.540399 0.38733
0.124 -0.612722 0.539342
0.126 -0.510275 0.729434
0.128 -0.221728 0.927934
0.13 0.242255 1.10282
0.132 0.848969 1.22606
0.134 1.5466 1.27913
0.136 2.26986 1.2565
0.138 2.94756 1.16628
0.14 3.51103 1.0281
0.142 3.9023 0.868544
0.144 4.08067 0.715351
0.146 4.02709 0.59151
0.148 3.74555 0.510652
0.15 3.26176 0.474649
0.152 2.61914 0.473926
0.154 1.87314 0.490368
0.156 1.08448 0.502132
0.158 0.312412 0.489243
0.16 -0.391088 0.438688
0.162 -0.985674 0.347819
0.164 -1.44498 0.225284
0.166 -1.757 0.0892671
0.168 -1.92267 -0.0365569
0.17 -1.95321 -0.128414
0.172 -1.86678 -0.167947
0.174 -1.68512 -0.146594
0.176 -1.43061 -0.0678147
0.178 -1.12427 0.0533527
0.18 -0.784707 0.193354
0.182 -0.428043 0.325156
0.184 -0.0686324 0.424171
0.186 0.27984 0.473751
0.188 0.603247 0.469021
0.19 0.886303 0.418178
0.192 1.11251 0.340896
0.194 1.26489 0.264168
0.196 1.32747 0.216424
0.198 1.28726 0.221187
0.2 1.1364 0.291622
0.202 0.874149 0.427167
0.204 0.508215 0.612993
0.206 0.0552691 0.822457
0.208 -0.459655 1.02206
0.21 -1.00486 1.17793
0.212 -1.54467 1.26241
0.214 -2.04279 1.25954
0.216 -2.46597 1.16812
0.218 -2.78736 1.00194
0.22 -2.98923 0.786977
0.222 -3.06455 0.556292
0.224 -3.01724 0.343657
0.226 -2.86118 0.177186
0.228 -2.61803 0.074294
0.23 -2.31438 0.0389702
0.232 -1.97852 0.0618663
0.234 -1.63746 0.123116
0.236 -1.31452 0.197212
0.238 -1.02773 0.258847
0.24 -0.789288 0.288448
0.242 -0.605919 0.276221
0.244 -0.479932 0.223918
0.246 -0.410635 0.144007
0.248 -0.395699 0.0565355
0.25 -0.432112 -0.0155785
0.252 -0.516506 -0.0517693
0.254 -0.64479 -0.0384381
0.256 -0.811263 0.0280245
0.258 -1.0075 0.140427
0.26 -1.22144 0.282322
0.262 -1.43708 0.431535
0.264 -1.6351 0.564877
0.266 -1.79457 0.662983
0.268 -1.89556 0.714231
0.27 -1.92244 0.716885
0.272 -1.86721 0.679067
0.274 -1.73218 0.616615
0.276 -1.53147 0.54934
0.278 -1.29059 0.496537
0.28 -1.04415 0.472722
0.282 -0.831599 0.484495
0.284 -0.691714 0.529189
0.286 -0.656483 0.595555
0.288 -0.745541 0.666307
0.29 -0.962067 0.721942
0.292 -1.291 0.744996
0.294 -1.70006 0.723805
0.296 -2.14356 0.654988
0.298 -2.56867 0.544154
0.3 -2.92301 0.40475
0.302 -3.16255 0.255352
0.304 -3.25841 0.116034
0.306 -3.2013 0.00457999
0.308 -3.00287 -0.0666508
0.31 -2.69359 -0.0926173
0.312 -2.31753 -0.0759033
0.314 -1.92483 -0.0254698
0.316 -1.56321 0.0457923
0.318 -1.27 0.124104
0.32 -1.06613 0.19773
0.322 -0.95307 0.259151
0.324 -0.913451 0.306052
0.326 -0.915227 0.34098
0.328 -0.918624 0.369862
0.33 -0.884632 0.39982
0.332 -0.783455 0.436863
0.334 -0.601275 0.484028
0.336 -0.344035 0.540404
0.338 -0.0374318 0.601256
0.34 0.276956 0.659177
0.342 0.548788 0.705946
0.344 0.728086 0.734609
0.346 0.77474 0.741241
0.348 0.666638 0.725934
0.35 0.404902 0.692748
0.352 0.0151535 0.648631
0.354 -0.455516 0.601559
0.356 -0.94547 0.558361
0.358 -1.38817 0.522769
0.36 -1.72289 0.494218
0.362 -1.90463 0.467719
0.364 -1.91142 0.434924
0.366 -1.74785 0.38617
0.368 -1.44403 0.313079
0.37 -1.05031 0.211103
0.372 -0.628617 0.0814097
0.374 -0.241832 -0.068385
0.376 0.05681 -0.224878
0.378 0.232577 -0.370877
0.38 0.274767 -0.488374
0.382 0.197999 -0.561913
0.384 0.0390723 -0.581664
0.386 -0.149971 -0.545541
0.388 -0.311328 -0.459887
0.39 -0.391757 -0.338521
0.392 -0.351951 -0.200292
0.394 -0.1734 -0.0655886
0.396 0.138389 0.0475035
0.398 0.554733 0.126601
0.4 1.02843 0.167287
0.402 1.50134 0.173757
0.404 1.91356 0.15773
0.406 2.21248 0.13583
0.408 2.36044 0.126009
0.41 2.33954 0.143703
0.412 2.15314 0.198529
0.414 1.82397 0.292156
0.416 1.38938 0.417785
0.418 0.894871 0.561328
0.42 0.386985 0.704038
0.422 -0.0930714 0.826066
0.424 -0.514137 0.910201
0.426 -0.857498 0.945039
0.428 -1.11684 0.926965
0.43 -1.29605 0.860543
0.432 -1.40552 0.757319
0.434 -1.45793 0.633305
0.436 -1.46436 0.505711
0.438 -1.43152 0.389634
0.44 -1.36067 0.295359
0.442 -1.24818 0.226819
0.444 -1.08759 0.181465
0.446 -0.872531 0.151529
0.448 -0.599775 0.126348
0.45 -0.271838 0.0952306
0.452 0.101566 0.0502147
0.454 0.50344 -0.0118757
0.456 0.910827 -0.0885085
0.458 1.2973 -0.171842
0.46 1.63616 -0.250334
0.462 1.90368 -0.311194
0.464 2.082 -0.343137
0.466 2.16099 -0.338828
0.468 2.13904 -0.296521
0.47 2.02264 -0.220522
0.472 1.82499 -0.120425
0.474 1.56403 -0.00926964
0.476 1.26026 0.0989607
0.478 0.934827 0.191995
0.48 0.608076 0.261522
0.482 0.298716 0.304593
0.484 0.0235094 0.323891
0.486 -0.202708 0.32686
0.488 -0.366952 0.32388
0.49 -0.458213 0.32591
0.492 -0.467957 0.342092
0.494 -0.390992 0.377816
0.496 -0.226608 0.433641
0.498 0.0203044 0.505245
0.5 0.338457 0.584382
0.502 0.710016 0.660592
0.504 1.11133 0.723279
0.506 1.51459 0.763711
0.508 1.8904 0.776546
0.51 2.21084 0.760605
0.512 2.45265 0.718772
0.514 2.60008 0.657109
0.516 2.64682 0.583404
0.518 2.59665 0.505515
0.52 2.46277 0.429863
0.522 2.26575 0.360419
0.524 2.03053 0.298373
0.526 1.7829 0.242527
0.528 1.54612 0.190254
0.53 1.33816 0.13877
0.532 1.17003 0.0863521
0.534 1.04547 0.0332114
0.536 0.961947 -0.0182181
0.538 0.91273 -0.0636418
0.54 0.889594 -0.0978413
0.542 0.885584 -0.11597
0.544 0.897242 -0.114902
0.546 0.925845 -0.0943157
0.548 0.977365 -0.0572246
0.55 1.06114 -0.00980069
0.552 1.1875 0.0395348
0.554 1.36483 0.0815991
0.556 1.59661 0.108226
0.558 1.8791 0.113969
0.56 2.20012 0.0973592
0.562 2.53931 0.0614431
0.564 2.86991 0.0134558
0.566 3.16191 -0.0363249
0.568 3.38607 -0.0763449
0.57 3.51815 -0.0958333
0.572 3.54278 -0.0867722
0.574 3.45612 -0.0454096
0.576 3.26697 0.0269679
0.578 2.99613 0.124151
0.58 2.67389 0.235995
0.582 2.33624 0.350097
0.584 2.02015 0.45386
0.586 1.75874 0.536554
0.588 1.57696 0.590999
0.59 1.48848 0.614582
0.592 1.4942 0.609431
0.594 1.58263 0.581768
0.596 1.73203 0.540584
0.598 1.91389 0.495918
0.6 2.09738 0.457075
0.602 2.25377 0.431102
0.604 2.36039 0.42177
0.606 2.40344 0.429226
0.608 2.37926 0.450314
0.61 2.29403 0.479473
0.612 2.16193 0.509996
0.614 2.00221 0.535378
0.616 1.83563 0.550491
0.618 1.6809 0.552358
0.62 1.55177 0.540409
0.622 1.45517 0.516209
0.624 1.39074 0.482764
0.626 1.35171 0.443605
0.628 1.32704 0.401854
0.63 1.30422 0.359496
0.632 1.27233 0.316999
0.634 1.22474 0.273353
0.636 1.16085 0.226497
0.638 1.08674 0.174045
0.64 1.01432 0.114129
0.642 0.959302 0.0461733
0.644 0.938137 -0.0285817
0.646 0.964587 -0.106929
0.648 1.04646 -0.18398
0.65 1.18319 -0.253827
0.652 1.36477 -0.310475
0.654 1.57229 -0.348854
0.656 1.78023 -0.365718
0.658 1.95996 -0.360263
0.66 2.08422 -0.334354
0.662 2.13153 -0.292299
0.664 2.09007 -0.240233
0.666 1.96019 -0.18519
0.668 1.75511 -0.134033
0.67 1.49958 -0.0924146
0.672 1.22662 -0.0639586
0.674 0.97283 -0.0497735
0.676 0.772864 -0.0483902
0.678 0.65405 -0.0561089
0.68 0.631973 -0.067682
0.682 0.707807 -0.0772099
0.684 0.867876 -0.0790961
0.686 1.08555 -0.0689169
0.688 1.32524 -0.0440783
0.69 1.54783 -0.00417764
0.692 1.71672 0.0489688
0.694 1.80352 0.111614
0.696 1.79237 0.178625
0.698 1.6823 0.244181
0.7 1.48718 0.302518
0.702 1.23324 0.348609
0.704 0.95466 0.378692
0.706 0.687841 0.390605
0.708 0.465487 0.383907
0.71 0.311359 0.359798
0.712 0.236648 0.320883
0.714 0.238545 0.270815
0.716 0.301204 0.213884
0.718 0.398908 0.154577
0.72 0.500841 0.0971846
0.722 0.576608 0.0454519
0.724 0.601545 0.0023046
0.726 0.560875 -0.0303452
0.728 0.452027 -0.0517133
0.73 0.284747 -0.0621716
0.732 0.0790397 -0.0631806
0.734 -0.138636 -0.0571189
0.736 -0.340202 -0.047011
0.738 -0.500922 -0.0361694
0.74 -0.603616 -0.0277843
0.742 -0.641362 -0.0245054
0.744 -0.618281 -0.0280706
0.746 -0.548283 -0.039033
0.748 -0.452093 -0.0566317
0.75 -0.353155 -0.0788369
0.752 -0.273207 -0.10258
0.754 -0.228384 -0.124152
0.756 -0.226539 -0.139719
0.758 -0.266277 -0.145882
0.76 -0.337813 -0.140201
0.762 -0.425437 -0.121576
0.764 -0.511071 -0.0904333
0.766 -0.578201 -0.0486804
0.768 -0.6154 0.000575163
0.77 -0.618774 0.0534852
0.772 -0.592858 0.106029
0.774 -0.549815 0.154589
0.776 -0.507099 0.19644
0.778 -0.484084 0.230056
0.78 -0.498296 0.255191
0.782 -0.561991 0.272724
0.784 -0.679728 0.284298
0.786 -0.847369 0.291839
0.788 -1.05267 0.297057
0.79 -1.27733 0.301031
0.792 -1.50005 0.303962
0.794 -1.70011 0.305146
0.796 -1.86066 0.303182
0.798 -1.97124 0.296363
0.8 -2.02902 0.28318
0.802 -2.03858 0.26283
0.804 -2.01047 0.235592
0.806 -1.95862 0.202999
0.808 -1.89756 0.167718
0.81 -1.83962 0.133155
0.812 -1.79307 0.102851
0.814 -1.76116 0.0797895
0.816 -1.74256 0.065747
0.818 -1.73266 0.0608305
0.82 -1.72572 0.0633099
0.822 -1.71703 0.0697955
0.824 -1.70484 0.0757584
0.826 -1.69134 0.0763262
0.828 -1.68258 0.0672246
0.83 -1.68726 0.0456965
0.832 -1.71455 0.0112122
0.834 -1.77144 -0.0341887
0.836 -1.86016 -0.0860224
0.838 -1.97628 -0.137956
0.84 -2.10792 -0.182785
0.842 -2.23646 -0.213623
0.844 -2.33866 -0.225092
0.846 -2.3899 -0.214307
0.848 -2.3681 -0.181467
0.85 -2.25767 -0.129962
0.852 -2.05259 -0.0659358
0.854 -1.75835 0.00262684
0.856 -1.39207 0.0671547
0.858 -0.98096 0.119883
0.86 -0.559142 0.15513
0.862 -0.16342 0.170231
0.864 0.171401 0.165925
0.866 0.4169 0.146151
0.868 0.55448 0.117268
0.87 0.577342 0.086858
0.872 0.490761 0.0623499
0.874 0.310681 0.0496857
0.876 0.0609571 0.0522733
0.878 -0.230248 0.0703913
0.88 -0.534269 0.101146
0.882 -0.825342 0.138996
0.884 -1.0831 0.17675
0.886 -1.2939 0.206893
0.888 -1.45089 0.222968
0.89 -1.55299 0.220787
0.892 -1.60325 0.199213
0.894 -1.60679 0.160376
0.896 -1.56902 0.109286
0.898 -1.49431 0.0529406
0.9 -1.3855 -0.000907729
0.902 -1.24409 -0.0450756
0.904 -1.07124 -0.0741433
0.906 -0.869018 -0.0853176
0.908 -0.641753 -0.0788262
0.91 -0.397004 -0.0577853
0.912 -0.145912 -0.0275624
0.914 0.0972157 0.00525051
0.916 0.31606 0.0340722
0.918 0.494022 0.0535423
0.92 0.616235 0.0604784
0.922 0.671525 0.0544006
0.924 0.654001 0.0375351
0.926 0.564005 0.0143143
0.928 0.408285 -0.00950785
0.93 0.199369 -0.0279486
0.932 -0.0457425 -0.035891
0.934 -0.307335 -0.0299926
0.936 -0.564925 -0.00926158
0.938 -0.799091 0.0247875
0.94 -0.992998 0.0684135
0.942 -1.13346 0.116308
0.944 -1.21156 0.162509
0.946 -1.22276 0.201404
0.948 -1.16684 0.228624
0.95 -1.04747 0.241691
0.952 -0.871769 0.240291
0.954 -0.649814 0.226166
0.956 -0.394086 0.202664
0.958 -0.11894 0.174059
0.96 0.160008 0.144783
0.962 0.426598 0.118701
0.964 0.665001 0.0985485
0.966 0.860765 0.0856179
0.968 1.00197 0.0797253
0.97 1.08035 0.0794412
0.972 1.09225 0.0825276
0.974 1.03918 0.0864812
0.976 0.927822 0.0890711
0.978 0.769459 0.0887664
0.98 0.578805 0.0849804
0.982 0.372432 0.0781044
0.984 0.166963 0.0693478
0.986 -0.022705 0.0604368
0.988 -0.184914 0.0532446
0.99 -0.312273 0.0494273
0.992 -0.402054 0.0501302
0.994 -0.455908 0.0558078
0.996 -0.47894 0.0661791
0.998 -0.478336 0.0803145
1 -0.461779 0.0968247
1.002 -0.435972 0.114108
1.004 -0.405533 0.1306
1.006 -0.372434 0.144983
1.008 -0.336049 0.156314
1.01 -0.293738 0.164064
1.012 -0.241806 0.168082
1.014 -0.176622 0.1685
1.016 -0.095694 0.165602
1.018 0.00150685 0.159713
1.02 0.113088 0.151093
1.022 0.234735 0.139881
1.024 0.360153 0.126076
1.026 0.481854 0.109549
1.028 0.592127 0.0900893
1.03 0.683995 0.0674601
1.032 0.751957 0.0414585
1.034 0.792403 0.0119775
1.036 0.803674 -0.0209365
1.038 0.785831 -0.0570298
1.04 0.740269 -0.0957923
1.042 0.669317 -0.136419
1.044 0.575953 -0.177789
1.046 0.463704 -0.218472
1.048 0.336727 -0.256779
1.05 0.200039 -0.290849
1.052 0.0597798 -0.318794
1.054 -0.0766172 -0.338882
1.056 -0.200486 -0.349739
1.058 -0.302335 -0.350557
1.06 -0.372643 -0.341248
1.062 -0.403002 -0.322523
1.064 -0.38745 -0.295866
1.066 -0.323744 -0.263381
1.068 -0.214315 -0.227539
1.07 -0.0666472 -0.190859
1.072 0.107079 -0.155575
1.074 0.291121 -0.123344
1.076 0.467978 -0.0950509
1.078 0.620651 -0.0707402
1.08 0.73502 -0.0496929
1.082 0.801991 -0.0306369
1.084 0.819021 -0.0120607
1.086 0.790748 0.00742765
1.088 0.728537 0.0287634
1.09 0.648972 0.0521825
1.092 0.571462 0.0771252
1.094 0.515326 0.102308
1.096 0.496799 0.125948
1.098 0.526448 0.146081
1.1 0.607391 0.160915
1.102 0.734625 0.169135
1.104 0.895559 0.170098
1.106 1.07171 0.163907
1.108 1.24128 0.151334
1.11 1.38229 0.133623
1.112 1.47572 0.112225
1.114 1.50825 0.0885149
1.116 1.47418 0.0635496
1.118 1.37612 0.0379474
1.12 1.2246 0.0119047
1.122 1.03646 -0.0146413
1.124 0.832434 -0.0417469
1.126 0.634334 -0.0691699
1.128 0.462173 -0.096136
1.13 0.331758 -0.12124
1.132 0.253006 -0.142522
1.134 0.229186 -0.157728
1.136 0.257153 -0.164691
1.138 0.328436 -0.16179
1.14 0.430979 -0.148357
1.142 0.5512 -0.124972
1.144 0.676044 -0.0935458
1.146 0.794689 -0.0571572
1.148 0.899689 -0.0196502
1.15 0.987409 0.0149562
1.152 1.05777 0.0431396
1.154 1.11345 0.0624961
1.156 1.15866 0.0721806
1.158 1.19785 0.073067
1.16 1.23454 0.0675808
1.162 1.27041 0.059229
1.164 1.30483 0.0519088
1.166 1.33496 0.0491288
1.168 1.3561 0.0532913
1.17 1.36259 0.0651811
1.172 1.34873 0.0837643
1.174 1.30982 0.106346
1.176 1.24301 0.129061
1.178 1.14787 0.147614
1.18 1.02668 0.158108
1.182 0.884312 0.157822
1.184 0.727764 0.145753
1.186 0.565513 0.122831
1.188 0.406656 0.0917565
1.19 0.260029 0.0564987
1.192 0.133365 0.0215476
1.194 0.0325977 -0.00891446
1.196 -0.038646 -0.0317633
1.198 -0.0793147 -0.0454475
1.2 -0.0909631 -0.050166
1.202 -0.0775515 -0.0476734
1.204 -0.0450413 -0.0407612
1.206 -0.000823431 -0.032532
1.208 0.0469788 -0.0256287
1.21 0.0902838 -0.0215926
1.212 0.121842 -0.0204943
1.214 0.135971 -0.0209234
1.216 0.129165 -0.0203403
1.218 0.1005 -0.0157157
1.22 0.0517845 -0.00431763
1.222 -0.0125635 0.0155284
1.224 -0.0859212 0.0438791
1.226 -0.160097 0.0789443
1.228 -0.226146 0.117258
1.23 -0.275282 0.154227
1.232 -0.299808 0.184965
1.234 -0.293942 0.205237
1.236 -0.254481 0.212329
1.238 -0.181191 0.205649
1.24 -0.0768797 0.186926
1.242 0.05285 0.159955
1.244 0.200149 0.12992
1.246 0.355691 0.102432
1.248 0.509563 0.08246
1.25 0.652178 0.0733687
1.252 0.775101 0.0762605
1.254 0.871716 0.0897477
1.256 0.937674 0.110208
1.258 0.971096 0.132476
1.26 0.972521 0.150841
1.262 0.944631 0.160154
1.264 0.891794 0.156827
1.266 0.819512 0.139531
1.268 0.733824 0.109452
1.27 0.640768 0.0700603
1.272 0.54592 0.0264455
1.274 0.454067 -0.0156471
1.276 0.368995 -0.0508749
1.278 0.293402 -0.0752445
1.28 0.228899 -0.0867616
1.282 0.176098 -0.0856693
1.284 0.134761 -0.0742427
1.286 0.103984 -0.0562014
1.288 0.082411 -0.0358749
1.29 0.0684383 -0.0173009
1.292 0.0604022 -0.00344608
1.294 0.0567225 0.00429459
1.296 0.056001 0.00622538
1.298 0.0570699 0.00409435
1.3 0.0589957 0.000528004
1.302 0.061044 -0.00170453
1.304 0.062617 -0.000423739
1.306 0.0631773 0.00539977
1.308 0.0621754 0.015382
1.31 0.0589992 0.0278149
1.312 0.0529629 0.0400835
1.314 0.0433437 0.0493114
1.316 0.0294674 0.0530833
1.318 0.0108312 0.0500778
1.32 -0.0127582 0.0404615
1.322 -0.0410613 0.0259486
1.324 -0.0733289 0.00950496
1.326 -0.108302 -0.00524456
1.328 -0.144309 -0.0147816
1.33 -0.179454 -0.0164665
1.332 -0.211902 -0.00914973
1.334 -0.240187 0.00651468
1.336 -0.263531 0.0281268
1.338 -0.282077 0.0519664
1.34 -0.297 0.0737049
1.342 -0.310454 0.0892594
1.344 -0.325324 0.0956131
1.346 -0.34483 0.0914306
1.348 -0.371995 0.0773375
1.35 -0.409076 0.0558036
1.352 -0.457034 0.0306547
1.354 -0.515151 0.00631268
1.356 -0.580863 -0.0130773
1.358 -0.649884 -0.0244535
1.36 -0.71662 -0.026415
1.362 -0.774841 -0.0194581
1.364 -0.818517 -0.00582946
1.366 -0.84269 0.0109663
1.368 -0.844239 0.0268976
1.37 -0.822413 0.038223
1.372 -0.779027 0.0422249
1.374 -0.718279 0.0377115
1.376 -0.646196 0.0251891
1.378 -0.569781 0.00667784
1.38 -0.495988 -0.0147776
1.382 -0.430681 -0.0357892
1.384 -0.37776 -0.053344
1.386 -0.338606 -0.0654039
1.388 -0.31197 -0.0712611
1.39 -0.294321 -0.0715805
1.392 -0.280619 -0.0681327
1.394 -0.26538 -0.0632848
1.396 -0.24383 -0.0593722
1.398 -0.212958 -0.0580951
1.4 -0.172257 -0.0600762
1.402 -0.124018 -0.064682
1.404 -0.0730982 -0.0701477
1.406 -0.0261813 -0.0739785
1.408 0.00937658 -0.0735388
1.41 0.0269225 -0.0666954
1.412 0.0218778 -0.0523686
1.414 -0.00715166 -0.0308667
1.416 -0.057749 -0.0039229
1.418 -0.123693 0.0255784
1.42 -0.195636 0.0541317
1.422 -0.26238 0.0782881
1.424 -0.312551 0.0953371
1.426 -0.336413 0.103848
1.428 -0.327526 0.103956
1.43 -0.283965 0.097329
1.432 -0.208891 0.0868226
1.434 -0.110361 0.0758854
1.436 -0.000371618 0.0678468
1.438 0.106733 0.0652279
1.44 0.196263 0.0692195
1.442 0.255283 0.0794368
1.444 0.2745 0.0939978
1.446 0.249615 0.10991
1.448 0.181957 0.123683
1.45 0.0782865 0.132039
1.452 -0.0501808 0.132574
1.454 -0.189362 0.124237
1.456 -0.324256 0.107529
1.458 -0.440942 0.0843808
1.46 -0.528345 0.0577556
1.462 -0.5795 0.031042
1.464 -0.592168 0.00738785
1.466 -0.568741 -0.0108974
1.468 -0.515507 -0.0227448
1.47 -0.44142 -0.0284538
1.472 -0.356635 -0.0295276
1.474 -0.271035 -0.0282577
1.476 -0.193 -0.027154
1.478 -0.128578 -0.0283468
1.48 -0.0811486 -0.0330916
1.482 -0.051546 -0.0414841
1.484 -0.0385631 -0.0524426
1.486 -0.0396757 -0.0639621
1.488 -0.051819 -0.0735791
1.49 -0.0720547 -0.0789467
1.492 -0.0980123 -0.0783927
1.494 -0.128048 -0.0713386
1.496 -0.16113 -0.0584876
1.498 -0.196532 -0.041739
1.5 -0.233434 -0.0238416
1.502 -0.270577 -0.00785755
1.504 -0.306072 0.00345273
1.506 -0.337429 0.00819805
1.508 -0.361825 0.00575571
1.51 -0.376556 -0.00308065
1.512 -0.379564 -0.0162374
1.514 -0.369937 -0.0307545
1.516 -0.348239 -0.0433585
1.518 -0.316601 -0.0510983
1.52 -0.278513 -0.0519196
1.522 -0.238359 -0.0450635
1.524 -0.200748 -0.0312123
1.526 -0.169778 -0.0123576
1.528 -0.148369 0.00858212
1.53 -0.137783 0.0283173
1.532 -0.137442 0.0438057
1.534 -0.14507 0.0528128
1.536 -0.157141 0.0543089
1.538 -0.169552 0.0486273
1.54 -0.178381 0.0373621
1.542 -0.180599 0.0230314
1.544 -0.17459 0.0085798
1.546 -0.160391 -0.00318043
1.548 -0.139599 -0.0100783
1.55 -0.114994 -0.0109502
1.552 -0.0899291 -0.00579935
1.554 -0.0676473 0.00427009
1.556 -0.0506377 0.0173204
1.558 -0.0401758 0.0309857
1.56 -0.0361325 0.042931
1.562 -0.0370863 0.0512732
1.564 -0.0407152 0.0548862
1.566 -0.0443808 0.053541
1.568 -0.0457843 0.0478635
1.57 -0.0435507 0.0391342
1.572 -0.0376161 0.0289792
1.574 -0.0293279 0.0190228
1.576 -0.0212287 0.0105731
1.578 -0.0165571 0.00440144
1.58 -0.0185607 0.00065249
1.582 -0.0297549 -0.00110779
1.584 -0.0512747 -0.00172821
1.586 -0.0824535 -0.00223682
1.588 -0.12072 -0.00358946
1.59 -0.161847 -0.00645663
1.592 -0.200519 -0.0110899
1.594 -0.231128 -0.0172888
1.596 -0.248666 -0.0244659
1.598 -0.249552 -0.031788
1.6 -0.232269 -0.0383562
1.602 -0.197665 -0.0433857
1.604 -0.148904 -0.0463456
1.606 -0.0910334 -0.0470345
1.608 -0.0302722 -0.0455818
1.61 0.0268895 -0.0423808
1.612 0.0746125 -0.0379762
1.614 0.108512 -0.032936
1.616 0.126215 -0.0277379
1.618 0.127596 -0.0226938
1.62 0.11466 -0.0179245
1.622 0.0911187 -0.0133835
1.624 0.0617385 -0.00891637
1.626 0.0315808 -0.00433566
1.628 0.00525838 0.000508607
1.63 -0.0136724 0.00568089
1.632 -0.023102 0.0111435
1.634 -0.0224962 0.0167718
1.636 -0.012767 0.0223924
1.638 0.00406687 0.0278314
1.64 0.0253519 0.0329554
1.642 0.0483111 0.0376918
1.644 0.0705033 0.0420227
1.646 0.0901582 0.0459529
1.648 0.106344 0.0494635
1.65 0.118959 0.0524663
1.652 0.128573 0.054777
1.654 0.136166 0.0561181
1.656 0.142822 0.0561574
1.658 0.149452 0.0545758
1.66 0.156583 0.0511509
1.662 0.164257 0.045837
1.664 0.172051 0.0388201
1.666 0.179192 0.0305325
1.668 0.184747 0.0216158
1.67 0.187844 0.0128361
1.672 0.187866 0.00496382
1.674 0.184593 -0.00135898
1.676 0.178256 -0.0057357
1.678 0.169506 -0.00809077
1.68 0.159311 -0.00868487
1.682 0.148788 -0.00806347
1.684 0.139033 -0.0069472
1.686 0.130949 -0.00608489
1.688 0.125121 -0.00609908
1.69 0.121757 -0.00735552
1.692 0.120683 -0.00988421
1.694 0.121414 -0.0133692
1.696 0.123266 -0.0172103
1.698 0.125494 -0.0206459
1.7 0.127425 -0.0229117
1.702 0.128577 -0.0234033
1.704 0.128722 -0.0218085
1.706 0.127916 -0.0181804
1.708 0.126461 -0.0129358
1.71 0.124848 -0.00677831
1.712 0.123659 -0.000562444
1.714 0.123462 0.00487353
1.716 0.124724 0.00887015
1.718 0.12773 0.0110715
1.72 0.13254 0.0114864
1.722 0.138979 0.0104745
1.724 0.146658 0.00866019
1.726 0.155023 0.00679424
1.728 0.163413 0.00559121
1.73 0.17113 0.00557789
1.732 0.177497 0.00698368
1.734 0.181912 0.00969557
1.736 0.183881 0.0132863
1.738 0.183041 0.0171091
1.74 0.179169 0.0204376
1.742 0.17218 0.0226218
1.744 0.16212 0.0232269
1.746 0.149158 0.0221252
1.748 0.133574 0.0195241
1.75 0.115758 0.0159238
1.752 0.0962075 0.0120158
1.754 0.0755265 0.00854195
1.756 0.0544218 0.00614605
1.758 0.0336891 0.00524713
1.76 0.0141872 0.00596051
1.762 -0.00320143 0.00808157
1.764 -0.0176237 0.0111339
1.766 -0.0283172 0.0144704
1.768 -0.0346765 0.0174041
1.77 -0.0363161 0.019343
1.772 -0.0331232 0.0198993
1.774 -0.0252924 0.0189546
1.776 -0.0133359 0.0166678
1.778 0.00193449 0.0134292
1.78 0.0194568 0.00977107
1.782 0.0379943 0.00625542
1.784 0.0562322 0.00336354
1.786 0.0728856 0.00140872
1.788 0.0868061 0.000488922
1.79 0.097077 0.000486588
1.792 0.103086 0.0011122
1.794 0.104565 0.00197961
1.796 0.101603 0.00269482
1.798 0.0946141 0.00293851
1.8 0.0842836 0.00252521
1.802 0.0714897 0.00142876
1.804 0.057212 -0.000228385
1.806 0.0424385 -0.0022162
1.808 0.028082 -0.00425662
1.81 0.0149133 -0.00608674
1.812 0.00351636 -0.0075114
1.814 -0.00573197 -0.00843465
1.816 -0.0126593 -0.0088649
1.818 -0.0172759 -0.00889538
1.82 -0.0197386 -0.00866673
1.822 -0.020308 -0.0083225
1.824 -0.0193048 -0.00796924
1.826 -0.0170692 -0.00765121
1.828 -0.0139292 -0.00734529
1.83 -0.0101788 -0.00697638
1.832 -0.00606562 -0.00644798
1.834 -0.00178908 -0.00567905
1.836 0.00249488 -0.00463658
1.838 0.00666372 -0.00335498
1.84 0.0106163 -0.00193696
1.842 0.0142613 -0.000535667
1.844 0.0175087 0.000677732
1.846 0.0202646 0.00155285
1.848 0.0224317 0.00199592
1.85 0.0239133 0.00199384
1.852 0.024622 0.00162036
1.854 0.0244903 0.00102243
1.856 0.023483 0.000389293
1.858 0.0216084 -8.90034e-05
1.86 0.0189272 -0.000264299
1.862 0.0155572 -6.43223e-05
1.864 0.0116723 0.000490036
1.866 0.00749412 0.00128843
1.868 0.00327817 0.00215514
1.87 -0.000706911 0.00288804
1.872 -0.00420328 0.00330381
1.874 -0.00698916 0.00327902
1.876 -0.00890208 0.00277815
1.878 -0.00985693 0.0018626
1.88 -0.00985592 0.00067876
1.882 -0.00898866 -0.000571875
1.884 -0.00742171 -0.00167399
1.886 -0.00537872 -0.00244231
1.888 -0.00311366 -0.00275865
1.89 -0.000880794 -0.00259445
1.892 0.00109415 -0.00201428
1.894 0.00263773 -0.00115997
1.896 0.00364421 -0.0002192
1.898 0.00408088 0.000614321
1.9 0.00398324 0.00118037
1.902 0.00344151 0.00138299
1.904 0.00258102 0.0012065
1.906 0.00154016 0.000714004
1.908 0.000449345 2.96273e-05
1.91 -0.000585683 -0.000690831
1.912 -0.00149404 -0.00129412
1.914 -0.00224236 -0.00166116
1.916 -0.00283052 -0.00172963
1.918 -0.00328203 -0.00150333
1.92 -0.0036319 -0.0010472
1.922 -0.00391462 -0.000469886
1.924 -0.00415488 0.000101584
1.926 -0.00436262 0.000549266
1.928 -0.00453298 0.000787828
1.93 -0.00465041 0.00077953
1.932 -0.00469552 0.000538121
1.934 -0.00465277 0.000121754
1.936 -0.00451683 -0.000382631
1.938 -0.00429627 -0.000879377
1.94 -0.00401357 -0.00128396
1.942 -0.00370168 -0.00153844
1.944 -0.00339786 -0.00161977
1.946 -0.00313622 -0.0015399
1.948 -0.00294091 -0.00133863
1.95 -0.00282123 -0.00107161
1.952 -0.00277005 -0.000796669
1.954 -0.00276562 -0.000561547
1.956 -0.00277649 -0.000395712
1.958 -0.00276828 -0.000307358
1.96 -0.00271092 -0.000285626
1.962 -0.00258456 -0.000306738
1.964 -0.00238327 -0.000342058
1.966 -0.00211557 -0.000365898
1.968 -0.00180202 -0.000361246
1.97 -0.00147063 -0.000322374
1.972 -0.00115092 -0.000254202
1.974 -0.000868324 -0.000169111
1.976 -0.000639811 -8.24478e-05
1.978 -0.00047171 -8.08015e-06
1.98 -0.000359969 4.4836e-05
1.982 -0.000292565 7.32585e-05
1.984 -0.000253323 7.97799e-05
1.986 -0.000226122 7.07527e-05
1.988 -0.00019849 5.38116e-05
1.99 -0.000163795 3.56243e-05
1.992 -0.000121699 2.04934e-05
1.994 -7.696e-05 1.00574e-05
1.996 -3.71053e-05 3.94324e-06
1.998 -9.7017e-06 9.20686e-07
0.5 1.62404 1.03181
1 1.4977 0.956202
1.5 1.31491 0.847114
2 1.10493 0.72353
2.5 0.892883 0.602248
3 0.697227 0.493641
3.5 0.532441 0.4008
4 0.411117 0.321764
4.5 0.340341 0.253145
5 0.313832 0.193049
5.5 0.308125 0.142027
6 0.291803 0.102095
6.5 0.248785 0.074896
7 0.204289 0.0603046
7.5 0.234442 0.0561501
8 0.444946 0.0589119
8.5 0.920803 0.0646992
9 1.66885 0.0699483
9.5 2.58496 0.0717638
10 3.4698 0.068232
10.5 4.09342 0.0589686
11 4.28206 0.0456997
11.5 3.98657 0.0322495
12 3.29942 0.0233826
12.5 2.41297 0.0226148
13 1.5413 0.0299546
13.5 0.844271 0.0409431
14 0.387799 0.0478932
14.5 0.151759 0.0430778
15 0.0712643 0.0224383
15.5 0.0827369 -0.0120611
16 0.149939 -0.0526802
16.5 0.262235 -0.0886599
17 0.415561 -0.110133
17.5 0.594656 -0.111381
18 0.769763 -0.0921686
18.5 0.907884 -0.0570446
19 0.987849 -0.013417
19.5 1.00704 0.030495
20 0.975368 0.0671891
20.5 0.90246 0.0909006
21 0.789205 0.0984651
21.5 0.630992 0.0901546
22 0.430718 0.070112
22.5 0.21142 0.0457303
23 0.0175624 0.0256154
23.5 -0.0989264 0.0165624
24 -0.101501 0.0207453
24.5 0.0121881 0.0345244
25 0.206848 0.0496673
25.5 0.424105 0.0566461
26 0.607347 0.0486303
26.5 0.723566 0.0244286
27 0.771235 -0.0108719
27.5 0.771872 -0.0477486
28 0.752251 -0.0756783
28.5 0.728797 -0.0867122
29 0.703091 -0.0778729
29.5 0.669698 -0.0516962
30 0.629614 -0.0150109
30.5 0.599304 0.0233816
31 0.6083 0.055257
31.5 0.685557 0.0749711
32 0.841846 0.0804284
32.5 1.05821 0.0728918
33 1.28754 0.0558801
33.5 1.46965 0.0336945
34 1.55312 0.0102245
34.5 1.5146 -0.0114903
35 1.36709 -0.0288984
35.5 1.1547 -0.0392377
36 0.936695 -0.0392367
36.5 0.767448 -0.0257717
37 0.67962 0.00257977
37.5 0.675641 0.0438612
38 0.729523 0.0920503
38.5 0.797894 0.138152
39 0.83675 0.172951
39.5 0.818663 0.190329
40 0.744526 0.189561
40.5 0.644857 0.175433
41 0.568761 0.15606
41.5 0.563525 0.139471
42 0.652524 0.130567
42.5 0.821222 0.129754
43 1.01873 0.133604
43.5 1.17594 0.136894
44 1.23346 0.134889
44.5 1.16728 0.124974
45 1.00025 0.107268
45.5 0.79384 0.0844323
46 0.623212 0.0609795
46.5 0.546698 0.0422819
47 0.583029 0.0333252
47.5 0.705885 0.0373746
48 0.85729 0.0549744
48.5 0.973024 0.0837931
49 1.00851 0.119512
49.5 0.954319 0.157331
50 0.835866 0.193204
50.5 0.699028 0.224067
51 0.589227 0.247087
51.5 0.533369 0.258898
52 0.531779 0.256021
52.5 0.56221 0.236893
53 0.592654 0.204521
53.5 0.596354 0.167685
54 0.562334 0.138935
54.5 0.497543 0.129386
55 0.420889 0.142654
55.5 0.352965 0.171557
56 0.306616 0.20027
56.5 0.282395 0.211786
57 0.270157 0.197177
57.5 0.255088 0.161578
58 0.224795 0.123096
58.5 0.174253 0.104584
59 0.10703 0.122315
59.5 0.0332491 0.177509
60 -0.0339408 0.255318
60.5 -0.0815412 0.331761
61 -0.0986694 0.38475
61.5 -0.0776554 0.403217
62 -0.0152404 0.389702
62.5 0.0855463 0.355657
63 0.213361 0.312887
63.5 0.347927 0.266483
64 0.462506 0.213316
64.5 0.529972 0.146581
65 0.531088 0.0632329
65.5 0.46184 -0.0304587
66 0.336381 -0.118708
66.5 0.183607 -0.181662
67 0.0381901 -0.20358
67.5 -0.0704788 -0.17946
68 -0.126861 -0.11688
68.5 -0.131951 -0.0324701
69 -0.0995014 0.0548492
69.5 -0.0481823 0.130483
70 0.0063629 0.187802
70.5 0.0562418 0.227844
71 0.101634 0.256079
71.5 0.147811 0.278281
72 0.201044 0.297423
72.5 0.265171 0.31254
73 0.339404 0.31944
73.5 0.41721 0.312525
74 0.486279 0.286951
74.5 0.530399 0.240588
75 0.534161 0.175472
75.5 0.490166 0.0984283
76 0.406097 0.0204613
76.5 0.307352 -0.0453545
77 0.231578 -0.0872762
77.5 0.215016 -0.098694
78 0.275472 -0.0809116
78.5 0.400134 -0.043544
79 0.545744 -0.00193833
79.5 0.653362 0.0277498
80 0.672535 0.0340818
80.5 0.58409 0.0143203
81 0.410449 -0.0247071
81.5 0.207895 -0.0691318
82 0.0439464 -0.102801
82.5 -0.0297685 -0.112287
83 0.0031883 -0.0903057
83.5 0.120632 -0.0367139
84 0.27429 0.0425781
84.5 0.411164 0.137646
85 0.493646 0.236513
85.5 0.510606 0.326687
86 0.477022 0.396671
86.5 0.424974 0.437979
87 0.391185 0.447595
87.5 0.405683 0.429873
88 0.483999 0.396417
88.5 0.623517 0.362965
89 0.804152 0.343827
89.5 0.993553 0.345973
90 1.15649 0.365619
90.5 1.26632 0.389342
91 1.31451 0.399645
91.5 1.3139 0.382605
92 1.29349 0.334044
92.5 1.28655 0.261317
93 1.31755 0.179989
93.5 1.39372 0.10719
94 1.50454 0.0549675
94.5 1.62798 0.026644
95 1.73875 0.0174163
95.5 1.81435 0.0182079
96 1.83724 0.0204022
96.5 1.79527 0.0191053
97 1.68333 0.0138108
97.5 1.50739 0.00688198
98 1.28818 0.00123121
98.5 1.06027 -0.00142136
99 0.863737 -0.00105911
99.5 0.730831 0.00114607
100 0.673893 0.00371092
100.5 0.681594 0.00549384
101 0.725987 0.00592288
101.5 0.776462 0.00493518
102 0.812442 0.00284783
102.5 0.827869 0.000252811
103 0.826437 -0.00211589
103.5 0.813033 -0.00360833
104 0.789227 -0.00392915
104.5 0.756901 -0.00329599
105 0.726964 -0.0023466
105.5 0.724761 -0.00180572
106 0.784686 -0.0020911
106.5 0.933556 -0.00309253
107 1.171 -0.00425271
107.5 1.45917 -0.00489005
108 1.73037 -0.0045622
108.5 1.91109 -0.00326578
109 1.95137 -0.00138906
109.5 1.84445 0.000513602
110 1.62743 0.00197281
110.5 1.36348 0.00275029
111 1.11606 0.00284077
111.5 0.928279 0.00237857
112 0.815476 0.00153272
112.5 0.770872 0.000451166
113 0.777157 -0.000733896
113.5 0.816006 -0.00186747
114 0.87157 -0.00274167
114.5 0.929508 -0.00310699
115 0.97591 -0.00273582
115.5 0.999137 -0.00152116
116 0.993999 0.000432069
116.5 0.965002 0.00277779
117 0.925855 0.00500007
117.5 0.895199 0.00657868
118 0.891282 0.00718694
118.5 0.928606 0.006829
119 1.01737 0.0058419
119.5 1.16379 0.00475327
120 1.36857 0.00406153
120.5 1.62281 0.00404455
121 1.90382 0.00468201
121.5 2.17492 0.00570914
122 2.39204 0.00675114
122.5 2.51574 0.00745943
123 2.52372 0.00759517
123.5 2.41781 0.00705547
124 2.22265 0.00587465
124.5 1.97718 0.00423028
125 1.72406 0.00245125
125.5 1.50152 0.000992942
126 1.33961 0.000344291
126.5 1.25912 0.000867827
127 1.27031 0.00262496
127.5 1.36994 0.00526942
128 1.5381 0.0080788
128.5 1.73846 0.0101396
129 1.92455 0.0106321
129.5 2.05177 0.00911087
130 2.09093 0.00567124
130.5 2.03807 0.000933593
131 1.9161 -0.00415162
131.5 1.76759 -0.00860409
132 1.64125 -0.0117055
132.5 1.57657 -0.0131768
133 1.59142 -0.0131851
133.5 1.67584 -0.0121989
134 1.79413 -0.0107657
134.5 1.89513 -0.00931298
135 1.92836 -0.0080472
135.5 1.86148 -0.00697285
136 1.69258 -0.00599843
136.5 1.45157 -0.00506285
137 1.18884 -0.00421811
137.5 0.95486 -0.0036326
138 0.779801 -0.00351938
138.5 0.663 -0.00402569
139 0.578041 -0.00513535
139.5 0.491159 -0.00663039
140 0.383289 -0.0081354
140.5 0.263586 -0.00923471
141 0.166489 -0.00961875
141.5 0.133421 -0.00919728
142 0.188843 -0.00812559
142.5 0.323823 -0.00672664
143 0.496287 -0.0053427
143.5 0.648069 -0.00418893
144 0.729851 -0.00328326
144.5 0.721147 -0.00248866
145 0.635728 -0.00164269
145.5 0.511124 -0.000700183
146 0.389225 0.000193646
146.5 0.298822 0.000743987
147 0.248528 0.000641049
147.5 0.231609 -0.000286566
148 0.237418 -0.00198931
148.5 0.261117 -0.00423983
149 0.305649 -0.00678961
149.5 0.375651 -0.00956203
150 0.468362 -0.0127771
150.5 0.568427 -0.0169312
151 0.650863 -0.0226293
151.5 0.691213 -0.0303492
152 0.677366 -0.0402629
152.5 0.616326 -0.052201
153 0.53196 -0.0657545
153.5 0.454691 -0.0803892
154 0.408368 -0.0954172
154.5 0.400769 -0.109756
155 0.42204 -0.121603
155.5 0.451132 -0.128319
156 0.466472 -0.126875
156.5 0.455517 -0.114927
157 0.419029 -0.0922519
157.5 0.368906 -0.0618524
158 0.321496 -0.029983
158.5 0.290074 -0.00470855
159 0.279952 0.00670372
159.5 0.287979 0.000560737
160 0.305983 -0.0215941
160.5 0.325942 -0.0533583
161 0.344157 -0.0859105
161.5 0.362366 -0.111518
162 0.385378 -0.12652
162.5 0.416555 -0.132388
163 0.453675 -0.134353
163.5 0.487681 -0.1383
164 0.505489 -0.147449
164.5 0.495946 -0.16047
165 0.456176 -0.1719
165.5 0.394968 -0.174611
166 0.33099 -0.163121
166.5 0.286043 -0.136169
167 0.276098 -0.0974536
167.5 0.304146 -0.054312
168 0.358259 -0.0150766
168.5 0.415923 0.0136968
169 0.452905 0.0290219
169.5 0.452917 0.0317696
170 0.414133 0.0256101
170.5 0.35003 0.0152674
171 0.284398 0.00486316
171.5 0.242546 -0.00308856
172 0.241994 -0.00785371
172.5 0.285942 -0.00999121
173 0.361788 -0.0105733
173.5 0.445232 -0.010492
174 0.508606 -0.0101015
174.5 0.530525 -0.00925846
175 0.503348 -0.00764707
175.5 0.43557 -0.0051708
176 0.348247 -0.00219147
176.5 0.266984 0.000509248
177 0.212983 0.00201788
177.5 0.196923 0.00166497
178 0.217888 -0.00071504
178.5 0.26689 -0.00476732
179 0.33222 -0.00981914
179.5 0.403323 -0.0151472
180 0.471382 -0.0201362
180.5 0.527399 -0.0242604
181 0.560509 -0.0269809
181.5 0.559229 -0.0277334
182 0.516213 -0.0261247
182.5 0.434183 -0.0222685
183 0.32902 -0.0170257
183.5 0.226846 -0.0118952
184 0.155028 -0.00848481
184.5 0.130736 -0.00777591
185 0.152703 -0.00958342
185.5 0.200785 -0.0125595
186 0.244227 -0.0147945
186.5 0.255097 -0.0147103
187 0.220556 -0.0117511
187.5 0.148095 -0.00649054
188 0.0613025 -0.00013212
188.5 -0.0116551 0.00625317
189 -0.0511701 0.0122628
189.5 -0.0547131 0.0181534
190 -0.036919 0.0243325
190.5 -0.0215799 0.0307193
191 -0.0296459 0.0364106
191.5 -0.0689727 0.0398875
192 -0.130435 0.039665
192.5 -0.191853 0.0350386
193 -0.227568 0.0265473
193.5 -0.219089 0.0159384
194 -0.162112 0.00565367
194.5 -0.0671866 -0.00196121
195 0.0456103 -0.00544802
195.5 0.155003 -0.00477111
196 0.245846 -0.00140299
196.5 0.312435 0.00212013
197 0.357092 0.00308583
197.5 0.385662 -0.000349073
198 0.402808 -0.00837266
198.5 0.409529 -0.0193594
199 0.403722 -0.0304375
199.5 0.382752 -0.0385083
200 0.346067 -0.0412005
200.5 0.296224 -0.037305
201 0.237949 -0.0266047
201.5 0.176106 -0.00943928
202 0.114013 0.0134867
202.5 0.0530583 0.0407874
203 -0.0063447 0.0698184
203.5 -0.0632668 0.0964746
204 -0.115165 0.115922
204.5 -0.157686 0.124243
205 -0.185298 0.120259
205.5 -0.192406 0.106422
206 -0.174719 0.0880705
206.5 -0.130854 0.0712088
207 -0.0640563 0.0599472
207.5 0.0165468 0.055001
208 0.0962042 0.0541003
208.5 0.157254 0.0540145
209 0.184244 0.0529106
209.5 0.1699 0.0515545
210 0.119294 0.0525958
210.5 0.0496895 0.0583941
211 -0.0147149 0.0687838
211.5 -0.0514318 0.0802445
212 -0.047999 0.0871085
212.5 -0.00605687 0.0842129
213 0.0608235 0.0695412
213.5 0.134464 0.045407
214 0.20079 0.017563
214.5 0.255468 -0.00723536
215 0.303666 -0.0239037
215.5 0.354386 -0.0306226
216 0.412724 -0.0287452
216.5 0.474532 -0.0213656
217 0.526544 -0.0115502
217.5 0.551972 -0.00123986
218 0.538549 0.0087392
218.5 0.484701 0.017874
219 0.400596 0.0251717
219.5 0.303677 0.0290973
220 0.211233 0.0284106
220.5 0.134011 0.0233856
221 0.0740337 0.016528
221.5 0.0272754 0.0120947
222 -0.0109472 0.0143889
222.5 -0.0413798 0.0255717
223 -0.0598586 0.0441436
223.5 -0.0604504 0.0650235
224 -0.0406428 0.0813897
224.5 -0.00524044 0.0875294
225 0.0336692 0.0813788
225.5 0.0610629 0.0655348
226 0.0655461 0.0462297
226.5 0.0447412 0.030721
227 0.00669157 0.0242784
227.5 -0.0334458 0.0281109
228 -0.0597556 0.0391344
228.5 -0.0618885 0.0516577
229 -0.0385154 0.0602449
229.5 0.00330282 0.0625052
230 0.0519927 0.060564
230.5 0.0963814 0.0604684
231 0.129321 0.0696266
231.5 0.14874 0.0932601
232 0.15632 0.13142
232.5 0.155084 0.178043
233 0.147413 0.222748
233.5 0.13441 0.254806
234 0.116556 0.267592
234.5 0.0948652 0.2614
235 0.0715913 0.243168
235.5 0.0499514 0.223129
236 0.0330124 0.210002
236.5 0.0224141 0.207102
237 0.0176845 0.211291
237.5 0.0165502 0.215178
238 0.0160742 0.211249
238.5 0.014013 0.195663
239 0.00969801 0.169817
239.5 0.00404633 0.139108
240 -0.00120292 0.109913
240.5 -0.00453714 0.0866019
241 -0.00542194 0.0701293
241.5 -0.00441115 0.0586292
242 -0.00266715 0.0492563
242.5 -0.00125742 0.0399859
243 -0.000655663 0.0303966
243.5 -0.000682847 0.0212819
244 -0.000826714 0.0136731
244.5 -0.000669193 0.00805615
245 -0.000142479 0.00422067
245.5 0.000502508 0.00163659
246 0.000928718 -8.25526e-05
246.5 0.000952507 -0.00101181
247 0.000634361 -0.00109916
247.5 0.000195789 -0.000461696
248 -0.000143995 0.000497625
248.5 -0.000287659 0.00125302
249 -0.000271038 0.00145354
249.5 -0.000190106 0.00111065
250 -0.000117591 0.000536088
250.5 -6.86716e-05 9.33138e-05
251 -2.23958e-05 -4.19683e-05
251.5 3.75236e-05 5.21468e-05
252 0.000102358 0.0001663
252.5 0.000149599 0.000147056
253 0.000166803 -4.97059e-07
253.5 0.000162529 -0.000153786
254 0.000156077 -0.000197169
254.5 0.000158919 -0.000116767
255 0.00016641 3.67335e-06
255.5 0.000166054 6.50982e-05
256 0.000152236 3.42125e-05
256.5 0.000132465 -4.18394e-05
257 0.000119876 -8.81681e-05
257.5 0.000120445 -6.83936e-05
258 0.00012786 -8.0883e-06
258.5 0.00013075 3.70727e-05
259 0.000124738 3.3348e-05
259.5 0.000117202 -5.5204e-06
260 0.000119865 -3.69836e-05
260.5 0.000136094 -3.05385e-05
261 0.00015507 7.1755e-06
261.5 0.000158926 4.26863e-05
262 0.000137227 4.83247e-05
262.5 9.64351e-05 2.64117e-05
263 5.61684e-05 4.85083e-06
263.5 3.52453e-05 1.06804e-05
264 3.88898e-05 4.63998e-05
264.5 5.69686e-05 8.90506e-05
265 7.35977e-05 0.000110676
265.5 7.93852e-05 0.000100823
266 7.65075e-05 7.2131e-05
266.5 7.38897e-05 4.64725e-05
267 7.82126e-05 3.5881e-05
267.5 8.90103e-05 3.52224e-05
268 0.000101266 3.13787e-05
268.5 0.000111737 1.86928e-05
269 0.000122359 5.86221e-06
269.5 0.000137615 8.36755e-06
270 0.000158899 3.392e-05
270.5 0.000181762 7.42337e-05
271 0.000198963 0.000110216
271.5 0.000206616 0.000125747
272 0.000207677 0.000118304
272.5 0.000209437 9.82978e-05
273 0.000217169 7.90673e-05
273.5 0.000229532 6.68793e-05
274 0.000239711 5.89697e-05
274.5 0.000241128 4.96966e-05
275 0.000232645 3.78766e-05
275.5 0.000218925 2.82995e-05
276 0.000206121 2.66117e-05
276.5 0.000197136 3.30773e-05
277 0.000190691 4.14629e-05
277.5 0.000184624 4.41971e-05
278 0.000179826 3.90288e-05
278.5 0.000180727 3.10776e-05
279 0.00019165 2.84191e-05
279.5 0.000212306 3.51203e-05
280 0.000236671 4.77434e-05
280.5 0.000256548 5.81218e-05
281 0.00026696 5.97658e-05
281.5 0.000268946 5.24316e-05
282 0.000267657 4.14091e-05
282.5 0.000267669 3.28153e-05
283 0.000269649 2.93046e-05
283.5 0.000270956 2.9588e-05
284 0.000269121 3.13072e-05
284.5 0.000264685 3.38412e-05
285 0.000260756 3.81419e-05
285.5 0.000259893 4.39484e-05
286 0.000261427 4.75062e-05
286.5 0.000261916 4.25965e-05
287 0.0002584 2.46102e-05
287.5 0.000251517 -5.55097e-06
288 0.000245547 -4.10837e-05
288.5 0.00024519 -7.29078e-05
289 0.000251769 -9.45476e-05
289.5 0.000262085 -0.000104638
290 0.000270879 -0.000105587
290.5 0.000274823 -0.000100141
291 0.000274847 -8.90598e-05
291.5 0.000275191 -7.17235e-05
292 0.000280302 -4.86625e-05
292.5 0.000292216 -2.32978e-05
293 0.00031019 -1.01662e-06
293.5 0.0003321 1.38216e-05
294 0.000355783 2.04906e-05
294.5 0.000379041 2.20054e-05
295 0.00039885 2.27382e-05
295.5 0.000411382 2.55192e-05
296 0.000413713 3.03799e-05
296.5 0.000406216 3.55112e-05
297 0.000393512 3.91885e-05
297.5 0.00038268 4.09161e-05
298 0.000379578 4.11057e-05
298.5 0.000385821 4.00685e-05
299 0.000398518 3.75852e-05
299.5 0.000412754 3.35026e-05
300 0.000424777 2.85978e-05
300.5 0.000433531 2.46002e-05
301 0.000439857 2.30856e-05
301.5 0.000444663 2.41473e-05
302 0.000447957 2.61144e-05
302.5 0.000449484 2.67326e-05
303 0.000449948 2.49111e-05
303.5 0.000451236 2.15696e-05
304 0.000455068 1.8844e-05
304.5 0.00046122 1.82958e-05
305 0.000467086 1.96116e-05
305.5 0.000469299 2.08429e-05
306 0.000466302 1.99321e-05
306.5 0.000459755 1.62438e-05
307 0.000453585 1.09134e-05
307.5 0.000451329 5.89564e-06
308 0.000453861 2.64966e-06
308.5 0.000459152 1.54251e-06
309 0.000464018 2.2617e-06
309.5 0.000466256 4.58768e-06
310 0.000465506 8.65349e-06
310.5 0.000462514 1.44515e-05
311 0.000457925 2.11757e-05
311.5 0.000451952 2.72044e-05
312 0.000445136 3.09233e-05
312.5 0.000439161 3.17536e-05
313 0.000436428 3.04759e-05
313.5 0.000438322 2.85206e-05
314 0.000443494 2.68044e-05
314.5 0.00044786 2.51128e-05
315 0.00044678 2.25608e-05
315.5 0.000438108 1.87118e-05
316 0.000423943 1.4342e-05
316.5 0.000409757 1.11242e-05
317 0.000401477 1.04311e-05
317.5 0.000402495 1.2222e-05
318 0.000412459 1.4933e-05
318.5 0.00042825 1.6486e-05
319 0.000446019 1.5655e-05
319.5 0.000462756 1.27876e-05
320 0.000476682 9.42945e-06
320.5 0.000486893 7.23739e-06
321 0.000493132 7.01179e-06
321.5 0.000496026 8.44184e-06
322 0.000497353 1.05378e-05
322.5 0.000499629 1.2276e-05
323 0.000504911 1.30169e-05
323.5 0.000513524 1.26187e-05
324 0.000523659 1.1436e-05
324.5 0.00053218 1.03366e-05
325 0.000536101 1.06163e-05
325.5 0.000533751 1.35961e-05
326 0.000525052 1.99223e-05
326.5 0.000511097 2.89572e-05
327 0.000493687 3.87707e-05
327.5 0.000475179 4.69161e-05
328 0.00045846 5.16026e-05
328.5 0.00044653 5.25365e-05
329 0.000441585 5.08908e-05
329.5 0.000444115 4.8464e-05
330 0.00045276 4.66391e-05
330.5 0.000465169 4.58198e-05
331 0.00047928 4.55989e-05
331.5 0.000494029 4.53581e-05
332 0.00050894 4.47645e-05
332.5 0.00052306 4.38456e-05
333 0.000534292 4.27491e-05
333.5 0.000539916 4.15292e-05
334 0.000538025 4.01824e-05
334.5 0.000528795 3.88359e-05
335 0.000514535 3.78183e-05
335.5 0.000498422 3.7465e-05
336 0.000482871 3.78071e-05
336.5 0.000468721 3.8458e-05
337 0.000455692 3.88601e-05
337.5 0.000443542 3.87308e-05
338 0.000432846 3.83326e-05
338.5 0.000424789 3.83129e-05
339 0.000420291 3.92123e-05
339.5 0.000419296 4.10263e-05
340 0.000420816 4.31728e-05
340.5 0.000423557 4.48871e-05
341 0.00042644 4.57264e-05
341.5 0.000428569 4.57931e-05
342 0.000428856 4.55363e-05
342.5 0.000425971 4.53337e-05
343 0.000418976 4.5207e-05
343.5 0.000408285 4.48765e-05
344 0.000396021 4.40618e-05
344.5 0.00038521 4.27554e-05
345 0.000378139 4.12598e-05
345.5 0.000375015 4.0008e-05
346 0.000373979 3.93496e-05
346.5 0.000372549 3.94616e-05
347 0.000369455 4.03844e-05
347.5 0.00036554 4.20587e-05
348 0.000363078 4.42837e-05
348.5 0.000364078 4.66523e-05
349 0.000368839 4.86041e-05
349.5 0.000375743 4.96559e-05
350 0.000382302 4.9688e-05
350.5 0.0003866 4.90595e-05
351 0.000388138 4.84161e-05
351.5 0.000387704 4.82875e-05
352 0.000386614 4.87454e-05
352.5 0.000385935 4.93651e-05
353 0.000386093 4.95005e-05
353.5 0.000386786 4.86534e-05
354 0.000386993 4.66733e-05
354.5 0.000385058 4.36913e-05
355 0.000379036 3.99253e-05
355.5 0.000367421 3.55767e-05
356 0.00035002 3.09154e-05
356.5 0.00032844 2.64348e-05
357 0.000305759 2.28575e-05
357.5 0.000285473 2.08845e-05
358 0.00027028 2.08098e-05
358.5 0.000261344 2.22739e-05
359 0.000258278 2.43603e-05
359.5 0.000259566 2.60053e-05
360 0.00026299 2.64711e-05
360.5 0.000265893 2.56046e-05
361 0.000265519 2.37689e-05
361.5 0.000259714 2.15594e-05
362 0.000247874 1.9522e-05
362.5 0.000231574 1.80238e-05
363 0.000214248 1.72706e-05
363.5 0.000199818 1.73621e-05
364 0.000190962 1.82947e-05
364.5 0.000188034 1.99166e-05
365 0.000189257 2.19076e-05
365.5 0.000191956 2.38376e-05
366 0.000193907 2.52824e-05
366.5 0.000193932 2.59302e-05
367 0.000191586 2.56316e-05
367.5 0.000186505 2.44058e-05
368 0.000178186 2.24433e-05
368.5 0.000166472 2.01138e-05
369 0.000152298 1.79323e-05
369.5 0.000137949 1.64383e-05
370 0.000126429 1.60046e-05
370.5 0.000120228 1.66787e-05
371 0.000120211 1.81735e-05
371.5 0.000125282 2.00316e-05
372 0.000132905 2.18633e-05
372.5 0.000140093 2.34953e-05
373 0.00014435 2.49375e-05
373.5 0.000144294 2.62162e-05
374 0.000139954 2.7228e-05
374.5 0.000132782 2.77404e-05
375 0.000125286 2.75349e-05
375.5 0.000120215 2.65639e-05
376 0.0001194 2.49852e-05
376.5 0.000122797 2.30506e-05
377 0.000128317 2.09536e-05
377.5 0.000132725 1.87791e-05
378 0.000133203 1.65959e-05
378.5 0.000128728 1.45975e-05
379 0.000120478 1.31384e-05
379.5 0.000111096 1.25908e-05
380 0.000103356 1.30997e-05
380.5 9.90083e-05 1.44127e-05
381 9.83564e-05 1.5914e-05
381.5 0.000100511 1.68507e-05
382 0.000103946 1.66082e-05
382.5 0.000106985 1.48791e-05
383 0.00010817 1.16767e-05
383.5 0.000106617 7.26397e-06
384 0.000102406 2.10364e-06
384.5 9.67624e-05 -3.13847e-06
385 9.17634e-05 -7.61217e-06
385.5 8.95196e-05 -1.04251e-05
386 9.12173e-05 -1.09241e-05
386.5 9.65844e-05 -8.99769e-06
387 0.000104113 -5.21172e-06
387.5 0.000111858 -6.58168e-07
388 0.000118264 3.44171e-06
388.5 0.000122518 6.18992e-06
389 0.000124362 7.29822e-06
389.5 0.000123734 7.08602e-06
390 0.000120659 6.22562e-06
390.5 0.000115492 5.38901e-06
391 0.000109212 4.96984e-06
391.5 0.000103374 4.98849e-06
392 9.9584e-05 5.19111e-06
392.5 9.87905e-05 5.27538e-06
393 0.000100854 5.13604e-06
393.5 0.000104648 5.01889e-06
394 0.000108572 5.50108e-06
394.5 0.000111107 7.27714e-06
395 0.000111153 1.08176e-05
395.5 0.000108158 1.60446e-05
396 0.000102203 2.21906e-05
396.5 9.41499e-05 2.79428e-05
397 8.56615e-05 3.18483e-05
397.5 7.88652e-05 3.28285e-05
398 7.56075e-05 3.05905e-05
398.5 7.66341e-05 2.5767e-05
399 8.12145e-05 1.97266e-05
399.5 8.75164e-05 1.41276e-05
400 9.35466e-05 1.0374e-05
400.5 9.80718e-05 9.16212e-06
401 0.000100957 1.02692e-05
401.5 0.000102784 1.26615e-05
402 0.000104107 1.48924e-05
402.5 0.00010491 1.56517e-05
403 0.000104596 1.42541e-05
403.5 0.00010241 1.08667e-05
404 9.79646e-05 6.38219e-06
404.5 9.15257e-05 2.00734e-06
405 8.40153e-05 -1.2298e-06
405.5 7.68175e-05 -2.82519e-06
406 7.14827e-05 -2.86763e-06
406.5 6.93092e-05 -1.85802e-06
407 7.07947e-05 -4.21648e-07
407.5 7.51416e-05 9.33429e-07
408 8.01875e-05 1.93583e-06
408.5 8.30608e-05 2.56131e-06
409 8.14558e-05 2.98082e-06
409.5 7.49219e-05 3.46698e-06
410 6.53811e-05 4.25065e-06
410.5 5.64298e-05 5.34267e-06
411 5.16907e-05 6.40491e-06
411.5 5.30737e-05 6.7984e-06
412 5.98756e-05 5.87851e-06
412.5 6.91484e-05 3.44863e-06
413 7.70559e-05 1.23959e-07
413.5 8.04728e-05 -2.6726e-06
414 7.81016e-05 -3.1956e-06
414.5 7.07623e-05 -1.73548e-07
415 6.09262e-05 6.47864e-06
415.5 5.17796e-05 1.54334e-05
416 4.61305e-05 2.4374e-05
416.5 4.54445e-05 3.08809e-05
417 4.9313e-05 3.33437e-05
417.5 5.56271e-05 3.14663e-05
418 6.15151e-05 2.61687e-05
418.5 6.47095e-05 1.90253e-05
419 6.46638e-05 1.15885e-05
419.5 6.2755e-05 4.9434e-06
420 6.13708e-05 -3.53894e-07
420.5 6.2361e-05 -4.0503e-06
421 6.57692e-05 -5.91993e-06
421.5 6.96293e-05 -5.65964e-06
422 7.09735e-05 -3.0305e-06
422.5 6.74621e-05 1.85153e-06
423 5.86997e-05 8.2718e-06
423.5 4.65344e-05 1.49022e-05
424 3.42539e-05 2.00892e-05
424.5 2.51788e-05 2.23729e-05
425 2.13737e-05 2.10493e-05
425.5 2.30155e-05 1.65418e-05
426 2.85621e-05 1.04034e-05
426.5 3.5516e-05 4.89715e-06
427 4.14028e-05 2.27562e-06
427.5 4.45825e-05 4.00994e-06
428 4.46251e-05 1.02617e-05
428.5 4.21633e-05 1.98041e-05
429 3.83605e-05 3.04163e-05
429.5 3.43134e-05 3.95833e-05
430 3.07335e-05 4.52153e-05
430.5 2.80588e-05 4.61274e-05
431 2.68206e-05 4.21625e-05
431.5 2.78676e-05 3.40203e-05
432 3.2123e-05 2.29718e-05
432.5 3.99115e-05 1.06208e-05
433 5.02988e-05 -1.23738e-06
433.5 6.09968e-05 -1.07458e-05
434 6.90827e-05 -1.62307e-05
434.5 7.22494e-05 -1.66029e-05
435 6.99151e-05 -1.17962e-05
435.5 6.35747e-05 -3.00201e-06
436 5.62223e-05 7.51448e-06
436.5 5.1192e-05 1.70476e-05
437 5.10003e-05 2.33161e-05
437.5 5.66261e-05 2.5185e-05
438 6.73235e-05 2.29149e-05
438.5 8.08252e-05 1.7846e-05
439 9.38079e-05 1.17128e-05
439.5 0.000102618 5.96021e-06
440 0.000104271 1.38132e-06
440.5 9.75468e-05 -1.8297e-06
441 8.37218e-05 -3.76786e-06
441.5 6.64541e-05 -4.52414e-06
442 5.06605e-05 -4.10227e-06
442.5 4.07665e-05 -2.54148e-06
443 3.91146e-05 -8.00024e-08
443.5 4.52755e-05 2.81761e-06
444 5.65243e-05 5.61442e-06
444.5 6.91423e-05 7.92e-06
445 7.98457e-05 9.5978e-06
445.5 8.67224e-05 1.06733e-05
446 8.94334e-05 1.11211e-05
446.5 8.88355e-05 1.07185e-05
447 8.63596e-05 9.12152e-06
447.5 8.34374e-05 6.15128e-06
448 8.11156e-05 2.11413e-06
448.5 7.98924e-05 -2.0821e-06
449 7.97616e-05 -5.1444e-06
449.5 8.04144e-05 -5.87388e-06
450 8.14888e-05 -3.6759e-06
450.5 8.27176e-05 1.15531e-06
451 8.38787e-05 7.51206e-06
451.5 8.46059e-05 1.38578e-05
452 8.42583e-05 1.87334e-05
452.5 8.20389e-05 2.11733e-05
453 7.73778e-05 2.09047e-05
453.5 7.03568e-05 1.83158e-05
454 6.18726e-05 1.42681e-05
454.5 5.33736e-05 9.84791e-06
455 4.62943e-05 6.12233e-06
455.5 4.15144e-05 3.9329e-06
456 3.91355e-05 3.73818e-06
456.5 3.86393e-05 5.52321e-06
457 3.92443e-05 8.80066e-06
457.5 4.02125e-05 1.27223e-05
458 4.09857e-05 1.62908e-05
458.5 4.12093e-05 1.86244e-05
459 4.0766e-05 1.91946e-05
459.5 3.98418e-05 1.79562e-05
460 3.8923e-05 1.53194e-05
460.5 3.86104e-05 1.19726e-05
461 3.9284e-05 8.62613e-06
461.5 4.08253e-05 5.78418e-06
462 4.26189e-05 3.63662e-06
462.5 4.38771e-05 2.10689e-06
463 4.40819e-05 1.01251e-06
463.5 4.32341e-05 2.40722e-07
464 4.17416e-05 -1.59022e-07
464.5 4.00541e-05 -1.07957e-08
465 3.83442e-05 8.55253e-07
465.5 3.64754e-05 2.45853e-06
466 3.42495e-05 4.59812e-06
466.5 3.16943e-05 6.89593e-06
467 2.91344e-05 8.92669e-06
467.5 2.69828e-05 1.03658e-05
468 2.54325e-05 1.10862e-05
468.5 2.43027e-05 1.11696e-05
469 2.3158e-05 1.08435e-05
469.5 2.15945e-05 1.03837e-05
470 1.94699e-05 1.00264e-05
470.5 1.69303e-05 9.91984e-06
471 1.42674e-05 1.01214e-05
471.5 1.17593e-05 1.06294e-05
472 9.61371e-06 1.14247e-05
472.5 7.99648e-06 1.24987e-05
473 7.04303e-06 1.38501e-05
473.5 6.78667e-06 1.54524e-05
474 7.06074e-06 1.72127e-05
474.5 7.49827e-06 1.89526e-05
475 7.68858e-06 2.04337e-05
475.5 7.4046e-06 2.1425e-05
476 6.72759e-06 2.17819e-05
476.5 5.96002e-06 2.1496e-05
477 5.38748e-06 2.06875e-05
477.5 5.07806e-06 1.95457e-05
478 4.87656e-06 1.82491e-05
478.5 4.58352e-06 1.69071e-05
479 4.1525e-06 1.5547e-05
479.5 3.73109e-06 1.41416e-05
480 3.51588e-06 1.26554e-05
480.5 3.55984e-06 1.10805e-05
481 3.70913e-06 9.45113e-06
481.5 3.72604e-06 7.83836e-06
482 3.48529e-06 6.33456e-06
482.5 3.06732e-06 5.0334e-06
483 2.66997e-06 4.00816e-06
483.5 2.42573e-06 3.29018e-06
484 2.29409e-06 2.85472e-06
484.5 2.12369e-06 2.62347e-06
485 1.81853e-06 2.48769e-06
485.5 1.44668e-06 2.34438e-06
486 1.18605e-06 2.12902e-06
486.5 1.1566e-06 1.82927e-06
487 1.29748e-06 1.4753e-06
487.5 1.40825e-06 1.11584e-06
488 1.32245e-06 7.95079e-07
488.5 1.05724e-06 5.40753e-07
489 8.01715e-07 3.63743e-07
489.5 7.51221e-07 2.62427e-07
490 9.35343e-07 2.25769e-07
490.5 1.1933e-06 2.34757e-07
491 1.31786e-06 2.65767e-07
491.5 1.23712e-06 2.97782e-07
492 1.07089e-06 3.20229e-07
492.5 1.01347e-06 3.35505e-07
493 1.15163e-06 3.53354e-07
493.5 1.38361e-06 3.80859e-07
494 1.51087e-06 4.15706e-07
494.5 1.41673e-06 4.47814e-07
495 1.16932e-06 4.67278e-07
495.5 9.57325e-07 4.71324e-07
496 9.20696e-07 4.64311e-07
496.5 1.03178e-06 4.515e-07
497 1.13288e-06 4.33123e-07
497.5 1.09071e-06 4.04927e-07
498 9.22122e-07 3.64958e-07
498.5 7.74985e-07 3.20025e-07
499 7.84515e-07 2.84874e-07
499.5 9.41151e-07 2.73401e-07
500 1.09475e-06 2.88595e-07
