
***************************************************************
*                 Welcome to use GPUMD                        *
*     (Graphics Processing Units Molecular Dynamics)          *
*               Master version after 3.9.5                    *
*              This is the gpumd executable                   *
***************************************************************


---------------------------------------------------------------
Compiling options:
---------------------------------------------------------------

DEBUG is off: Use different PRNG seeds for different runs.

---------------------------------------------------------------
GPU information:
---------------------------------------------------------------

number of GPUs = 1
Device id:                   0
    Device name:             Tesla V100-SXM2-16GB
    Compute capability:      7.0
    Amount of global memory: 15.7726 GB
    Number of SMs:           80

---------------------------------------------------------------
Started running GPUMD.
---------------------------------------------------------------


---------------------------------------------------------------
Started initializing positions and related parameters.
---------------------------------------------------------------

Number of atoms is 6936.
Use periodic boundary conditions along x.
Use periodic boundary conditions along y.
Use free boundary conditions along z.
Use triclinic box.
Box matrix h = [a, b, c] is
    7.5381130171e+01    7.5381245534e+01    6.3187655019e-04
   -4.3518248285e+01    4.3518502461e+01    7.8726944872e-06
    2.3314320123e-03    2.3502390099e-03    2.0084434245e+01
Inverse box matrix g = inv(h) is
    6.6329740203e-03   -1.1489408286e-02   -2.0417643286e-07
    6.6329352798e-03    1.1489390703e-02   -2.1318244133e-07
   -1.5461382100e-06   -1.0756586305e-08    4.9789801834e-02
Do not specify initial velocities here.
Have no grouping method.
There are 2 atom types.
    4624 atoms of type 0.
    2312 atoms of type 1.
Initialized velocities with default T = 300 K.

---------------------------------------------------------------
Finished initializing positions and related parameters.
---------------------------------------------------------------


---------------------------------------------------------------
Started executing the commands in run.in.
---------------------------------------------------------------

Use the NEP4 potential with 2 atom types.
    type 0 (C with Z = 6).
    type 1 (F with Z = 9).
    radial cutoff = 6 A.
    angular cutoff = 3 A.
    MN_radial = 110.
    enlarged MN_radial = 138.
    enlarged MN_angular = 30.
    n_max_radial = 10.
    n_max_angular = 10.
    basis_size_radial = 8.
    basis_size_angular = 8.
    l_max_3body = 4.
    l_max_4body = 2.
    l_max_5body = 0.
    ANN = 66-40-1.
    number of neural network parameters = 5441.
    number of descriptor parameters = 792.
    total number of parameters = 6233.
Initialized velocities with input T = 100 K.
Use NVT ensemble for this run.
    choose the Nose-Hoover chain method.
    initial temperature is 100 K.
    final temperature is 100 K.
    tau_T is 100 time_step.
Time step for this run is 1 fs.
Dump thermo every 100 steps.
Run 100000 steps.
    10000 steps completed.
    20000 steps completed.
    30000 steps completed.
    40000 steps completed.
    50000 steps completed.
    60000 steps completed.
    70000 steps completed.
    80000 steps completed.
    90000 steps completed.
    100000 steps completed.

---------------------------------------------------------------
Time used for this run = 255.5 second.
Speed of this run = 2.71468e+06 atom*step/second.
---------------------------------------------------------------

Use NVT ensemble for this run.
    choose the Nose-Hoover chain method.
    initial temperature is 100 K.
    final temperature is 100 K.
    tau_T is 100 time_step.
Compute thermal conductivity using the HNEMD method.
    output_interval = 1000
    fe_x = 0 /A
    fe_y = 1e-05 /A
    fe_z = 0 /A
Compute SHC.
    sampling interval for SHC is 2.
    number of correlation data is 1000.
    transport direction is y.
    num_omega for SHC is 1000.
    max_omega for SHC is 500.
Run 10000000 steps.
    1000000 steps completed.
    2000000 steps completed.
    3000000 steps completed.
    4000000 steps completed.
    5000000 steps completed.
    6000000 steps completed.
    7000000 steps completed.
    8000000 steps completed.
    9000000 steps completed.
    10000000 steps completed.

---------------------------------------------------------------
Time used for this run = 27883.6 second.
Speed of this run = 2.48748e+06 atom*step/second.
---------------------------------------------------------------


---------------------------------------------------------------
Finished executing the commands in run.in.
---------------------------------------------------------------


---------------------------------------------------------------
Time used = 28139.230000 s.
---------------------------------------------------------------


---------------------------------------------------------------
Finished running GPUMD.
---------------------------------------------------------------

