-1.998 -1.87989e-06 3.43234e-07
-1.996 -1.07681e-05 6.10565e-07
-1.994 -2.76347e-05 9.25267e-07
-1.992 -4.7231e-05 4.09181e-06
-1.99 -5.91615e-05 1.54359e-05
-1.988 -5.13603e-05 4.10094e-05
-1.986 -1.47135e-05 8.48536e-05
-1.984 5.2911e-05 0.000146484
-1.982 0.000144824 0.000219774
-1.98 0.000246727 0.000293954
-1.978 0.000340769 0.000356647
-1.976 0.000411137 0.000398027
-1.974 0.000449283 0.000414658
-1.972 0.000456811 0.000411489
-1.97 0.000444822 0.000401031
-1.968 0.000429656 0.000399634
-1.966 0.000426256 0.000421862
-1.964 0.000441349 0.000474736
-1.962 0.000468945 0.000553884
-1.96 0.000490106 0.000643214
-1.958 0.000477683 0.000718659
-1.956 0.000405034 0.000755192
-1.954 0.000256191 0.000735081
-1.952 3.40846e-05 0.00065462
-1.95 -0.000236335 0.00052683
-1.948 -0.000511916 0.000378632
-1.946 -0.000741811 0.000242744
-1.944 -0.000882164 0.000146335
-1.942 -0.000910835 9.98437e-05
-1.94 -0.000837442 8.97951e-05
-1.938 -0.000704799 7.87242e-05
-1.936 -0.000579946 1.34997e-05
-1.934 -0.000535872 -0.000159123
-1.932 -0.000628085 -0.00047338
-1.93 -0.00087243 -0.000927199
-1.928 -0.00123119 -0.0014725
-1.926 -0.00161304 -0.0020175
-1.924 -0.00188913 -0.00244267
-1.922 -0.00192315 -0.00262811
-1.92 -0.0016088 -0.00248663
-1.918 -0.000905438 -0.00199428
-1.916 0.000138379 -0.00120948
-1.914 0.0013812 -0.000273952
-1.912 0.00260871 0.000607817
-1.91 0.00357532 0.00120827
-1.908 0.00405926 0.00132842
-1.906 0.00391876 0.000850028
-1.904 0.00313524 -0.000224408
-1.902 0.00183128 -0.00175522
-1.9 0.000256668 -0.00347943
-1.898 -0.00125686 -0.00505506
-1.896 -0.00236348 -0.00612897
-1.894 -0.00277894 -0.00641473
-1.892 -0.00234668 -0.0057637
-1.89 -0.00107839 -0.00421211
-1.888 0.000841611 -0.00199107
-1.886 0.0030903 0.00050645
-1.884 0.00527156 0.00279785
-1.882 0.00699861 0.00440952
-1.88 0.00797423 0.00498142
-1.878 0.00804951 0.00435468
-1.876 0.00724717 0.00262091
-1.874 0.00574423 0.000119715
-1.872 0.00381928 -0.00261872
-1.87 0.00177899 -0.00497687
-1.868 -0.000116157 -0.00637905
-1.866 -0.00170643 -0.00641951
-1.864 -0.0029531 -0.00496121
-1.862 -0.00391882 -0.00218127
-1.86 -0.00471455 0.00145025
-1.858 -0.00542939 0.00525742
-1.856 -0.00606616 0.00849572
-1.854 -0.00650565 0.0105115
-1.852 -0.00651582 0.0108889
-1.85 -0.00580986 0.00955118
-1.848 -0.00414245 0.00679028
-1.846 -0.00141976 0.00321653
-1.844 0.00220889 -0.000365277
-1.842 0.0063096 -0.0031278
-1.84 0.0101953 -0.00440409
-1.838 0.0130358 -0.00384056
-1.836 0.014032 -0.0014836
-1.834 0.0126202 0.00222203
-1.832 0.00865917 0.0065257
-1.83 0.00254999 0.0105352
-1.828 -0.00475427 0.0134169
-1.826 -0.011868 0.0145848
-1.824 -0.0172142 0.0138353
-1.822 -0.0193479 0.0113923
-1.82 -0.017298 0.00785244
-1.818 -0.0108506 0.00403927
-1.816 -0.000702454 0.000802061
-1.814 0.0115658 -0.00119324
-1.812 0.0237129 -0.00162865
-1.81 0.0332287 -0.000612314
-1.808 0.0378283 0.0013516
-1.806 0.0359523 0.00349597
-1.804 0.0271652 0.00499573
-1.802 0.0123571 0.0051938
-1.8 -0.00631344 0.00378986
-1.798 -0.0257441 0.000940456
-1.796 -0.0424355 -0.00276027
-1.794 -0.0531605 -0.00642038
-1.792 -0.0556263 -0.00907933
-1.79 -0.0489912 -0.00996998
-1.788 -0.0341202 -0.00874476
-1.786 -0.0135115 -0.0056034
-1.784 0.00911174 -0.00128235
-1.782 0.0294777 0.00309974
-1.78 0.0435885 0.00630917
-1.778 0.0485272 0.00731491
-1.776 0.0430838 0.00557835
-1.774 0.0280658 0.00123843
-1.772 0.00621901 -0.00486329
-1.77 -0.0182396 -0.011336
-1.768 -0.0403956 -0.0165458
-1.766 -0.0555714 -0.0190076
-1.764 -0.060243 -0.0177703
-1.762 -0.0527567 -0.0126969
-1.76 -0.0337012 -0.00456413
-1.758 -0.00585708 0.00505445
-1.756 0.0262746 0.0141057
-1.754 0.0572757 0.0205082
-1.752 0.0817937 0.0226369
-1.75 0.0955138 0.0197266
-1.748 0.0959367 0.0120946
-1.746 0.0828155 0.00112023
-1.744 0.0581765 -0.0110236
-1.742 0.025926 -0.0218354
-1.74 -0.00887547 -0.0290427
-1.738 -0.0409273 -0.0311246
-1.736 -0.06562 -0.0276748
-1.734 -0.0798098 -0.0195159
-1.732 -0.0823018 -0.00853275
-1.73 -0.0739667 0.00274215
-1.728 -0.0574895 0.0116991
-1.726 -0.0368163 0.0162474
-1.724 -0.0164143 0.0153
-1.722 -0.000484692 0.0090306
-1.72 0.00773555 -0.00115831
-1.718 0.00647193 -0.0129533
-1.716 -0.00435539 -0.0236616
-1.714 -0.0231842 -0.0308346
-1.712 -0.0471168 -0.0328359
-1.71 -0.0724115 -0.0292224
-1.708 -0.0950697 -0.0208463
-1.706 -0.111425 -0.00965393
-1.704 -0.118657 0.00177266
-1.702 -0.115162 0.0108248
-1.7 -0.100763 0.0154838
-1.698 -0.0767248 0.014801
-1.696 -0.0455956 0.0091259
-1.694 -0.0108827 3.08079e-05
-1.692 0.0233945 -0.0100511
-1.69 0.05323 -0.0183888
-1.688 0.075174 -0.022585
-1.686 0.0868273 -0.0211297
-1.684 0.0872156 -0.0137483
-1.682 0.0769843 -0.00146514
-1.68 0.0583613 0.0136306
-1.678 0.0348702 0.0288603
-1.676 0.0108102 0.0415615
-1.674 -0.00943269 0.0496796
-1.672 -0.0221369 0.0522093
-1.67 -0.0249269 0.0493813
-1.668 -0.0172512 0.0425561
-1.666 -0.00054846 0.0338544
-1.664 0.0219533 0.0256188
-1.662 0.0457914 0.0198397
-1.66 0.0660921 0.017684
-1.658 0.0785156 0.0192373
-1.656 0.0801378 0.0235192
-1.654 0.0700838 0.0287616
-1.652 0.049767 0.0328806
-1.65 0.0226617 0.0340234
-1.648 -0.00636143 0.031056
-1.646 -0.0320153 0.0238692
-1.644 -0.0496914 0.0134268
-1.642 -0.0564358 0.0015415
-1.64 -0.0515893 -0.00956898
-1.638 -0.0369359 -0.017836
-1.636 -0.0163139 -0.0218688
-1.634 0.00524288 -0.021324
-1.632 0.0226502 -0.0170231
-1.63 0.0319508 -0.0107822
-1.628 0.0312557 -0.00499188
-1.626 0.0212258 -0.00204415
-1.624 0.0049761 -0.0037428
-1.622 -0.0125925 -0.0108388
-1.62 -0.0258916 -0.0228049
-1.618 -0.0299381 -0.0379065
-1.616 -0.0215517 -0.0535594
-1.614 -0.000182061 -0.0668921
-1.612 0.0318322 -0.0753835
-1.61 0.0696492 -0.0774276
-1.608 0.106878 -0.0726916
-1.606 0.136894 -0.0621838
-1.604 0.154218 -0.0480173
-1.602 0.155645 -0.0329262
-1.6 0.140864 -0.0196489
-1.598 0.112446 -0.0103247
-1.596 0.0751962 -0.006045
-1.594 0.0350494 -0.00666037
-1.592 -0.00223739 -0.0108874
-1.59 -0.0322846 -0.0166817
-1.588 -0.0529027 -0.0217817
-1.586 -0.0643345 -0.0242846
-1.584 -0.0688841 -0.0231109
-1.582 -0.0700396 -0.0182425
-1.58 -0.0713223 -0.0106805
-1.578 -0.0751639 -0.00213942
-1.576 -0.0821077 0.00543823
-1.574 -0.0905465 0.0104195
-1.572 -0.0970795 0.0119319
-1.57 -0.0974106 0.0101122
-1.568 -0.0875719 0.00608981
-1.566 -0.0651658 0.00170768
-1.564 -0.0303048 -0.000949359
-1.562 0.0140054 -0.000101363
-1.56 0.0621679 0.00524319
-1.558 0.106939 0.0149906
-1.556 0.140822 0.0279299
-1.554 0.157604 0.0419774
-1.552 0.153687 0.0546403
-1.55 0.128916 0.0635848
-1.548 0.0867036 0.0671703
-1.546 0.0334307 0.0648177
-1.544 -0.0227733 0.0571253
-1.542 -0.073588 0.0457066
-1.54 -0.112073 0.0327949
-1.538 -0.133913 0.0207146
-1.536 -0.138088 0.0113512
-1.534 -0.126846 0.0057479
-1.532 -0.105029 0.00392774
-1.53 -0.0789201 0.00497594
-1.528 -0.0549064 0.00735479
-1.526 -0.0382351 0.00935969
-1.524 -0.0321286 0.00959151
-1.522 -0.0374058 0.00731992
-1.52 -0.0526382 0.00264593
-1.518 -0.0747446 -0.00357171
-1.516 -0.0998345 -0.00999984
-1.514 -0.124077 -0.0152446
-1.512 -0.144387 -0.0182845
-1.51 -0.1588 -0.0188069
-1.508 -0.166492 -0.0173518
-1.506 -0.167522 -0.0152146
-1.504 -0.16241 -0.0141189
-1.502 -0.151733 -0.0157345
-1.5 -0.135864 -0.0211629
-1.498 -0.114926 -0.030529
-1.496 -0.0889866 -0.0427967
-1.494 -0.0583776 -0.0558719
-1.492 -0.0240433 -0.0669858
-1.49 0.0122457 -0.0732802
-1.488 0.0479107 -0.0724693
-1.486 0.0798547 -0.0634269
-1.484 0.104978 -0.0465611
-1.482 0.120805 -0.0238796
-1.48 0.126066 0.00128894
-1.478 0.121083 0.0248787
-1.476 0.107851 0.0428681
-1.474 0.0897807 0.0521038
-1.472 0.0711317 0.0509957
-1.47 0.0562627 0.0399311
-1.468 0.0488416 0.0213052
-1.466 0.051185 -0.000856807
-1.464 0.0638601 -0.0216343
-1.462 0.0856213 -0.0361697
-1.46 0.113673 -0.040669
-1.458 0.144178 -0.0332404
-1.456 0.172891 -0.01439
-1.454 0.19577 0.012948
-1.452 0.209472 0.0438768
-1.45 0.211671 0.072431
-1.448 0.201193 0.0927362
-1.446 0.178015 0.100214
-1.444 0.14319 0.0925903
-1.442 0.0987426 0.0704938
-1.44 0.0475724 0.0375034
-1.438 -0.00665148 -0.0004022
-1.436 -0.059648 -0.0359192
-1.434 -0.106798 -0.0618388
-1.432 -0.143582 -0.0725457
-1.43 -0.166175 -0.0652881
-1.428 -0.172135 -0.0409353
-1.426 -0.161055 -0.00402616
-1.424 -0.134993 0.0379476
-1.422 -0.098544 0.0759169
-1.42 -0.0584296 0.101015
-1.418 -0.0226066 0.106413
-1.416 0.00101343 0.0888369
-1.414 0.00603202 0.0494388
-1.412 -0.0110555 -0.00618354
-1.41 -0.0498692 -0.0688672
-1.408 -0.105803 -0.127531
-1.406 -0.170488 -0.171285
-1.404 -0.233048 -0.191588
-1.402 -0.28196 -0.184004
-1.4 -0.307191 -0.149183
-1.398 -0.30218 -0.0928406
-1.396 -0.26527 -0.0247171
-1.394 -0.200271 0.0432726
-1.392 -0.116009 0.0993404
-1.39 -0.0249188 0.134105
-1.388 0.0590896 0.142388
-1.386 0.123083 0.124153
-1.384 0.157417 0.0844008
-1.382 0.157462 0.0320438
-1.38 0.124398 -0.021986
-1.378 0.064952 -0.0669781
-1.376 -0.00987684 -0.0945535
-1.374 -0.0868277 -0.100203
-1.372 -0.152739 -0.0839542
-1.37 -0.196808 -0.0500741
-1.368 -0.212331 -0.00590922
-1.366 -0.197627 0.0398409
-1.364 -0.156007 0.0790255
-1.362 -0.094847 0.1057
-1.36 -0.0239942 0.117184
-1.358 0.0461502 0.114319
-1.356 0.106486 0.100902
-1.354 0.150669 0.0824884
-1.352 0.175932 0.0648723
-1.35 0.183175 0.0526421
-1.348 0.176374 0.048145
-1.346 0.161473 0.0510855
-1.344 0.145006 0.0588103
-1.342 0.132722 0.0671668
-1.34 0.128478 0.0716933
-1.338 0.133593 0.0688318
-1.336 0.146744 0.0568648
-1.334 0.16439 0.0363537
-1.332 0.181603 0.00998697
-1.33 0.193147 -0.0181035
-1.328 0.194566 -0.0433677
-1.326 0.183118 -0.0619349
-1.324 0.158362 -0.0715066
-1.322 0.122317 -0.0718385
-1.32 0.0791597 -0.0647089
-1.318 0.0345152 -0.0534032
-1.316 -0.00552305 -0.041851
-1.314 -0.0354723 -0.0336285
-1.312 -0.0514436 -0.0310695
-1.31 -0.0518509 -0.034705
-1.308 -0.037717 -0.0431722
-1.306 -0.0125089 -0.0536126
-1.304 0.0184796 -0.0624486
-1.302 0.0491007 -0.0663238
-1.3 0.073511 -0.0629581
-1.298 0.0873032 -0.0517089
-1.296 0.0883938 -0.0337206
-1.294 0.0774927 -0.0116519
-1.292 0.0580565 0.0109419
-1.29 0.0357241 0.0304355
-1.288 0.0173324 0.0439997
-1.286 0.00968711 0.0503224
-1.284 0.01831 0.0500125
-1.282 0.0463908 0.0455701
-1.28 0.0941302 0.0409055
-1.278 0.158588 0.0405013
-1.276 0.234054 0.0484095
-1.274 0.312861 0.0673073
-1.272 0.386477 0.0978106
-1.27 0.44668 0.138171
-1.268 0.486605 0.184403
-1.266 0.50152 0.230825
-1.264 0.489247 0.270922
-1.262 0.450234 0.298409
-1.26 0.387326 0.308304
-1.258 0.305347 0.297828
-1.256 0.210566 0.266953
-1.254 0.110124 0.218495
-1.252 0.011449 0.157733
-1.25 -0.078325 0.0916351
-1.248 -0.152943 0.0278144
-1.246 -0.207615 -0.0266269
-1.244 -0.239573 -0.0661829
-1.242 -0.24856 -0.0877942
-1.24 -0.237122 -0.0913128
-1.238 -0.210615 -0.0794924
-1.236 -0.176784 -0.0574951
-1.234 -0.144879 -0.0320029
-1.232 -0.124352 -0.0100923
-1.23 -0.12329 0.00193059
-1.228 -0.146866 -0.000449517
-1.226 -0.196097 -0.0192339
-1.224 -0.267218 -0.0535861
-1.222 -0.351883 -0.0999589
-1.22 -0.438242 -0.152663
-1.218 -0.512798 -0.204796
-1.216 -0.562731 -0.249385
-1.214 -0.578269 -0.280545
-1.212 -0.554615 -0.294435
-1.21 -0.49302 -0.289859
-1.208 -0.400734 -0.268412
-1.206 -0.289821 -0.234162
-1.204 -0.175066 -0.192946
-1.202 -0.071365 -0.151394
-1.2 0.00887306 -0.115831
-1.198 0.0578167 -0.0912139
-1.196 0.0733807 -0.0802777
-1.194 0.059264 -0.0830471
-1.192 0.0238779 -0.0968152
-1.19 -0.0215671 -0.11662
-1.188 -0.0653676 -0.136143
-1.186 -0.0975049 -0.148859
-1.184 -0.111237 -0.14926
-1.182 -0.103822 -0.133906
-1.18 -0.0763164 -0.10217
-1.178 -0.032627 -0.0565165
-1.176 0.0218719 -0.00224796
-1.174 0.0817443 0.0532823
-1.172 0.142562 0.101911
-1.17 0.201377 0.136162
-1.168 0.256535 0.150723
-1.166 0.30696 0.143613
-1.164 0.35122 0.116775
-1.162 0.386782 0.0759642
-1.16 0.409763 0.0298982
-1.158 0.415364 -0.0111992
-1.156 0.398929 -0.0374453
-1.154 0.357336 -0.0412206
-1.152 0.29036 -0.0188003
-1.15 0.201564 0.0286497
-1.148 0.0984296 0.0949703
-1.146 -0.00844521 0.169882
-1.144 -0.106987 0.240714
-1.142 -0.185831 0.294671
-1.14 -0.23656 0.321231
-1.138 -0.255415 0.314203
-1.136 -0.244031 0.273062
-1.134 -0.208937 0.203275
-1.132 -0.15991 0.115506
-1.13 -0.1076 0.0237985
-1.128 -0.0610057 -0.0569638
-1.126 -0.0254559 -0.113825
-1.124 -0.00159188 -0.138191
-1.122 0.0143795 -0.127419
-1.12 0.0292153 -0.0852329
-1.118 0.0503056 -0.0208783
-1.116 0.0830874 0.0527714
-1.114 0.128916 0.121791
-1.112 0.184041 0.173937
-1.11 0.240053 0.201009
-1.108 0.285802 0.200361
-1.106 0.310315 0.175253
-1.104 0.305993 0.133931
-1.102 0.271208 0.0876434
-1.1 0.21156 0.0479927
-1.098 0.139359 0.0242485
-1.096 0.0713045 0.0212153
-1.094 0.0247946 0.0381514
-1.092 0.0136635 0.0689748
-1.09 0.0443696 0.103708
-1.088 0.113641 0.130842
-1.086 0.208305 0.140114
-1.084 0.307516 0.125094
-1.082 0.387034 0.0849959
-1.08 0.424606 0.0252895
-1.078 0.405263 -0.0430992
-1.076 0.325245 -0.105884
-1.074 0.193607 -0.148406
-1.072 0.0309939 -0.15888
-1.07 -0.134228 -0.131205
-1.068 -0.271761 -0.0666962
-1.066 -0.355836 0.0256432
-1.064 -0.370919 0.130427
-1.062 -0.315341 0.228543
-1.06 -0.201983 0.300669
-1.058 -0.0557904 0.330972
-1.056 0.0913759 0.31025
-1.054 0.207446 0.237864
-1.052 0.266955 0.122066
-1.05 0.256487 -0.0213874
-1.048 0.177579 -0.172026
-1.046 0.0464505 -0.308327
-1.044 -0.109365 -0.411497
-1.042 -0.256764 -0.468665
-1.04 -0.363931 -0.474887
-1.038 -0.406838 -0.433641
-1.036 -0.374014 -0.355763
-1.034 -0.26867 -0.257098
-1.032 -0.107825 -0.155365
-1.03 0.0812413 -0.0668927
-1.028 0.266355 -0.00385795
-1.026 0.416503 0.0274745
-1.024 0.507336 0.0272541
-1.022 0.525119 0.0013106
-1.02 0.468475 -0.0405512
-1.018 0.347788 -0.0867993
-1.016 0.182608 -0.126479
-1.014 -0.00223317 -0.151131
-1.012 -0.180916 -0.156012
-1.01 -0.330536 -0.140483
-1.008 -0.434029 -0.107601
-1.006 -0.481877 -0.0631439
-1.004 -0.4726 -0.0143108
-1.002 -0.412254 0.0315924
-1 -0.31322 0.0682817
-0.998 -0.192531 0.0913125
-0.996 -0.0699332 0.0985618
-0.994 0.0342385 0.0904099
-0.992 0.101295 0.0696727
-0.99 0.116511 0.0413163
-0.988 0.0714016 0.011952
-0.986 -0.0342886 -0.0109083
-0.984 -0.191252 -0.0198505
-0.982 -0.38042 -0.00876843
-0.98 -0.574314 0.0258289
-0.978 -0.740153 0.0836215
-0.976 -0.84457 0.159666
-0.974 -0.859314 0.24426
-0.972 -0.766987 0.323713
-0.97 -0.565628 0.382129
-0.968 -0.271045 0.404054
-0.966 0.0838787 0.377642
-0.964 0.453144 0.297725
-0.962 0.784448 0.168091
-0.96 1.02781 0.00232232
-0.958 1.14448 -0.17723
-0.956 1.11443 -0.342412
-0.954 0.940739 -0.463813
-0.952 0.65002 -0.516169
-0.95 0.288326 -0.483621
-0.948 -0.0866128 -0.363738
-0.946 -0.415512 -0.169342
-0.944 -0.648067 0.0724977
-0.942 -0.751868 0.324338
-0.94 -0.717955 0.544571
-0.938 -0.561945 0.694862
-0.936 -0.320491 0.747384
-0.934 -0.0438131 0.690415
-0.932 0.214221 0.53113
-0.93 0.406408 0.294955
-0.928 0.500852 0.0214536
-0.926 0.486225 -0.242559
-0.924 0.372704 -0.451485
-0.922 0.188618 -0.569407
-0.92 -0.0263291 -0.57689
-0.918 -0.229691 -0.474774
-0.916 -0.384941 -0.284159
-0.914 -0.468408 -0.0425566
-0.912 -0.47317 0.203057
-0.91 -0.409232 0.404944
-0.908 -0.300137 0.523411
-0.906 -0.176887 0.534102
-0.904 -0.070631 0.432429
-0.902 -0.00574451 0.234394
-0.9 0.00521787 -0.0263324
-0.898 -0.0362775 -0.304515
-0.896 -0.115697 -0.551501
-0.894 -0.209182 -0.723939
-0.892 -0.289168 -0.791494
-0.89 -0.330635 -0.742196
-0.888 -0.316662 -0.584496
-0.886 -0.242137 -0.345711
-0.884 -0.114886 -0.0671604
-0.882 0.045965 0.203111
-0.88 0.213972 0.418751
-0.878 0.360791 0.543199
-0.876 0.461883 0.556075
-0.874 0.501325 0.456778
-0.872 0.474828 0.264662
-0.87 0.390412 0.0157453
-0.868 0.266662 -0.243527
-0.866 0.128932 -0.464441
-0.864 0.00421398 -0.604701
-0.862 -0.0842988 -0.636132
-0.86 -0.121891 -0.550006
-0.858 -0.105272 -0.358992
-0.856 -0.0431919 -0.09529
-0.854 0.0454177 0.194823
-0.852 0.135403 0.459139
-0.85 0.200673 0.648962
-0.848 0.219787 0.728117
-0.846 0.180778 0.679834
-0.844 0.0842471 0.510141
-0.842 -0.0559324 0.247029
-0.84 -0.214581 -0.0645284
-0.838 -0.359606 -0.37082
-0.836 -0.458085 -0.619362
-0.834 -0.482904 -0.768684
-0.832 -0.418599 -0.79605
-0.83 -0.265205 -0.701569
-0.828 -0.0392161 -0.50788
-0.826 0.228618 -0.255415
-0.824 0.498339 0.00580735
-0.822 0.7278 0.226202
-0.82 0.880357 0.366396
-0.818 0.931791 0.40476
-0.816 0.875089 0.341165
-0.814 0.722081 0.196279
-0.812 0.501499 0.00662669
-0.81 0.253761 -0.183442
-0.808 0.0234495 -0.331137
-0.806 -0.149033 -0.403966
-0.804 -0.234973 -0.385988
-0.802 -0.222544 -0.280363
-0.8 -0.118705 -0.107755
-0.798 0.0525064 0.0988663
-0.796 0.254871 0.301751
-0.794 0.447066 0.466459
-0.792 0.590496 0.56875
-0.79 0.656358 0.59884
-0.788 0.630581 0.5623
-0.786 0.515768 0.477601
-0.784 0.329892 0.371074
-0.782 0.102215 0.270567
-0.78 -0.132589 0.199319
-0.778 -0.340803 0.171404
-0.776 -0.495269 0.189684
-0.774 -0.579246 0.246505
-0.772 -0.588012 0.326712
-0.77 -0.528217 0.412007
-0.768 -0.415409 0.485444
-0.766 -0.27047 0.534942
-0.764 -0.115806 0.555051
-0.762 0.0279526 0.546749
-0.76 0.144253 0.515555
-0.758 0.221784 0.468689
-0.756 0.254689 0.412216
-0.754 0.242227 0.349052
-0.752 0.188271 0.278442
-0.75 0.100873 0.197021
-0.748 -0.00810329 0.101092
-0.746 -0.123509 -0.0106519
-0.744 -0.22788 -0.134884
-0.742 -0.303122 -0.262661
-0.74 -0.332979 -0.380156
-0.738 -0.306106 -0.471062
-0.736 -0.219267 -0.520193
-0.734 -0.0799111 -0.517446
-0.732 0.0927563 -0.46111
-0.73 0.268958 -0.359587
-0.728 0.412151 -0.230874
-0.726 0.485167 -0.0996933
-0.724 0.457733 0.00725787
-0.722 0.313885 0.0668963
-0.72 0.0576188 0.0649019
-0.718 -0.284692 -0.000813447
-0.716 -0.666026 -0.119154
-0.714 -1.02477 -0.267655
-0.712 -1.29445 -0.416703
-0.71 -1.41562 -0.535297
-0.708 -1.34783 -0.597164
-0.706 -1.07921 -0.586
-0.704 -0.631454 -0.49875
-0.702 -0.0587313 -0.34623
-0.7 0.559695 -0.15096
-0.698 1.13204 0.057338
-0.696 1.56952 0.247584
-0.694 1.80195 0.393246
-0.692 1.79051 0.477058
-0.69 1.53528 0.493601
-0.688 1.07607 0.449341
-0.686 0.486182 0.360285
-0.684 -0.139818 0.247927
-0.682 -0.702302 0.134489
-0.68 -1.11365 0.0385404
-0.678 -1.31299 -0.0280557
-0.676 -1.2758 -0.0613414
-0.674 -1.01675 -0.0645294
-0.672 -0.585412 -0.0457682
-0.67 -0.0561951 -0.0151548
-0.668 0.485547 0.0181446
-0.666 0.958341 0.0479266
-0.664 1.29773 0.0716894
-0.662 1.46545 0.0900016
-0.66 1.45326 0.104801
-0.658 1.28094 0.117216
-0.656 0.989545 0.125639
-0.654 0.631366 0.124781
-0.652 0.259139 0.106138
-0.65 -0.0833322 0.0599623
-0.648 -0.36738 -0.0216748
-0.646 -0.581658 -0.141531
-0.644 -0.730365 -0.294523
-0.642 -0.828398 -0.466648
-0.64 -0.894838 -0.636025
-0.638 -0.946456 -0.776073
-0.636 -0.992752 -0.860324
-0.634 -1.03366 -0.867886
-0.632 -1.0603 -0.788429
-0.63 -1.05836 -0.625504
-0.628 -1.01313 -0.397358
-0.626 -0.914711 -0.134836
-0.624 -0.762106 0.123426
-0.622 -0.565244 0.33768
-0.62 -0.344376 0.474377
-0.618 -0.126988 0.512633
-0.616 0.057213 0.448508
-0.614 0.182246 0.296183
-0.612 0.231478 0.0857222
-0.61 0.201668 -0.142226
-0.608 0.104457 -0.343796
-0.606 -0.0351123 -0.479928
-0.604 -0.182819 -0.523508
-0.602 -0.301412 -0.464235
-0.6 -0.357503 -0.310312
-0.598 -0.327972 -0.0867211
-0.596 -0.204748 0.169504
-0.594 0.00285158 0.416027
-0.592 0.268734 0.612665
-0.59 0.553593 0.728224
-0.588 0.81098 0.745567
-0.586 0.994932 0.664167
-0.584 1.0679 0.499865
-0.582 1.00761 0.282017
-0.58 0.811716 0.0486121
-0.578 0.499395 -0.159802
-0.576 0.109541 -0.306433
-0.574 -0.304292 -0.363903
-0.572 -0.681621 -0.318508
-0.57 -0.964413 -0.17256
-0.568 -1.1067 0.0554733
-0.566 -1.08284 0.333076
-0.564 -0.892952 0.617836
-0.562 -0.564291 0.86317
-0.56 -0.148242 1.02495
-0.558 0.286971 1.06818
-0.556 0.666821 0.972844
-0.554 0.922742 0.738088
-0.552 1.00424 0.383908
-0.55 0.888764 -0.0501176
-0.548 0.587516 -0.509354
-0.546 0.145695 -0.931633
-0.544 -0.363239 -1.25691
-0.542 -0.848822 -1.43759
-0.54 -1.21872 -1.44765
-0.538 -1.39531 -1.28873
-0.536 -1.33084 -0.991552
-0.534 -1.01835 -0.612256
-0.532 -0.496125 -0.223733
-0.53 0.155646 0.0966545
-0.528 0.826148 0.280958
-0.526 1.3917 0.283683
-0.524 1.73732 0.0915065
-0.522 1.77833 -0.27237
-0.52 1.47807 -0.750405
-0.518 0.858036 -1.25946
-0.516 -0.00179076 -1.7048
-0.514 -0.973093 -1.99691
-0.512 -1.89864 -2.06804
-0.51 -2.61805 -1.88524
-0.508 -2.99573 -1.45735
-0.506 -2.94602 -0.834414
-0.504 -2.45093 -0.0995645
-0.502 -1.56656 0.645306
-0.5 -0.416541 1.29733
-0.498 0.827143 1.77061
-0.496 1.97284 2.011
-0.494 2.84251 2.00488
-0.492 3.30355 1.78054
-0.49 3.29336 1.40199
-0.488 2.83162 0.956509
-0.486 2.01794 0.538333
-0.484 1.0145 0.231393
-0.482 0.0166146 0.0942177
-0.48 -0.7836 0.149643
-0.478 -1.23384 0.381142
-0.476 -1.25131 0.73639
-0.474 -0.839548 1.13732
-0.472 -0.0889851 1.49476
-0.47 0.839477 1.72484
-0.468 1.7448 1.76427
-0.466 2.42457 1.58187
-0.464 2.71473 1.18433
-0.462 2.52261 0.615569
-0.46 1.84668 -0.0502137
-0.458 0.778734 -0.720687
-0.456 -0.512067 -1.30064
-0.454 -1.81057 -1.70793
-0.452 -2.89638 -1.88748
-0.45 -3.586 -1.82087
-0.448 -3.76806 -1.52997
-0.446 -3.42474 -1.07373
-0.444 -2.63494 -0.538702
-0.442 -1.55872 -0.0246222
-0.44 -0.405961 0.372573
-0.438 0.604547 0.577477
-0.436 1.28736 0.548786
-0.434 1.52567 0.287205
-0.432 1.29258 -0.163929
-0.43 0.654317 -0.725609
-0.428 -0.244974 -1.29665
-0.426 -1.2135 -1.77139
-0.424 -2.05071 -2.05847
-0.422 -2.58682 -2.0974
-0.42 -2.71514 -1.86983
-0.418 -2.41082 -1.4034
-0.416 -1.73277 -0.767286
-0.414 -0.808866 -0.0600376
-0.412 0.191813 0.608163
-0.41 1.09372 1.13551
-0.408 1.74903 1.44699
-0.406 2.06431 1.50754
-0.404 2.01483 1.32753
-0.402 1.64406 0.959387
-0.4 1.04976 0.486383
-0.398 0.360229 0.00583964
-0.396 -0.293336 -0.38986
-0.394 -0.802442 -0.630682
-0.392 -1.0995 -0.681407
-0.39 -1.16542 -0.546766
-0.388 -1.02591 -0.268372
-0.386 -0.738584 0.0857134
-0.384 -0.374706 0.436393
-0.382 -0.000731006 0.710518
-0.38 0.335932 0.855817
-0.378 0.613726 0.850733
-0.376 0.835429 0.707355
-0.374 1.01964 0.467174
-0.372 1.18838 0.190846
-0.37 1.35482 -0.0556655
-0.368 1.51476 -0.215551
-0.366 1.64475 -0.253093
-0.364 1.70731 -0.160562
-0.362 1.66225 0.0413127
-0.36 1.48098 0.309183
-0.358 1.15954 0.587619
-0.356 0.726442 0.821724
-0.354 0.242284 0.968891
-0.352 -0.209726 1.00715
-0.35 -0.540662 0.938538
-0.348 -0.676509 0.787036
-0.346 -0.577581 0.591842
-0.344 -0.251754 0.397603
-0.342 0.242203 0.243908
-0.34 0.802805 0.156446
-0.338 1.30456 0.141901
-0.336 1.62368 0.187744
-0.334 1.66556 0.266873
-0.332 1.38768 0.345815
-0.33 0.812698 0.394316
-0.328 0.027934 0.393796
-0.326 -0.829354 0.342487
-0.324 -1.59839 0.255904
-0.322 -2.12774 0.162443
-0.32 -2.30777 0.0951238
-0.318 -2.09562 0.0814688
-0.316 -1.52716 0.13408
-0.314 -0.712731 0.24448
-0.312 0.182846 0.38213
-0.31 0.972467 0.499362
-0.308 1.48473 0.541509
-0.306 1.59985 0.460197
-0.304 1.27588 0.226824
-0.302 0.559521 -0.156955
-0.3 -0.421083 -0.654501
-0.298 -1.48034 -1.19695
-0.296 -2.41129 -1.69373
-0.294 -3.02657 -2.04928
-0.292 -3.19607 -2.18312
-0.29 -2.87361 -2.04874
-0.288 -2.10729 -1.64722
-0.286 -1.03121 -1.03167
-0.284 0.159968 -0.300881
-0.282 1.24864 0.417367
-0.28 2.0366 0.99023
-0.278 2.38373 1.3064
-0.276 2.23523 1.29978
-0.274 1.63206 0.965206
-0.272 0.702715 0.362353
-0.27 -0.361917 -0.393456
-0.268 -1.3455 -1.15246
-0.266 -2.04771 -1.75981
-0.264 -2.32214 -2.08721
-0.262 -2.10369 -2.06028
-0.26 -1.42023 -1.67555
-0.258 -0.386785 -1.00308
-0.256 0.816499 -0.173701
-0.254 1.97806 0.646765
-0.252 2.89379 1.2912
-0.25 3.40377 1.62584
-0.248 3.41998 1.57853
-0.246 2.94038 1.15457
-0.244 2.04713 0.436337
-0.242 0.890014 -0.433299
-0.24 -0.341473 -1.28048
-0.238 -1.4517 -1.93634
-0.236 -2.27218 -2.27173
-0.234 -2.68867 -2.22308
-0.232 -2.65793 -1.80436
-0.23 -2.21173 -1.10252
-0.228 -1.44841 -0.258044
-0.226 -0.513954 0.565283
-0.224 0.423543 1.21487
-0.222 1.20167 1.58076
-0.22 1.68921 1.61725
-0.218 1.80555 1.35018
-0.216 1.53159 0.868415
-0.214 0.910812 0.301771
-0.212 0.0410789 -0.209176
-0.21 -0.941204 -0.544322
-0.208 -1.88195 -0.629125
-0.206 -2.63214 -0.448253
-0.204 -3.06927 -0.0454313
-0.202 -3.11495 0.48964
-0.2 -2.74626 1.04357
-0.198 -1.9998 1.50533
-0.196 -0.967642 1.79007
-0.194 0.214234 1.8555
-0.192 1.38383 1.70758
-0.19 2.37521 1.3946
-0.188 3.04205 0.991942
-0.186 3.27934 0.581609
-0.184 3.04031 0.231994
-0.182 2.34552 -0.0170118
-0.18 1.28262 -0.160179
-0.178 -0.00420265 -0.223367
-0.176 -1.33384 -0.251772
-0.174 -2.51452 -0.29361
-0.172 -3.37283 -0.383858
-0.17 -3.78088 -0.532559
-0.168 -3.67727 -0.720839
-0.166 -3.07812 -0.905741
-0.164 -2.07599 -1.03258
-0.162 -0.826684 -1.05147
-0.16 0.474692 -0.93339
-0.158 1.62449 -0.681329
-0.156 2.44341 -0.332961
-0.154 2.8057 0.0461844
-0.152 2.65981 0.377701
-0.15 2.03653 0.589809
-0.148 1.04341 0.636449
-0.146 -0.153384 0.510988
-0.144 -1.35656 0.250751
-0.142 -2.36959 -0.0693513
-0.14 -3.02767 -0.353187
-0.138 -3.22274 -0.506351
-0.136 -2.91888 -0.460429
-0.134 -2.15566 -0.192651
-0.132 -1.03959 0.264212
-0.13 0.274583 0.824747
-0.128 1.60908 1.36669
-0.126 2.79041 1.75662
-0.124 3.67426 1.87996
-0.122 4.16429 1.66862
-0.12 4.22257 1.1195
-0.118 3.87085 0.299299
-0.116 3.18337 -0.666214
-0.114 2.27314 -1.61655
-0.112 1.27418 -2.38949
-0.11 0.322532 -2.85545
-0.108 -0.461325 -2.94558
-0.106 -0.986911 -2.66719
-0.104 -1.2036 -2.1029
-0.102 -1.10541 -1.39353
-0.1 -0.730351 -0.707948
-0.098 -0.154703 -0.206389
-0.096 0.517392 -0.00489386
-0.094 1.16772 -0.148925
-0.092 1.67957 -0.602271
-0.09 1.95325 -1.25419
-0.088 1.91978 -1.94351
-0.086 1.55138 -2.49442
-0.084 0.867514 -2.75577
-0.082 -0.0646088 -2.63502
-0.08 -1.13607 -2.11904
-0.078 -2.20917 -1.27724
-0.076 -3.13643 -0.246424
-0.074 -3.78293 0.799276
-0.072 -4.04828 1.68676
-0.07 -3.88377 2.28195
-0.068 -3.30137 2.51897
-0.066 -2.37307 2.41364
-0.064 -1.22078 2.05804
-0.062 0.00119349 1.59754
-0.06 1.12854 1.19538
-0.058 2.01107 0.993437
-0.056 2.53523 1.07812
-0.054 2.6413 1.45934
-0.052 2.33218 2.06708
-0.05 1.67157 2.76628
-0.048 0.771783 3.38669
-0.046 -0.226591 3.76107
-0.044 -1.17867 3.76332
-0.042 -1.95818 3.33796
-0.04 -2.47522 2.51408
-0.038 -2.68622 1.40051
-0.036 -2.59561 0.163087
-0.034 -2.24982 -1.01042
-0.032 -1.72522 -1.94953
-0.03 -1.11251 -2.53502
-0.028 -0.500214 -2.72022
-0.026 0.0396551 -2.53527
-0.024 0.461022 -2.07464
-0.022 0.746718 -1.47182
-0.02 0.904993 -0.867607
-0.018 0.961359 -0.379506
-0.016 0.948636 -0.0787473
-0.014 0.898075 0.0203323
-0.012 0.833485 -0.0432136
-0.01 0.768827 -0.193105
-0.008 0.708549 -0.340195
-0.006 0.649462 -0.408554
-0.004 0.583193 -0.356323
-0.002 0.498776 -0.185757
0 0.385371 0.0601435
0.002 0.235049 0.313241
0.004 0.0453316 0.503205
0.006 -0.17923 0.581074
0.008 -0.426684 0.536179
0.01 -0.678571 0.401413
0.012 -0.911475 0.245216
0.014 -1.09858 0.15243
0.016 -1.21104 0.199303
0.018 -1.21964 0.429356
0.02 -1.09775 0.836568
0.022 -0.826173 1.36045
0.024 -0.399732 1.89472
0.026 0.166078 2.30814
0.028 0.830673 2.47329
0.03 1.52851 2.29693
0.032 2.17494 1.74509
0.034 2.67736 0.856172
0.036 2.94973 -0.261706
0.038 2.92785 -1.44981
0.04 2.58261 -2.53052
0.042 1.92883 -3.34458
0.044 1.02816 -3.785
0.046 -0.0153019 -3.81941
0.048 -1.0668 -3.49559
0.05 -1.9794 -2.92903
0.052 -2.61649 -2.27537
0.054 -2.87448 -1.69458
0.056 -2.70114 -1.31462
0.058 -2.10554 -1.20298
0.06 -1.15775 -1.3523
0.062 0.0215831 -1.68324
0.064 1.27928 -2.06419
0.066 2.45202 -2.3434
0.068 3.38949 -2.38615
0.07 3.97524 -2.10822
0.072 4.14248 -1.4977
0.074 3.88258 -0.619801
0.076 3.24485 0.396205
0.078 2.32734 1.38508
0.08 1.26024 2.18204
0.082 0.18515 2.65919
0.084 -0.765805 2.754
0.086 -1.48738 2.48317
0.088 -1.91295 1.93902
0.09 -2.01991 1.2689
0.092 -1.82928 0.642218
0.094 -1.40048 0.212608
0.096 -0.822346 0.0836915
0.098 -0.20127 0.286415
0.1 0.352417 0.772889
0.102 0.738487 1.42785
0.104 0.879762 2.09483
0.106 0.732506 2.61084
0.108 0.293132 2.84194
0.11 -0.399543 2.71199
0.112 -1.267 2.21851
0.114 -2.19882 1.43268
0.116 -3.06542 0.483515
0.118 -3.73466 -0.469991
0.12 -4.09078 -1.27251
0.122 -4.05289 -1.80424
0.124 -3.59029 -2.00417
0.126 -2.73158 -1.87967
0.128 -1.56547 -1.50106
0.13 -0.232076 -0.982702
0.132 1.09483 -0.455588
0.134 2.2326 -0.0377729
0.136 3.01786 0.190555
0.138 3.33343 0.202008
0.14 3.12933 0.0240601
0.142 2.43365 -0.271523
0.144 1.35119 -0.588776
0.146 0.0493395 -0.831929
0.148 -1.26676 -0.928219
0.15 -2.38606 -0.843889
0.152 -3.12531 -0.590052
0.154 -3.35914 -0.21761
0.156 -3.04111 0.197005
0.158 -2.21198 0.571413
0.16 -0.993653 0.837196
0.162 0.430317 0.955213
0.164 1.84409 0.922664
0.166 3.03375 0.770468
0.168 3.82063 0.552112
0.17 4.08825 0.327271
0.172 3.79898 0.144814
0.174 2.99801 0.0297722
0.176 1.80463 -0.0223236
0.178 0.392358 -0.0423372
0.18 -1.03834 -0.0766169
0.182 -2.29034 -0.17131
0.184 -3.19848 -0.356241
0.186 -3.65211 -0.632909
0.188 -3.60875 -0.970155
0.19 -3.09728 -1.30915
0.192 -2.21092 -1.57687
0.194 -1.09141 -1.70477
0.196 0.0927373 -1.64801
0.198 1.17088 -1.39992
0.2 1.99427 -0.997716
0.202 2.45631 -0.517437
0.204 2.50643 -0.0588818
0.206 2.15619 0.276436
0.208 1.4766 0.409318
0.21 0.587358 0.30332
0.212 -0.360956 -0.0235212
0.214 -1.2093 -0.499093
0.216 -1.81438 -1.0105
0.218 -2.07118 -1.4279
0.22 -1.93039 -1.63378
0.222 -1.4078 -1.55089
0.224 -0.583784 -1.1621
0.226 0.40764 -0.517207
0.228 1.39898 0.275091
0.23 2.21591 1.06869
0.232 2.70638 1.71027
0.234 2.76749 2.07175
0.236 2.36535 2.07807
0.238 1.54398 1.72436
0.24 0.421142 1.07854
0.242 -0.829098 0.268522
0.244 -2.00465 -0.543519
0.246 -2.90996 -1.19455
0.248 -3.39093 -1.55449
0.25 -3.36367 -1.55315
0.252 -2.83149 -1.19425
0.254 -1.88642 -0.553866
0.256 -0.694419 0.236323
0.258 0.533646 1.01707
0.26 1.58011 1.63469
0.262 2.26071 1.9724
0.264 2.45927 1.97319
0.266 2.15007 1.64979
0.268 1.40338 1.07993
0.27 0.37279 0.388345
0.272 -0.733576 -0.280209
0.274 -1.69265 -0.790921
0.276 -2.30937 -1.04553
0.278 -2.45469 -1.00028
0.28 -2.0911 -0.671984
0.282 -1.28052 -0.131642
0.284 -0.17269 0.512459
0.286 1.0239 1.13819
0.288 2.08277 1.6344
0.29 2.80388 1.92202
0.292 3.0529 1.96706
0.294 2.78743 1.78351
0.296 2.06493 1.42604
0.298 1.03105 0.974891
0.3 -0.10946 0.516927
0.302 -1.13329 0.127253
0.304 -1.84244 -0.144718
0.306 -2.1028 -0.28218
0.308 -1.86966 -0.300064
0.31 -1.19518 -0.237302
0.312 -0.216594 -0.144516
0.314 0.872383 -0.0702324
0.316 1.86065 -0.0488864
0.318 2.56135 -0.0932984
0.32 2.84752 -0.193177
0.322 2.67478 -0.319669
0.324 2.08698 -0.434533
0.326 1.20417 -0.501441
0.328 0.195977 -0.496526
0.33 -0.753713 -0.415557
0.332 -1.48325 -0.276013
0.334 -1.88341 -0.113508
0.336 -1.91547 0.0266063
0.338 -1.61392 0.10051
0.34 -1.07436 0.0773163
0.342 -0.429885 -0.0522246
0.344 0.178304 -0.271977
0.346 0.629618 -0.542702
0.348 0.846123 -0.809979
0.35 0.803862 -1.01602
0.352 0.531891 -1.1127
0.354 0.100265 -1.07295
0.356 -0.399438 -0.897834
0.358 -0.875972 -0.617742
0.36 -1.2574 -0.287154
0.362 -1.50302 0.0262423
0.364 -1.60616 0.255922
0.366 -1.5882 0.351375
0.368 -1.48646 0.290053
0.37 -1.33994 0.0835377
0.372 -1.17689 -0.223738
0.374 -1.0079 -0.563167
0.376 -0.825762 -0.856296
0.378 -0.612229 -1.03178
0.38 -0.349133 -1.04133
0.382 -0.0305956 -0.871254
0.384 0.327711 -0.546889
0.386 0.685536 -0.128871
0.388 0.982955 0.298399
0.39 1.15272 0.643845
0.392 1.13735 0.828923
0.394 0.906698 0.80489
0.396 0.471186 0.564411
0.398 -0.113282 0.144922
0.4 -0.750933 -0.377119
0.402 -1.32196 -0.900072
0.404 -1.70579 -1.31641
0.406 -1.80699 -1.53367
0.408 -1.57817 -1.49304
0.41 -1.03421 -1.18169
0.412 -0.254264 -0.63643
0.414 0.630197 0.062174
0.416 1.45925 0.804266
0.418 2.07602 1.47076
0.42 2.35926 1.95516
0.422 2.25007 2.18285
0.424 1.76677 2.12431
0.426 1.00425 1.79996
0.428 0.117413 1.27584
0.43 -0.708331 0.651335
0.432 -1.29394 0.0410919
0.434 -1.50337 -0.445438
0.436 -1.27256 -0.72322
0.438 -0.624478 -0.746214
0.44 0.333069 -0.514824
0.442 1.42682 -0.0750488
0.444 2.45089 0.490299
0.446 3.20657 1.07655
0.448 3.54115 1.57552
0.45 3.37801 1.89409
0.452 2.73196 1.96978
0.454 1.70682 1.78089
0.456 0.475667 1.34959
0.458 -0.752246 0.737534
0.46 -1.77149 0.0349419
0.462 -2.41945 -0.654988
0.464 -2.60663 -1.23358
0.466 -2.33264 -1.62321
0.468 -1.68472 -1.78014
0.47 -0.819516 -1.70155
0.472 0.0682219 -1.42555
0.474 0.783691 -1.02419
0.476 1.16956 -0.590353
0.478 1.13575 -0.220741
0.48 0.675967 0.00200783
0.482 -0.131888 0.0249344
0.484 -1.14128 -0.164946
0.486 -2.16518 -0.537644
0.488 -3.01126 -1.02515
0.49 -3.51741 -1.53345
0.492 -3.58096 -1.95958
0.494 -3.17662 -2.21044
0.496 -2.36007 -2.22031
0.498 -1.2572 -1.96353
0.5 -0.0409988 -1.46024
0.502 1.09915 -0.773717
0.504 1.9904 0.000225199
0.506 2.50546 0.750022
0.508 2.58278 1.36814
0.51 2.23462 1.77016
0.512 1.54218 1.90958
0.514 0.639246 1.78538
0.516 -0.312203 1.44126
0.518 -1.14992 0.956563
0.52 -1.73804 0.430925
0.522 -1.98809 -0.0343929
0.524 -1.87122 -0.354791
0.526 -1.42008 -0.476858
0.528 -0.720345 -0.386561
0.53 0.106 -0.109871
0.532 0.922436 0.293879
0.534 1.60081 0.744308
0.536 2.04144 1.15543
0.538 2.18745 1.45127
0.54 2.03127 1.5788
0.542 1.61307 1.51612
0.544 1.01165 1.27442
0.546 0.32984 0.894092
0.548 -0.323004 0.435753
0.55 -0.848535 -0.0314511
0.552 -1.17409 -0.442074
0.554 -1.2624 -0.744789
0.556 -1.11521 -0.909392
0.558 -0.770592 -0.929604
0.56 -0.294987 -0.821766
0.562 0.228512 -0.62013
0.564 0.71366 -0.369914
0.566 1.08424 -0.119393
0.568 1.28502 0.0876688
0.57 1.28887 0.218193
0.572 1.09932 0.253795
0.574 0.748229 0.192291
0.576 0.289378 0.0467648
0.578 -0.210843 -0.157405
0.58 -0.684003 -0.386965
0.582 -1.06983 -0.605977
0.584 -1.32456 -0.781091
0.586 -1.42628 -0.886278
0.588 -1.37663 -0.906419
0.59 -1.19876 -0.839338
0.592 -0.931995 -0.695978
0.594 -0.624232 -0.498688
0.596 -0.32352 -0.277817
0.598 -0.0702393 -0.0670462
0.6 0.108799 0.101897
0.602 0.203479 0.204357
0.604 0.22035 0.226876
0.606 0.179613 0.169555
0.608 0.109792 0.0461725
0.61 0.0411651 -0.118093
0.612 -0.000683908 -0.290979
0.614 0.000133663 -0.438738
0.616 0.0472928 -0.531994
0.618 0.132659 -0.550756
0.62 0.239361 -0.487673
0.622 0.346675 -0.348991
0.624 0.435487 -0.153082
0.626 0.493052 0.073078
0.628 0.515954 0.298778
0.63 0.510546 0.494818
0.632 0.490722 0.63815
0.634 0.473442 0.715078
0.636 0.473055 0.722535
0.638 0.4959 0.667352
0.64 0.536696 0.563862
0.642 0.577908 0.43047
0.644 0.592568 0.285995
0.646 0.550127 0.146561
0.648 0.424182 0.0236202
0.65 0.200379 -0.0766162
0.652 -0.117336 -0.152449
0.654 -0.50375 -0.20511
0.656 -0.913787 -0.236949
0.658 -1.28854 -0.250005
0.66 -1.5652 -0.245375
0.662 -1.68906 -0.223479
0.664 -1.62533 -0.185037
0.666 -1.36795 -0.132318
0.668 -0.943604 -0.0701721
0.67 -0.409451 -0.00638214
0.672 0.155015 0.0489159
0.674 0.660894 0.0847899
0.676 1.02527 0.0917908
0.678 1.18625 0.0644648
0.68 1.11476 0.00345419
0.682 0.820644 -0.0834547
0.684 0.351679 -0.181797
0.686 -0.214523 -0.272523
0.688 -0.784256 -0.335411
0.69 -1.26441 -0.353159
0.692 -1.57885 -0.315241
0.694 -1.68143 -0.220683
0.696 -1.56324 -0.0790391
0.698 -1.25291 0.0907593
0.7 -0.810201 0.263575
0.702 -0.314067 0.412687
0.704 0.152304 0.514938
0.706 0.516681 0.55528
0.708 0.730222 0.52974
0.71 0.774827 0.446119
0.712 0.66423 0.322308
0.714 0.438998 0.182601
0.716 0.156865 0.052817
0.718 -0.119352 -0.0447503
0.72 -0.33373 -0.0955172
0.722 -0.446889 -0.0950947
0.724 -0.441728 -0.049581
0.726 -0.324518 0.0263654
0.728 -0.121569 0.113199
0.73 0.127522 0.191016
0.732 0.378408 0.243834
0.734 0.590471 0.262601
0.736 0.733571 0.246267
0.738 0.79199 0.200816
0.74 0.765203 0.136682
0.742 0.665858 0.065364
0.744 0.515833 -0.00379859
0.746 0.341434 -0.0658352
0.748 0.168749 -0.120801
0.75 0.0199353 -0.172755
0.752 -0.0891549 -0.227386
0.754 -0.149928 -0.289019
0.756 -0.160843 -0.35793
0.758 -0.12647 -0.428867
0.76 -0.0562556 -0.491363
0.762 0.0367159 -0.531901
0.764 0.136889 -0.537483
0.766 0.227478 -0.499655
0.768 0.291968 -0.417896
0.77 0.315993 -0.301339
0.772 0.289481 -0.168158
0.774 0.208755 -0.042516
0.776 0.0781432 0.050411
0.778 -0.0894096 0.090282
0.78 -0.273101 0.0669061
0.782 -0.446605 -0.0163588
0.784 -0.581856 -0.14215
0.786 -0.653832 -0.281945
0.788 -0.645517 -0.401755
0.79 -0.552012 -0.469498
0.792 -0.382784 -0.462415
0.794 -0.161298 -0.372817
0.796 0.0781393 -0.210752
0.798 0.295939 -0.00283464
0.8 0.45418 0.212693
0.802 0.523648 0.393776
0.804 0.489573 0.503589
0.806 0.354905 0.518855
0.808 0.140422 0.435509
0.81 -0.118492 0.270348
0.812 -0.377878 0.0581789
0.814 -0.593016 -0.155042
0.816 -0.726531 -0.321648
0.818 -0.755233 -0.402299
0.82 -0.674321 -0.374503
0.822 -0.498109 -0.237763
0.824 -0.257159 -0.0142479
0.826 0.00759052 0.255234
0.828 0.252513 0.519167
0.83 0.439299 0.725546
0.832 0.541781 0.832287
0.834 0.550318 0.815676
0.836 0.472987 0.675156
0.838 0.33342 0.433528
0.84 0.165786 0.132593
0.842 0.00791713 -0.174832
0.844 -0.106044 -0.4349
0.846 -0.152073 -0.602772
0.848 -0.120569 -0.650789
0.85 -0.0178009 -0.573284
0.852 0.135681 -0.387203
0.854 0.309305 -0.128552
0.856 0.468546 0.154565
0.858 0.581682 0.410908
0.86 0.625949 0.595361
0.862 0.591971 0.676816
0.864 0.485588 0.643314
0.866 0.326731 0.503654
0.868 0.145551 0.285295
0.87 -0.0234592 0.0290698
0.872 -0.148194 -0.218272
0.874 -0.205224 -0.412337
0.876 -0.184419 -0.518747
0.878 -0.0910073 -0.518914
0.88 0.0553693 -0.413016
0.882 0.224493 -0.219753
0.884 0.381621 0.0270571
0.886 0.494602 0.284423
0.888 0.540646 0.507679
0.89 0.511311 0.658252
0.892 0.414608 0.710375
0.894 0.273677 0.655576
0.896 0.1222 0.50413
0.898 -0.00259349 0.283213
0.9 -0.0679627 0.0320337
0.902 -0.0530734 -0.205184
0.904 0.0457876 -0.387158
0.906 0.213429 -0.482984
0.908 0.417962 -0.477734
0.91 0.616735 -0.375162
0.912 0.764875 -0.197029
0.914 0.824713 0.0208857
0.916 0.774088 0.235384
0.918 0.61172 0.403872
0.92 0.358422 0.492322
0.922 0.0537759 0.481654
0.924 -0.251187 0.371287
0.926 -0.503932 0.179166
0.928 -0.661038 -0.0617369
0.93 -0.697304 -0.3097
0.932 -0.611392 -0.522059
0.934 -0.426676 -0.662999
0.936 -0.187009 -0.709862
0.938 0.0518574 -0.656841
0.94 0.233423 -0.515476
0.942 0.311898 -0.311947
0.944 0.261599 -0.0818135
0.946 0.0824056 0.136738
0.948 -0.199808 0.309755
0.95 -0.537823 0.413192
0.952 -0.871873 0.436355
0.954 -1.14086 0.382643
0.956 -1.29377 0.267667
0.958 -1.2991 0.115352
0.96 -1.15043 -0.0470416
0.962 -0.867315 -0.193942
0.964 -0.491293 -0.305599
0.966 -0.0781737 -0.370657
0.968 0.311893 -0.386889
0.97 0.62457 -0.36018
0.972 0.819891 -0.302216
0.974 0.877839 -0.227511
0.976 0.800197 -0.150462
0.978 0.608667 -0.0829766
0.98 0.339911 -0.0330146
0.982 0.0386584 -0.00410574
0.984 -0.249756 0.00428244
0.986 -0.486133 -0.0041947
0.988 -0.642445 -0.0239542
0.99 -0.704612 -0.0486594
0.992 -0.672993 -0.072187
0.994 -0.560854 -0.0893169
0.996 -0.391375 -0.0961673
0.998 -0.193776 -0.0904505
1 0.000872458 -0.0716241
1.002 0.16369 -0.0409658
1.004 0.271521 -0.00154459
1.006 0.309671 0.0419924
1.008 0.273657 0.0838976
1.01 0.169794 0.118107
1.012 0.0145122 0.13928
1.014 -0.167613 0.143939
1.016 -0.347045 0.131476
1.018 -0.493416 0.104739
1.02 -0.580121 0.0699955
1.022 -0.588726 0.0361369
1.024 -0.51241 0.0131908
1.026 -0.357734 0.010358
1.028 -0.144224 0.0339441
1.03 0.0983454 0.0856273
1.032 0.334651 0.161484
1.034 0.529769 0.252077
1.036 0.655312 0.343692
1.038 0.694577 0.420581
1.04 0.645659 0.467804
1.042 0.521821 0.474133
1.044 0.348941 0.434422
1.046 0.160504 0.350953
1.048 -0.00888472 0.233434
1.05 -0.130112 0.0975887
1.052 -0.184939 -0.0374373
1.054 -0.169053 -0.152408
1.056 -0.0922126 -0.23142
1.058 0.0244635 -0.264745
1.06 0.153417 -0.25051
1.062 0.266692 -0.194876
1.064 0.341768 -0.110703
1.066 0.365948 -0.0149829
1.068 0.338364 0.074418
1.07 0.269265 0.142068
1.072 0.17684 0.177694
1.074 0.0824494 0.177808
1.076 0.00544899 0.145961
1.078 -0.0411626 0.0915892
1.08 -0.0532951 0.027737
1.082 -0.0360207 -0.0318531
1.084 -0.00159271 -0.0756479
1.086 0.0341847 -0.0966147
1.088 0.0562829 -0.0934375
1.09 0.0543797 -0.0704505
1.092 0.0254259 -0.0363638
1.094 -0.0257525 -0.00209512
1.096 -0.0879041 0.0218073
1.098 -0.146414 0.0276022
1.1 -0.187145 0.0121379
1.102 -0.200054 -0.0223999
1.104 -0.181698 -0.068939
1.106 -0.136016 -0.11707
1.108 -0.0732539 -0.155353
1.11 -0.00732414 -0.173865
1.112 0.0477135 -0.166436
1.114 0.0811466 -0.132105
1.116 0.0881924 -0.075503
1.118 0.0710201 -0.00610154
1.12 0.0379829 0.0635077
1.122 0.00130617 0.11998
1.124 -0.026137 0.151771
1.126 -0.0341258 0.151389
1.128 -0.0176566 0.116891
1.13 0.0218177 0.0523211
1.132 0.076733 -0.0330014
1.134 0.135226 -0.126189
1.136 0.183961 -0.213128
1.138 0.211277 -0.280977
1.14 0.209897 -0.320363
1.142 0.178523 -0.326897
1.144 0.121966 -0.301764
1.146 0.0498099 -0.251337
1.148 -0.025975 -0.185887
1.15 -0.0938241 -0.117643
1.152 -0.145068 -0.0585593
1.154 -0.175545 -0.0182111
1.156 -0.186019 -0.00221115
1.158 -0.181412 -0.0114113
1.16 -0.169102 -0.0419905
1.162 -0.156786 -0.0863532
1.164 -0.15045 -0.134634
1.166 -0.152987 -0.176523
1.168 -0.163778 -0.2031
1.17 -0.179325 -0.208368
1.172 -0.194675 -0.190229
1.174 -0.205194 -0.15074
1.176 -0.208135 -0.0956129
1.178 -0.20354 -0.0330749
1.18 -0.194226 0.0276836
1.182 -0.184858 0.0781807
1.184 -0.180385 0.112145
1.186 -0.184258 0.126598
1.188 -0.196921 0.122349
1.19 -0.215035 0.10381
1.192 -0.231677 0.0781524
1.194 -0.237587 0.0539321
1.196 -0.223179 0.0394369
1.198 -0.180897 0.0410541
1.2 -0.107312 0.061981
1.202 -0.00446887 0.101525
1.204 0.119897 0.15512
1.206 0.253348 0.215054
1.208 0.380757 0.271783
1.21 0.486938 0.315604
1.212 0.559342 0.338415
1.214 0.590275 0.335244
1.216 0.578171 0.305272
1.218 0.527706 0.252119
1.22 0.448731 0.18333
1.222 0.354329 0.109115
1.224 0.258396 0.0405781
1.226 0.173276 -0.0122219
1.228 0.107887 -0.0420363
1.23 0.0666613 -0.0456881
1.232 0.0494112 -0.0246214
1.234 0.0520521 0.0153459
1.236 0.0679311 0.0650217
1.238 0.0894228 0.113423
1.24 0.109427 0.149677
1.242 0.122471 0.164908
1.244 0.125264 0.15377
1.246 0.116675 0.115354
1.248 0.097297 0.0532966
1.25 0.0687857 -0.0248906
1.252 0.033209 -0.109137
1.254 -0.0074242 -0.188517
1.256 -0.0513674 -0.25304
1.258 -0.097078 -0.295224
1.26 -0.142979 -0.311189
1.262 -0.187174 -0.301113
1.264 -0.227252 -0.268967
1.266 -0.260305 -0.221606
1.268 -0.283184 -0.167417
1.27 -0.292978 -0.114777
1.272 -0.287593 -0.0706201
1.274 -0.26629 -0.0393739
1.276 -0.23003 -0.0224152
1.278 -0.181534 -0.018132
1.28 -0.125013 -0.0225507
1.282 -0.0656134 -0.0303944
1.284 -0.00869339 -0.0363503
1.286 0.0409439 -0.0362674
1.288 0.0797013 -0.0280208
1.29 0.105609 -0.011856
1.292 0.118443 0.00983797
1.294 0.11954 0.0332392
1.296 0.11136 0.054096
1.298 0.0968929 0.0687861
1.3 0.0790587 0.0752039
1.302 0.0602009 0.0732868
1.304 0.0417855 0.0650625
1.306 0.0243461 0.0541841
1.308 0.00766476 0.0450367
1.31 -0.00886673 0.0416108
1.312 -0.025802 0.0464222
1.314 -0.0432177 0.0597656
1.316 -0.0604166 0.0795136
1.318 -0.0758338 0.101526
1.32 -0.0871881 0.120579
1.322 -0.091866 0.13159
1.324 -0.0874809 0.130842
1.326 -0.072498 0.11693
1.328 -0.0467946 0.0911876
1.33 -0.0120212 0.0574875
1.332 0.028342 0.0214257
1.334 0.0692898 -0.0109353
1.336 0.104952 -0.0344793
1.338 0.129528 -0.0462591
1.34 0.138356 -0.0462112
1.342 0.128914 -0.0371641
1.344 0.101544 -0.0241148
1.346 0.0597119 -0.0129312
1.348 0.00968469 -0.00879015
1.35 -0.0403646 -0.0147291
1.352 -0.0817056 -0.0306812
1.354 -0.10662 -0.0532591
1.356 -0.109902 -0.0763889
1.358 -0.0899873 -0.0926899
1.36 -0.0494615 -0.0953056
1.362 0.00519252 -0.0797578
1.364 0.0646246 -0.045359
1.366 0.118264 0.00419427
1.368 0.156293 0.061244
1.37 0.171566 0.115567
1.372 0.16108 0.156466
1.374 0.126685 0.175117
1.376 0.074862 0.166639
1.378 0.015594 0.131433
1.38 -0.0394723 0.0754406
1.382 -0.0792143 0.00922207
1.384 -0.0951466 -0.0540041
1.386 -0.0830339 -0.100982
1.388 -0.0436813 -0.121158
1.39 0.0172529 -0.108947
1.392 0.0903733 -0.0650348
1.394 0.164352 0.00358733
1.396 0.228045 0.0848802
1.398 0.272503 0.164049
1.4 0.292475 0.22641
1.402 0.287157 0.26024
1.404 0.260053 0.259042
1.406 0.218033 0.222761
1.408 0.169809 0.157726
1.41 0.124174 0.0753402
1.412 0.0883572 -0.0101946
1.414 0.0668262 -0.0846432
1.416 0.0607312 -0.136427
1.418 0.0680296 -0.158712
1.42 0.0841929 -0.150509
1.422 0.103288 -0.116599
1.424 0.119177 -0.0663562
1.426 0.126595 -0.011716
1.428 0.121928 0.0352577
1.43 0.103585 0.0647326
1.432 0.071978 0.0709206
1.434 0.0291869 0.0530093
1.436 -0.0215529 0.0150689
1.438 -0.0763997 -0.0349964
1.44 -0.13138 -0.0871907
1.442 -0.182736 -0.131486
1.444 -0.227155 -0.159778
1.446 -0.261922 -0.167367
1.448 -0.285047 -0.153705
1.45 -0.295402 -0.12231
1.452 -0.292857 -0.0798861
1.454 -0.278376 -0.034876
1.456 -0.25404 0.00426325
1.458 -0.222919 0.0307083
1.46 -0.188783 0.040524
1.462 -0.155646 0.0332955
1.464 -0.127218 0.0120421
1.466 -0.106329 -0.0175378
1.468 -0.0944835 -0.0483122
1.47 -0.0916169 -0.0731877
1.472 -0.0961557 -0.086508
1.474 -0.105359 -0.08511
1.476 -0.115885 -0.0688425
1.478 -0.124444 -0.0404691
1.48 -0.128404 -0.00499995
1.482 -0.126197 0.0313883
1.484 -0.117453 0.0626103
1.486 -0.102848 0.083845
1.488 -0.0837227 0.0923936
1.49 -0.061604 0.0880676
1.492 -0.0377709 0.0730544
1.494 -0.0129987 0.0513168
1.496 0.0124431 0.0276735
1.498 0.0385454 0.00676557
1.5 0.0651524 -0.00787098
1.502 0.0915382 -0.0144348
1.504 0.116127 -0.0130707
1.506 0.136487 -0.00563988
1.508 0.149645 0.00487263
1.51 0.152706 0.0151511
1.512 0.143615 0.0223426
1.514 0.1219 0.0246625
1.516 0.0891512 0.0216862
1.518 0.049095 0.0142848
1.52 0.00714839 0.00425081
1.522 -0.0304772 -0.00626701
1.524 -0.0579661 -0.0153697
1.526 -0.0711213 -0.0218993
1.528 -0.0683325 -0.0256959
1.53 -0.051044 -0.0275637
1.532 -0.0235824 -0.0289628
1.534 0.00765334 -0.0315168
1.536 0.035491 -0.0364759
1.538 0.0535024 -0.0442851
1.54 0.0574107 -0.0543818
1.542 0.0460647 -0.0652791
1.544 0.0217494 -0.0749168
1.546 -0.0102586 -0.0811872
1.548 -0.0428065 -0.0824958
1.55 -0.068412 -0.078207
1.552 -0.0808972 -0.068855
1.554 -0.076742 -0.0560583
1.556 -0.0558524 -0.0421555
1.558 -0.0215747 -0.0296502
1.56 0.020043 -0.0206038
1.562 0.0615655 -0.016131
1.564 0.095762 -0.0161281
1.566 0.11711 -0.0193057
1.568 0.122882 -0.0235228
1.57 0.113574 -0.026341
1.572 0.092612 -0.0256606
1.574 0.0654155 -0.0202791
1.576 0.0380656 -0.010227
1.578 0.0158909 0.00320587
1.58 0.00230475 0.0177674
1.582 -0.00184607 0.0307933
1.584 0.00171039 0.0398782
1.586 0.00928252 0.0435
1.588 0.0162735 0.0414422
1.59 0.0184122 0.0349027
1.592 0.0128492 0.0262539
1.594 -0.00114446 0.0185042
1.596 -0.0220317 0.014583
1.598 -0.0464287 0.0166206
1.6 -0.0699668 0.0253938
1.602 -0.0883696 0.0400759
1.604 -0.0984779 0.0583541
1.606 -0.0989752 0.0768948
1.608 -0.0906435 0.0920523
1.61 -0.0760995 0.100663
1.612 -0.0590865 0.100743
1.614 -0.0435074 0.091934
1.616 -0.0324458 0.0755921
1.618 -0.0274197 0.0545075
1.62 -0.0280497 0.0323129
1.622 -0.0322154 0.0127185
1.624 -0.0366518 -0.00125619
1.626 -0.0378297 -0.00788549
1.628 -0.0329039 -0.0070443
1.63 -0.0204948 -0.000160108
1.632 -0.0011182 0.0101696
1.634 0.0228398 0.0207979
1.636 0.0475969 0.0287403
1.638 0.0687854 0.0318136
1.64 0.0824108 0.0290628
1.642 0.0857361 0.0208885
1.644 0.0778925 0.00886133
1.646 0.0600836 -0.00471611
1.648 0.0353448 -0.0173875
1.65 0.00792116 -0.0271175
1.652 -0.0175953 -0.0327293
1.654 -0.0371767 -0.0341091
1.656 -0.0481252 -0.0321405
1.658 -0.0495388 -0.028399
1.66 -0.0423917 -0.0246916
1.662 -0.0292327 -0.0225644
1.664 -0.0135864 -0.0229004
1.666 0.000800944 -0.0257074
1.668 0.0107092 -0.0301446
1.67 0.0140372 -0.0347746
1.672 0.0101403 -0.0379726
1.674 -0.000131702 -0.0383832
1.676 -0.0146767 -0.0353062
1.678 -0.030593 -0.0289108
1.68 -0.0447393 -0.0202238
1.682 -0.0542905 -0.0108938
1.684 -0.0571885 -0.0027913
1.686 -0.0524263 0.00245331
1.688 -0.040139 0.0038597
1.69 -0.0215188 0.00135092
1.692 0.00140379 -0.00421403
1.694 0.0260622 -0.011239
1.696 0.0496893 -0.0177738
1.698 0.0696492 -0.0219896
1.7 0.0837363 -0.0226278
1.702 0.0904243 -0.019313
1.704 0.0890483 -0.0126503
1.706 0.0799063 -0.00408131
1.708 0.0642659 0.00446558
1.71 0.0442621 0.0110478
1.712 0.0226784 0.0141882
1.714 0.00261479 0.0132444
1.716 -0.0129312 0.00857835
1.718 -0.0215239 0.00148042
1.72 -0.0217186 -0.00613399
1.722 -0.0133809 -0.0121853
1.724 0.00217907 -0.014936
1.726 0.0223065 -0.0134202
1.728 0.0433495 -0.00768975
1.73 0.0612193 0.00118107
1.732 0.0720791 0.0113356
1.734 0.0730476 0.0205609
1.736 0.0627804 0.0267991
1.738 0.0418101 0.0286237
1.74 0.0125598 0.0255692
1.742 -0.0209917 0.018239
1.744 -0.0539485 0.00816655
1.746 -0.0813304 -0.00253518
1.748 -0.0989499 -0.0116539
1.75 -0.104168 -0.017374
1.752 -0.0963854 -0.0186732
1.754 -0.0771615 -0.01553
1.756 -0.049946 -0.00889771
1.758 -0.0194537 -0.000458188
1.76 0.00919303 0.00778226
1.762 0.031392 0.0139559
1.764 0.0438804 0.0167475
1.766 0.0452874 0.0156654
1.768 0.0363187 0.0111132
1.77 0.0195447 0.00425294
1.772 -0.00115505 -0.00329945
1.774 -0.0213767 -0.00986711
1.776 -0.0370454 -0.0140987
1.778 -0.0451723 -0.0152578
1.78 -0.044373 -0.0133525
1.782 -0.0350542 -0.00908461
1.784 -0.0192468 -0.00363976
1.786 -0.000133137 0.00162273
1.788 0.0186245 0.00550162
1.79 0.0336118 0.00722712
1.792 0.0423006 0.00661394
1.794 0.0434771 0.0040634
1.796 0.0373882 0.000422264
1.798 0.025597 -0.00325959
1.8 0.0105925 -0.00600755
1.802 -0.00475103 -0.00716585
1.804 -0.0177486 -0.00654783
1.806 -0.0263974 -0.00446048
1.808 -0.0296959 -0.00160338
1.81 -0.0277405 0.00112714
1.812 -0.0215995 0.00287637
1.814 -0.0130094 0.00305186
1.816 -0.00397022 0.00147293
1.818 0.0036701 -0.00158538
1.82 0.00855852 -0.0054619
1.822 0.0100458 -0.0092725
1.824 0.00823371 -0.0121253
1.826 0.0038675 -0.0133352
1.828 -0.00188679 -0.0125861
1.83 -0.00772247 -0.0100045
1.832 -0.0124651 -0.00612912
1.834 -0.0152827 -0.00178615
1.836 -0.0157987 0.00209939
1.838 -0.0140973 0.0047106
1.84 -0.0106367 0.00551748
1.842 -0.00610247 0.00438788
1.844 -0.00124143 0.00160788
1.846 0.00328477 -0.00218983
1.848 0.00699901 -0.00617068
1.85 0.00964797 -0.00948145
1.852 0.0111848 -0.011431
1.854 0.011712 -0.0116294
1.856 0.0114073 -0.0100579
1.858 0.0104572 -0.00705755
1.86 0.00901543 -0.00324305
1.862 0.00719233 0.000636515
1.864 0.00507294 0.0038584
1.866 0.00274988 0.0058732
1.868 0.00035548 0.00640813
1.87 -0.00192216 0.00550736
1.872 -0.00384813 0.0035043
1.874 -0.00517535 0.000935717
1.876 -0.0056972 -0.00158115
1.878 -0.00530363 -0.0034805
1.88 -0.00402449 -0.00436102
1.882 -0.00204568 -0.00405756
1.884 0.000309357 -0.00265929
1.886 0.00263179 -0.000474212
1.888 0.004503 0.00204906
1.89 0.00557711 0.00442258
1.892 0.00565171 0.00622092
1.894 0.00471038 0.00716226
1.896 0.00292707 0.00715353
1.898 0.00063133 0.00629326
1.9 -0.00175832 0.00483485
1.902 -0.00381788 0.00312124
1.904 -0.00520027 0.00150705
1.906 -0.00569889 0.000285622
1.908 -0.00527953 -0.000364002
1.91 -0.00407529 -0.00040079
1.912 -0.00234773 8.61417e-05
1.914 -0.000425011 0.000911943
1.916 0.00136784 0.00184666
1.918 0.00277087 0.00266924
1.92 0.00363079 0.00321264
1.922 0.00391552 0.00339137
1.924 0.00370166 0.0032076
1.926 0.00314097 0.00273718
1.928 0.00241578 0.00210161
1.93 0.001695 0.00143406
1.932 0.00110056 0.000848185
1.934 0.00069072 0.000416526
1.936 0.000461701 0.000162217
1.938 0.000364333 6.38086e-05
1.94 0.000329116 6.99442e-05
1.942 0.000291716 0.000118574
1.944 0.000211977 0.000155081
1.946 8.2252e-05 0.000144881
1.948 -7.56481e-05 7.81998e-05
1.95 -0.000222352 -3.28235e-05
1.952 -0.000316973 -0.000162528
1.954 -0.000331983 -0.000282305
1.956 -0.000262518 -0.000369943
1.958 -0.000127793 -0.000415244
1.96 3.51294e-05 -0.00042088
1.962 0.00018271 -0.000399055
1.964 0.000277581 -0.000365748
1.966 0.000298597 -0.000334795
1.968 0.00024549 -0.00031377
1.97 0.000137237 -0.000302743
1.972 5.13699e-06 -0.000295881
1.974 -0.000116912 -0.000284902
1.976 -0.000201857 -0.000262929
1.978 -0.000235948 -0.000227296
1.98 -0.000220638 -0.000180448
1.982 -0.000169841 -0.00012883
1.984 -0.00010393 -8.03847e-05
1.986 -4.26935e-05 -4.17485e-05
1.988 3.95193e-07 -1.62186e-05
1.99 2.09254e-05 -3.18327e-06
1.992 2.28042e-05 9.2646e-07
1.994 1.47548e-05 7.11875e-07
1.996 5.68321e-06 -1.85278e-07
1.998 8.04594e-07 -2.58065e-07
0.5 -0.0584448 -0.0454862
1 -0.0602309 -0.0470491
1.5 -0.062022 -0.0485775
2 -0.0620306 -0.0487073
2.5 -0.058055 -0.0460605
3 -0.0482108 -0.0397555
3.5 -0.0319224 -0.0298842
4 -0.0106982 -0.0177262
4.5 0.0118466 -0.00551722
5 0.0309712 0.00423253
5.5 0.0425214 0.0096345
6 0.0446322 0.0101333
6.5 0.0385602 0.00666947
7 0.0281411 0.00117642
7.5 0.0180412 -0.00436397
8 0.0116139 -0.00882826
8.5 0.00942059 -0.0123439
9 0.00917247 -0.0159558
9.5 0.00715325 -0.0207522
10 0.000438793 -0.0269326
10.5 -0.0111668 -0.0333382
11 -0.024432 -0.0377133
11.5 -0.0336174 -0.0375832
12 -0.0326699 -0.0313256
12.5 -0.0177946 -0.0189377
13 0.0106551 -0.00217258
13.5 0.0477729 0.0159877
14 0.0854152 0.0322846
14.5 0.114814 0.0441925
15 0.129527 0.0506343
15.5 0.127562 0.0521684
16 0.111775 0.0505855
16.5 0.0883449 0.0480445
17 0.0639615 0.0460592
17.5 0.0430903 0.0447651
18 0.0266761 0.0428549
18.5 0.0129905 0.0383253
19 0.000145109 0.0297779
19.5 -0.0112445 0.0176551
20 -0.0170198 0.0046941
20.5 -0.0110546 -0.00482296
21 0.0110655 -0.00683972
21.5 0.0481637 0.000461735
22 0.0917301 0.0154334
22.5 0.127759 0.0332451
23 0.141791 0.0476753
23.5 0.125001 0.0536245
24 0.0784623 0.0491722
24.5 0.0134672 0.0362135
25 -0.0523419 0.0194299
25.5 -0.101319 0.00417213
26 -0.12188 -0.00568336
26.5 -0.111868 -0.00893217
27 -0.0782139 -0.00689685
27.5 -0.0335855 -0.00225005
28 0.00824611 0.0024312
28.5 0.0364684 0.00562903
29 0.0455877 0.00702047
29.5 0.0358889 0.00695762
30 0.0124487 0.00579069
30.5 -0.0166657 0.00351194
31 -0.0425203 -0.000103311
31.5 -0.0574333 -0.005046
32 -0.056784 -0.0106976
32.5 -0.0401274 -0.0158429
33 -0.0112543 -0.0191148
33.5 0.0229177 -0.019627
34 0.0543256 -0.0174279
34.5 0.0759592 -0.0135073
35 0.0835458 -0.00935265
35.5 0.0762431 -0.00629462
36 0.0563107 -0.00498765
36.5 0.0281088 -0.00526463
37 -0.00309668 -0.00638496
37.5 -0.0321651 -0.00748938
38 -0.0548319 -0.0080054
38.5 -0.0682201 -0.00783203
39 -0.0711641 -0.00729223
39.5 -0.0643026 -0.00696079
40 -0.0498385 -0.00748275
40.5 -0.0309354 -0.00941617
41 -0.0108865 -0.0130539
41.5 0.00765346 -0.0181878
42 0.0230796 -0.0238832
42.5 0.0347731 -0.0284442
43 0.042698 -0.0297556
43.5 0.0469747 -0.0260282
44 0.0477275 -0.016708
44.5 0.0452883 -0.00310998
45 0.0405677 0.0116505
45.5 0.0352442 0.023567
46 0.0314921 0.0292038
46.5 0.0312397 0.0270774
47 0.035272 0.0182831
47.5 0.0426579 0.00601496
48 0.0508868 -0.00583761
48.5 0.05676 -0.0143555
49 0.0576819 -0.0187107
49.5 0.0527543 -0.0202015
50 0.0431467 -0.02122
50.5 0.0315682 -0.0237145
51 0.0211209 -0.0279626
51.5 0.0141121 -0.0322929
52 0.0113814 -0.0338825
52.5 0.0123728 -0.0301987
53 0.0157584 -0.0203319
53.5 0.0201507 -0.00554995
54 0.0244915 0.0111685
54.5 0.0280151 0.0263345
55 0.0300262 0.0372544
55.5 0.0298568 0.042816
56 0.0271778 0.0434643
56.5 0.022472 0.0405239
57 0.0172166 0.0353377
57.5 0.0134016 0.028715
58 0.0124319 0.0209266
58.5 0.0139622 0.0121318
59 0.0154379 0.00288085
59.5 0.0128477 -0.00566878
60 0.00252868 -0.0119739
60.5 -0.0168057 -0.0146425
61 -0.0429008 -0.0129868
61.5 -0.0703781 -0.00730551
62 -0.0926408 0.00122642
62.5 -0.104382 0.0109794
63 -0.103493 0.0203904
63.5 -0.0915152 0.028369
64 -0.0725637 0.0344628
64.5 -0.0514226 0.0387689
65 -0.0318187 0.0416686
65.5 -0.0156147 0.043504
66 -0.00303624 0.0443267
66.5 0.00652808 0.0438364
67 0.0137978 0.0415655
67.5 0.0193387 0.037264
68 0.0237093 0.0313099
68.5 0.0276363 0.0248955
69 0.0318614 0.0197926
69.5 0.0366272 0.0176971
70 0.0411456 0.0194103
70.5 0.0435309 0.0242774
71 0.0414715 0.0302454
71.5 0.0334574 0.0346101
72 0.0199638 0.0351443
72.5 0.00388686 0.0310545
73 -0.0101688 0.0232759
73.5 -0.0175763 0.0139607
74 -0.0156239 0.00545826
74.5 -0.00477177 -0.000647708
75 0.0114417 -0.00394598
75.5 0.0278741 -0.00491187
76 0.0399747 -0.00421226
76.5 0.0456468 -0.00210322
77 0.0458609 0.00169318
77.5 0.0437205 0.00759985
78 0.0424868 0.0155979
78.5 0.0436288 0.0248695
79 0.0459744 0.0339157
79.5 0.0464601 0.0410618
80 0.0421008 0.0450187
80.5 0.0320998 0.0451693
81 0.0188841 0.0414836
81.5 0.00737935 0.0342375
82 0.00276866 0.0238258
82.5 0.00781074 0.0108337
83 0.0210835 -0.00371981
83.5 0.0370957 -0.0182411
84 0.048299 -0.030757
84.5 0.0481058 -0.0394442
85 0.033544 -0.0432226
85.5 0.00638559 -0.0420578
86 -0.0276663 -0.036777
86.5 -0.0612487 -0.0285203
87 -0.087974 -0.0181936
87.5 -0.104282 -0.0062834
88 -0.10983 0.00685992
88.5 -0.106478 0.0205054
89 -0.0965818 0.0332152
89.5 -0.0815313 0.0430296
90 -0.0613071 0.0481571
90.5 -0.0352279 0.0478106
91 -0.00344989 0.042699
91.5 0.0316589 0.0348504
92 0.0651397 0.0268139
92.5 0.0904914 0.0206392
93 0.101874 0.017144
93.5 0.0965503 0.015811
94 0.0763981 0.0153048
94.5 0.0476488 0.0142808
95 0.0187671 0.0120531
95.5 -0.0027063 0.0088139
96 -0.0129809 0.00537445
96.5 -0.0132241 0.00264194
97 -0.00859158 0.00114161
97.5 -0.00553498 0.000813267
98 -0.00864934 0.00112948
98.5 -0.0185007 0.00141545
99 -0.0313644 0.00117867
99.5 -0.0408807 0.000294694
100 -0.0407893 -0.00100328
100.5 -0.0275313 -0.00228335
101 -0.00172483 -0.00312375
101.5 0.0318819 -0.00327818
102 0.0657569 -0.00274625
102.5 0.0916481 -0.00174523
103 0.102749 -0.000613425
103.5 0.0955018 0.000311639
104 0.070705 0.00079966
104.5 0.0336866 0.000790524
105 -0.0066614 0.000401802
105.5 -0.0399656 -0.00011518
106 -0.0571819 -0.000453988
106.5 -0.0533412 -0.000343301
107 -0.0292513 0.000373973
107.5 0.00858221 0.00168992
108 0.0499176 0.00341952
108.5 0.0839627 0.00523119
109 0.102609 0.00671792
109.5 0.102541 0.00749821
110 0.0855635 0.0073251
110.5 0.0572498 0.00617139
111 0.0246643 0.00425795
111.5 -0.00585972 0.00200517
112 -0.030107 -8.51243e-05
112.5 -0.0462534 -0.00158008
113 -0.0542525 -0.00224305
113.5 -0.0548703 -0.00208812
114 -0.0489206 -0.00134296
114.5 -0.0370368 -0.000341011
115 -0.019991 0.000605311
115.5 0.00071485 0.0012956
116 0.0224112 0.00166581
116.5 0.0413471 0.00175274
117 0.0534366 0.00163375
117.5 0.0554652 0.00138137
118 0.046276 0.00105212
118.5 0.0273779 0.000700625
119 0.00262088 0.00039255
119.5 -0.0230017 0.000195356
120 -0.044938 0.000147919
120.5 -0.060364 0.000232039
121 -0.068641 0.000373271
121.5 -0.0708566 0.000481039
122 -0.0688452 0.00050998
122.5 -0.0643174 0.000505505
123 -0.0585727 0.000600719
123.5 -0.052807 0.000957983
124 -0.048574 0.00168074
124.5 -0.0478059 0.00274007
125 -0.0520958 0.00395455
125.5 -0.0615111 0.0050358
126 -0.0736925 0.00568076
126.5 -0.0840304 0.00567256
127 -0.087208 0.00495191
127.5 -0.0795972 0.00363683
128 -0.0613569 0.00198917
128.5 -0.0370399 0.000342227
129 -0.014168 -0.000988009
129.5 -0.000267584 -0.00178411
130 0.000283105 -0.00197904
130.5 -0.0119195 -0.00166265
131 -0.0316733 -0.0010382
131.5 -0.0514834 -0.000341245
132 -0.0646023 0.000250109
132.5 -0.067306 0.000677559
133 -0.0594739 0.00100991
133.5 -0.0435582 0.00139168
134 -0.0228872 0.0019573
134.5 -0.000426233 0.0027526
135 0.0214234 0.00370181
135.5 0.040289 0.00463531
136 0.0534299 0.0053623
136.5 0.0582321 0.00575101
137 0.0535974 0.00577735
137.5 0.0413711 0.00552114
138 0.0266282 0.00511638
138.5 0.0161405 0.00468349
139 0.0154543 0.00427716
139.5 0.0260281 0.00387254
140 0.0441257 0.00339246
140.5 0.0623716 0.00276017
141 0.0734166 0.00195251
141.5 0.0738637 0.00103044
142 0.0662589 0.000133513
142.5 0.0578602 -0.000561822
143 0.0566169 -0.000907175
143.5 0.0664004 -0.000848149
144 0.0840964 -0.00046512
144.5 0.100311 3.18101e-05
145 0.103579 0.00035917
145.5 0.086054 0.000251547
146 0.0478138 -0.000447024
146.5 -0.00248397 -0.0017316
147 -0.050977 -0.00344899
147.5 -0.0843509 -0.00536725
148 -0.0951451 -0.00726434
148.5 -0.0841242 -0.00898706
149 -0.0588356 -0.0104505
149.5 -0.0294411 -0.0115867
150 -0.00414888 -0.0122874
150.5 0.0135224 -0.0123886
151 0.024678 -0.0117192
151.5 0.0328214 -0.0101818
152 0.0411198 -0.00780967
152.5 0.0507391 -0.00475059
153 0.0608556 -0.00118707
153.5 0.0698147 0.0027453
154 0.076331 0.00696214
154.5 0.0798786 0.0113286
155 0.0802158 0.0155123
155.5 0.0766874 0.0189176
156 0.0680671 0.0208145
156.5 0.053216 0.0206646
157 0.0321454 0.0185045
157.5 0.00671432 0.0151522
158 -0.0195871 0.0120517
158.5 -0.0426984 0.0107419
159 -0.0592681 0.0121561
159.5 -0.0674269 0.0160985
160 -0.0667327 0.0211929
160.5 -0.0575591 0.0253901
161 -0.0405522 0.0268315
161.5 -0.0166579 0.0246799
162 0.0122712 0.0195247
162.5 0.0427825 0.0131741
163 0.0697112 0.00793093
163.5 0.0870437 0.0056808
164 0.0896168 0.00718146
164.5 0.0750218 0.0118203
165 0.0449009 0.0178881
165.5 0.00500758 0.0232097
166 -0.0361468 0.0258683
166.5 -0.0697122 0.0247745
167 -0.0892104 0.0199281
167.5 -0.0925738 0.012337
168 -0.0826802 0.00365871
168.5 -0.0660311 -0.004313
169 -0.0499442 -0.0101604
169.5 -0.0393299 -0.0132034
170 -0.0344599 -0.0136041
170.5 -0.0308399 -0.012189
171 -0.0213998 -0.0100675
171.5 -9.66327e-05 -0.00820439
172 0.0347405 -0.00711815
172.5 0.0789581 -0.00681481
173 0.123766 -0.00695018
173.5 0.159024 -0.00710759
174 0.177068 -0.00703579
174.5 0.175336 -0.00673449
175 0.156726 -0.00637246
175.5 0.127815 -0.00611694
176 0.096018 -0.0059909
176.5 0.0671011 -0.00584122
177 0.0440072 -0.00542483
177.5 0.0271329 -0.00454981
178 0.0154783 -0.00318529
178.5 0.00784931 -0.00148356
179 0.00352877 0.000285085
179.5 0.00230356 0.00183691
180 0.00410662 0.0029599
180.5 0.00863576 0.00354597
181 0.0151775 0.00357589
181.5 0.0226627 0.00308984
182 0.0298611 0.00217494
182.5 0.0356182 0.000977439
183 0.0390856 -0.000281186
183.5 0.039917 -0.00131629
184 0.0383717 -0.00183899
184.5 0.0352449 -0.00164977
185 0.0315884 -0.000726085
185.5 0.0282941 0.000744237
186 0.0257255 0.00241095
186.5 0.0235976 0.00387832
187 0.0211955 0.00484179
187.5 0.0178318 0.00518239
188 0.0132956 0.00497756
188.5 0.00803859 0.00443004
189 0.00298957 0.00375906
189.5 -0.000900776 0.00311494
190 -0.00312891 0.00255931
190.5 -0.00386653 0.0021093
191 -0.0038366 0.00180158
191.5 -0.00392421 0.00171808
192 -0.00474224 0.00194058
192.5 -0.00636932 0.00245299
193 -0.00835548 0.0030564
193.5 -0.00993535 0.00337215
194 -0.0102939 0.00296891
194.5 -0.00874589 0.00157868
195 -0.00479114 -0.000698004
195.5 0.00188298 -0.00331397
196 0.0113365 -0.00539171
196.5 0.0231866 -0.00600554
197 0.0363462 -0.00450854
197.5 0.0488506 -0.000749546
198 0.0579638 0.00492225
198.5 0.0606794 0.0118501
199 0.0545704 0.0193292
199.5 0.0387635 0.0267605
200 0.0146883 0.0335984
200.5 -0.0137598 0.0391453
201 -0.0408653 0.0423836
201.5 -0.0605053 0.0420675
202 -0.0679709 0.0371657
202.5 -0.0615845 0.0275079
203 -0.0434591 0.0142884
203.5 -0.0189739 5.33816e-05
204 0.00497361 -0.0119931
204.5 0.022339 -0.0191592
205 0.0299744 -0.0203907
205.5 0.0284665 -0.0167588
206 0.0214002 -0.0109848
206.5 0.0134238 -0.00616667
207 0.00808361 -0.00432561
207.5 0.00649889 -0.00553546
208 0.00748069 -0.00811599
208.5 0.00888745 -0.00979798
209 0.00932994 -0.00921397
209.5 0.00917943 -0.00686334
210 0.010301 -0.00497918
210.5 0.0147408 -0.00634422
211 0.0232414 -0.0127099
211.5 0.0345396 -0.0237106
212 0.0458777 -0.0368902
212.5 0.0543776 -0.0488288
213 0.0584043 -0.0567432
213.5 0.0581141 -0.0596913
214 0.0549742 -0.0587699
214.5 0.0507285 -0.0562862
215 0.0465976 -0.0544418
215.5 0.0432251 -0.0542772
216 0.0412428 -0.0553876
216.5 0.0418022 -0.0564206
217 0.0464164 -0.0559296
217.5 0.0559909 -0.0530335
218 0.0696249 -0.047565
218.5 0.0840996 -0.0397759
219 0.0946589 -0.0299442
219.5 0.0968847 -0.0182221
220 0.0887115 -0.00482426
220.5 0.0714274 0.0096333
221 0.0490504 0.0239541
221.5 0.0264189 0.0365381
222 0.00708936 0.0458573
222.5 -0.00779179 0.0509679
223 -0.01912 0.0517817
223.5 -0.028384 0.0489811
224 -0.0361786 0.0436774
224.5 -0.0416523 0.0370254
225 -0.0431805 0.0299574
225.5 -0.0397302 0.0230628
226 -0.0319492 0.0165318
226.5 -0.0222255 0.0101046
227 -0.0136441 0.00307474
227.5 -0.00845712 -0.00551813
228 -0.00696229 -0.0164224
228.5 -0.00740542 -0.0295448
229 -0.00691945 -0.0434718
229.5 -0.00296179 -0.0555121
230 0.00547923 -0.062439
230.5 0.0174253 -0.0617404
231 0.0302877 -0.0528457
231.5 0.0408054 -0.0376997
232 0.0461159 -0.0203028
232.5 0.0446006 -0.0053233
233 0.036318 0.00363809
233.5 0.0229816 0.00534615
234 0.00752482 0.00119911
234.5 -0.00664978 -0.00563375
235 -0.0165701 -0.0117627
235.5 -0.0205022 -0.0150613
236 -0.0184047 -0.015398
236.5 -0.0118581 -0.0143353
237 -0.00348311 -0.014035
237.5 0.0039359 -0.015978
238 0.00829516 -0.0201461
238.5 0.00869332 -0.0250308
239 0.00550065 -0.0283916
239.5 3.47719e-05 -0.0283239
240 -0.00597203 -0.0240906
240.5 -0.010908 -0.0163529
241 -0.0136749 -0.00677356
241.5 -0.0138772 0.00271805
242 -0.0118124 0.0106011
242.5 -0.00829542 0.0160857
243 -0.00437385 0.0190381
243.5 -0.00100824 0.019682
244 0.0011903 0.0183275
244.5 0.00208315 0.0152844
245 0.00195259 0.0109489
245.5 0.00131002 0.00591965
246 0.000656858 0.000991925
246.5 0.000302631 -0.00301756
247 0.000304877 -0.00553042
247.5 0.000528214 -0.00639755
248 0.000765626 -0.00590813
248.5 0.000850849 -0.00461586
249 0.000716125 -0.00308749
249.5 0.000390557 -0.00170985
250 -3.65278e-05 -0.000636528
250.5 -0.000458053 0.000139528
251 -0.000781179 0.000670002
251.5 -0.000946917 0.000977301
252 -0.000940622 0.00105577
252.5 -0.000793221 0.000918877
253 -0.000569871 0.000635794
253.5 -0.000346044 0.000320767
254 -0.000179241 8.28073e-05
254.5 -8.98937e-05 -2.50736e-05
255 -6.14566e-05 -2.04305e-05
255.5 -5.86235e-05 3.69219e-05
256 -5.17534e-05 9.15628e-05
256.5 -3.27382e-05 0.000123713
257 -1.44281e-05 0.000147709
257.5 -1.69049e-05 0.000186491
258 -5.14486e-05 0.000246161
258.5 -0.000112524 0.000309677
259 -0.000181235 0.000350763
259.5 -0.000236117 0.000353643
260 -0.000263784 0.00032254
260.5 -0.000263853 0.000275568
261 -0.000247005 0.000230444
261.5 -0.000228644 0.000194087
262 -0.000221678 0.000162692
262.5 -0.000231215 0.000129428
263 -0.00025268 9.17417e-05
263.5 -0.00027391 5.25774e-05
264 -0.000280657 1.62459e-05
264.5 -0.00026347 -1.58731e-05
265 -0.00022275 -4.55669e-05
265.5 -0.000169085 -7.43148e-05
266 -0.000118188 -0.00010006
266.5 -8.29639e-05 -0.000117708
267 -6.71772e-05 -0.000123147
267.5 -6.43792e-05 -0.000117284
268 -6.25081e-05 -0.000106582
268.5 -5.10871e-05 -9.95811e-05
269 -2.65709e-05 -0.000102099
269.5 7.00672e-06 -0.000114531
270 4.16585e-05 -0.000132575
270.5 7.03454e-05 -0.000150018
271 8.99254e-05 -0.000161162
271.5 0.000100855 -0.000161729
272 0.000104782 -0.000148963
272.5 0.000102336 -0.000122347
273 9.2758e-05 -8.51021e-05
273.5 7.53237e-05 -4.50197e-05
274 5.11721e-05 -1.28182e-05
274.5 2.40464e-05 2.13222e-06
275 -6.41672e-07 -3.4253e-06
275.5 -1.78696e-05 -2.44788e-05
276 -2.50505e-05 -4.99143e-05
276.5 -2.30901e-05 -6.79259e-05
277 -1.60593e-05 -7.14799e-05
277.5 -9.67743e-06 -6.07587e-05
278 -9.17877e-06 -4.16506e-05
278.5 -1.73096e-05 -2.18374e-05
279 -3.31962e-05 -7.11568e-06
279.5 -5.25951e-05 2.21218e-07
280 -6.95392e-05 8.73644e-07
280.5 -7.87715e-05 -2.90782e-06
281 -7.79174e-05 -8.48471e-06
281.5 -6.84059e-05 -1.33406e-05
282 -5.47193e-05 -1.53194e-05
282.5 -4.23507e-05 -1.30202e-05
283 -3.54219e-05 -6.29181e-06
283.5 -3.4987e-05 3.60089e-06
284 -3.86616e-05 1.44153e-05
284.5 -4.16348e-05 2.37516e-05
285 -3.8631e-05 2.97241e-05
285.5 -2.61125e-05 3.11508e-05
286 -3.95358e-06 2.74263e-05
286.5 2.40594e-05 1.85259e-05
287 5.12008e-05 5.35998e-06
287.5 7.0021e-05 -9.82199e-06
288 7.50054e-05 -2.35612e-05
288.5 6.45836e-05 -3.21484e-05
289 4.16105e-05 -3.30494e-05
289.5 1.21403e-05 -2.5971e-05
290 -1.68666e-05 -1.28957e-05
290.5 -3.97981e-05 2.91074e-06
291 -5.36663e-05 1.8256e-05
291.5 -5.8122e-05 3.09472e-05
292 -5.46163e-05 3.9939e-05
292.5 -4.54239e-05 4.49574e-05
293 -3.30353e-05 4.61109e-05
293.5 -1.99608e-05 4.37701e-05
294 -8.64863e-06 3.85801e-05
294.5 -1.22527e-06 3.13076e-05
295 9.61602e-07 2.24582e-05
295.5 -2.24969e-06 1.19767e-05
296 -9.76556e-06 -5.6621e-07
296.5 -1.96033e-05 -1.52401e-05
297 -2.9538e-05 -3.09288e-05
297.5 -3.77465e-05 -4.50926e-05
298 -4.32112e-05 -5.4479e-05
298.5 -4.579e-05 -5.64855e-05
299 -4.59866e-05 -5.03878e-05
299.5 -4.45358e-05 -3.7703e-05
300 -4.1963e-05 -2.15202e-05
300.5 -3.83193e-05 -5.25855e-06
301 -3.32709e-05 8.43195e-06
301.5 -2.65812e-05 1.81687e-05
302 -1.87723e-05 2.37543e-05
302.5 -1.15404e-05 2.58485e-05
303 -7.50622e-06 2.56762e-05
303.5 -9.20719e-06 2.47872e-05
304 -1.77174e-05 2.47096e-05
304.5 -3.16356e-05 2.6437e-05
305 -4.71181e-05 2.99461e-05
305.5 -5.91352e-05 3.40926e-05
306 -6.34552e-05 3.70795e-05
306.5 -5.8408e-05 3.73337e-05
307 -4.55426e-05 3.43214e-05
307.5 -2.88461e-05 2.88355e-05
308 -1.29262e-05 2.25994e-05
308.5 -1.07732e-06 1.74307e-05
309 5.83562e-06 1.44352e-05
309.5 9.20505e-06 1.36295e-05
310 1.14296e-05 1.41195e-05
310.5 1.43283e-05 1.46743e-05
311 1.80882e-05 1.43893e-05
311.5 2.12825e-05 1.31408e-05
312 2.19006e-05 1.16503e-05
312.5 1.87761e-05 1.11272e-05
313 1.25886e-05 1.26263e-05
313.5 5.84157e-06 1.63893e-05
314 1.7845e-06 2.15004e-05
314.5 2.82871e-06 2.60786e-05
315 9.29638e-06 2.79854e-05
315.5 1.91713e-05 2.57394e-05
316 2.89861e-05 1.91919e-05
316.5 3.53851e-05 9.62942e-06
317 3.65769e-05 -7.22125e-07
317.5 3.2994e-05 -9.50772e-06
318 2.69293e-05 -1.4969e-05
318.5 2.14268e-05 -1.63177e-05
319 1.90098e-05 -1.37358e-05
319.5 2.0794e-05 -8.15891e-06
320 2.62544e-05 -1.0003e-06
320.5 3.35839e-05 6.13729e-06
321 4.03834e-05 1.1794e-05
321.5 4.44015e-05 1.50188e-05
322 4.41393e-05 1.56436e-05
322.5 3.92393e-05 1.42877e-05
323 3.06242e-05 1.20246e-05
323.5 2.03517e-05 9.85121e-06
324 1.11569e-05 8.25001e-06
324.5 5.70838e-06 7.09766e-06
325 5.71538e-06 5.94515e-06
325.5 1.11439e-05 4.45325e-06
326 1.98603e-05 2.6772e-06
326.5 2.79628e-05 1.02357e-06
327 3.08593e-05 -5.80892e-08
327.5 2.4848e-05 -4.14416e-07
328 8.67468e-06 -3.31382e-07
328.5 -1.55758e-05 -4.10113e-07
329 -4.27322e-05 -1.27569e-06
329.5 -6.59893e-05 -3.29005e-06
330 -7.90969e-05 -6.3931e-06
330.5 -7.84628e-05 -1.01027e-05
331 -6.43478e-05 -1.36439e-05
331.5 -4.07074e-05 -1.61685e-05
332 -1.3808e-05 -1.70246e-05
332.5 9.77801e-06 -1.60098e-05
333 2.50327e-05 -1.35004e-05
333.5 2.96293e-05 -1.03592e-05
334 2.41506e-05 -7.61471e-06
334.5 1.15393e-05 -6.03782e-06
335 -3.89521e-06 -5.8249e-06
335.5 -1.76067e-05 -6.54895e-06
336 -2.58607e-05 -7.38918e-06
336.5 -2.65497e-05 -7.49222e-06
337 -1.96392e-05 -6.26926e-06
337.5 -7.12948e-06 -3.51628e-06
338 7.50098e-06 6.15237e-07
338.5 2.0256e-05 5.68836e-06
339 2.77272e-05 1.10159e-05
339.5 2.80272e-05 1.56879e-05
340 2.12863e-05 1.86851e-05
340.5 9.59265e-06 1.91364e-05
341 -3.59564e-06 1.66548e-05
341.5 -1.44075e-05 1.15862e-05
342 -1.96477e-05 5.00656e-06
342.5 -1.77301e-05 -1.57879e-06
343 -9.16616e-06 -6.72109e-06
343.5 3.58862e-06 -9.49377e-06
344 1.69402e-05 -9.75249e-06
344.5 2.73675e-05 -8.11177e-06
345 3.25976e-05 -5.68117e-06
345.5 3.22784e-05 -3.67862e-06
346 2.78866e-05 -3.05169e-06
346.5 2.19428e-05 -4.2132e-06
347 1.69168e-05 -6.95697e-06
347.5 1.43141e-05 -1.057e-05
348 1.43029e-05 -1.40973e-05
348.5 1.59476e-05 -1.66596e-05
349 1.78383e-05 -1.77005e-05
349.5 1.87712e-05 -1.70765e-05
350 1.8192e-05 -1.49874e-05
350.5 1.62832e-05 -1.1822e-05
351 1.37435e-05 -8.02235e-06
351.5 1.14063e-05 -4.02547e-06
352 9.85527e-06 -2.65252e-07
352.5 9.16195e-06 2.82719e-06
353 8.82704e-06 4.87274e-06
353.5 7.9554e-06 5.63339e-06
354 5.62619e-06 5.08678e-06
354.5 1.33223e-06 3.43677e-06
355 -4.69977e-06 1.05914e-06
355.5 -1.14804e-05 -1.57484e-06
356 -1.75752e-05 -3.95361e-06
356.5 -2.1649e-05 -5.55822e-06
357 -2.29827e-05 -5.91307e-06
357.5 -2.17029e-05 -4.69175e-06
358 -1.86155e-05 -1.86391e-06
358.5 -1.47468e-05 2.18915e-06
359 -1.08594e-05 6.67741e-06
359.5 -7.20596e-06 1.0563e-05
360 -3.62623e-06 1.28391e-05
360.5 1.25166e-07 1.28296e-05
361 4.06029e-06 1.04057e-05
361.5 7.85755e-06 6.05772e-06
362 1.10186e-05 8.06296e-07
362.5 1.31424e-05 -4.02864e-06
363 1.41069e-05 -7.16375e-06
363.5 1.40371e-05 -7.7268e-06
364 1.31064e-05 -5.56392e-06
364.5 1.13507e-05 -1.35108e-06
365 8.66466e-06 3.58013e-06
365.5 5.01747e-06 7.68162e-06
366 7.5433e-07 9.73489e-06
366.5 -3.23201e-06 9.26618e-06
367 -5.61591e-06 6.63681e-06
367.5 -5.03714e-06 2.77455e-06
368 -6.20755e-07 -1.29959e-06
368.5 7.61032e-06 -4.89091e-06
369 1.86094e-05 -7.78553e-06
369.5 3.05231e-05 -1.00972e-05
370 4.11772e-05 -1.19489e-05
370.5 4.8674e-05 -1.32203e-05
371 5.19074e-05 -1.3532e-05
371.5 5.08216e-05 -1.2475e-05
372 4.63076e-05 -9.93196e-06
372.5 3.97462e-05 -6.27445e-06
373 3.23647e-05 -2.29311e-06
373.5 2.46926e-05 1.12046e-06
374 1.64106e-05 3.37245e-06
374.5 6.7317e-06 4.42513e-06
375 -4.82543e-06 4.76907e-06
375.5 -1.76619e-05 5.12284e-06
376 -2.97917e-05 6.02541e-06
376.5 -3.82822e-05 7.54373e-06
377 -4.03434e-05 9.24919e-06
377.5 -3.4598e-05 1.04612e-05
378 -2.19077e-05 1.0606e-05
378.5 -5.3018e-06 9.4808e-06
379 1.10377e-05 7.28156e-06
379.5 2.33239e-05 4.39936e-06
380 2.958e-05 1.13153e-06
380.5 3.03079e-05 -2.50307e-06
381 2.81343e-05 -6.72611e-06
381.5 2.66051e-05 -1.17606e-05
382 2.86605e-05 -1.75341e-05
382.5 3.54359e-05 -2.35022e-05
383 4.5874e-05 -2.87055e-05
383.5 5.72706e-05 -3.20528e-05
384 6.64711e-05 -3.27135e-05
384.5 7.11689e-05 -3.04541e-05
385 7.07298e-05 -2.57774e-05
385.5 6.62099e-05 -1.98013e-05
386 5.96236e-05 -1.39088e-05
386.5 5.28726e-05 -9.29134e-06
387 4.68914e-05 -6.55439e-06
387.5 4.14198e-05 -5.54398e-06
388 3.54616e-05 -5.476e-06
388.5 2.81235e-05 -5.32219e-06
389 1.9346e-05 -4.28727e-06
389.5 1.01292e-05 -2.15957e-06
390 2.16667e-06 6.26469e-07
390.5 -2.87911e-06 3.23552e-06
391 -4.05677e-06 4.84839e-06
391.5 -1.43618e-06 5.03402e-06
392 4.03383e-06 3.89695e-06
392.5 1.09551e-05 1.95182e-06
393 1.79257e-05 -1.79458e-07
393.5 2.38036e-05 -2.07394e-06
394 2.77688e-05 -3.66638e-06
394.5 2.93039e-05 -5.20429e-06
395 2.82331e-05 -7.04945e-06
395.5 2.48515e-05 -9.43958e-06
396 2.00465e-05 -1.23255e-05
396.5 1.52509e-05 -1.53534e-05
397 1.21421e-05 -1.79957e-05
397.5 1.21485e-05 -1.97707e-05
398 1.59624e-05 -2.04524e-05
398.5 2.32765e-05 -2.01649e-05
399 3.28596e-05 -1.93064e-05
399.5 4.29202e-05 -1.83286e-05
400 5.15806e-05 -1.74838e-05
400.5 5.72789e-05 -1.66867e-05
401 5.90066e-05 -1.55811e-05
401.5 5.64125e-05 -1.37839e-05
402 4.9853e-05 -1.11614e-05
402.5 4.04181e-05 -7.95988e-06
403 2.9863e-05 -4.69669e-06
403.5 2.03261e-05 -1.86997e-06
404 1.37921e-05 3.33517e-07
404.5 1.14346e-05 2.14617e-06
405 1.31354e-05 4.07148e-06
405.5 1.74874e-05 6.56728e-06
406 2.2388e-05 9.74516e-06
406.5 2.60079e-05 1.32474e-05
407 2.7669e-05 1.63446e-05
407.5 2.81484e-05 1.81743e-05
408 2.91997e-05 1.79922e-05
408.5 3.25058e-05 1.53485e-05
409 3.86049e-05 1.01831e-05
409.5 4.6376e-05 2.87263e-06
410 5.338e-05 -5.75515e-06
410.5 5.69016e-05 -1.44804e-05
411 5.51665e-05 -2.18803e-05
411.5 4.81358e-05 -2.66542e-05
412 3.75145e-05 -2.79966e-05
412.5 2.60254e-05 -2.58641e-05
413 1.6345e-05 -2.10031e-05
413.5 1.02102e-05 -1.47128e-05
414 8.05312e-06 -8.44326e-06
414.5 9.2141e-06 -3.39505e-06
415 1.2509e-05 -2.6132e-07
415.5 1.68042e-05 8.39849e-07
416 2.13285e-05 2.82567e-07
416.5 2.56399e-05 -1.22851e-06
417 2.93704e-05 -2.85112e-06
417.5 3.19735e-05 -3.81707e-06
418 3.26796e-05 -3.65031e-06
418.5 3.07301e-05 -2.33941e-06
419 2.57905e-05 -3.75755e-07
419.5 1.83207e-05 1.41198e-06
420 9.66333e-06 2.20716e-06
420.5 1.72799e-06 1.60164e-06
421 -3.65513e-06 -1.60677e-07
421.5 -5.45117e-06 -2.24691e-06
422 -3.8702e-06 -3.60936e-06
422.5 -3.10319e-07 -3.5032e-06
423 3.21235e-06 -1.88605e-06
423.5 4.89452e-06 5.15208e-07
424 3.84459e-06 2.51634e-06
424.5 3.21981e-07 3.01439e-06
425 -4.56456e-06 1.48377e-06
425.5 -9.49053e-06 -1.81179e-06
426 -1.35053e-05 -5.97873e-06
426.5 -1.62613e-05 -9.92098e-06
427 -1.78168e-05 -1.2807e-05
427.5 -1.82278e-05 -1.43535e-05
428 -1.72791e-05 -1.48221e-05
428.5 -1.45943e-05 -1.47809e-05
429 -1.00781e-05 -1.47911e-05
429.5 -4.37209e-06 -1.51823e-05
430 1.06532e-06 -1.59989e-05
430.5 4.44216e-06 -1.70873e-05
431 4.50205e-06 -1.82292e-05
431.5 1.30667e-06 -1.92263e-05
432 -3.56672e-06 -1.99081e-05
432.5 -7.62276e-06 -2.00984e-05
433 -8.6024e-06 -1.96076e-05
433.5 -5.61386e-06 -1.82886e-05
434 3.64571e-07 -1.61386e-05
434.5 6.89423e-06 -1.33845e-05
435 1.1197e-05 -1.04858e-05
435.5 1.14144e-05 -8.03522e-06
436 7.3815e-06 -6.58953e-06
436.5 5.80475e-07 -6.50428e-06
437 -6.61818e-06 -7.83831e-06
437.5 -1.19753e-05 -1.03555e-05
438 -1.41533e-05 -1.36031e-05
438.5 -1.29469e-05 -1.7019e-05
439 -9.02672e-06 -2.00252e-05
439.5 -3.4861e-06 -2.20918e-05
440 2.49773e-06 -2.27844e-05
440.5 7.76143e-06 -2.1815e-05
441 1.11154e-05 -1.91029e-05
441.5 1.13846e-05 -1.483e-05
442 7.67543e-06 -9.45937e-06
442.5 -1.85399e-07 -3.6952e-06
443 -1.12781e-05 1.6179e-06
443.5 -2.35553e-05 5.63507e-06
444 -3.4273e-05 7.66286e-06
444.5 -4.07704e-05 7.29767e-06
445 -4.12919e-05 4.53217e-06
445.5 -3.55088e-05 -1.94267e-07
446 -2.4544e-05 -6.03606e-06
446.5 -1.05363e-05 -1.1905e-05
447 4.03134e-06 -1.67529e-05
447.5 1.69546e-05 -1.99018e-05
448 2.66921e-05 -2.12857e-05
448.5 3.24721e-05 -2.14638e-05
449 3.4212e-05 -2.13439e-05
449.5 3.23699e-05 -2.17051e-05
450 2.7798e-05 -2.27433e-05
450.5 2.15932e-05 -2.38938e-05
451 1.49145e-05 -2.40703e-05
451.5 8.7655e-06 -2.2236e-05
452 3.80241e-06 -1.80225e-05
452.5 2.50718e-07 -1.20545e-05
453 -2.0225e-06 -5.77336e-06
453.5 -3.31774e-06 -8.24651e-07
454 -3.90057e-06 1.68184e-06
454.5 -3.89993e-06 1.65317e-06
455 -3.35246e-06 -1.17338e-08
455.5 -2.34211e-06 -1.92253e-06
456 -1.1234e-06 -2.89077e-06
456.5 -1.30164e-07 -2.44875e-06
457 1.51672e-07 -9.49133e-07
457.5 -6.18699e-07 7.54105e-07
458 -2.47802e-06 1.82323e-06
458.5 -5.1217e-06 1.85804e-06
459 -8.0017e-06 1.02086e-06
459.5 -1.05055e-05 -1.46995e-07
460 -1.21342e-05 -1.06589e-06
460.5 -1.26186e-05 -1.41087e-06
461 -1.19522e-05 -1.21734e-06
461.5 -1.03605e-05 -7.85606e-07
462 -8.23214e-06 -4.75455e-07
462.5 -6.03349e-06 -5.161e-07
463 -4.21397e-06 -9.18183e-07
463.5 -3.10994e-06 -1.50322e-06
464 -2.86432e-06 -2.00726e-06
464.5 -3.38757e-06 -2.19583e-06
465 -4.38238e-06 -1.94395e-06
465.5 -5.4345e-06 -1.26618e-06
466 -6.1458e-06 -3.06345e-07
466.5 -6.26429e-06 6.96904e-07
467 -5.76169e-06 1.45852e-06
467.5 -4.8271e-06 1.70798e-06
468 -3.77773e-06 1.26083e-06
468.5 -2.92323e-06 8.89392e-08
469 -2.44172e-06 -1.63519e-06
469.5 -2.32113e-06 -3.54897e-06
470 -2.38979e-06 -5.18011e-06
470.5 -2.41682e-06 -6.08324e-06
471 -2.22956e-06 -5.98779e-06
471.5 -1.78919e-06 -4.89718e-06
472 -1.19187e-06 -3.09254e-06
472.5 -6.04647e-07 -1.0336e-06
473 -1.78759e-07 8.04432e-07
473.5 1.16268e-08 2.08914e-06
474 -1.97693e-08 2.71902e-06
474.5 -2.02356e-07 2.8109e-06
475 -4.51615e-07 2.60375e-06
475.5 -6.96788e-07 2.33137e-06
476 -8.86362e-07 2.12386e-06
476.5 -9.83814e-07 1.97639e-06
477 -9.69655e-07 1.78831e-06
477.5 -8.53239e-07 1.44448e-06
478 -6.8197e-07 8.96092e-07
478.5 -5.31766e-07 2.04731e-07
479 -4.74919e-07 -4.67733e-07
479.5 -5.40471e-07 -9.16632e-07
480 -6.92263e-07 -9.74152e-07
480.5 -8.41998e-07 -5.77966e-07
481 -8.93595e-07 1.99009e-07
481.5 -7.95177e-07 1.16926e-06
482 -5.69573e-07 2.0923e-06
482.5 -3.06473e-07 2.75142e-06
483 -1.2087e-07 3.01538e-06
483.5 -9.99885e-08 2.86429e-06
484 -2.65165e-07 2.37708e-06
484.5 -5.65529e-07 1.69368e-06
485 -9.03656e-07 9.71579e-07
485.5 -1.17863e-06 3.51367e-07
486 -1.32554e-06 -6.46573e-08
486.5 -1.33432e-06 -2.2427e-07
487 -1.24191e-06 -1.31539e-07
487.5 -1.10518e-06 1.53245e-07
488 -9.7064e-07 5.24621e-07
488.5 -8.57179e-07 8.56895e-07
489 -7.58899e-07 1.03875e-06
489.5 -6.62718e-07 1.00591e-06
490 -5.66637e-07 7.58467e-07
490.5 -4.85876e-07 3.55137e-07
491 -4.43942e-07 -1.12554e-07
491.5 -4.56956e-07 -5.54546e-07
492 -5.23784e-07 -9.10331e-07
492.5 -6.2861e-07 -1.16063e-06
493 -7.51661e-07 -1.32085e-06
493.5 -8.77121e-07 -1.42239e-06
494 -9.90588e-07 -1.49208e-06
494.5 -1.06916e-06 -1.5389e-06
495 -1.07601e-06 -1.55256e-06
495.5 -9.69783e-07 -1.51238e-06
496 -7.27899e-07 -1.40059e-06
496.5 -3.69471e-07 -1.21318e-06
497 3.9531e-08 -9.63589e-07
497.5 4.06756e-07 -6.79379e-07
498 6.50612e-07 -3.95155e-07
498.5 7.33579e-07 -1.45906e-07
499 6.7319e-07 3.74842e-08
499.5 5.262e-07 1.31783e-07
500 3.5752e-07 1.26212e-07
