-1.998 8.15222e-06 -8.8404e-06
-1.996 3.80282e-05 -3.93355e-05
-1.994 9.75433e-05 -9.15039e-05
-1.992 0.000194779 -0.00015498
-1.99 0.000337552 -0.000209435
-1.988 0.000531401 -0.000229448
-1.986 0.000776178 -0.000192596
-1.984 0.00106223 -8.81191e-05
-1.982 0.0013677 7.70381e-05
-1.98 0.00165868 0.000277565
-1.978 0.00189317 0.000475839
-1.976 0.00202887 0.00063397
-1.974 0.00203341 0.000728964
-1.972 0.00189453 0.000766578
-1.97 0.00162719 0.000788941
-1.968 0.00127506 0.000872061
-1.966 0.000904709 0.0011117
-1.964 0.000593054 0.00159939
-1.962 0.000410177 0.00239372
-1.96 0.000401573 0.00349435
-1.958 0.000574542 0.00482652
-1.956 0.000893138 0.00624189
-1.954 0.00128448 0.00753758
-1.952 0.00165641 0.008491
-1.95 0.00192319 0.00890381
-1.948 0.00203264 0.00864571
-1.946 0.00198664 0.007688
-1.944 0.00184782 0.00611797
-1.942 0.00172832 0.00412879
-1.94 0.00176169 0.00198451
-1.938 0.00206353 -3.36561e-05
-1.936 0.00269042 -0.00168856
-1.934 0.0036081 -0.00284118
-1.932 0.00467874 -0.00348352
-1.93 0.00567361 -0.00374085
-1.928 0.00631129 -0.00384065
-1.926 0.00631554 -0.00405471
-1.924 0.00548113 -0.00462761
-1.922 0.00373246 -0.00570902
-1.92 0.00115899 -0.0073065
-1.918 -0.00198476 -0.00927116
-1.916 -0.00531987 -0.0113204
-1.914 -0.00841956 -0.0130939
-1.912 -0.0109067 -0.0142308
-1.91 -0.0125504 -0.0144509
-1.908 -0.0133382 -0.0136214
-1.906 -0.0135026 -0.0117921
-1.904 -0.0134905 -0.00918821
-1.902 -0.0138739 -0.00616008
-1.9 -0.0152175 -0.00310047
-1.898 -0.0179261 -0.00034865
-1.896 -0.0221094 0.00189342
-1.894 -0.027499 0.00360947
-1.892 -0.0334438 0.0049671
-1.89 -0.0389966 0.00626382
-1.888 -0.0430807 0.00783263
-1.886 -0.0447081 0.00992936
-1.884 -0.0432065 0.012629
-1.882 -0.0384034 0.015758
-1.88 -0.0307236 0.0188837
-1.878 -0.0211675 0.0213711
-1.876 -0.0111651 0.0225027
-1.874 -0.00232379 0.02164
-1.872 0.00388442 0.0183901
-1.87 0.00643547 0.0127347
-1.868 0.00499924 0.00508159
-1.866 6.01529e-05 -0.00378522
-1.864 -0.00712251 -0.0128535
-1.862 -0.0147162 -0.0211005
-1.86 -0.0206444 -0.0277292
-1.858 -0.0229822 -0.0323668
-1.856 -0.0203411 -0.0351753
-1.854 -0.0121668 -0.0368413
-1.852 0.00111464 -0.0384363
-1.85 0.0181387 -0.0411659
-1.848 0.0368341 -0.0460501
-1.846 0.0548052 -0.0535999
-1.844 0.0697904 -0.0635642
-1.842 0.0801037 -0.074815
-1.84 0.0849664 -0.0854214
-1.838 0.0846591 -0.0929224
-1.836 0.0804612 -0.0947688
-1.834 0.0743894 -0.0888541
-1.832 0.0687907 -0.0740214
-1.83 0.0658729 -0.0504306
-1.828 0.0672687 -0.0196883
-1.826 0.0737203 0.015305
-1.824 0.0849472 0.0507832
-1.822 0.0997214 0.0827473
-1.82 0.116131 0.10769
-1.818 0.131969 0.123275
-1.816 0.145166 0.128817
-1.814 0.154156 0.125473
-1.812 0.158112 0.116053
-1.81 0.156996 0.104488
-1.808 0.151434 0.0950246
-1.806 0.142468 0.0913058
-1.804 0.13125 0.0955268
-1.802 0.118766 0.107852
-1.8 0.105641 0.126238
-1.798 0.0920756 0.146731
-1.796 0.0779071 0.164174
-1.794 0.0627868 0.173224
-1.792 0.0464233 0.169448
-1.79 0.0288245 0.150299
-1.788 0.0104591 0.115759
-1.786 -0.00773007 0.0684967
-1.784 -0.0244915 0.013487
-1.782 -0.0385807 -0.0428594
-1.78 -0.0491396 -0.0938878
-1.778 -0.0560156 -0.133974
-1.776 -0.0599052 -0.159608
-1.774 -0.0622522 -0.170043
-1.772 -0.0649012 -0.167378
-1.77 -0.069582 -0.15603
-1.768 -0.0773531 -0.14172
-1.766 -0.0881485 -0.130194
-1.764 -0.100561 -0.125945
-1.762 -0.111945 -0.131225
-1.76 -0.118866 -0.145557
-1.758 -0.117838 -0.165849
-1.756 -0.106227 -0.18709
-1.754 -0.083136 -0.203485
-1.752 -0.0500369 -0.209785
-1.75 -0.0109707 -0.202507
-1.748 0.0278056 -0.180786
-1.746 0.0587206 -0.146618
-1.744 0.0742144 -0.104445
-1.742 0.0682616 -0.0601447
-1.74 0.0377915 -0.0196706
-1.738 -0.0163023 0.0123508
-1.736 -0.0888272 0.0337077
-1.734 -0.170773 0.0451097
-1.732 -0.250599 0.049972
-1.73 -0.316133 0.0535172
-1.728 -0.356757 0.0613936
-1.726 -0.365454 0.0781267
-1.724 -0.340285 0.105764
-1.722 -0.284971 0.143038
-1.72 -0.208379 0.185286
-1.718 -0.12298 0.225178
-1.716 -0.042505 0.254155
-1.714 0.0207517 0.264282
-1.712 0.0584689 0.250105
-1.71 0.0681664 0.210099
-1.708 0.05399 0.147341
-1.706 0.0261976 0.0692134
-1.704 -0.000626032 -0.0138241
-1.702 -0.010338 -0.0901794
-1.7 0.0115207 -0.149379
-1.698 0.0746408 -0.18416
-1.696 0.181647 -0.191941
-1.694 0.327076 -0.175354
-1.692 0.497875 -0.141677
-1.69 0.675379 -0.101269
-1.688 0.838428 -0.0653365
-1.686 0.967046 -0.0435213
-1.684 1.04601 -0.0418478
-1.682 1.06759 -0.0614918
-1.68 1.03302 -0.0986388
-1.678 0.952244 -0.14545
-1.676 0.842167 -0.191903
-1.674 0.723531 -0.228079
-1.672 0.617123 -0.246389
-1.67 0.539945 -0.243228
-1.668 0.502124 -0.219705
-1.666 0.50514 -0.181286
-1.664 0.541722 -0.136454
-1.662 0.597399 -0.0946814
-1.66 0.653392 -0.0642077
-1.658 0.690264 -0.0501255
-1.656 0.69165 -0.0532549
-1.654 0.64738 -0.0700741
-1.652 0.555442 -0.0937156
-1.65 0.422431 -0.11577
-1.648 0.262399 -0.128446
-1.646 0.0943428 -0.126564
-1.644 -0.0611907 -0.108906
-1.642 -0.185742 -0.0785921
-1.64 -0.266129 -0.0423843
-1.638 -0.296624 -0.00905201
-1.636 -0.27974 0.0128004
-1.634 -0.22553 0.0169344
-1.632 -0.149581 0.00116996
-1.63 -0.0701303 -0.0318503
-1.628 -0.00488764 -0.0750386
-1.626 0.0318391 -0.118335
-1.624 0.0312248 -0.150961
-1.622 -0.00908797 -0.163934
-1.62 -0.0851633 -0.152222
-1.618 -0.18796 -0.116031
-1.616 -0.305223 -0.0608667
-1.614 -0.423691 0.00361027
-1.612 -0.53121 0.0657168
-1.61 -0.618424 0.114348
-1.608 -0.679805 0.141463
-1.606 -0.713962 0.143872
-1.604 -0.723277 0.123925
-1.602 -0.713072 0.0889353
-1.6 -0.690506 0.0494757
-1.598 -0.663454 0.0169137
-1.596 -0.639512 0.000740189
-1.594 -0.625222 0.00627904
-1.592 -0.625568 0.0333144
-1.59 -0.643692 0.0759864
-1.588 -0.680792 0.124022
-1.586 -0.736114 0.165041
-1.584 -0.806967 0.187403
-1.582 -0.888735 0.182923
-1.58 -0.974895 0.148834
-1.578 -1.05713 0.0885328
-1.576 -1.12566 0.0109802
-1.574 -1.16986 -0.0711033
-1.572 -1.17933 -0.143829
-1.57 -1.14509 -0.194954
-1.568 -1.06099 -0.216319
-1.566 -0.924876 -0.205394
-1.564 -0.739308 -0.165635
-1.562 -0.511737 -0.105596
-1.56 -0.253928 -0.0370108
-1.558 0.0192479 0.0276979
-1.556 0.291563 0.0779686
-1.554 0.547487 0.107138
-1.552 0.774298 0.113554
-1.55 0.963898 0.100564
-1.548 1.114 0.0754454
-1.546 1.22837 0.0475892
-1.544 1.31592 0.0263747
-1.542 1.38887 0.0192182
-1.54 1.46014 0.0301805
-1.538 1.54063 0.0593643
-1.536 1.63674 0.103141
-1.534 1.74871 0.155057
-1.532 1.8699 0.207168
-1.53 1.98734 0.251462
-1.528 2.08343 0.281103
-1.526 2.13858 0.291251
-1.524 2.13456 0.279395
-1.522 2.05776 0.245234
-1.52 1.9021 0.190313
-1.518 1.67076 0.117626
-1.516 1.37657 0.0313563
-1.514 1.04057 -0.0632354
-1.512 0.689235 -0.159897
-1.51 0.350429 -0.251621
-1.508 0.0491374 -0.331178
-1.506 -0.196498 -0.392016
-1.504 -0.378 -0.4294
-1.502 -0.49771 -0.441603
-1.5 -0.56802 -0.430821
-1.498 -0.608733 -0.403493
-1.496 -0.642983 -0.369804
-1.494 -0.692431 -0.342286
-1.492 -0.772564 -0.33366
-1.49 -0.88902 -0.354256
-1.488 -1.03564 -0.409532
-1.486 -1.19479 -0.498267
-1.484 -1.33997 -0.611894
-1.482 -1.44047 -0.735302
-1.48 -1.46734 -0.849081
-1.478 -1.39951 -0.932932
-1.476 -1.22901 -0.969626
-1.474 -0.964206 -0.948723
-1.472 -0.630109 -0.869207
-1.47 -0.265716 -0.740347
-1.468 0.0814854 -0.58043
-1.466 0.362918 -0.413479
-1.464 0.536986 -0.264505
-1.462 0.576396 -0.154261
-1.46 0.473367 -0.0946246
-1.458 0.241716 -0.0857041
-1.456 -0.0846822 -0.115391
-1.454 -0.456882 -0.161541
-1.452 -0.818511 -0.196387
-1.45 -1.11476 -0.192298
-1.448 -1.30112 -0.127693
-1.446 -1.35041 0.00809016
-1.444 -1.25679 0.212032
-1.442 -1.0363 0.467374
-1.44 -0.72381 0.746356
-1.438 -0.367007 1.01522
-1.436 -0.0184983 1.24049
-1.434 0.272796 1.39521
-1.432 0.46949 1.46394
-1.43 0.551576 1.44531
-1.428 0.519251 1.35195
-1.426 0.392207 1.2076
-1.424 0.205518 1.04218
-1.422 0.00292997 0.885872
-1.42 -0.171145 0.763469
-1.418 -0.279385 0.690117
-1.416 -0.297698 0.669384
-1.414 -0.218768 0.693836
-1.412 -0.0526498 0.747818
-1.41 0.175411 0.811624
-1.408 0.429281 0.865994
-1.406 0.667511 0.895862
-1.404 0.849274 0.892545
-1.402 0.939856 0.853991
-1.4 0.91505 0.783225
-1.398 0.763971 0.685604
-1.396 0.490047 0.565744
-1.394 0.110143 0.425049
-1.392 -0.347881 0.260594
-1.39 -0.848733 0.065799
-1.388 -1.35375 -0.167144
-1.386 -1.82494 -0.443642
-1.384 -2.22851 -0.762869
-1.382 -2.53779 -1.11486
-1.38 -2.73541 -1.47956
-1.378 -2.81459 -1.82826
-1.376 -2.77974 -2.12742
-1.374 -2.64591 -2.34419
-1.372 -2.43728 -2.45249
-1.37 -2.18452 -2.43851
-1.368 -1.92124 -2.30433
-1.366 -1.6799 -2.06896
-1.364 -1.48753 -1.76631
-1.362 -1.36208 -1.44026
-1.36 -1.30954 -1.13766
-1.358 -1.32266 -0.900349
-1.356 -1.38119 -0.757795
-1.354 -1.45394 -0.721751
-1.352 -1.50255 -0.783934
-1.35 -1.48657 -0.917201
-1.348 -1.36927 -1.07997
-1.346 -1.12339 -1.22311
-1.344 -0.735797 -1.29811
-1.342 -0.210336 -1.26531
-1.34 0.431788 -1.10085
-1.338 1.15419 -0.801265
-1.336 1.90976 -0.384929
-1.334 2.64678 0.109918
-1.332 3.31566 0.63037
-1.33 3.87541 1.11649
-1.328 4.29869 1.51032
-1.326 4.57481 1.7648
-1.324 4.71005 1.85155
-1.322 4.72545 1.76601
-1.32 4.65248 1.52931
-1.318 4.5272 1.18635
-1.316 4.38399 0.799942
-1.314 4.2498 0.441813
-1.312 4.13977 0.18136
-1.31 4.05497 0.0738811
-1.308 3.98259 0.15021
-1.306 3.8985 0.409705
-1.304 3.77182 0.818131
-1.302 3.57068 1.31123
-1.3 3.26831 1.80388
-1.298 2.84852 2.2037
-1.296 2.30954 2.42726
-1.294 1.66572 2.41606
-1.292 0.946852 2.14936
-1.29 0.19505 1.65101
-1.288 -0.540118 0.98824
-1.286 -1.20772 0.26196
-1.284 -1.76186 -0.410237
-1.282 -2.16766 -0.915578
-1.28 -2.40595 -1.16806
-1.278 -2.47598 -1.12651
-1.276 -2.39579 -0.804825
-1.274 -2.19987 -0.272011
-1.272 -1.93449 0.358598
-1.27 -1.65123 0.949425
-1.268 -1.39978 1.36461
-1.266 -1.22092 1.49702
-1.264 -1.14083 1.29101
-1.262 -1.16764 0.755845
-1.26 -1.29057 -0.0333713
-1.258 -1.48177 -0.948298
-1.256 -1.70057 -1.83137
-1.254 -1.89933 -2.52669
-1.252 -2.03025 -2.91145
-1.25 -2.05204 -2.92144
-1.248 -1.93578 -2.56488
-1.246 -1.66931 -1.92162
-1.244 -1.25956 -1.12744
-1.242 -0.732609 -0.346515
-1.24 -0.131377 0.262437
-1.238 0.489074 0.579294
-1.236 1.06799 0.547925
-1.234 1.54646 0.188261
-1.232 1.87506 -0.407762
-1.23 2.02074 -1.09572
-1.228 1.97205 -1.70963
-1.226 1.74217 -2.0978
-1.224 1.36905 -2.15565
-1.222 0.912412 -1.84874
-1.22 0.447516 -1.22061
-1.218 0.0557608 -0.383887
-1.216 -0.186896 0.503523
-1.214 -0.222419 1.272
-1.212 -0.0221442 1.77628
-1.21 0.40493 1.92604
-1.208 1.00898 1.70447
-1.206 1.70267 1.17057
-1.204 2.37144 0.444931
-1.202 2.88979 -0.31767
-1.2 3.14169 -0.96253
-1.198 3.04171 -1.36834
-1.196 2.55317 -1.47212
-1.194 1.69963 -1.28037
-1.192 0.56659 -0.864303
-1.19 -0.707538 -0.340668
-1.188 -1.95102 0.157084
-1.186 -2.98613 0.510349
-1.184 -3.66012 0.642223
-1.182 -3.87435 0.533439
-1.18 -3.60593 0.223926
-1.178 -2.91699 -0.199996
-1.176 -1.94859 -0.629202
-1.174 -0.8991 -0.95997
-1.172 0.00999476 -1.11956
-1.17 0.57529 -1.08278
-1.168 0.652028 -0.875541
-1.166 0.186125 -0.564828
-1.164 -0.769205 -0.238141
-1.162 -2.05649 0.0220579
-1.16 -3.43738 0.161911
-1.158 -4.63308 0.171445
-1.156 -5.375 0.0872923
-1.154 -5.45624 -0.0181689
-1.152 -4.77409 -0.0586982
-1.15 -3.35459 0.038551
-1.148 -1.35356 0.307821
-1.146 0.967143 0.728845
-1.144 3.28444 1.22542
-1.142 5.27189 1.67999
-1.14 6.65955 1.96162
-1.138 7.28425 1.96086
-1.136 7.12004 1.62273
-1.134 6.2825 0.968839
-1.132 5.00545 0.101814
-1.13 3.59426 -0.810707
-1.128 2.36462 -1.57017
-1.126 1.57895 -1.99236
-1.124 1.393 -1.95347
-1.122 1.82382 -1.42592
-1.12 2.74578 -0.494173
-1.118 3.91602 0.654736
-1.116 5.02435 1.76573
-1.114 5.75775 2.56902
-1.112 5.86606 2.84094
-1.11 5.2154 2.4588
-1.108 3.81808 1.43649
-1.106 1.83296 -0.0683001
-1.104 -0.464149 -1.77898
-1.102 -2.73357 -3.35314
-1.1 -4.63773 -4.45354
-1.098 -5.90609 -4.82195
-1.096 -6.386 -4.33929
-1.094 -6.06898 -3.0578
-1.092 -5.08752 -1.19697
-1.09 -3.68344 0.897448
-1.088 -2.15496 2.82329
-1.086 -0.794107 4.20631
-1.084 0.172102 4.78068
-1.082 0.623852 4.44803
-1.08 0.565567 3.30155
-1.078 0.114782 1.60907
-1.076 -0.533686 -0.242183
-1.074 -1.15935 -1.82803
-1.072 -1.5712 -2.77933
-1.07 -1.65372 -2.86361
-1.068 -1.39311 -2.03797
-1.066 -0.878256 -0.46127
-1.064 -0.276502 1.53769
-1.062 0.209665 3.52929
-1.06 0.394618 5.07477
-1.058 0.158073 5.82045
-1.056 -0.521471 5.57398
-1.054 -1.55655 4.346
-1.052 -2.76672 2.34795
-1.05 -3.91745 -0.0534019
-1.048 -4.77285 -2.41475
-1.046 -5.14986 -4.31099
-1.044 -4.96049 -5.42504
-1.042 -4.23203 -5.61314
-1.04 -3.1 -4.93143
-1.038 -1.77529 -3.61839
-1.036 -0.493111 -2.03746
-1.034 0.544349 -0.593348
-1.032 1.21782 0.359185
-1.03 1.52137 0.593403
-1.028 1.56546 0.0584295
-1.026 1.55107 -1.11341
-1.024 1.71971 -2.6407
-1.022 2.29045 -4.16015
-1.02 3.39816 -5.311
-1.018 5.04802 -5.81709
-1.016 7.0982 -5.54772
-1.014 9.27652 -4.54369
-1.012 11.2291 -3.00331
-1.01 12.5919 -1.23239
-1.008 13.069 0.429221
-1.006 12.5018 1.68693
-1.004 10.9121 2.35808
-1.002 8.50891 2.41064
-1 5.65671 1.96548
-0.998 2.80889 1.26242
-0.996 0.420842 0.598331
-0.994 -1.14064 0.252347
-0.992 -1.67226 0.416056
-0.99 -1.17738 1.14552
-0.988 0.132426 2.34681
-0.986 1.8786 3.79861
-0.984 3.59169 5.20642
-0.982 4.80685 6.27491
-0.98 5.15899 6.78093
-0.978 4.45778 6.6292
-0.976 2.72719 5.87744
-0.974 0.201503 4.72466
-0.972 -2.721 3.46508
-0.97 -5.55665 2.41824
-0.968 -7.83108 1.85113
-0.966 -9.17027 1.91064
-0.964 -9.36991 2.58246
-0.962 -8.42919 3.68705
-0.96 -6.5433 4.91498
-0.958 -4.05751 5.89471
-0.956 -1.39345 6.27787
-0.954 1.03565 5.82254
-0.952 2.90285 4.45523
-0.95 4.02221 2.29673
-0.948 4.36999 -0.354633
-0.946 4.06985 -3.07966
-0.944 3.34758 -5.42314
-0.942 2.46783 -6.98924
-0.94 1.66831 -7.52706
-0.938 1.10715 -6.98793
-0.936 0.834688 -5.54151
-0.934 0.795186 -3.54659
-0.932 0.856323 -1.48164
-0.93 0.857836 0.150738
-0.928 0.666027 0.926157
-0.926 0.21944 0.586221
-0.924 -0.44666 -0.906265
-0.922 -1.20387 -3.35594
-0.92 -1.86199 -6.36954
-0.918 -2.22052 -9.42926
-0.916 -2.1277 -11.99
-0.914 -1.53192 -13.5817
-0.912 -0.511611 -13.8963
-0.91 0.725538 -12.844
-0.908 1.87647 -10.5685
-0.906 2.60406 -7.41828
-0.904 2.61309 -3.88205
-0.902 1.72394 -0.499513
-0.9 -0.0734283 2.23404
-0.898 -2.59906 3.95262
-0.896 -5.50291 4.47884
-0.894 -8.32316 3.84802
-0.892 -10.5725 2.29432
-0.89 -11.8352 0.202741
-0.888 -11.8557 -1.96293
-0.886 -10.5984 -3.74274
-0.884 -8.26727 -4.75897
-0.882 -5.27669 -4.77714
-0.88 -2.17951 -3.74044
-0.878 0.43589 -1.77306
-0.876 2.05898 0.846171
-0.874 2.35805 3.7341
-0.872 1.24786 6.46807
-0.87 -1.08995 8.65453
-0.868 -4.23773 9.99042
-0.866 -7.61765 10.3083
-0.864 -10.5973 9.59849
-0.862 -12.6048 8.0054
-0.86 -13.2319 5.79977
-0.858 -12.3057 3.33169
-0.856 -9.91684 0.972715
-0.854 -6.39738 -0.943413
-0.852 -2.25459 -2.17228
-0.85 1.92744 -2.59464
-0.848 5.59761 -2.23138
-0.846 8.33715 -1.23563
-0.844 9.92872 0.136661
-0.842 10.3828 1.57263
-0.84 9.9186 2.75748
-0.838 8.90605 3.42918
-0.836 7.78286 3.42342
-0.834 6.96392 2.701
-0.832 6.76087 1.35309
-0.83 7.32598 -0.416439
-0.828 8.62968 -2.32809
-0.826 10.4743 -4.07626
-0.824 12.5396 -5.38235
-0.822 14.4494 -6.04181
-0.82 15.8459 -5.95702
-0.818 16.455 -5.15011
-0.816 16.1327 -3.7542
-0.814 14.8838 -1.98527
-0.812 12.8521 -0.101063
-0.81 10.2877 1.64418
-0.808 7.498 3.04024
-0.806 4.79274 3.94925
-0.804 2.43462 4.31784
-0.802 0.602574 4.17271
-0.8 -0.626176 3.6026
-0.798 -1.27481 2.73219
-0.796 -1.44967 1.69443
-0.794 -1.31334 0.607892
-0.792 -1.05471 -0.436217
-0.79 -0.861436 -1.37563
-0.788 -0.897553 -2.16876
-0.786 -1.28694 -2.78123
-0.784 -2.10194 -3.17327
-0.782 -3.35615 -3.29383
-0.78 -5.00067 -3.085
-0.778 -6.92398 -2.49701
-0.776 -8.95594 -1.51003
-0.774 -10.8774 -0.156205
-0.772 -12.4369 1.46569
-0.77 -13.3761 3.1893
-0.768 -13.4638 4.79625
-0.766 -12.5362 6.04751
-0.764 -10.5363 6.72523
-0.762 -7.5461 6.67743
-0.76 -3.80022 5.85543
-0.758 0.324174 4.33473
-0.756 4.34461 2.31251
-0.754 7.73439 0.079586
-0.752 9.99995 -2.02965
-0.75 10.7626 -3.70047
-0.748 9.83071 -4.70162
-0.746 7.24824 -4.9357
-0.744 3.30768 -4.46418
-0.742 -1.4795 -3.49985
-0.74 -6.45429 -2.36704
-0.738 -10.9141 -1.43695
-0.736 -14.2322 -1.05155
-0.734 -15.9694 -1.45176
-0.732 -15.9574 -2.72511
-0.73 -14.3339 -4.78371
-0.728 -11.5227 -7.37761
-0.726 -8.15889 -10.1411
-0.724 -4.97169 -12.6629
-0.722 -2.64539 -14.5663
-0.72 -1.68413 -15.583
-0.718 -2.30682 -15.6046
-0.716 -4.39436 -14.7021
-0.714 -7.502 -13.108
-0.712 -10.9372 -11.165
-0.71 -13.8897 -9.25319
-0.708 -15.5889 -7.7102
-0.706 -15.4578 -6.76289
-0.704 -13.2326 -6.48324
-0.702 -9.0241 -6.77685
-0.7 -3.30731 -7.40468
-0.698 3.15888 -8.03215
-0.696 9.46804 -8.29472
-0.694 14.7328 -7.86672
-0.692 18.2496 -6.52086
-0.69 19.6291 -4.16802
-0.688 18.8657 -0.871704
-0.686 16.3335 3.1635
-0.684 12.707 7.62507
-0.682 8.82501 12.1396
-0.68 5.52406 16.3246
-0.678 3.47467 19.8365
-0.676 3.05451 22.4093
-0.674 4.28297 23.88
-0.672 6.83017 24.2007
-0.67 10.0971 23.4391
-0.668 13.3489 21.7677
-0.666 15.8723 19.4462
-0.664 17.1235 16.7953
-0.662 16.8351 14.165
-0.66 15.0628 11.897
-0.658 12.1616 10.2825
-0.656 8.70038 9.51948
-0.654 5.33444 9.67442
-0.652 2.66312 10.6565
-0.65 1.10507 12.2116
-0.648 0.817105 13.9425
-0.646 1.67366 15.358
-0.644 3.31016 15.9455
-0.642 5.2188 15.2589
-0.64 6.87358 13.0046
-0.638 7.85467 9.11152
-0.636 7.9433 3.76853
-0.634 7.16556 -2.58138
-0.632 5.77604 -9.2942
-0.63 4.18601 -15.621
-0.628 2.85337 -20.8325
-0.626 2.16071 -24.3501
-0.624 2.31054 -25.857
-0.622 3.26395 -25.3642
-0.62 4.73898 -23.2165
-0.618 6.27088 -20.033
-0.616 7.32122 -16.5929
-0.614 7.40977 -13.6885
-0.612 6.23703 -11.9731
-0.61 3.76694 -11.8345
-0.608 0.249312 -13.3178
-0.606 -3.82463 -16.1142
-0.604 -7.82397 -19.6188
-0.602 -11.1152 -23.0474
-0.6 -13.2042 -25.5908
-0.598 -13.852 -26.5752
-0.596 -13.1365 -25.5951
-0.594 -11.4436 -22.5907
-0.592 -9.38667 -17.8538
-0.59 -7.66781 -11.9628
-0.588 -6.91201 -5.66386
-0.586 -7.51197 0.275499
-0.584 -9.52136 5.20671
-0.582 -12.624 8.70752
-0.58 -16.1888 10.6365
-0.578 -19.3992 11.1281
-0.576 -21.4312 10.5346
-0.574 -21.6388 9.33042
-0.572 -19.7085 8.00284
-0.57 -15.7461 6.95396
-0.568 -10.2769 6.43455
-0.566 -4.15383 6.52266
-0.564 1.60771 7.14719
-0.562 6.03625 8.14492
-0.56 8.4072 9.3307
-0.558 8.39713 10.558
-0.556 6.15423 11.7511
-0.554 2.26817 12.9015
-0.552 -2.35426 14.0315
-0.55 -6.68086 15.1406
-0.548 -9.77162 16.1544
-0.546 -10.976 16.8959
-0.544 -10.0681 17.0938
-0.542 -7.29157 16.4301
-0.54 -3.30297 14.6205
-0.538 0.97533 11.5089
-0.536 4.5627 7.15023
-0.534 6.64305 1.85901
-0.532 6.75249 -3.79863
-0.53 4.88724 -9.07599
-0.528 1.50578 -13.1737
-0.526 -2.57627 -15.4016
-0.524 -6.37318 -15.3392
-0.522 -8.95375 -12.957
-0.52 -9.65119 -8.6638
-0.518 -8.21084 -3.26113
-0.516 -4.84445 2.19242
-0.514 -0.180391 6.58405
-0.512 4.87853 8.9756
-0.51 9.36011 8.80928
-0.508 12.4475 6.04401
-0.506 13.6752 1.18939
-0.504 13.0496 -4.77502
-0.502 11.0635 -10.5831
-0.5 8.59311 -14.9344
-0.498 6.69871 -16.7647
-0.496 6.37193 -15.4779
-0.494 8.29016 -11.0879
-0.492 12.6366 -4.23644
-0.49 19.0292 3.9224
-0.488 26.5743 11.9496
-0.486 34.0347 18.4141
-0.484 40.0753 22.1877
-0.482 43.5356 22.6798
-0.48 43.6747 19.9576
-0.478 40.3375 14.7292
-0.476 34.0038 8.19112
-0.474 25.707 1.7751
-0.472 16.8329 -3.15183
-0.47 8.83808 -5.5705
-0.468 2.94923 -5.01689
-0.466 -0.090542 -1.67112
-0.464 -0.170653 3.68877
-0.462 2.17451 9.8565
-0.46 5.89037 15.4528
-0.458 9.63437 19.2105
-0.456 12.0647 20.2286
-0.454 12.1255 18.1424
-0.452 9.26954 13.1754
-0.45 3.57427 6.06924
-0.448 -4.27529 -2.09067
-0.446 -13.1344 -10.1084
-0.444 -21.647 -16.9179
-0.442 -28.5408 -21.7777
-0.44 -32.9015 -24.3817
-0.438 -34.363 -24.8672
-0.436 -33.1704 -23.7288
-0.434 -30.104 -21.6638
-0.432 -26.2847 -19.3936
-0.43 -22.9087 -17.503
-0.428 -20.9719 -16.3353
-0.426 -21.0435 -15.9623
-0.424 -23.1365 -16.2266
-0.422 -26.7041 -16.839
-0.42 -30.7625 -17.4949
-0.418 -34.118 -17.9763
-0.416 -35.6508 -18.2089
-0.414 -34.5909 -18.2591
-0.412 -30.7231 -18.2761
-0.41 -24.4673 -18.397
-0.408 -16.8118 -18.6471
-0.406 -9.1099 -18.8695
-0.404 -2.78485 -18.7112
-0.402 0.988901 -17.6796
-0.4 1.55684 -15.2617
-0.398 -1.05438 -11.0808
-0.396 -6.1219 -5.04794
-0.394 -12.3634 2.53439
-0.392 -18.1998 10.9536
-0.39 -22.0904 19.1716
-0.388 -22.8713 26.0054
-0.386 -20.0217 30.3706
-0.384 -13.7963 31.5353
-0.382 -5.18843 29.3255
-0.38 4.27534 24.2284
-0.378 12.8673 17.3613
-0.376 19.0452 10.299
-0.374 21.8072 4.78607
-0.372 20.9338 2.38628
-0.37 17.0616 4.13759
-0.368 11.5697 10.2891
-0.366 6.29881 20.1817
-0.364 3.15843 32.3082
-0.362 3.70171 44.5535
-0.36 8.75701 54.5735
-0.358 18.1987 60.2441
-0.356 30.9147 60.0889
-0.354 44.9897 53.5994
-0.352 58.0743 41.3788
-0.35 67.8668 25.0754
-0.348 72.605 7.11478
-0.346 71.4594 -9.72415
-0.344 64.7377 -22.8112
-0.342 53.8513 -30.1511
-0.34 41.043 -30.7614
-0.338 28.9277 -24.8679
-0.336 19.9348 -13.8769
-0.334 15.7688 -0.128371
-0.332 17.0043 13.5263
-0.33 22.9076 24.2385
-0.328 31.5374 29.6757
-0.326 40.1127 28.4375
-0.324 45.5852 20.3047
-0.322 45.2986 6.27851
-0.32 37.6013 -11.5932
-0.318 22.2809 -30.5712
-0.316 0.723232 -47.6989
-0.314 -24.2517 -60.313
-0.312 -48.859 -66.4994
-0.31 -69.0468 -65.4144
-0.308 -81.2918 -57.4126
-0.306 -83.3335 -43.9632
-0.304 -74.6883 -27.3749
-0.302 -56.8262 -10.3872
-0.3 -32.9581 4.29771
-0.298 -7.46597 14.4583
-0.296 14.9148 18.7037
-0.294 30.0024 16.6781
-0.292 34.9849 9.09251
-0.29 28.987 -2.4173
-0.288 13.2736 -15.583
-0.286 -8.95773 -27.9
-0.284 -33.1644 -37.0623
-0.282 -54.3244 -41.3602
-0.28 -67.9175 -39.9712
-0.278 -70.8296 -33.0909
-0.276 -61.9955 -21.8814
-0.274 -42.6472 -8.25076
-0.272 -16.1102 5.49692
-0.27 12.8149 17.0745
-0.268 38.7642 24.617
-0.266 56.835 27.0088
-0.264 63.523 24.0743
-0.262 57.3864 16.599
-0.26 39.3065 6.17425
-0.258 12.2969 -5.10746
-0.256 -19.0985 -15.0513
-0.254 -49.6916 -21.7766
-0.252 -74.6384 -24.0689
-0.25 -90.3301 -21.5971
-0.248 -95.0139 -14.9534
-0.246 -89.0308 -5.51102
-0.244 -74.6371 4.87038
-0.242 -55.4575 14.2315
-0.24 -35.6866 20.9167
-0.238 -19.2037 23.9105
-0.236 -8.78436 23.0364
-0.234 -5.57204 18.972
-0.232 -8.92109 13.0746
-0.23 -16.6397 7.05616
-0.228 -25.5689 2.58012
-0.226 -32.3557 0.8762
-0.224 -34.2381 2.4609
-0.222 -29.6631 7.02514
-0.22 -18.6062 13.5098
-0.218 -2.53587 20.35
-0.216 15.9577 25.8363
-0.214 33.7769 28.5178
-0.212 48.0356 27.5603
-0.21 56.7208 22.978
-0.208 59.1473 15.6788
-0.206 56.0991 7.29955
-0.204 49.6191 -0.147313
-0.202 42.4953 -4.74102
-0.2 37.5609 -5.12517
-0.198 36.974 -0.864524
-0.196 41.6508 7.40814
-0.194 50.9868 18.0934
-0.192 62.9383 28.9488
-0.19 74.4526 37.5582
-0.188 82.1594 41.8449
-0.186 83.1755 40.522
-0.184 75.8432 33.3896
-0.182 60.2312 21.4107
-0.18 38.2686 6.5434
-0.178 13.463 -8.64654
-0.176 -9.75523 -21.5158
-0.174 -26.933 -29.9055
-0.172 -34.5504 -32.6083
-0.17 -30.8271 -29.6304
-0.168 -16.1997 -22.1796
-0.166 6.64204 -12.3797
-0.164 33.1833 -2.77845
-0.162 57.9044 4.23012
-0.16 75.3382 6.9367
-0.158 81.1595 4.68389
-0.156 73.085 -2.009
-0.154 51.3979 -11.5933
-0.152 18.979 -21.8806
-0.15 -19.1781 -30.585
-0.148 -56.8813 -35.8818
-0.146 -87.9098 -36.8423
-0.144 -107.205 -33.6398
-0.142 -111.84 -27.48
-0.14 -101.571 -20.2798
-0.138 -78.8654 -14.1708
-0.136 -48.3997 -10.9479
-0.134 -16.1586 -11.5902
-0.132 11.6956 -15.9717
-0.13 29.9603 -22.8349
-0.128 35.335 -30.0506
-0.126 27.0057 -35.1165
-0.124 6.77167 -35.7878
-0.122 -21.3164 -30.6868
-0.12 -51.7458 -19.7347
-0.118 -78.6162 -4.28169
-0.116 -96.7808 13.1177
-0.114 -102.814 29.2363
-0.112 -95.6002 40.8849
-0.11 -76.437 45.6293
-0.108 -48.6672 42.3523
-0.106 -16.9602 31.5476
-0.104 13.5833 15.2864
-0.102 38.3327 -3.14479
-0.1 53.8954 -19.8842
-0.098 58.6516 -31.2997
-0.096 52.9781 -34.789
-0.094 39.1194 -29.3858
-0.092 20.7066 -16.0152
-0.09 2.00779 2.6759
-0.088 -12.9369 22.8825
-0.086 -21.0902 40.4756
-0.084 -20.9258 51.9104
-0.082 -12.5783 54.9862
-0.08 2.34606 49.2746
-0.078 21.1913 36.1357
-0.076 40.7802 18.3492
-0.074 57.9463 -0.530746
-0.072 70.0131 -16.9519
-0.07 75.1829 -28.11
-0.068 72.795 -32.5043
-0.066 63.3968 -30.1837
-0.064 48.5877 -22.6411
-0.062 30.6483 -12.4007
-0.06 12.0467 -2.3971
-0.058 -5.03035 4.72684
-0.056 -18.9899 7.25825
-0.054 -28.9307 4.83448
-0.052 -34.5659 -1.47935
-0.05 -36.0672 -9.48924
-0.048 -33.9201 -16.4694
-0.046 -28.8276 -19.9001
-0.044 -21.647 -18.1572
-0.042 -13.3189 -10.9721
-0.04 -4.76543 0.473811
-0.038 3.23143 13.8577
-0.036 10.1239 26.3327
-0.034 15.6147 35.2605
-0.032 19.5817 38.8473
-0.03 21.9496 36.5396
-0.028 22.5875 29.1268
-0.026 21.2967 18.5674
-0.024 17.9051 7.57829
-0.022 12.4203 -0.948748
-0.02 5.16836 -4.60495
-0.018 -3.15266 -2.06876
-0.016 -11.539 6.48795
-0.014 -18.855 19.319
-0.012 -24.0635 33.4151
-0.01 -26.4385 45.17
-0.008 -25.6931 51.2504
-0.006 -21.9876 49.4464
-0.004 -15.8363 39.2695
-0.002 -7.96869 22.1281
0 0.789678 1.0289
0.002 9.58516 -20.112
0.004 17.5629 -37.3724
0.006 23.8936 -47.7277
0.008 27.8398 -49.7435
0.01 28.8757 -43.8795
0.012 26.8248 -32.3192
0.014 21.9534 -18.3756
0.016 14.963 -5.64416
0.018 6.8645 2.8674
0.02 -1.23283 5.405
0.022 -8.34818 1.78162
0.024 -13.7996 -6.70082
0.026 -17.267 -17.6542
0.028 -18.7363 -28.2042
0.03 -18.3603 -35.645
0.032 -16.307 -38.0202
0.034 -12.6686 -34.5331
0.036 -7.47895 -25.7234
0.038 -0.821781 -13.3668
0.04 7.03665 -0.0850349
0.042 15.5679 11.2874
0.044 23.9955 18.4329
0.046 31.3886 20.1688
0.048 36.7837 16.7564
0.05 39.2903 9.80917
0.052 38.1653 1.83587
0.054 32.8822 -4.44738
0.056 23.2331 -6.8529
0.058 9.47732 -4.31731
0.06 -7.49972 2.80039
0.062 -26.1093 12.7964
0.064 -44.159 23.0408
0.066 -59.1677 30.6134
0.068 -68.8382 33.0015
0.07 -71.5533 28.7175
0.072 -66.7468 17.7089
0.074 -55.0606 1.46348
0.076 -38.2715 -17.2352
0.078 -19.0338 -34.8595
0.08 -0.490818 -47.8787
0.082 14.2021 -53.5314
0.084 22.4079 -50.4669
0.086 22.5347 -39.1122
0.088 14.4562 -21.6562
0.09 -0.299808 -1.62396
0.092 -18.7032 16.8803
0.094 -36.7313 30.0771
0.096 -50.1461 35.3416
0.098 -55.3582 31.7643
0.1 -50.1753 20.3179
0.102 -34.2766 3.60116
0.104 -9.33375 -14.7672
0.106 21.223 -30.9467
0.108 52.7475 -41.6759
0.11 80.1507 -44.9081
0.112 98.8015 -40.1682
0.114 105.418 -28.5826
0.116 98.7784 -12.5831
0.118 80.0774 4.65358
0.12 52.8136 19.9198
0.122 22.1886 30.6833
0.124 -5.87043 35.6153
0.126 -25.8586 34.8106
0.128 -33.7689 29.6562
0.13 -27.8776 22.3996
0.132 -9.09346 15.5392
0.134 19.1831 11.1963
0.136 51.662 10.6173
0.138 82.1205 13.9159
0.14 104.551 20.1009
0.142 114.292 27.3676
0.144 108.936 33.5773
0.146 88.8124 36.8095
0.148 56.9566 35.8576
0.15 18.5393 30.55
0.152 -20.118 21.8181
0.154 -52.7517 11.4906
0.156 -74.3387 1.85726
0.158 -82.0185 -4.88985
0.16 -75.575 -7.19836
0.162 -57.3949 -4.54527
0.164 -31.924 2.4158
0.166 -4.74557 11.979
0.168 18.529 21.7531
0.17 33.3316 29.1918
0.172 36.9643 32.1721
0.174 29.0259 29.4854
0.176 11.3681 21.123
0.178 -12.3953 8.2874
0.18 -37.7093 -6.86953
0.182 -60.0504 -21.713
0.184 -75.8418 -33.6852
0.186 -83.1218 -40.834
0.188 -81.8332 -42.1974
0.19 -73.6888 -37.9717
0.192 -61.6625 -29.4341
0.194 -49.2336 -18.6481
0.196 -39.5616 -8.01435
0.198 -34.7747 0.24015
0.2 -35.524 4.52876
0.202 -40.8953 4.22668
0.204 -48.6888 -0.229771
0.206 -55.9947 -7.49144
0.208 -59.9261 -15.6535
0.21 -58.3343 -22.7267
0.212 -50.3374 -27.1016
0.214 -36.5434 -27.8966
0.216 -18.9184 -25.1176
0.218 -0.337714 -19.609
0.22 16.0748 -12.8197
0.222 27.6702 -6.44644
0.224 32.899 -2.03339
0.226 31.6958 -0.615349
0.228 25.5296 -2.47684
0.23 17.0956 -7.0795
0.232 9.7052 -13.1766
0.234 6.50204 -19.0943
0.236 9.68541 -23.1183
0.238 19.9246 -23.8978
0.24 36.1089 -20.7706
0.242 55.4981 -13.9341
0.244 74.2464 -4.42699
0.246 88.1893 6.07484
0.248 93.7274 15.5983
0.25 88.6258 22.2779
0.252 72.5617 24.7426
0.254 47.3057 22.4073
0.256 16.4853 15.6132
0.258 -15.0352 5.58557
0.26 -42.0478 -5.78469
0.262 -59.9922 -16.2933
0.264 -65.8482 -23.8401
0.266 -58.7412 -26.828
0.268 -40.1363 -24.4691
0.27 -13.5769 -16.9397
0.272 15.9831 -5.35977
0.274 43.1217 8.39951
0.276 62.9809 22.0441
0.278 72.1846 33.2635
0.28 69.463 40.1452
0.282 55.8616 41.524
0.284 34.4967 37.2027
0.286 9.91271 28.0037
0.288 -12.8239 15.6378
0.29 -29.1121 2.41351
0.292 -35.6901 -9.1615
0.294 -31.2342 -16.8153
0.296 -16.5748 -18.908
0.298 5.50068 -14.7251
0.3 30.8124 -4.61924
0.302 54.6076 10.0199
0.304 72.4741 26.9694
0.306 81.1662 43.5222
0.308 79.1832 56.9321
0.31 66.9887 64.8817
0.312 46.8381 65.8943
0.314 22.2649 59.6103
0.316 -2.65521 46.8729
0.318 -24.1054 29.6016
0.32 -39.2318 10.4712
0.322 -46.6215 -7.54518
0.324 -46.4733 -21.6886
0.326 -40.4449 -29.8917
0.328 -31.2206 -31.1366
0.33 -21.8964 -25.6323
0.332 -15.3138 -14.7777
0.334 -13.4795 -0.914466
0.336 -17.1859 13.0892
0.338 -25.9028 24.3536
0.34 -37.9487 30.506
0.342 -50.8937 30.1076
0.344 -62.0995 22.9066
0.346 -69.2797 9.87069
0.348 -70.9664 -7.00518
0.35 -66.7897 -25.077
0.352 -57.521 -41.5402
0.354 -44.8752 -53.9361
0.356 -31.1242 -60.5816
0.358 -18.6063 -60.8425
0.36 -9.24291 -55.2054
0.362 -4.16462 -45.1371
0.364 -3.52208 -32.7659
0.366 -6.5122 -20.4526
0.368 -11.6031 -10.3396
0.37 -16.9002 -3.96591
0.372 -20.5719 -2.02226
0.374 -21.2438 -4.28532
0.376 -18.2819 -9.733
0.378 -11.9083 -16.8059
0.38 -3.12987 -23.752
0.382 6.50313 -28.9805
0.384 15.2514 -31.3525
0.386 21.5747 -30.3576
0.388 24.4655 -26.1488
0.39 23.6577 -19.4418
0.392 19.6668 -11.3119
0.394 13.6597 -2.94075
0.396 7.18937 4.6272
0.398 1.85665 10.667
0.4 -1.02834 14.8613
0.402 -0.712637 17.2859
0.404 2.85806 18.3103
0.406 9.05029 18.4482
0.408 16.7009 18.2011
0.41 24.3864 17.9366
0.412 30.7417 17.828
0.414 34.757 17.8633
0.416 35.9844 17.9128
0.418 34.6099 17.8264
0.42 31.3783 17.5283
0.422 27.3928 17.076
0.424 23.8416 16.6658
0.426 21.7144 16.5785
0.428 21.5727 17.0829
0.43 23.4224 18.3225
0.432 26.7137 20.2223
0.434 30.4674 22.4467
0.436 33.4991 24.4292
0.438 34.6958 25.4731
0.44 33.2815 24.9073
0.442 29.0114 22.2602
0.444 22.2492 17.4095
0.446 13.9029 10.6666
0.448 5.23562 2.76788
0.45 -2.40746 -5.23468
0.452 -7.89279 -12.1656
0.454 -10.5459 -16.9629
0.456 -10.2991 -18.9075
0.458 -7.71019 -17.7933
0.46 -3.84734 -13.9953
0.462 -0.0667115 -8.41514
0.464 2.27441 -2.31135
0.466 2.10958 2.95304
0.468 -1.10053 6.19258
0.47 -7.24004 6.65071
0.472 -15.5486 4.16541
0.474 -24.7714 -0.787842
0.476 -33.4156 -7.18702
0.478 -40.0564 -13.671
0.48 -43.6238 -18.8211
0.482 -43.6091 -21.4582
0.484 -40.1514 -20.8919
0.486 -33.9908 -17.069
0.488 -26.3035 -10.5881
0.49 -18.4568 -2.57786
0.492 -11.732 5.53719
0.494 -7.07389 12.3295
0.496 -4.91432 16.6588
0.498 -5.10999 17.897
0.5 -7.00579 16.0409
0.502 -9.60981 11.6929
0.504 -11.8382 5.91835
0.506 -12.7713 0.0129603
0.508 -11.8606 -4.76655
0.51 -9.04137 -7.45293
0.512 -4.72897 -7.54942
0.514 0.293324 -5.10798
0.516 5.06447 -0.69345
0.518 8.66874 4.75345
0.52 10.4425 10.1215
0.522 10.1212 14.3566
0.524 7.89599 16.6639
0.526 4.36881 16.642
0.528 0.414467 14.3285
0.53 -3.01901 10.1517
0.532 -5.12737 4.80876
0.534 -5.43383 -0.895367
0.536 -3.89622 -6.21107
0.538 -0.912139 -10.5722
0.54 2.77818 -13.6672
0.542 6.26756 -15.4467
0.544 8.69413 -16.0744
0.546 9.44164 -15.8433
0.548 8.28337 -15.0805
0.55 5.43913 -14.0652
0.552 1.53384 -12.9799
0.554 -2.5331 -11.9011
0.556 -5.77953 -10.8271
0.558 -7.35246 -9.73004
0.56 -6.71423 -8.61009
0.562 -3.76208 -7.53291
0.564 1.14513 -6.63464
0.566 7.25902 -6.09066
0.568 13.5961 -6.05649
0.57 19.1395 -6.59912
0.572 23.0444 -7.64122
0.574 24.8007 -8.93815
0.576 24.3231 -10.0988
0.578 21.948 -10.6498
0.58 18.3453 -10.1309
0.582 14.3624 -8.20157
0.584 10.8386 -4.73373
0.586 8.42788 0.130805
0.588 7.46937 5.97571
0.59 7.93166 12.1637
0.592 9.44162 17.9418
0.594 11.3883 22.5797
0.596 13.0752 25.5125
0.598 13.8854 26.4568
0.6 13.4197 25.4738
0.602 11.5795 22.9618
0.604 8.57863 19.5804
0.606 4.88356 16.12
0.608 1.10079 13.3455
0.61 -2.16301 11.8456
0.612 -4.43555 11.9196
0.614 -5.47832 13.5211
0.616 -5.32941 16.2698
0.618 -4.28096 19.5277
0.62 -2.79795 22.5235
0.622 -1.39874 24.5013
0.624 -0.527258 24.8642
0.626 -0.447776 23.2848
0.628 -1.18753 19.761
0.63 -2.53966 14.6086
0.632 -4.1243 8.3949
0.634 -5.49173 1.82925
0.636 -6.24218 -4.36427
0.638 -6.13358 -9.5672
0.64 -5.15125 -13.3583
0.642 -3.52279 -15.5634
0.644 -1.67319 -16.2589
0.646 -0.129531 -15.7335
0.648 0.603375 -14.4206
0.65 0.167427 -12.8135
0.652 -1.55402 -11.3829
0.654 -4.39429 -10.5071
0.656 -7.92553 -10.427
0.658 -11.5415 -11.227
0.66 -14.5836 -12.8416
0.662 -16.4831 -15.0799
0.664 -16.8887 -17.6623
0.666 -15.7502 -20.2602
0.668 -13.3395 -22.5359
0.67 -10.2015 -24.1786
0.672 -7.045 -24.9349
0.674 -4.59416 -24.6342
0.676 -3.4325 -23.2079
0.678 -3.87246 -20.6997
0.68 -5.87856 -17.2664
0.682 -9.06162 -13.1672
0.684 -12.7466 -8.73921
0.686 -16.1014 -4.35967
0.688 -18.3012 -0.398954
0.69 -18.695 2.83143
0.692 -16.9415 5.12666
0.694 -13.0845 6.42299
0.696 -7.55469 6.81051
0.698 -1.09419 6.51922
0.7 5.37916 5.87895
0.702 10.942 5.25867
0.704 14.836 4.99603
0.706 16.6064 5.33039
0.708 16.1809 6.35306
0.71 13.8771 7.98591
0.712 10.3342 9.99408
0.714 6.38597 12.0316
0.716 2.89872 13.7114
0.718 0.60653 14.6855
0.72 -0.0239549 14.7186
0.722 1.12617 13.739
0.724 3.81615 11.8566
0.726 7.50156 9.34427
0.728 11.4447 6.58572
0.73 14.8561 4.0008
0.732 17.0408 1.96367
0.734 17.5213 0.730079
0.736 16.1183 0.389178
0.738 12.975 0.849333
0.74 8.52331 1.86091
0.742 3.40152 3.0709
0.744 -1.66084 4.09743
0.746 -5.96664 4.60838
0.748 -8.96102 4.38724
0.75 -10.3088 3.37303
0.752 -9.92888 1.66711
0.754 -7.9846 -0.492831
0.756 -4.83607 -2.78426
0.758 -0.967416 -4.86484
0.76 3.09649 -6.43706
0.762 6.86894 -7.29957
0.764 9.96383 -7.376
0.766 12.1336 -6.71739
0.768 13.2802 -5.48027
0.77 13.4422 -3.88741
0.772 12.7641 -2.18109
0.774 11.4576 -0.579331
0.776 9.76289 0.756032
0.778 7.91538 1.73435
0.78 6.12108 2.33318
0.782 4.54066 2.58092
0.784 3.28076 2.53212
0.786 2.39097 2.24374
0.788 1.86471 1.7594
0.79 1.64317 1.10552
0.792 1.6217 0.299133
0.794 1.65937 -0.636654
0.796 1.59277 -1.65585
0.798 1.2553 -2.67803
0.8 0.501608 -3.58737
0.802 -0.765293 -4.2441
0.804 -2.56912 -4.50751
0.806 -4.84408 -4.26559
0.808 -7.43277 -3.46512
0.81 -10.1013 -2.13477
0.812 -12.5708 -0.394677
0.814 -14.5609 1.55159
0.816 -15.8385 3.44344
0.818 -16.2628 5.00431
0.82 -15.8174 5.99017
0.822 -14.622 6.23562
0.824 -12.9187 5.68793
0.826 -11.0324 4.42155
0.828 -9.31093 2.62973
0.83 -8.05597 0.594128
0.832 -7.45894 -1.36227
0.834 -7.55618 -2.93081
0.836 -8.21426 -3.87163
0.838 -9.15027 -4.05697
0.84 -9.9845 -3.49552
0.842 -10.3163 -2.33283
0.844 -9.80882 -0.827595
0.846 -8.2659 0.692414
0.848 -5.68494 1.88714
0.85 -2.2735 2.46406
0.852 1.57618 2.23096
0.854 5.35181 1.13265
0.856 8.51371 -0.734404
0.858 10.5975 -3.13248
0.86 11.3064 -5.71697
0.862 10.5744 -8.08994
0.864 8.58645 -9.8649
0.866 5.75083 -10.7321
0.868 2.62809 -10.5133
0.87 -0.170827 -9.19641
0.872 -2.09784 -6.94299
0.874 -2.77056 -4.06723
0.876 -2.04418 -0.98863
0.878 -0.0380876 1.83439
0.88 2.8884 3.97976
0.882 6.20596 5.13401
0.884 9.31661 5.14913
0.886 11.666 4.07379
0.888 12.8448 2.15182
0.89 12.6591 -0.213603
0.892 11.1591 -2.52584
0.894 8.61962 -4.28044
0.896 5.47946 -5.05587
0.898 2.25219 -4.593
0.9 -0.573347 -2.84785
0.902 -2.62198 -0.00704549
0.904 -3.69327 3.5384
0.906 -3.78338 7.25737
0.908 -3.06572 10.5705
0.91 -1.83734 12.953
0.912 -0.445108 14.0306
0.914 0.790985 13.6486
0.916 1.64072 11.9024
0.918 2.00027 9.12083
0.92 1.89667 5.80613
0.922 1.46151 2.54093
0.924 0.882076 -0.120651
0.926 0.34319 -1.75645
0.928 -0.0252808 -2.15429
0.93 -0.181914 -1.34888
0.932 -0.179969 0.390061
0.934 -0.145263 2.61605
0.936 -0.232075 4.79839
0.938 -0.569255 6.42993
0.94 -1.21134 7.12769
0.942 -2.10822 6.70586
0.944 -3.10233 5.20685
0.946 -3.9552 2.88481
0.948 -4.39833 0.146478
0.95 -4.19701 -2.53754
0.952 -3.21272 -4.73161
0.954 -1.44911 -6.12341
0.956 0.930184 -6.58306
0.958 3.61815 -6.18127
0.96 6.2143 -5.16331
0.962 8.29872 -3.88554
0.964 9.51536 -2.72958
0.966 9.64621 -2.01414
0.968 8.65991 -1.92464
0.97 6.72326 -2.47626
0.972 4.17228 -3.51789
0.974 1.44826 -4.77461
0.976 -0.988364 -5.91752
0.978 -2.7487 -6.6441
0.98 -3.59203 -6.75025
0.982 -3.47275 -6.17768
0.984 -2.54759 -5.02599
0.986 -1.14151 -3.52704
0.988 0.320965 -1.98777
0.99 1.40479 -0.715318
0.992 1.75504 0.0576717
0.994 1.17024 0.229329
0.996 -0.356753 -0.14704
0.998 -2.63848 -0.876484
1 -5.33227 -1.67062
1.002 -8.01022 -2.21903
1.004 -10.2444 -2.26659
1.006 -11.6894 -1.67831
1.008 -12.1453 -0.475918
1.01 -11.5888 1.16279
1.012 -10.1681 2.94224
1.014 -8.16321 4.51645
1.016 -5.92129 5.57013
1.018 -3.78306 5.89424
1.02 -2.01495 5.43793
1.022 -0.762403 4.32409
1.024 -0.0331938 2.82421
1.026 0.287283 1.29791
1.028 0.394069 0.110813
1.03 0.505326 -0.450402
1.032 0.803783 -0.246308
1.034 1.39065 0.679585
1.036 2.26209 2.10645
1.038 3.31279 3.68258
1.04 4.36476 5.00284
1.042 5.2137 5.70015
1.044 5.68156 5.53041
1.046 5.66234 4.43154
1.048 5.15015 2.5429
1.05 4.24279 0.179869
1.052 3.12023 -2.23109
1.054 2.00348 -4.2429
1.056 1.10392 -5.48372
1.058 0.57527 -5.73686
1.06 0.479437 -4.9872
1.062 0.774334 -3.4239
1.064 1.32638 -1.39925
1.066 1.9449 0.647305
1.068 2.43029 2.28327
1.07 2.62484 3.17484
1.072 2.45377 3.15673
1.074 1.94669 2.26493
1.076 1.23371 0.726005
1.078 0.516706 -1.0945
1.08 0.0217771 -2.77272
1.082 -0.0560825 -3.91848
1.084 0.396491 -4.2584
1.086 1.37749 -3.69255
1.088 2.76077 -2.31279
1.09 4.31494 -0.379887
1.092 5.7466 1.73462
1.094 6.75889 3.62848
1.096 7.11322 4.9529
1.098 6.68084 5.48276
1.1 5.47298 5.15838
1.102 3.64285 4.09085
1.104 1.45842 2.53125
1.106 -0.748549 0.812001
1.108 -2.6471 -0.726045
1.11 -3.97184 -1.80418
1.112 -4.57452 -2.25927
1.114 -4.45163 -2.06941
1.116 -3.74241 -1.34798
1.118 -2.69765 -0.309225
1.12 -1.62594 0.785182
1.122 -0.828467 1.68583
1.124 -0.536028 2.20791
1.126 -0.86098 2.26529
1.128 -1.77389 1.8802
1.13 -3.10927 1.16824
1.132 -4.59889 0.304046
1.134 -5.92577 -0.523199
1.136 -6.78784 -1.15334
1.138 -6.95859 -1.48814
1.14 -6.3327 -1.50677
1.142 -4.94778 -1.26163
1.144 -2.97815 -0.857147
1.146 -0.702286 -0.418004
1.148 1.54934 -0.0553135
1.15 3.45537 0.160502
1.152 4.76147 0.213741
1.154 5.32386 0.141587
1.156 5.13091 0.0179528
1.158 4.29953 -0.071799
1.16 3.04837 -0.0578933
1.162 1.65376 0.0925024
1.164 0.397408 0.365203
1.166 -0.484319 0.702605
1.168 -0.840269 1.01969
1.17 -0.626891 1.22797
1.172 0.0900068 1.26091
1.174 1.15331 1.09411
1.176 2.34799 0.754692
1.178 3.44304 0.317355
1.18 4.23373 -0.1126
1.182 4.57669 -0.425105
1.184 4.4119 -0.533792
1.186 3.76837 -0.399794
1.188 2.7536 -0.0445719
1.19 1.52993 0.451935
1.192 0.282937 0.967863
1.194 -0.811553 1.36706
1.196 -1.61594 1.53136
1.198 -2.05015 1.38978
1.2 -2.09941 0.93779
1.202 -1.81059 0.241659
1.204 -1.27907 -0.573266
1.206 -0.629262 -1.34816
1.208 0.00745811 -1.9246
1.21 0.514005 -2.17912
1.212 0.804762 -2.05085
1.214 0.836464 -1.55572
1.216 0.611526 -0.78411
1.218 0.173928 0.117807
1.22 -0.400951 0.978919
1.222 -1.02021 1.6394
1.224 -1.58825 1.9844
1.226 -2.02019 1.96781
1.228 -2.25198 1.62118
1.23 -2.24662 1.04579
1.232 -1.9964 0.389944
1.234 -1.52157 -0.183621
1.236 -0.866269 -0.533066
1.238 -0.0923262 -0.567893
1.24 0.728447 -0.268045
1.242 1.52265 0.312273
1.244 2.22356 1.05663
1.246 2.77827 1.81142
1.248 3.15295 2.41844
1.25 3.33561 2.74795
1.252 3.33614 2.72532
1.254 3.18393 2.34572
1.256 2.92332 1.67427
1.258 2.60749 0.831771
1.26 2.29157 -0.0304691
1.262 2.02548 -0.7612
1.264 1.84761 -1.23889
1.266 1.78005 -1.39452
1.268 1.82583 -1.2232
1.27 1.96879 -0.782913
1.272 2.17578 -0.18109
1.274 2.40114 0.447767
1.276 2.59276 0.968713
1.278 2.69908 1.27191
1.28 2.67606 1.29228
1.282 2.4932 1.01968
1.284 2.13778 0.498241
1.286 1.61672 -0.184593
1.288 0.95576 -0.916384
1.29 0.196077 -1.58144
1.292 -0.611181 -2.08155
1.294 -1.41156 -2.35188
1.296 -2.15424 -2.36974
1.298 -2.79818 -2.15523
1.3 -3.3167 -1.76449
1.302 -3.69975 -1.27754
1.304 -3.9538 -0.78311
1.306 -4.09917 -0.363472
1.308 -4.16556 -0.0814682
1.31 -4.18606 0.0281235
1.312 -4.191 -0.0380095
1.314 -4.20229 -0.253676
1.316 -4.22943 -0.56967
1.318 -4.26782 -0.923287
1.32 -4.29975 -1.24901
1.322 -4.29789 -1.48859
1.324 -4.23069 -1.59906
1.326 -4.06857 -1.55785
1.328 -3.78989 -1.36469
1.33 -3.38548 -1.04037
1.332 -2.86125 -0.62269
1.334 -2.23833 -0.160352
1.336 -1.55098 0.294479
1.338 -0.842446 0.693828
1.34 -0.159412 1.00074
1.342 0.454164 1.19428
1.344 0.962935 1.27203
1.346 1.34484 1.24965
1.348 1.59379 1.15779
1.35 1.71982 1.03663
1.352 1.74683 0.929034
1.354 1.7082 0.873332
1.356 1.64132 0.896805
1.358 1.58193 1.01106
1.36 1.55928 1.21011
1.362 1.59261 1.47144
1.364 1.68921 1.76
1.366 1.84416 2.03422
1.368 2.04144 2.25299
1.37 2.25643 2.38245
1.372 2.45937 2.40124
1.374 2.61941 2.30332
1.376 2.70852 2.09801
1.378 2.70502 1.80731
1.38 2.5961 1.46127
1.382 2.37925 1.09242
1.384 2.0625 0.730577
1.386 1.66358 0.398823
1.388 1.20839 0.111368
1.39 0.728828 -0.126476
1.392 0.26015 -0.316588
1.394 -0.162152 -0.465246
1.396 -0.505959 -0.580096
1.398 -0.746352 -0.667681
1.4 -0.86915 -0.732074
1.402 -0.873477 -0.774809
1.404 -0.772741 -0.796023
1.406 -0.593617 -0.79636
1.408 -0.372964 -0.778979
1.41 -0.152934 -0.750868
1.412 0.0250626 -0.722865
1.414 0.126651 -0.708145
1.416 0.130004 -0.719462
1.418 0.0296502 -0.765816
1.42 -0.162076 -0.849449
1.422 -0.41627 -0.964018
1.424 -0.691319 -1.09457
1.426 -0.938982 -1.21952
1.428 -1.11191 -1.31435
1.43 -1.17152 -1.35633
1.432 -1.09492 -1.32923
1.434 -0.879673 -1.22702
1.436 -0.545328 -1.05579
1.438 -0.131281 -0.83322
1.44 0.30884 -0.585745
1.442 0.715426 -0.343865
1.444 1.03235 -0.136434
1.446 1.21599 0.0148115
1.448 1.24226 0.0993622
1.45 1.1104 0.119771
1.452 0.843038 0.0908415
1.454 0.482468 0.0363507
1.456 0.0839404 -0.0159829
1.458 -0.29297 -0.0402025
1.46 -0.593521 -0.017303
1.462 -0.776013 0.0611267
1.464 -0.817739 0.19148
1.466 -0.717691 0.359122
1.468 -0.495622 0.541499
1.47 -0.187748 0.712675
1.472 0.160032 0.848341
1.474 0.500045 0.930279
1.476 0.790441 0.949425
1.478 1.00114 0.907004
1.48 1.11727 0.81366
1.482 1.13966 0.686912
1.484 1.08268 0.547579
1.486 0.969983 0.415972
1.488 0.829124 0.308562
1.49 0.686024 0.235722
1.492 0.560299 0.200792
1.494 0.462163 0.200501
1.496 0.391333 0.226466
1.498 0.338013 0.267319
1.5 0.285629 0.31097
1.502 0.214709 0.346549
1.504 0.107141 0.365759
1.506 -0.049985 0.363554
1.508 -0.2616 0.33821
1.51 -0.523393 0.290959
1.512 -0.822243 0.225406
1.514 -1.1382 0.146895
1.516 -1.44763 0.0619272
1.518 -1.72692 -0.0223674
1.52 -1.95595 -0.0987779
1.522 -2.12094 -0.160636
1.524 -2.21587 -0.202535
1.526 -2.24274 -0.221067
1.528 -2.2104 -0.215463
1.53 -2.13254 -0.187976
1.532 -2.02507 -0.143875
1.534 -1.90343 -0.0909472
1.536 -1.78026 -0.0384547
1.538 -1.66366 0.00435931
1.54 -1.55636 0.0300145
1.542 -1.45586 0.0344207
1.544 -1.35552 0.0179831
1.546 -1.24632 -0.0141551
1.548 -1.11908 -0.052896
1.55 -0.966604 -0.0869286
1.552 -0.785368 -0.105124
1.554 -0.576507 -0.0991023
1.556 -0.345873 -0.0653887
1.558 -0.103251 -0.00661781
1.56 0.139057 0.068572
1.562 0.367987 0.147006
1.564 0.571466 0.21352
1.566 0.739894 0.254053
1.568 0.867184 0.258607
1.57 0.951304 0.223463
1.572 0.994309 0.152139
1.574 1.00191 0.0548768
1.576 0.982631 -0.0532445
1.578 0.946616 -0.155208
1.58 0.904283 -0.235348
1.582 0.864958 -0.282376
1.584 0.835744 -0.291516
1.586 0.820818 -0.26532
1.588 0.821257 -0.212965
1.59 0.835341 -0.148171
1.592 0.859161 -0.0861749
1.594 0.887311 -0.0404339
1.596 0.913524 -0.0198084
1.598 0.931218 -0.0268386
1.6 0.934025 -0.0574698
1.602 0.916394 -0.102241
1.604 0.874307 -0.148624
1.606 0.806064 -0.18397
1.608 0.712978 -0.198377
1.61 0.599795 -0.186843
1.612 0.474644 -0.150239
1.614 0.348413 -0.0949044
1.616 0.233569 -0.0310201
1.618 0.142562 0.0298278
1.62 0.0860275 0.0773092
1.622 0.0710524 0.104605
1.624 0.0997424 0.109744
1.626 0.168345 0.0957524
1.628 0.267139 0.0696277
1.63 0.381229 0.0404553
1.632 0.492266 0.0171426
1.634 0.580945 0.00632329
1.636 0.629938 0.0109126
1.638 0.626781 0.0296247
1.64 0.566173 0.0575371
1.642 0.451187 0.0875362
1.644 0.293075 0.112274
1.646 0.109651 0.126135
1.648 -0.0775177 0.126721
1.65 -0.246598 0.115468
1.652 -0.379061 0.0972528
1.654 -0.462706 0.0790786
1.656 -0.493633 0.068189
1.658 -0.476794 0.0700796
1.66 -0.425032 0.0869225
1.662 -0.356702 0.11681
1.664 -0.292295 0.154016
1.666 -0.250606 0.190232
1.668 -0.245172 0.216489
1.67 -0.28163 0.225315
1.672 -0.356547 0.212629
1.674 -0.457986 0.178898
1.676 -0.56772 0.129266
1.678 -0.664676 0.0725891
1.68 -0.728917 0.0195948
1.682 -0.745384 -0.0194385
1.684 -0.706683 -0.03697
1.686 -0.614435 -0.0299507
1.688 -0.478964 -0.000651995
1.69 -0.317434 0.0436365
1.692 -0.150795 0.0920048
1.694 -0.000110136 0.132136
1.696 0.117065 0.152862
1.698 0.189593 0.14651
1.7 0.214428 0.110527
1.702 0.196772 0.0480446
1.704 0.148727 -0.0327423
1.706 0.0867514 -0.120223
1.708 0.0284539 -0.20168
1.71 -0.0106404 -0.265753
1.712 -0.0197507 -0.304525
1.714 0.00552864 -0.31482
1.716 0.0628523 -0.298475
1.718 0.143983 -0.261605
1.72 0.236645 -0.213043
1.722 0.326978 -0.162355
1.724 0.402119 -0.117841
1.726 0.452439 -0.0849526
1.728 0.473027 -0.0654407
1.73 0.464191 -0.0573833
1.732 0.430932 -0.0560336
1.734 0.381571 -0.0552556
1.736 0.325872 -0.0491803
1.738 0.273091 -0.0336891
1.74 0.230357 -0.00739158
1.742 0.201661 0.0280983
1.744 0.187605 0.0686142
1.746 0.185846 0.10848
1.748 0.192061 0.141876
1.75 0.20117 0.16421
1.752 0.208536 0.173161
1.754 0.210895 0.169184
1.756 0.20686 0.155353
1.758 0.196924 0.136594
1.76 0.183032 0.118498
1.762 0.167841 0.105991
1.764 0.153902 0.102165
1.766 0.142951 0.107561
1.768 0.135507 0.120037
1.77 0.130834 0.135259
1.772 0.127253 0.147671
1.774 0.122689 0.151736
1.776 0.115275 0.143169
1.778 0.103862 0.119893
1.78 0.0882998 0.0825427
1.782 0.0694547 0.0343898
1.784 0.0489552 -0.0192572
1.786 0.0287653 -0.072071
1.788 0.010687 -0.117913
1.79 -0.00408032 -0.151977
1.792 -0.0152205 -0.171641
1.794 -0.0233615 -0.176834
1.796 -0.029903 -0.169882
1.798 -0.0366472 -0.154877
1.8 -0.0453146 -0.136731
1.802 -0.0570552 -0.120129
1.804 -0.0720782 -0.108601
1.806 -0.0894973 -0.103893
1.808 -0.10744 -0.105736
1.81 -0.123407 -0.112043
1.812 -0.134796 -0.119464
1.814 -0.13949 -0.124177
1.816 -0.136349 -0.122743
1.818 -0.125515 -0.112849
1.82 -0.108441 -0.0938034
1.822 -0.087655 -0.0666594
1.824 -0.0662773 -0.0339882
1.826 -0.0474254 0.000657574
1.828 -0.0336054 0.0334479
1.83 -0.0262368 0.0609909
1.832 -0.0254096 0.0809105
1.834 -0.0299259 0.0921823
1.836 -0.0376063 0.0951849
1.838 -0.0457828 0.0914857
1.84 -0.0518629 0.0834293
1.842 -0.0538449 0.0736233
1.844 -0.0506866 0.064428
1.846 -0.0424671 0.0575451
1.848 -0.030319 0.0537739
1.85 -0.0161549 0.0529698
1.852 -0.0022449 0.0541997
1.854 0.00926838 0.0560465
1.856 0.0168171 0.0569893
1.858 0.0197254 0.0557689
1.86 0.0183293 0.051659
1.862 0.0138752 0.0445937
1.864 0.00822486 0.0351396
1.866 0.0034369 0.0243363
1.868 0.00132588 0.0134541
1.87 0.00309466 0.00372856
1.872 0.00911363 -0.00387305
1.874 0.018879 -0.00880743
1.876 0.0311431 -0.0110098
1.878 0.0441763 -0.0108446
1.88 0.0561029 -0.00897394
1.882 0.0652421 -0.00617896
1.884 0.0703936 -0.00318115
1.886 0.071018 -0.000502416
1.888 0.0672878 0.00160714
1.89 0.0600058 0.0031653
1.892 0.0504152 0.00438804
1.894 0.0399437 0.00557982
1.896 0.0299356 0.00701667
1.898 0.0214302 0.00885262
1.9 0.0150254 0.0110705
1.902 0.0108467 0.0134843
1.904 0.00861187 0.015787
1.906 0.00776435 0.0176279
1.908 0.00763587 0.0186997
1.91 0.00760206 0.0188145
1.912 0.00720186 0.0179516
1.914 0.006204 0.0162644
1.916 0.00461601 0.0140464
1.918 0.00264197 0.0116623
1.92 0.000603501 0.00946468
1.922 -0.00115541 0.00771457
1.924 -0.00235694 0.00652872
1.926 -0.00285096 0.00586366
1.928 -0.00263738 0.0055395
1.93 -0.00184872 0.00529521
1.932 -0.000703191 0.00486033
1.934 0.00055457 0.00402486
1.936 0.00170776 0.00269081
1.938 0.0026043 0.000894623
1.94 0.00317135 -0.00120262
1.942 0.00340956 -0.00335286
1.944 0.00337322 -0.00527689
1.946 0.00314411 -0.00672531
1.948 0.0028058 -0.00753051
1.95 0.00242357 -0.00763845
1.952 0.00203314 -0.00711362
1.954 0.00163975 -0.00611788
1.956 0.00122661 -0.00487006
1.958 0.000769549 -0.00359703
1.96 0.000252976 -0.00248821
1.962 -0.000318183 -0.0016635
1.964 -0.000914397 -0.00116038
1.966 -0.00148632 -0.000941126
1.968 -0.00197637 -0.000915723
1.97 -0.00233295 -0.000973198
1.972 -0.00252256 -0.00101258
1.974 -0.00253655 -0.000966191
1.976 -0.00239144 -0.000810668
1.978 -0.00212351 -0.000564664
1.98 -0.00178004 -0.000275768
1.982 -0.00140967 -1.6825e-06
1.984 -0.00105409 0.000208299
1.986 -0.000742641 0.000326346
1.988 -0.000490572 0.000350811
1.99 -0.000300717 0.000302533
1.992 -0.000167342 0.000215096
1.994 -8.05981e-05 0.00012293
1.996 -2.99962e-05 5.13059e-05
1.998 -6.03311e-06 1.11957e-05
0.5 1.77037 0.14272
1 1.49629 0.152948
1.5 1.1315 0.169794
2 0.772898 0.193324
2.5 0.496607 0.223457
3 0.336871 0.258532
3.5 0.28696 0.293282
4 0.315622 0.317591
4.5 0.38575 0.317609
5 0.464819 0.279905
5.5 0.526001 0.197642
6 0.546979 0.076117
6.5 0.514096 -0.065411
7 0.432488 -0.197357
7.5 0.334352 -0.28816
8 0.274721 -0.314113
8.5 0.310558 -0.266534
9 0.470752 -0.153423
9.5 0.733536 0.0045268
10 1.02678 0.181018
10.5 1.25492 0.350838
11 1.34071 0.493717
11.5 1.26009 0.595243
12 1.05135 0.646502
12.5 0.793738 0.644273
13 0.567729 0.592158
13.5 0.419048 0.501322
14 0.345275 0.388954
14.5 0.309987 0.273785
15 0.273281 0.170174
15.5 0.219052 0.0837017
16 0.162959 0.010847
16.5 0.137917 -0.0569275
17 0.167801 -0.126861
17.5 0.246607 -0.199794
18 0.33612 -0.268805
18.5 0.383496 -0.321813
19 0.348307 -0.346166
19.5 0.223636 -0.332689
20 0.0399235 -0.277689
20.5 -0.149559 -0.183207
21 -0.292852 -0.0567681
21.5 -0.360241 0.0885942
22 -0.35244 0.234531
22.5 -0.294361 0.359219
23 -0.220287 0.441747
23.5 -0.1593 0.468245
24 -0.127476 0.437199
24.5 -0.128068 0.361044
25 -0.156276 0.262604
25.5 -0.203853 0.167514
26 -0.260856 0.0958263
26.5 -0.315155 0.0563902
27 -0.352381 0.0460257
27.5 -0.358498 0.053149
28 -0.324699 0.06361
28.5 -0.252045 0.0660624
29 -0.152695 0.0550663
29.5 -0.046398 0.0315229
30 0.0463502 0.00107803
30.5 0.111101 -0.0285368
31 0.14298 -0.0503898
31.5 0.145755 -0.060797
32 0.12779 -0.0606878
32.5 0.09765 -0.0553133
33 0.0616861 -0.0521421
33.5 0.0241523 -0.0575787
34 -0.0113733 -0.0738866
34.5 -0.0410809 -0.0978458
35 -0.0615227 -0.121948
35.5 -0.0711897 -0.137652
36 -0.071565 -0.139133
36.5 -0.0663941 -0.125715
37 -0.0592293 -0.101942
37.5 -0.0507219 -0.0755227
38 -0.0376322 -0.0543604
38.5 -0.014669 -0.0440638
39 0.02147 -0.0467348
39.5 0.0680288 -0.0609872
40 0.114647 -0.0826414
40.5 0.145777 -0.105618
41 0.146455 -0.122971
41.5 0.108953 -0.128276
42 0.0371138 -0.117437
42.5 -0.0538946 -0.0904677
43 -0.142632 -0.0523575
43.5 -0.209183 -0.012225
44 -0.242336 0.0193968
44.5 -0.243016 0.0343311
45 -0.222543 0.0300803
45.5 -0.196652 0.011187
46 -0.178128 -0.0121365
46.5 -0.171432 -0.0277115
47 -0.171675 -0.0259792
47.5 -0.168147 -0.0035921
48 -0.150482 0.0354824
48.5 -0.114346 0.0817739
49 -0.0639684 0.124195
49.5 -0.0104846 0.154243
50 0.0328912 0.168635
50.5 0.0564145 0.169294
51 0.0575421 0.160945
51.5 0.0414148 0.147804
52 0.0183025 0.131356
52.5 -0.000503907 0.110515
53 -0.00653227 0.0840341
53.5 0.00355097 0.0535578
54 0.0274458 0.0251196
54.5 0.058149 0.00766228
55 0.0857493 0.00890187
55.5 0.0997484 0.0306249
56 0.09174 0.0661723
56.5 0.0581035 0.101931
57 0.00193678 0.122551
57.5 -0.0667922 0.117505
58 -0.133521 0.0857397
58.5 -0.18343 0.0360802
59 -0.206305 -0.0167565
59.5 -0.199864 -0.0584207
60 -0.169989 -0.0803246
60.5 -0.127798 -0.0817221
61 -0.0850538 -0.0679821
61.5 -0.0501676 -0.0465867
62 -0.0265482 -0.0233457
62.5 -0.0135442 -0.000774216
63 -0.00875007 0.0210045
63.5 -0.0098706 0.0420455
64 -0.015005 0.0609167
64.5 -0.0215894 0.0748437
65 -0.0253367 0.0815603
65.5 -0.0205688 0.0815341
66 -0.00231086 0.0789027
66.5 0.0308545 0.0801966
67 0.0749321 0.091274
67.5 0.12101 0.114021
68 0.15815 0.144637
68.5 0.177352 0.174546
69 0.174705 0.193644
69.5 0.152409 0.194377
70 0.117514 0.174768
70.5 0.0793081 0.13905
71 0.0465733 0.0958066
71.5 0.025495 0.0546561
72 0.0183482 0.023059
72.5 0.0228263 0.0045502
73 0.0321311 -0.00121538
73.5 0.0363435 0.00287898
74 0.0255025 0.0130597
74.5 -0.00603712 0.0257996
75 -0.0556292 0.0382001
75.5 -0.111082 0.0479222
76 -0.153814 0.0531426
76.5 -0.166102 0.0527658
77 -0.139647 0.0467356
77.5 -0.0813324 0.0360887
78 -0.0127538 0.022562
78.5 0.0371161 0.00794372
79 0.0433111 -0.00636907
79.5 -0.0047632 -0.0192451
80 -0.0987467 -0.0292059
80.5 -0.214509 -0.0338651
81 -0.321339 -0.0300626
81.5 -0.392738 -0.0149411
82 -0.414208 0.012458
82.5 -0.385598 0.0499826
83 -0.318547 0.0923656
83.5 -0.231527 0.132607
84 -0.144991 0.164118
84.5 -0.0776066 0.182547
85 -0.043037 0.186464
85.5 -0.0465532 0.176793
86 -0.0820207 0.155654
86.5 -0.131356 0.125533
87 -0.168675 0.0892568
87.5 -0.169339 0.0505288
88 -0.120884 0.0142107
88.5 -0.030503 -0.0143396
89 0.0756354 -0.0308946
89.5 0.162251 -0.0341584
90 0.200026 -0.0266206
90.5 0.17864 -0.0137527
91 0.111141 -0.00178285
91.5 0.0273945 0.0048545
92 -0.0399079 0.00505831
92.5 -0.0694579 0.000830632
93 -0.0588356 -0.00446645
93.5 -0.0223987 -0.00826974
94 0.0181693 -0.0101414
94.5 0.0450192 -0.0116094
95 0.0514543 -0.0148041
95.5 0.0427954 -0.0208616
96 0.0318261 -0.0291009
96.5 0.0320494 -0.0374049
97 0.0519513 -0.0434528
97.5 0.0919295 -0.0459599
98 0.143983 -0.0451669
98.5 0.193595 -0.0423691
99 0.223371 -0.0389009
99.5 0.218039 -0.0352894
100 0.169862 -0.0311118
100.5 0.0825915 -0.0255783
101 -0.0282069 -0.0183861
101.5 -0.139495 -0.0102401
102 -0.228556 -0.00269308
102.5 -0.280885 0.00257994
103 -0.29435 0.00459879
103.5 -0.277567 0.00347867
104 -0.243561 0.000201613
104.5 -0.20237 -0.00404093
105 -0.156697 -0.00847578
105.5 -0.102663 -0.0129422
106 -0.0345809 -0.0175662
106.5 0.0496502 -0.0221911
107 0.145939 -0.026011
107.5 0.245432 -0.0277209
108 0.338478 -0.0261539
108.5 0.418099 -0.021038
109 0.480618 -0.0133948
109.5 0.523423 -0.00528815
110 0.542102 0.00100227
110.5 0.529839 0.00396821
111 0.480383 0.00351286
111.5 0.393255 0.000920998
112 0.277819 -0.00180108
112.5 0.152941 -0.00285523
113 0.041291 -0.00138275
113.5 -0.0393923 0.00232193
114 -0.0836368 0.00713665
114.5 -0.10008 0.0117306
115 -0.10656 0.0151347
115.5 -0.120863 0.0170184
116 -0.151938 0.0176278
116.5 -0.196064 0.017512
117 -0.239654 0.0172177
117.5 -0.266706 0.017077
118 -0.266682 0.0171186
118.5 -0.238851 0.0170758
119 -0.191677 0.0164691
119.5 -0.138741 0.0147649
120 -0.0941575 0.0116028
120.5 -0.0697004 0.00702502
121 -0.0737483 0.0015915
121.5 -0.110527 -0.00372302
122 -0.178271 -0.0078438
122.5 -0.266759 -0.00997481
123 -0.356572 -0.00982516
123.5 -0.42256 -0.00754833
124 -0.441778 -0.00345859
124.5 -0.402842 0.00222815
125 -0.31163 0.00936778
125.5 -0.189446 0.0175149
126 -0.0637967 0.0254458
126.5 0.0435206 0.0310085
127 0.124311 0.0316304
127.5 0.183376 0.0254367
128 0.230176 0.0124862
128.5 0.268558 -0.00458608
129 0.291732 -0.0210377
129.5 0.28635 -0.0315824
130 0.243483 -0.0324422
130.5 0.169371 -0.0229781
131 0.0883759 -0.0061448
131.5 0.0350139 0.0124497
132 0.0385461 0.0264854
132.5 0.108308 0.0310904
133 0.227762 0.0244222
133.5 0.360427 0.0081771
134 0.46432 -0.0130504
134.5 0.507373 -0.0332753
135 0.4766 -0.0470063
135.5 0.378079 -0.0509448
136 0.230075 -0.044988
136.5 0.0546623 -0.0322001
137 -0.127467 -0.0177257
137.5 -0.297689 -0.00699988
138 -0.437864 -0.00391072
138.5 -0.530068 -0.00960792
139 -0.559785 -0.0223623
139.5 -0.521658 -0.038393
140 -0.424461 -0.0531676
140.5 -0.291685 -0.0625855
141 -0.156182 -0.0637093
141.5 -0.050429 -0.0550948
142 0.00371277 -0.0369767
142.5 0.00147137 -0.0114408
143 -0.0447226 0.0176187
143.5 -0.111302 0.0451476
144 -0.173116 0.0663677
144.5 -0.212557 0.0786039
145 -0.22483 0.0825779
145.5 -0.217699 0.0822146
146 -0.206328 0.0826924
146.5 -0.205703 0.0875312
147 -0.223871 0.0962972
147.5 -0.258667 0.104403
148 -0.298935 0.105412
148.5 -0.329358 0.0947913
149 -0.336568 0.0730354
149.5 -0.313927 0.0462717
150 -0.263232 0.0237353
150.5 -0.193133 0.013258
151 -0.11543 0.0170898
151.5 -0.0411244 0.0302982
152 0.0222223 0.0426938
152.5 0.0710982 0.0434337
153 0.104897 0.0261177
153.5 0.123909 -0.00800897
154 0.127486 -0.0501864
154.5 0.113187 -0.0874785
155 0.0773411 -0.107814
155.5 0.0169698 -0.1046
156 -0.0674682 -0.0790897
156.5 -0.169537 -0.0397034
157 -0.275778 0.00128954
157.5 -0.367221 0.0323143
158 -0.423677 0.0464624
158.5 -0.429795 0.0433886
159 -0.380754 0.0285183
159.5 -0.285143 0.0100859
160 -0.163391 -0.00455696
160.5 -0.0418522 -0.0116546
161 0.0554332 -0.0116148
161.5 0.114103 -0.00739104
162 0.132954 -0.00178316
162.5 0.122141 0.0046959
163 0.0969869 0.0141237
163.5 0.0702898 0.0294854
164 0.0466921 0.0520506
164.5 0.0217501 0.0794495
165 -0.0139104 0.10571
165.5 -0.0674748 0.123403
166 -0.137574 0.126821
166.5 -0.212206 0.114557
167 -0.272461 0.0901541
167.5 -0.300664 0.0605904
168 -0.289055 0.0334306
168.5 -0.244624 0.0140803
169 -0.187335 0.00433383
169.5 -0.142272 0.00261839
170 -0.129316 0.00547997
170.5 -0.15524 0.00939409
171 -0.211842 0.0120708
171.5 -0.280527 0.0128834
172 -0.340494 0.0125463
172.5 -0.376164 0.0124356
173 -0.380494 0.0139299
173.5 -0.353639 0.0179652
174 -0.299204 0.0248185
174.5 -0.221326 0.0340536
175 -0.124561 0.0445803
175.5 -0.0160017 0.0548102
176 0.0929323 0.062913
176.5 0.187554 0.0671548
177 0.254321 0.0662724
177.5 0.28644 0.0598194
178 0.287165 0.0484015
178.5 0.268283 0.0337142
179 0.244109 0.0183113
179.5 0.224209 0.00509887
180 0.209086 -0.00334728
180.5 0.191453 -0.00543757
181 0.162434 -0.000977416
181.5 0.119042 0.00880185
182 0.0684613 0.021558
182.5 0.0264843 0.0343382
183 0.0107923 0.0440944
183.5 0.0326612 0.0481426
184 0.091423 0.0446002
184.5 0.174366 0.0328291
185 0.261784 0.0137765
185.5 0.334374 -0.010034
186 0.379416 -0.0350767
186.5 0.393332 -0.0579054
187 0.380379 -0.0763016
187.5 0.349048 -0.0898481
188 0.308307 -0.0994989
188.5 0.265224 -0.106306
189 0.224256 -0.110078
189.5 0.187623 -0.10896
190 0.155949 -0.100416
190.5 0.128759 -0.0832435
191 0.104829 -0.0593625
191.5 0.0825941 -0.0341078
192 0.0606189 -0.0144706
192.5 0.0379426 -0.00601838
193 0.0140714 -0.0101322
193.5 -0.0113107 -0.0231774
194 -0.0385581 -0.038172
194.5 -0.067818 -0.0480702
195 -0.0982868 -0.0488336
195.5 -0.127431 -0.0406392
196 -0.150901 -0.0267563
196.5 -0.1636 -0.0110619
197 -0.161707 0.0040822
197.5 -0.144735 0.0182668
198 -0.116493 0.0317239
198.5 -0.0842844 0.0434651
199 -0.0565508 0.0504785
199.5 -0.0400057 0.0488676
200 -0.0375608 0.0364422
200.5 -0.0478862 0.0151584
201 -0.0665951 -0.00830352
201.5 -0.0882783 -0.0245348
202 -0.108355 -0.0251889
202.5 -0.124015 -0.00670777
203 -0.134147 0.0279018
203.5 -0.138659 0.070109
204 -0.137815 0.109136
204.5 -0.132016 0.135838
205 -0.122112 0.145437
205.5 -0.109996 0.138107
206 -0.0990254 0.117599
206.5 -0.0938266 0.088929
207 -0.099215 0.0563947
207.5 -0.118359 0.0227118
208 -0.150762 -0.0106609
208.5 -0.191022 -0.0425509
209 -0.229283 -0.0711803
209.5 -0.253733 -0.0938683
210 -0.254546 -0.107447
210.5 -0.227698 -0.109157
211 -0.176899 -0.0976524
211.5 -0.112525 -0.0737401
212 -0.047892 -0.040641
212.5 0.00543237 -0.00365715
213 0.0410956 0.0307411
213.5 0.058734 0.0562781
214 0.0621545 0.0684171
214.5 0.0564254 0.0656841
215 0.045755 0.0503228
215.5 0.0331762 0.0279479
216 0.021578 0.00615055
216.5 0.014606 -0.00761672
217 0.0161297 -0.00823146
217.5 0.0282287 0.00556667
218 0.0490685 0.0308491
218.5 0.0725255 0.0614927
219 0.0905099 0.090119
219.5 0.0971472 0.110252
220 0.0925134 0.117923
220.5 0.0835335 0.112243
221 0.0811295 0.0949158
221.5 0.0948839 0.0691421
222 0.128006 0.0385497
222.5 0.175291 0.00664126
223 0.225099 -0.0231396
223.5 0.264192 -0.0470697
224 0.28285 -0.0611016
224.5 0.27783 -0.061538
225 0.252179 -0.0463996
225.5 0.212711 -0.0169335
226 0.166943 0.0215831
226.5 0.121081 0.0604451
227 0.079566 0.0896626
227.5 0.0455545 0.101041
228 0.0213044 0.091059
228.5 0.00787247 0.0623417
229 0.00435386 0.0230518
229.5 0.00744654 -0.0156701
230 0.012011 -0.0432603
230.5 0.0126452 -0.052945
231 0.00559342 -0.0434562
231.5 -0.0099457 -0.0187482
232 -0.0317166 0.0139664
232.5 -0.0554451 0.0469212
233 -0.0763995 0.0741339
233.5 -0.0907301 0.0925711
234 -0.0961484 0.101944
234.5 -0.0919724 0.103544
235 -0.078868 0.0988764
235.5 -0.0586067 0.0888126
236 -0.0339249 0.0735991
236.5 -0.008333 0.0535719
237 0.0143238 0.0300349
237.5 0.0305942 0.00568946
238 0.0382456 -0.0157443
238.5 0.0368616 -0.0306268
239 0.0279441 -0.0367245
239.5 0.0144615 -0.0341189
240 1.12056e-05 -0.0252374
240.5 -0.01211 -0.013964
241 -0.0196473 -0.00422672
241.5 -0.0217718 0.00131681
242 -0.0190723 0.0019583
242.5 -0.013215 -0.00121636
243 -0.00638694 -0.00611887
243.5 -0.000663777 -0.0106395
244 0.00254054 -0.0133733
244.5 0.00279756 -0.0138617
245 0.000669038 -0.0123995
245.5 -0.00260027 -0.00964199
246 -0.00558213 -0.0062664
246.5 -0.00716572 -0.00281923
247 -0.00687748 0.000272076
247.5 -0.00492656 0.00263658
248 -0.00200468 0.00395107
248.5 0.00103651 0.00401181
249 0.00348483 0.00283522
249.5 0.00494361 0.000708069
250 0.00536226 -0.00186167
250.5 0.00496033 -0.00428207
251 0.00410443 -0.00604421
251.5 0.00318257 -0.0068504
252 0.00249688 -0.00666
252.5 0.00218561 -0.00564967
253 0.00218974 -0.00411828
253.5 0.00228364 -0.00238101
254 0.00217518 -0.000691005
254.5 0.00164816 0.00079151
255 0.000688494 0.00198626
255.5 -0.00047126 0.00285684
256 -0.00142339 0.00337863
256.5 -0.00175066 0.00352991
257 -0.00121334 0.0033083
257.5 0.000130932 0.00275743
258 0.00193302 0.00198168
258.5 0.0036823 0.00113346
259 0.00490063 0.000374416
259.5 0.00531313 -0.000172797
260 0.00492499 -0.00046005
260.5 0.00398076 -0.000521609
261 0.00283629 -0.000453496
261.5 0.00180747 -0.000375574
262 0.00106149 -0.000391979
262.5 0.000589587 -0.000562292
263 0.000260161 -0.000889321
263.5 -8.32707e-05 -0.00132367
264 -0.000529883 -0.00178167
264.5 -0.00105716 -0.00217097
265 -0.00155023 -0.00241604
265.5 -0.00186967 -0.00247598
266 -0.00193055 -0.00234972
266.5 -0.00175243 -0.00206947
267 -0.00145596 -0.00168831
267.5 -0.00120931 -0.00126845
268 -0.00115158 -0.000873165
268.5 -0.00133037 -0.000559627
269 -0.0016816 -0.000368544
269.5 -0.00205819 -0.000310611
270 -0.00229173 -0.000356642
270.5 -0.0022585 -0.000441247
271 -0.00192321 -0.000484643
271.5 -0.00134655 -0.000425754
272 -0.000658466 -0.000250096
272.5 -1.10368e-05 4.25789e-06
273 0.000471355 0.000268019
273.5 0.000728571 0.000478647
274 0.000778018 0.000613656
274.5 0.000701656 0.000700134
275 0.000611156 0.000794985
275.5 0.000602593 0.000946984
276 0.000716598 0.00116134
276.5 0.000919547 0.00138528
277 0.00111451 0.00152194
277.5 0.00117929 0.0014666
278 0.00101727 0.00115082
278.5 0.000600875 0.000578169
279 -9.95653e-06 -0.000161184
279.5 -0.000681519 -0.000903808
280 -0.00124659 -0.00145359
280.5 -0.00155555 -0.00164057
281 -0.00151997 -0.00138061
281.5 -0.00113487 -0.000714115
282 -0.000474898 0.000194985
282.5 0.000330966 0.00110543
283 0.00113521 0.00177698
283.5 0.00180581 0.00205196
284 0.00224922 0.00190689
284.5 0.00241867 0.00145251
285 0.00231021 0.000882658
285.5 0.00195258 0.000395299
286 0.00139716 0.000120415
286.5 0.000711176 8.46326e-05
287 -2.68274e-05 0.000223532
287.5 -0.000733008 0.000429894
288 -0.00132866 0.000610845
288.5 -0.00175426 0.000726087
289 -0.001982 0.000792346
289.5 -0.00202048 0.000858164
290 -0.00190789 0.000967707
290.5 -0.0016962 0.00113511
291 -0.00143405 0.00134153
291.5 -0.00115641 0.00155188
292 -0.000885013 0.00173673
292.5 -0.000636039 0.00188366
293 -0.000426973 0.00199151
293.5 -0.000275477 0.00205423
294 -0.000189635 0.00204889
294.5 -0.000156529 0.00194004
295 -0.000139288 0.00170071
295.5 -8.85688e-05 0.00133786
296 3.48807e-05 0.000904441
296.5 0.000238392 0.000486764
297 0.000489612 0.000170085
297.5 0.000728956 -7.40678e-07
298 0.000896591 -4.43879e-05
298.5 0.000959216 -3.64365e-05
299 0.000921718 -7.49262e-05
299.5 0.000817802 -0.00023447
300 0.000686257 -0.000530917
300.5 0.00054769 -0.000912885
301 0.000395286 -0.00128318
301.5 0.000203778 -0.00153941
302 -5.01276e-05 -0.00161538
302.5 -0.000368177 -0.00150599
303 -0.000721523 -0.00126644
303.5 -0.0010544 -0.000987846
304 -0.00129637 -0.000760237
304.5 -0.00137799 -0.000638255
305 -0.00124775 -0.000622599
305.5 -0.000890576 -0.000663609
306 -0.000345542 -0.000684505
306.5 0.000285756 -0.000614349
307 0.000852194 -0.00041744
307.5 0.0011939 -0.00010785
308 0.00120188 0.000255879
308.5 0.000871077 0.000592817
309 0.000315717 0.000829036
309.5 -0.000270206 0.000922537
310 -0.000696267 0.000874417
310.5 -0.00086373 0.000723
311 -0.000810942 0.00052463
311.5 -0.000687704 0.000329946
312 -0.000668915 0.00016576
312.5 -0.00085358 2.96789e-05
313 -0.00120608 -0.000101385
313.5 -0.00157389 -0.000253961
314 -0.00177239 -0.000440957
314.5 -0.0016883 -0.000653058
315 -0.00134298 -0.000862114
315.5 -0.000880686 -0.00103366
316 -0.000491253 -0.00114119
316.5 -0.000313228 -0.00117452
317 -0.000371926 -0.00113876
317.5 -0.000582854 -0.001046
318 -0.000811267 -0.000906264
318.5 -0.00094804 -0.000723551
319 -0.000957961 -0.000499258
319.5 -0.000878717 -0.000239854
320 -0.000780829 3.71986e-05
320.5 -0.00071986 0.000304161
321 -0.000710894 0.000531065
321.5 -0.00073546 0.000696995
322 -0.000768192 0.000798313
322.5 -0.000799839 0.000848968
323 -0.000840201 0.000872298
323.5 -0.000901923 0.00088833
324 -0.000980449 0.000902999
324.5 -0.00104696 0.00090484
325 -0.00105999 0.00087102
325.5 -0.000986991 0.000780027
326 -0.000819888 0.000625025
326.5 -0.000574335 0.000421411
327 -0.000274866 0.000204707
327.5 6.09051e-05 1.9357e-05
328 0.000425792 -9.67559e-05
328.5 0.000811199 -0.000125346
329 0.00118988 -7.28627e-05
329.5 0.00150914 3.38436e-05
330 0.0017043 0.000158547
330.5 0.00172766 0.000267965
331 0.00157586 0.000340345
331.5 0.00129661 0.000368076
332 0.000967399 0.000355339
332.5 0.000656171 0.000313678
333 0.000386876 0.00025797
333.5 0.00013109 0.000203533
334 -0.000167519 0.00016365
334.5 -0.000548959 0.0001467
335 -0.000998406 0.000153363
335.5 -0.00143663 0.000175561
336 -0.00174673 0.000198669
336.5 -0.0018245 0.000206895
337 -0.00162705 0.000189575
337.5 -0.00119542 0.000145189
338 -0.000640909 8.10194e-05
338.5 -0.000102839 8.96808e-06
339 0.000301879 -5.9629e-05
339.5 0.00051521 -0.000116895
340 0.000547291 -0.000157567
340.5 0.000458738 -0.000175858
341 0.000327523 -0.000163417
341.5 0.000216583 -0.000111315
342 0.000155576 -1.62442e-05
342.5 0.000142284 0.0001122
343 0.000159863 0.000248009
343.5 0.000199089 0.000352747
344 0.000272638 0.000387076
344.5 0.000412437 0.000325682
345 0.000649975 0.000169043
345.5 0.000989524 -5.38248e-05
346 0.00139005 -0.000293724
346.5 0.00176915 -0.000497982
347 0.00203149 -0.000628884
347.5 0.00210977 -0.00067627
348 0.00199707 -0.000658969
348.5 0.00175139 -0.000614285
349 0.00146737 -0.000579728
349.5 0.00122873 -0.000574602
350 0.00106735 -0.000589599
350.5 0.000952522 -0.000589726
351 0.000817662 -0.000530488
351.5 0.000609801 -0.000381246
352 0.000333621 -0.000145514
352.5 6.37828e-05 0.000132016
353 -8.32571e-05 0.000376976
353.5 -4.51004e-06 0.000512322
354 0.000335139 0.000489801
354.5 0.0008763 0.00031151
355 0.00147833 3.0807e-05
355.5 0.00196506 -0.000268604
356 0.00218232 -0.000505785
356.5 0.00204443 -0.000632063
357 0.00155575 -0.000643311
357.5 0.000804557 -0.000570887
358 -6.3885e-05 -0.000458693
358.5 -0.000884992 -0.000340579
359 -0.00151355 -0.00023044
359.5 -0.0018554 -0.000128206
360 -0.00188556 -3.44312e-05
360.5 -0.00164817 3.88379e-05
361 -0.00123791 6.97467e-05
361.5 -0.000768494 4.02284e-05
362 -0.000339227 -4.81526e-05
362.5 -1.17383e-05 -0.000168109
363 0.000195669 -0.000276336
363.5 0.00029676 -0.000334686
364 0.000317473 -0.000330553
364.5 0.000278222 -0.00028403
365 0.000185985 -0.000237117
365.5 3.72509e-05 -0.000231072
366 -0.000172662 -0.000284946
366.5 -0.000440172 -0.000387322
367 -0.000748225 -0.000505034
367.5 -0.00106642 -0.000602545
368 -0.00135544 -0.000659866
368.5 -0.00157457 -0.000678735
369 -0.00169094 -0.000674676
369.5 -0.00168914 -0.000661396
370 -0.00157769 -0.000638442
370.5 -0.00138858 -0.000590532
371 -0.0011679 -0.000499346
371.5 -0.000959632 -0.00036055
372 -0.000789415 -0.000195057
372.5 -0.000656079 -4.63661e-05
373 -0.00053534 3.65613e-05
373.5 -0.000393424 2.30909e-05
374 -0.000203052 -8.07821e-05
374.5 4.63346e-05 -0.000229781
375 0.00034746 -0.000355077
375.5 0.000680073 -0.000392
376 0.00101527 -0.000307186
376.5 0.00131526 -0.000112521
377 0.00153108 0.000140585
377.5 0.00160579 0.000383766
378 0.00148953 0.000560407
378.5 0.00116451 0.000647272
379 0.000668189 0.000659723
379.5 9.81006e-05 0.000639444
380 -0.000411692 0.000631845
380.5 -0.000737907 0.000664506
381 -0.000818907 0.000736378
381.5 -0.000682958 0.000821224
382 -0.00043631 0.0008817
382.5 -0.000213463 0.000886061
383 -0.000112557 0.000819824
383.5 -0.000148249 0.000688733
384 -0.000246697 0.000514346
384.5 -0.000285997 0.000326584
385 -0.000161924 0.000157312
385.5 0.000154192 3.63908e-05
386 0.000594448 -1.10807e-05
386.5 0.00102036 3.1517e-05
387 0.00128271 0.00016701
387.5 0.0012864 0.000379432
388 0.00103047 0.000632824
388.5 0.00060662 0.000876578
389 0.000159402 0.00105712
389.5 -0.000172348 0.00113241
390 -0.000307042 0.00108382
390.5 -0.000244792 0.000920709
391 -5.81372e-05 0.000676141
391.5 0.000143149 0.000395779
392 0.000256118 0.000124589
392.5 0.000219492 -0.000103689
393 2.76101e-05 -0.000271149
393.5 -0.000278026 -0.000374088
394 -0.000631879 -0.00041738
394.5 -0.000969931 -0.000408366
395 -0.00124696 -0.000353405
395.5 -0.00144087 -0.000258522
396 -0.00154668 -0.000133267
396.5 -0.00156713 5.02719e-06
397 -0.00150708 0.000130094
397.5 -0.00137436 0.000211073
398 -0.00118479 0.000222127
398.5 -0.000965915 0.000154007
399 -0.000754863 2.22805e-05
399.5 -0.000589798 -0.000132702
400 -0.000498806 -0.000255978
400.5 -0.00049174 -0.000295664
401 -0.00055887 -0.000221724
401.5 -0.000676288 -3.8132e-05
402 -0.000814638 0.000216967
402.5 -0.000946949 0.000483685
403 -0.00105315 0.000700817
403.5 -0.00112145 0.000826418
404 -0.00114825 0.000850807
404.5 -0.00113757 0.000797408
405 -0.00109934 0.000711663
405.5 -0.00104565 0.000642616
406 -0.000984873 0.000624203
406.5 -0.000916399 0.00066307
407 -0.00083003 0.000737164
407.5 -0.000712367 0.000805323
408 -0.000558363 0.000824047
408.5 -0.000381721 0.000764927
409 -0.000216452 0.000625909
409.5 -0.000105523 0.000432032
410 -7.97091e-05 0.000225653
410.5 -0.00013661 5.06394e-05
411 -0.000231845 -6.2482e-05
411.5 -0.000289793 -0.000104268
412 -0.000231628 -8.46156e-05
412.5 -8.97429e-06 -2.39638e-05
413 0.000372587 5.69392e-05
413.5 0.000851895 0.000143184
414 0.00133386 0.000225488
414.5 0.00172447 0.000295599
415 0.00196279 0.00034195
415.5 0.00203589 0.000349648
416 0.00197164 0.000305664
416.5 0.00181622 0.000206372
417 0.00160997 6.27785e-05
417.5 0.00137499 -0.000100029
418 0.00111915 -0.000249462
418.5 0.000851187 -0.000355123
419 0.000594456 -0.000397475
419.5 0.000388398 -0.000372451
420 0.000274821 -0.000291297
420.5 0.000276282 -0.000176767
421 0.000379552 -5.73244e-05
421.5 0.000534886 3.94718e-05
422 0.000672986 9.35743e-05
422.5 0.000731506 9.78318e-05
423 0.000677869 6.01907e-05
423.5 0.00051779 8.48581e-07
424 0.000287396 -5.578e-05
424.5 3.55646e-05 -9.16047e-05
425 -0.000193084 -0.000103083
425.5 -0.000366959 -0.000102621
426 -0.000467288 -0.000111796
426.5 -0.000484038 -0.000149475
427 -0.000414202 -0.000220852
427.5 -0.000264909 -0.000313099
428 -5.84686e-05 -0.00039968
428.5 0.000166338 -0.000450851
429 0.000360727 -0.000444943
429.5 0.000479187 -0.000375507
430 0.000494061 -0.000252232
430.5 0.000404673 -9.68436e-05
431 0.000237054 6.32487e-05
431.5 3.49257e-05 0.000201283
432 -0.000153734 0.000296591
432.5 -0.000289429 0.000339035
433 -0.000349682 0.000331799
433.5 -0.000332207 0.000291072
434 -0.000253106 0.00024137
434.5 -0.000140963 0.000207133
435 -2.80345e-05 0.000203731
435.5 5.94328e-05 0.000232192
436 0.000108697 0.000280466
436.5 0.000122668 0.000330532
437 0.000115386 0.000367248
437.5 0.000102765 0.000384021
438 9.33633e-05 0.000382699
438.5 8.42517e-05 0.000368977
439 6.43268e-05 0.000347357
439.5 2.29954e-05 0.000319309
440 -4.10973e-05 0.000285273
440.5 -0.000116654 0.000247879
441 -0.000183727 0.000212759
441.5 -0.000222805 0.000185486
442 -0.000223842 0.000166635
442.5 -0.000190507 0.000149124
443 -0.000138004 0.000120877
443.5 -8.63396e-05 7.2109e-05
444 -5.27658e-05 2.86074e-06
444.5 -4.65362e-05 -7.444e-05
445 -6.70985e-05 -0.000139828
445.5 -0.000105058 -0.000175766
446 -0.000144785 -0.000176502
446.5 -0.00016811 -0.000151255
447 -0.00015908 -0.000119362
447.5 -0.000109345 -0.000100282
448 -2.25925e-05 -0.000104184
448.5 8.42665e-05 -0.000128086
449 0.000184819 -0.000158931
449.5 0.000251236 -0.000181028
450 0.000263739 -0.000183375
450.5 0.000217322 -0.000163337
451 0.000122746 -0.000125833
451.5 1.64536e-06 -7.97493e-05
452 -0.00012153 -3.41242e-05
452.5 -0.000226779 4.21859e-06
453 -0.000302102 3.14218e-05
453.5 -0.000342944 4.65183e-05
454 -0.000349403 5.11762e-05
454.5 -0.000323828 4.92024e-05
455 -0.000270345 4.5334e-05
455.5 -0.00019593 4.32292e-05
456 -0.000111263 4.34313e-05
456.5 -2.96979e-05 4.26142e-05
457 3.60038e-05 3.50063e-05
457.5 7.78038e-05 1.56343e-05
458 9.52275e-05 -1.62512e-05
458.5 9.52386e-05 -5.55981e-05
459 8.9002e-05 -9.29719e-05
459.5 8.69872e-05 -0.000118443
460 9.46602e-05 -0.00012596
460.5 0.000110644 -0.000115897
461 0.000127985 -9.44596e-05
461.5 0.000137734 -7.03404e-05
462 0.000133122 -5.04752e-05
462.5 0.000112477 -3.70634e-05
463 7.97377e-05 -2.72089e-05
463.5 4.24763e-05 -1.50618e-05
464 8.46636e-06 4.87316e-06
464.5 -1.75732e-05 3.4963e-05
465 -3.54781e-05 7.33474e-05
465.5 -4.86204e-05 0.00011464
466 -6.08486e-05 0.000151711
466.5 -7.30018e-05 0.000177589
467 -8.10194e-05 0.000186841
467.5 -7.70219e-05 0.000176357
468 -5.32156e-05 0.000145786
468.5 -6.81745e-06 9.78295e-05
469 5.66472e-05 3.8261e-05
469.5 0.000123767 -2.47065e-05
470 0.000177667 -8.19661e-05
470.5 0.000204578 -0.000125752
471 0.000199429 -0.000151788
471.5 0.000167712 -0.000160357
472 0.000122757 -0.000155645
472.5 7.98387e-05 -0.000143564
473 5.00978e-05 -0.000129054
473.5 3.70591e-05 -0.000114232
474 3.69708e-05 -9.83267e-05
474.5 4.21147e-05 -7.93616e-05
475 4.49213e-05 -5.65352e-05
475.5 4.07863e-05 -3.18331e-05
476 2.86844e-05 -9.82176e-06
476.5 1.01166e-05 4.35383e-06
477 -1.23046e-05 7.66323e-06
477.5 -3.55851e-05 1.00575e-06
478 -5.62713e-05 -1.09645e-05
478.5 -7.02635e-05 -2.19978e-05
479 -7.33543e-05 -2.72506e-05
479.5 -6.27228e-05 -2.55028e-05
480 -3.87508e-05 -1.94043e-05
480.5 -6.03805e-06 -1.36736e-05
481 2.72625e-05 -1.23008e-05
481.5 5.18457e-05 -1.63143e-05
482 6.05209e-05 -2.32978e-05
482.5 5.09846e-05 -2.88345e-05
483 2.69076e-05 -2.90015e-05
483.5 -3.14757e-06 -2.25258e-05
484 -2.85877e-05 -1.14719e-05
484.5 -4.03763e-05 -1.75969e-07
485 -3.40597e-05 6.94064e-06
485.5 -1.11804e-05 7.52265e-06
486 2.13925e-05 2.35286e-06
486.5 5.39482e-05 -5.09019e-06
487 7.73158e-05 -1.02731e-05
487.5 8.58892e-05 -9.61935e-06
488 7.91887e-05 -1.99329e-06
488.5 6.14534e-05 1.09062e-05
489 3.95835e-05 2.52844e-05
489.5 2.04214e-05 3.67064e-05
490 8.54807e-06 4.16442e-05
490.5 5.38408e-06 3.85522e-05
491 9.65855e-06 2.81667e-05
491.5 1.86565e-05 1.30422e-05
492 2.94306e-05 -3.41147e-06
492.5 3.94447e-05 -1.80072e-05
493 4.66481e-05 -2.86103e-05
493.5 4.93863e-05 -3.4491e-05
494 4.65571e-05 -3.61613e-05
494.5 3.80714e-05 -3.48393e-05
495 2.52657e-05 -3.18043e-05
495.5 1.07851e-05 -2.7914e-05
496 -2.27012e-06 -2.34551e-05
496.5 -1.16284e-05 -1.83245e-05
497 -1.68789e-05 -1.23805e-05
497.5 -1.96064e-05 -5.73262e-06
498 -2.24594e-05 1.19218e-06
498.5 -2.76053e-05 7.81358e-06
499 -3.5411e-05 1.36424e-05
499.5 -4.40843e-05 1.84076e-05
500 -5.04802e-05 2.19609e-05
