-1.998 8.60598e-05 -1.05014e-05
-1.996 0.000345549 -4.10117e-05
-1.994 0.000780066 -8.8733e-05
-1.992 0.00138819 -0.000150288
-1.99 0.00216269 -0.000223682
-1.988 0.00308955 -0.000310248
-1.986 0.00414991 -0.000415736
-1.984 0.00532495 -0.000549895
-1.982 0.00660271 -0.000724311
-1.98 0.00798466 -0.000948898
-1.978 0.00948962 -0.00122795
-1.976 0.0111533 -0.00155697
-1.974 0.0130226 -0.00192124
-1.972 0.0151463 -0.00229712
-1.97 0.0175635 -0.00265612
-1.968 0.0202925 -0.00297139
-1.966 0.023325 -0.00322521
-1.964 0.026626 -0.00341519
-1.962 0.0301416 -0.0035573
-1.96 0.0338138 -0.00368411
-1.958 0.037598 -0.00383826
-1.956 0.0414793 -0.00406252
-1.954 0.045482 -0.00438839
-1.952 0.0496703 -0.00482601
-1.95 0.0541376 -0.0053581
-1.948 0.0589869 -0.00594083
-1.946 0.0643051 -0.00651259
-1.944 0.0701378 -0.00700972
-1.942 0.0764709 -0.00738517
-1.94 0.0832237 -0.00762469
-1.938 0.0902564 -0.00775541
-1.936 0.0973905 -0.0078435
-1.934 0.104437 -0.0079806
-1.932 0.111228 -0.00826172
-1.93 0.117642 -0.00875946
-1.928 0.12362 -0.00950114
-1.926 0.129168 -0.0104552
-1.924 0.134345 -0.0115321
-1.922 0.139232 -0.0126016
-1.92 0.143908 -0.0135231
-1.918 0.148416 -0.0141826
-1.916 0.15276 -0.0145261
-1.914 0.156916 -0.0145805
-1.912 0.160856 -0.0144562
-1.91 0.164587 -0.0143321
-1.908 0.168189 -0.0144224
-1.906 0.171844 -0.0149347
-1.904 0.175839 -0.016027
-1.902 0.180551 -0.0177745
-1.9 0.186397 -0.0201556
-1.898 0.193764 -0.0230598
-1.896 0.202926 -0.0263138
-1.894 0.213976 -0.0297157
-1.892 0.226783 -0.0330667
-1.89 0.241002 -0.0361947
-1.888 0.256121 -0.0389679
-1.886 0.271554 -0.0412993
-1.884 0.286756 -0.0431437
-1.882 0.301339 -0.0444872
-1.88 0.315162 -0.045333
-1.878 0.328366 -0.0456907
-1.876 0.341343 -0.0455769
-1.874 0.354644 -0.0450286
-1.872 0.368839 -0.0441223
-1.87 0.384374 -0.0429876
-1.868 0.401448 -0.0418033
-1.866 0.419932 -0.0407753
-1.864 0.43934 -0.0400996
-1.862 0.45887 -0.0399212
-1.86 0.477499 -0.0402985
-1.858 0.494147 -0.0411803
-1.856 0.507874 -0.0424015
-1.854 0.518074 -0.0437033
-1.852 0.524617 -0.0447784
-1.85 0.527906 -0.0453374
-1.848 0.528812 -0.0451815
-1.846 0.528535 -0.0442626
-1.844 0.528404 -0.0427147
-1.842 0.52967 -0.0408493
-1.84 0.533337 -0.0391154
-1.838 0.540031 -0.038029
-1.836 0.549952 -0.0380791
-1.834 0.562904 -0.0396249
-1.832 0.578395 -0.0428041
-1.83 0.59579 -0.0474814
-1.828 0.614465 -0.0532575
-1.826 0.633929 -0.0595449
-1.824 0.653872 -0.0656909
-1.822 0.674168 -0.0711185
-1.82 0.694816 -0.0754475
-1.818 0.715867 -0.0785688
-1.816 0.737367 -0.0806512
-1.814 0.759317 -0.082079
-1.812 0.781678 -0.0833268
-1.81 0.804411 -0.0847999
-1.808 0.827517 -0.0866794
-1.806 0.851067 -0.0888207
-1.804 0.875192 -0.0907457
-1.802 0.900024 -0.0917441
-1.8 0.92562 -0.0910636
-1.798 0.951875 -0.0881415
-1.796 0.978461 -0.0828125
-1.794 1.00481 -0.0754315
-1.792 1.03019 -0.0668727
-1.79 1.05381 -0.0583963
-1.788 1.07502 -0.0514089
-1.786 1.09351 -0.0471727
-1.784 1.10946 -0.0465336
-1.782 1.12354 -0.0497355
-1.78 1.13679 -0.0563647
-1.778 1.1504 -0.0654334
-1.776 1.16544 -0.0755803
-1.774 1.1825 -0.0853437
-1.772 1.20162 -0.0934547
-1.77 1.22216 -0.0990899
-1.768 1.24291 -0.102028
-1.766 1.26232 -0.102673
-1.764 1.27885 -0.101926
-1.762 1.29131 -0.100966
-1.76 1.29923 -0.100972
-1.758 1.30304 -0.102879
-1.756 1.30412 -0.107222
-1.754 1.30454 -0.114066
-1.752 1.30678 -0.123041
-1.75 1.31318 -0.133452
-1.748 1.32563 -0.144427
-1.746 1.34513 -0.155095
-1.744 1.37172 -0.164751
-1.742 1.40447 -0.172952
-1.74 1.44173 -0.179551
-1.738 1.48149 -0.184637
-1.736 1.52181 -0.188413
-1.734 1.5612 -0.191062
-1.732 1.59882 -0.19262
-1.73 1.63466 -0.192891
-1.728 1.66952 -0.191407
-1.726 1.70481 -0.187467
-1.724 1.74229 -0.180249
-1.722 1.78362 -0.168999
-1.72 1.82988 -0.153265
-1.718 1.88112 -0.133121
-1.716 1.93606 -0.109315
-1.714 1.9921 -0.0833076
-1.712 2.0456 -0.0571841
-1.71 2.09237 -0.0334405
-1.708 2.12842 -0.0146721
-1.706 2.15074 -0.00318613
-1.704 2.15797 -0.00059754
-1.702 2.15102 -0.00749402
-1.7 2.13324 -0.0232624
-1.698 2.11027 -0.0461428
-1.696 2.08935 -0.0735163
-1.694 2.07828 -0.102362
-1.692 2.08405 -0.129771
-1.69 2.11145 -0.153409
-1.688 2.1619 -0.171831
-1.686 2.2328 -0.184622
-1.684 2.31756 -0.192355
-1.682 2.40637 -0.196385
-1.68 2.48776 -0.198513
-1.678 2.55056 -0.200584
-1.676 2.58592 -0.204095
-1.674 2.58913 -0.209892
-1.672 2.56065 -0.218042
-1.67 2.50638 -0.227867
-1.668 2.43699 -0.238152
-1.666 2.36642 -0.247447
-1.664 2.30977 -0.254409
-1.662 2.28089 -0.258117
-1.66 2.28995 -0.258297
-1.658 2.34155 -0.255415
-1.656 2.43362 -0.250595
-1.654 2.55754 -0.245399
-1.652 2.69943 -0.241493
-1.65 2.84236 -0.240264
-1.648 2.96925 -0.242441
-1.646 3.06572 -0.247805
-1.644 3.12242 -0.255068
-1.642 3.13655 -0.261996
-1.64 3.11207 -0.265792
-1.638 3.05884 -0.263683
-1.636 2.99072 -0.253578
-1.634 2.92299 -0.234657
-1.632 2.86961 -0.207726
-1.63 2.84075 -0.17527
-1.628 2.84111 -0.141167
-1.626 2.86926 -0.110115
-1.624 2.91829 -0.0868448
-1.622 2.97745 -0.0752807
-1.62 3.03451 -0.077799
-1.618 3.07818 -0.0947627
-1.616 3.10017 -0.124442
-1.614 3.09653 -0.163355
-1.612 3.068 -0.206953
-1.61 3.01953 -0.250464
-1.608 2.95916 -0.289723
-1.606 2.89646 -0.321804
-1.604 2.84096 -0.345362
-1.602 2.80088 -0.360647
-1.6 2.78224 -0.369209
-1.598 2.78851 -0.373379
-1.596 2.82071 -0.375663
-1.594 2.87781 -0.378186
-1.592 2.95724 -0.382285
-1.59 3.05539 -0.388307
-1.588 3.16786 -0.395621
-1.586 3.28959 -0.402822
-1.584 3.41479 -0.408111
-1.582 3.53691 -0.409772
-1.58 3.64883 -0.406685
-1.578 3.7434 -0.398729
-1.576 3.81439 -0.386983
-1.574 3.85774 -0.373625
-1.572 3.8727 -0.361553
-1.57 3.86269 -0.353785
-1.568 3.83539 -0.352764
-1.566 3.80214 -0.359702
-1.564 3.77642 -0.374125
-1.562 3.77185 -0.393745
-1.56 3.79983 -0.414768
-1.558 3.86737 -0.432609
-1.556 3.97551 -0.442926
-1.554 4.11856 -0.44273
-1.552 4.28462 -0.431333
-1.55 4.45713 -0.410853
-1.548 4.61733 -0.38612
-1.546 4.74732 -0.363906
-1.544 4.83308 -0.351567
-1.542 4.86705 -0.355368
-1.54 4.8497 -0.378841
-1.538 4.78982 -0.421612
-1.536 4.70331 -0.479063
-1.534 4.6106 -0.542999
-1.532 4.53321 -0.603205
-1.53 4.48997 -0.649539
-1.528 4.49369 -0.674056
-1.526 4.54887 -0.672636
-1.524 4.65087 -0.645763
-1.522 4.78667 -0.598281
-1.52 4.9372 -0.538228
-1.518 5.08082 -0.475015
-1.516 5.19732 -0.417375
-1.514 5.27165 -0.371528
-1.512 5.29671 -0.339985
-1.51 5.27463 -0.321275
-1.508 5.21617 -0.310662
-1.506 5.13863 -0.301652
-1.504 5.06244 -0.287904
-1.502 5.00736 -0.265022
-1.5 4.98871 -0.231785
-1.498 5.01457 -0.190515
-1.496 5.08432 -0.146577
-1.494 5.18883 -0.107182
-1.492 5.31221 -0.0798446
-1.49 5.43464 -0.0708381
-1.488 5.53597 -0.0839593
-1.486 5.59916 -0.119774
-1.484 5.61319 -0.175436
-1.482 5.57483 -0.24509
-1.48 5.48911 -0.320796
-1.478 5.36839 -0.39384
-1.476 5.23021 -0.456177
-1.474 5.09459 -0.501729
-1.472 4.98106 -0.527291
-1.47 4.90607 -0.53291
-1.468 4.88102 -0.52175
-1.466 4.91105 -0.499547
-1.464 4.99468 -0.473771
-1.462 5.12433 -0.452565
-1.46 5.28759 -0.443536
-1.458 5.46911 -0.452502
-1.456 5.65297 -0.482401
-1.454 5.82496 -0.532608
-1.452 5.97461 -0.59888
-1.45 6.09661 -0.673967
-1.448 6.19161 -0.748791
-1.446 6.26606 -0.813981
-1.444 6.3313 -0.861481
-1.442 6.40172 -0.88593
-1.44 6.49212 -0.885566
-1.438 6.61468 -0.862463
-1.436 6.77603 -0.822061
-1.434 6.9749 -0.772089
-1.432 7.20103 -0.721126
-1.43 7.4357 -0.677098
-1.428 7.65386 -0.645992
-1.426 7.82787 -0.630997
-1.424 7.93234 -0.632189
-1.422 7.94919 -0.646807
-1.42 7.87203 -0.670078
-1.418 7.70878 -0.696449
-1.416 7.48178 -0.720992
-1.414 7.22514 -0.74063
-1.412 6.97977 -0.75489
-1.41 6.78671 -0.765978
-1.408 6.68008 -0.778186
-1.406 6.68077 -0.796765
-1.404 6.79216 -0.826483
-1.402 6.99889 -0.870119
-1.4 7.26918 -0.927173
-1.398 7.56025 -0.993117
-1.396 7.82601 -1.05951
-1.394 8.02525 -1.11518
-1.392 8.12876 -1.1483
-1.39 8.12417 -1.14918
-1.388 8.01753 -1.11273
-1.386 7.83177 -1.04025
-1.384 7.60238 -0.939818
-1.382 7.37124 -0.825205
-1.38 7.17973 -0.7135
-1.378 7.06216 -0.621871
-1.376 7.04067 -0.564069
-1.374 7.12232 -0.547425
-1.372 7.29873 -0.57104
-1.37 7.54814 -0.625703
-1.368 7.83937 -0.695692
-1.366 8.13703 -0.762134
-1.364 8.407 -0.80718
-1.362 8.62137 -0.817971
-1.36 8.76227 -0.789419
-1.358 8.82401 -0.725137
-1.356 8.81334 -0.636303
-1.354 8.74797 -0.538839
-1.352 8.65348 -0.449637
-1.35 8.55923 -0.382858
-1.348 8.49361 -0.347197
-1.346 8.47945 -0.344744
-1.344 8.53013 -0.371622
-1.342 8.64718 -0.420114
-1.34 8.82002 -0.481616
-1.338 9.02782 -0.549554
-1.336 9.24333 -0.621439
-1.334 9.43769 -0.69951
-1.332 9.58544 -0.789767
-1.33 9.66871 -0.899697
-1.328 9.67988 -1.03531
-1.326 9.62238 -1.19838
-1.324 9.50954 -1.38452
-1.322 9.36184 -1.58288
-1.32 9.20321 -1.77726
-1.318 9.05702 -1.94869
-1.316 8.94255 -2.07876
-1.314 8.87246 -2.15295
-1.312 8.85156 -2.16341
-1.31 8.87714 -2.11037
-1.308 8.9405 -2.00205
-1.306 9.02943 -1.85296
-1.304 9.13098 -1.68105
-1.302 9.23388 -1.50447
-1.3 9.33036 -1.33868
-1.298 9.41719 -1.19436
-1.296 9.49593 -1.07644
-1.294 9.57247 -0.984343
-1.292 9.6559 -0.913222
-1.29 9.75668 -0.855963
-1.288 9.88426 -0.805507
-1.286 10.0445 -0.756967
-1.284 10.2372 -0.708976
-1.282 10.4554 -0.663847
-1.28 10.6848 -0.626535
-1.278 10.9056 -0.602725
-1.276 11.0955 -0.596692
-1.274 11.2328 -0.609517
-1.272 11.3007 -0.638118
-1.27 11.2902 -0.67533
-1.268 11.203 -0.711099
-1.266 11.0525 -0.734693
-1.264 10.8625 -0.737544
-1.262 10.6639 -0.716088
-1.26 10.4899 -0.673761
-1.258 10.37 -0.621475
-1.256 10.325 -0.576209
-1.254 10.3634 -0.557913
-1.252 10.48 -0.585329
-1.25 10.6573 -0.671638
-1.248 10.869 -0.820835
-1.246 11.0841 -1.02564
-1.244 11.2731 -1.26746
-1.242 11.4122 -1.51862
-1.24 11.4871 -1.74644
-1.238 11.4949 -1.91861
-1.236 11.4438 -2.0087
-1.234 11.3506 -2.00074
-1.232 11.2374 -1.89201
-1.23 11.1283 -1.69351
-1.228 11.045 -1.42818
-1.226 11.005 -1.12737
-1.224 11.0193 -0.826059
-1.222 11.0919 -0.557656
-1.22 11.2205 -0.34921
-1.218 11.3976 -0.217753
-1.216 11.6121 -0.168456
-1.214 11.8521 -0.194806
-1.212 12.1065 -0.280666
-1.21 12.3659 -0.403781
-1.208 12.6233 -0.540058
-1.206 12.8729 -0.66789
-1.204 13.1096 -0.771764
-1.202 13.3275 -0.844532
-1.2 13.5204 -0.888003
-1.198 13.6816 -0.91185
-1.196 13.8053 -0.93116
-1.194 13.8877 -0.963138
-1.192 13.9281 -1.02354
-1.19 13.9293 -1.12337
-1.188 13.8972 -1.26643
-1.186 13.84 -1.44809
-1.184 13.7656 -1.65555
-1.182 13.6797 -1.8697
-1.18 13.5836 -2.06812
-1.178 13.4732 -2.22879
-1.176 13.3402 -2.33374
-1.174 13.1746 -2.37203
-1.172 12.9688 -2.34172
-1.17 12.7218 -2.25044
-1.168 12.4424 -2.11453
-1.166 12.1505 -1.95685
-1.164 11.8755 -1.80342
-1.162 11.6524 -1.67935
-1.16 11.5151 -1.60471
-1.158 11.4892 -1.59074
-1.156 11.5852 -1.63716
-1.154 11.7953 -1.73075
-1.152 12.0931 -1.8461
-1.15 12.4378 -1.94855
-1.148 12.7815 -1.99955
-1.146 13.0772 -1.96378
-1.144 13.2878 -1.8167
-1.142 13.3923 -1.55113
-1.14 13.3891 -1.18098
-1.138 13.2956 -0.741279
-1.136 13.1439 -0.283991
-1.134 12.9732 0.129763
-1.132 12.8223 0.439985
-1.13 12.7226 0.598748
-1.128 12.6931 0.579697
-1.126 12.7393 0.384024
-1.124 12.8539 0.0414193
-1.122 13.0207 -0.394484
-1.12 13.218 -0.855437
-1.118 13.4235 -1.27083
-1.116 13.618 -1.58038
-1.114 13.7872 -1.74483
-1.112 13.9229 -1.75259
-1.11 14.022 -1.6212
-1.108 14.0855 -1.39356
-1.106 14.1177 -1.1295
-1.104 14.1259 -0.894524
-1.102 14.122 -0.747704
-1.1 14.1225 -0.731187
-1.098 14.1489 -0.86313
-1.096 14.2257 -1.13517
-1.094 14.3771 -1.51453
-1.092 14.6218 -1.95
-1.09 14.968 -2.38076
-1.088 15.4085 -2.74662
-1.086 15.9175 -2.99809
-1.084 16.4522 -3.10472
-1.082 16.9566 -3.0602
-1.08 17.3715 -2.88334
-1.078 17.6452 -2.61458
-1.076 17.7456 -2.30858
-1.074 17.6687 -2.02401
-1.072 17.4427 -1.81235
-1.07 17.1255 -1.70759
-1.068 16.7963 -1.71912
-1.066 16.5409 -1.82937
-1.064 16.4349 -1.99705
-1.062 16.5268 -2.16591
-1.06 16.8245 -2.27722
-1.058 17.2903 -2.28338
-1.056 17.8443 -2.15961
-1.054 18.3791 -1.91069
-1.052 18.7802 -1.57111
-1.05 18.9512 -1.19831
-1.048 18.8361 -0.860654
-1.046 18.4342 -0.622733
-1.044 17.8038 -0.531421
-1.042 17.0539 -0.60581
-1.04 16.324 -0.83318
-1.038 15.7565 -1.17175
-1.036 15.4673 -1.55938
-1.034 15.5203 -1.92605
-1.032 15.9121 -2.20736
-1.03 16.5698 -2.35599
-1.028 17.3635 -2.34897
-1.026 18.1311 -2.18936
-1.024 18.71 -1.9027
-1.022 18.9701 -1.52967
-1.02 18.8399 -1.11739
-1.018 18.322 -0.711639
-1.016 17.4927 -0.351624
-1.014 16.4881 -0.0675426
-1.012 15.4782 0.119642
-1.01 14.6345 0.197407
-1.008 14.0976 0.160937
-1.006 13.9509 0.013155
-1.004 14.2049 -0.23437
-1.002 14.7966 -0.560131
-1 15.6026 -0.931969
-0.998 16.4636 -1.30808
-0.996 17.2159 -1.64066
-0.994 17.7218 -1.88241
-0.992 17.8949 -1.995
-0.99 17.7148 -1.95777
-0.988 17.2287 -1.7745
-0.986 16.5404 -1.47621
-0.984 15.7883 -1.11905
-0.982 15.118 -0.776966
-0.98 14.6537 -0.530265
-0.978 14.4759 -0.451601
-0.976 14.6082 -0.591948
-0.974 15.0156 -0.969167
-0.972 15.6146 -1.56175
-0.97 16.2927 -2.30944
-0.968 16.9317 -3.12116
-0.966 17.4329 -3.88919
-0.964 17.7365 -4.50716
-0.962 17.8323 -4.8889
-0.96 17.7591 -4.9846
-0.958 17.5936 -4.79128
-0.956 17.4315 -4.35498
-0.954 17.3658 -3.76376
-0.952 17.4676 -3.1318
-0.95 17.7725 -2.57725
-0.948 18.2756 -2.19803
-0.946 18.9346 -2.05074
-0.944 19.6789 -2.13745
-0.942 20.4242 -2.40368
-0.94 21.0879 -2.74861
-0.938 21.6026 -3.04591
-0.936 21.9258 -3.17145
-0.934 22.0429 -3.03205
-0.932 21.9656 -2.58885
-0.93 21.7263 -1.86965
-0.928 21.371 -0.966928
-0.926 20.9523 -0.0212851
-0.924 20.5233 0.806462
-0.922 20.1336 1.36853
-0.92 19.8265 1.56153
-0.918 19.6362 1.34895
-0.916 19.5852 0.769757
-0.914 19.6811 -0.0688745
-0.912 19.9122 -1.01302
-0.91 20.2449 -1.8929
-0.908 20.6232 -2.55649
-0.906 20.9729 -2.89854
-0.904 21.2104 -2.87931
-0.902 21.2547 -2.52946
-0.9 21.0424 -1.94065
-0.898 20.5419 -1.24455
-0.896 19.7649 -0.585047
-0.894 18.7729 -0.0900366
-0.892 17.6754 0.151598
-0.89 16.6196 0.103507
-0.888 15.7705 -0.215796
-0.886 15.2845 -0.741017
-0.884 15.2822 -1.37579
-0.882 15.8226 -2.01226
-0.88 16.8885 -2.55059
-0.878 18.3821 -2.91527
-0.876 20.1355 -3.06561
-0.874 21.9337 -2.99932
-0.872 23.5472 -2.74893
-0.87 24.7705 -2.37233
-0.868 25.4584 -1.93983
-0.866 25.5534 -1.52075
-0.864 25.0985 -1.17201
-0.862 24.2301 -0.930669
-0.86 23.1539 -0.811135
-0.858 22.1065 -0.806917
-0.856 21.3099 -0.896364
-0.854 20.9285 -1.05094
-0.852 21.0362 -1.24407
-0.85 21.601 -1.45807
-0.848 22.491 -1.68726
-0.846 23.4999 -1.93631
-0.844 24.3896 -2.21485
-0.842 24.9381 -2.53032
-0.84 24.9856 -2.88174
-0.838 24.4666 -3.25624
-0.836 23.4248 -3.62953
-0.834 22.0056 -3.96999
-0.832 20.4293 -4.24576
-0.83 18.9506 -4.43295
-0.828 17.8115 -4.52263
-0.826 17.1968 -4.52417
-0.824 17.2022 -4.46278
-0.822 17.8189 -4.37147
-0.82 18.9384 -4.27934
-0.818 20.3745 -4.20014
-0.816 21.8976 -4.12493
-0.814 23.2757 -4.0218
-0.812 24.3121 -3.84289
-0.81 24.8774 -3.53737
-0.808 24.9278 -3.06684
-0.806 24.5094 -2.41947
-0.804 23.7484 -1.61891
-0.802 22.8278 -0.725045
-0.8 21.9567 0.174622
-0.798 21.336 0.981569
-0.796 21.1263 1.60729
-0.794 21.422 1.99348
-0.792 22.2352 2.12623
-0.79 23.4916 2.04066
-0.788 25.0389 1.81462
-0.786 26.6665 1.55298
-0.784 28.135 1.36583
-0.782 29.2113 1.34505
-0.78 29.7036 1.5442
-0.778 29.4915 1.9658
-0.776 28.5474 2.55885
-0.774 26.9437 3.22693
-0.772 24.8457 3.84508
-0.77 22.4897 4.28182
-0.768 20.1511 4.42215
-0.766 18.1067 4.18733
-0.764 16.5975 3.54849
-0.762 15.7972 2.53181
-0.76 15.7908 1.2149
-0.758 16.5635 -0.285145
-0.756 18.0035 -1.83006
-0.754 19.9154 -3.28192
-0.752 22.0463 -4.5241
-0.75 24.1178 -5.47798
-0.748 25.8644 -6.11238
-0.746 27.0697 -6.44432
-0.744 27.5987 -6.53102
-0.742 27.4194 -6.45456
-0.74 26.612 -6.3023
-0.738 25.3619 -6.14712
-0.736 23.9352 -6.03183
-0.734 22.6397 -5.96166
-0.732 21.7743 -5.90675
-0.73 21.5766 -5.81397
-0.728 22.1755 -5.62535
-0.726 23.5599 -5.29824
-0.724 25.5703 -4.82208
-0.722 27.9171 -4.22711
-0.72 30.2255 -3.58245
-0.718 32.0995 -2.98341
-0.716 33.1955 -2.53081
-0.714 33.2901 -2.30707
-0.712 32.3283 -2.35514
-0.71 30.4412 -2.6655
-0.708 27.9276 -3.17478
-0.706 25.2025 -3.77626
-0.704 22.7218 -4.33987
-0.702 20.897 -4.73737
-0.7 20.0164 -4.86741
-0.698 20.1874 -4.67585
-0.696 21.3122 -4.16753
-0.694 23.1036 -3.40734
-0.692 25.1376 -2.51041
-0.69 26.9344 -1.62326
-0.688 28.0515 -0.899288
-0.686 28.1693 -0.472826
-0.684 27.153 -0.435996
-0.682 25.0795 -0.821923
-0.68 22.2254 -1.59707
-0.678 19.018 -2.66417
-0.676 15.9588 -3.8758
-0.674 13.535 -5.05692
-0.672 12.1327 -6.03319
-0.67 11.9711 -6.66028
-0.668 13.0676 -6.84904
-0.666 15.2408 -6.58151
-0.664 18.1488 -5.91381
-0.662 21.3544 -4.96458
-0.66 24.4034 -3.89013
-0.658 26.9021 -2.85095
-0.656 28.579 -1.97681
-0.654 29.3213 -1.33858
-0.652 29.1801 -0.933797
-0.65 28.3461 -0.690141
-0.648 27.101 -0.486699
-0.646 25.7585 -0.188645
-0.644 24.6042 0.312689
-0.642 23.8485 1.06414
-0.64 23.599 2.02876
-0.638 23.8561 3.08417
-0.636 24.5289 4.0432
-0.634 25.466 4.69324
-0.632 26.4947 4.84562
-0.63 27.4571 4.38329
-0.628 28.2366 3.29491
-0.626 28.7696 1.68653
-0.624 29.0404 -0.232425
-0.622 29.0646 -2.1865
-0.62 28.8666 -3.88665
-0.618 28.4612 -5.0868
-0.616 27.8441 -5.63252
-0.614 26.9948 -5.49193
-0.612 25.8906 -4.76259
-0.61 24.5283 -3.65306
-0.608 22.9453 -2.44291
-0.606 21.2361 -1.42936
-0.604 19.5558 -0.871082
-0.602 18.1103 -0.939715
-0.6 17.1292 -1.68821
-0.598 16.8284 -3.04143
-0.596 17.3661 -4.81059
-0.594 18.8028 -6.72864
-0.592 21.074 -8.49971
-0.59 23.9838 -9.85337
-0.588 27.2231 -10.5936
-0.586 30.4117 -10.6332
-0.584 33.1574 -10.0086
-0.582 35.1221 -8.87027
-0.58 36.0838 -7.45247
-0.578 35.9803 -6.02626
-0.576 34.9265 -4.84473
-0.574 33.1984 -4.09194
-0.572 31.1858 -3.84618
-0.57 29.3213 -4.06646
-0.568 27.9977 -4.6053
-0.566 27.4911 -5.2455
-0.564 27.905 -5.75231
-0.562 29.146 -5.92918
-0.56 30.938 -5.66413
-0.558 32.8741 -4.95629
-0.556 34.495 -3.91651
-0.554 35.3809 -2.74193
-0.552 35.2369 -1.67057
-0.55 33.9548 -0.926712
-0.548 31.6379 -0.670413
-0.546 28.5842 -0.962716
-0.544 25.2314 -1.75437
-0.542 22.0766 -2.89962
-0.54 19.5863 -4.19062
-0.538 18.1146 -5.40321
-0.536 17.8435 -6.34249
-0.534 18.757 -6.87773
-0.532 20.6498 -6.95907
-0.53 23.1693 -6.614
-0.528 25.8801 -5.92699
-0.526 28.3388 -5.01029
-0.524 30.1651 -3.97568
-0.522 31.0986 -2.91504
-0.52 31.0337 -1.8933
-0.518 30.0297 -0.952926
-0.516 28.2959 -0.12501
-0.514 26.1553 0.558756
-0.512 23.9937 1.05896
-0.51 22.2017 1.32965
-0.508 21.1179 1.32843
-0.506 20.981 1.03327
-0.504 21.8946 0.46062
-0.502 23.8091 -0.321531
-0.5 26.5215 -1.19178
-0.498 29.6978 -1.98834
-0.496 32.914 -2.53648
-0.494 35.7151 -2.6857
-0.492 37.682 -2.3483
-0.49 38.4981 -1.52928
-0.488 38.0029 -0.3387
-0.486 36.2235 1.01888
-0.484 33.3785 2.27718
-0.482 29.8499 3.15714
-0.48 26.1276 3.42197
-0.478 22.7342 2.92684
-0.476 20.1419 1.65306
-0.474 18.6945 -0.280982
-0.472 18.5498 -2.63559
-0.47 19.65 -5.09085
-0.468 21.729 -7.30624
-0.466 24.3543 -8.98752
-0.464 26.9995 -9.94704
-0.462 29.1354 -10.1437
-0.46 30.3242 -9.69232
-0.458 30.3006 -8.83898
-0.456 29.0243 -7.9053
-0.454 26.6914 -7.21446
-0.452 23.7018 -7.01531
-0.45 20.5884 -7.42228
-0.448 17.919 -8.38541
-0.446 16.191 -9.6977
-0.444 15.7372 -11.0387
-0.442 16.6612 -12.0453
-0.44 18.814 -12.3943
-0.438 21.8216 -11.879
-0.436 25.1577 -10.4612
-0.434 28.2509 -8.28814
-0.432 30.6026 -5.66843
-0.43 31.8889 -3.01284
-0.428 32.024 -0.751101
-0.426 31.1709 0.756861
-0.424 29.6967 1.29615
-0.422 28.0849 0.841822
-0.42 26.8219 -0.436174
-0.418 26.2852 -2.20857
-0.416 26.6561 -4.05385
-0.414 27.8778 -5.54159
-0.412 29.6685 -6.31494
-0.41 31.5859 -6.15687
-0.408 33.1282 -5.02885
-0.406 33.848 -3.07578
-0.404 33.453 -0.597329
-0.402 31.8721 2.00828
-0.4 29.2741 4.31667
-0.398 26.0371 5.9526
-0.396 22.6779 6.65526
-0.394 19.7571 6.32299
-0.392 17.778 5.02987
-0.39 17.0964 3.01094
-0.388 17.8582 0.618007
-0.386 19.9731 -1.7464
-0.384 23.1305 -3.70488
-0.382 26.851 -4.97659
-0.38 30.565 -5.43077
-0.378 33.703 -5.11187
-0.376 35.7864 -4.23075
-0.374 36.5065 -3.12198
-0.372 35.7839 -2.17399
-0.37 33.7958 -1.74463
-0.368 30.9648 -2.07968
-0.366 27.9029 -3.25265
-0.364 25.3151 -5.14056
-0.362 23.8759 -7.4429
-0.36 24.1003 -9.7411
-0.358 26.2359 -11.5866
-0.356 30.1968 -12.5981
-0.354 35.5587 -12.5477
-0.352 41.618 -11.4146
-0.35 47.5095 -9.39762
-0.348 52.3631 -6.88144
-0.346 55.4694 -4.36437
-0.344 56.4206 -2.36254
-0.342 55.1938 -1.30924
-0.34 52.1551 -1.47037
-0.338 47.9801 -2.89236
-0.336 43.5069 -5.3921
-0.334 39.5558 -8.58895
-0.332 36.7568 -11.9709
-0.33 35.4242 -14.9816
-0.328 35.5051 -17.1116
-0.326 36.6142 -17.979
-0.324 38.1428 -17.3856
-0.322 39.4176 -15.3418
-0.32 39.8687 -12.0589
-0.318 39.1671 -7.91441
-0.316 37.2989 -3.39691
-0.314 34.5606 0.960304
-0.312 31.4803 4.65142
-0.31 28.6854 7.26795
-0.308 26.7493 8.5577
-0.306 26.0509 8.46279
-0.304 26.6794 7.12895
-0.302 28.4054 4.88364
-0.3 30.7261 2.18679
-0.298 32.9746 -0.437185
-0.296 34.4659 -2.47586
-0.294 34.6477 -3.50396
-0.292 33.2208 -3.2481
-0.29 30.206 -1.63286
-0.288 25.9459 1.19921
-0.286 21.0446 4.89876
-0.284 16.2593 8.95272
-0.282 12.365 12.7549
-0.28 10.0158 15.6945
-0.278 9.62651 17.2492
-0.276 11.2936 17.0703
-0.274 14.7704 15.046
-0.272 19.5011 11.3356
-0.27 24.7088 6.36427
-0.268 29.5236 0.776004
-0.266 33.1282 -4.65662
-0.264 34.8992 -9.15549
-0.262 34.5192 -12.0743
-0.26 32.0432 -13.0246
-0.258 27.903 -11.9632
-0.256 22.8489 -9.22136
-0.254 17.8323 -5.46334
-0.252 13.8527 -1.57875
-0.25 11.7925 1.47635
-0.248 12.2703 2.86212
-0.246 15.5352 2.02661
-0.244 21.4176 -1.17027
-0.242 29.3448 -6.41097
-0.24 38.4204 -12.9678
-0.238 47.5577 -19.8379
-0.236 55.6465 -25.9382
-0.234 61.7256 -30.3198
-0.232 65.1309 -32.3547
-0.23 65.5949 -31.8534
-0.228 63.2821 -29.0902
-0.226 58.7572 -24.7291
-0.224 52.8908 -19.6685
-0.222 46.717 -14.8421
-0.22 41.2619 -11.0204
-0.218 37.3716 -8.66042
-0.216 35.5674 -7.83455
-0.214 35.9604 -8.25104
-0.212 38.2402 -9.35379
-0.21 41.7448 -10.4734
-0.208 45.5933 -10.9922
-0.206 48.858 -10.4868
-0.204 50.7418 -8.81847
-0.202 50.7368 -6.15238
-0.2 48.7349 -2.90598
-0.198 45.0697 0.360997
-0.196 40.4681 3.08583
-0.194 35.9107 4.83814
-0.192 32.4184 5.42178
-0.19 30.8109 4.92397
-0.188 31.4924 3.70457
-0.186 34.3177 2.32878
-0.184 38.5746 1.45643
-0.182 43.0926 1.70856
-0.18 46.4621 3.53659
-0.178 47.3246 7.11936
-0.176 44.6806 12.3074
-0.174 38.1523 18.6252
-0.172 28.14 25.3312
-0.17 15.831 31.5281
-0.168 3.04627 36.3065
-0.166 -8.05658 38.9031
-0.164 -15.3723 38.8432
-0.162 -17.2592 36.0415
-0.16 -12.8913 30.8335
-0.158 -2.47649 23.9295
-0.156 12.7108 16.2972
-0.154 30.4977 8.99954
-0.152 48.1585 3.0168
-0.15 62.8788 -0.913753
-0.148 72.2525 -2.41804
-0.146 74.7208 -1.54676
-0.144 69.8682 1.23245
-0.142 58.5221 5.11541
-0.14 42.6343 9.10397
-0.138 24.962 12.1845
-0.136 8.59885 13.504
-0.134 -3.56064 12.5075
-0.132 -9.32708 9.01362
-0.13 -7.59459 3.22473
-0.128 1.47747 -4.31654
-0.126 16.5068 -12.8102
-0.124 35.1357 -21.3072
-0.122 54.4315 -28.8318
-0.12 71.3712 -34.5099
-0.118 83.3382 -37.6896
-0.116 88.5576 -38.0405
-0.114 86.3986 -35.6181
-0.112 77.4853 -30.8776
-0.11 63.5828 -24.6323
-0.108 47.2743 -17.9511
-0.106 31.4881 -12.0041
-0.104 18.9713 -7.87227
-0.102 11.8129 -6.3519
-0.1 11.107 -7.79174
-0.098 16.8057 -11.9969
-0.096 27.7731 -18.2243
-0.094 42.0146 -25.2788
-0.092 57.0339 -31.7015
-0.09 70.2562 -36.0271
-0.088 79.4583 -37.0709
-0.086 83.1406 -34.1935
-0.084 80.7826 -27.4849
-0.082 72.9291 -17.8144
-0.08 61.0786 -6.7189
-0.078 47.3873 3.86529
-0.076 34.2487 11.9783
-0.074 23.8412 16.0448
-0.072 17.7429 15.2244
-0.07 16.6854 9.62759
-0.068 20.4777 0.347765
-0.066 28.0861 -10.6985
-0.064 37.8286 -21.0934
-0.062 47.6429 -28.3495
-0.06 55.3941 -30.3788
-0.058 59.1997 -25.9191
-0.056 57.7399 -14.8359
-0.054 50.5077 1.76749
-0.052 37.9388 21.667
-0.05 21.3819 41.8541
-0.048 2.90371 59.0397
-0.046 -15.0296 70.2356
-0.044 -29.928 73.3059
-0.042 -39.6432 67.3781
-0.04 -42.6804 53.0331
-0.038 -38.43 32.2355
-0.036 -27.3031 8.01743
-0.034 -10.7475 -16.0254
-0.032 8.88379 -36.3371
-0.03 28.6299 -49.9938
-0.028 45.3705 -55.1738
-0.026 56.3551 -51.4144
-0.024 59.6999 -39.6118
-0.022 54.7354 -21.7808
-0.02 42.1257 -0.64602
-0.018 23.7525 20.835
-0.016 2.41855 39.9199
-0.014 -18.5496 54.4255
-0.012 -35.7354 62.9247
-0.01 -46.0768 64.7929
-0.008 -47.3131 60.1352
-0.006 -38.404 49.65
-0.004 -19.8377 34.4771
-0.002 6.29247 16.0599
0 36.5388 -3.97529
0.002 66.6782 -23.9239
0.004 92.5005 -42.0975
0.006 110.594 -56.9156
0.008 118.922 -67.0013
0.01 117.061 -71.2881
0.012 106.119 -69.1439
0.014 88.4181 -60.5085
0.016 67.0642 -46.0224
0.018 45.4992 -27.0962
0.02 27.0546 -5.86972
0.022 14.521 14.9764
0.024 9.75365 32.5508
0.026 13.3807 44.1862
0.028 24.6909 47.9051
0.03 41.7579 42.8207
0.032 61.7918 29.3761
0.034 81.6409 9.34899
0.036 98.3242 -14.3953
0.038 109.481 -38.3614
0.04 113.667 -59.0036
0.042 110.487 -73.3183
0.044 100.574 -79.3434
0.046 85.45 -76.474
0.048 67.2921 -65.5368
0.05 48.6168 -48.6098
0.052 31.9119 -28.6232
0.054 19.2593 -8.82042
0.056 12.0163 7.81395
0.058 10.6205 19.052
0.06 14.5601 23.7595
0.062 22.5047 22.0189
0.064 32.5551 15.0311
0.066 42.5551 4.82601
0.068 50.4182 -6.15122
0.07 54.4366 -15.5004
0.072 53.552 -21.2942
0.074 47.5519 -22.4033
0.076 37.153 -18.6636
0.078 23.9268 -10.8559
0.08 10.0562 -0.502326
0.082 -2.05099 10.4736
0.084 -10.2152 20.1482
0.086 -12.9092 26.9723
0.088 -9.55691 30.0421
0.09 -0.648102 29.2196
0.092 12.3454 25.0933
0.094 27.2233 18.8047
0.096 41.4276 11.7937
0.098 52.4702 5.51631
0.1 58.3555 1.18827
0.102 57.9372 -0.408595
0.104 51.148 0.968808
0.106 39.055 5.0179
0.108 23.7144 10.9752
0.11 7.83647 17.7712
0.112 -5.68858 24.2215
0.114 -14.3143 29.2198
0.116 -16.3074 31.8999
0.118 -11.0679 31.749
0.12 0.760568 28.6626
0.122 17.4023 22.9404
0.124 36.2535 15.2297
0.126 54.3171 6.42705
0.128 68.6982 -2.44551
0.13 77.0856 -10.3765
0.132 78.1485 -16.4996
0.134 71.7794 -20.2152
0.136 59.132 -21.2853
0.138 42.4342 -19.8855
0.14 24.605 -16.5961
0.142 8.7451 -12.322
0.144 -2.40132 -8.14488
0.146 -6.91404 -5.13393
0.148 -4.0121 -4.15327
0.15 5.834 -5.70777
0.152 21.0088 -9.85495
0.154 39.0553 -16.195
0.156 57.1191 -23.9364
0.158 72.4501 -32.0267
0.16 82.8686 -39.3267
0.162 87.1114 -44.8028
0.164 84.9989 -47.7023
0.166 77.3982 -47.6775
0.168 65.9988 -44.8338
0.17 52.9536 -39.6932
0.172 40.4598 -33.0845
0.174 30.3631 -25.9876
0.176 23.8581 -19.3626
0.178 21.3336 -13.9933
0.18 22.3849 -10.3695
0.182 25.9765 -8.62428
0.184 30.7114 -8.53551
0.186 35.1454 -9.59116
0.188 38.0812 -11.1051
0.19 38.789 -12.3615
0.192 37.1147 -12.7594
0.194 33.4619 -11.9314
0.196 28.6578 -9.81261
0.198 23.74 -6.64796
0.2 19.7133 -2.93373
0.202 17.3344 0.697154
0.204 16.966 3.62439
0.206 18.5248 5.39154
0.208 21.5187 5.82306
0.21 25.1575 5.07787
0.212 28.5123 3.62497
0.214 30.6955 2.14419
0.216 31.0339 1.37181
0.218 29.204 1.92287
0.22 25.303 4.12921
0.222 19.8406 7.93242
0.224 13.6556 12.8617
0.226 7.77424 18.1086
0.228 3.23777 22.6861
0.23 0.929952 25.638
0.232 1.43144 26.2503
0.234 4.92221 24.2159
0.236 11.1458 19.714
0.238 19.4415 13.3866
0.24 28.8407 6.21715
0.242 38.2135 -0.664133
0.244 46.4422 -6.20324
0.246 52.5903 -9.62772
0.248 56.0412 -10.5897
0.25 56.5839 -9.21861
0.252 54.4346 -6.07636
0.254 50.1951 -2.03058
0.256 44.7526 1.92368
0.258 39.137 4.85516
0.26 34.3561 6.06368
0.262 31.2348 5.19474
0.264 30.2885 2.28427
0.266 31.649 -2.26965
0.268 35.0569 -7.79725
0.27 39.9182 -13.488
0.272 45.412 -18.5347
0.274 50.6314 -22.2637
0.276 54.7346 -24.2312
0.278 57.0803 -24.2756
0.28 57.3287 -22.5232
0.282 55.49 -19.3512
0.284 51.9139 -15.3191
0.286 47.2213 -11.076
0.288 42.1899 -7.26042
0.29 37.6132 -4.40634
0.292 34.1558 -2.86903
0.294 32.2336 -2.78093
0.296 31.9405 -4.04186
0.298 33.0388 -6.34284
0.3 35.0183 -9.21812
0.302 37.212 -12.1172
0.304 38.9465 -14.4867
0.306 39.6918 -15.8513
0.308 39.1771 -15.884
0.31 37.4445 -14.4535
0.312 34.8294 -11.6428
0.314 31.8729 -7.73521
0.316 29.187 -3.17069
0.318 27.304 1.51862
0.32 26.5409 5.78266
0.322 26.9152 9.1277
0.324 28.1316 11.1826
0.326 29.6474 11.7508
0.328 30.8036 10.8402
0.33 30.9899 8.66713
0.332 29.8031 5.62774
0.334 27.1595 2.23971
0.336 23.3342 -0.938822
0.338 18.9173 -3.40049
0.34 14.6954 -4.77426
0.342 11.4861 -4.8892
0.344 9.96205 -3.80352
0.346 10.5049 -1.79147
0.348 13.1231 0.71071
0.35 17.451 3.1899
0.352 22.8267 5.15547
0.354 28.4266 6.23317
0.356 33.4261 6.23449
0.358 37.1508 5.18793
0.36 39.1901 3.32559
0.362 39.4552 1.02806
0.364 38.175 -1.26063
0.366 35.8356 -3.12963
0.368 33.0778 -4.28803
0.37 30.5744 -4.62305
0.372 28.9096 -4.21757
0.374 28.4846 -3.32426
0.376 29.4611 -2.30392
0.378 31.7485 -1.54275
0.38 35.0299 -1.36756
0.382 38.819 -1.97635
0.384 42.5372 -3.39695
0.386 45.6046 -5.48005
0.388 47.5311 -7.92643
0.39 47.998 -10.3426
0.392 46.9136 -12.3142
0.394 44.4316 -13.4846
0.396 40.9281 -13.6224
0.398 36.9396 -12.667
0.4 33.0716 -10.7429
0.402 29.8943 -8.14032
0.404 27.8408 -5.26645
0.406 27.1291 -2.57534
0.408 27.7235 -0.488463
0.41 29.3471 0.681257
0.412 31.5458 0.787957
0.414 33.7894 -0.117591
0.416 35.5893 -1.79416
0.418 36.6034 -3.85215
0.42 36.7074 -5.8251
0.422 36.0148 -7.25796
0.424 34.8443 -7.79588
0.426 33.641 -7.2553
0.428 32.8699 -5.66159
0.43 32.9034 -3.24418
0.432 33.9301 -0.389299
0.434 35.9041 2.43968
0.436 38.5495 4.79709
0.438 41.4177 6.34443
0.44 43.9853 6.91507
0.442 45.7663 6.54073
0.444 46.4148 5.43463
0.446 45.7946 3.93627
0.448 44.0062 2.43125
0.45 41.3663 1.26421
0.452 38.3475 0.664122
0.454 35.4879 0.697572
0.456 33.2882 1.25949
0.458 32.1176 2.10268
0.46 32.1455 2.89894
0.462 33.3133 3.31756
0.464 35.3488 3.10273
0.466 37.82 2.13216
0.468 40.2128 0.444601
0.47 42.0223 -1.76847
0.472 42.8388 -4.20331
0.474 42.4177 -6.5064
0.476 40.721 -8.34522
0.478 37.9229 -9.47226
0.48 34.3787 -9.76991
0.482 30.5653 -9.2678
0.484 27.0023 -8.13071
0.486 24.1705 -6.62099
0.488 22.439 -5.04436
0.49 22.0125 -3.69086
0.492 22.9062 -2.78276
0.494 24.949 -2.43957
0.496 27.8148 -2.66569
0.498 31.076 -3.36152
0.5 34.2692 -4.35382
0.502 36.963 -5.43701
0.504 38.8152 -6.41584
0.506 39.6148 -7.13959
0.508 39.3036 -7.52122
0.51 37.9788 -7.53888
0.512 35.8779 -7.22267
0.514 33.3461 -6.63351
0.516 30.7899 -5.84209
0.518 28.6209 -4.91431
0.52 27.1953 -3.90611
0.522 26.76 -2.86701
0.524 27.4114 -1.84879
0.526 29.0746 -0.914633
0.528 31.5076 -0.143197
0.53 34.3299 0.376315
0.532 37.0776 0.559513
0.534 39.2765 0.349873
0.536 40.5235 -0.257096
0.538 40.5603 -1.19717
0.54 39.3234 -2.33566
0.542 36.9603 -3.4841
0.544 33.8066 -4.43349
0.546 30.329 -4.9973
0.548 27.0431 -5.05392
0.55 24.4218 -4.57775
0.552 22.8094 -3.64981
0.554 22.3594 -2.44394
0.556 23.0075 -1.19028
0.558 24.4885 -0.124375
0.56 26.3922 0.566458
0.562 28.2482 0.786164
0.564 29.6203 0.552095
0.566 30.1918 -0.00907703
0.568 29.8244 -0.690672
0.57 28.5804 -1.25377
0.572 26.7058 -1.48275
0.574 24.5793 -1.23604
0.576 22.6387 -0.480918
0.578 21.2979 0.695672
0.58 20.8718 2.10254
0.582 21.5221 3.48247
0.584 23.2326 4.56464
0.586 25.8185 5.11998
0.588 28.9636 5.00783
0.59 32.278 4.20479
0.592 35.3633 2.81055
0.594 37.8747 1.03031
0.596 39.5678 -0.862622
0.598 40.3251 -2.57684
0.6 40.1594 -3.85633
0.602 39.1944 -4.52784
0.604 37.6308 -4.53331
0.606 35.7034 -3.94114
0.608 33.6405 -2.93384
0.61 31.6326 -1.77381
0.612 29.8147 -0.753571
0.614 28.2637 -0.139805
0.616 27.0088 -0.122095
0.618 26.048 -0.776577
0.62 25.3674 -2.05162
0.622 24.955 -3.7784
0.624 24.8076 -5.7042
0.626 24.9272 -7.54217
0.628 25.3097 -9.02719
0.63 25.9285 -9.9665
0.632 26.721 -10.2739
0.634 27.5836 -9.98026
0.636 28.3792 -9.21787
0.638 28.9583 -8.18372
0.64 29.1898 -7.09074
0.642 28.993 -6.11956
0.644 28.3657 -5.38196
0.646 27.3979 -4.90368
0.648 26.2692 -4.62891
0.65 25.2258 -4.44405
0.652 24.5388 -4.21383
0.654 24.452 -3.82082
0.656 25.1275 -3.19883
0.658 26.6027 -2.3524
0.66 28.7684 -1.35807
0.662 31.3753 -0.34767
0.664 34.0684 0.521556
0.666 36.4444 1.10218
0.668 38.1228 1.28861
0.67 38.8156 1.03898
0.672 38.3853 0.383287
0.674 36.877 -0.582754
0.676 34.5176 -1.71554
0.678 31.6804 -2.84892
0.68 28.8206 -3.82204
0.682 26.3937 -4.50488
0.684 24.771 -4.81771
0.686 24.1706 -4.7417
0.688 24.6153 -4.31963
0.69 25.9259 -3.6468
0.692 27.7525 -2.85363
0.694 29.6382 -2.0824
0.696 31.1051 -1.46224
0.698 31.7456 -1.08671
0.7 31.3024 -0.998155
0.702 29.7191 -1.18185
0.704 27.1532 -1.57069
0.706 23.9478 -2.05957
0.708 20.57 -2.5265
0.71 17.5259 -2.85686
0.712 15.2717 -2.96606
0.714 14.1342 -2.8162
0.716 14.2567 -2.42274
0.718 15.5792 -1.84928
0.72 17.8553 -1.19135
0.722 20.7017 -0.553034
0.724 23.6689 -0.0224856
0.726 26.3193 0.347753
0.728 28.2983 0.550707
0.73 29.3866 0.623084
0.732 29.5256 0.632245
0.734 28.815 0.655421
0.736 27.4847 0.756391
0.738 25.8477 0.965403
0.74 24.2445 1.26734
0.742 22.9876 1.60106
0.744 22.3148 1.87009
0.746 22.3582 1.96206
0.748 23.1297 1.77263
0.75 24.5256 1.22855
0.752 26.345 0.305496
0.754 28.3221 -0.962714
0.756 30.165 -2.48542
0.758 31.5974 -4.1267
0.76 32.3978 -5.72537
0.762 32.4307 -7.12006
0.764 31.6665 -8.17467
0.766 30.1859 -8.79979
0.768 28.1691 -8.96642
0.77 25.8702 -8.70971
0.772 23.5793 -8.12227
0.774 21.5805 -7.33808
0.776 20.1095 -6.50949
0.778 19.3189 -5.78099
0.78 19.2573 -5.26426
0.782 19.8644 -5.01932
0.784 20.9824 -5.04549
0.786 22.3834 -5.28402
0.788 23.8071 -5.63199
0.79 25.0029 -5.96451
0.792 25.7698 -6.16076
0.794 25.9875 -6.12875
0.796 25.6338 -5.82332
0.798 24.7859 -5.2536
0.8 23.6069 -4.47827
0.802 22.3187 -3.59
0.804 21.1664 -2.6935
0.806 20.3779 -1.88296
0.808 20.125 -1.22418
0.81 20.4932 -0.745255
0.812 21.4633 -0.436811
0.814 22.9114 -0.26075
0.816 24.6246 -0.164782
0.818 26.3331 -0.0988763
0.82 27.7527 -0.0293868
0.822 28.6313 0.0529173
0.824 28.7933 0.133031
0.826 28.1737 0.17966
0.828 26.8343 0.157915
0.83 24.9579 0.0422747
0.832 22.8205 -0.174401
0.834 20.7437 -0.47819
0.836 19.0383 -0.837776
0.838 17.9491 -1.21257
0.84 17.6109 -1.5626
0.842 18.0245 -1.85753
0.844 19.0571 -2.08272
0.846 20.4669 -2.24073
0.848 21.9489 -2.3482
0.85 23.1921 -2.42861
0.852 23.9395 -2.50328
0.854 24.0361 -2.58343
0.856 23.4576 -2.66563
0.858 22.3125 -2.73203
0.86 20.8189 -2.75525
0.862 19.2617 -2.70658
0.864 17.9377 -2.56549
0.866 17.1013 -2.3281
0.868 16.92 -2.01269
0.87 17.4466 -1.66051
0.872 18.6139 -1.33128
0.874 20.25 -1.09347
0.876 22.1119 -1.011
0.878 23.9293 -1.129
0.88 25.4505 -1.46164
0.882 26.4823 -1.98493
0.884 26.9168 -2.63628
0.886 26.7424 -3.32179
0.888 26.0371 -3.93086
0.89 24.9479 -4.35616
0.892 23.6591 -4.51573
0.894 22.3577 -4.37228
0.896 21.2024 -3.94527
0.898 20.301 -3.31186
0.9 19.6997 -2.59566
0.902 19.3853 -1.94461
0.904 19.2966 -1.50225
0.906 19.3438 -1.37792
0.908 19.4295 -1.62238
0.91 19.4687 -2.21418
0.912 19.4031 -3.06046
0.914 19.209 -4.01268
0.916 18.8964 -4.89463
0.918 18.5025 -5.53705
0.92 18.0799 -5.8115
0.922 17.6847 -5.65622
0.924 17.3656 -5.08825
0.926 17.1574 -4.19903
0.928 17.0781 -3.13482
0.93 17.1309 -2.06608
0.932 17.3073 -1.15284
0.934 17.5908 -0.513521
0.936 17.9588 -0.203856
0.938 18.3838 -0.210058
0.94 18.8326 -0.45668
0.942 19.2672 -0.826558
0.944 19.6466 -1.18783
0.946 19.9321 -1.42211
0.948 20.0926 -1.44809
0.95 20.1118 -1.23644
0.952 19.9941 -0.813437
0.954 19.7678 -0.253391
0.956 19.4844 0.338103
0.958 19.2135 0.846084
0.96 19.0315 1.16862
0.962 19.0073 1.23535
0.964 19.1866 1.01904
0.966 19.5797 0.538884
0.968 20.1554 -0.144429
0.97 20.8432 -0.940394
0.972 21.5442 -1.74475
0.974 22.1475 -2.457
0.976 22.5507 -2.99633
0.978 22.6794 -3.31343
0.98 22.5027 -3.39621
0.982 22.0409 -3.2691
0.984 21.3634 -2.98633
0.986 20.5772 -2.62094
0.988 19.8076 -2.25168
0.99 19.1742 -1.94996
0.992 18.7683 -1.76916
0.994 18.6345 -1.7379
0.996 18.7616 -1.85812
0.998 19.0837 -2.10768
1 19.493 -2.44619
1.002 19.86 -2.82235
1.004 20.0598 -3.18129
1.006 19.9972 -3.47105
1.008 19.6265 -3.64791
1.01 18.9623 -3.68069
1.012 18.0783 -3.55406
1.014 17.0949 -3.2706
1.016 16.1576 -2.85152
1.018 15.4093 -2.33556
1.02 14.963 -1.77619
1.022 14.8786 -1.2367
1.024 15.1509 -0.783023
1.026 15.7095 -0.474636
1.028 16.4326 -0.354305
1.03 17.1707 -0.438872
1.032 17.7757 -0.713423
1.034 18.1283 -1.131
1.036 18.1598 -1.61883
1.038 17.8631 -2.09034
1.04 17.2914 -2.46102
1.042 16.5456 -2.66465
1.044 15.7522 -2.66662
1.046 15.0376 -2.47107
1.048 14.503 -2.12005
1.05 14.206 -1.68466
1.052 14.1523 -1.25
1.054 14.2986 -0.897214
1.056 14.5652 -0.686563
1.058 14.8558 -0.645277
1.06 15.0789 -0.762743
1.062 15.1667 -0.994031
1.064 15.0879 -1.2708
1.066 14.8514 -1.517
1.068 14.5015 -1.66564
1.07 14.1061 -1.67312
1.072 13.7415 -1.52787
1.074 13.4765 -1.25192
1.076 13.3598 -0.895408
1.078 13.4122 -0.525707
1.08 13.6247 -0.213793
1.082 13.9631 -0.0205391
1.084 14.376 0.0145103
1.086 14.8061 -0.119961
1.088 15.2004 -0.405516
1.09 15.5186 -0.797874
1.092 15.7367 -1.23534
1.094 15.8474 -1.65007
1.096 15.8579 -1.98011
1.098 15.7859 -2.18014
1.1 15.6555 -2.22923
1.102 15.493 -2.13429
1.104 15.3244 -1.92869
1.106 15.1725 -1.66616
1.108 15.0557 -1.41087
1.11 14.987 -1.22561
1.112 14.9741 -1.16025
1.114 15.0186 -1.24253
1.116 15.1156 -1.47292
1.118 15.2525 -1.82418
1.12 15.4088 -2.24593
1.122 15.5567 -2.67345
1.124 15.6639 -3.03943
1.126 15.6981 -3.28629
1.128 15.6335 -3.3768
1.13 15.4567 -3.30037
1.132 15.1718 -3.07385
1.134 14.8023 -2.73674
1.136 14.3889 -2.34216
1.138 13.9835 -1.94593
1.14 13.6404 -1.59616
1.142 13.4065 -1.32522
1.144 13.3129 -1.1457
1.146 13.369 -1.05055
1.148 13.5607 -1.01733
1.15 13.8522 -1.01513
1.152 14.1921 -1.0126
1.154 14.5214 -0.984966
1.156 14.7834 -0.918579
1.158 14.9329 -0.81225
1.16 14.9429 -0.675679
1.162 14.8072 -0.525858
1.164 14.5393 -0.382581
1.166 14.167 -0.264113
1.168 13.7266 -0.183817
1.17 13.2558 -0.14825
1.172 12.7891 -0.156922
1.174 12.3543 -0.203546
1.176 11.9714 -0.278252
1.178 11.6525 -0.370088
1.18 11.4035 -0.469141
1.182 11.2249 -0.567914
1.184 11.1138 -0.661888
1.186 11.0643 -0.749424
1.188 11.0679 -0.831225
1.19 11.1138 -0.909548
1.192 11.1891 -0.987357
1.194 11.2801 -1.06759
1.196 11.3733 -1.15265
1.198 11.4569 -1.24417
1.2 11.5228 -1.34278
1.202 11.5675 -1.4479
1.204 11.5924 -1.55741
1.206 11.6034 -1.66734
1.208 11.6094 -1.77164
1.21 11.6193 -1.86211
1.212 11.6397 -1.92881
1.214 11.6725 -1.96079
1.216 11.7138 -1.94735
1.218 11.7535 -1.87977
1.22 11.7776 -1.75326
1.222 11.7701 -1.56889
1.224 11.7171 -1.33489
1.226 11.6108 -1.06697
1.228 11.4521 -0.787354
1.23 11.2523 -0.522384
1.232 11.0325 -0.299104
1.234 10.8206 -0.141225
1.236 10.6463 -0.0652527
1.238 10.5363 -0.077542
1.24 10.5086 -0.172973
1.242 10.5689 -0.335664
1.244 10.7087 -0.541682
1.246 10.9055 -0.763229
1.248 11.1262 -0.973396
1.25 11.3321 -1.15051
1.252 11.4857 -1.28128
1.254 11.5568 -1.36211
1.256 11.528 -1.39862
1.258 11.3973 -1.40318
1.26 11.1791 -1.39132
1.262 10.9015 -1.37762
1.264 10.6018 -1.37231
1.266 10.3192 -1.37939
1.268 10.0878 -1.39655
1.27 9.92961 -1.41677
1.272 9.85126 -1.43092
1.274 9.84347 -1.43045
1.276 9.88446 -1.40964
1.278 9.9454 -1.36699
1.28 9.9967 -1.30555
1.282 10.0138 -1.23211
1.284 9.98149 -1.15538
1.286 9.89656 -1.08355
1.288 9.76826 -1.02189
1.29 9.61654 -0.971048
1.292 9.46814 -0.926619
1.294 9.3512 -0.879998
1.296 9.28972 -0.820313
1.298 9.29894 -0.73699
1.3 9.38252 -0.622488
1.302 9.53192 -0.474725
1.304 9.72756 -0.298699
1.306 9.94163 -0.106785
1.308 10.142 0.0825854
1.31 10.2966 0.247781
1.312 10.3782 0.367794
1.314 10.3679 0.426121
1.316 10.2583 0.413833
1.318 10.0542 0.331163
1.32 9.77233 0.187408
1.322 9.43899 -0.000770182
1.324 9.08663 -0.212274
1.326 8.74901 -0.425184
1.328 8.45613 -0.620396
1.33 8.22982 -0.784513
1.332 8.08087 -0.911359
1.334 8.00848 -1.00178
1.336 8.00171 -1.06187
1.338 8.04254 -1.10022
1.34 8.10951 -1.12504
1.342 8.18135 -1.14189
1.344 8.24018 -1.15274
1.346 8.27404 -1.15618
1.348 8.27842 -1.14886
1.35 8.25636 -1.12738
1.352 8.21718 -1.09034
1.354 8.17385 -1.03964
1.356 8.14 -0.980771
1.358 8.12716 -0.92192
1.36 8.14286 -0.872082
1.362 8.18965 -0.838809
1.364 8.26483 -0.826209
1.366 8.36059 -0.833796
1.368 8.46448 -0.856487
1.37 8.56053 -0.885759
1.372 8.63093 -0.911613
1.374 8.65846 -0.924788
1.376 8.62928 -0.918657
1.378 8.53555 -0.890372
1.38 8.37744 -0.841101
1.382 8.1639 -0.775425
1.384 7.91195 -0.700159
1.386 7.64441 -0.622909
1.388 7.38652 -0.550709
1.39 7.16177 -0.489018
1.392 6.98804 -0.441247
1.394 6.87453 -0.40887
1.396 6.82049 -0.391979
1.398 6.81562 -0.389967
1.4 6.84243 -0.402041
1.402 6.87985 -0.427302
1.404 6.9074 -0.464431
1.406 6.90911 -0.511166
1.408 6.87626 -0.563898
1.41 6.80859 -0.617619
1.412 6.71359 -0.666286
1.414 6.60436 -0.703539
1.416 6.49629 -0.7236
1.418 6.40354 -0.722208
1.42 6.33592 -0.697423
1.422 6.29708 -0.650128
1.424 6.28414 -0.584085
1.426 6.28905 -0.505473
1.428 6.30109 -0.421996
1.43 6.30979 -0.341763
1.432 6.30752 -0.272202
1.434 6.2911 -0.219188
1.436 6.26215 -0.186455
1.438 6.22633 -0.175317
1.44 6.19182 -0.184699
1.442 6.16736 -0.211503
1.444 6.1605 -0.251294
1.446 6.17612 -0.299145
1.448 6.21561 -0.350434
1.45 6.27656 -0.401385
1.452 6.35303 -0.449271
1.454 6.43619 -0.492353
1.456 6.51523 -0.529713
1.458 6.5785 -0.561095
1.46 6.61483 -0.586795
1.462 6.61469 -0.607553
1.464 6.57134 -0.62442
1.466 6.48177 -0.638637
1.468 6.34716 -0.651597
1.47 6.17318 -0.664905
1.472 5.96978 -0.680443
1.474 5.7507 -0.700317
1.476 5.53246 -0.726541
1.478 5.3329 -0.760502
1.48 5.16916 -0.802326
1.482 5.0553 -0.8504
1.484 4.99994 -0.901257
1.486 5.00435 -0.949929
1.488 5.06159 -0.990714
1.49 5.15685 -1.01818
1.492 5.26916 -1.02816
1.494 5.37423 -1.01856
1.496 5.44808 -0.989687
1.498 5.47078 -0.944178
1.5 5.42975 -0.886414
1.502 5.32202 -0.821631
1.504 5.15495 -0.754901
1.506 4.94536 -0.690232
1.508 4.7171 -0.629983
1.51 4.49746 -0.574778
1.512 4.3128 -0.523914
1.514 4.18441 -0.476167
1.516 4.12497 -0.430709
1.518 4.13661 -0.387819
1.52 4.21073 -0.349141
1.522 4.3297 -0.317358
1.524 4.46998 -0.295411
1.526 4.60612 -0.285503
1.528 4.71481 -0.288243
1.53 4.77848 -0.302191
1.532 4.78767 -0.323939
1.534 4.74202 -0.348741
1.536 4.6497 -0.371495
1.538 4.52542 -0.387861
1.54 4.38759 -0.395198
1.542 4.25502 -0.39308
1.544 4.14385 -0.383233
1.546 4.0652 -0.36893
1.548 4.02381 -0.354043
1.55 4.01792 -0.342033
1.552 4.04006 -0.33515
1.554 4.0789 -0.334048
1.556 4.12141 -0.337855
1.558 4.15525 -0.344654
1.56 4.17083 -0.352187
1.562 4.16268 -0.358567
1.564 4.12993 -0.362777
1.566 4.07605 -0.36485
1.568 4.00779 -0.365701
1.57 3.93387 -0.366699
1.572 3.8635 -0.369108
1.574 3.80494 -0.373561
1.576 3.76444 -0.379704
1.578 3.7455 -0.38612
1.58 3.74859 -0.390566
1.582 3.77137 -0.39049
1.584 3.80917 -0.383698
1.586 3.85572 -0.369013
1.588 3.90384 -0.34673
1.59 3.94621 -0.318767
1.592 3.97603 -0.288483
1.594 3.98766 -0.260212
1.596 3.9771 -0.238628
1.598 3.94245 -0.228024
1.6 3.88406 -0.231608
1.602 3.80471 -0.250885
1.604 3.70938 -0.285228
1.606 3.6049 -0.331753
1.608 3.49924 -0.385601
1.61 3.4005 -0.440612
1.612 3.31572 -0.490268
1.614 3.24967 -0.528711
1.616 3.20386 -0.551615
1.618 3.17603 -0.556752
1.62 3.16035 -0.544208
1.622 3.14821 -0.516236
1.624 3.12978 -0.476819
1.626 3.09583 -0.431014
1.628 3.03961 -0.384162
1.63 2.95844 -0.341064
1.632 2.85452 -0.305259
1.634 2.73504 -0.278568
1.636 2.61112 -0.261001
1.638 2.49608 -0.25107
1.64 2.403 -0.246387
1.642 2.34227 -0.244377
1.644 2.31947 -0.24289
1.646 2.33412 -0.240577
1.648 2.37957 -0.236968
1.65 2.44403 -0.232305
1.652 2.51255 -0.227245
1.654 2.56953 -0.222547
1.656 2.60143 -0.218821
1.658 2.59897 -0.216358
1.66 2.5587 -0.215061
1.662 2.48353 -0.214466
1.664 2.38215 -0.213881
1.666 2.26753 -0.212622
1.668 2.15463 -0.210298
1.67 2.05776 -0.207029
1.672 1.98812 -0.203514
1.674 1.95196 -0.200927
1.676 1.9496 -0.200667
1.678 1.97554 -0.204056
1.68 2.01955 -0.212067
1.682 2.06853 -0.225113
1.684 2.10884 -0.242939
1.686 2.12856 -0.264592
1.688 2.11946 -0.288486
1.69 2.07817 -0.312557
1.692 2.00651 -0.334511
1.694 1.9109 -0.352137
1.696 1.80115 -0.36363
1.698 1.68872 -0.367865
1.7 1.58489 -0.364548
1.702 1.49906 -0.354225
1.704 1.43747 -0.338143
1.706 1.40257 -0.317987
1.708 1.39308 -0.295571
1.71 1.40462 -0.272521
1.712 1.43083 -0.25004
1.714 1.46457 -0.228784
1.716 1.49906 -0.208881
1.718 1.52884 -0.19006
1.72 1.55032 -0.171867
1.722 1.56205 -0.1539
1.724 1.56454 -0.136025
1.726 1.5598 -0.118513
1.728 1.55072 -0.102076
1.73 1.54022 -0.0877568
1.732 1.53069 -0.0767059
1.734 1.52349 -0.0698958
1.736 1.5188 -0.0678479
1.738 1.51563 -0.0704646
1.74 1.5121 -0.0770132
1.742 1.50577 -0.0862597
1.744 1.49418 -0.0967024
1.746 1.47527 -0.106839
1.748 1.44784 -0.11541
1.75 1.41179 -0.121586
1.752 1.36813 -0.125068
1.754 1.31883 -0.126106
1.756 1.26644 -0.125427
1.758 1.21371 -0.124076
1.76 1.16317 -0.1232
1.762 1.11686 -0.123823
1.764 1.0761 -0.12663
1.766 1.04146 -0.131831
1.768 1.01288 -0.13909
1.77 0.989802 -0.147571
1.772 0.971413 -0.156053
1.774 0.956836 -0.163125
1.776 0.945282 -0.167418
1.778 0.936101 -0.167841
1.78 0.928762 -0.1638
1.782 0.92277 -0.155338
1.784 0.917588 -0.14318
1.786 0.912591 -0.128629
1.788 0.907077 -0.11335
1.79 0.900354 -0.0990624
1.792 0.891863 -0.0872318
1.794 0.881305 -0.0788083
1.796 0.868725 -0.0740806
1.798 0.854518 -0.0726593
1.8 0.839356 -0.0735885
1.802 0.824049 -0.0755672
1.804 0.809358 -0.0772392
1.806 0.795824 -0.0774964
1.808 0.783648 -0.0757227
1.81 0.772655 -0.0719159
1.812 0.762358 -0.0666553
1.814 0.752094 -0.0609268
1.816 0.741203 -0.055862
1.818 0.729193 -0.0524661
1.82 0.715848 -0.0514022
1.822 0.701258 -0.0528739
1.824 0.685761 -0.0566129
1.826 0.669827 -0.0619605
1.828 0.653913 -0.068017
1.83 0.638312 -0.0738257
1.832 0.62306 -0.078553
1.834 0.607915 -0.0816255
1.836 0.592429 -0.0827967
1.838 0.576084 -0.0821338
1.84 0.558452 -0.079938
1.842 0.539343 -0.0766296
1.844 0.51889 -0.0726333
1.846 0.497556 -0.0682922
1.848 0.476069 -0.0638276
1.85 0.455287 -0.0593433
1.852 0.436043 -0.0548662
1.854 0.418988 -0.0504048
1.856 0.404468 -0.0460032
1.858 0.392477 -0.0417683
1.86 0.382673 -0.0378604
1.862 0.374467 -0.0344533
1.864 0.367155 -0.0316826
1.866 0.360055 -0.0296026
1.868 0.352633 -0.0281664
1.87 0.344592 -0.0272306
1.872 0.335904 -0.0265832
1.874 0.326792 -0.0259874
1.876 0.317653 -0.0252351
1.878 0.308947 -0.024199
1.88 0.301064 -0.0228678
1.882 0.294225 -0.0213541
1.884 0.288416 -0.0198676
1.886 0.283397 -0.01866
1.888 0.278746 -0.0179577
1.89 0.273955 -0.0179
1.892 0.268521 -0.0184986
1.894 0.262044 -0.0196253
1.896 0.254301 -0.0210304
1.898 0.245279 -0.0223885
1.9 0.235172 -0.0233663
1.902 0.224335 -0.0236975
1.904 0.2132 -0.0232464
1.906 0.20219 -0.0220422
1.908 0.191642 -0.0202731
1.91 0.181751 -0.0182412
1.912 0.172558 -0.0162917
1.914 0.163955 -0.014736
1.916 0.155738 -0.0137848
1.918 0.147663 -0.0135062
1.92 0.139523 -0.0138153
1.922 0.131196 -0.0144963
1.924 0.122683 -0.0152544
1.926 0.114098 -0.0157832
1.928 0.105639 -0.0158333
1.93 0.0975436 -0.0152642
1.932 0.0900363 -0.0140694
1.934 0.0832901 -0.012369
1.936 0.0773967 -0.0103771
1.938 0.0723547 -0.00835152
1.94 0.0680744 -0.00653857
1.942 0.0643992 -0.00512548
1.944 0.0611392 -0.00420878
1.946 0.0581075 -0.00378494
1.948 0.0551501 -0.00376324
1.95 0.0521629 -0.00399553
1.952 0.0490952 -0.00431394
1.954 0.0459412 -0.00456712
1.956 0.0427261 -0.00464721
1.958 0.0394903 -0.00450381
1.96 0.0362754 -0.0041442
1.962 0.0331145 -0.00362181
1.964 0.0300281 -0.00301677
1.966 0.0270262 -0.00241367
1.968 0.0241133 -0.00188204
1.97 0.0212957 -0.00146399
1.972 0.0185858 -0.00117083
1.974 0.0160034 -0.000987738
1.976 0.0135733 -0.000883317
1.978 0.0113212 -0.000820677
1.98 0.00926933 -0.000767001
1.982 0.00743229 -0.000699948
1.984 0.0058157 -0.000610217
1.986 0.0044165 -0.000500408
1.988 0.00322568 -0.000381118
1.99 0.00223207 -0.000265809
1.992 0.00142597 -0.000166182
1.994 0.000801257 -8.93889e-05
1.996 0.000355536 -3.75046e-05
1.998 8.85794e-05 -8.82372e-06
0.5 131.87 -12.9572
1 107.627 -10.6093
1.5 75.1014 -7.45332
2 42.7693 -4.30447
2.5 17.469 -1.82202
3 2.33458 -0.311123
3.5 -3.44487 0.30047
4 -3.23939 0.33034
4.5 -0.907117 0.144028
5 0.872749 -0.00346748
5.5 1.20571 -0.0250399
6 0.554028 0.0391694
6.5 -0.181282 0.108237
7 -0.425726 0.131681
7.5 -0.181228 0.111624
8 0.194053 0.0810547
8.5 0.366645 0.0681531
9 0.261632 0.0757811
9.5 0.0367822 0.0861241
10 -0.104343 0.0801378
10.5 -0.077792 0.0537426
11 0.0524557 0.0195838
11.5 0.167021 -0.00376528
12 0.201954 -0.00473423
12.5 0.186545 0.0156477
13 0.194723 0.0474437
13.5 0.267711 0.0796888
14 0.377077 0.10581
14.5 0.452148 0.123721
15 0.440008 0.132675
15.5 0.345316 0.130945
16 0.22131 0.116562
16.5 0.125982 0.0899761
17 0.0820433 0.0557582
17.5 0.0698909 0.0215181
18 0.0525464 -0.00528591
18.5 0.00759939 -0.0202953
19 -0.0589418 -0.0230785
19.5 -0.122775 -0.0158237
20 -0.161628 -0.00141017
20.5 -0.16763 0.0176414
21 -0.14488 0.0390632
21.5 -0.0997621 0.060441
22 -0.0360759 0.0794112
22.5 0.0405029 0.0944045
23 0.115083 0.105031
23.5 0.163409 0.11136
24 0.162332 0.112403
24.5 0.104034 0.105132
25 0.00273102 0.0852952
25.5 -0.112021 0.0500662
26 -0.210885 0.00109175
26.5 -0.278086 -0.0540818
27 -0.313872 -0.103418
27.5 -0.326361 -0.134205
28 -0.320818 -0.137499
28.5 -0.295149 -0.111219
29 -0.244238 -0.060768
29.5 -0.168356 0.00265464
30 -0.0781745 0.0651232
30.5 0.0076846 0.113372
31 0.0705876 0.137768
31.5 0.0996569 0.134396
32 0.0947915 0.105849
32.5 0.0643787 0.0603559
33 0.0204795 0.00927321
33.5 -0.0253542 -0.0364011
34 -0.0643899 -0.0692315
34.5 -0.091732 -0.0870029
35 -0.106761 -0.0922495
35.5 -0.112661 -0.0901062
36 -0.114214 -0.0856907
36.5 -0.114128 -0.0822639
37 -0.109918 -0.080774
37.5 -0.0939206 -0.0805497
38 -0.057376 -0.0803877
38.5 0.00342347 -0.0793387
39 0.0827843 -0.0769425
39.5 0.166149 -0.073115
40 0.235566 -0.0680526
40.5 0.27701 -0.0623547
41 0.285488 -0.0572719
41.5 0.265488 -0.0548029
42 0.227275 -0.0573905
42.5 0.181635 -0.0671624
43 0.13587 -0.0849074
43.5 0.0924486 -0.109169
44 0.0501159 -0.135901
44.5 0.00632935 -0.159035
45 -0.0401547 -0.17202
45.5 -0.0875027 -0.169989
46 -0.130561 -0.151793
46.5 -0.162505 -0.121009
47 -0.177914 -0.0852703
47.5 -0.175805 -0.0539081
48 -0.160636 -0.0347063
48.5 -0.140212 -0.0310366
49 -0.121283 -0.0406289
49.5 -0.105519 -0.0565661
50 -0.0887019 -0.0701341
50.5 -0.0641428 -0.0743223
51 -0.0284261 -0.0664698
51.5 0.0142744 -0.0489198
52 0.0525277 -0.0274361
52.5 0.0730301 -0.00813984
53 0.0681973 0.00558873
53.5 0.0415466 0.0147599
54 0.00757102 0.0241408
54.5 -0.0141364 0.0395884
55 -0.00764568 0.0646263
55.5 0.03193 0.0980129
56 0.0958382 0.133651
56.5 0.164862 0.163063
57 0.21666 0.179296
57.5 0.234048 0.180274
58 0.210884 0.169755
58.5 0.153413 0.155235
59 0.0769132 0.143775
59.5 -0.000527759 0.137979
60 -0.0641293 0.134384
60.5 -0.105678 0.125393
61 -0.122875 0.103911
61.5 -0.116031 0.0682886
62 -0.0849346 0.0247942
62.5 -0.0285755 -0.0140363
63 0.0517428 -0.0346835
63.5 0.147998 -0.0291026
64 0.243381 0.000880359
64.5 0.315264 0.0435469
65 0.342939 0.0817946
65.5 0.316653 0.100052
66 0.243073 0.0903058
66.5 0.143835 0.0544889
67 0.0474289 0.00242942
67.5 -0.0217829 -0.0531856
68 -0.0521386 -0.102032
68.5 -0.0469727 -0.139013
69 -0.0201417 -0.163812
69.5 0.0123416 -0.17815
70 0.0400778 -0.182879
70.5 0.0617613 -0.176861
71 0.0832053 -0.158175
71.5 0.111557 -0.12666
72 0.149074 -0.0859766
72.5 0.189798 -0.0437245
73 0.220858 -0.00937066
73.5 0.227832 0.00898793
74 0.201641 0.00745308
74.5 0.143711 -0.0124735
75 0.0668889 -0.0446076
75.5 -0.00853898 -0.0801431
76 -0.0621643 -0.110134
76.5 -0.081131 -0.127673
77 -0.0650082 -0.129426
77.5 -0.0259155 -0.116453
78 0.016103 -0.0941627
78.5 0.0406241 -0.0712079
79 0.0344488 -0.057246
79.5 -0.00351902 -0.0599537
80 -0.0618562 -0.0822528
80.5 -0.120802 -0.120904
81 -0.159533 -0.167219
81.5 -0.163857 -0.209726
82 -0.131425 -0.237706
82.5 -0.0724199 -0.244106
83 -0.00550618 -0.226775
83.5 0.0492028 -0.187886
84 0.0771379 -0.13233
84.5 0.0733744 -0.0661776
85 0.0425402 0.00410903
85.5 -0.0046819 0.0718226
86 -0.05623 0.130201
86.5 -0.102254 0.173285
87 -0.136574 0.197434
87.5 -0.156479 0.202728
88 -0.162092 0.193253
88.5 -0.156097 0.175719
89 -0.143624 0.156841
89.5 -0.131355 0.140724
90 -0.125327 0.127623
90.5 -0.128053 0.114723
91 -0.136595 0.0984585
91.5 -0.143133 0.0770555
92 -0.138226 0.0518654
92.5 -0.115289 0.0268469
93 -0.0739208 0.00660169
93.5 -0.020355 -0.00585316
94 0.0349591 -0.0103717
94.5 0.0810724 -0.00946391
95 0.109615 -0.00688508
95.5 0.116291 -0.00589852
96 0.101261 -0.00806896
96.5 0.0694469 -0.0129905
97 0.0310834 -0.018811
97.5 0.00141352 -0.0231173
98 -0.00215304 -0.0237797
98.5 0.0339878 -0.0195639
99 0.112399 -0.010487
99.5 0.220048 0.00209323
100 0.33022 0.0157205
100.5 0.411728 0.0274645
101 0.441917 0.034811
101.5 0.416937 0.0364878
102 0.35337 0.0328225
102.5 0.279619 0.0254071
103 0.221277 0.0162218
103.5 0.188409 0.00669479
104 0.1719 -0.00276427
104.5 0.150966 -0.0125091
105 0.107459 -0.0228785
105.5 0.0386166 -0.0334236
106 -0.0391633 -0.0426623
106.5 -0.0977615 -0.0485413
107 -0.11182 -0.0493419
107.5 -0.0722919 -0.0444997
108 0.00812333 -0.0348746
108.5 0.100213 -0.0223499
109 0.171082 -0.00902929
109.5 0.198097 0.00351025
110 0.177631 0.014536
110.5 0.125474 0.0239684
111 0.0696851 0.0318968
111.5 0.0394157 0.0381511
112 0.0539893 0.0421981
112.5 0.115693 0.0434113
113 0.208308 0.0415356
113.5 0.30188 0.0370551
114 0.362625 0.0312078
114.5 0.365164 0.025563
115 0.30283 0.0212997
115.5 0.191636 0.0185144
116 0.0653734 0.0159426
116.5 -0.0370792 0.0113533
117 -0.0872767 0.00257219
117.5 -0.0787009 -0.0112608
118 -0.0288109 -0.0288191
118.5 0.0293916 -0.0466479
119 0.0621978 -0.0602991
119.5 0.0492702 -0.0661216
120 -0.00951902 -0.0628695
120.5 -0.0969491 -0.0522804
121 -0.188415 -0.0382574
121.5 -0.263117 -0.0250223
122 -0.310765 -0.0151885
122.5 -0.331309 -0.00877477
123 -0.329404 -0.00366897
123.5 -0.308022 0.00276214
124 -0.265473 0.0118651
124.5 -0.19744 0.0227308
125 -0.102321 0.03259
125.5 0.0138159 0.0382956
126 0.136002 0.038011
126.5 0.243835 0.0321538
127 0.317904 0.023125
127.5 0.345943 0.0140579
128 0.325924 0.00732648
128.5 0.265334 0.00359167
129 0.177896 0.00178089
129.5 0.0799645 -0.000137206
130 -0.0118934 -0.00407964
130.5 -0.0821546 -0.0110036
131 -0.117701 -0.0205768
131.5 -0.110404 -0.0313474
132 -0.0606407 -0.0412097
132.5 0.0201597 -0.047947
133 0.110406 -0.0497245
133.5 0.183825 -0.045494
134 0.218168 -0.0352957
134.5 0.20351 -0.0204091
135 0.146006 -0.00327481
135.5 0.0648592 0.0128747
136 -0.0163981 0.0246696
136.5 -0.0802467 0.0294341
137 -0.122159 0.0259871
137.5 -0.150968 0.015146
138 -0.182782 -0.000316925
138.5 -0.231808 -0.016384
139 -0.302754 -0.0290511
139.5 -0.388323 -0.0357465
140 -0.472431 -0.0363504
140.5 -0.53691 -0.0333142
141 -0.568034 -0.0307097
141.5 -0.559827 -0.0325196
142 -0.513278 -0.0408712
142.5 -0.432923 -0.0550081
143 -0.323496 -0.0714912
143.5 -0.188949 -0.085568
144 -0.0344106 -0.0931163
144.5 0.130377 -0.0923118
145 0.288764 -0.0843195
145.5 0.418307 -0.072756
146 0.495899 -0.0622053
146.5 0.505291 -0.0564448
147 0.44394 -0.0571093
147.5 0.326009 -0.0632892
148 0.17983 -0.0721351
148.5 0.0404753 -0.0801075
149 -0.0599284 -0.0842612
149.5 -0.100636 -0.0829901
150 -0.0766712 -0.0759872
150.5 0.00186107 -0.0636255
151 0.114578 -0.0462925
151.5 0.237431 -0.0241985
152 0.348633 0.00219031
152.5 0.432206 0.0314463
153 0.478804 0.0608442
153.5 0.484639 0.0868485
154 0.449933 0.106307
154.5 0.378092 0.11764
155 0.276012 0.121197
155.5 0.154931 0.118419
156 0.0306269 0.110363
156.5 -0.0781354 0.0966768
157 -0.153123 0.0759785
157.5 -0.181136 0.0476333
158 -0.157606 0.0137717
158.5 -0.087547 -0.0200682
159 0.0167334 -0.0466406
159.5 0.140001 -0.06049
160 0.268197 -0.0613064
160.5 0.390073 -0.0549028
161 0.495813 -0.0507622
161.5 0.574262 -0.0571253
162 0.611758 -0.076217
162.5 0.59491 -0.102351
163 0.517204 -0.124143
163.5 0.386217 -0.129753
164 0.226698 -0.112415
164.5 0.0758822 -0.0734019
165 -0.028744 -0.0211373
165.5 -0.0645455 0.0326995
166 -0.0344421 0.0777834
166.5 0.032927 0.108167
167 0.0949738 0.122708
167.5 0.114195 0.123484
168 0.0756105 0.113712
168.5 -0.00607184 0.0964598
169 -0.093492 0.0745161
169.5 -0.144731 0.0508098
170 -0.133618 0.0285522
170.5 -0.0621432 0.0106995
171 0.0411469 -0.000941537
171.5 0.135723 -0.0062714
172 0.188924 -0.00665095
172.5 0.190882 -0.00398268
173 0.157181 0.000254285
173.5 0.118569 0.00538321
174 0.103782 0.0111506
174.5 0.124824 0.0169829
175 0.172112 0.0215274
175.5 0.221214 0.0228961
176 0.246616 0.0195131
176.5 0.234678 0.0110284
177 0.189151 -0.00128849
177.5 0.127289 -0.0149232
178 0.0698134 -0.0270301
178.5 0.0307891 -0.035364
179 0.0126138 -0.0387663
179.5 0.00774239 -0.037073
180 0.0049208 -0.0306715
180.5 -0.00423931 -0.0200925
181 -0.0217784 -0.00592192
181.5 -0.0439826 0.0109497
182 -0.0646559 0.0289662
182.5 -0.0787222 0.045741
183 -0.0844319 0.0582997
183.5 -0.0837615 0.0637287
184 -0.08152 0.0600311
184.5 -0.0837612 0.0468716
185 -0.0957389 0.0259056
185.5 -0.119543 0.000513294
186 -0.152011 -0.0250288
186.5 -0.184129 -0.0466868
187 -0.203071 -0.061714
187.5 -0.19692 -0.06921
188 -0.160384 -0.0699962
188.5 -0.0986124 -0.0659159
189 -0.0266076 -0.0589367
189.5 0.0361774 -0.0505009
190 0.0738069 -0.0413894
190.5 0.0804645 -0.0320365
191 0.062276 -0.0229593
191.5 0.0334313 -0.0149406
192 0.00876902 -0.00883655
192.5 -0.00316728 -0.0052145
193 -0.00302544 -0.00419623
193.5 0.00168323 -0.00573556
194 0.0024218 -0.0101771
194.5 -0.00447179 -0.0186008
195 -0.0149855 -0.0324544
195.5 -0.0189728 -0.0523949
196 -0.00494122 -0.0768762
196.5 0.0344474 -0.101407
197 0.0986796 -0.119246
197.5 0.178828 -0.123575
198 0.259951 -0.110327
198.5 0.325243 -0.0803317
199 0.360437 -0.0396493
199.5 0.357282 0.00217316
200 0.315389 0.0351885
200.5 0.242206 0.052151
201 0.151174 0.050423
201.5 0.0585122 0.032178
202 -0.0205733 0.0031965
202.5 -0.075169 -0.0289959
203 -0.100436 -0.0569563
203.5 -0.0974241 -0.0747895
204 -0.0712574 -0.0792224
204.5 -0.0287171 -0.0702718
205 0.0235608 -0.0513056
205.5 0.0795327 -0.0282039
206 0.132982 -0.00757116
206.5 0.176513 0.0055304
207 0.201525 0.00940373
207.5 0.199863 0.00617398
208 0.166801 0.000540983
208.5 0.103974 -0.00262843
209 0.0205585 -0.00065948
209.5 -0.0684031 0.00584362
210 -0.146281 0.0137308
210.5 -0.200075 0.0194234
211 -0.224271 0.0212484
211.5 -0.221537 0.0207423
212 -0.20006 0.0222435
212.5 -0.169001 0.0309566
213 -0.134574 0.0503791
213.5 -0.0988251 0.0802203
214 -0.0615601 0.115707
214.5 -0.0239376 0.148623
215 0.00889308 0.169824
215.5 0.0283007 0.172432
216 0.0261761 0.154615
216.5 0.000525148 0.120805
217 -0.0406041 0.0806393
217.5 -0.0796771 0.0456666
218 -0.0953874 0.0248622
218.5 -0.0714486 0.0207513
219 -0.00448394 0.0279579
219.5 0.0928934 0.035119
220 0.195626 0.02959
220.5 0.275092 0.00294751
221 0.309509 -0.0452388
221.5 0.291355 -0.107146
222 0.228839 -0.170013
222.5 0.141275 -0.221304
223 0.0509652 -0.253122
223.5 -0.0245294 -0.263845
224 -0.076582 -0.256617
224.5 -0.105124 -0.236148
225 -0.114997 -0.206109
225.5 -0.111626 -0.168782
226 -0.0983732 -0.126966
226.5 -0.0765049 -0.0864096
227 -0.0470324 -0.0564706
227.5 -0.0127596 -0.047697
228 0.020981 -0.0669925
228.5 0.0474101 -0.11288
229 0.0605711 -0.173815
229.5 0.0575496 -0.231171
230 0.039559 -0.266086
230.5 0.0115034 -0.267137
231 -0.0196329 -0.235151
231.5 -0.0468206 -0.182747
232 -0.0647351 -0.128828
232.5 -0.0708173 -0.0906711
233 -0.0655485 -0.0773308
233.5 -0.0520175 -0.0871758
234 -0.0349174 -0.110147
234.5 -0.0191662 -0.133076
235 -0.00845629 -0.145248
235.5 -0.00414931 -0.141801
236 -0.00491505 -0.124065
236.5 -0.00730304 -0.0975234
237 -0.00708651 -0.0689239
237.5 -0.000895145 -0.0439435
238 0.0124748 -0.0259917
238.5 0.0315521 -0.0160139
239 0.0526385 -0.0128434
239.5 0.0710108 -0.0138048
240 0.0824257 -0.0155323
240.5 0.0844143 -0.0150176
241 0.076966 -0.0106803
241.5 0.0624164 -0.00300963
242 0.044618 0.00565128
242.5 0.027694 0.0122165
243 0.0148095 0.0143776
243.5 0.00738195 0.0117468
244 0.0049799 0.00600429
244.5 0.00588092 -8.04053e-06
245 0.00798992 -0.00371241
245.5 0.00968601 -0.00394535
246 0.0102434 -0.0012651
246.5 0.00972059 0.00261805
247 0.00849847 0.00583708
247.5 0.00681036 0.00718946
248 0.00456287 0.00641201
248.5 0.0015262 0.00393445
249 -0.00227903 0.000425306
249.5 -0.00630145 -0.00353501
250 -0.00951954 -0.00751526
250.5 -0.0108565 -0.011121
251 -0.00973085 -0.0138999
251.5 -0.00642317 -0.0153845
252 -0.0020352 -0.0152469
252.5 0.00195518 -0.0134427
253 0.00431184 -0.0102419
253.5 0.00451176 -0.00613594
254 0.00284696 -0.00169084
254.5 0.000150824 0.00257201
255 -0.00265509 0.00623796
255.5 -0.00492881 0.00902422
256 -0.00642062 0.0107965
256.5 -0.00714576 0.0115745
257 -0.00718066 0.0114982
257.5 -0.00656297 0.0107433
258 -0.00536142 0.00942201
258.5 -0.00382591 0.00754149
259 -0.00244819 0.00506786
259.5 -0.00182036 0.00207129
260 -0.00233154 -0.00114745
260.5 -0.00388391 -0.00405863
261 -0.00583078 -0.00607147
261.5 -0.00721872 -0.00679584
262 -0.00722759 -0.0062502
262.5 -0.00557081 -0.00488614
263 -0.00263163 -0.00340107
263.5 0.000737524 -0.00243245
264 0.00363308 -0.00229154
264.5 0.00550148 -0.0028652
265 0.00631818 -0.00371607
265.5 0.00648222 -0.00430788
266 0.00652588 -0.00423463
266.5 0.00682197 -0.00335577
267 0.00743856 -0.00180688
267.5 0.0081815 8.21524e-05
268 0.0087556 0.00190406
268.5 0.00893021 0.00328167
269 0.00862514 0.00394857
269.5 0.00790091 0.00380259
270 0.0068931 0.00293063
270.5 0.0057441 0.00159525
271 0.00456338 0.000174364
271.5 0.00341666 -0.000939369
272 0.0023297 -0.00145068
272.5 0.00129671 -0.00124512
273 0.000294623 -0.000411429
273.5 -0.00069328 0.000804187
274 -0.00165011 0.00209056
274.5 -0.00251031 0.0031727
275 -0.00317204 0.00388475
275.5 -0.00353679 0.00419422
276 -0.00355742 0.00417784
276.5 -0.00326631 0.00396618
277 -0.00276561 0.00368122
277.5 -0.00218364 0.00338941
278 -0.00162196 0.00308424
278.5 -0.00112176 0.00270083
279 -0.000665315 0.00215393
279.5 -0.000206083 0.00138288
280 0.000293061 0.000386101
280.5 0.000834096 -0.000766662
281 0.00137837 -0.00194616
281.5 0.00185579 -0.00299273
282 0.00217893 -0.00375207
282.5 0.00225822 -0.00410884
283 0.0020226 -0.00401341
283.5 0.00144945 -0.00349844
284 0.0005968 -0.00268085
284.5 -0.000381854 -0.00174296
285 -0.00126145 -0.000890114
285.5 -0.00181184 -0.000292627
286 -0.00188325 -3.16763e-05
286.5 -0.00146775 -7.44569e-05
287 -0.000699406 -0.000294699
287.5 0.000211546 -0.000533404
288 0.0010756 -0.00067193
288.5 0.00179586 -0.00068015
289 0.00237355 -0.000614315
289.5 0.00284861 -0.000567345
290 0.00322061 -0.000602093
290.5 0.003409 -0.000708136
291 0.00328586 -0.000807864
291.5 0.00276389 -0.000806811
292 0.00188206 -0.00065574
292.5 0.000828212 -0.000385242
293 -0.000124932 -9.15433e-05
293.5 -0.00073979 0.000117173
294 -0.000924141 0.000180809
294.5 -0.000769949 0.000118298
295 -0.000500287 1.31159e-05
295.5 -0.000355031 -3.55096e-05
296 -0.000476981 3.3914e-05
296.5 -0.000854974 0.000216039
297 -0.00134582 0.000446149
297.5 -0.00175492 0.000635304
298 -0.00192925 0.000711677
298.5 -0.00181731 0.000647838
299 -0.00147372 0.000465126
299.5 -0.0010161 0.000218987
300 -0.000563595 -2.39388e-05
300.5 -0.000189785 -0.000206634
301 8.97926e-05 -0.000294833
301.5 0.000296659 -0.000281505
302 0.00045363 -0.000184086
302.5 0.000558706 -3.64669e-05
303 0.000584375 0.000121873
303.5 0.00050079 0.00025653
304 0.000305768 0.000345384
304.5 4.03081e-05 0.000380409
305 -0.000222105 0.000364561
305.5 -0.00040695 0.000306429
306 -0.000471858 0.000215623
306.5 -0.000421436 0.000100392
307 -0.000295535 -3.29569e-05
307.5 -0.000139398 -0.000179966
308 2.52959e-05 -0.000337515
308.5 0.000211503 -0.000502035
309 0.00045501 -0.000665835
309.5 0.000788333 -0.000812942
310 0.00121567 -0.000917917
310.5 0.00170152 -0.000951045
311 0.00217703 -0.000890013
311.5 0.00255987 -0.000733443
312 0.00277926 -0.000508628
312.5 0.00279798 -0.000267375
313 0.00262477 -6.97115e-05
313.5 0.00231378 3.78029e-05
314 0.00195023 3.88175e-05
314.5 0.00162639 -4.91992e-05
315 0.00141581 -0.000185721
315.5 0.00135515 -0.000326034
316 0.00143949 -0.000438309
316.5 0.00163018 -0.000511122
317 0.0018689 -0.000549949
317.5 0.00209079 -0.000567404
318 0.00223379 -0.000574455
318.5 0.00224701 -0.000577431
319 0.00210133 -0.000580548
319.5 0.00180152 -0.00058948
320 0.00139288 -0.000611159
320.5 0.000953843 -0.00064846
321 0.000572064 -0.000693197
321.5 0.000312256 -0.000723482
322 0.000191225 -0.000709829
322.5 0.000174095 -0.000629226
323 0.000194703 -0.000480692
323.5 0.000189745 -0.000293336
324 0.00012872 -0.000120473
324.5 2.46909e-05 -2.0137e-05
325 -7.80738e-05 -2.97938e-05
325.5 -0.000131341 -0.000147196
326 -0.000110224 -0.000327532
326.5 -2.72332e-05 -0.000499801
327 7.28587e-05 -0.000596044
327.5 0.000134354 -0.000580338
328 0.000118367 -0.000463903
328.5 2.44472e-05 -0.000298877
329 -0.000104481 -0.000153509
329.5 -0.000198073 -8.06439e-05
330 -0.000190388 -9.47438e-05
330.5 -5.40124e-05 -0.000168365
331 0.000180349 -0.000249062
331.5 0.000430505 -0.000287278
332 0.000595012 -0.000260491
332.5 0.000597099 -0.00018156
333 0.000419691 -8.83055e-05
333.5 0.000115148 -2.1679e-05
334 -0.000213828 -5.4313e-06
334.5 -0.000451841 -3.80747e-05
335 -0.000509602 -9.96833e-05
335.5 -0.000349138 -0.000167081
336 1.04261e-05 -0.000226752
336.5 0.000503416 -0.000277701
337 0.00103741 -0.000324118
337.5 0.00151611 -0.000364741
338 0.00186146 -0.000387647
338.5 0.002032 -0.000374802
339 0.00203283 -0.000313522
339.5 0.00191258 -0.000206966
340 0.00174521 -7.6334e-05
340.5 0.00160135 4.7089e-05
341 0.0015198 0.00013538
341.5 0.0014918 0.000175063
342 0.00146611 0.000169965
342.5 0.00137376 0.000135372
343 0.00116227 8.80608e-05
343.5 0.000824577 3.83257e-05
344 0.000409428 -1.21934e-05
344.5 8.04984e-06 -6.72035e-05
345 -0.000278478 -0.000130231
345.5 -0.000378082 -0.000200406
346 -0.000276543 -0.000271243
346.5 -2.36801e-05 -0.000332025
347 0.000286204 -0.000370457
347.5 0.000551199 -0.000375708
348 0.000699562 -0.000341534
348.5 0.000711866 -0.000269142
349 0.00061918 -0.00016874
349.5 0.000481104 -5.83443e-05
350 0.000356811 4.06943e-05
350.5 0.000283686 0.000110061
351 0.000271505 0.000139766
351.5 0.00031012 0.000129509
352 0.000381858 8.55265e-05
352.5 0.000469828 1.52687e-05
353 0.000558894 -7.61474e-05
353.5 0.000632513 -0.000184973
354 0.000671301 -0.000303971
354.5 0.000656931 -0.000417587
355 0.000580097 -0.000501826
355.5 0.000447638 -0.000530917
356 0.000283784 -0.000488343
356.5 0.000123537 -0.000376393
357 2.77661e-07 -0.000218438
357.5 -6.74222e-05 -5.18249e-05
358 -8.41432e-05 8.55364e-05
358.5 -7.70764e-05 0.000168412
359 -8.57956e-05 0.000191211
359.5 -0.000145613 0.000166379
360 -0.000271243 0.000116554
360.5 -0.000448451 6.54202e-05
361 -0.00063852 3.14855e-05
361.5 -0.000794345 2.59019e-05
362 -0.000880668 5.25943e-05
362.5 -0.000888371 0.000108259
363 -0.000835765 0.000181507
363.5 -0.000757033 0.000252799
364 -0.000684937 0.000297664
364.5 -0.000637218 0.000294019
365 -0.000612755 0.00023135
365.5 -0.000597153 0.000117245
366 -0.000572614 -2.27501e-05
366.5 -0.000526397 -0.000152818
367 -0.000455037 -0.000239036
367.5 -0.000364788 -0.000260641
368 -0.000269739 -0.000215748
368.5 -0.000188009 -0.000119942
369 -0.00013564 4.02924e-07
369.5 -0.000119061 0.000116473
370 -0.000129706 0.000203926
370.5 -0.000145418 0.000247167
371 -0.00014059 0.000241429
371.5 -0.000101157 0.000193465
372 -3.57677e-05 0.000120899
372.5 2.52465e-05 4.94806e-05
373 4.50858e-05 7.57103e-06
373.5 3.05569e-06 1.84396e-05
374 -8.78924e-05 9.25207e-05
374.5 -0.000179416 0.000222617
375 -0.000204586 0.00038444
375.5 -0.000106348 0.000543008
376 0.000135128 0.000663065
376.5 0.000488331 0.000719925
377 0.000875699 0.000706783
377.5 0.00119662 0.000635692
378 0.00136008 0.000531859
378.5 0.00131559 0.000423604
379 0.00107164 0.000332172
379.5 0.000694461 0.000265629
380 0.000286597 0.000219143
380.5 -4.77014e-05 0.000180822
381 -0.00023726 0.00013963
381.5 -0.000265266 9.11584e-05
382 -0.000168739 3.86857e-05
382.5 -1.76021e-05 -1.00576e-05
383 0.000116248 -4.75133e-05
383.5 0.000185862 -6.90788e-05
384 0.0001817 -7.27105e-05
384.5 0.000127212 -5.67193e-05
385 6.28415e-05 -1.86041e-05
385.5 2.72834e-05 4.3122e-05
386 4.34199e-05 0.000124809
386.5 0.000112423 0.000214361
387 0.000215811 0.000292125
387.5 0.000323253 0.000337015
388 0.000403117 0.000335449
388.5 0.00043231 0.000288374
389 0.000401934 0.000212219
389.5 0.000316592 0.000132778
390 0.000188304 7.48388e-05
390.5 2.94012e-05 5.2588e-05
391 -0.000150155 6.51072e-05
391.5 -0.000338513 9.83761e-05
392 -0.000514008 0.00013197
392.5 -0.000641287 0.000146906
393 -0.00067844 0.000131539
393.5 -0.000595307 8.41623e-05
394 -0.000394328 1.27272e-05
394.5 -0.000120657 -6.7308e-05
395 0.000148087 -0.00013636
395.5 0.000331105 -0.000175253
396 0.000379589 -0.000170686
396.5 0.000299325 -0.000120446
397 0.000147464 -3.62273e-05
397.5 3.61572e-06 5.81246e-05
398 -7.05642e-05 0.000133548
398.5 -6.23079e-05 0.000166028
399 -1.27832e-05 0.000146194
399.5 6.58609e-06 8.38675e-05
400 -6.58855e-05 5.01804e-06
400.5 -0.000246982 -5.8102e-05
401 -0.000496885 -7.96513e-05
401.5 -0.000737139 -5.02852e-05
402 -0.000888777 1.97423e-05
402.5 -0.000910573 0.000105729
403 -0.00081769 0.000179513
403.5 -0.000671849 0.000221331
404 -0.000549447 0.000227256
404.5 -0.000505173 0.000208976
405 -0.000549602 0.00018614
405.5 -0.000650133 0.000174862
406 -0.000751288 0.000177858
406.5 -0.000801065 0.000181137
407 -0.000769445 0.000159311
407.5 -0.000652617 8.76248e-05
408 -0.000465852 -4.46611e-05
408.5 -0.000233241 -0.000225963
409 1.90101e-05 -0.000423617
409.5 0.00026462 -0.000594724
410 0.000478154 -0.000701894
410.5 0.000638411 -0.000726576
411 0.000734057 -0.000673786
411.5 0.000767435 -0.000566426
412 0.000752333 -0.000432824
412.5 0.000705566 -0.00029446
413 0.000637283 -0.000160216
413.5 0.000546864 -2.92425e-05
414 0.000428077 0.000100707
414.5 0.000280881 0.000225691
415 0.00012209 0.000333974
415.5 -1.31769e-05 0.000411334
416 -8.23781e-05 0.000449419
416.5 -5.45073e-05 0.000451152
417 7.24257e-05 0.000429022
417.5 0.000265202 0.000396839
418 0.000465196 0.000360037
418.5 0.000611004 0.00031097
419 0.000663991 0.00023292
419.5 0.00062459 0.000111294
420 0.000530871 -5.41137e-05
420.5 0.000439124 -0.000243068
421 0.000395284 -0.000419232
421.5 0.000411286 -0.000543477
422 0.000458659 -0.000589724
422.5 0.000483206 -0.000555347
423 0.000433484 -0.000460955
423.5 0.000288351 -0.000339957
424 6.92883e-05 -0.000223671
424.5 -0.000168354 -0.000129789
425 -0.000359746 -5.97886e-05
425.5 -0.000457497 -5.50461e-06
426 -0.00044829 4.01529e-05
426.5 -0.000353577 7.55507e-05
427 -0.000217549 9.07035e-05
427.5 -9.06492e-05 7.53338e-05
428 -1.58829e-05 2.91817e-05
428.5 -2.05257e-05 -3.26105e-05
429 -0.000111834 -8.34143e-05
429.5 -0.000275007 -9.70243e-05
430 -0.00047412 -6.11822e-05
430.5 -0.000658722 1.49715e-05
431 -0.000777447 0.000103899
431.5 -0.000795553 0.000171621
432 -0.000709163 0.000192256
432.5 -0.000548558 0.000157771
433 -0.000367507 7.87911e-05
433.5 -0.000222585 -2.24621e-05
434 -0.000151689 -0.00012214
434.5 -0.000161271 -0.00020223
435 -0.000227221 -0.000252868
435.5 -0.000307765 -0.000270549
436 -0.00036164 -0.000255453
436.5 -0.000363524 -0.000210413
437 -0.000311035 -0.000141724
437.5 -0.000221858 -5.98193e-05
438 -0.000123654 2.22426e-05
438.5 -4.18765e-05 9.27005e-05
439 9.27676e-06 0.000145347
439.5 2.94851e-05 0.000181212
440 2.84991e-05 0.000206201
440.5 1.89429e-05 0.000225929
441 1.01052e-05 0.000241137
441.5 5.92751e-06 0.000246862
442 7.37897e-06 0.000236086
442.5 1.64614e-05 0.000205438
443 3.81699e-05 0.000158883
443.5 7.84877e-05 0.000106515
444 0.000139631 5.88663e-05
444.5 0.000215991 2.03957e-05
445 0.000293901 -1.32048e-05
445.5 0.000355825 -5.15394e-05
446 0.00038663 -0.0001016
446.5 0.000378502 -0.000160464
447 0.000332277 -0.000213786
447.5 0.00025546 -0.000241941
448 0.000158924 -0.000230738
448.5 5.42635e-05 -0.00018039
449 -4.76709e-05 -0.00010692
449.5 -0.000137815 -3.45663e-05
450 -0.000210367 1.67844e-05
450.5 -0.000264449 4.18677e-05
451 -0.000304651 5.18904e-05
451.5 -0.00033919 6.67769e-05
452 -0.000375731 0.000102342
452.5 -0.000416586 0.000159914
453 -0.000455808 0.000224399
453.5 -0.000480093 0.000271719
454 -0.000473647 0.000281118
454.5 -0.000425296 0.000245273
455 -0.000334861 0.000172846
455.5 -0.00021583 8.27691e-05
456 -9.2509e-05 -5.69793e-06
456.5 7.9483e-06 -8.11848e-05
457 6.58411e-05 -0.000142393
457.5 7.71018e-05 -0.000193961
458 5.51969e-05 -0.00023946
458.5 2.51687e-05 -0.00027632
459 1.2155e-05 -0.000295828
459.5 2.98706e-05 -0.000288031
460 7.48604e-05 -0.000248394
460.5 0.000129328 -0.000182106
461 0.000170652 -0.000103442
461.5 0.000182165 -3.03814e-05
462 0.000159621 2.2685e-05
462.5 0.000110832 5.04234e-05
463 5.01047e-05 5.75367e-05
463.5 -8.49379e-06 5.50187e-05
464 -5.55655e-05 5.38605e-05
464.5 -8.75139e-05 5.95578e-05
465 -0.000105631 7.01469e-05
465.5 -0.000114762 7.85036e-05
466 -0.000121971 7.73566e-05
466.5 -0.000134483 6.41128e-05
467 -0.00015644 4.28331e-05
467.5 -0.000185595 2.23567e-05
468 -0.000212272 1.16992e-05
468.5 -0.00022243 1.52941e-05
469 -0.000204199 3.06422e-05
469.5 -0.000154704 4.95495e-05
470 -8.32314e-05 6.21718e-05
470.5 -8.62919e-06 6.16459e-05
471 4.79127e-05 4.69228e-05
471.5 7.104e-05 2.25382e-05
472 5.65385e-05 -4.23053e-06
472.5 1.18845e-05 -2.7055e-05
473 -4.72935e-05 -4.30942e-05
473.5 -0.000102659 -5.32676e-05
474 -0.000138368 -6.05469e-05
474.5 -0.000144801 -6.76043e-05
475 -0.00012037 -7.52898e-05
475.5 -7.12743e-05 -8.26462e-05
476 -9.18775e-06 -8.80891e-05
476.5 5.26056e-05 -9.06979e-05
477 0.000103312 -9.06859e-05
477.5 0.000137251 -8.88728e-05
478 0.000153897 -8.57687e-05
478.5 0.000155689 -8.1116e-05
479 0.000145323 -7.42804e-05
479.5 0.000124401 -6.51142e-05
480 9.41744e-05 -5.44751e-05
480.5 5.74131e-05 -4.38364e-05
481 1.95857e-05 -3.42066e-05
481.5 -1.19811e-05 -2.52505e-05
482 -3.07634e-05 -1.54977e-05
482.5 -3.39888e-05 -3.73851e-06
483 -2.40971e-05 9.30814e-06
483.5 -7.84904e-06 2.0423e-05
484 6.44885e-06 2.52232e-05
484.5 1.22496e-05 2.0936e-05
485 7.18251e-06 8.9853e-06
485.5 -6.28337e-06 -4.39893e-06
486 -2.20542e-05 -1.03015e-05
486.5 -3.29835e-05 -1.08847e-06
487 -3.37989e-05 2.58494e-05
487.5 -2.31583e-05 6.66107e-05
488 -3.84498e-06 0.000112343
488.5 1.90623e-05 0.000152971
489 4.10773e-05 0.000181132
489.5 6.05391e-05 0.000194468
490 7.87624e-05 0.000195486
490.5 9.79944e-05 0.000189504
491 0.00011857 0.000182011
491.5 0.000137243 0.000176648
492 0.000147817 0.000174382
492.5 0.000143562 0.000173753
493 0.00011968 0.000171694
493.5 7.4323e-05 0.000164569
494 8.07159e-06 0.000149232
494.5 -7.68836e-05 0.000124065
495 -0.00017647 8.97675e-05
495.5 -0.000283289 4.95719e-05
496 -0.000385467 8.58143e-06
496.5 -0.000467665 -2.77079e-05
497 -0.000514806 -5.51792e-05
497.5 -0.000517045 -7.23542e-05
498 -0.000473225 -8.04843e-05
498.5 -0.000390818 -8.23792e-05
499 -0.000282473 -8.05586e-05
499.5 -0.00016143 -7.57302e-05
500 -3.85084e-05 -6.64607e-05
