-1.998 -8.53263e-07 -6.01103e-08
-1.996 -1.59536e-06 4.6198e-07
-1.994 3.18785e-06 2.73233e-06
-1.992 2.09325e-05 7.55357e-06
-1.99 5.78103e-05 1.47368e-05
-1.988 0.000114797 2.2785e-05
-1.986 0.000184594 2.91272e-05
-1.984 0.000250928 3.09206e-05
-1.982 0.00029121 2.6174e-05
-1.98 0.000282572 1.47517e-05
-1.978 0.000210103 -1.20782e-06
-1.976 7.50015e-05 -1.77394e-05
-1.974 -0.000100173 -3.0318e-05
-1.972 -0.000271717 -3.55724e-05
-1.97 -0.000381854 -3.29122e-05
-1.968 -0.000372107 -2.55976e-05
-1.966 -0.000200328 -2.10209e-05
-1.964 0.000142912 -3.02277e-05
-1.962 0.000623485 -6.68664e-05
-1.96 0.00116258 -0.000145757
-1.958 0.00164733 -0.000281199
-1.956 0.00195238 -0.000485068
-1.954 0.00196813 -0.000764774
-1.952 0.00162941 -0.00112121
-1.95 0.000936846 -0.0015469
-1.948 -3.54026e-05 -0.00202469
-1.946 -0.00114912 -0.00252732
-1.944 -0.00222806 -0.00301841
-1.942 -0.00309531 -0.00345523
-1.94 -0.00361323 -0.00379359
-1.938 -0.00371581 -0.0039945
-1.936 -0.00342475 -0.00403173
-1.934 -0.00284403 -0.00389845
-1.932 -0.00213376 -0.0036111
-1.93 -0.00146933 -0.00320827
-1.928 -0.000996665 -0.00274409
-1.926 -0.000795552 -0.00227649
-1.924 -0.000861092 -0.00185287
-1.922 -0.00110848 -0.00149677
-1.92 -0.00139968 -0.00119924
-1.918 -0.00158443 -0.000918283
-1.916 -0.00154428 -0.000587459
-1.914 -0.0012275 -0.000133068
-1.912 -0.000665408 0.000503648
-1.91 3.40459e-05 0.00134435
-1.908 0.000713603 0.00235771
-1.906 0.00120709 0.00345524
-1.904 0.00138119 0.00450254
-1.902 0.00116616 0.0053456
-1.9 0.000566436 0.00584794
-1.898 -0.000351504 0.00592949
-1.896 -0.00148864 0.00559674
-1.894 -0.00274916 0.00495381
-1.892 -0.00406945 0.00418857
-1.89 -0.00543042 0.00353425
-1.888 -0.00684963 0.00321323
-1.886 -0.00835663 0.00337539
-1.884 -0.00996023 0.00404591
-1.882 -0.011619 0.0050969
-1.88 -0.0132255 0.00625372
-1.878 -0.0146115 0.00713997
-1.876 -0.0155769 0.00735594
-1.874 -0.0159378 0.00657631
-1.872 -0.0155846 0.00464509
-1.87 -0.0145328 0.00164347
-1.868 -0.012952 -0.00209119
-1.866 -0.0111578 -0.00600655
-1.864 -0.00956298 -0.00943425
-1.862 -0.0085952 -0.0117282
-1.86 -0.00859929 -0.0124119
-1.858 -0.00974855 -0.0113001
-1.856 -0.0119872 -0.00856219
-1.854 -0.0150179 -0.00470765
-1.852 -0.0183375 -0.000489251
-1.85 -0.0213124 0.00325998
-1.848 -0.0232772 0.00582235
-1.846 -0.0236399 0.00677802
-1.844 -0.0219774 0.00612721
-1.842 -0.0181094 0.00431514
-1.84 -0.0121438 0.00214393
-1.838 -0.00448823 0.000583291
-1.836 0.00417497 0.00051973
-1.834 0.0129521 0.00250437
-1.832 0.0208368 0.00656538
-1.83 0.0268366 0.0121398
-1.828 0.0301145 0.0181527
-1.826 0.0301304 0.0232345
-1.824 0.0267599 0.0260334
-1.822 0.0203718 0.0255501
-1.82 0.0118418 0.021416
-1.818 0.00248646 0.01404
-1.816 -0.00609219 0.0045813
-1.814 -0.0122455 -0.00526024
-1.812 -0.0145736 -0.013598
-1.81 -0.0122294 -0.0187841
-1.808 -0.00516342 -0.019809
-1.806 0.00576005 -0.0165763
-1.804 0.018826 -0.00997776
-1.802 0.031725 -0.00173591
-1.8 0.0419676 0.00596044
-1.798 0.0473799 0.0109504
-1.796 0.0465751 0.0116105
-1.794 0.039297 0.0072576
-1.792 0.0265475 -0.00165524
-1.79 0.010458 -0.0135995
-1.788 -0.00609029 -0.0262798
-1.786 -0.020034 -0.0371206
-1.784 -0.0287753 -0.0438206
-1.782 -0.0307754 -0.0448486
-1.78 -0.025955 -0.0397696
-1.778 -0.0157959 -0.0293277
-1.776 -0.0030983 -0.0152725
-1.774 0.0085747 3.01457e-05
-1.772 0.0156514 0.014108
-1.77 0.0153414 0.0248944
-1.768 0.0062836 0.0311245
-1.766 -0.0110959 0.032531
-1.764 -0.034594 0.0298043
-1.762 -0.0606085 0.0243449
-1.76 -0.0848045 0.0178788
-1.758 -0.10293 0.0120412
-1.756 -0.111623 0.00802969
-1.754 -0.109045 0.00640246
-1.752 -0.0952302 0.00705546
-1.75 -0.072075 0.00936055
-1.748 -0.0429815 0.0124093
-1.746 -0.0122237 0.0152847
-1.744 0.01583 0.0172862
-1.742 0.0374857 0.0180533
-1.74 0.0503361 0.0175718
-1.738 0.0536124 0.0160809
-1.736 0.0482297 0.0139315
-1.734 0.0365455 0.011452
-1.732 0.0218968 0.00886577
-1.73 0.00801278 0.00628298
-1.728 -0.00160092 0.00375399
-1.726 -0.0042156 0.00135616
-1.724 0.00169553 -0.000728685
-1.722 0.0162115 -0.0021846
-1.72 0.0379282 -0.00260346
-1.718 0.0641451 -0.00159767
-1.716 0.0912612 0.0010459
-1.714 0.115335 0.00522253
-1.712 0.132726 0.0104354
-1.71 0.140726 0.0158354
-1.708 0.138047 0.0203861
-1.706 0.125088 0.0231231
-1.704 0.103907 0.0234376
-1.702 0.0778838 0.0212958
-1.7 0.0511183 0.0173175
-1.698 0.0276621 0.0126746
-1.696 0.0107067 0.00882415
-1.694 0.00188717 0.00713602
-1.692 0.000852988 0.00850302
-1.69 0.00522826 0.0130309
-1.688 0.0110232 0.01989
-1.686 0.013465 0.0273812
-1.684 0.00810992 0.0332208
-1.682 -0.00799108 0.0349998
-1.68 -0.0353468 0.0307209
-1.678 -0.0715518 0.0192931
-1.676 -0.111447 0.00085971
-1.674 -0.147938 -0.0231269
-1.672 -0.173348 -0.0501124
-1.67 -0.18104 -0.0768912
-1.668 -0.16698 -0.100203
-1.666 -0.130898 -0.117341
-1.664 -0.0767567 -0.126647
-1.662 -0.0124055 -0.127784
-1.66 0.0515949 -0.121745
-1.658 0.103777 -0.110601
-1.656 0.13389 -0.097067
-1.654 0.134942 -0.0839574
-1.652 0.104764 -0.0736611
-1.65 0.0467572 -0.067719
-1.648 -0.0303503 -0.06658
-1.646 -0.113748 -0.069569
-1.644 -0.188599 -0.0750642
-1.642 -0.240554 -0.0808435
-1.64 -0.258287 -0.0845309
-1.638 -0.235589 -0.0840589
-1.636 -0.172631 -0.0780602
-1.634 -0.0761832 -0.0661226
-1.632 0.0412925 -0.0488656
-1.63 0.163506 -0.0278314
-1.628 0.272889 -0.00521197
-1.626 0.353409 0.0165427
-1.624 0.393201 0.0351693
-1.622 0.38659 0.0490128
-1.62 0.335139 0.0573449
-1.618 0.247531 0.0605102
-1.616 0.138263 0.059857
-1.614 0.0253108 0.0574485
-1.612 -0.0728571 0.0555976
-1.61 -0.140445 0.056313
-1.608 -0.167109 0.0607714
-1.606 -0.149848 0.0689383
-1.604 -0.0936346 0.0794398
-1.602 -0.010625 0.0897401
-1.6 0.0819427 0.0966157
-1.598 0.164827 0.0968476
-1.596 0.220301 0.0879967
-1.594 0.235479 0.0690955
-1.592 0.204826 0.0410925
-1.59 0.131359 0.00692101
-1.588 0.0262563 -0.0288621
-1.586 -0.09309 -0.0608297
-1.584 -0.206267 -0.0836914
-1.582 -0.293668 -0.0933419
-1.58 -0.340211 -0.0877222
-1.578 -0.338196 -0.0672978
-1.576 -0.288711 -0.035047
-1.574 -0.201323 0.00404401
-1.572 -0.0921185 0.0438812
-1.57 0.0195044 0.0783827
-1.568 0.114625 0.1026
-1.566 0.178436 0.113617
-1.564 0.202997 0.111045
-1.562 0.188559 0.0970002
-1.56 0.143209 0.075577
-1.558 0.0809284 0.0519289
-1.556 0.0184937 0.0311684
-1.554 -0.0281108 0.0173334
-1.552 -0.0470045 0.0126388
-1.55 -0.032778 0.0171453
-1.548 0.0125313 0.0288803
-1.546 0.0799866 0.044349
-1.544 0.15564 0.0593105
-1.542 0.223318 0.0696598
-1.54 0.267727 0.0722425
-1.538 0.277273 0.0654455
-1.536 0.246111 0.0494515
-1.534 0.175123 0.0261241
-1.532 0.0717384 -0.00143073
-1.53 -0.0512775 -0.0295071
-1.528 -0.177792 -0.0544992
-1.526 -0.290671 -0.0735198
-1.524 -0.374181 -0.0848374
-1.522 -0.416091 -0.0880787
-1.52 -0.409255 -0.084187
-1.518 -0.352509 -0.0751605
-1.516 -0.250881 -0.0636222
-1.514 -0.115109 -0.0522941
-1.512 0.0394369 -0.0434694
-1.51 0.194367 -0.0385774
-1.508 0.330328 -0.0379239
-1.506 0.429359 -0.0406497
-1.504 0.477327 -0.0449019
-1.502 0.46613 -0.048172
-1.5 0.395285 -0.0477272
-1.498 0.272538 -0.0410627
-1.496 0.113257 -0.0263105
-1.494 -0.0614528 -0.00255356
-1.492 -0.227725 0.0299902
-1.49 -0.362567 0.0699295
-1.488 -0.447562 0.114803
-1.486 -0.471964 0.161293
-1.484 -0.434568 0.205527
-1.482 -0.343944 0.243406
-1.48 -0.216909 0.270973
-1.478 -0.0754914 0.284769
-1.476 0.0570702 0.282198
-1.474 0.160537 0.26189
-1.472 0.221263 0.224023
-1.47 0.234473 0.170575
-1.468 0.204729 0.105414
-1.466 0.1445 0.034149
-1.464 0.0710991 -0.0363126
-1.462 0.00266937 -0.098531
-1.46 -0.0458779 -0.145547
-1.458 -0.0660528 -0.172011
-1.456 -0.0573869 -0.175226
-1.454 -0.027127 -0.155886
-1.452 0.0118413 -0.118309
-1.45 0.0443074 -0.0700494
-1.448 0.0565064 -0.0208615
-1.446 0.0394995 0.0188733
-1.444 -0.0085777 0.0400219
-1.442 -0.081892 0.0365322
-1.44 -0.16806 0.00683487
-1.438 -0.250821 -0.0455337
-1.436 -0.313638 -0.112291
-1.434 -0.343395 -0.181754
-1.432 -0.333341 -0.24094
-1.43 -0.284607 -0.278019
-1.428 -0.205982 -0.28462
-1.426 -0.112053 -0.257515
-1.424 -0.0201567 -0.199334
-1.422 0.0531322 -0.118187
-1.42 0.0952336 -0.0262162
-1.418 0.0998343 0.0626099
-1.416 0.0677783 0.135085
-1.414 0.00647161 0.181206
-1.412 -0.0719573 0.195987
-1.41 -0.153221 0.180259
-1.408 -0.223523 0.14031
-1.406 -0.2717 0.0864292
-1.404 -0.290507 0.0307038
-1.402 -0.276939 -0.0154953
-1.4 -0.231785 -0.0438095
-1.398 -0.158747 -0.0505377
-1.396 -0.0634884 -0.037326
-1.394 0.0470817 -0.0107894
-1.392 0.165169 0.0188594
-1.39 0.282131 0.0399258
-1.388 0.388417 0.041725
-1.386 0.473711 0.0170051
-1.384 0.527596 -0.0361602
-1.382 0.540903 -0.113401
-1.38 0.507654 -0.204253
-1.378 0.427259 -0.293577
-1.376 0.306323 -0.363991
-1.374 0.159402 -0.398942
-1.372 0.0081273 -0.385895
-1.37 -0.121531 -0.319067
-1.368 -0.203613 -0.201177
-1.366 -0.217429 -0.0438011
-1.364 -0.15262 0.133881
-1.362 -0.0128199 0.307892
-1.36 0.183171 0.453415
-1.358 0.403319 0.549254
-1.356 0.607363 0.581943
-1.354 0.754138 0.548644
-1.352 0.809834 0.458159
-1.35 0.755457 0.3297
-1.348 0.591781 0.189541
-1.346 0.340504 0.066115
-1.344 0.0410716 -0.0155102
-1.342 -0.256432 -0.0386501
-1.34 -0.501026 0.00154293
-1.338 -0.651219 0.0969502
-1.336 -0.683795 0.227957
-1.334 -0.598982 0.367236
-1.332 -0.420719 0.485073
-1.33 -0.191793 0.55512
-1.328 0.0351802 0.559425
-1.326 0.209027 0.491709
-1.324 0.29103 0.358291
-1.322 0.263236 0.176486
-1.32 0.13217 -0.0290935
-1.318 -0.0729072 -0.231498
-1.316 -0.306839 -0.406523
-1.314 -0.518953 -0.536807
-1.312 -0.664608 -0.614143
-1.31 -0.715232 -0.639676
-1.308 -0.664523 -0.622245
-1.306 -0.529414 -0.575483
-1.304 -0.34564 -0.514517
-1.302 -0.159056 -0.452999
-1.3 -0.01482 -0.401033
-1.298 0.0529734 -0.364201
-1.296 0.0288218 -0.343639
-1.294 -0.0811679 -0.336843
-1.292 -0.251308 -0.338813
-1.29 -0.44275 -0.343131
-1.288 -0.612624 -0.342768
-1.286 -0.723656 -0.330613
-1.284 -0.751986 -0.299949
-1.282 -0.691428 -0.245133
-1.28 -0.553362 -0.162681
-1.278 -0.362546 -0.0526591
-1.276 -0.150168 0.0799672
-1.274 0.0539075 0.224573
-1.272 0.22765 0.365256
-1.27 0.360534 0.482697
-1.268 0.453688 0.557438
-1.266 0.516826 0.574088
-1.264 0.563195 0.525544
-1.262 0.604169 0.416099
-1.26 0.645163 0.26239
-1.258 0.683991 0.091502
-1.256 0.712075 -0.0637482
-1.254 0.718013 -0.171589
-1.252 0.692343 -0.208662
-1.25 0.631955 -0.166204
-1.248 0.542676 -0.0533375
-1.246 0.439068 0.103626
-1.244 0.341328 0.266092
-1.242 0.270078 0.391467
-1.24 0.240526 0.443074
-1.238 0.257755 0.399421
-1.236 0.314612 0.260456
-1.234 0.392954 0.0490642
-1.232 0.468101 -0.192916
-1.23 0.515389 -0.413478
-1.228 0.517115 -0.562119
-1.226 0.467952 -0.601654
-1.224 0.377208 -0.517298
-1.222 0.267105 -0.320747
-1.22 0.167313 -0.048164
-1.218 0.107041 0.247615
-1.216 0.106746 0.508889
-1.214 0.171664 0.686203
-1.212 0.289001 0.749636
-1.21 0.429638 0.695536
-1.208 0.554143 0.547037
-1.206 0.621748 0.348189
-1.204 0.600234 0.15313
-1.202 0.474364 0.0129157
-1.2 0.250758 -0.0367942
-1.198 -0.0420926 0.0157437
-1.196 -0.358845 0.155639
-1.194 -0.646323 0.345061
-1.192 -0.854493 0.532415
-1.19 -0.946868 0.66479
-1.188 -0.907969 0.700665
-1.186 -0.746174 0.619825
-1.184 -0.491469 0.428137
-1.182 -0.188786 0.156125
-1.18 0.111331 -0.148153
-1.178 0.362496 -0.430117
-1.176 0.530491 -0.640873
-1.174 0.597976 -0.747817
-1.172 0.565299 -0.741278
-1.17 0.447815 -0.635866
-1.168 0.270865 -0.466373
-1.166 0.0638735 -0.279323
-1.164 -0.145074 -0.122182
-1.162 -0.333168 -0.0327008
-1.16 -0.484857 -0.0307719
-1.158 -0.591894 -0.114485
-1.156 -0.651889 -0.261102
-1.154 -0.666132 -0.432529
-1.152 -0.637558 -0.583937
-1.15 -0.56959 -0.673561
-1.148 -0.466178 -0.67158
-1.146 -0.332804 -0.566274
-1.144 -0.177757 -0.366301
-1.142 -0.0128234 -0.0987993
-1.14 0.147234 0.196135
-1.138 0.286489 0.473363
-1.136 0.390564 0.691366
-1.134 0.449456 0.819961
-1.132 0.459712 0.845609
-1.13 0.425313 0.773377
-1.128 0.357027 0.625262
-1.126 0.270341 0.435268
-1.124 0.182439 0.242264
-1.122 0.108944 0.0820685
-1.12 0.061201 -0.0196387
-1.118 0.0447643 -0.0521134
-1.116 0.0593608 -0.0210768
-1.114 0.10019 0.0533294
-1.112 0.160009 0.14169
-1.11 0.231254 0.2124
-1.108 0.30757 0.23907
-1.106 0.384355 0.206571
-1.104 0.45838 0.11435
-1.102 0.526821 -0.0237099
-1.1 0.586248 -0.182817
-1.098 0.632088 -0.333331
-1.096 0.658923 -0.44792
-1.094 0.66162 -0.508075
-1.092 0.636996 -0.508348
-1.09 0.585372 -0.457196
-1.088 0.511397 -0.374183
-1.086 0.423688 -0.284238
-1.084 0.333247 -0.210519
-1.082 0.25102 -0.167862
-1.08 0.185272 -0.158658
-1.078 0.139515 -0.172358
-1.076 0.111632 -0.188804
-1.074 0.0945386 -0.184499
-1.072 0.0782993 -0.140065
-1.07 0.0532032 -0.0467564
-1.068 0.0129019 0.0899204
-1.066 -0.0433951 0.250651
-1.064 -0.110487 0.40688
-1.062 -0.178793 0.528345
-1.06 -0.237593 0.591524
-1.058 -0.278854 0.586592
-1.056 -0.300324 0.520776
-1.054 -0.30676 0.416987
-1.052 -0.308727 0.30784
-1.05 -0.319198 0.226556
-1.048 -0.348836 0.197181
-1.046 -0.401323 0.226929
-1.044 -0.470167 0.30301
-1.042 -0.538148 0.395136
-1.04 -0.579984 0.463343
-1.038 -0.567983 0.469234
-1.036 -0.479539 0.387623
-1.034 -0.304617 0.215335
-1.032 -0.0510966 -0.0255122
-1.03 0.253834 -0.291001
-1.028 0.567091 -0.525135
-1.026 0.837507 -0.673484
-1.024 1.01637 -0.69728
-1.022 1.06822 -0.584217
-1.02 0.97923 -0.352936
-1.018 0.761071 -0.0497462
-1.016 0.449272 0.261887
-1.014 0.0963366 0.516591
-1.012 -0.238772 0.663245
-1.01 -0.502304 0.677823
-1.008 -0.655809 0.56945
-1.006 -0.682325 0.377919
-1.004 -0.587448 0.163206
-1.002 -0.395494 -0.010343
-1 -0.14224 -0.0909807
-0.998 0.133518 -0.0532291
-0.996 0.397271 0.0953204
-0.994 0.623299 0.315798
-0.992 0.79571 0.547937
-0.99 0.906506 0.725473
-0.988 0.952109 0.793144
-0.986 0.930184 0.720937
-0.984 0.838446 0.511955
-0.982 0.676298 0.201873
-0.98 0.448931 -0.149833
-0.978 0.172309 -0.474621
-0.976 -0.123304 -0.71172
-0.974 -0.393535 -0.822752
-0.972 -0.585163 -0.800423
-0.97 -0.646213 -0.66922
-0.968 -0.539003 -0.478162
-0.966 -0.252944 -0.287736
-0.964 0.186608 -0.154588
-0.962 0.716692 -0.117962
-0.96 1.24412 -0.191193
-0.958 1.66158 -0.360036
-0.956 1.86994 -0.587759
-0.954 1.80177 -0.82519
-0.952 1.44062 -1.02287
-0.95 0.830497 -1.1421
-0.948 0.0721429 -1.16238
-0.946 -0.694066 -1.08349
-0.944 -1.31565 -0.922473
-0.942 -1.66006 -0.706697
-0.94 -1.64401 -0.465414
-0.938 -1.25325 -0.222474
-0.936 -0.548002 0.007834
-0.934 0.347508 0.220932
-0.932 1.26946 0.41861
-0.93 2.04739 0.603785
-0.928 2.53854 0.775411
-0.926 2.65597 0.925405
-0.924 2.38434 1.03866
-0.922 1.78026 1.09621
-0.92 0.957553 1.08074
-0.918 0.0614211 0.982578
-0.916 -0.762152 0.804649
-0.914 -1.39461 0.564426
-0.912 -1.76447 0.292257
-0.91 -1.85484 0.0261865
-0.908 -1.69845 -0.195535
-0.906 -1.36315 -0.342416
-0.904 -0.932689 -0.398194
-0.902 -0.488262 -0.364205
-0.9 -0.0951602 -0.258802
-0.898 0.203085 -0.11298
-0.896 0.383247 0.0366936
-0.894 0.436006 0.156087
-0.892 0.358342 0.220543
-0.89 0.148593 0.219396
-0.888 -0.19318 0.157161
-0.886 -0.659185 0.0514892
-0.884 -1.22448 -0.071315
-0.882 -1.8384 -0.181979
-0.88 -2.42152 -0.25393
-0.878 -2.8716 -0.267939
-0.876 -3.07932 -0.215122
-0.874 -2.9513 -0.098064
-0.872 -2.43517 0.0698309
-0.87 -1.5405 0.26643
-0.868 -0.349056 0.463985
-0.866 0.989758 0.63289
-0.864 2.27949 0.745785
-0.862 3.31069 0.781736
-0.86 3.90214 0.730095
-0.858 3.94022 0.593476
-0.856 3.40707 0.389076
-0.854 2.39003 0.147627
-0.852 1.06884 -0.0904577
-0.85 -0.317338 -0.281543
-0.848 -1.51655 -0.38696
-0.846 -2.31428 -0.381439
-0.844 -2.5765 -0.259989
-0.842 -2.27619 -0.041599
-0.84 -1.4976 0.231446
-0.838 -0.417255 0.499021
-0.836 0.734062 0.692901
-0.834 1.72004 0.749364
-0.832 2.34727 0.622453
-0.83 2.50291 0.295226
-0.828 2.17377 -0.213636
-0.826 1.44351 -0.84976
-0.824 0.4701 -1.53013
-0.822 -0.550609 -2.15625
-0.82 -1.42654 -2.63095
-0.818 -2.00728 -2.87546
-0.816 -2.21076 -2.8433
-0.814 -2.03401 -2.52845
-0.812 -1.547 -1.96623
-0.81 -0.872228 -1.22731
-0.808 -0.155627 -0.40596
-0.806 0.464135 0.395008
-0.804 0.881353 1.07998
-0.802 1.03918 1.57445
-0.8 0.933878 1.83495
-0.798 0.608283 1.85367
-0.796 0.137702 1.65745
-0.794 -0.38785 1.30167
-0.792 -0.880973 0.860412
-0.79 -1.27071 0.414567
-0.788 -1.51116 0.0397965
-0.786 -1.58444 -0.20411
-0.784 -1.49914 -0.281246
-0.782 -1.28549 -0.184209
-0.78 -0.988973 0.0650932
-0.778 -0.663477 0.418533
-0.776 -0.364336 0.808552
-0.774 -0.14161 1.15806
-0.772 -0.0337949 1.39246
-0.77 -0.0625977 1.45214
-0.768 -0.229596 1.3036
-0.766 -0.515557 0.946827
-0.764 -0.882769 0.417373
-0.762 -1.28022 -0.218117
-0.76 -1.65092 -0.872454
-0.758 -1.94043 -1.45306
-0.756 -2.10514 -1.879
-0.754 -2.11918 -2.09652
-0.752 -1.97825 -2.08993
-0.75 -1.69964 -1.88514
-0.748 -1.31793 -1.54495
-0.746 -0.877564 -1.15644
-0.744 -0.423757 -0.812854
-0.742 0.00574936 -0.593696
-0.74 0.386157 -0.547228
-0.738 0.707228 -0.679479
-0.736 0.971151 -0.952352
-0.734 1.18791 -1.29147
-0.732 1.36998 -1.60206
-0.73 1.52818 -1.78947
-0.728 1.66984 -1.77969
-0.726 1.79962 -1.53549
-0.724 1.922 -1.06479
-0.722 2.04421 -0.419474
-0.72 2.17783 0.314735
-0.718 2.33808 1.03513
-0.716 2.54022 1.64179
-0.714 2.79368 2.05586
-0.712 3.0955 2.23265
-0.71 3.42489 2.16693
-0.708 3.74127 1.88993
-0.706 3.98753 1.4596
-0.704 4.09885 0.946947
-0.702 4.01601 0.421887
-0.7 3.70011 -0.0581361
-0.698 3.1448 -0.454878
-0.696 2.38237 -0.75061
-0.694 1.48155 -0.944764
-0.692 0.536882 -1.04767
-0.69 -0.348193 -1.07367
-0.688 -1.08119 -1.03586
-0.686 -1.59916 -0.943745
-0.684 -1.88186 -0.804336
-0.682 -1.95635 -0.625639
-0.68 -1.89125 -0.420951
-0.678 -1.78149 -0.211891
-0.676 -1.72681 -0.0285628
-0.674 -1.80915 0.093881
-0.672 -2.07459 0.121819
-0.67 -2.52389 0.0314312
-0.668 -3.11323 -0.183467
-0.666 -3.7642 -0.506252
-0.664 -4.37997 -0.896757
-0.662 -4.86405 -1.29575
-0.66 -5.13792 -1.63415
-0.658 -5.15424 -1.84515
-0.656 -4.90336 -1.87677
-0.654 -4.41204 -1.70197
-0.652 -3.73553 -1.32426
-0.65 -2.94569 -0.777683
-0.648 -2.11892 -0.121329
-0.646 -1.32691 0.570314
-0.644 -0.631538 1.2193
-0.642 -0.0831597 1.75609
-0.64 0.279722 2.12911
-0.638 0.431214 2.3103
-0.636 0.360246 2.29592
-0.634 0.0741091 2.10309
-0.632 -0.397569 1.76363
-0.63 -0.999771 1.31731
-0.628 -1.65168 0.806253
-0.626 -2.25089 0.271533
-0.624 -2.68373 -0.248335
-0.622 -2.84192 -0.717655
-0.62 -2.64312 -1.10371
-0.618 -2.05113 -1.37763
-0.616 -1.09016 -1.51649
-0.614 0.151421 -1.50646
-0.612 1.53 -1.34667
-0.61 2.86761 -1.05274
-0.608 3.98131 -0.65849
-0.606 4.71627 -0.21455
-0.604 4.97639 0.217184
-0.602 4.74641 0.573045
-0.6 4.10003 0.799465
-0.598 3.19065 0.864561
-0.596 2.2252 0.766475
-0.594 1.42512 0.536064
-0.592 0.982568 0.232822
-0.59 1.02077 -0.0655594
-0.588 1.56695 -0.278185
-0.586 2.54325 -0.337684
-0.584 3.77749 -0.205274
-0.582 5.03194 0.119196
-0.58 6.04521 0.594884
-0.578 6.57978 1.14651
-0.576 6.46653 1.67901
-0.574 5.63738 2.09736
-0.572 4.13955 2.32709
-0.57 2.1285 2.33086
-0.568 -0.158794 2.11692
-0.566 -2.44459 1.73784
-0.564 -4.45709 1.27935
-0.562 -5.97458 0.841774
-0.56 -6.85976 0.517777
-0.558 -7.07875 0.371075
-0.556 -6.70204 0.420934
-0.554 -5.88764 0.636091
-0.552 -4.84962 0.939855
-0.55 -3.81843 1.2256
-0.548 -3.00059 1.37938
-0.546 -2.54543 1.30484
-0.544 -2.52436 0.945138
-0.542 -2.9249 0.297348
-0.54 -3.65888 -0.583494
-0.538 -4.58189 -1.59161
-0.536 -5.51997 -2.58771
-0.534 -6.29886 -3.42324
-0.532 -6.77127 -3.96684
-0.53 -6.83796 -4.12818
-0.528 -6.45955 -3.87423
-0.526 -5.6581 -3.23522
-0.524 -4.50955 -2.2994
-0.522 -3.12977 -1.19826
-0.52 -1.65713 -0.084817
-0.518 -0.234292 0.89107
-0.516 1.0093 1.60668
-0.514 1.97283 1.98591
-0.512 2.59602 2.01106
-0.51 2.86623 1.72458
-0.508 2.81948 1.22024
-0.506 2.5355 0.625221
-0.504 2.12715 0.0765196
-0.502 1.72541 -0.303872
-0.5 1.46109 -0.430436
-0.498 1.44454 -0.268738
-0.496 1.74584 0.159115
-0.494 2.37882 0.779005
-0.492 3.29287 1.4787
-0.49 4.37548 2.12897
-0.488 5.46644 2.60826
-0.486 6.38193 2.82605
-0.484 6.94449 2.74026
-0.482 7.0142 2.36446
-0.48 6.51554 1.76345
-0.478 5.4553 1.03798
-0.476 3.92757 0.301938
-0.474 2.1035 -0.342805
-0.472 0.206729 -0.828167
-0.47 -1.52147 -1.1332
-0.468 -2.8609 -1.28564
-0.466 -3.64739 -1.35126
-0.464 -3.79792 -1.41341
-0.462 -3.32205 -1.54819
-0.46 -2.31843 -1.80168
-0.458 -0.957761 -2.17516
-0.456 0.544611 -2.62237
-0.454 1.96181 -3.05949
-0.452 3.08848 -3.38549
-0.45 3.76848 -3.50776
-0.448 3.91352 -3.36671
-0.446 3.51123 -2.95295
-0.444 2.62338 -2.31196
-0.442 1.3761 -1.53461
-0.44 -0.0563412 -0.735089
-0.438 -1.47255 -0.0221988
-0.436 -2.6684 0.528109
-0.434 -3.46289 0.890874
-0.432 -3.72302 1.09558
-0.43 -3.38502 1.21385
-0.428 -2.4694 1.33506
-0.426 -1.08726 1.5367
-0.424 0.565226 1.85781
-0.422 2.22641 2.28293
-0.42 3.60355 2.7415
-0.418 4.41914 3.12374
-0.416 4.46219 3.3102
-0.414 3.6345 3.20738
-0.412 1.98139 2.77984
-0.41 -0.301597 2.06859
-0.408 -2.88974 1.18919
-0.406 -5.37715 0.30835
-0.404 -7.34525 -0.39575
-0.402 -8.44061 -0.77923
-0.4 -8.44737 -0.772157
-0.398 -7.33809 -0.401291
-0.396 -5.28958 0.210674
-0.394 -2.65703 0.870226
-0.392 0.0908962 1.35751
-0.39 2.46342 1.48024
-0.388 4.04662 1.12414
-0.386 4.58924 0.286928
-0.384 4.05678 -0.913925
-0.382 2.64212 -2.26306
-0.38 0.72866 -3.49435
-0.378 -1.18788 -4.35195
-0.376 -2.60405 -4.6499
-0.374 -3.1178 -4.31575
-0.372 -2.51773 -3.40738
-0.37 -0.832227 -2.09948
-0.368 1.6734 -0.643289
-0.366 4.551 0.69059
-0.364 7.26292 1.67252
-0.362 9.29404 2.16302
-0.36 10.2584 2.13941
-0.358 9.97833 1.6939
-0.356 8.51891 1.00448
-0.354 6.17216 0.286653
-0.352 3.39342 -0.261139
-0.35 0.70518 -0.504373
-0.348 -1.41103 -0.400203
-0.346 -2.61101 -0.000224222
-0.344 -2.7529 0.570911
-0.342 -1.91852 1.15399
-0.34 -0.388755 1.59977
-0.338 1.42 1.80725
-0.336 3.04395 1.74583
-0.334 4.06633 1.45605
-0.332 4.19913 1.03032
-0.33 3.33662 0.580278
-0.328 1.57127 0.20114
-0.326 -0.82907 -0.0562956
-0.324 -3.47585 -0.198128
-0.322 -5.93383 -0.280871
-0.32 -7.79926 -0.388173
-0.318 -8.76834 -0.597758
-0.316 -8.68515 -0.948678
-0.314 -7.5629 -1.41922
-0.312 -5.57687 -1.92295
-0.31 -3.03159 -2.32529
-0.308 -0.308544 -2.47688
-0.306 2.19636 -2.25511
-0.304 4.13514 -1.60249
-0.302 5.2599 -0.550828
-0.3 5.4573 0.775907
-0.298 4.76116 2.1821
-0.296 3.34245 3.44014
-0.294 1.47893 4.34032
-0.292 -0.490728 4.73939
-0.29 -2.22212 4.59589
-0.288 -3.42116 3.98335
-0.286 -3.89217 3.07683
-0.284 -3.56946 2.11487
-0.282 -2.52633 1.345
-0.28 -0.959537 0.965833
-0.278 0.847783 1.07955
-0.276 2.57744 1.66658
-0.274 3.93185 2.58827
-0.272 4.68372 3.61668
-0.27 4.71102 4.48437
-0.268 4.01152 4.94289
-0.266 2.69502 4.8171
-0.264 0.95604 4.04361
-0.262 -0.966395 2.68539
-0.26 -2.83261 0.919329
-0.258 -4.4402 -1.00035
-0.256 -5.64864 -2.79495
-0.254 -6.38768 -4.21861
-0.252 -6.65067 -5.10727
-0.25 -6.47802 -5.40854
-0.248 -5.93719 -5.1863
-0.246 -5.10571 -4.59997
-0.244 -4.06135 -3.86411
-0.242 -2.88102 -3.19789
-0.24 -1.64642 -2.77579
-0.238 -0.451932 -2.69062
-0.236 0.591347 -2.93694
-0.234 1.36098 -3.41862
-0.232 1.74054 -3.97818
-0.23 1.64724 -4.44001
-0.228 1.06319 -4.65594
-0.226 0.0606475 -4.54151
-0.224 -1.18895 -4.09416
-0.222 -2.42909 -3.38954
-0.22 -3.35711 -2.55797
-0.218 -3.68265 -1.74757
-0.216 -3.19414 -1.08355
-0.214 -1.81793 -0.633943
-0.212 0.34571 -0.390336
-0.21 3.02152 -0.269361
-0.208 5.79731 -0.135707
-0.206 8.19603 0.157693
-0.204 9.76815 0.72194
-0.202 10.1855 1.58996
-0.2 9.31642 2.69279
-0.198 7.26566 3.86306
-0.196 4.36828 4.86711
-0.194 1.13639 5.45923
-0.192 -1.83334 5.44501
-0.19 -3.97448 4.73828
-0.188 -4.86533 3.39645
-0.186 -4.31867 1.62383
-0.184 -2.42691 -0.260401
-0.182 0.448475 -1.88415
-0.18 3.74196 -2.90138
-0.178 6.79073 -3.07024
-0.176 8.96142 -2.31248
-0.174 9.77149 -0.739916
-0.172 8.98213 1.35922
-0.17 6.64599 3.57292
-0.168 3.10201 5.44769
-0.166 -1.08091 6.58389
-0.164 -5.20149 6.72342
-0.162 -8.54816 5.80912
-0.16 -10.525 4.00106
-0.158 -10.7596 1.64493
-0.156 -9.17295 -0.80067
-0.154 -5.99956 -2.86105
-0.152 -1.75256 -4.14406
-0.15 2.85906 -4.41859
-0.148 7.04731 -3.65662
-0.146 10.0767 -2.03193
-0.144 11.3889 0.121748
-0.142 10.7019 2.3823
-0.14 8.06515 4.32461
-0.138 3.86352 5.60183
-0.136 -1.23647 6.00621
-0.134 -6.38991 5.49805
-0.132 -10.7124 4.19889
-0.13 -13.4319 2.35342
-0.128 -14.0272 0.271192
-0.126 -12.3288 -1.7379
-0.124 -8.56175 -3.42054
-0.122 -3.32144 -4.61845
-0.12 2.51964 -5.2826
-0.118 7.95951 -5.46329
-0.116 12.0452 -5.28219
-0.114 14.0494 -4.89558
-0.112 13.6092 -4.45901
-0.11 10.8003 -4.10069
-0.108 6.12793 -3.90714
-0.106 0.43623 -3.91989
-0.104 -5.24745 -4.13888
-0.102 -9.90432 -4.52844
-0.1 -12.7154 -5.02338
-0.098 -13.2158 -5.53523
-0.096 -11.381 -5.95995
-0.094 -7.62804 -6.18829
-0.092 -2.73072 -6.11963
-0.09 2.33483 -5.67835
-0.088 6.58207 -4.83045
-0.086 9.206 -3.59637
-0.084 9.73725 -2.056
-0.082 8.12865 -0.343676
-0.08 4.75735 1.36759
-0.078 0.342022 2.89157
-0.076 -4.20778 4.06163
-0.074 -7.97773 4.76602
-0.072 -10.2298 4.97778
-0.07 -10.5392 4.77082
-0.068 -8.8607 4.31472
-0.066 -5.51563 3.84544
-0.064 -1.1102 3.61542
-0.062 3.59119 3.83327
-0.06 7.80976 4.6079
-0.058 10.8865 5.91185
-0.056 12.3858 7.57425
-0.054 12.1526 9.30665
-0.052 10.3179 10.757
-0.05 7.25127 11.5796
-0.048 3.47544 11.5061
-0.046 -0.439464 10.401
-0.044 -3.97677 8.29201
-0.042 -6.74965 5.37136
-0.04 -8.54141 1.96829
-0.038 -9.30874 -1.50347
-0.036 -9.15533 -4.616
-0.034 -8.28737 -7.00398
-0.032 -6.96254 -8.43272
-0.03 -5.44219 -8.84109
-0.028 -3.95282 -8.34726
-0.026 -2.6606 -7.21402
-0.024 -1.66004 -5.78192
-0.022 -0.976274 -4.38894
-0.02 -0.578367 -3.29916
-0.018 -0.399482 -2.65782
-0.016 -0.358261 -2.47878
-0.014 -0.376277 -2.66033
-0.012 -0.388637 -3.02002
-0.01 -0.348171 -3.33992
-0.008 -0.226091 -3.41531
-0.006 -0.0122782 -3.10049
-0.004 0.283635 -2.34386
-0.002 0.632037 -1.20346
0 0.987132 0.164462
0.002 1.2968 1.5442
0.004 1.51554 2.71708
0.006 1.61783 3.51872
0.008 1.60421 3.87935
0.01 1.49996 3.83752
0.012 1.34893 3.52701
0.014 1.20643 3.14399
0.016 1.1341 2.90292
0.018 1.19645 2.98866
0.02 1.45649 3.51108
0.022 1.96753 4.46901
0.024 2.76044 5.73251
0.026 3.82828 7.05277
0.028 5.11289 8.10446
0.03 6.49765 8.55474
0.032 7.81005 8.14215
0.034 8.83539 6.74317
0.036 9.34172 4.40778
0.038 9.11443 1.35569
0.04 7.99756 -2.06397
0.042 5.93633 -5.43771
0.044 3.01301 -8.36191
0.046 -0.533911 -10.5112
0.048 -4.31747 -11.6899
0.05 -7.84351 -11.8603
0.052 -10.5843 -11.143
0.054 -12.0733 -9.78955
0.056 -12.0026 -8.12917
0.058 -10.2987 -6.50177
0.06 -7.16031 -5.18977
0.062 -3.04546 -4.36529
0.064 1.39074 -4.06408
0.066 5.40074 -4.19094
0.068 8.2756 -4.5538
0.07 9.4817 -4.91647
0.072 8.77736 -5.05583
0.074 6.28271 -4.80941
0.076 2.48112 -4.1034
0.078 -1.85653 -2.95794
0.08 -5.81508 -1.47273
0.082 -8.5178 0.200314
0.084 -9.30953 1.88902
0.086 -7.89962 3.43065
0.088 -4.43345 4.69499
0.09 0.523064 5.59901
0.092 6.08359 6.11228
0.094 11.2069 6.25381
0.096 14.8964 6.08227
0.098 16.3941 5.68296
0.1 15.3324 5.1548
0.102 11.8112 4.59914
0.104 6.38584 4.11041
0.106 -0.0313264 3.76768
0.108 -6.33741 3.62605
0.11 -11.4405 3.70685
0.112 -14.4589 3.9876
0.114 -14.8799 4.39469
0.116 -12.6503 4.80399
0.118 -8.17985 5.05418
0.12 -2.26054 4.97415
0.122 4.08291 4.42111
0.124 9.77922 3.32115
0.126 13.8978 1.70187
0.128 15.8026 -0.293435
0.13 15.2479 -2.41669
0.132 12.4028 -4.35201
0.134 7.8051 -5.77328
0.136 2.25565 -6.41154
0.138 -3.32532 -6.11779
0.14 -8.05538 -4.9064
0.142 -11.2329 -2.96702
0.144 -12.4431 -0.639357
0.146 -11.6122 1.64597
0.148 -9.00435 3.44962
0.15 -5.16355 4.41204
0.152 -0.814356 4.32995
0.154 3.26425 3.20383
0.156 6.3703 1.24446
0.158 7.99487 -1.16536
0.16 7.90315 -3.54761
0.162 6.16703 -5.42868
0.164 3.14354 -6.43939
0.166 -0.596185 -6.39272
0.168 -4.37393 -5.32109
0.17 -7.52769 -3.4653
0.172 -9.52936 -1.2189
0.174 -10.0768 0.958071
0.176 -9.14426 2.63571
0.178 -6.98331 3.50022
0.18 -4.0721 3.41212
0.182 -1.0226 2.42591
0.184 1.53819 0.769091
0.186 3.08994 -1.21381
0.188 3.3192 -3.13851
0.19 2.1772 -4.66208
0.192 -0.116558 -5.54958
0.194 -3.12477 -5.71223
0.196 -6.28498 -5.21066
0.198 -9.02352 -4.22503
0.2 -10.8666 -3.00147
0.202 -11.526 -1.78907
0.204 -10.9442 -0.782888
0.206 -9.29198 -0.0864303
0.208 -6.92112 0.298906
0.21 -4.28509 0.457363
0.212 -1.84383 0.522547
0.214 0.0263813 0.633045
0.216 1.09956 0.89219
0.218 1.33047 1.34158
0.22 0.844732 1.95343
0.222 -0.105665 2.64208
0.224 -1.20818 3.29058
0.226 -2.15989 3.78505
0.228 -2.72578 4.04807
0.23 -2.77389 4.06204
0.232 -2.28289 3.87631
0.234 -1.32488 3.59548
0.236 -0.0321453 3.35132
0.238 1.44092 3.26558
0.24 2.94992 3.41363
0.242 4.37957 3.79901
0.244 5.64771 4.34595
0.246 6.69715 4.91225
0.248 7.4816 5.31959
0.25 7.95288 5.39456
0.252 8.05563 5.01096
0.254 7.73279 4.12369
0.256 6.94138 2.78589
0.258 5.67443 1.14443
0.26 3.98212 -0.586241
0.262 1.98439 -2.1665
0.264 -0.131291 -3.38081
0.266 -2.12957 -4.08261
0.268 -3.76202 -4.2247
0.27 -4.81041 -3.8684
0.272 -5.12895 -3.16944
0.274 -4.67618 -2.34351
0.276 -3.52917 -1.61882
0.278 -1.87636 -1.18577
0.28 0.0103449 -1.15487
0.282 1.82002 -1.53272
0.284 3.25577 -2.22175
0.286 4.08686 -3.04448
0.288 4.18962 -3.78634
0.29 3.56934 -4.24675
0.292 2.35884 -4.28566
0.294 0.794762 -3.85441
0.296 -0.823536 -3.00405
0.298 -2.18475 -1.87018
0.3 -3.01772 -0.639017
0.302 -3.13703 0.496411
0.304 -2.47586 1.37921
0.306 -1.10079 1.92035
0.308 0.794317 2.11196
0.31 2.91592 2.01959
0.312 4.91685 1.75623
0.314 6.45414 1.44594
0.316 7.24908 1.18732
0.318 7.13917 1.02715
0.32 6.11202 0.951599
0.322 4.31465 0.896932
0.324 2.03476 0.776234
0.326 -0.344729 0.513659
0.328 -2.4119 0.0756566
0.33 -3.80237 -0.510534
0.332 -4.27189 -1.15713
0.334 -3.75026 -1.73552
0.336 -2.36366 -2.11068
0.338 -0.418633 -2.18092
0.34 1.65164 -1.91178
0.342 3.36955 -1.35339
0.344 4.3087 -0.63532
0.346 4.18382 0.0616643
0.348 2.91641 0.550252
0.35 0.660887 0.686647
0.352 -2.2166 0.412684
0.354 -5.2047 -0.221734
0.356 -7.74673 -1.06305
0.358 -9.3533 -1.88586
0.36 -9.70362 -2.44535
0.362 -8.71322 -2.53788
0.364 -6.55339 -2.05445
0.366 -3.61774 -1.01305
0.368 -0.442921 0.438767
0.37 2.40045 2.05264
0.372 4.42402 3.53274
0.374 5.32062 4.60149
0.376 5.02489 5.06202
0.378 3.72214 4.84272
0.38 1.80411 4.01319
0.382 -0.218126 2.76742
0.384 -1.82397 1.37829
0.386 -2.5918 0.13391
0.388 -2.28358 -0.728282
0.39 -0.889465 -1.07356
0.392 1.37484 -0.895644
0.394 4.11574 -0.310923
0.396 6.84339 0.475832
0.398 9.06976 1.22433
0.4 10.4026 1.71662
0.402 10.6157 1.8063
0.404 9.68288 1.44818
0.406 7.77063 0.702647
0.408 5.19586 -0.285089
0.41 2.36003 -1.32467
0.412 -0.324956 -2.22853
0.414 -2.50494 -2.85546
0.416 -3.93487 -3.1389
0.418 -4.5064 -3.09356
0.42 -4.24968 -2.80052
0.422 -3.31222 -2.37679
0.424 -1.92158 -1.93914
0.426 -0.341247 -1.57243
0.428 1.17151 -1.31038
0.43 2.39944 -1.13268
0.432 3.18809 -0.977651
0.434 3.45754 -0.766142
0.436 3.20445 -0.429453
0.438 2.49594 0.0665727
0.44 1.45645 0.708136
0.442 0.249178 1.43443
0.444 -0.945926 2.15245
0.446 -1.95554 2.76109
0.448 -2.6355 3.17733
0.45 -2.89062 3.35705
0.452 -2.68969 3.3048
0.454 -2.07312 3.07044
0.456 -1.15049 2.73401
0.458 -0.0866753 2.38331
0.46 0.922631 2.09021
0.462 1.6824 1.89204
0.464 2.0313 1.78284
0.466 1.87014 1.71656
0.468 1.18048 1.62145
0.47 0.0297122 1.42159
0.472 -1.43871 1.05993
0.474 -3.02895 0.516781
0.476 -4.52624 -0.180955
0.478 -5.73403 -0.962056
0.48 -6.50707 -1.72428
0.482 -6.77403 -2.35554
0.484 -6.54566 -2.75823
0.486 -5.90806 -2.87115
0.488 -5.00324 -2.68414
0.49 -4.00152 -2.24197
0.492 -3.07074 -1.63676
0.494 -2.34765 -0.990431
0.496 -1.91648 -0.431245
0.498 -1.79831 -0.0692279
0.5 -1.95261 0.0247197
0.502 -2.28948 -0.167549
0.504 -2.689 -0.607217
0.506 -3.02301 -1.2043
0.508 -3.17544 -1.83258
0.51 -3.05858 -2.35136
0.512 -2.624 -2.63054
0.514 -1.86757 -2.57453
0.516 -0.828614 -2.14048
0.518 0.416471 -1.3476
0.52 1.76463 -0.275655
0.522 3.09899 0.946762
0.524 4.30231 2.16216
0.526 5.27002 3.2091
0.528 5.9222 3.94827
0.53 6.21388 4.28551
0.532 6.14256 4.18773
0.534 5.75092 3.68857
0.536 5.12328 2.88226
0.538 4.37513 1.90654
0.54 3.63674 0.917704
0.542 3.03327 0.0626899
0.544 2.66435 -0.546536
0.546 2.58599 -0.851576
0.548 2.79803 -0.855822
0.55 3.23969 -0.620848
0.552 3.79531 -0.251621
0.554 4.31105 0.126675
0.556 4.6208 0.395547
0.558 4.57692 0.46818
0.56 4.08011 0.307092
0.562 3.102 -0.0692903
0.564 1.69591 -0.59229
0.566 -0.00676732 -1.15921
0.568 -1.81419 -1.65621
0.57 -3.50337 -1.98286
0.572 -4.85653 -2.07318
0.574 -5.69878 -1.90899
0.576 -5.93006 -1.523
0.578 -5.54498 -0.991054
0.58 -4.63593 -0.41547
0.582 -3.37823 0.0969156
0.584 -2.00012 0.456824
0.586 -0.743263 0.610024
0.588 0.178525 0.546692
0.59 0.615027 0.301269
0.592 0.503639 -0.0564812
0.594 -0.122294 -0.436783
0.596 -1.14219 -0.748167
0.598 -2.37237 -0.915112
0.6 -3.60077 -0.891662
0.602 -4.62536 -0.668602
0.604 -5.28824 -0.273176
0.606 -5.49901 0.238
0.608 -5.2439 0.790724
0.61 -4.58039 1.30671
0.612 -3.62038 1.71587
0.614 -2.50613 1.96535
0.616 -1.38406 2.02437
0.618 -0.381042 1.88535
0.62 0.412759 1.56204
0.622 0.952018 1.0859
0.624 1.23479 0.501511
0.626 1.29341 -0.138263
0.628 1.18147 -0.776856
0.63 0.961229 -1.35814
0.632 0.694323 -1.83015
0.634 0.436859 -2.14878
0.636 0.23776 -2.28167
0.638 0.138468 -2.21233
0.64 0.172319 -1.94398
0.642 0.362695 -1.5017
0.644 0.719798 -0.931914
0.646 1.23648 -0.298147
0.648 1.88413 0.326743
0.65 2.61036 0.87081
0.652 3.34082 1.27394
0.654 3.98681 1.49738
0.656 4.45897 1.52993
0.658 4.6845 1.38947
0.66 4.62388 1.11913
0.662 4.28205 0.778869
0.664 3.71074 0.433884
0.666 3.00069 0.142449
0.668 2.26526 -0.0542069
0.67 1.61854 -0.137823
0.672 1.1522 -0.113724
0.674 0.915662 -0.00636974
0.676 0.904187 0.148765
0.678 1.05807 0.314744
0.68 1.27413 0.461703
0.682 1.42762 0.572235
0.684 1.39949 0.642375
0.686 1.10295 0.678194
0.688 0.50278 0.689282
0.69 -0.376411 0.681366
0.692 -1.45451 0.650658
0.694 -2.61122 0.582028
0.696 -3.70886 0.45198
0.698 -4.61787 0.235899
0.7 -5.23989 -0.0823397
0.702 -5.52373 -0.501156
0.704 -5.47138 -0.995281
0.706 -5.1331 -1.51516
0.708 -4.59373 -1.99264
0.71 -3.95389 -2.35242
0.712 -3.31101 -2.52707
0.714 -2.74405 -2.47243
0.716 -2.3046 -2.17955
0.718 -2.01466 -1.6799
0.72 -1.8699 -1.04196
0.722 -1.84637 -0.359472
0.724 -1.9082 0.266545
0.726 -2.01454 0.747857
0.728 -2.12467 1.02683
0.73 -2.20112 1.0878
0.732 -2.2115 0.959552
0.734 -2.12966 0.708073
0.736 -1.93723 0.421466
0.738 -1.62573 0.190105
0.74 -1.19892 0.0865265
0.742 -0.674938 0.149487
0.744 -0.0869671 0.375699
0.746 0.518265 0.72102
0.748 1.08483 1.11067
0.75 1.55467 1.45601
0.752 1.87632 1.67387
0.754 2.0139 1.70432
0.756 1.95402 1.5229
0.758 1.70926 1.14518
0.76 1.31703 0.622956
0.762 0.834267 0.0335299
0.764 0.32891 -0.535575
0.766 -0.1301 -1.00301
0.768 -0.482484 -1.30796
0.77 -0.684498 -1.41992
0.772 -0.713983 -1.34238
0.774 -0.572165 -1.11035
0.776 -0.282413 -0.782638
0.778 0.113382 -0.430766
0.78 0.560012 -0.126681
0.782 0.995063 0.0686952
0.784 1.35571 0.114472
0.786 1.58612 -0.00462535
0.788 1.64534 -0.276451
0.79 1.51492 -0.663309
0.792 1.20481 -1.10708
0.794 0.755818 -1.53702
0.796 0.236867 -1.87952
0.798 -0.263741 -2.06872
0.8 -0.652538 -2.05679
0.802 -0.848675 -1.8222
0.804 -0.802086 -1.37465
0.806 -0.508048 -0.755387
0.808 -0.0141494 -0.0326412
0.81 0.583303 0.707597
0.812 1.15443 1.37413
0.814 1.5607 1.88455
0.816 1.68492 2.17829
0.818 1.45997 2.22645
0.82 0.889077 2.03648
0.822 0.0521987 1.65061
0.824 -0.904283 1.13804
0.826 -1.79367 0.582269
0.828 -2.42632 0.0661059
0.83 -2.65077 -0.342626
0.832 -2.38961 -0.601698
0.834 -1.66141 -0.699426
0.836 -0.582731 -0.653348
0.838 0.651683 -0.503464
0.84 1.80683 -0.301949
0.842 2.65556 -0.101805
0.844 3.0262 0.0532088
0.846 2.83896 0.135562
0.848 2.1233 0.136882
0.85 1.01236 0.0667394
0.852 -0.284026 -0.051976
0.854 -1.52189 -0.18972
0.856 -2.47225 -0.317332
0.858 -2.96608 -0.411866
0.86 -2.92565 -0.460119
0.862 -2.37566 -0.459493
0.864 -1.43239 -0.41658
0.866 -0.274393 -0.344344
0.868 0.897571 -0.258893
0.87 1.90164 -0.176571
0.872 2.60766 -0.11172
0.874 2.95545 -0.0750995
0.876 2.95604 -0.0728022
0.878 2.67788 -0.105539
0.88 2.22297 -0.1683
0.882 1.69987 -0.250568
0.884 1.20037 -0.337305
0.886 0.785127 -0.410878
0.888 0.480267 -0.453894
0.89 0.283846 -0.45268
0.892 0.178191 -0.400775
0.894 0.142886 -0.301596
0.896 0.163758 -0.169362
0.898 0.235235 -0.0276205
0.9 0.356083 0.0946651
0.902 0.520906 0.168808
0.904 0.711288 0.172621
0.906 0.890611 0.0956469
0.908 1.00561 -0.0579732
0.91 0.995585 -0.269802
0.912 0.807736 -0.510616
0.914 0.414658 -0.746334
0.916 -0.171219 -0.944942
0.918 -0.89132 -1.08268
0.92 -1.64595 -1.14791
0.922 -2.31082 -1.14173
0.924 -2.76202 -1.07526
0.926 -2.90366 -0.964594
0.928 -2.69136 -0.825072
0.93 -2.14567 -0.666649
0.932 -1.35149 -0.491901
0.934 -0.443172 -0.297254
0.936 0.421655 -0.0770919
0.938 1.09388 0.170581
0.94 1.46319 0.438903
0.942 1.48002 0.709365
0.944 1.16437 0.952911
0.946 0.599669 1.13521
0.948 -0.0868315 1.22498
0.95 -0.752227 1.20319
0.952 -1.26832 1.07031
0.954 -1.54713 0.849291
0.956 -1.55612 0.582901
0.958 -1.32025 0.325618
0.96 -0.911363 0.131697
0.962 -0.428472 0.0422687
0.964 0.0257408 0.07472
0.966 0.366476 0.217315
0.968 0.541817 0.430841
0.97 0.538673 0.657311
0.972 0.379579 0.83387
0.974 0.112396 0.908479
0.976 -0.203694 0.853315
0.978 -0.51206 0.672254
0.98 -0.769091 0.400315
0.982 -0.949283 0.0950102
0.984 -1.04473 -0.178215
0.986 -1.06043 -0.362702
0.988 -1.00787 -0.425037
0.99 -0.899437 -0.363434
0.992 -0.74556 -0.207811
0.994 -0.554905 -0.0115262
0.996 -0.336966 0.16305
0.998 -0.105257 0.261395
1 0.120723 0.251714
1.002 0.316152 0.133923
1.004 0.454562 -0.0597178
1.006 0.513842 -0.272619
1.008 0.482927 -0.438579
1.01 0.367085 -0.499388
1.012 0.1899 -0.420683
1.014 -0.00920962 -0.201854
1.016 -0.181867 0.12266
1.018 -0.280717 0.491014
1.02 -0.270229 0.828548
1.022 -0.135647 1.06556
1.024 0.112253 1.15377
1.026 0.438046 1.07731
1.028 0.788215 0.855743
1.03 1.10205 0.538384
1.032 1.32437 0.191762
1.034 1.41706 -0.11661
1.036 1.36671 -0.333891
1.038 1.18651 -0.433168
1.04 0.912253 -0.417711
1.042 0.593668 -0.31753
1.044 0.283285 -0.179581
1.046 0.0257107 -0.0544468
1.048 -0.1504 0.01688
1.05 -0.236096 0.0127952
1.052 -0.241221 -0.0648194
1.054 -0.1895 -0.192856
1.056 -0.11111 -0.334587
1.058 -0.0346579 -0.450288
1.06 0.0194862 -0.507903
1.062 0.043047 -0.490963
1.064 0.0401804 -0.40186
1.066 0.0245589 -0.259941
1.068 0.0142967 -0.0953006
1.07 0.0262734 0.0597754
1.072 0.0713886 0.179232
1.074 0.151813 0.249293
1.076 0.260615 0.270682
1.078 0.38348 0.256725
1.08 0.50179 0.228174
1.082 0.596185 0.20642
1.084 0.649824 0.207067
1.086 0.650832 0.23561
1.088 0.593749 0.286253
1.09 0.480062 0.344039
1.092 0.318031 0.389519
1.094 0.122009 0.404584
1.096 -0.0886746 0.377811
1.098 -0.291339 0.307863
1.1 -0.462175 0.204082
1.102 -0.579049 0.0841609
1.104 -0.624657 -0.0304123
1.106 -0.589551 -0.119903
1.108 -0.474449 -0.171396
1.11 -0.291209 -0.182078
1.112 -0.0620413 -0.159906
1.114 0.183217 -0.12152
1.116 0.411539 -0.087958
1.118 0.592204 -0.0792556
1.12 0.702347 -0.109259
1.122 0.731331 -0.181845
1.124 0.682852 -0.289374
1.126 0.574126 -0.413699
1.128 0.432222 -0.529508
1.13 0.288327 -0.609386
1.132 0.171249 -0.629591
1.134 0.101637 -0.575409
1.136 0.088181 -0.444959
1.138 0.126565 -0.250566
1.14 0.201282 -0.0172348
1.142 0.2898 0.2216
1.144 0.368007 0.430328
1.146 0.415602 0.578179
1.148 0.420138 0.64554
1.15 0.378817 0.628236
1.152 0.297808 0.538749
1.154 0.189562 0.404021
1.156 0.0691421 0.260107
1.158 -0.0492816 0.14466
1.16 -0.154788 0.0886858
1.162 -0.240469 0.109321
1.164 -0.302703 0.205267
1.166 -0.339484 0.356111
1.168 -0.348648 0.525957
1.17 -0.326837 0.670847
1.172 -0.269795 0.748476
1.174 -0.174137 0.728094
1.176 -0.0401312 0.598262
1.178 0.125449 0.37054
1.18 0.307601 0.0780493
1.182 0.483477 -0.230995
1.184 0.625312 -0.503451
1.186 0.705556 -0.69288
1.188 0.703138 -0.769939
1.19 0.609331 -0.729035
1.192 0.431605 -0.589582
1.194 0.194199 -0.391459
1.196 -0.0651295 -0.185673
1.198 -0.301801 -0.0224019
1.2 -0.473224 0.0607596
1.202 -0.547753 0.0475834
1.204 -0.511643 -0.053089
1.206 -0.372287 -0.209637
1.208 -0.156895 -0.375449
1.21 0.093123 -0.500373
1.212 0.330802 -0.543065
1.214 0.513347 -0.481211
1.216 0.610749 -0.317113
1.218 0.611399 -0.0773003
1.22 0.523471 0.193678
1.222 0.37186 0.443672
1.224 0.191538 0.624981
1.226 0.0190845 0.705135
1.228 -0.115455 0.67389
1.23 -0.194376 0.544885
1.232 -0.214552 0.351721
1.234 -0.185894 0.139544
1.236 -0.126848 -0.0457168
1.238 -0.0584396 -0.167815
1.24 0.00140883 -0.207849
1.242 0.0418149 -0.167444
1.244 0.0602791 -0.0669298
1.246 0.0613515 0.0606921
1.248 0.0533092 0.178289
1.25 0.0440678 0.253443
1.252 0.0377267 0.265527
1.254 0.0329026 0.209504
1.256 0.0234102 0.0958499
1.258 0.00106666 -0.053067
1.26 -0.0403143 -0.208959
1.262 -0.101112 -0.344299
1.264 -0.173658 -0.43803
1.266 -0.242522 -0.479042
1.268 -0.287557 -0.46688
1.27 -0.289064 -0.409929
1.272 -0.233734 -0.321957
1.274 -0.119643 -0.218144
1.276 0.0413037 -0.111708
1.278 0.224474 -0.0118204
1.28 0.397216 0.0769276
1.282 0.526206 0.153724
1.284 0.585663 0.219939
1.286 0.56432 0.277408
1.288 0.469236 0.327206
1.29 0.325274 0.369251
1.292 0.170075 0.40275
1.294 0.0455325 0.427121
1.296 -0.0123338 0.442904
1.298 0.0173274 0.45214
1.3 0.134079 0.457959
1.302 0.314942 0.463432
1.304 0.518561 0.470064
1.306 0.694036 0.476484
1.308 0.79245 0.477894
1.31 0.778465 0.466623
1.312 0.639218 0.433826
1.314 0.388382 0.371972
1.316 0.0643571 0.277477
1.318 -0.277112 0.152727
1.32 -0.574292 0.00681497
1.322 -0.772314 -0.145349
1.324 -0.834683 -0.285496
1.326 -0.750938 -0.395527
1.328 -0.538777 -0.461309
1.33 -0.240263 -0.475853
1.332 0.0870056 -0.44111
1.334 0.381743 -0.367902
1.336 0.591205 -0.273941
1.338 0.681188 -0.180325
1.34 0.641755 -0.107241
1.342 0.487712 -0.069846
1.344 0.254036 -0.0752222
1.346 -0.0124652 -0.121078
1.348 -0.263253 -0.196422
1.35 -0.457714 -0.284
1.352 -0.570381 -0.363894
1.354 -0.594417 -0.41748
1.356 -0.540924 -0.43095
1.358 -0.434577 -0.397728
1.36 -0.306878 -0.319392
1.362 -0.188724 -0.205044
1.364 -0.104027 -0.0693422
1.366 -0.0656833 0.0703127
1.368 -0.0744893 0.196844
1.37 -0.12087 0.29623
1.372 -0.188618 0.359433
1.374 -0.259506 0.383288
1.376 -0.317605 0.370329
1.378 -0.352344 0.327725
1.38 -0.359817 0.265629
1.382 -0.342285 0.195258
1.384 -0.306282 0.12704
1.386 -0.260027 0.0690781
1.388 -0.210936 0.0261442
1.39 -0.163916 -0.000685054
1.392 -0.12081 -0.0137204
1.394 -0.0809747 -0.0177641
1.396 -0.0426311 -0.0188064
1.398 -0.00440973 -0.0225648
1.4 0.0334851 -0.0331453
1.402 0.0689003 -0.0520772
1.404 0.0982682 -0.0779051
1.406 0.117869 -0.106416
1.408 0.125399 -0.131468
1.41 0.121317 -0.146262
1.412 0.109472 -0.144834
1.414 0.0967276 -0.123456
1.416 0.0915483 -0.0816564
1.418 0.101868 -0.022622
1.42 0.132768 0.0471607
1.422 0.18459 0.118974
1.424 0.252064 0.183451
1.426 0.32475 0.232338
1.428 0.388844 0.260053
1.43 0.430029 0.264706
1.432 0.436776 0.248382
1.434 0.403356 0.216632
1.436 0.331787 0.177307
1.438 0.232157 0.138968
1.44 0.121102 0.109223
1.442 0.0186808 0.0933041
1.444 -0.055714 0.0931606
1.446 -0.0874827 0.10724
1.448 -0.0700558 0.130957
1.45 -0.00649325 0.157725
1.452 0.0909176 0.180309
1.454 0.202994 0.192207
1.456 0.307437 0.188773
1.458 0.383274 0.167895
1.46 0.415042 0.130144
1.462 0.395839 0.0784435
1.464 0.328583 0.0174101
1.466 0.225253 -0.047462
1.468 0.104275 -0.110598
1.47 -0.0133065 -0.167013
1.472 -0.10806 -0.212786
1.474 -0.16589 -0.245338
1.476 -0.180526 -0.263503
1.478 -0.15434 -0.267425
1.48 -0.0973958 -0.258324
1.482 -0.0250195 -0.238202
1.484 0.0455535 -0.209532
1.486 0.0987145 -0.175
1.488 0.123457 -0.137302
1.49 0.115216 -0.0989648
1.492 0.0762696 -0.0621801
1.494 0.0147723 -0.0286373
1.496 -0.0572642 0.000614494
1.498 -0.126508 0.0252157
1.5 -0.180828 0.0454181
1.502 -0.211335 0.061881
1.504 -0.213661 0.0753977
1.506 -0.188357 0.0866416
1.508 -0.140471 0.0959983
1.51 -0.0785019 0.103513
1.512 -0.0129651 0.10893
1.514 0.0451759 0.111793
1.516 0.0859983 0.111565
1.518 0.101888 0.107767
1.52 0.088498 0.100116
1.522 0.0453353 0.0886774
1.524 -0.0240479 0.0739724
1.526 -0.112301 0.0570173
1.528 -0.208971 0.0392503
1.53 -0.301646 0.0223433
1.532 -0.377479 0.0079334
1.534 -0.42497 -0.00266653
1.536 -0.435782 -0.0087126
1.538 -0.406302 -0.0101851
1.54 -0.338637 -0.0078276
1.542 -0.240746 -0.00306383
1.544 -0.125564 0.00220285
1.546 -0.00914585 0.00589
1.548 0.0919294 0.0061078
1.55 0.163431 0.00155418
1.552 0.196093 -0.00813588
1.554 0.187424 -0.0221713
1.556 0.142304 -0.0385975
1.558 0.0721867 -0.0545463
1.56 -0.00701228 -0.0667302
1.562 -0.0779551 -0.0720926
1.564 -0.125275 -0.068475
1.566 -0.138624 -0.0551456
1.568 -0.114738 -0.0330623
1.57 -0.0580793 -0.00480709
1.572 0.0200838 0.0258013
1.574 0.103957 0.0543421
1.576 0.176393 0.0765603
1.578 0.222296 0.0891294
1.58 0.231574 0.0902654
1.582 0.201064 0.0800656
1.584 0.135048 0.0604845
1.586 0.0443072 0.0349321
1.588 -0.0560685 0.00756983
1.59 -0.149634 -0.0175366
1.592 -0.221698 -0.0372081
1.594 -0.261961 -0.0497052
1.596 -0.266224 -0.0549317
1.598 -0.236852 -0.0542691
1.6 -0.182003 -0.0501108
1.602 -0.113807 -0.0452189
1.604 -0.0458991 -0.0420535
1.606 0.00919245 -0.042215
1.608 0.0423025 -0.0461099
1.61 0.0491296 -0.0528986
1.612 0.0307421 -0.0607264
1.614 -0.00693431 -0.0671739
1.616 -0.0544837 -0.0698217
1.618 -0.100913 -0.0667974
1.62 -0.135737 -0.0571875
1.622 -0.150864 -0.0412352
1.624 -0.141976 -0.0202979
1.626 -0.109206 0.00340924
1.628 -0.0570267 0.0272227
1.63 0.00659198 0.0485059
1.632 0.0716118 0.0651052
1.634 0.127682 0.0757048
1.636 0.165932 0.0800253
1.638 0.180502 0.0788371
1.64 0.169545 0.0737979
1.642 0.135538 0.0671488
1.644 0.0848367 0.0613272
1.646 0.026557 0.0585542
1.648 -0.029017 0.0604516
1.65 -0.0722156 0.0677389
1.652 -0.0956328 0.0800542
1.654 -0.095354 0.0959388
1.656 -0.0715576 0.113011
1.658 -0.0283982 0.128321
1.66 0.0267923 0.138841
1.662 0.0848385 0.142011
1.664 0.136349 0.136227
1.666 0.173342 0.121184
1.668 0.190574 0.0979882
1.67 0.186316 0.0690183
1.672 0.162458 0.0375599
1.674 0.123929 0.00727561
1.676 0.0776086 -0.0183954
1.678 0.0309645 -0.0368051
1.68 -0.00928389 -0.0465261
1.682 -0.0382194 -0.0475568
1.684 -0.0533381 -0.0412568
1.686 -0.0546643 -0.0300216
1.688 -0.0444234 -0.0167696
1.69 -0.0263999 -0.00435904
1.692 -0.00513879 0.00493711
1.694 0.0148543 0.00978749
1.696 0.0297875 0.00993254
1.698 0.0370474 0.00608426
1.7 0.0354184 -0.000355969
1.702 0.0250674 -0.00767925
1.704 0.00734049 -0.014256
1.706 -0.0155587 -0.0188433
1.708 -0.0409344 -0.0207562
1.71 -0.0659508 -0.0198871
1.712 -0.087934 -0.016598
1.714 -0.104622 -0.0115394
1.716 -0.114369 -0.00546225
1.718 -0.116313 0.000922455
1.72 -0.110495 0.00701068
1.722 -0.0979008 0.0123053
1.724 -0.0803724 0.0163796
1.726 -0.0603778 0.0188446
1.728 -0.0406365 0.0193516
1.73 -0.0236633 0.0176431
1.732 -0.0113168 0.0136413
1.734 -0.00445509 0.00754413
1.736 -0.00278368 -0.000111272
1.738 -0.00493623 -0.00845755
1.74 -0.00878026 -0.0164008
1.742 -0.0118867 -0.0228156
1.744 -0.012066 -0.0267939
1.746 -0.00785767 -0.0278855
1.748 0.00113307 -0.026254
1.75 0.0141285 -0.0226902
1.752 0.0293326 -0.0184575
1.754 0.0443196 -0.0149948
1.756 0.056574 -0.0135454
1.758 0.0640551 -0.0148084
1.76 0.0656527 -0.0187075
1.762 0.0614186 -0.0243473
1.764 0.0525225 -0.0301789
1.766 0.040948 -0.0343436
1.768 0.0290099 -0.0351198
1.77 0.0188171 -0.0313669
1.772 0.0118117 -0.0228579
1.774 0.00849178 -0.0104113
1.776 0.00837056 0.00421842
1.778 0.010171 0.0186791
1.78 0.0121939 0.0305152
1.782 0.0127636 0.0377057
1.784 0.0106455 0.0391159
1.786 0.00533842 0.0347547
1.788 -0.00281501 0.0257749
1.79 -0.0127158 0.0142157
1.792 -0.0227633 0.00255119
1.794 -0.0312124 -0.00684702
1.796 -0.036549 -0.0122099
1.798 -0.0378035 -0.0127202
1.8 -0.0347385 -0.0086397
1.802 -0.0278802 -0.00119317
1.804 -0.0183978 0.00775168
1.806 -0.00786835 0.0161278
1.808 0.00201606 0.0221288
1.81 0.00973737 0.0245798
1.812 0.0141854 0.0231418
1.814 0.0148054 0.0183135
1.816 0.011649 0.011247
1.818 0.0053343 0.00343236
1.82 -0.00306604 -0.00366335
1.822 -0.0121886 -0.0089167
1.824 -0.0205707 -0.0117562
1.826 -0.0268468 -0.0122197
1.828 -0.0299295 -0.0108611
1.83 -0.0291543 -0.00854295
1.832 -0.0243717 -0.00617738
1.834 -0.0159761 -0.00448543
1.836 -0.00486413 -0.00383334
1.838 0.00767646 -0.00418035
1.84 0.020137 -0.00514002
1.842 0.0309987 -0.00612854
1.844 0.0389534 -0.00655334
1.846 0.0431007 -0.00599031
1.848 0.0430836 -0.00430495
1.85 0.0391373 -0.00169103
1.852 0.0320379 0.00137779
1.854 0.0229619 0.00426651
1.856 0.01328 0.00633488
1.858 0.00432666 0.00709126
1.86 -0.00281337 0.00630731
1.862 -0.00746237 0.00406755
1.864 -0.00942426 0.000745271
1.866 -0.00896648 -0.00308596
1.868 -0.00671762 -0.00678084
1.87 -0.00350645 -0.00975884
1.872 -0.00018 -0.0116166
1.874 0.00255916 -0.0121928
1.876 0.00426334 -0.0115756
1.878 0.00478092 -0.010057
1.88 0.0042301 -0.00805071
1.882 0.00292269 -0.00599511
1.884 0.00126408 -0.00426409
1.886 -0.00034479 -0.00310281
1.888 -0.0015836 -0.0025989
1.89 -0.00225646 -0.0026903
1.892 -0.00230217 -0.0032035
1.894 -0.001777 -0.00390959
1.896 -0.000820548 -0.00458325
1.898 0.000383701 -0.0050508
1.9 0.00164305 -0.0052176
1.902 0.00278004 -0.00507148
1.904 0.00364582 -0.00466577
1.906 0.00412607 -0.00409003
1.908 0.0041442 -0.00343875
1.91 0.00366605 -0.00278683
1.912 0.00270672 -0.00217678
1.914 0.00133736 -0.00161842
1.916 -0.000312783 -0.00109815
1.918 -0.00206357 -0.000593493
1.92 -0.00370319 -8.75839e-05
1.922 -0.00501861 0.000420279
1.924 -0.00583281 0.000910941
1.926 -0.00604049 0.00134913
1.928 -0.00563332 0.00169309
1.93 -0.00470679 0.00190688
1.932 -0.00344509 0.0019712
1.934 -0.00208628 0.00188944
1.936 -0.000875047 0.00168708
1.938 -1.41287e-05 0.0014051
1.94 0.000374447 0.00108977
1.942 0.00026953 0.000782127
1.944 -0.000251433 0.000510125
1.946 -0.00103557 0.000285362
1.948 -0.00189234 0.000104713
1.95 -0.00263637 -4.4222e-05
1.952 -0.00312552 -0.000175935
1.954 -0.00328591 -0.000300482
1.956 -0.00311929 -0.000419536
1.958 -0.00269299 -0.000525976
1.96 -0.00211655 -0.000606807
1.962 -0.00151204 -0.000648185
1.964 -0.000985796 -0.000640775
1.966 -0.000607925 -0.000583646
1.968 -0.000403266 -0.000485482
1.97 -0.000354239 -0.00036281
1.972 -0.00041307 -0.000235952
1.974 -0.000518962 -0.000124067
1.976 -0.000615167 -4.08143e-05
1.978 -0.000661784 8.1405e-06
1.98 -0.000641818 2.52677e-05
1.982 -0.000560278 1.91806e-05
1.984 -0.000437881 1.33863e-06
1.986 -0.000302107 -1.74474e-05
1.988 -0.000178457 -2.96916e-05
1.99 -8.41698e-05 -3.2457e-05
1.992 -2.55317e-05 -2.70136e-05
1.994 1.24469e-06 -1.72919e-05
1.996 6.54298e-06 -7.80373e-06
1.998 2.74361e-06 -1.76557e-06
0.5 0.0469371 0.0322811
1 0.0226014 0.0195194
1.5 -0.00376572 0.00649701
2 -0.0161736 0.00128458
2.5 -0.00125249 0.00864976
3 0.0461176 0.0273713
3.5 0.119543 0.0502139
4 0.201615 0.0665831
4.5 0.268341 0.0666553
5 0.296247 0.0451587
5.5 0.26981 0.00325023
6 0.186715 -0.0520866
6.5 0.0591664 -0.110537
7 -0.0891167 -0.161541
7.5 -0.229165 -0.196689
8 -0.334306 -0.210832
8.5 -0.386752 -0.202105
9 -0.381392 -0.171545
9.5 -0.325843 -0.122848
10 -0.236868 -0.0623134
10.5 -0.134424 0.00146353
11 -0.0353639 0.0586368
11.5 0.0510046 0.099986
12 0.123981 0.119126
12.5 0.189013 0.114195
13 0.253083 0.0882956
13.5 0.32018 0.0484831
14 0.388926 0.00372556
14.5 0.453156 -0.0373546
15 0.504736 -0.0682006
15.5 0.536885 -0.0851043
16 0.546346 -0.0871068
16.5 0.533735 -0.0753755
17 0.50253 -0.0524766
17.5 0.457794 -0.0218258
18 0.405398 0.0126205
18.5 0.351756 0.0465561
19 0.303385 0.0756029
19.5 0.265714 0.0958352
20 0.241231 0.104545
20.5 0.227904 0.101034
21 0.219038 0.0870501
21.5 0.205207 0.0665353
22 0.177703 0.0445597
22.5 0.132031 0.0257324
23 0.0697355 0.0126827
23.5 -0.00237936 0.00527332
24 -0.075231 0.000922422
24.5 -0.141084 -0.00407395
25 -0.195909 -0.012781
25.5 -0.239256 -0.0261532
26 -0.271848 -0.0424022
26.5 -0.292447 -0.0573677
27 -0.296169 -0.0656748
27.5 -0.275777 -0.0622722
28 -0.225888 -0.0439414
28.5 -0.148191 -0.0104598
29 -0.0546964 0.0348328
29.5 0.0334804 0.0852778
30 0.0923234 0.132069
30.5 0.10401 0.166239
31 0.0648856 0.181013
31.5 -0.0117084 0.1738
32 -0.0996767 0.147064
32.5 -0.170099 0.107668
33 -0.202608 0.0648183
33.5 -0.193139 0.0273126
34 -0.154586 0.001069
34.5 -0.110307 -0.0122283
35 -0.0836538 -0.0149783
35.5 -0.0883953 -0.0121923
36 -0.124078 -0.00933519
36.5 -0.177776 -0.0102945
37 -0.230701 -0.0161704
37.5 -0.266239 -0.0252403
38 -0.275915 -0.034
38.5 -0.261226 -0.0387877
39 -0.231325 -0.037282
39.5 -0.198163 -0.0292467
40 -0.171335 -0.0162535
40.5 -0.154527 -0.000608387
41 -0.144617 0.0158929
41.5 -0.133426 0.0326837
42 -0.111314 0.0502318
42.5 -0.0712713 0.0690832
43 -0.0120591 0.0887593
43.5 0.0607474 0.107222
44 0.136231 0.121304
44.5 0.201617 0.127919
45 0.246516 0.125429
45.5 0.266377 0.114432
46 0.263978 0.0975863
46.5 0.248555 0.0786169
47 0.233007 0.0610349
47.5 0.230157 0.0471622
48 0.249093 0.0377583
48.5 0.292423 0.0321688
49 0.354977 0.0287064
49.5 0.424331 0.0250444
50 0.483306 0.0186339
50.5 0.514267 0.00730509
51 0.50435 -0.0098825
51.5 0.45008 -0.0317822
52 0.359566 -0.054804
52.5 0.250936 -0.0735361
53 0.147046 -0.0824062
53.5 0.0681102 -0.0778474
54 0.0250226 -0.0600126
54.5 0.0161134 -0.0331519
55 0.0287334 -0.00433942
55.5 0.045011 0.0189663
56 0.0493292 0.0314772
56.5 0.034391 0.0316596
57 0.00348113 0.021775
57.5 -0.0317299 0.00654228
58 -0.0565957 -0.00884455
58.5 -0.059682 -0.0204804
59 -0.0372188 -0.0267113
59.5 0.00576541 -0.0281529
60 0.057785 -0.0269642
60.5 0.105554 -0.0257091
61 0.139034 -0.0261366
61.5 0.154937 -0.0282051
62 0.157382 -0.0297035
62.5 0.155553 -0.0267686
63 0.159356 -0.0153392
63.5 0.174916 0.0068742
64 0.201863 0.038747
64.5 0.23355 0.0753375
65 0.260046 0.10917
65.5 0.272391 0.132813
66 0.26606 0.141617
66.5 0.242047 0.135312
67 0.205347 0.117709
67.5 0.16206 0.0947658
68 0.116992 0.0721149
68.5 0.0731337 0.0533264
69 0.0330212 0.0395994
69.5 0.000632262 0.0306601
70 -0.0179959 0.0259684
70.5 -0.0164351 0.0253361
71 0.00872619 0.0286442
71.5 0.0546326 0.0350816
72 0.111208 0.0426716
72.5 0.163555 0.0486129
73 0.196959 0.0503453
73.5 0.202269 0.046725
74 0.179127 0.0386147
74.5 0.135584 0.0285786
75 0.084451 0.0199109
75.5 0.0382419 0.0155465
76 0.00508116 0.0173375
76.5 -0.0128548 0.0258466
77 -0.0182427 0.0405017
77.5 -0.0160784 0.059869
78 -0.0113727 0.0819213
78.5 -0.00818113 0.104324
79 -0.00992034 0.124769
79.5 -0.0199496 0.141252
80 -0.0412318 0.152141
80.5 -0.0746517 0.15592
81 -0.116779 0.150828
81.5 -0.15871 0.134778
82 -0.187458 0.105921
82.5 -0.190073 0.0638317
83 -0.159036 0.0107844
83.5 -0.0963312 -0.0476621
84 -0.0139298 -0.103381
84.5 0.0698935 -0.14767
85 0.136808 -0.1738
85.5 0.174223 -0.179065
86 0.177915 -0.165437
86.5 0.15068 -0.138611
87 0.0985079 -0.10591
87.5 0.0271412 -0.0739768
88 -0.0587514 -0.0471303
88.5 -0.153614 -0.0268436
89 -0.248309 -0.0122923
89.5 -0.329511 -0.00152176
90 -0.382708 0.00732948
90.5 -0.397811 0.0152084
91 -0.374193 0.0219491
91.5 -0.321866 0.0266613
92 -0.257481 0.0284581
92.5 -0.196939 0.0271507
93 -0.148511 0.0235641
93.5 -0.110228 0.019293
94 -0.0728686 0.016002
94.5 -0.0267014 0.0146244
95 0.0319332 0.0148994
95.5 0.0978052 0.015523
96 0.159009 0.0148563
96.5 0.202587 0.0118119
97 0.22023 0.00643486
97.5 0.211064 -0.000131342
98 0.180547 -0.00624406
98.5 0.136791 -0.0105638
99 0.0868666 -0.012608
99.5 0.0352242 -0.01279
100 -0.0152309 -0.0119963
100.5 -0.0606638 -0.0110145
101 -0.0945147 -0.0101602
101.5 -0.108012 -0.00928381
102 -0.0932005 -0.00808316
102.5 -0.0471181 -0.0064762
103 0.0250741 -0.00478673
103.5 0.109939 -0.00363693
104 0.189172 -0.00361975
104.5 0.245456 -0.0049365
105 0.268342 -0.00718767
105.5 0.25758 -0.00942193
106 0.222382 -0.0104359
106.5 0.176998 -0.00922058
107 0.134736 -0.00539253
107.5 0.103221 0.000561033
108 0.0829211 0.007349
108.5 0.0691026 0.0132729
109 0.055569 0.0168296
109.5 0.0377588 0.0172783
110 0.0135787 0.0149103
110.5 -0.0178889 0.0108763
111 -0.0580831 0.00664039
111.5 -0.109059 0.00333165
112 -0.171221 0.00132673
112.5 -0.239941 0.000273811
113 -0.303657 -0.000487095
113.5 -0.345724 -0.00138609
114 -0.350303 -0.00231281
114.5 -0.309976 -0.0027298
115 -0.231236 -0.0021304
115.5 -0.134535 -0.00053121
116 -0.0480111 0.00134646
116.5 0.00276299 0.00236432
117 0.00453866 0.00158658
117.5 -0.0387896 -0.0011267
118 -0.108513 -0.00491484
118.5 -0.179452 -0.00824713
119 -0.230433 -0.00962895
119.5 -0.252115 -0.00831005
120 -0.248838 -0.00462349
120.5 -0.234033 0.00020627
121 -0.221838 0.00465964
121.5 -0.219181 0.00759613
122 -0.222198 0.00867071
122.5 -0.218485 0.00832547
123 -0.193735 0.00742533
123.5 -0.139108 0.00677457
124 -0.0554929 0.00677098
124.5 0.0473105 0.00733876
125 0.155629 0.00811267
125.5 0.257985 0.00872202
126 0.348625 0.00900082
126.5 0.426635 0.00902336
127 0.491631 0.00897715
127.5 0.53921 0.0089737
128 0.55963 0.00891992
128.5 0.541219 0.00852888
129 0.477031 0.0074672
129.5 0.371017 0.00556223
130 0.239877 0.00295881
130.5 0.108883 0.000137327
131 0.00320127 -0.00222963
131.5 -0.0613549 -0.00352667
132 -0.0838319 -0.00344187
132.5 -0.0774713 -0.00209861
133 -0.0633984 -1.34612e-05
133.5 -0.0616717 0.00209756
134 -0.083542 0.00357323
134.5 -0.127778 0.00400944
135 -0.18188 0.00333565
135.5 -0.227023 0.00176448
136 -0.244507 -0.000322927
136.5 -0.221496 -0.00247738
137 -0.154605 -0.00422932
137.5 -0.0507978 -0.00510897
138 0.0741896 -0.00470285
138.5 0.199292 -0.00278845
139 0.302627 0.000485989
139.5 0.366179 0.00448727
140 0.37976 0.00817513
140.5 0.343406 0.0104211
141 0.267614 0.0104744
141.5 0.171207 0.00835868
142 0.0770818 0.00496529
142.5 0.00665584 0.00173965
143 -0.0257099 6.73009e-05
143.5 -0.0167338 0.000651086
144 0.0247875 0.0031994
144.5 0.0807952 0.006591
145 0.130185 0.00942153
145.5 0.156592 0.0106277
146 0.154894 0.00985816
146.5 0.133567 0.00743708
147 0.111356 0.00402927
147.5 0.108968 0.000290473
148 0.138961 -0.00324946
148.5 0.198238 -0.00604063
149 0.267037 -0.00731368
149.5 0.315715 -0.00611025
150 0.317071 -0.00166376
150.5 0.259057 0.00604413
151 0.151869 0.0159346
151.5 0.0255409 0.0260184
152 -0.0817022 0.0341291
152.5 -0.139521 0.0388385
153 -0.138656 0.0400155
153.5 -0.0948194 0.0386797
154 -0.0410541 0.0362349
154.5 -0.0119369 0.0335857
155 -0.0271961 0.0307286
155.5 -0.0828306 0.0270991
156 -0.154189 0.022434
156.5 -0.209408 0.0175241
157 -0.226238 0.0142587
157.5 -0.203539 0.0147997
158 -0.161527 0.0202918
158.5 -0.130894 0.0298514
159 -0.136773 0.04046
159.5 -0.186128 0.047894
160 -0.265023 0.0482718
160.5 -0.346666 0.0395091
161 -0.405286 0.0220897
161.5 -0.428048 -0.00105177
162 -0.418856 -0.025348
162.5 -0.392843 -0.0457504
163 -0.365666 -0.0579004
163.5 -0.344297 -0.0591456
164 -0.324507 -0.0492836
164.5 -0.295803 -0.0308597
165 -0.250072 -0.00878588
165.5 -0.188216 0.0108355
166 -0.120758 0.022488
166.5 -0.0623618 0.0230445
167 -0.0239673 0.0128583
167.5 -0.00745572 -0.0043972
168 -0.00584841 -0.0231389
168.5 -0.00847451 -0.0379459
169 -0.00758702 -0.0453926
169.5 -0.00238135 -0.0448917
170 0.00163803 -0.0383159
170.5 -0.00303669 -0.0287601
171 -0.0209891 -0.0191437
171.5 -0.0513004 -0.011292
172 -0.0883848 -0.00576333
172.5 -0.125043 -0.00225879
173 -0.155457 -0.00021236
173.5 -0.176481 0.000810955
174 -0.187231 0.00105029
174.5 -0.188221 0.000713724
175 -0.181288 0.000149951
175.5 -0.170327 -0.000148343
176 -0.161621 0.00026383
176.5 -0.162357 0.00151383
177 -0.177138 0.00323829
177.5 -0.204105 0.00463601
178 -0.233243 0.00476038
178.5 -0.248734 0.0029396
179 -0.234973 -0.000862787
179.5 -0.183534 -0.00592546
180 -0.0974769 -0.0109672
180.5 0.00940263 -0.0146018
181 0.118037 -0.0158612
181.5 0.211391 -0.0145557
182 0.279872 -0.011315
182.5 0.322434 -0.00730154
183 0.343558 -0.003738
183.5 0.348561 -0.00145707
184 0.340248 -0.00064104
184.5 0.318656 -0.000813587
185 0.283439 -0.00104517
185.5 0.236814 -0.000288283
186 0.184849 0.00223991
186.5 0.136142 0.0067068
187 0.098695 0.0124472
187.5 0.0768578 0.0180031
188 0.0700054 0.0215025
188.5 0.0734451 0.0213198
189 0.0807443 0.016777
189.5 0.0860736 0.00854221
190 0.0855204 -0.00152763
190.5 0.0772447 -0.0110757
191 0.0611198 -0.0181288
191.5 0.0386149 -0.0217041
192 0.0131363 -0.0218345
192.5 -0.00966709 -0.0190885
193 -0.0224566 -0.0140036
193.5 -0.0180858 -0.00689617
194 0.00756121 0.00179568
194.5 0.0529514 0.0109409
195 0.109927 0.018484
195.5 0.165262 0.0219506
196 0.20454 0.0195572
196.5 0.217037 0.0112659
197 0.199691 -0.000991429
197.5 0.158487 -0.0142295
198 0.106583 -0.026001
198.5 0.0597953 -0.0356309
199 0.0311459 -0.0441587
199.5 0.0265236 -0.0528474
200 0.0430833 -0.0611447
200.5 0.0708923 -0.0655483
201 0.0970615 -0.0604841
201.5 0.11066 -0.0411435
202 0.106483 -0.00692168
202.5 0.0863053 0.0365395
203 0.0573745 0.0781835
203.5 0.0290548 0.105277
204 0.0092459 0.108482
204.5 0.00213059 0.0858668
205 0.00799289 0.0438793
205.5 0.0247237 -0.00520014
206 0.0497753 -0.0480965
206.5 0.0812279 -0.0753956
207 0.117352 -0.08428
207.5 0.155179 -0.0781903
208 0.18942 -0.0639819
208.5 0.21302 -0.0482353
209 0.219635 -0.0345261
209.5 0.206935 -0.0227352
210 0.178756 -0.0103465
210.5 0.144424 0.00524379
211 0.115086 0.0247069
211.5 0.0986824 0.0460146
212 0.0962754 0.0651685
212.5 0.101904 0.0779424
213 0.106247 0.081742
213.5 0.102132 0.0767112
214 0.0887725 0.0656057
214.5 0.0722786 0.0525254
215 0.0621766 0.0410932
215.5 0.0659923 0.0329032
216 0.0850461 0.0269342
216.5 0.113745 0.0201894
217 0.142468 0.00926584
217.5 0.162018 -0.00787452
218 0.166956 -0.0307498
218.5 0.156176 -0.0563429
219 0.131135 -0.0802122
219.5 0.0936482 -0.0981992
220 0.0451451 -0.107974
220.5 -0.01212 -0.109789
221 -0.073168 -0.106224
221.5 -0.129712 -0.101127
222 -0.172069 -0.0982359
222.5 -0.192925 -0.0999526
223 -0.1908 -0.106618
223.5 -0.170993 -0.116421
224 -0.143195 -0.125941
224.5 -0.117027 -0.131252
225 -0.0979831 -0.129325
225.5 -0.0859317 -0.119341
226 -0.0766679 -0.103362
226.5 -0.0652027 -0.085898
227 -0.048652 -0.0723025
227.5 -0.0272186 -0.066488
228 -0.00324504 -0.0689246
228.5 0.0204405 -0.0759418
229 0.0415008 -0.0808596
229.5 0.0578869 -0.0766177
230 0.0671186 -0.0587967
230.5 0.0662108 -0.0276529
231 0.0528731 0.0117833
231.5 0.0274637 0.0515831
232 -0.00567854 0.0838752
232.5 -0.0387756 0.103541
233 -0.0631901 0.109534
233.5 -0.0728825 0.104458
234 -0.0669174 0.0928776
234.5 -0.0496465 0.0793231
235 -0.028489 0.0668852
235.5 -0.0105388 0.0568335
236 0.000234218 0.0490928
236.5 0.00391449 0.0430536
237 0.00356168 0.0381861
237.5 0.00302568 0.0342072
238 0.00493611 0.0308885
238.5 0.00976934 0.027801
239 0.0161321 0.0242686
239.5 0.0217715 0.0196128
240 0.0246415 0.0135542
240.5 0.0235888 0.00651378
241 0.0185822 -0.000400711
241.5 0.0106272 -0.00577217
242 0.00150356 -0.00846661
242.5 -0.00664294 -0.00816307
243 -0.011859 -0.00555557
243.5 -0.0129988 -0.00210933
244 -0.0101653 0.000531835
244.5 -0.00472226 0.00121629
245 0.00121123 -0.000278764
245.5 0.00560052 -0.00324064
246 0.00728027 -0.00642443
246.5 0.00630658 -0.00864613
247 0.00373061 -0.00926781
247.5 0.000959395 -0.00836034
248 -0.000930083 -0.00651736
248.5 -0.00157835 -0.00447553
249 -0.00129701 -0.0027691
249.5 -0.00070641 -0.00158369
250 -0.000319953 -0.000830047
250.5 -0.000308704 -0.000330941
251 -0.000525173 2.27846e-05
251.5 -0.000700989 0.000232307
252 -0.000656681 0.000253799
252.5 -0.000398357 8.48273e-05
253 -7.66132e-05 -0.000201326
253.5 0.000128904 -0.000491897
254 0.000110285 -0.000701052
254.5 -0.000135803 -0.000808767
255 -0.000538823 -0.000844716
255.5 -0.00100722 -0.000837135
256 -0.00146333 -0.000772716
256.5 -0.00184757 -0.00060085
257 -0.00210634 -0.000278209
257.5 -0.00218625 0.000181706
258 -0.00204555 0.000692226
258.5 -0.00167611 0.00112393
259 -0.00111906 0.00136353
259.5 -0.000461876 0.00136643
260 0.000183759 0.0011749
260.5 0.000712325 0.000896123
261 0.00105006 0.000654789
261.5 0.00116768 0.000544063
262 0.00108014 0.000594042
262.5 0.000838355 0.000766465
263 0.000517639 0.000974104
263.5 0.000204234 0.00111626
264 -2.08032e-05 0.00111748
264.5 -0.000100521 0.000955368
265 -2.00685e-05 0.000666416
265.5 0.000183551 0.000327562
266 0.000427394 2.21533e-05
266.5 0.000606612 -0.000193091
267 0.000630755 -0.000304567
267.5 0.000458956 -0.00033594
268 0.000118584 -0.000326714
268.5 -0.000302482 -0.00030925
269 -0.000688387 -0.000296381
269.5 -0.000939345 -0.000283019
270 -0.00100795 -0.000256559
270.5 -0.000912076 -0.000207753
271 -0.000719976 -0.00013662
271.5 -0.000516766 -5.28291e-05
272 -0.000369486 2.73822e-05
272.5 -0.00030685 8.62295e-05
273 -0.000320232 0.000111048
273.5 -0.000380531 0.000101571
274 -0.000458125 7.43067e-05
274.5 -0.00053409 5.94184e-05
275 -0.000598679 8.84673e-05
275.5 -0.000642351 0.000177586
276 -0.000649212 0.000315514
276.5 -0.000600068 0.00046491
277 -0.00048454 0.000577935
277.5 -0.000314267 0.000618019
278 -0.000127222 0.000575458
278.5 2.21212e-05 0.000468456
279 8.35247e-05 0.000330657
279.5 3.25297e-05 0.000194442
280 -0.000118249 8.05066e-05
280.5 -0.000323702 -1.83234e-06
281 -0.000523855 -4.75105e-05
281.5 -0.000665329 -5.00642e-05
282 -0.000716602 -3.22069e-06
282.5 -0.000671735 9.13328e-05
283 -0.000544165 0.000216669
283.5 -0.000356889 0.000340691
284 -0.000135486 0.000425382
284.5 9.36204e-05 0.000440819
285 0.000302062 0.000376486
285.5 0.000460309 0.000244334
286 0.000543281 7.29921e-05
286.5 0.000539371 -0.000102973
287 0.000457717 -0.000253404
287.5 0.000328234 -0.000358808
288 0.000192432 -0.000411741
288.5 8.83719e-05 -0.000414803
289 3.67424e-05 -0.000377333
289.5 3.47415e-05 -0.000312364
290 6.03135e-05 -0.000234391
290.5 8.38593e-05 -0.000157741
291 8.1073e-05 -9.49658e-05
291.5 4.09059e-05 -5.48328e-05
292 -3.37644e-05 -4.01083e-05
292.5 -0.000130901 -4.61664e-05
293 -0.00023535 -6.18368e-05
293.5 -0.000332779 -7.32192e-05
294 -0.000410859 -6.94681e-05
294.5 -0.000459503 -4.78184e-05
295 -0.000472279 -1.4828e-05
295.5 -0.000449281 1.73534e-05
296 -0.000399458 3.78071e-05
296.5 -0.000339658 4.26583e-05
297 -0.000289299 3.61874e-05
297.5 -0.000262635 2.66053e-05
298 -0.000262767 1.95175e-05
298.5 -0.000281124 1.37362e-05
299 -0.000303147 2.42222e-06
299.5 -0.000317088 -2.12917e-05
300 -0.000320837 -5.82582e-05
300.5 -0.00032276 -0.000101178
301 -0.000336197 -0.000137867
301.5 -0.000371093 -0.000157656
302 -0.000427907 -0.000156621
302.5 -0.000497316 -0.000138464
303 -0.000565587 -0.000111039
303.5 -0.000621977 -8.13864e-05
304 -0.000663506 -5.27145e-05
304.5 -0.000694291 -2.49263e-05
305 -0.000720145 2.4186e-06
305.5 -0.000742076 2.73567e-05
306 -0.000752918 4.51273e-05
306.5 -0.000739456 5.0358e-05
307 -0.000689208 4.02394e-05
307.5 -0.000598457 1.6576e-05
308 -0.000477391 -1.45067e-05
308.5 -0.000349594 -4.49135e-05
309 -0.000245613 -6.75912e-05
309.5 -0.000192843 -7.86298e-05
310 -0.000205392 -7.75528e-05
310.5 -0.000277712 -6.59427e-05
311 -0.000384586 -4.54315e-05
311.5 -0.000488017 -1.64282e-05
312 -0.000549123 2.14259e-05
312.5 -0.000541134 6.71071e-05
313 -0.000458682 0.000115614
313.5 -0.000319647 0.000156881
314 -0.000158576 0.000177704
314.5 -1.42949e-05 0.000166616
315 8.30472e-05 0.000119649
315.5 0.000120055 4.38757e-05
316 0.000100401 -4.36716e-05
316.5 3.84956e-05 -0.000121791
317 -4.9127e-05 -0.000173063
317.5 -0.000149746 -0.000190109
318 -0.000255126 -0.000177174
318.5 -0.000358053 -0.000146577
319 -0.00044857 -0.000112241
319.5 -0.000513625 -8.37388e-05
320 -0.000541154 -6.35351e-05
320.5 -0.000526168 -4.80651e-05
321 -0.000474641 -3.12997e-05
321.5 -0.000402125 -8.60243e-06
322 -0.000327237 2.0859e-05
322.5 -0.00026343 5.37471e-05
323 -0.000213558 8.3832e-05
323.5 -0.000170126 0.000104093
324 -0.000120903 0.000108895
324.5 -5.67266e-05 9.57291e-05
325 2.2462e-05 6.61488e-05
325.5 0.000106069 2.56276e-05
326 0.000176132 -1.77148e-05
326.5 0.000213781 -5.52344e-05
327 0.000206319 -8.0073e-05
327.5 0.000152527 -8.88613e-05
328 6.44952e-05 -8.22187e-05
328.5 -3.48627e-05 -6.39326e-05
329 -0.000118322 -3.92315e-05
329.5 -0.000163181 -1.2924e-05
330 -0.000159373 1.17944e-05
330.5 -0.00011336 3.34028e-05
331 -4.55542e-05 5.11102e-05
331.5 1.8212e-05 6.36289e-05
332 5.76144e-05 6.866e-05
332.5 6.60657e-05 6.37499e-05
333 5.22928e-05 4.83088e-05
333.5 3.46924e-05 2.56114e-05
334 3.16691e-05 3.21217e-06
334.5 5.30977e-05 -9.16574e-06
335 9.70448e-05 -3.75645e-06
335.5 0.000152637 2.10663e-05
336 0.00020653 5.89536e-05
336.5 0.000248862 9.74775e-05
337 0.000275635 0.000123142
337.5 0.000287146 0.000127096
338 0.000284597 0.000108691
338.5 0.000267744 7.5193e-05
339 0.000235278 3.80715e-05
339.5 0.000187462 7.98347e-06
340 0.000129039 -9.05825e-06
340.5 7.02868e-05 -1.2859e-05
341 2.52785e-05 -7.68737e-06
341.5 8.00578e-06 3.25645e-07
342 2.79578e-05 5.58426e-06
342.5 8.67944e-05 4.4058e-06
343 0.000177063 -4.63308e-06
343.5 0.000283133 -2.09617e-05
344 0.000384022 -4.25111e-05
344.5 0.000457618 -6.62981e-05
345 0.000485635 -8.90899e-05
345.5 0.000458364 -0.000108083
346 0.000377998 -0.000121437
346.5 0.000259219 -0.000128514
347 0.000126295 -0.000129823
347.5 6.97967e-06 -0.000126739
348 -7.526e-05 -0.000121095
348.5 -0.000108252 -0.000114602
349 -9.48744e-05 -0.000108158
349.5 -5.19329e-05 -0.000101246
350 -4.17444e-06 -9.18605e-05
350.5 2.47604e-05 -7.73176e-05
351 2.12995e-05 -5.58176e-05
351.5 -1.25774e-05 -2.80555e-05
352 -5.96798e-05 2.14249e-06
352.5 -9.39972e-05 2.87967e-05
353 -9.09376e-05 4.61019e-05
353.5 -3.74847e-05 5.09442e-05
354 6.18401e-05 4.42033e-05
354.5 0.000185733 3.00724e-05
355 0.000303349 1.37832e-05
355.5 0.000385065 -9.49644e-07
356 0.000412425 -1.3346e-05
356.5 0.00038346 -2.51722e-05
357 0.00031181 -3.89789e-05
357.5 0.000220776 -5.61251e-05
358 0.000135312 -7.57124e-05
358.5 7.51987e-05 -9.48816e-05
359 5.13968e-05 -0.000110118
359.5 6.56804e-05 -0.000118765
360 0.000112354 -0.000120021
360.5 0.00018059 -0.000115113
361 0.000256624 -0.000106731
361.5 0.000325903 -9.80329e-05
362 0.000375569 -9.15291e-05
362.5 0.000397237 -8.81714e-05
363 0.0003892 -8.69497e-05
363.5 0.00035685 -8.52709e-05
364 0.000310554 -8.01532e-05
364.5 0.00026142 -6.98562e-05
365 0.000216603 -5.51701e-05
365.5 0.000176288 -3.95311e-05
366 0.000133926 -2.75967e-05
366.5 7.98189e-05 -2.2749e-05
367 6.62613e-06 -2.4754e-05
367.5 -8.56233e-05 -2.89669e-05
368 -0.000187297 -2.78187e-05
368.5 -0.000280929 -1.41191e-05
369 -0.000346598 1.53836e-05
369.5 -0.000369022 5.80414e-05
370 -0.000343622 0.000106041
370.5 -0.000279013 0.000149497
371 -0.0001946 0.000180256
371.5 -0.000113852 0.000194419
372 -5.57275e-05 0.000192412
372.5 -2.77446e-05 0.000176951
373 -2.37755e-05 0.000150553
373.5 -2.77618e-05 0.000114393
374 -2.19247e-05 6.93038e-05
374.5 4.14082e-06 1.81106e-05
375 4.77323e-05 -3.25864e-05
375.5 9.35479e-05 -7.29139e-05
376 0.000120495 -9.28705e-05
376.5 0.000111858 -8.67486e-05
377 6.41695e-05 -5.64853e-05
377.5 -9.4613e-06 -1.1979e-05
378 -8.33504e-05 3.20467e-05
378.5 -0.000129023 6.12794e-05
379 -0.000126553 6.6809e-05
379.5 -7.25157e-05 4.78029e-05
380 1.88146e-05 1.10505e-05
380.5 0.000121193 -3.19896e-05
381 0.000206076 -6.91274e-05
381.5 0.000251633 -9.08524e-05
382 0.000247345 -9.23328e-05
382.5 0.000193129 -7.38863e-05
383 9.51197e-05 -4.02862e-05
383.5 -3.81659e-05 6.32874e-07
384 -0.000196359 3.97279e-05
384.5 -0.000364424 6.84407e-05
385 -0.000519493 8.06092e-05
385.5 -0.000631477 7.38884e-05
386 -0.000669789 5.04083e-05
386.5 -0.00061459 1.63687e-05
387 -0.000467375 -1.94999e-05
387.5 -0.000254784 -4.83167e-05
388 -2.2294e-05 -6.36156e-05
388.5 0.000180424 -6.32149e-05
389 0.000316138 -4.96142e-05
389.5 0.000371043 -2.86365e-05
390 0.000355356 -6.7806e-06
390.5 0.000294212 1.1572e-05
391 0.000214418 2.57648e-05
391.5 0.000134127 3.84537e-05
392 6.00599e-05 5.33531e-05
392.5 -7.88284e-06 7.23212e-05
393 -6.89033e-05 9.33627e-05
393.5 -0.000115926 0.000110653
394 -0.000135888 0.000116597
394.5 -0.000115272 0.000104859
395 -4.74343e-05 7.28941e-05
395.5 6.23024e-05 2.29467e-05
396 0.000196196 -3.8581e-05
396.5 0.000328064 -0.000102694
397 0.000429718 -0.000159463
397.5 0.000477584 -0.000199395
398 0.000458056 -0.000214762
398.5 0.000370946 -0.000201254
399 0.000230597 -0.000159848
399.5 6.39308e-05 -9.8027e-05
400 -9.51559e-05 -2.91005e-05
400.5 -0.000214537 3.10259e-05
401 -0.000273348 6.89518e-05
401.5 -0.000268488 7.87275e-05
402 -0.000214785 6.42019e-05
402.5 -0.000138066 3.73292e-05
403 -6.39131e-05 1.29712e-05
403.5 -7.49252e-06 2.5993e-06
404 3.04577e-05 9.89666e-06
404.5 5.95478e-05 3.01976e-05
405 9.02056e-05 5.35775e-05
405.5 0.000124508 6.95335e-05
406 0.000153026 7.06978e-05
406.5 0.000159737 5.41153e-05
407 0.000132143 2.04512e-05
407.5 7.04023e-05 -2.7261e-05
408 -1.02395e-05 -8.39158e-05
408.5 -8.54802e-05 -0.00014167
409 -0.000133085 -0.000189753
409.5 -0.000142648 -0.000216402
410 -0.000118436 -0.000213182
410.5 -7.40926e-05 -0.000179825
411 -2.30631e-05 -0.000126482
411.5 2.88916e-05 -7.1056e-05
412 8.42722e-05 -3.19344e-05
412.5 0.000147463 -1.94015e-05
413 0.000216155 -3.03207e-05
413.5 0.000277049 -4.93031e-05
414 0.000309716 -5.61405e-05
414.5 0.00029716 -3.57984e-05
415 0.000236933 1.41754e-05
415.5 0.00014571 8.25019e-05
416 5.37441e-05 0.000149499
416.5 -8.4198e-06 0.000195753
417 -2.39738e-05 0.000209639
417.5 2.94429e-06 0.00019043
418 5.04888e-05 0.000146488
418.5 9.05163e-05 9.05597e-05
419 0.0001016 3.50642e-05
419.5 7.68733e-05 -1.06711e-05
420 2.36231e-05 -4.10518e-05
420.5 -4.3427e-05 -5.38313e-05
421 -0.000110064 -4.98639e-05
421.5 -0.000167128 -3.32523e-05
422 -0.000210275 -1.1182e-05
422.5 -0.000237139 7.4567e-06
423 -0.000245409 1.4811e-05
423.5 -0.000233819 7.21539e-06
424 -0.000205087 -1.28566e-05
424.5 -0.000167786 -3.73083e-05
425 -0.000134649 -5.55019e-05
425.5 -0.000117389 -5.8676e-05
426 -0.000120905 -4.37312e-05
426.5 -0.000140549 -1.46566e-05
427 -0.000164355 1.90491e-05
427.5 -0.000178987 4.62649e-05
428 -0.000175873 5.87519e-05
428.5 -0.000154054 5.43637e-05
429 -0.000118669 3.76456e-05
429.5 -7.67795e-05 1.76295e-05
430 -3.36914e-05 3.81354e-06
430.5 7.99511e-06 2.07514e-06
431 4.66996e-05 1.22865e-05
431.5 7.95886e-05 2.86502e-05
432 0.000101985 4.25469e-05
432.5 0.000109182 4.65261e-05
433 9.93884e-05 3.75285e-05
433.5 7.55879e-05 1.78107e-05
434 4.48863e-05 -6.79272e-06
434.5 1.57063e-05 -3.02528e-05
435 -5.38523e-06 -4.94822e-05
435.5 -1.53953e-05 -6.54633e-05
436 -1.45907e-05 -8.17192e-05
436.5 -5.03466e-06 -0.000100999
437 1.0587e-05 -0.000122141
437.5 2.9097e-05 -0.000139097
438 4.6389e-05 -0.000142997
438.5 5.75701e-05 -0.000126454
439 5.83634e-05 -8.79619e-05
439.5 4.71994e-05 -3.40013e-05
440 2.64758e-05 2.25137e-05
440.5 1.67535e-06 6.70111e-05
441 -2.15856e-05 8.91612e-05
441.5 -4.09187e-05 8.71485e-05
442 -5.86721e-05 6.82485e-05
442.5 -8.02798e-05 4.53609e-05
443 -0.000110124 3.10594e-05
443.5 -0.000147317 3.19029e-05
444 -0.000184109 4.56481e-05
444.5 -0.000208265 6.26575e-05
445 -0.000208461 7.0826e-05
445.5 -0.000180008 6.1688e-05
446 -0.000127914 3.47854e-05
446.5 -6.56792e-05 -1.81342e-06
447 -1.03786e-05 -3.51234e-05
447.5 2.36698e-05 -5.32547e-05
448 2.98424e-05 -5.09157e-05
448.5 1.08295e-05 -3.17298e-05
449 -2.33644e-05 -6.27429e-06
449.5 -5.98166e-05 1.31048e-05
450 -8.7499e-05 1.80413e-05
450.5 -0.00010069 7.58725e-06
451 -9.99885e-05 -1.22458e-05
451.5 -9.09433e-05 -3.23326e-05
452 -8.11325e-05 -4.54128e-05
452.5 -7.69078e-05 -4.94862e-05
453 -8.09763e-05 -4.79547e-05
453.5 -9.15806e-05 -4.67385e-05
454 -0.000103433 -5.02484e-05
454.5 -0.00010995 -5.85895e-05
455 -0.000105894 -6.74933e-05
455.5 -8.94422e-05 -7.08195e-05
456 -6.29428e-05 -6.40312e-05
456.5 -3.21442e-05 -4.66272e-05
457 -4.23244e-06 -2.22707e-05
457.5 1.45763e-05 3.24294e-06
458 2.10449e-05 2.48442e-05
458.5 1.58699e-05 4.02149e-05
459 3.31361e-06 4.99738e-05
459.5 -1.03145e-05 5.61821e-05
460 -1.87982e-05 6.02944e-05
460.5 -1.80562e-05 6.18986e-05
461 -7.39823e-06 5.89972e-05
461.5 1.0437e-05 4.95692e-05
462 3.04629e-05 3.3358e-05
462.5 4.73816e-05 1.26976e-05
463 5.74999e-05 -8.20061e-06
463.5 5.98497e-05 -2.51325e-05
464 5.60929e-05 -3.58636e-05
464.5 4.9357e-05 -4.10197e-05
465 4.26414e-05 -4.33918e-05
465.5 3.75972e-05 -4.60893e-05
466 3.42208e-05 -5.06507e-05
466.5 3.14659e-05 -5.62197e-05
467 2.82757e-05 -6.02312e-05
467.5 2.43652e-05 -6.01286e-05
468 2.03155e-05 -5.50344e-05
468.5 1.70159e-05 -4.63684e-05
469 1.48975e-05 -3.70809e-05
469.5 1.34968e-05 -3.00109e-05
470 1.16352e-05 -2.63619e-05
470.5 8.08769e-06 -2.51525e-05
471 2.31808e-06 -2.38694e-05
471.5 -5.15853e-06 -1.98573e-05
472 -1.29726e-05 -1.16366e-05
472.5 -1.95103e-05 4.97888e-07
473 -2.35829e-05 1.47508e-05
473.5 -2.48239e-05 2.8646e-05
474 -2.3675e-05 3.98832e-05
474.5 -2.1055e-05 4.68677e-05
475 -1.79362e-05 4.88558e-05
475.5 -1.50382e-05 4.58787e-05
476 -1.27411e-05 3.86305e-05
476.5 -1.11821e-05 2.83729e-05
477 -1.04255e-05 1.67768e-05
477.5 -1.05817e-05 5.61313e-06
478 -1.18021e-05 -3.67865e-06
478.5 -1.41528e-05 -1.03781e-05
479 -1.74447e-05 -1.46196e-05
479.5 -2.11295e-05 -1.71739e-05
480 -2.43557e-05 -1.89578e-05
480.5 -2.61972e-05 -2.05131e-05
481 -2.59727e-05 -2.17203e-05
481.5 -2.35134e-05 -2.18964e-05
482 -1.92499e-05 -2.02259e-05
482.5 -1.40757e-05 -1.63034e-05
483 -9.05582e-06 -1.05044e-05
483.5 -5.10717e-06 -3.98395e-06
484 -2.76667e-06 1.71678e-06
484.5 -2.09092e-06 5.28312e-06
485 -2.67035e-06 6.17768e-06
485.5 -3.72545e-06 4.87173e-06
486 -4.28049e-06 2.64868e-06
486.5 -3.42701e-06 1.06813e-06
487 -6.5469e-07 1.32907e-06
487.5 3.85268e-06 3.80348e-06
488 9.116e-06 7.91965e-06
488.5 1.35806e-05 1.24119e-05
489 1.56426e-05 1.58048e-05
489.5 1.42921e-05 1.69266e-05
490 9.58047e-06 1.52696e-05
490.5 2.67397e-06 1.10973e-05
491 -4.55259e-06 5.30036e-06
491.5 -1.02053e-05 -9.19425e-07
492 -1.30346e-05 -6.41876e-06
492.5 -1.28001e-05 -1.04189e-05
493 -1.02277e-05 -1.26617e-05
493.5 -6.64604e-06 -1.33848e-05
494 -3.50118e-06 -1.31482e-05
494.5 -1.94245e-06 -1.25911e-05
495 -2.57906e-06 -1.2214e-05
495.5 -5.40511e-06 -1.22514e-05
496 -9.84299e-06 -1.26556e-05
496.5 -1.48681e-05 -1.31648e-05
497 -1.92126e-05 -1.34128e-05
497.5 -2.16525e-05 -1.30435e-05
498 -2.13458e-05 -1.18103e-05
498.5 -1.81244e-05 -9.64663e-06
499 -1.26156e-05 -6.68965e-06
499.5 -6.10081e-06 -3.24595e-06
500 -1.23696e-07 2.96164e-07
