-1.998 3.82868e-05 -4.40595e-06
-1.996 0.000147871 -1.44992e-05
-1.994 0.000321544 -2.75305e-05
-1.992 0.000553207 -4.47134e-05
-1.99 0.000839868 -7.15709e-05
-1.988 0.0011818 -0.000116517
-1.986 0.00158265 -0.000188505
-1.984 0.00204973 -0.000295573
-1.982 0.00258984 -0.000442892
-1.98 0.00321181 -0.000631231
-1.978 0.00391838 -0.00085778
-1.976 0.00470002 -0.00110763
-1.974 0.00554154 -0.0013646
-1.972 0.00641655 -0.00162048
-1.97 0.00731247 -0.00186743
-1.968 0.00823534 -0.00211436
-1.966 0.00918525 -0.00238354
-1.964 0.0101696 -0.00269762
-1.962 0.0112049 -0.00310014
-1.96 0.0123281 -0.00363751
-1.958 0.0135873 -0.00434115
-1.956 0.0149918 -0.00524399
-1.954 0.0165317 -0.00632454
-1.952 0.0181851 -0.00753486
-1.95 0.0199508 -0.00884759
-1.948 0.0218564 -0.0101859
-1.946 0.0238953 -0.0114329
-1.944 0.0260762 -0.0124847
-1.942 0.0284597 -0.0132627
-1.94 0.0311243 -0.0137464
-1.938 0.0341197 -0.0139279
-1.936 0.0374261 -0.0138476
-1.934 0.0409662 -0.0136628
-1.932 0.0447326 -0.0135034
-1.93 0.0487054 -0.0134557
-1.928 0.0528059 -0.0136235
-1.926 0.0569368 -0.0140437
-1.924 0.0609835 -0.0146869
-1.922 0.0649869 -0.0154134
-1.92 0.069078 -0.0160317
-1.918 0.0733052 -0.0164885
-1.916 0.0778064 -0.0167186
-1.914 0.0827383 -0.0165678
-1.912 0.0881439 -0.016
-1.91 0.09409 -0.0151769
-1.908 0.100487 -0.0143572
-1.906 0.107048 -0.0137685
-1.904 0.113486 -0.0135852
-1.902 0.119373 -0.0139842
-1.9 0.124449 -0.0150729
-1.898 0.128637 -0.0167973
-1.896 0.13169 -0.0190121
-1.894 0.133471 -0.0215313
-1.892 0.134258 -0.0240571
-1.89 0.134496 -0.026427
-1.888 0.134625 -0.0286433
-1.886 0.134774 -0.0307813
-1.884 0.135028 -0.032952
-1.882 0.135649 -0.0353474
-1.88 0.13666 -0.0382426
-1.878 0.137625 -0.0417788
-1.876 0.137865 -0.0458739
-1.874 0.136861 -0.0503496
-1.872 0.134499 -0.0550642
-1.87 0.130927 -0.0596719
-1.868 0.126386 -0.0636208
-1.866 0.121187 -0.0664741
-1.864 0.115806 -0.0679743
-1.862 0.110855 -0.0680713
-1.86 0.107053 -0.0669862
-1.858 0.104897 -0.0649814
-1.856 0.104572 -0.062467
-1.854 0.106283 -0.0600324
-1.852 0.110346 -0.0582903
-1.85 0.116736 -0.0577649
-1.848 0.125059 -0.058922
-1.846 0.135239 -0.0618631
-1.844 0.147357 -0.0663864
-1.842 0.161204 -0.0724067
-1.84 0.17628 -0.0796856
-1.838 0.192152 -0.0879445
-1.836 0.208403 -0.0966927
-1.834 0.224222 -0.105001
-1.832 0.238418 -0.112493
-1.83 0.249661 -0.11915
-1.828 0.257069 -0.12464
-1.826 0.260276 -0.128868
-1.824 0.259175 -0.131744
-1.822 0.254022 -0.133118
-1.82 0.245476 -0.133359
-1.818 0.234583 -0.13275
-1.816 0.222756 -0.131572
-1.814 0.211729 -0.130603
-1.812 0.203114 -0.130115
-1.81 0.198055 -0.130096
-1.808 0.197133 -0.130804
-1.806 0.20064 -0.132048
-1.804 0.20824 -0.133409
-1.802 0.218734 -0.134677
-1.8 0.231272 -0.135562
-1.798 0.24534 -0.135743
-1.796 0.260026 -0.135123
-1.794 0.274764 -0.133631
-1.792 0.289578 -0.131138
-1.79 0.304743 -0.127606
-1.788 0.320253 -0.123406
-1.786 0.335966 -0.118848
-1.784 0.351701 -0.114001
-1.782 0.366947 -0.108931
-1.78 0.380777 -0.103991
-1.778 0.392434 -0.0989028
-1.776 0.401971 -0.093035
-1.774 0.409159 -0.0861642
-1.772 0.413592 -0.0785004
-1.77 0.41614 -0.0703246
-1.768 0.418523 -0.0619733
-1.766 0.422136 -0.0544557
-1.764 0.427829 -0.049042
-1.762 0.435548 -0.0468794
-1.76 0.44514 -0.0485195
-1.758 0.456251 -0.054109
-1.756 0.466807 -0.0636967
-1.754 0.474727 -0.0767106
-1.752 0.478709 -0.0920513
-1.75 0.47749 -0.108398
-1.748 0.47044 -0.124202
-1.746 0.458042 -0.138208
-1.744 0.442005 -0.149839
-1.742 0.425046 -0.158483
-1.74 0.409453 -0.163804
-1.738 0.397528 -0.166062
-1.736 0.391612 -0.166417
-1.734 0.392236 -0.165698
-1.732 0.399717 -0.16386
-1.73 0.413993 -0.161631
-1.728 0.433296 -0.159629
-1.726 0.455313 -0.157769
-1.724 0.477629 -0.155101
-1.722 0.498497 -0.150482
-1.72 0.516263 -0.144257
-1.718 0.529595 -0.137452
-1.716 0.538642 -0.130704
-1.714 0.544535 -0.125132
-1.712 0.548796 -0.121939
-1.71 0.553823 -0.123068
-1.708 0.561735 -0.130239
-1.706 0.574562 -0.142998
-1.704 0.594501 -0.159341
-1.702 0.621889 -0.177547
-1.7 0.655665 -0.195803
-1.698 0.693793 -0.21163
-1.696 0.73341 -0.222312
-1.694 0.772456 -0.225253
-1.692 0.807345 -0.21949
-1.69 0.835115 -0.205718
-1.688 0.856297 -0.186098
-1.686 0.872396 -0.164518
-1.684 0.886328 -0.14469
-1.682 0.901813 -0.129741
-1.68 0.922435 -0.122843
-1.678 0.952554 -0.12576
-1.676 0.99368 -0.138576
-1.674 1.04557 -0.158732
-1.672 1.10652 -0.182961
-1.67 1.17047 -0.209353
-1.668 1.23114 -0.234854
-1.666 1.2839 -0.256105
-1.664 1.3263 -0.27069
-1.662 1.35682 -0.276871
-1.66 1.37372 -0.274419
-1.658 1.37926 -0.263712
-1.656 1.3793 -0.244892
-1.654 1.37943 -0.219704
-1.652 1.38404 -0.189888
-1.65 1.39477 -0.157205
-1.648 1.41079 -0.123582
-1.646 1.43079 -0.0903125
-1.644 1.45258 -0.0585251
-1.642 1.47201 -0.0284778
-1.64 1.48282 -0.00022539
-1.638 1.48003 0.025539
-1.636 1.46445 0.0488745
-1.634 1.43788 0.071454
-1.632 1.40038 0.0948771
-1.63 1.35311 0.118744
-1.628 1.29976 0.14253
-1.626 1.24456 0.166336
-1.624 1.18999 0.189157
-1.622 1.13551 0.207992
-1.62 1.08168 0.219313
-1.618 1.03089 0.220494
-1.616 0.983648 0.21191
-1.614 0.939674 0.195129
-1.612 0.897833 0.170503
-1.61 0.857872 0.140001
-1.608 0.824418 0.106991
-1.606 0.798895 0.074817
-1.604 0.780179 0.0462608
-1.602 0.769345 0.0224787
-1.6 0.767832 0.00376925
-1.598 0.776466 -0.00937992
-1.596 0.795123 -0.0179534
-1.594 0.822593 -0.0248652
-1.592 0.861807 -0.0325789
-1.59 0.91458 -0.0440368
-1.588 0.978172 -0.0622309
-1.586 1.05218 -0.0870872
-1.584 1.13549 -0.118745
-1.582 1.22533 -0.156941
-1.58 1.31924 -0.198457
-1.578 1.41352 -0.240411
-1.576 1.5052 -0.278693
-1.574 1.59185 -0.309056
-1.572 1.67042 -0.331532
-1.57 1.74163 -0.345237
-1.568 1.80817 -0.349286
-1.566 1.8706 -0.34593
-1.564 1.92914 -0.336861
-1.562 1.98486 -0.325013
-1.56 2.03946 -0.313795
-1.558 2.09276 -0.304877
-1.556 2.14331 -0.300042
-1.554 2.1903 -0.300244
-1.552 2.23052 -0.305113
-1.55 2.26145 -0.313235
-1.548 2.28261 -0.321811
-1.546 2.29516 -0.328103
-1.544 2.30196 -0.33152
-1.542 2.30654 -0.333014
-1.54 2.31084 -0.331686
-1.538 2.31578 -0.32777
-1.536 2.32253 -0.322598
-1.534 2.33052 -0.315288
-1.532 2.3371 -0.304267
-1.53 2.33798 -0.286517
-1.528 2.32628 -0.259787
-1.526 2.29959 -0.224943
-1.524 2.25938 -0.17952
-1.522 2.20634 -0.122548
-1.52 2.13988 -0.0582096
-1.518 2.06161 0.0106359
-1.516 1.97953 0.0809525
-1.514 1.90607 0.148297
-1.512 1.85016 0.208673
-1.51 1.81626 0.258792
-1.508 1.80863 0.298271
-1.506 1.83296 0.3292
-1.504 1.88926 0.352357
-1.502 1.97189 0.367724
-1.5 2.07072 0.378909
-1.498 2.17465 0.388772
-1.496 2.27792 0.398526
-1.494 2.37482 0.409519
-1.492 2.45444 0.417502
-1.49 2.51177 0.418992
-1.488 2.55209 0.412865
-1.486 2.57865 0.393974
-1.484 2.59361 0.360729
-1.482 2.60004 0.315077
-1.48 2.60099 0.257652
-1.478 2.59907 0.191171
-1.476 2.5872 0.116115
-1.474 2.56183 0.0345486
-1.472 2.52863 -0.04823
-1.47 2.48685 -0.133092
-1.468 2.43309 -0.222238
-1.466 2.37177 -0.314304
-1.464 2.3125 -0.410676
-1.462 2.26856 -0.510323
-1.46 2.2516 -0.61394
-1.458 2.26523 -0.723367
-1.456 2.31561 -0.83429
-1.454 2.407 -0.943617
-1.452 2.53684 -1.04753
-1.45 2.70277 -1.13945
-1.448 2.89745 -1.21858
-1.446 3.11443 -1.28148
-1.444 3.34929 -1.32344
-1.442 3.59711 -1.34454
-1.44 3.85875 -1.34305
-1.438 4.13169 -1.31945
-1.436 4.40307 -1.27643
-1.434 4.6667 -1.2109
-1.432 4.91936 -1.12329
-1.43 5.15007 -1.01977
-1.428 5.3496 -0.902365
-1.426 5.50723 -0.776392
-1.424 5.61834 -0.646571
-1.422 5.68672 -0.516762
-1.42 5.71509 -0.395713
-1.418 5.7084 -0.286225
-1.416 5.67803 -0.189691
-1.414 5.63361 -0.111605
-1.412 5.57979 -0.0517645
-1.41 5.52266 -0.00807512
-1.408 5.46673 0.0239944
-1.406 5.41103 0.0516115
-1.404 5.34778 0.0789588
-1.402 5.26651 0.111519
-1.4 5.16365 0.155599
-1.398 5.03643 0.211544
-1.396 4.87787 0.278417
-1.394 4.6893 0.355846
-1.392 4.48244 0.440597
-1.39 4.27053 0.526157
-1.388 4.06494 0.603286
-1.386 3.87127 0.664537
-1.384 3.69832 0.704467
-1.382 3.55565 0.721077
-1.38 3.44276 0.713997
-1.378 3.35268 0.684361
-1.376 3.28115 0.636531
-1.374 3.22455 0.576596
-1.372 3.17637 0.510799
-1.37 3.12945 0.44632
-1.368 3.08064 0.388923
-1.366 3.03086 0.339599
-1.364 2.98708 0.296993
-1.362 2.95955 0.259269
-1.36 2.95919 0.221345
-1.358 2.99777 0.176637
-1.356 3.0831 0.115949
-1.354 3.21906 0.0333203
-1.352 3.40563 -0.0707341
-1.35 3.62824 -0.19354
-1.348 3.86203 -0.333622
-1.346 4.09211 -0.490192
-1.344 4.30825 -0.660404
-1.342 4.4942 -0.838967
-1.34 4.63321 -1.01887
-1.338 4.7233 -1.19729
-1.336 4.78455 -1.36968
-1.334 4.83856 -1.52673
-1.332 4.90121 -1.6618
-1.33 4.98748 -1.76898
-1.328 5.11433 -1.84519
-1.326 5.28804 -1.89241
-1.324 5.49804 -1.91318
-1.322 5.72046 -1.91566
-1.32 5.91664 -1.91115
-1.318 6.05115 -1.90828
-1.316 6.09541 -1.91634
-1.314 6.02613 -1.94282
-1.312 5.83102 -1.99219
-1.31 5.51908 -2.06314
-1.308 5.12277 -2.14059
-1.306 4.68867 -2.20569
-1.304 4.26356 -2.24482
-1.302 3.89236 -2.2458
-1.3 3.62035 -2.20064
-1.298 3.47909 -2.10778
-1.296 3.47161 -1.97481
-1.294 3.58028 -1.81432
-1.292 3.77049 -1.6414
-1.29 3.99674 -1.47583
-1.288 4.21268 -1.33374
-1.286 4.37675 -1.2226
-1.284 4.46203 -1.14178
-1.282 4.45888 -1.08232
-1.28 4.37721 -1.03549
-1.278 4.24414 -0.986322
-1.276 4.09181 -0.916715
-1.274 3.95638 -0.822111
-1.272 3.87726 -0.704515
-1.27 3.88742 -0.567877
-1.268 3.99072 -0.427974
-1.266 4.17098 -0.300919
-1.264 4.40825 -0.201766
-1.262 4.67927 -0.141948
-1.26 4.95471 -0.124157
-1.258 5.20305 -0.151219
-1.256 5.40036 -0.218479
-1.254 5.53616 -0.302638
-1.252 5.61059 -0.382331
-1.25 5.63659 -0.441468
-1.248 5.62941 -0.461706
-1.246 5.60017 -0.431299
-1.244 5.56216 -0.343938
-1.242 5.52469 -0.205
-1.24 5.48266 -0.0322172
-1.238 5.41694 0.15514
-1.236 5.30686 0.33471
-1.234 5.14427 0.487818
-1.232 4.92708 0.598132
-1.23 4.65415 0.650478
-1.228 4.33637 0.637258
-1.226 3.99968 0.556447
-1.224 3.68005 0.413686
-1.222 3.41272 0.22134
-1.22 3.22596 -0.00941879
-1.218 3.14142 -0.264244
-1.216 3.16699 -0.529471
-1.214 3.29994 -0.794449
-1.212 3.52867 -1.0484
-1.21 3.82863 -1.28839
-1.208 4.16388 -1.51635
-1.206 4.49639 -1.73353
-1.204 4.79605 -1.94238
-1.202 5.04751 -2.1382
-1.2 5.23681 -2.31791
-1.198 5.35573 -2.48107
-1.196 5.40833 -2.62109
-1.194 5.40746 -2.72507
-1.192 5.36954 -2.78043
-1.19 5.30074 -2.78349
-1.188 5.21267 -2.73632
-1.186 5.13004 -2.64023
-1.184 5.06859 -2.5016
-1.182 5.03259 -2.33676
-1.18 5.0376 -2.16713
-1.178 5.10779 -2.01338
-1.176 5.25958 -1.89259
-1.174 5.48802 -1.82538
-1.172 5.77854 -1.8283
-1.17 6.11792 -1.89879
-1.168 6.48486 -2.01965
-1.166 6.84656 -2.16906
-1.164 7.16768 -2.31982
-1.162 7.41512 -2.43347
-1.16 7.57892 -2.4678
-1.158 7.66345 -2.38471
-1.156 7.67501 -2.16595
-1.154 7.63449 -1.80766
-1.152 7.57314 -1.31535
-1.15 7.52156 -0.714315
-1.148 7.50912 -0.0471474
-1.146 7.54771 0.630977
-1.144 7.63406 1.25877
-1.142 7.76407 1.78786
-1.14 7.91371 2.18281
-1.138 8.04481 2.42132
-1.136 8.12545 2.50739
-1.134 8.13178 2.45814
-1.132 8.05462 2.3025
-1.13 7.89666 2.08589
-1.128 7.65996 1.8455
-1.126 7.36 1.61099
-1.124 7.01883 1.40569
-1.122 6.65414 1.23414
-1.12 6.2909 1.09897
-1.118 5.94645 0.996531
-1.116 5.62679 0.905062
-1.114 5.33797 0.807107
-1.112 5.08753 0.68887
-1.11 4.8798 0.540167
-1.108 4.71479 0.364793
-1.106 4.58371 0.164362
-1.104 4.4755 -0.0588813
-1.102 4.38006 -0.297069
-1.1 4.28772 -0.547729
-1.098 4.18239 -0.796954
-1.096 4.0531 -1.02767
-1.094 3.89322 -1.23371
-1.092 3.70541 -1.41174
-1.09 3.5132 -1.56041
-1.088 3.34686 -1.67878
-1.086 3.23555 -1.77247
-1.084 3.2136 -1.85417
-1.082 3.31301 -1.9377
-1.08 3.55332 -2.03939
-1.078 3.9364 -2.17127
-1.076 4.43968 -2.33828
-1.074 5.02995 -2.53768
-1.072 5.65968 -2.74911
-1.07 6.27552 -2.94273
-1.068 6.8403 -3.085
-1.066 7.32587 -3.14705
-1.064 7.71765 -3.1101
-1.062 8.0249 -2.9573
-1.06 8.26609 -2.69466
-1.058 8.45913 -2.36121
-1.056 8.62459 -2.00467
-1.054 8.78266 -1.67798
-1.052 8.94445 -1.43107
-1.05 9.10604 -1.29873
-1.048 9.2375 -1.30881
-1.046 9.31983 -1.45703
-1.044 9.35101 -1.70033
-1.042 9.31255 -1.98436
-1.04 9.19285 -2.24326
-1.038 8.98513 -2.41262
-1.036 8.6902 -2.43425
-1.034 8.32107 -2.26053
-1.032 7.86251 -1.88373
-1.03 7.29045 -1.33159
-1.028 6.60697 -0.649032
-1.026 5.83293 0.0919342
-1.024 4.99453 0.808095
-1.022 4.10614 1.41993
-1.02 3.19141 1.86011
-1.018 2.31448 2.08727
-1.016 1.54875 2.0862
-1.014 0.944439 1.87655
-1.012 0.533084 1.51557
-1.01 0.324379 1.08022
-1.008 0.299464 0.65003
-1.006 0.418015 0.307344
-1.004 0.615698 0.122648
-1.002 0.822091 0.139441
-1 0.969611 0.362014
-0.998 1.0142 0.751951
-0.996 0.964368 1.24366
-0.994 0.858835 1.76369
-0.992 0.745565 2.2234
-0.99 0.701403 2.5344
-0.988 0.825001 2.6297
-0.986 1.19255 2.47279
-0.984 1.82835 2.07388
-0.982 2.71179 1.47556
-0.98 3.79558 0.73963
-0.978 4.99206 -0.0607418
-0.976 6.18052 -0.844125
-0.974 7.24503 -1.52846
-0.972 8.10674 -2.04805
-0.97 8.72711 -2.37091
-0.968 9.10074 -2.50535
-0.966 9.25934 -2.48049
-0.964 9.26334 -2.33962
-0.962 9.1861 -2.15499
-0.96 9.1072 -2.00355
-0.958 9.09078 -1.94825
-0.956 9.17939 -2.03695
-0.954 9.39494 -2.28274
-0.952 9.72915 -2.66622
-0.95 10.1656 -3.14343
-0.948 10.6799 -3.64503
-0.946 11.2313 -4.09225
-0.944 11.7733 -4.4113
-0.942 12.2564 -4.5322
-0.94 12.6356 -4.41756
-0.938 12.8679 -4.0761
-0.936 12.9144 -3.54432
-0.934 12.7721 -2.88609
-0.932 12.4809 -2.1832
-0.93 12.0897 -1.52269
-0.928 11.6705 -0.984261
-0.926 11.3188 -0.606616
-0.924 11.1202 -0.385989
-0.922 11.1293 -0.29796
-0.92 11.3331 -0.28692
-0.918 11.6647 -0.273089
-0.916 12.0204 -0.182888
-0.914 12.2407 0.0426101
-0.912 12.1588 0.43824
-0.91 11.6557 1.00163
-0.908 10.6824 1.70595
-0.906 9.28644 2.50818
-0.904 7.60016 3.34004
-0.902 5.8172 4.1352
-0.9 4.18465 4.8402
-0.898 2.92357 5.40783
-0.896 2.17668 5.80877
-0.894 2.01086 6.01364
-0.892 2.36496 6.00765
-0.89 3.07351 5.79619
-0.888 3.92563 5.37549
-0.886 4.68224 4.74265
-0.884 5.11844 3.90907
-0.882 5.08471 2.90114
-0.88 4.53847 1.77116
-0.878 3.57678 0.575268
-0.876 2.38602 -0.62878
-0.874 1.18237 -1.76768
-0.872 0.207862 -2.77511
-0.87 -0.31733 -3.60481
-0.868 -0.246817 -4.24062
-0.866 0.45411 -4.70437
-0.864 1.70475 -5.04269
-0.862 3.35622 -5.31759
-0.86 5.21754 -5.59884
-0.858 7.06947 -5.94247
-0.856 8.70509 -6.37773
-0.854 9.97172 -6.90137
-0.852 10.7993 -7.47336
-0.85 11.2042 -8.01995
-0.848 11.2611 -8.45459
-0.846 11.0799 -8.70203
-0.844 10.7964 -8.70747
-0.842 10.5632 -8.44774
-0.84 10.4999 -7.96266
-0.838 10.6411 -7.33987
-0.836 10.9538 -6.68913
-0.834 11.3801 -6.13129
-0.832 11.8344 -5.77065
-0.83 12.2038 -5.6767
-0.828 12.3828 -5.86029
-0.826 12.3238 -6.25577
-0.824 12.0406 -6.74703
-0.822 11.5867 -7.18451
-0.82 11.0563 -7.40132
-0.818 10.5643 -7.25414
-0.816 10.2211 -6.66583
-0.814 10.0938 -5.63525
-0.812 10.2 -4.21796
-0.81 10.5141 -2.54133
-0.808 10.9618 -0.799762
-0.806 11.4329 0.787339
-0.804 11.8091 2.03019
-0.802 12.0042 2.80755
-0.8 11.9825 3.0706
-0.798 11.7432 2.84326
-0.796 11.3043 2.23217
-0.794 10.7061 1.41296
-0.792 10.0047 0.598543
-0.79 9.23365 0.00736614
-0.788 8.39099 -0.186266
-0.786 7.46006 0.126787
-0.784 6.43788 0.985908
-0.782 5.33871 2.33612
-0.78 4.17161 4.02677
-0.778 2.96074 5.8422
-0.776 1.77899 7.53455
-0.774 0.708918 8.84959
-0.772 -0.178215 9.56415
-0.77 -0.810895 9.52508
-0.768 -1.16132 8.67462
-0.766 -1.23774 7.05719
-0.764 -1.06075 4.81777
-0.762 -0.666231 2.18001
-0.76 -0.110338 -0.579555
-0.758 0.522687 -3.16662
-0.756 1.13265 -5.32409
-0.754 1.66867 -6.86355
-0.752 2.12365 -7.68301
-0.75 2.46713 -7.80146
-0.748 2.69375 -7.34734
-0.746 2.85719 -6.52195
-0.744 3.02688 -5.57918
-0.742 3.27676 -4.78241
-0.74 3.68629 -4.36463
-0.738 4.32567 -4.48614
-0.736 5.26098 -5.19961
-0.734 6.49492 -6.47183
-0.732 7.97178 -8.18642
-0.73 9.6305 -10.1405
-0.728 11.3646 -12.0945
-0.726 13.0135 -13.8145
-0.724 14.4248 -15.1065
-0.722 15.4767 -15.8389
-0.72 16.1027 -15.9584
-0.718 16.2903 -15.5037
-0.716 16.0629 -14.596
-0.714 15.4973 -13.4088
-0.712 14.6892 -12.1438
-0.71 13.7421 -10.9988
-0.708 12.7629 -10.1231
-0.706 11.8341 -9.58417
-0.704 11.0067 -9.35878
-0.702 10.284 -9.35225
-0.7 9.6468 -9.41894
-0.698 9.07603 -9.37338
-0.696 8.53324 -9.03295
-0.694 7.96654 -8.26781
-0.692 7.33163 -7.02544
-0.69 6.60862 -5.33035
-0.688 5.82031 -3.28106
-0.686 4.99971 -1.04733
-0.684 4.16579 1.1617
-0.682 3.37797 3.14591
-0.68 2.73095 4.73434
-0.678 2.30133 5.80833
-0.676 2.15784 6.31826
-0.674 2.35543 6.28179
-0.672 2.9275 5.78621
-0.67 3.86388 4.96152
-0.668 5.09355 3.96434
-0.666 6.53499 2.98262
-0.664 8.11738 2.19909
-0.662 9.73983 1.76831
-0.66 11.2827 1.80661
-0.658 12.6567 2.3682
-0.656 13.7923 3.4326
-0.654 14.6242 4.90554
-0.652 15.1031 6.62569
-0.65 15.21 8.37288
-0.648 14.9522 9.89151
-0.646 14.3755 10.9212
-0.644 13.5675 11.2542
-0.642 12.6568 10.7636
-0.64 11.7963 9.41941
-0.638 11.1391 7.31523
-0.636 10.8083 4.65277
-0.634 10.8679 1.70597
-0.632 11.3001 -1.20727
-0.63 12.0085 -3.77333
-0.628 12.8149 -5.72967
-0.626 13.4872 -6.90665
-0.624 13.8031 -7.24646
-0.622 13.5929 -6.78807
-0.62 12.7405 -5.68139
-0.618 11.229 -4.15248
-0.616 9.15986 -2.45257
-0.614 6.72659 -0.839406
-0.612 4.17002 0.450749
-0.61 1.76349 1.23272
-0.608 -0.198511 1.395
-0.606 -1.42904 0.921675
-0.604 -1.73794 -0.129407
-0.602 -1.04305 -1.6569
-0.6 0.666894 -3.4816
-0.598 3.29856 -5.38072
-0.596 6.61617 -7.12717
-0.594 10.2786 -8.5222
-0.592 13.8787 -9.42314
-0.59 17.0112 -9.75742
-0.588 19.3503 -9.52274
-0.586 20.6723 -8.80579
-0.584 20.9452 -7.78493
-0.582 20.3804 -6.68179
-0.58 19.3755 -5.74204
-0.578 18.4539 -5.18194
-0.576 18.1412 -5.14805
-0.574 18.8311 -5.69832
-0.572 20.69 -6.77116
-0.57 23.5638 -8.19981
-0.568 27.0035 -9.73289
-0.566 30.3556 -11.0516
-0.564 32.8621 -11.8365
-0.562 33.8532 -11.8212
-0.56 32.9346 -10.8275
-0.558 30.079 -8.81671
-0.556 25.6498 -5.91114
-0.554 20.3233 -2.38733
-0.552 14.9633 1.36387
-0.55 10.4898 4.87447
-0.548 7.64977 7.65101
-0.546 6.82214 9.27981
-0.544 8.00016 9.51563
-0.542 10.7837 8.32271
-0.54 14.4863 5.89766
-0.538 18.283 2.64676
-0.536 21.3322 -0.854981
-0.534 22.9562 -3.93242
-0.532 22.7304 -5.93786
-0.53 20.5127 -6.36367
-0.528 16.4847 -4.92901
-0.526 11.0617 -1.66155
-0.524 4.79609 3.11765
-0.522 -1.6586 8.81997
-0.52 -7.60813 14.6541
-0.518 -12.3696 19.7674
-0.516 -15.3626 23.3565
-0.514 -16.1825 24.7976
-0.512 -14.6325 23.7842
-0.51 -10.7831 20.3655
-0.508 -5.01332 14.95
-0.506 2.02032 8.26957
-0.504 9.4453 1.24601
-0.502 16.2544 -5.12697
-0.5 21.4684 -9.92769
-0.498 24.3228 -12.4866
-0.496 24.4063 -12.4561
-0.494 21.7636 -9.88103
-0.492 16.9164 -5.226
-0.49 10.7656 0.727998
-0.488 4.44846 6.98241
-0.486 -0.843832 12.472
-0.484 -4.09706 16.2638
-0.482 -4.63899 17.6844
-0.48 -2.26413 16.427
-0.478 2.73036 12.6198
-0.476 9.65182 6.78466
-0.474 17.5308 -0.231844
-0.472 25.2659 -7.40017
-0.47 31.8479 -13.6982
-0.468 36.5163 -18.2493
-0.466 38.864 -20.4744
-0.464 38.8819 -20.1928
-0.462 36.9086 -17.6236
-0.46 33.5695 -13.36
-0.458 29.6577 -8.25442
-0.456 26.0026 -3.25738
-0.454 23.3396 0.729109
-0.452 22.1776 3.00798
-0.45 22.7576 3.19824
-0.448 25.0615 1.31416
-0.446 28.7865 -2.23485
-0.444 33.3898 -6.75676
-0.442 38.1803 -11.385
-0.44 42.4103 -15.2148
-0.438 45.4157 -17.4753
-0.436 46.6727 -17.6915
-0.434 45.8554 -15.7816
-0.432 42.9645 -12.0476
-0.43 38.2693 -7.10961
-0.428 32.2464 -1.81664
-0.426 25.5685 2.90818
-0.424 18.9696 6.25056
-0.422 13.1495 7.6659
-0.42 8.6483 6.97915
-0.418 5.73903 4.40672
-0.416 4.42421 0.536052
-0.414 4.41833 -3.76816
-0.412 5.12968 -7.53597
-0.41 5.7918 -9.86872
-0.408 5.64254 -10.086
-0.406 4.0483 -7.84444
-0.404 0.64018 -3.19829
-0.402 -4.61557 3.40054
-0.4 -11.3938 11.1689
-0.398 -19.0035 19.1444
-0.396 -26.5198 26.336
-0.394 -32.9425 31.849
-0.392 -37.3711 35.0188
-0.39 -39.163 35.4864
-0.388 -37.9861 33.2537
-0.386 -33.8884 28.6871
-0.384 -27.3152 22.4072
-0.382 -18.9832 15.2164
-0.38 -9.73516 7.99741
-0.378 -0.380869 1.55864
-0.376 8.38552 -3.44989
-0.374 16.027 -6.61453
-0.372 22.2426 -7.80812
-0.37 26.9918 -7.18966
-0.368 30.4116 -5.18636
-0.366 32.7189 -2.39948
-0.364 34.2002 0.490682
-0.362 35.2238 2.81169
-0.36 36.1699 3.99029
-0.358 37.3539 3.64767
-0.356 39.0028 1.67175
-0.354 41.282 -1.7711
-0.352 44.2753 -6.31041
-0.35 47.9026 -11.447
-0.348 51.8974 -16.6329
-0.346 55.872 -21.3519
-0.344 59.3672 -25.1905
-0.342 61.9193 -27.9025
-0.34 63.1481 -29.4139
-0.338 62.8202 -29.7853
-0.336 60.934 -29.1642
-0.334 57.7147 -27.7352
-0.332 53.5297 -25.6694
-0.33 48.8405 -23.0992
-0.328 44.0713 -20.0981
-0.326 39.4665 -16.7071
-0.324 35.0625 -12.9599
-0.322 30.7389 -8.90278
-0.32 26.2877 -4.64927
-0.318 21.5089 -0.376412
-0.316 16.3015 3.70913
-0.314 10.7771 7.4107
-0.312 5.28784 10.5734
-0.31 0.304785 13.1011
-0.308 -3.69705 14.9775
-0.306 -6.32814 16.2668
-0.304 -7.43861 17.1092
-0.302 -7.18298 17.6899
-0.3 -6.01558 18.1942
-0.298 -4.60249 18.7819
-0.296 -3.62686 19.5568
-0.294 -3.66681 20.5675
-0.292 -5.07285 21.8096
-0.29 -7.85387 23.2214
-0.288 -11.6791 24.6944
-0.286 -15.9865 26.1006
-0.284 -20.1328 27.2818
-0.282 -23.5191 28.0748
-0.28 -25.7081 28.3352
-0.278 -26.4978 27.9146
-0.276 -25.9446 26.7206
-0.274 -24.3309 24.7544
-0.272 -22.0773 22.0932
-0.27 -19.6328 18.9113
-0.268 -17.4253 15.4528
-0.266 -15.8144 11.9892
-0.264 -15.0345 8.78333
-0.262 -15.1805 6.01423
-0.26 -16.1684 3.72492
-0.258 -17.7231 1.83227
-0.256 -19.421 0.104643
-0.254 -20.7084 -1.81335
-0.252 -20.959 -4.32931
-0.25 -19.5361 -7.84418
-0.248 -15.9169 -12.6443
-0.246 -9.82037 -18.8323
-0.244 -1.28489 -26.2973
-0.242 9.2697 -34.6756
-0.24 21.086 -43.4142
-0.238 33.1623 -51.866
-0.236 44.4087 -59.3811
-0.234 53.8454 -65.4214
-0.232 60.7899 -69.6104
-0.23 64.9537 -71.7417
-0.228 66.4515 -71.8319
-0.226 65.7045 -70.0966
-0.224 63.2829 -66.8477
-0.222 59.764 -62.4295
-0.22 55.6027 -57.152
-0.218 51.052 -51.2662
-0.216 46.177 -44.9966
-0.214 40.948 -38.539
-0.212 35.4101 -32.0657
-0.21 29.8012 -25.7869
-0.208 24.5766 -19.9748
-0.206 20.3906 -14.9686
-0.204 17.9708 -11.1211
-0.202 17.8879 -8.67801
-0.2 20.3142 -7.75795
-0.198 24.9131 -8.30322
-0.196 30.8408 -10.0215
-0.194 36.8198 -12.3677
-0.192 41.3512 -14.5091
-0.19 42.9797 -15.3969
-0.188 40.5311 -13.9492
-0.186 33.3639 -9.21719
-0.184 21.52 -0.530206
-0.182 5.7144 12.3457
-0.18 -12.8121 29.0673
-0.178 -32.4821 48.6409
-0.176 -51.5719 69.4733
-0.174 -68.4318 89.5659
-0.172 -81.6583 106.769
-0.17 -90.2286 119.073
-0.168 -93.6054 124.886
-0.166 -91.7766 123.319
-0.164 -85.2207 114.443
-0.162 -74.8225 99.3518
-0.16 -61.7742 80.0236
-0.158 -47.5241 59.0373
-0.156 -33.6413 39.17
-0.154 -21.6156 22.9784
-0.152 -12.6499 12.4156
-0.15 -7.46278 8.49462
-0.148 -6.21946 11.0912
-0.146 -8.48712 18.9083
-0.144 -13.2336 29.6474
-0.142 -18.9231 40.3639
-0.14 -23.6779 47.9024
-0.138 -25.6686 49.424
-0.136 -23.4582 42.9353
-0.134 -16.1881 27.6765
-0.132 -3.77504 4.33356
-0.13 12.9772 -24.9934
-0.128 32.3865 -57.1359
-0.126 52.1221 -88.3467
-0.124 69.6121 -114.826
-0.122 82.455 -133.239
-0.12 88.7482 -141.227
-0.118 87.4085 -137.908
-0.116 78.3907 -124.107
-0.114 62.8281 -102.246
-0.112 43.0443 -76.0257
-0.11 22.2786 -49.8847
-0.108 4.12616 -28.2785
-0.106 -8.08545 -14.8879
-0.104 -11.7048 -11.8919
-0.102 -5.10862 -19.6347
-0.1 11.8399 -36.6569
-0.098 37.587 -59.993
-0.096 69.0796 -85.7101
-0.094 102.194 -109.453
-0.092 132.195 -126.974
-0.09 154.273 -134.807
-0.088 164.39 -130.883
-0.086 160.167 -114.95
-0.084 141.483 -88.6867
-0.082 110.748 -55.4671
-0.08 72.671 -19.9539
-0.078 33.4856 12.5066
-0.076 -0.134155 36.8933
-0.074 -22.2561 49.5965
-0.072 -28.804 49.0282
-0.07 -18.4691 35.7264
-0.068 6.88364 12.1987
-0.066 42.5785 -17.3337
-0.064 81.8502 -47.3008
-0.062 116.76 -71.6201
-0.06 139.337 -84.7574
-0.058 142.976 -82.4798
-0.056 123.84 -62.6846
-0.054 81.7474 -26.0818
-0.052 20.4788 23.7506
-0.05 -52.5423 80.7179
-0.048 -127.667 137.149
-0.046 -194.528 184.773
-0.044 -243.414 215.85
-0.042 -266.931 225.107
-0.04 -261.295 210.506
-0.038 -227.278 172.907
-0.036 -170.117 116.411
-0.034 -98.1429 48.2216
-0.032 -22.0732 -22.025
-0.03 46.0154 -83.849
-0.028 95.0714 -128.131
-0.026 116.964 -147.243
-0.024 107.739 -136.481
-0.022 68.0878 -96.5051
-0.02 2.82049 -32.0823
-0.018 -79.3477 48.9478
-0.016 -167.447 136.1
-0.014 -250.13 217.837
-0.012 -314.564 281.775
-0.01 -347.882 317.523
-0.008 -343.269 318.994
-0.006 -300.635 282.534
-0.004 -222.953 210.055
-0.002 -113.989 110.44
0 16.5279 -4.10168
0.002 147.037 -118.607
0.004 255.981 -218.119
0.006 333.634 -290.448
0.008 376.23 -326.731
0.01 380.785 -325.076
0.012 347.392 -289.16
0.014 282.886 -225.097
0.016 200.145 -143.285
0.018 112.017 -56.117
0.02 29.8463 24.8765
0.022 -35.4049 89.2212
0.024 -75.0176 129.099
0.026 -84.1847 139.764
0.028 -62.2295 120.562
0.03 -13.1278 76.2009
0.032 54.9645 14.32
0.034 130.987 -55.9591
0.036 202.861 -124.162
0.038 259.876 -180.65
0.04 293.743 -218.221
0.042 299.269 -232.776
0.044 275.707 -223.464
0.046 226.856 -192.332
0.048 160.138 -144.636
0.05 85.2546 -88.11
0.052 12.5321 -31.0334
0.054 -48.4036 18.9136
0.056 -90.1454 55.6263
0.058 -108.96 75.5116
0.06 -105.097 77.8462
0.062 -82.444 64.7294
0.064 -47.6244 40.3953
0.066 -8.60294 10.4011
0.068 26.6939 -19.1425
0.07 51.5414 -42.6568
0.072 61.342 -55.9268
0.074 54.3039 -56.4442
0.076 31.8068 -43.6685
0.078 -2.01194 -19.19
0.08 -41.1974 13.3624
0.082 -79.0711 48.9506
0.084 -109.414 82.2195
0.086 -127.568 108.508
0.088 -131.181 124.443
0.09 -120.433 128.333
0.092 -97.7977 120.438
0.094 -67.4016 102.855
0.096 -34.1054 79.069
0.098 -2.66489 53.3266
0.1 22.8057 29.9783
0.102 39.2671 12.954
0.104 45.2088 5.2325
0.106 40.8505 8.27034
0.108 27.8809 21.7124
0.11 9.02793 43.3696
0.112 -12.2945 69.5507
0.114 -32.4456 95.799
0.116 -48.1693 117.688
0.118 -57.1419 131.517
0.12 -58.2528 134.858
0.122 -51.5919 126.887
0.124 -38.3266 108.49
0.126 -20.4457 82.0314
0.128 -0.406804 50.8513
0.13 19.1793 18.7523
0.132 35.9484 -10.5223
0.134 48.226 -33.8154
0.136 55.2468 -49.0242
0.138 57.1521 -55.4543
0.14 54.8738 -53.8733
0.142 49.899 -46.2739
0.144 44.0886 -35.4908
0.146 39.335 -24.6845
0.148 37.1692 -16.8009
0.15 38.5906 -14.1383
0.152 43.9712 -17.9978
0.154 53.0795 -28.509
0.156 65.1538 -44.6712
0.158 78.9751 -64.5342
0.16 93.0574 -85.5381
0.162 105.843 -104.915
0.164 115.926 -120.082
0.166 122.182 -129.049
0.168 123.774 -130.723
0.17 120.259 -125.027
0.172 111.661 -112.838
0.174 98.511 -95.7306
0.176 81.8184 -75.6934
0.178 62.9231 -54.8842
0.18 43.4068 -35.318
0.182 24.9523 -18.5998
0.184 9.13344 -5.73425
0.186 -2.78464 2.93416
0.188 -10.0655 7.62126
0.19 -12.6458 8.98801
0.192 -11.1233 7.99905
0.194 -6.62639 5.74923
0.196 -0.586798 3.30242
0.198 5.48667 1.52482
0.2 10.2713 0.985952
0.202 12.8696 1.98491
0.204 12.9181 4.58578
0.206 10.5748 8.671
0.208 6.38642 13.9787
0.21 1.06806 20.1358
0.212 -4.70538 26.7682
0.214 -10.4297 33.5732
0.216 -15.8274 40.318
0.218 -20.8498 46.8054
0.22 -25.5254 52.8339
0.222 -29.794 58.1863
0.224 -33.4241 62.6212
0.226 -35.9898 65.8398
0.228 -36.9389 67.5217
0.23 -35.7118 67.3862
0.232 -31.8662 65.2487
0.234 -25.2459 61.0907
0.236 -16.0928 55.101
0.238 -5.04154 47.656
0.24 6.95691 39.286
0.242 18.8297 30.6159
0.244 29.5976 22.2582
0.246 38.4869 14.7511
0.248 45.0345 8.4665
0.25 49.1316 3.53609
0.252 50.9815 -0.108148
0.254 51.0332 -2.71023
0.256 49.8735 -4.64449
0.258 48.1136 -6.30069
0.26 46.3207 -8.03324
0.262 44.9572 -10.0875
0.264 44.3591 -12.5686
0.266 44.6982 -15.4791
0.268 45.9644 -18.6877
0.27 47.9612 -21.9767
0.272 50.3444 -25.1152
0.274 52.6806 -27.8633
0.276 54.4703 -30.0252
0.278 55.2432 -31.5006
0.28 54.6668 -32.2544
0.282 52.6357 -32.3349
0.284 49.3404 -31.833
0.286 45.2133 -30.8485
0.288 40.8659 -29.5334
0.29 36.9766 -28.0539
0.292 34.1381 -26.5414
0.294 32.7001 -25.1156
0.296 32.6665 -23.867
0.298 33.6824 -22.835
0.3 35.1233 -21.9979
0.302 36.25 -21.2595
0.304 36.3549 -20.4694
0.306 34.947 -19.4495
0.308 31.8606 -18.0169
0.31 27.277 -16.0297
0.312 21.6519 -13.419
0.314 15.5527 -10.2135
0.316 9.54133 -6.51329
0.318 4.04366 -2.46295
0.32 -0.770148 1.74135
0.322 -4.97989 5.89698
0.324 -8.80962 9.84603
0.326 -12.5281 13.4894
0.328 -16.3606 16.7956
0.33 -20.3825 19.7357
0.332 -24.4542 22.2654
0.334 -28.2305 24.3174
0.336 -31.2883 25.7453
0.338 -33.2669 26.3573
0.34 -33.8959 25.9626
0.342 -33.0739 24.3926
0.344 -30.918 21.5746
0.346 -27.7203 17.59
0.348 -23.8911 12.695
0.35 -19.8582 7.3271
0.352 -16.0152 2.03601
0.354 -12.6778 -2.60339
0.356 -9.9923 -6.07364
0.358 -7.96249 -8.01326
0.36 -6.50947 -8.26929
0.362 -5.45391 -6.95535
0.364 -4.52853 -4.46559
0.366 -3.37764 -1.40869
0.368 -1.60415 1.50533
0.37 1.15222 3.57333
0.372 5.20201 4.17872
0.374 10.7699 2.90675
0.376 17.9002 -0.38241
0.378 26.3577 -5.53513
0.38 35.633 -12.0991
0.382 45.0169 -19.3867
0.384 53.6465 -26.5567
0.386 60.6133 -32.7122
0.388 65.1241 -37.0573
0.39 66.6468 -38.993
0.392 65.0564 -38.1784
0.394 60.6376 -34.6401
0.396 54.0224 -28.7817
0.398 46.1229 -21.3212
0.4 37.9677 -13.1855
0.402 30.5304 -5.3886
0.404 24.5808 1.09391
0.406 20.529 5.47934
0.408 18.4133 7.34707
0.41 17.9252 6.69083
0.412 18.4619 3.8913
0.414 19.2624 -0.315263
0.416 19.5527 -4.95931
0.418 18.7092 -9.02569
0.42 16.3938 -11.635
0.422 12.528 -12.2107
0.424 7.31413 -10.5492
0.426 1.25431 -6.8638
0.428 -4.99382 -1.76382
0.43 -10.7044 3.87026
0.432 -15.204 9.06622
0.434 -17.9982 12.9393
0.436 -18.7938 14.8536
0.438 -17.5669 14.5195
0.44 -14.6153 12.0634
0.442 -10.4486 8.0074
0.444 -5.7357 3.16638
0.446 -1.21942 -1.49806
0.448 2.40008 -5.07355
0.45 4.54819 -6.85051
0.452 4.90944 -6.4364
0.454 3.4777 -3.85234
0.456 0.517788 0.471084
0.458 -3.43557 5.76949
0.46 -7.61876 11.0764
0.462 -11.1743 15.3937
0.464 -13.2758 17.8487
0.466 -13.2794 17.8613
0.468 -10.8588 15.2491
0.47 -6.03892 10.2482
0.472 0.759354 3.50046
0.474 8.74818 -4.0524
0.476 16.8991 -11.3334
0.478 24.0973 -17.2837
0.48 29.3469 -21.0647
0.482 31.9492 -22.1909
0.484 31.6087 -20.5922
0.486 28.5248 -16.6383
0.488 23.3663 -11.0559
0.49 17.1389 -4.81932
0.492 11.0281 0.991929
0.494 6.17432 5.39408
0.496 3.46672 7.64643
0.498 3.4209 7.34506
0.5 6.0844 4.50362
0.502 11.0478 -0.466712
0.504 17.5709 -6.85219
0.506 24.7096 -13.7369
0.508 31.4904 -20.1495
0.51 37.0662 -25.2054
0.512 40.7969 -28.2318
0.514 42.3085 -28.8833
0.516 41.5264 -27.1773
0.518 38.6348 -23.4646
0.52 34.0212 -18.3683
0.522 28.2357 -12.6702
0.524 21.9256 -7.18662
0.526 15.7713 -2.66589
0.528 10.4297 0.33154
0.53 6.45459 1.52436
0.532 4.2605 0.93182
0.534 4.03683 -1.15409
0.536 5.65606 -4.24151
0.538 8.69127 -7.71097
0.54 12.4613 -10.9142
0.542 16.1279 -13.3051
0.544 18.8654 -14.503
0.546 19.984 -14.3219
0.548 19.0748 -12.7968
0.55 16.1255 -10.165
0.552 11.5265 -6.80877
0.554 6.00951 -3.17906
0.556 0.482662 0.294932
0.558 -4.19556 3.23889
0.56 -7.33955 5.38038
0.562 -8.56492 6.60097
0.564 -7.88903 6.92267
0.566 -5.6994 6.48923
0.568 -2.65535 5.53711
0.57 0.511746 4.34312
0.572 3.19334 3.18472
0.574 4.97694 2.28939
0.576 5.73301 1.80858
0.578 5.6344 1.80257
0.58 5.07368 2.22924
0.582 4.54829 2.96169
0.584 4.53537 3.81664
0.586 5.37869 4.58352
0.588 7.21543 5.06418
0.59 9.94293 5.09718
0.592 13.2782 4.60159
0.594 16.8551 3.57811
0.596 20.2607 2.09627
0.598 23.1092 0.289802
0.6 25.1205 -1.65898
0.602 26.1497 -3.54169
0.604 26.2028 -5.14024
0.606 25.3874 -6.27538
0.608 23.8511 -6.83975
0.61 21.8202 -6.77749
0.612 19.5724 -6.10117
0.614 17.3462 -4.90547
0.616 15.3284 -3.35986
0.618 13.6664 -1.694
0.62 12.4726 -0.165728
0.622 11.8036 0.965872
0.624 11.6105 1.47427
0.626 11.7777 1.21599
0.628 12.1649 0.133953
0.63 12.6144 -1.72733
0.632 12.9808 -4.19542
0.634 13.1649 -6.99882
0.636 13.1012 -9.81707
0.638 12.794 -12.3277
0.64 12.2995 -14.2475
0.642 11.7072 -15.3643
0.644 11.1265 -15.5875
0.646 10.6445 -14.9615
0.648 10.3283 -13.6379
0.65 10.229 -11.8567
0.652 10.3694 -9.89982
0.654 10.7503 -8.03787
0.656 11.3552 -6.50827
0.658 12.1538 -5.48058
0.66 13.1155 -5.03632
0.662 14.2096 -5.17447
0.664 15.3758 -5.81419
0.666 16.5295 -6.81206
0.668 17.5966 -7.98822
0.67 18.5364 -9.1445
0.672 19.3029 -10.096
0.674 19.8416 -10.6881
0.676 20.1426 -10.7994
0.678 20.2296 -10.3625
0.68 20.1299 -9.37469
0.682 19.8804 -7.89317
0.684 19.5126 -6.03087
0.686 19.0583 -3.93677
0.688 18.5309 -1.79106
0.69 17.9073 0.227124
0.692 17.1784 1.97475
0.694 16.351 3.36472
0.696 15.4091 4.36926
0.698 14.326 5.01885
0.7 13.0943 5.40948
0.702 11.7583 5.69052
0.704 10.3768 6.00095
0.706 8.98018 6.4497
0.708 7.60604 7.10971
0.71 6.33989 8.00283
0.712 5.28703 9.08889
0.714 4.53965 10.2467
0.716 4.16564 11.3048
0.718 4.22178 12.0998
0.72 4.74042 12.4835
0.722 5.71772 12.3439
0.724 7.12023 11.6335
0.726 8.86019 10.3894
0.728 10.7984 8.73074
0.73 12.7748 6.8277
0.732 14.6382 4.882
0.734 16.2847 3.11514
0.736 17.6375 1.71729
0.738 18.6336 0.813549
0.74 19.271 0.463466
0.742 19.6007 0.644779
0.744 19.6947 1.23356
0.746 19.6465 2.02672
0.748 19.5334 2.7848
0.75 19.4252 3.26271
0.752 19.3997 3.24427
0.754 19.4853 2.57554
0.756 19.684 1.21067
0.758 19.9863 -0.778435
0.76 20.3248 -3.23365
0.762 20.6046 -5.91878
0.764 20.75 -8.53909
0.766 20.6938 -10.7991
0.768 20.3863 -12.4507
0.77 19.8117 -13.3195
0.772 18.9851 -13.3335
0.774 17.9676 -12.5351
0.776 16.8567 -11.0704
0.778 15.7476 -9.16403
0.78 14.7253 -7.08937
0.782 13.8479 -5.12179
0.784 13.1211 -3.50714
0.786 12.516 -2.41763
0.788 11.9881 -1.92322
0.79 11.4664 -1.99845
0.792 10.8806 -2.53694
0.794 10.2115 -3.35905
0.796 9.49323 -4.24197
0.798 8.79041 -4.9602
0.8 8.16709 -5.32273
0.802 7.67436 -5.20249
0.804 7.36161 -4.56144
0.806 7.25962 -3.44318
0.808 7.33319 -1.96148
0.81 7.49631 -0.293778
0.812 7.64926 1.35344
0.814 7.71582 2.79148
0.816 7.66294 3.88575
0.818 7.48146 4.56538
0.82 7.20201 4.82407
0.822 6.89694 4.72832
0.824 6.66614 4.409
0.826 6.59611 4.01541
0.828 6.72298 3.68422
0.83 7.04614 3.52968
0.832 7.51347 3.61471
0.834 8.01917 3.93222
0.836 8.45057 4.42718
0.838 8.71376 5.01506
0.84 8.74877 5.58817
0.842 8.54235 6.04886
0.844 8.13523 6.32243
0.846 7.64015 6.37186
0.848 7.21265 6.2084
0.85 7.00178 5.86501
0.852 7.13173 5.39762
0.854 7.68361 4.87853
0.856 8.68167 4.3661
0.858 10.0545 3.8967
0.86 11.6487 3.48264
0.862 13.272 3.1128
0.864 14.7225 2.75567
0.866 15.8248 2.36421
0.868 16.4436 1.89684
0.87 16.5194 1.32636
0.872 16.1067 0.637313
0.874 15.3407 -0.160825
0.876 14.4258 -1.03827
0.878 13.5872 -1.95857
0.88 13.0132 -2.88603
0.882 12.8389 -3.79604
0.884 13.1036 -4.66358
0.886 13.7288 -5.45552
0.888 14.5371 -6.15628
0.89 15.2796 -6.75524
0.892 15.7187 -7.23829
0.894 15.6821 -7.58389
0.896 15.0605 -7.75763
0.898 13.8543 -7.73636
0.9 12.1879 -7.51065
0.902 10.2594 -7.08407
0.904 8.31615 -6.48359
0.906 6.60526 -5.75211
0.908 5.30986 -4.94861
0.91 4.52605 -4.14616
0.912 4.23526 -3.40525
0.914 4.32685 -2.76595
0.916 4.64267 -2.25159
0.918 4.99587 -1.85603
0.92 5.21781 -1.54764
0.922 5.21514 -1.27783
0.924 4.96463 -0.987665
0.926 4.51174 -0.638945
0.928 3.95861 -0.209346
0.93 3.42543 0.310306
0.932 3.02569 0.888068
0.934 2.82582 1.46035
0.936 2.84573 1.96249
0.938 3.09022 2.33408
0.94 3.5056 2.53519
0.942 4.00037 2.55201
0.944 4.49703 2.38872
0.946 4.94103 2.08331
0.948 5.30109 1.69384
0.95 5.56667 1.27376
0.952 5.73794 0.887987
0.954 5.83588 0.585895
0.956 5.89455 0.392021
0.958 5.94099 0.316447
0.96 6.00685 0.339306
0.962 6.11901 0.420858
0.964 6.30594 0.512618
0.966 6.60663 0.554477
0.968 7.04735 0.490709
0.97 7.63775 0.29151
0.972 8.37425 -0.0574903
0.974 9.22747 -0.551942
0.976 10.149 -1.1572
0.978 11.0748 -1.8229
0.98 11.9303 -2.48803
0.982 12.6466 -3.0877
0.984 13.1856 -3.55974
0.986 13.5388 -3.85598
0.988 13.7206 -3.9463
0.99 13.7777 -3.82999
0.992 13.787 -3.53938
0.994 13.8238 -3.12944
0.996 13.9363 -2.67437
0.998 14.1407 -2.24587
1 14.4292 -1.90175
1.002 14.7579 -1.6942
1.004 15.0464 -1.65833
1.006 15.2116 -1.79128
1.008 15.1916 -2.05992
1.01 14.9487 -2.4161
1.012 14.4729 -2.80031
1.014 13.7828 -3.14534
1.016 12.926 -3.39206
1.018 11.9645 -3.49679
1.02 10.9613 -3.44206
1.022 9.98558 -3.2315
1.024 9.09281 -2.8885
1.026 8.29539 -2.45796
1.028 7.58241 -1.98826
1.03 6.94388 -1.52564
1.032 6.37324 -1.11321
1.034 5.8602 -0.782521
1.036 5.37987 -0.556032
1.038 4.92625 -0.430283
1.04 4.53244 -0.37797
1.042 4.23131 -0.369865
1.044 4.04711 -0.370492
1.046 3.98301 -0.349019
1.048 4.02503 -0.281995
1.05 4.1709 -0.147205
1.052 4.39757 0.0530467
1.054 4.65614 0.292656
1.056 4.91189 0.547592
1.058 5.1504 0.795857
1.06 5.37331 1.01622
1.062 5.5899 1.18562
1.064 5.81557 1.27917
1.066 6.08016 1.29366
1.068 6.41049 1.24457
1.07 6.80452 1.14514
1.072 7.24898 1.00826
1.074 7.72468 0.841459
1.076 8.19391 0.649188
1.078 8.61464 0.440577
1.08 8.95244 0.21938
1.082 9.1878 -0.0168983
1.084 9.32499 -0.273645
1.086 9.3767 -0.548607
1.088 9.36777 -0.830364
1.09 9.33869 -1.10379
1.092 9.31915 -1.35586
1.094 9.32679 -1.57711
1.096 9.36638 -1.76103
1.098 9.4232 -1.90268
1.1 9.47082 -2.00529
1.102 9.46948 -2.07435
1.104 9.3823 -2.12282
1.106 9.19229 -2.16378
1.108 8.89403 -2.19661
1.11 8.4842 -2.22706
1.112 7.97146 -2.26409
1.114 7.39287 -2.31084
1.116 6.79766 -2.37302
1.118 6.23072 -2.45156
1.12 5.72587 -2.55361
1.122 5.29918 -2.69024
1.124 4.96578 -2.85938
1.126 4.73713 -3.05446
1.128 4.59839 -3.26833
1.13 4.52507 -3.47922
1.132 4.49289 -3.662
1.134 4.4728 -3.78845
1.136 4.45363 -3.82491
1.138 4.42654 -3.74984
1.14 4.37654 -3.5527
1.142 4.30067 -3.23892
1.144 4.19977 -2.83121
1.146 4.09223 -2.35447
1.148 4.00628 -1.84671
1.15 3.9568 -1.3581
1.152 3.95796 -0.927464
1.154 4.0189 -0.577726
1.156 4.14067 -0.315302
1.158 4.32222 -0.141233
1.16 4.54871 -0.0538536
1.162 4.79558 -0.0390334
1.164 5.04681 -0.0699531
1.166 5.28937 -0.118781
1.168 5.50321 -0.167489
1.17 5.6763 -0.209664
1.172 5.80111 -0.237737
1.174 5.88615 -0.238942
1.176 5.9526 -0.206584
1.178 6.00357 -0.142185
1.18 6.04018 -0.0483905
1.182 6.07102 0.0733923
1.184 6.09994 0.220373
1.186 6.12456 0.386354
1.188 6.13146 0.561183
1.19 6.10858 0.732199
1.192 6.06092 0.882058
1.194 5.99341 0.989021
1.196 5.91665 1.03817
1.198 5.85577 1.02559
1.2 5.83097 0.949691
1.202 5.85521 0.813235
1.204 5.92875 0.621708
1.206 6.05114 0.392825
1.208 6.22092 0.147101
1.21 6.41272 -0.104177
1.212 6.58921 -0.353903
1.214 6.71995 -0.600542
1.216 6.78709 -0.845533
1.218 6.77848 -1.08714
1.22 6.67932 -1.32684
1.222 6.48719 -1.56226
1.224 6.22114 -1.78815
1.226 5.91036 -1.99527
1.228 5.58636 -2.17057
1.23 5.28084 -2.29979
1.232 5.02232 -2.36802
1.234 4.82565 -2.36415
1.236 4.69075 -2.28931
1.238 4.61778 -2.15134
1.24 4.60523 -1.96634
1.242 4.63229 -1.75897
1.244 4.66992 -1.55722
1.246 4.6989 -1.39414
1.248 4.71647 -1.29152
1.25 4.7231 -1.25519
1.252 4.71229 -1.28324
1.254 4.68844 -1.36074
1.256 4.66396 -1.46503
1.258 4.65182 -1.56473
1.26 4.66179 -1.625
1.262 4.68267 -1.62786
1.264 4.70047 -1.56564
1.266 4.70922 -1.4335
1.268 4.70069 -1.24256
1.27 4.66795 -1.01517
1.272 4.59845 -0.779679
1.274 4.48504 -0.562401
1.276 4.34318 -0.380106
1.278 4.19114 -0.242339
1.28 4.04666 -0.152742
1.282 3.93049 -0.0993821
1.284 3.86105 -0.0672776
1.286 3.84996 -0.0432597
1.288 3.90073 -0.00946143
1.29 4.00173 0.0470713
1.292 4.13059 0.131129
1.294 4.26135 0.239998
1.296 4.36777 0.361617
1.298 4.42553 0.484844
1.3 4.41576 0.596951
1.302 4.33131 0.684732
1.304 4.1852 0.743895
1.306 3.99516 0.776063
1.308 3.77427 0.785289
1.31 3.54596 0.778486
1.312 3.34429 0.763481
1.314 3.19443 0.746519
1.316 3.09907 0.727155
1.318 3.04731 0.701403
1.32 3.02401 0.668365
1.322 3.01608 0.626855
1.324 3.00288 0.575663
1.326 2.96082 0.515551
1.328 2.87818 0.448129
1.33 2.7573 0.377999
1.332 2.61544 0.308887
1.334 2.4805 0.243257
1.336 2.37626 0.179913
1.338 2.32313 0.116224
1.34 2.34573 0.0507482
1.342 2.46093 -0.0249396
1.344 2.66208 -0.124284
1.346 2.91983 -0.255641
1.348 3.20253 -0.417723
1.35 3.48519 -0.606125
1.352 3.74035 -0.813423
1.354 3.93207 -1.02423
1.356 4.03904 -1.21815
1.358 4.06508 -1.37681
1.36 4.02265 -1.49017
1.362 3.93035 -1.55279
1.364 3.81045 -1.56294
1.366 3.68455 -1.52824
1.368 3.57589 -1.46147
1.37 3.49966 -1.3808
1.372 3.46079 -1.30604
1.374 3.45486 -1.25197
1.376 3.46266 -1.22971
1.378 3.46477 -1.24286
1.38 3.44512 -1.2835
1.382 3.38591 -1.33952
1.384 3.26613 -1.39864
1.386 3.07161 -1.44499
1.388 2.80464 -1.46438
1.39 2.4771 -1.44515
1.392 2.10341 -1.3847
1.394 1.70506 -1.28968
1.396 1.30595 -1.16947
1.398 0.931459 -1.03616
1.4 0.604762 -0.902128
1.402 0.33861 -0.783645
1.404 0.143627 -0.695438
1.406 0.0220758 -0.638938
1.408 -0.0394653 -0.610456
1.41 -0.0548749 -0.601561
1.412 -0.0373316 -0.598511
1.414 -0.000451716 -0.589579
1.416 0.041045 -0.559804
1.418 0.0710278 -0.49828
1.42 0.083065 -0.402536
1.422 0.083797 -0.269462
1.424 0.0807895 -0.105322
1.426 0.0858692 0.0758478
1.428 0.11732 0.26165
1.43 0.186758 0.436229
1.432 0.304483 0.58495
1.434 0.480245 0.695591
1.436 0.715264 0.756698
1.438 1.00436 0.769134
1.44 1.33275 0.741588
1.442 1.67753 0.679127
1.444 2.01797 0.590865
1.446 2.33134 0.487262
1.448 2.59195 0.379277
1.45 2.78414 0.279312
1.452 2.89846 0.190961
1.454 2.93232 0.113044
1.456 2.89382 0.0464979
1.458 2.79801 -0.0125807
1.46 2.66942 -0.0682934
1.462 2.5321 -0.123343
1.464 2.40506 -0.185175
1.466 2.30691 -0.255525
1.468 2.24805 -0.332535
1.47 2.22946 -0.413907
1.472 2.24097 -0.492889
1.474 2.25971 -0.566173
1.476 2.26645 -0.631792
1.478 2.25408 -0.682745
1.48 2.21397 -0.716702
1.482 2.14068 -0.734297
1.484 2.04185 -0.737275
1.486 1.93522 -0.732306
1.488 1.84337 -0.724737
1.49 1.78161 -0.719842
1.492 1.7599 -0.722784
1.494 1.78652 -0.734585
1.496 1.85595 -0.75587
1.498 1.95339 -0.78451
1.5 2.06356 -0.811995
1.502 2.16975 -0.830078
1.504 2.25366 -0.83241
1.506 2.29756 -0.814246
1.508 2.29469 -0.774093
1.51 2.24983 -0.710723
1.512 2.1736 -0.625173
1.514 2.07767 -0.524285
1.516 1.97409 -0.417905
1.518 1.87564 -0.314996
1.52 1.79546 -0.222961
1.522 1.73907 -0.147202
1.524 1.70216 -0.0908961
1.526 1.676 -0.0547566
1.528 1.65255 -0.035502
1.53 1.62592 -0.0304023
1.532 1.58815 -0.0351217
1.534 1.5307 -0.042561
1.536 1.45087 -0.0496211
1.538 1.35283 -0.0567423
1.54 1.24595 -0.0635056
1.542 1.14007 -0.0695845
1.544 1.04397 -0.0754468
1.546 0.967495 -0.081683
1.548 0.919649 -0.0894474
1.55 0.905043 -0.0983484
1.552 0.924013 -0.106572
1.554 0.972801 -0.111611
1.556 1.04505 -0.11056
1.558 1.13382 -0.103956
1.56 1.23099 -0.0945075
1.562 1.32707 -0.083258
1.564 1.41542 -0.070374
1.566 1.49222 -0.0595218
1.568 1.5554 -0.0551233
1.57 1.60458 -0.0592532
1.572 1.63961 -0.071893
1.574 1.66429 -0.0900296
1.576 1.68371 -0.112487
1.578 1.70039 -0.139879
1.58 1.71888 -0.169023
1.582 1.74357 -0.196206
1.584 1.77618 -0.218676
1.586 1.81661 -0.234291
1.588 1.86311 -0.245243
1.59 1.91417 -0.253448
1.592 1.96595 -0.259033
1.594 2.01012 -0.264557
1.596 2.04284 -0.273223
1.598 2.06234 -0.287802
1.6 2.06237 -0.310558
1.602 2.03837 -0.340484
1.604 1.99069 -0.375651
1.606 1.92283 -0.414728
1.608 1.83886 -0.455097
1.61 1.74139 -0.492919
1.612 1.63711 -0.524236
1.614 1.53505 -0.545333
1.616 1.43885 -0.554443
1.618 1.35074 -0.552065
1.62 1.27407 -0.53773
1.622 1.21022 -0.512039
1.624 1.15843 -0.477679
1.626 1.11597 -0.437837
1.628 1.07958 -0.396114
1.63 1.04779 -0.355216
1.632 1.01833 -0.316671
1.634 0.988865 -0.282368
1.636 0.957833 -0.254146
1.638 0.923712 -0.231157
1.64 0.886562 -0.211609
1.642 0.84736 -0.195024
1.644 0.805454 -0.180287
1.646 0.761211 -0.166394
1.648 0.717212 -0.152544
1.65 0.676755 -0.137605
1.652 0.643606 -0.1217
1.654 0.621568 -0.105829
1.656 0.614087 -0.0904802
1.658 0.623861 -0.0777978
1.66 0.652011 -0.0700676
1.662 0.698894 -0.0681786
1.664 0.759812 -0.0727113
1.666 0.826535 -0.083293
1.668 0.890761 -0.0984589
1.67 0.94571 -0.116343
1.672 0.986092 -0.133176
1.674 1.00747 -0.145504
1.676 1.00825 -0.151505
1.678 0.99267 -0.149344
1.68 0.967222 -0.138548
1.682 0.938736 -0.120167
1.684 0.914748 -0.0966393
1.686 0.900937 -0.072172
1.688 0.901194 -0.0511466
1.69 0.91609 -0.0373335
1.692 0.943363 -0.033858
1.694 0.978926 -0.0416998
1.696 1.01574 -0.060121
1.698 1.04707 -0.0864631
1.7 1.06914 -0.116062
1.702 1.07958 -0.144194
1.704 1.07794 -0.167131
1.706 1.06521 -0.181856
1.708 1.04423 -0.18684
1.71 1.02064 -0.181304
1.712 0.998535 -0.165797
1.714 0.979996 -0.143203
1.716 0.966415 -0.116824
1.718 0.957864 -0.0898026
1.72 0.953598 -0.0649465
1.722 0.951129 -0.0445167
1.724 0.946757 -0.0305892
1.726 0.93878 -0.0235116
1.728 0.926389 -0.0216812
1.73 0.908479 -0.0240262
1.732 0.885819 -0.0296059
1.734 0.859931 -0.0373339
1.736 0.832954 -0.0463255
1.738 0.807081 -0.0552051
1.74 0.783422 -0.0635698
1.742 0.76387 -0.0712636
1.744 0.749856 -0.0775596
1.746 0.740832 -0.081953
1.748 0.735851 -0.0842888
1.75 0.732786 -0.085278
1.752 0.729039 -0.0855395
1.754 0.722635 -0.0855027
1.756 0.711831 -0.0857981
1.758 0.695507 -0.0869898
1.76 0.672926 -0.0892571
1.762 0.644074 -0.0925816
1.764 0.610831 -0.0964853
1.766 0.575517 -0.100198
1.768 0.540743 -0.103125
1.77 0.509577 -0.104221
1.772 0.485363 -0.102004
1.774 0.470597 -0.0954653
1.776 0.466062 -0.0846096
1.778 0.470534 -0.0701705
1.78 0.482101 -0.053145
1.782 0.498376 -0.0346944
1.784 0.516151 -0.0166214
1.786 0.53176 -0.00126177
1.788 0.542473 0.0097597
1.79 0.546878 0.0155729
1.792 0.544544 0.0161685
1.794 0.53605 0.0126588
1.796 0.522906 0.00647521
1.798 0.507387 -0.000815121
1.8 0.491513 -0.00739635
1.802 0.476503 -0.0114833
1.804 0.463691 -0.0116572
1.806 0.453681 -0.00788863
1.808 0.445834 -0.00127078
1.81 0.439273 0.00728047
1.812 0.433162 0.016986
1.814 0.426784 0.0262737
1.816 0.419399 0.0337829
1.818 0.41061 0.0386194
1.82 0.400618 0.0399788
1.822 0.389705 0.0379683
1.824 0.378252 0.0330505
1.826 0.366928 0.0260211
1.828 0.356472 0.0181308
1.83 0.347234 0.0101145
1.832 0.339355 0.00277246
1.834 0.332861 -0.00291882
1.836 0.327691 -0.00683978
1.838 0.323846 -0.0092632
1.84 0.321232 -0.0103879
1.842 0.319786 -0.0104135
1.844 0.319448 -0.00946223
1.846 0.319842 -0.00791067
1.848 0.32049 -0.00636102
1.85 0.321024 -0.0049094
1.852 0.320926 -0.00358691
1.854 0.319315 -0.00256934
1.856 0.315268 -0.00183628
1.858 0.308226 -0.00129463
1.86 0.297896 -0.000958558
1.862 0.28422 -0.000785526
1.864 0.267386 -0.000827636
1.866 0.248341 -0.00113491
1.868 0.22831 -0.00162567
1.87 0.208336 -0.00229891
1.872 0.189354 -0.00309313
1.874 0.172034 -0.0039342
1.876 0.15701 -0.00485354
1.878 0.144609 -0.00578717
1.88 0.134629 -0.00666965
1.882 0.126551 -0.00756427
1.884 0.119706 -0.00856348
1.886 0.113565 -0.00965775
1.888 0.107887 -0.0107647
1.89 0.102288 -0.0118276
1.892 0.0963981 -0.0128107
1.894 0.0902187 -0.0136848
1.896 0.0840887 -0.0144331
1.898 0.0784982 -0.014984
1.9 0.0735457 -0.0152505
1.902 0.0690721 -0.0151978
1.904 0.0651198 -0.0149071
1.906 0.061705 -0.0145194
1.908 0.0587077 -0.0140315
1.91 0.0560425 -0.0133669
1.912 0.0535735 -0.0125466
1.914 0.0512302 -0.0116645
1.916 0.0491419 -0.0107159
1.918 0.0474026 -0.00959594
1.92 0.04612 -0.00824076
1.922 0.0453901 -0.00677827
1.924 0.0451405 -0.00537306
1.926 0.0453404 -0.00405219
1.928 0.0458611 -0.00288792
1.93 0.0463914 -0.00198711
1.932 0.0466506 -0.00139308
1.934 0.046435 -0.00110853
1.936 0.0456236 -0.00105296
1.938 0.0442064 -0.00116268
1.94 0.0422133 -0.00140975
1.942 0.0397568 -0.00168219
1.944 0.0370308 -0.00189697
1.946 0.0342179 -0.00201717
1.948 0.031495 -0.00202801
1.95 0.0289446 -0.0019614
1.952 0.0265824 -0.00183916
1.954 0.0244082 -0.00169636
1.956 0.0223739 -0.00159749
1.958 0.0204283 -0.00155658
1.96 0.0185274 -0.0015636
1.962 0.016645 -0.00161198
1.964 0.0147998 -0.00166911
1.966 0.0130314 -0.00171289
1.968 0.0113793 -0.001721
1.97 0.00986756 -0.00167323
1.972 0.00850705 -0.00157427
1.974 0.00730548 -0.00143021
1.976 0.00624945 -0.00125418
1.978 0.00531082 -0.00106677
1.98 0.0044605 -0.000880061
1.982 0.00367442 -0.000703226
1.984 0.00294521 -0.000545416
1.986 0.00227638 -0.000408832
1.988 0.00167484 -0.000293188
1.99 0.00115365 -0.000197378
1.992 0.000725334 -0.000121151
1.994 0.000397523 -6.44811e-05
1.996 0.000171268 -2.65401e-05
1.998 4.13552e-05 -5.97653e-06
0.5 57.7116 -9.36861
1 47.3186 -7.85305
1.5 33.3576 -5.80277
2 19.4468 -3.73213
2.5 8.51189 -2.06175
3 1.90398 -0.994597
3.5 -0.706047 -0.499432
4 -0.742859 -0.389422
4.5 0.151194 -0.441322
5 0.826013 -0.492879
5.5 0.887873 -0.481694
6 0.527621 -0.427049
6.5 0.139105 -0.383516
7 -0.00505234 -0.399002
7.5 0.130423 -0.49459
8 0.418716 -0.664085
8.5 0.714424 -0.881206
9 0.944773 -1.10532
9.5 1.10703 -1.28578
10 1.2122 -1.37048
10.5 1.24271 -1.32133
11 1.16023 -1.13141
11.5 0.947628 -0.833382
12 0.641001 -0.491266
12.5 0.321074 -0.177321
13 0.0700832 0.0547867
13.5 -0.0722123 0.186757
14 -0.12181 0.234665
14.5 -0.127479 0.232972
15 -0.13268 0.214229
15.5 -0.150815 0.19579
16 -0.167611 0.178722
16.5 -0.1624 0.156081
17 -0.128285 0.123014
17.5 -0.076486 0.0820249
18 -0.0253794 0.041487
18.5 0.0136398 0.0101607
19 0.0415444 -0.00772709
19.5 0.0658805 -0.0138799
20 0.0909261 -0.0138252
20.5 0.112894 -0.0134467
21 0.123464 -0.0164335
21.5 0.117441 -0.0236221
22 0.0975983 -0.0337755
22.5 0.0731142 -0.0447522
23 0.0537097 -0.0543181
23.5 0.044514 -0.0604812
24 0.0449785 -0.061613
24.5 0.0511872 -0.056619
25 0.058495 -0.0452289
25.5 0.0623343 -0.0283244
26 0.0577407 -0.00815115
26.5 0.0396886 0.0117717
27 0.00527235 0.0272331
27.5 -0.0436379 0.0344413
28 -0.0997937 0.0313716
28.5 -0.153175 0.0187098
29 -0.195253 -0.000293742
29.5 -0.221851 -0.0212765
30 -0.232761 -0.0409447
30.5 -0.22913 -0.0587985
31 -0.211575 -0.0772965
31.5 -0.181149 -0.100188
32 -0.142291 -0.129853
32.5 -0.10442 -0.165149
33 -0.0793041 -0.201007
33.5 -0.0745814 -0.230034
34 -0.0874979 -0.245271
34.5 -0.10376 -0.24272
35 -0.103538 -0.222571
35.5 -0.0718562 -0.188871
36 -0.00739366 -0.148115
36.5 0.0756077 -0.107504
37 0.153439 -0.0734023
37.5 0.203391 -0.0501566
38 0.212753 -0.0393113
38.5 0.182025 -0.0393233
39 0.121926 -0.0460159
39.5 0.0471593 -0.0538599
40 -0.0291124 -0.0577545
40.5 -0.0978124 -0.0545573
41 -0.153743 -0.0435753
41.5 -0.194424 -0.0257425
42 -0.21953 -0.00203099
42.5 -0.231071 0.0277525
43 -0.233394 0.0647231
43.5 -0.232029 0.109031
44 -0.231508 0.157323
44.5 -0.233329 0.201321
45 -0.235417 0.229024
45.5 -0.233558 0.228766
46 -0.22394 0.194621
46.5 -0.205164 0.130484
47 -0.178408 0.0503802
47.5 -0.145759 -0.025795
48 -0.108029 -0.0795843
48.5 -0.0638823 -0.101029
49 -0.0113009 -0.0920979
49.5 0.0492215 -0.0648042
50 0.111794 -0.0349916
50.5 0.164853 -0.0149676
51 0.194533 -0.00861403
51.5 0.19058 -0.0111276
52 0.151936 -0.0129811
52.5 0.0888953 -0.00554709
53 0.0202547 0.0147231
53.5 -0.0335322 0.0454441
54 -0.0581138 0.0805132
54.5 -0.0503422 0.113465
55 -0.0185518 0.139754
55.5 0.0217369 0.156891
56 0.0543735 0.163019
56.5 0.0683848 0.155567
57 0.0608493 0.131469
57.5 0.0363062 0.0891437
58 0.00366859 0.0310992
58.5 -0.0276761 -0.0346978
59 -0.0510495 -0.0959948
59.5 -0.0640639 -0.139928
60 -0.0684471 -0.157725
60.5 -0.068523 -0.148282
61 -0.0690931 -0.118854
61.5 -0.0735466 -0.0824104
62 -0.0828233 -0.0526845
62.5 -0.095397 -0.0389957
63 -0.107962 -0.0430138
63.5 -0.116263 -0.0587679
64 -0.115708 -0.0758044
64.5 -0.101864 -0.0840584
65 -0.0712392 -0.0783174
65.5 -0.0225905 -0.060394
66 0.0416436 -0.0381697
66.5 0.114751 -0.0220367
67 0.186857 -0.0203462
67.5 0.247738 -0.0358082
68 0.290125 -0.0642851
68.5 0.311756 -0.0963618
69 0.314952 -0.120948
69.5 0.304021 -0.129445
70 0.282237 -0.118899
70.5 0.250456 -0.0930494
71 0.20834 -0.0609648
71.5 0.157287 -0.0337962
72 0.102851 -0.0207547
72.5 0.0545603 -0.025668
73 0.022652 -0.0452675
73.5 0.0132605 -0.0698213
74 0.0246974 -0.0859697
74.5 0.04698 -0.0809034
75 0.0650299 -0.0465718
75.5 0.064082 0.0173984
76 0.0349121 0.102972
76.5 -0.023131 0.195375
77 -0.102062 0.276669
77.5 -0.187703 0.330251
78 -0.263544 0.345099
78.5 -0.314922 0.318664
79 -0.332688 0.25766
79.5 -0.315603 0.176461
80 -0.270713 0.0934121
80.5 -0.211119 0.0259677
81 -0.151323 -0.0140005
81.5 -0.101492 -0.0232557
82 -0.063009 -0.00755015
82.5 -0.027734 0.0209555
83 0.0179156 0.0484097
83.5 0.0852142 0.0644801
84 0.17505 0.0661244
84.5 0.273681 0.0584192
85 0.35524 0.0519946
85.5 0.390968 0.0579242
86 0.361731 0.0819831
86.5 0.268339 0.120591
87 0.134529 0.160285
87.5 0.00042074 0.181332
88 -0.091561 0.164507
88.5 -0.112772 0.0987291
89 -0.0597156 -0.0132823
89.5 0.0442251 -0.153647
90 0.157605 -0.293086
90.5 0.236788 -0.398803
91 0.252467 -0.443916
91.5 0.20025 -0.415346
92 0.101231 -0.317571
92.5 -0.00742352 -0.171172
93 -0.0878816 -0.00684131
93.5 -0.116776 0.143054
94 -0.0939616 0.252695
94.5 -0.0414565 0.308458
95 0.00689267 0.310686
95.5 0.02061 0.271513
96 -0.0138502 0.209837
96.5 -0.0870816 0.145161
97 -0.170917 0.0921706
97.5 -0.230969 0.0574367
98 -0.241846 0.0389415
98.5 -0.198125 0.028201
99 -0.116162 0.0140777
99.5 -0.0261941 -0.0130211
100 0.0412421 -0.0578144
100.5 0.0680796 -0.118546
101 0.0549226 -0.187366
101.5 0.0184414 -0.252382
102 -0.0179855 -0.300663
102.5 -0.0354284 -0.321361
103 -0.0272037 -0.308218
103.5 -0.000382534 -0.260983
104 0.0286965 -0.185564
104.5 0.0421294 -0.0929979
105 0.0278228 0.00251381
105.5 -0.0161088 0.0861484
106 -0.0809059 0.145177
106.5 -0.150184 0.171417
107 -0.205084 0.162944
107.5 -0.229999 0.124656
108 -0.217386 0.0673792
108.5 -0.170326 0.00554769
109 -0.101878 -0.0461026
109.5 -0.0310705 -0.0760097
110 0.0234222 -0.078433
110.5 0.0497911 -0.0544836
111 0.0471971 -0.0112864
111.5 0.0256061 0.0403167
112 0.00120329 0.0886404
112.5 -0.0107702 0.12368
113 -0.00261119 0.13874
113.5 0.0228427 0.131146
114 0.0542474 0.102398
114.5 0.0779214 0.0580193
115 0.085233 0.00704333
115.5 0.0775948 -0.0392965
116 0.0664527 -0.0699714
116.5 0.0679483 -0.0773691
117 0.0944806 -0.0602179
117.5 0.147024 -0.0247245
118 0.211957 0.0171351
118.5 0.26433 0.0519668
119 0.276651 0.0702717
119.5 0.229794 0.0702297
120 0.121528 0.0579399
120.5 -0.0309296 0.0437897
121 -0.195426 0.0366803
121.5 -0.334637 0.0391042
122 -0.417185 0.0457501
122.5 -0.425944 0.0464754
123 -0.36084 0.0321072
123.5 -0.235999 -6.42537e-05
124 -0.0733462 -0.0441101
124.5 0.104168 -0.0878218
125 0.27711 -0.118354
125.5 0.430875 -0.128146
126 0.554611 -0.11807
126.5 0.639592 -0.096331
127 0.678711 -0.0740229
127.5 0.667656 -0.0598966
128 0.606974 -0.057102
128.5 0.503526 -0.0632798
129 0.370051 -0.0733819
129.5 0.222687 -0.0831387
130 0.0774335 -0.0910045
130.5 -0.0527741 -0.0976148
131 -0.159139 -0.103492
131.5 -0.236109 -0.106854
132 -0.279661 -0.103263
132.5 -0.286422 -0.0876329
133 -0.254766 -0.0575571
133.5 -0.18758 -0.0159694
134 -0.0950214 0.0285638
134.5 0.00492306 0.0643791
135 0.0894828 0.0810021
135.5 0.13729 0.0731897
136 0.135429 0.0429173
136.5 0.0842662 -0.0014006
137 -0.00224104 -0.0478247
137.5 -0.101031 -0.0844741
138 -0.18729 -0.102356
138.5 -0.241564 -0.0967597
139 -0.253933 -0.067402
139.5 -0.224278 -0.0179334
140 -0.159644 0.0447148
140.5 -0.0708501 0.111151
141 0.0298245 0.170815
141.5 0.129363 0.21388
142 0.214114 0.233387
142.5 0.27078 0.226775
143 0.28911 0.196074
143.5 0.265627 0.146642
144 0.206457 0.0851945
144.5 0.127201 0.0182498
145 0.0489953 -0.048222
145.5 -0.00814699 -0.108137
146 -0.032092 -0.154692
146.5 -0.0225155 -0.181021
147 0.00967534 -0.182456
147.5 0.0470699 -0.159449
148 0.0724593 -0.119262
148.5 0.074687 -0.0748525
149 0.0515166 -0.0407465
149.5 0.00894703 -0.0275419
150 -0.04208 -0.0376779
150.5 -0.0898669 -0.0646705
151 -0.125471 -0.096244
151.5 -0.144671 -0.119731
152 -0.148242 -0.126992
152.5 -0.140821 -0.116573
153 -0.128826 -0.0925251
153.5 -0.118028 -0.0612133
154 -0.111554 -0.0282789
154.5 -0.109199 0.00258311
155 -0.108508 0.0289081
155.5 -0.107234 0.0480518
156 -0.105823 0.0566854
156.5 -0.108203 0.0519456
157 -0.11992 0.0336008
157.5 -0.144302 0.00566114
158 -0.178877 -0.0239694
158.5 -0.214606 -0.0460297
159 -0.239096 -0.0534801
159.5 -0.242522 -0.0442782
160 -0.223017 -0.0219328
160.5 -0.188241 0.00633415
161 -0.15192 0.032701
161.5 -0.1272 0.0514769
162 -0.120653 0.060235
162.5 -0.130354 0.0592191
163 -0.14877 0.0498875
163.5 -0.168133 0.0337743
164 -0.18453 0.0123672
164.5 -0.19816 -0.0121856
165 -0.21024 -0.0363944
165.5 -0.219514 -0.0556502
166 -0.221543 -0.0655944
166.5 -0.211595 -0.0640269
167 -0.188873 -0.0522386
167.5 -0.158361 -0.0348383
168 -0.128066 -0.0179511
168.5 -0.102951 -0.00661086
169 -0.0798599 -0.00269125
169.5 -0.0477994 -0.00447159
170 0.00530712 -0.00804401
170.5 0.0828913 -0.00973993
171 0.173279 -0.00819334
171.5 0.251521 -0.00489718
172 0.289787 -0.00300513
172.5 0.271199 -0.00515067
173 0.199416 -0.0115969
173.5 0.0982667 -0.0197964
174 0.00121068 -0.0256011
174.5 -0.0639151 -0.0254416
175 -0.086905 -0.0183176
175.5 -0.0779509 -0.00662396
176 -0.0603171 0.00451559
176.5 -0.0573018 0.00904387
177 -0.0803584 0.00215163
177.5 -0.123985 -0.017893
178 -0.169122 -0.0487801
178.5 -0.192639 -0.0843339
179 -0.178077 -0.115909
179.5 -0.122948 -0.134828
180 -0.0399552 -0.13527
180.5 0.0477574 -0.116605
181 0.115027 -0.0840345
181.5 0.143367 -0.0468958
182 0.126786 -0.0150432
182.5 0.0728229 0.00517593
183 -0.00122687 0.0133505
183.5 -0.0750724 0.0144785
184 -0.132241 0.0156458
184.5 -0.164186 0.0216701
185 -0.17037 0.0321547
185.5 -0.155066 0.0416704
186 -0.123137 0.0430115
186.5 -0.0772843 0.031695
187 -0.0180098 0.00915367
187.5 0.0542479 -0.017163
188 0.136625 -0.0368206
188.5 0.222773 -0.040949
189 0.303863 -0.0260668
189.5 0.370911 0.00442736
190 0.417027 0.0413748
190.5 0.438603 0.0727206
191 0.435379 0.0868854
191.5 0.409978 0.0757585
192 0.367389 0.0369453
192.5 0.314216 -0.0249277
193 0.25718 -0.0982676
193.5 0.200817 -0.166526
194 0.145399 -0.212369
194.5 0.086843 -0.223186
195 0.0197961 -0.195957
195.5 -0.05681 -0.139188
196 -0.134685 -0.0704883
196.5 -0.195348 -0.0103822
197 -0.215699 0.025123
197.5 -0.17864 0.0299223
198 -0.0838158 0.00880685
198.5 0.0476376 -0.0260339
199 0.178146 -0.0608756
199.5 0.267481 -0.085586
200 0.289307 -0.0957132
200.5 0.242556 -0.0912232
201 0.151878 -0.0735091
201.5 0.056837 -0.0430396
202 -0.0049336 0.000761822
202.5 -0.0125439 0.0574939
203 0.0319342 0.123166
203.5 0.107712 0.188954
204 0.1866 0.242458
204.5 0.245067 0.271199
205 0.271437 0.266895
205.5 0.266103 0.228732
206 0.236668 0.16432
206.5 0.192098 0.0879448
207 0.139418 0.0166409
207.5 0.0839694 -0.0348154
208 0.0315917 -0.0585358
208.5 -0.00999672 -0.0562679
209 -0.0324118 -0.0390512
209.5 -0.0300954 -0.0233866
210 -0.00397724 -0.0248313
210.5 0.037128 -0.0512765
211 0.0785902 -0.0988157
211.5 0.104756 -0.152433
212 0.104286 -0.191766
212.5 0.0736928 -0.199731
213 0.0177918 -0.170181
213.5 -0.0527112 -0.11093
214 -0.125101 -0.0406266
214.5 -0.188338 0.0191042
215 -0.235347 0.0525334
215.5 -0.263515 0.0556226
216 -0.273671 0.0363568
216.5 -0.268228 0.00998283
217 -0.249287 -0.00815533
217.5 -0.217493 -0.00874648
218 -0.172232 0.00882138
218.5 -0.113272 0.0377165
219 -0.0432156 0.0675084
219.5 0.0305674 0.0884912
220 0.0960299 0.094726
220.5 0.139388 0.0850368
221 0.150283 0.0621885
221.5 0.127039 0.0310431
222 0.0792437 -0.00340553
222.5 0.025673 -0.0374141
223 -0.0123026 -0.0689076
223.5 -0.0193255 -0.0969331
224 0.00720109 -0.120551
224.5 0.0555528 -0.137864
225 0.104319 -0.145869
225.5 0.131273 -0.141425
226 0.12246 -0.122918
226.5 0.0774163 -0.0916805
227 0.00840802 -0.0521852
227.5 -0.0654916 -0.0106619
228 -0.12633 0.0272648
228.5 -0.163455 0.0586379
229 -0.175514 0.0837387
229.5 -0.168227 0.104816
230 -0.149914 0.123744
230.5 -0.127523 0.14005
231 -0.105 0.150556
231.5 -0.0841479 0.150893
232 -0.0666225 0.138028
232.5 -0.0552197 0.112324
233 -0.0533766 0.0779608
233.5 -0.0631418 0.0414695
234 -0.0829824 0.00918783
234.5 -0.106995 -0.0150459
235 -0.126318 -0.0308698
235.5 -0.132294 -0.040718
236 -0.119935 -0.0479895
236.5 -0.0900576 -0.0550417
237 -0.0490711 -0.061939
237.5 -0.00655588 -0.0664462
238 0.028269 -0.0651858
238.5 0.0496883 -0.0554261
239 0.0570524 -0.0367526
239.5 0.0543499 -0.0119243
240 0.0482154 0.0135037
240.5 0.0453186 0.0327677
241 0.0501401 0.0401867
241.5 0.0638105 0.0333003
242 0.0841927 0.0139638
242.5 0.106943 -0.0121362
243 0.12704 -0.0374368
243.5 0.140231 -0.0551681
244 0.144006 -0.0616446
244.5 0.137913 -0.0572477
245 0.123266 -0.0457673
245.5 0.1025 -0.0325056
246 0.0784362 -0.0220585
246.5 0.0537337 -0.0167409
247 0.0306076 -0.0162206
247.5 0.0107722 -0.0183135
248 -0.00455309 -0.0203859
248.5 -0.0147063 -0.020643
249 -0.0197211 -0.0187714
249.5 -0.0204068 -0.0158063
250 -0.0181896 -0.0134539
250.5 -0.014645 -0.0132681
251 -0.0108746 -0.016015
251.5 -0.0070773 -0.021372
252 -0.00266751 -0.0279425
252.5 0.00295634 -0.0335119
253 0.0093055 -0.0355017
253.5 0.0140042 -0.0316129
254 0.0129618 -0.0205909
254.5 0.00176524 -0.00291278
255 -0.0221294 0.0189146
255.5 -0.0574071 0.0407216
256 -0.0982225 0.0577483
256.5 -0.135473 0.0661168
257 -0.15972 0.0641339
257.5 -0.164599 0.0528472
258 -0.1492 0.035586
258.5 -0.118329 0.016681
259 -0.0805339 -5.51459e-05
259.5 -0.0448276 -0.0124242
260 -0.0176082 -0.0201089
260.5 -0.00106335 -0.0241507
261 0.00647183 -0.0260462
261.5 0.00870647 -0.026975
262 0.00923221 -0.0274795
262.5 0.0100675 -0.0275958
263 0.0113992 -0.027188
263.5 0.0123091 -0.0262034
264 0.0118253 -0.024716
264.5 0.00965108 -0.0228227
265 0.00627577 -0.0205518
265.5 0.002598 -0.0178921
266 -0.000574369 -0.0149177
266.5 -0.00282883 -0.0118856
267 -0.00415625 -0.00920095
267.5 -0.0047704 -0.00724746
268 -0.00491718 -0.00618831
268.5 -0.00478171 -0.00586911
269 -0.00448418 -0.00588475
269.5 -0.00409189 -0.00576447
270 -0.00359878 -0.00516422
270.5 -0.00288992 -0.00397079
271 -0.00174941 -0.00229427
271.5 5.2159e-05 -0.000392409
272 0.00261653 0.00141367
272.5 0.0057986 0.00280584
273 0.00918318 0.00352988
273.5 0.0121816 0.00346926
274 0.0142107 0.0027177
274.5 0.01488 0.00160104
275 0.0141209 0.000600565
275.5 0.0122165 0.000179349
276 0.00972872 0.000580575
276.5 0.00734182 0.00170093
277 0.0056623 0.00311471
277.5 0.00503166 0.00424726
278 0.00541853 0.00461666
278.5 0.00644147 0.0040292
279 0.00752795 0.0026425
279.5 0.00815197 0.000880128
280 0.00804586 -0.000750277
280.5 0.00728527 -0.00185095
281 0.00620633 -0.00226539
281.5 0.00520195 -0.00210923
282 0.00451026 -0.00170256
282.5 0.00411094 -0.00143457
283 0.00378189 -0.00160755
283.5 0.00327401 -0.00231273
284 0.00249348 -0.00338416
284.5 0.00157752 -0.00445507
285 0.000814912 -0.00510343
285.5 0.000456636 -0.00503275
286 0.000530732 -0.0042106
286.5 0.000777679 -0.00289861
287 0.000756462 -0.00155425
287.5 7.40391e-05 -0.000644742
288 -0.0013826 -0.000456894
288.5 -0.00334004 -0.000988433
289 -0.00522217 -0.00196574
289.5 -0.00638863 -0.00297183
290 -0.00641164 -0.00361879
290.5 -0.00525714 -0.00368552
291 -0.00328942 -0.00316723
291.5 -0.00111048 -0.0022307
292 0.000676361 -0.00111247
292.5 0.00166513 -1.51941e-05
293 0.00173142 0.000953515
293.5 0.000994417 0.0017846
294 -0.000293444 0.00252724
294.5 -0.00186174 0.00323383
295 -0.00349669 0.00391672
295.5 -0.00506634 0.00453052
296 -0.00651169 0.00497962
296.5 -0.00782049 0.00514397
297 -0.00899023 0.00491542
297.5 -0.00998296 0.00423792
298 -0.0106853 0.00314311
298.5 -0.0109009 0.00176855
299 -0.0104 0.000345024
299.5 -0.00902522 -0.000853084
300 -0.0068081 -0.00158354
300.5 -0.00403193 -0.00171076
301 -0.00118593 -0.00124556
301.5 0.00118809 -0.000329458
302 0.00269405 0.000830388
302.5 0.00322982 0.00204277
303 0.00301016 0.00318823
303.5 0.00245275 0.00422192
304 0.00198567 0.00512873
304.5 0.00187051 0.00586578
305 0.00211987 0.0063357
305.5 0.00253325 0.00641418
306 0.00281719 0.00601924
306.5 0.00272388 0.00517974
307 0.00214943 0.00405687
307.5 0.00116456 0.00289741
308 -1.67524e-05 0.00193795
308.5 -0.00110713 0.00130902
309 -0.00182974 0.000990109
309.5 -0.00199713 0.000839212
310 -0.0015683 0.000679612
310.5 -0.000667502 0.000396384
311 0.000447692 -7.8669e-06
311.5 0.0014661 -0.000424116
312 0.00212549 -0.000704014
312.5 0.00229685 -0.000743761
313 0.00201274 -0.000540238
313.5 0.00142749 -0.000193208
314 0.000731409 0.00014268
314.5 6.4827e-05 0.000327789
315 -0.000524596 0.000293806
315.5 -0.00106543 6.24026e-05
316 -0.00160577 -0.000276115
316.5 -0.00215633 -0.000607229
317 -0.00266853 -0.000835238
317.5 -0.00305684 -0.000906509
318 -0.00324614 -0.000808796
318.5 -0.00321131 -0.000555815
319 -0.00298598 -0.000171685
319.5 -0.00263992 0.000314386
320 -0.00224455 0.000862726
320.5 -0.00185052 0.00141548
321 -0.0014879 0.00189709
321.5 -0.00118131 0.00222787
322 -0.000961433 0.00234667
322.5 -0.000859023 0.00223095
323 -0.000883345 0.00190359
323.5 -0.00100188 0.00142224
324 -0.00114109 0.000857849
324.5 -0.00121613 0.000274897
325 -0.00117841 -0.000275674
325.5 -0.00105497 -0.000749132
326 -0.000954236 -0.00109402
326.5 -0.00102774 -0.00124759
327 -0.0014009 -0.00114895
327.5 -0.00210426 -0.000767442
328 -0.00303967 -0.000131694
328.5 -0.00400155 0.000659025
329 -0.00474784 0.00145237
329.5 -0.00509034 0.00208547
330 -0.00496403 0.00243479
330.5 -0.00444357 0.00245111
331 -0.00370051 0.00216564
331.5 -0.00292313 0.00166818
332 -0.00223837 0.00107193
332.5 -0.00167209 0.000483256
333 -0.00116288 -1.27039e-05
333.5 -0.000616336 -0.000351823
334 3.19952e-05 -0.000486901
334.5 0.000777738 -0.000390179
335 0.00154896 -6.47303e-05
335.5 0.00224085 0.00044315
336 0.00276129 0.00104278
336.5 0.00306368 0.00161654
337 0.00315442 0.00205238
337.5 0.00307801 0.00227765
338 0.00289203 0.00227821
338.5 0.00264578 0.00209353
339 0.00237022 0.00179051
339.5 0.00208036 0.00142968
340 0.00178591 0.00104019
340.5 0.00150416 0.000615203
341 0.00126806 0.000128328
341.5 0.00112314 -0.000438003
342 0.0011107 -0.00106675
342.5 0.00124132 -0.00169571
343 0.00147129 -0.00222781
343.5 0.00169784 -0.00255912
344 0.00178367 -0.00261413
344.5 0.00160652 -0.00237474
345 0.00111384 -0.00189209
345.5 0.000355498 -0.00127594
346 -0.000524657 -0.000665304
346.5 -0.00133773 -0.000190054
347 -0.00191759 6.33074e-05
347.5 -0.00217647 7.09719e-05
348 -0.00212476 -0.000128614
348.5 -0.00185079 -0.000452583
349 -0.00147594 -0.000801126
349.5 -0.00110964 -0.00108514
350 -0.000822986 -0.00124639
350.5 -0.000646281 -0.00126627
351 -0.000582379 -0.00116306
351.5 -0.000622697 -0.000980182
352 -0.000756261 -0.000769355
352.5 -0.000969661 -0.000573278
353 -0.00124171 -0.000412772
353.5 -0.00153822 -0.000282608
354 -0.00181058 -0.000158088
354.5 -0.00199953 -1.06681e-05
355 -0.00204375 0.000173271
355.5 -0.00189248 0.000378865
356 -0.00151945 0.000561705
356.5 -0.000934283 0.000661627
357 -0.000186454 0.000626771
357.5 0.000641078 0.000437716
358 0.00144738 0.000120302
358.5 0.00213295 -0.000259859
359 0.00261645 -0.00061996
359.5 0.0028447 -0.000890342
360 0.00279646 -0.00103929
360.5 0.0024833 -0.00108134
361 0.00195029 -0.00106572
361.5 0.00127496 -0.00105069
362 0.000559827 -0.00107549
362.5 -8.55861e-05 -0.00114227
363 -0.0005713 -0.00121508
363.5 -0.000852431 -0.00123518
364 -0.000940734 -0.0011457
364.5 -0.000893384 -0.000915451
365 -0.000781649 -0.000553629
365.5 -0.000654224 -0.000110944
366 -0.000515103 0.000332638
366.5 -0.000329475 0.000689586
367 -5.57224e-05 0.000889768
367.5 0.000314309 0.000901356
368 0.000731117 0.000740724
368.5 0.00109617 0.000466761
369 0.0013019 0.000159885
369.5 0.00128315 -0.000107703
370 0.00105287 -0.000298942
370.5 0.000702591 -0.000423726
371 0.000367413 -0.000528683
371.5 0.000173839 -0.000667988
372 0.000196212 -0.000868381
372.5 0.000440273 -0.00110625
373 0.000855674 -0.00131041
373.5 0.00136412 -0.00139222
374 0.00188497 -0.00129042
374.5 0.00234707 -0.00100883
375 0.00268815 -0.000626608
375.5 0.00285213 -0.000272924
376 0.00279433 -7.51515e-05
376.5 0.00249622 -0.000103648
377 0.00198169 -0.000339051
377.5 0.00132262 -0.000678177
378 0.000626026 -0.000976463
378.5 4.91861e-06 -0.00110747
379 -0.000455952 -0.00101222
379.5 -0.000725221 -0.000716775
380 -0.000830681 -0.00031265
380.5 -0.000843937 8.74838e-05
381 -0.000850379 0.000395511
381.5 -0.000915589 0.000573759
382 -0.0010595 0.000632358
382.5 -0.00124645 0.00060529
383 -0.00139416 0.000522643
383.5 -0.00139953 0.000395987
384 -0.00117384 0.000223498
384.5 -0.000676807 8.1898e-06
385 6.21852e-05 -0.00022567
385.5 0.000944662 -0.000431221
386 0.00182768 -0.000555947
386.5 0.00256615 -0.000567808
387 0.00305847 -0.000474669
387.5 0.00327782 -0.000324084
388 0.00327533 -0.000181539
388.5 0.00315238 -9.81322e-05
389 0.00301293 -8.55535e-05
389.5 0.0029177 -0.000112967
390 0.00286218 -0.000128355
390.5 0.00278984 -9.28205e-05
391 0.00263359 -8.32415e-06
391.5 0.00236264 7.77917e-05
392 0.00200797 9.5437e-05
392.5 0.00165074 -9.96538e-06
393 0.00137969 -0.000244641
393.5 0.00124178 -0.000557858
394 0.00121559 -0.00086326
394.5 0.00122338 -0.00107905
395 0.00117513 -0.00116518
395.5 0.00101879 -0.00113722
396 0.000767662 -0.00104992
396.5 0.00049089 -0.000960773
397 0.000274433 -0.000895285
397.5 0.000176341 -0.000834062
398 0.000200159 -0.000728857
398.5 0.000296744 -0.0005373
399 0.000387669 -0.000255244
399.5 0.000394075 7.27431e-05
400 0.000257644 0.000371228
400.5 -4.94733e-05 0.000570123
401 -0.000520852 0.000639098
401.5 -0.00111303 0.000601581
402 -0.00174505 0.000521619
402.5 -0.0023069 0.000471684
403 -0.0026818 0.000498856
403.5 -0.00277837 0.000606012
404 -0.00255973 0.000755252
404.5 -0.0020552 0.000888914
405 -0.00134866 0.000955765
405.5 -0.000550967 0.000929909
406 0.000228502 0.000816089
406.5 0.000898115 0.000642995
407 0.00138679 0.000451147
407.5 0.00164275 0.000281853
408 0.00163965 0.000170055
408.5 0.0013928 0.000139799
409 0.000974753 0.000199743
409.5 0.00051345 0.000338087
410 0.00016196 0.000519833
410.5 4.59237e-05 0.000691126
411 0.000210905 0.000793588
411.5 0.00059689 0.000786112
412 0.00105624 0.000665719
412.5 0.00141032 0.000476487
413 0.0015205 0.000298992
413.5 0.00134215 0.000221298
414 0.000938744 0.000302372
414.5 0.000452003 0.000544292
415 4.28793e-05 0.000887176
415.5 -0.000171136 0.00123067
416 -0.00015813 0.00147306
416.5 2.0802e-05 0.00155034
417 0.000239167 0.00145758
417.5 0.00035585 0.00124417
418 0.000269904 0.000987534
418.5 -4.07678e-05 0.000759649
419 -0.000511272 0.000602521
419.5 -0.00101543 0.000521817
420 -0.00141539 0.000497369
420.5 -0.00161493 0.000501284
421 -0.00159412 0.000513009
421.5 -0.00141117 0.000525274
422 -0.00117244 0.000541413
422.5 -0.000985931 0.000568586
423 -0.000920383 0.000611281
423.5 -0.000986929 0.000666929
424 -0.0011471 0.000723583
424.5 -0.00133789 0.000760121
425 -0.00149859 0.000750975
425.5 -0.00158732 0.000676934
426 -0.00158444 0.000539642
426.5 -0.00148772 0.00037191
427 -0.00130611 0.000233848
427.5 -0.00105573 0.0001898
428 -0.000757032 0.000272552
428.5 -0.00043112 0.000452735
429 -9.54943e-05 0.00063431
429.5 0.000236948 0.000686932
430 0.000552207 0.000506184
430.5 0.000823997 7.41387e-05
431 0.00100446 -0.00051272
431.5 0.00102637 -0.00106801
432 0.000821911 -0.00138609
432.5 0.00035338 -0.00132761
433 -0.000357501 -0.000879256
433.5 -0.00121722 -0.000159204
434 -0.00207444 0.000633249
434.5 -0.00275834 0.00129796
435 -0.00312864 0.00170585
435.5 -0.00311987 0.0018318
436 -0.00276413 0.00174034
436.5 -0.00218417 0.00153897
437 -0.00155779 0.0013263
437.5 -0.00106353 0.00115862
438 -0.000824417 0.00104412
438.5 -0.000868941 0.000959157
439 -0.00112425 0.000872719
439.5 -0.00144611 0.000766255
440 -0.00167535 0.000642668
440.5 -0.00169821 0.000524399
441 -0.00148536 0.000443703
441.5 -0.00109366 0.000428539
442 -0.00063256 0.000487662
442.5 -0.00021406 0.000599671
443 8.88167e-05 0.000711825
443.5 0.000256833 0.000752782
444 0.000310938 0.000657807
444.5 0.000283533 0.000397749
445 0.000193545 -1.48469e-06
445.5 3.85991e-05 -0.000460103
446 -0.000194378 -0.000868588
446.5 -0.000508917 -0.00112588
447 -0.000881275 -0.00117523
447.5 -0.001254 -0.00102218
448 -0.00154364 -0.000727804
448.5 -0.00166058 -0.000382048
449 -0.00153626 -7.03358e-05
449.5 -0.00115092 0.00015224
450 -0.000552564 0.000270646
450.5 0.000142826 0.00030364
451 0.000775985 0.000288195
451.5 0.00119064 0.000263072
452 0.00128598 0.000257456
452.5 0.00105325 0.000286275
453 0.000578435 0.000350601
453.5 7.99174e-06 0.000440557
454 -0.000507182 0.000538972
454.5 -0.000863659 0.000625159
455 -0.00103083 0.000678824
455.5 -0.00104276 0.000684011
456 -0.000967432 0.000632665
456.5 -0.000873236 0.000527282
457 -0.000808576 0.000382034
457.5 -0.000797332 0.000221683
458 -0.000841952 7.75639e-05
458.5 -0.000924262 -1.96591e-05
459 -0.00100237 -4.94208e-05
459.5 -0.00101204 -1.00118e-05
460 -0.000883227 7.73926e-05
460.5 -0.000573223 0.000172749
461 -0.000102841 0.000229472
461.5 0.000427303 0.000211161
462 0.000858325 0.000105814
462.5 0.0010311 -6.9074e-05
463 0.000856971 -0.000273255
463.5 0.000365828 -0.00045936
464 -0.000295757 -0.000590158
464.5 -0.000918957 -0.000649732
465 -0.00131508 -0.000644444
465.5 -0.0013868 -0.000595108
466 -0.0011558 -0.00052593
466.5 -0.000738053 -0.000456272
467 -0.000284327 -0.000398307
467.5 8.15398e-05 -0.000359276
468 0.000298294 -0.000344462
468.5 0.000366824 -0.000357441
469 0.000324103 -0.00039727
469.5 0.000212798 -0.000455368
470 6.43029e-05 -0.000515793
470.5 -0.000100134 -0.000560588
471 -0.00025855 -0.000578175
471.5 -0.000380894 -0.000570072
472 -0.000433332 -0.000551305
472.5 -0.000392353 -0.000543166
473 -0.000259133 -0.000561375
473.5 -6.4069e-05 -0.000605829
474 0.000142416 -0.000657765
474.5 0.000308401 -0.000686565
475 0.000398948 -0.000663315
475.5 0.00040596 -0.000574547
476 0.000346212 -0.000429337
476.5 0.000250584 -0.000256353
477 0.000150964 -9.26552e-05
477.5 7.08388e-05 2.98082e-05
478 2.20884e-05 9.32636e-05
478.5 6.69962e-06 9.50522e-05
479 1.99847e-05 4.17644e-05
479.5 5.23038e-05 -5.81232e-05
480 8.85806e-05 -0.000197359
480.5 0.000107451 -0.000366505
481 8.31016e-05 -0.000546995
481.5 -8.1347e-06 -0.000707242
482 -0.000177246 -0.00080758
482.5 -0.000412175 -0.000814587
483 -0.000673459 -0.000718652
483.5 -0.000900385 -0.000544671
484 -0.00102792 -0.000347703
484.5 -0.00100921 -0.000192795
485 -0.000834638 -0.000127218
485.5 -0.000538791 -0.00015869
486 -0.000190963 -0.000251317
486.5 0.000127788 -0.000342295
487 0.000352162 -0.000371638
487.5 0.000453441 -0.000310144
488 0.000445208 -0.000171689
488.5 0.000372079 -4.2355e-06
489 0.00028696 0.000134886
489.5 0.000227147 0.00020603
490 0.000199848 0.000202889
490.5 0.00018322 0.000149974
491 0.000141828 8.52547e-05
491.5 4.86882e-05 3.87282e-05
492 -9.71144e-05 1.873e-05
492.5 -0.000266126 1.23296e-05
493 -0.000409922 -2.21448e-06
493.5 -0.000482622 -3.9398e-05
494 -0.000461709 -9.64483e-05
494.5 -0.000357605 -0.00015476
495 -0.000207356 -0.000191402
495.5 -5.60964e-05 -0.000193812
496 6.37945e-05 -0.000169333
496.5 0.000145255 -0.00014433
497 0.000205261 -0.000153088
497.5 0.000271818 -0.000221826
498 0.000367102 -0.000355381
498.5 0.000495569 -0.000532748
499 0.000641939 -0.000713523
499.5 0.000778175 -0.000852528
500 0.00087452 -0.000916462
