-1.998 3.08545e-07 8.52431e-07
-1.996 -7.40424e-07 2.87007e-06
-1.994 -4.88429e-06 5.17011e-06
-1.992 -1.12606e-05 7.50734e-06
-1.99 -1.6145e-05 1.08828e-05
-1.988 -1.38783e-05 1.75594e-05
-1.986 1.31697e-06 3.04397e-05
-1.984 3.32337e-05 5.2011e-05
-1.982 8.20062e-05 8.32388e-05
-1.98 0.000143445 0.000122824
-1.978 0.000209638 0.000167131
-1.976 0.000270658 0.000210857
-1.974 0.000316865 0.000248287
-1.972 0.000341123 0.000274735
-1.97 0.000340288 0.000287741
-1.968 0.000315623 0.000287643
-1.966 0.000272107 0.000277341
-1.964 0.000217028 0.000261365
-1.962 0.000158423 0.000244562
-1.96 0.000103996 0.000230873
-1.958 6.09141e-05 0.000222585
-1.956 3.64764e-05 0.000220276
-1.954 3.92172e-05 0.000223341
-1.952 7.96184e-05 0.000230762
-1.95 0.000169569 0.00024164
-1.948 0.000319993 0.000255112
-1.946 0.000536698 0.000269521
-1.944 0.000815242 0.000281076
-1.942 0.00113629 0.000282593
-1.94 0.00146326 0.000263047
-1.938 0.00174395 0.000208653
-1.936 0.00191702 0.000105772
-1.934 0.00192324 -5.4616e-05
-1.932 0.00171975 -0.000271801
-1.93 0.00129459 -0.00053112
-1.928 0.000677738 -0.000802278
-1.926 -5.50403e-05 -0.00104163
-1.924 -0.000787911 -0.00119898
-1.922 -0.00138105 -0.00122815
-1.92 -0.00169527 -0.00109953
-1.918 -0.00162104 -0.0008115
-1.916 -0.00110633 -0.0003975
-1.914 -0.000176637 7.39753e-05
-1.912 0.00105808 0.000507989
-1.91 0.00241324 0.000799826
-1.908 0.00365631 0.000857135
-1.906 0.00454674 0.000623123
-1.904 0.00488228 9.54638e-05
-1.902 0.00454254 -0.000664251
-1.9 0.00352052 -0.00153412
-1.898 0.00193441 -0.00234961
-1.896 1.57492e-05 -0.00293315
-1.894 -0.00192539 -0.00313039
-1.892 -0.0035528 -0.00284576
-1.89 -0.00456484 -0.00206941
-1.888 -0.00475208 -0.000888422
-1.886 -0.00404044 0.000521573
-1.884 -0.00251117 0.00192477
-1.882 -0.000393115 0.00306912
-1.88 0.00197198 0.00373768
-1.878 0.00418471 0.00379664
-1.876 0.00585409 0.00322927
-1.874 0.00666235 0.00214706
-1.872 0.00641745 0.000774248
-1.87 0.00508457 -0.000592876
-1.868 0.00279218 -0.00164449
-1.866 -0.000187157 -0.00212206
-1.864 -0.00347672 -0.00187593
-1.862 -0.00664881 -0.000903004
-1.86 -0.00928215 0.000644744
-1.858 -0.0110153 0.00248425
-1.856 -0.0115895 0.00425456
-1.854 -0.0108788 0.00558919
-1.852 -0.00890477 0.0061932
-1.85 -0.00583902 0.00590816
-1.848 -0.0019924 0.00475072
-1.846 0.0022078 0.00291503
-1.844 0.00625385 0.000737394
-1.842 0.00960719 -0.00137071
-1.84 0.0117605 -0.00300744
-1.838 0.0123083 -0.00386527
-1.836 0.0110193 -0.00379673
-1.834 0.00789778 -0.00284638
-1.832 0.0032236 -0.0012409
-1.83 -0.00244518 0.00066077
-1.828 -0.00831557 0.00244663
-1.826 -0.0134533 0.00374246
-1.824 -0.0169209 0.00429371
-1.822 -0.0179419 0.00401964
-1.82 -0.0160659 0.00302725
-1.818 -0.0112988 0.00158127
-1.816 -0.00416782 3.70499e-05
-1.814 0.00430441 -0.00124816
-1.812 0.0127251 -0.00200401
-1.81 0.0195464 -0.00211374
-1.808 0.0233387 -0.00164102
-1.806 0.0230765 -0.00080905
-1.804 0.0183785 6.38748e-05
-1.802 0.00964914 0.000656599
-1.8 -0.00191982 0.000741063
-1.798 -0.0145016 0.000256063
-1.796 -0.0259269 -0.000662525
-1.794 -0.0340695 -0.00170598
-1.792 -0.0372562 -0.00246853
-1.79 -0.0346209 -0.00255802
-1.788 -0.026327 -0.00171426
-1.786 -0.0136035 9.63471e-05
-1.784 0.00142515 0.0026375
-1.782 0.0160974 0.0054279
-1.78 0.0276994 0.00783472
-1.778 0.0339869 0.00921833
-1.776 0.0336417 0.00909621
-1.774 0.0265673 0.00728598
-1.772 0.0139567 0.00398887
-1.77 -0.00188914 -0.000213223
-1.768 -0.0179664 -0.00445529
-1.766 -0.0311243 -0.00776619
-1.764 -0.0386668 -0.00928929
-1.762 -0.0388813 -0.00849692
-1.76 -0.0313894 -0.0053461
-1.758 -0.0172442 -0.000333243
-1.756 0.00124827 0.00557333
-1.754 0.020952 0.0111166
-1.752 0.0384857 0.0150152
-1.75 0.0508536 0.0162518
-1.748 0.0559979 0.0143217
-1.746 0.0531664 0.00937928
-1.744 0.0430266 0.00224438
-1.742 0.0275084 -0.00574218
-1.74 0.0094118 -0.0129877
-1.738 -0.00814111 -0.0179861
-1.736 -0.0223 -0.0196523
-1.734 -0.0310103 -0.0175748
-1.732 -0.0333683 -0.0121277
-1.73 -0.0297437 -0.00441187
-1.728 -0.0216561 0.00396848
-1.726 -0.0114389 0.0112454
-1.724 -0.00176725 0.0158712
-1.722 0.00485524 0.0168609
-1.72 0.00655216 0.0140135
-1.718 0.00239538 0.00796177
-1.716 -0.00745652 3.49683e-05
-1.714 -0.021812 -0.00803613
-1.712 -0.0386679 -0.0145065
-1.71 -0.0555473 -0.018009
-1.708 -0.0698892 -0.0178622
-1.706 -0.079426 -0.0142222
-1.704 -0.0824958 -0.00804286
-1.702 -0.078254 -0.000854412
-1.7 -0.0667714 0.00559151
-1.698 -0.0490184 0.00972679
-1.696 -0.0267478 0.0105296
-1.694 -0.00229349 0.00776149
-1.692 0.0216937 0.00202388
-1.69 0.0425499 -0.00537755
-1.688 0.0579156 -0.0127293
-1.686 0.0660361 -0.0182976
-1.684 0.0660106 -0.0207177
-1.682 0.0579569 -0.0192951
-1.68 0.0430564 -0.0141509
-1.678 0.0234563 -0.00618019
-1.676 0.00202049 0.00316233
-1.674 -0.0180559 0.012196
-1.672 -0.0337212 0.0193863
-1.67 -0.0425619 0.0236676
-1.668 -0.0432286 0.0246442
-1.666 -0.0357072 0.0226275
-1.664 -0.0213705 0.0185086
-1.662 -0.00278025 0.0135045
-1.66 0.0167393 0.00884289
-1.658 0.0336902 0.00546892
-1.656 0.0450456 0.0038419
-1.654 0.0488239 0.00387202
-1.652 0.0444739 0.00500516
-1.65 0.0329838 0.00642683
-1.648 0.0166806 0.0073242
-1.646 -0.00124569 0.00713144
-1.644 -0.0173985 0.0056901
-1.642 -0.028874 0.00328114
-1.64 -0.0338541 0.000521357
-1.638 -0.0319631 -0.00184532
-1.636 -0.02431 -0.00320219
-1.634 -0.0132044 -0.00328649
-1.632 -0.0016104 -0.0023208
-1.63 0.00754227 -0.00100482
-1.628 0.0120312 -0.000360167
-1.626 0.0108456 -0.00146115
-1.624 0.0044051 -0.0051186
-1.622 -0.00555556 -0.0116014
-1.62 -0.0164073 -0.0204758
-1.618 -0.0252506 -0.0306163
-1.616 -0.029596 -0.0403994
-1.614 -0.0279402 -0.0480451
-1.612 -0.0201072 -0.0520291
-1.61 -0.00727691 -0.0514682
-1.608 0.00830082 -0.0463783
-1.606 0.0238345 -0.0377349
-1.604 0.0366315 -0.027305
-1.602 0.0446939 -0.0172806
-1.6 0.0471242 -0.00979031
-1.598 0.0442441 -0.00640385
-1.596 0.037403 -0.00774902
-1.594 0.0285338 -0.0133396
-1.592 0.019579 -0.0216637
-1.59 0.0119428 -0.0305214
-1.588 0.00611627 -0.0375367
-1.586 0.00157775 -0.0407262
-1.584 -0.00300234 -0.0389883
-1.582 -0.00930272 -0.0323893
-1.58 -0.018757 -0.0221714
-1.578 -0.0319823 -0.0104717
-1.576 -0.0483897 0.000187595
-1.574 -0.0660974 0.0075191
-1.572 -0.082192 0.0100486
-1.57 -0.0932985 0.00751026
-1.568 -0.0963363 0.000953992
-1.566 -0.0892843 -0.00746831
-1.564 -0.0717695 -0.0149977
-1.562 -0.0453275 -0.0189326
-1.56 -0.0132554 -0.0173081
-1.558 0.0199293 -0.00942378
-1.556 0.0493194 0.00391324
-1.554 0.0705643 0.0205032
-1.552 0.0807265 0.0372104
-1.55 0.0788575 0.0506642
-1.548 0.0661621 0.0580396
-1.546 0.0457111 0.0577332
-1.544 0.0217691 0.0497677
-1.542 -0.00111416 0.0358255
-1.54 -0.0190416 0.0188953
-1.538 -0.0295326 0.00261054
-1.536 -0.0319503 -0.00957055
-1.534 -0.0275138 -0.015154
-1.532 -0.0189065 -0.013182
-1.53 -0.00958545 -0.00445099
-1.528 -0.00295512 0.00867919
-1.526 -0.0015985 0.0228416
-1.524 -0.00673715 0.0344532
-1.522 -0.0180339 0.0405498
-1.52 -0.0337655 0.0394663
-1.518 -0.0513023 0.0312003
-1.516 -0.0677605 0.0173756
-1.514 -0.0806598 0.00082076
-1.512 -0.0884274 -0.0151323
-1.51 -0.0906398 -0.027454
-1.508 -0.0879627 -0.0341302
-1.506 -0.0818243 -0.034605
-1.504 -0.0739221 -0.029849
-1.502 -0.0657017 -0.0220379
-1.5 -0.0579491 -0.0139315
-1.498 -0.0506075 -0.00811642
-1.496 -0.0428687 -0.00631175
-1.494 -0.0335094 -0.00891874
-1.492 -0.0213752 -0.0149301
-1.49 -0.00587143 -0.022223
-1.488 0.0126824 -0.028159
-1.486 0.0329385 -0.0303387
-1.484 0.0526905 -0.0273113
-1.482 0.0692975 -0.0190517
-1.48 0.0802712 -0.00706698
-1.478 0.0838941 0.00591025
-1.476 0.0797239 0.0165804
-1.474 0.0688559 0.0219304
-1.472 0.0538615 0.0200661
-1.47 0.0383915 0.0108078
-1.468 0.026509 -0.00412006
-1.466 0.0218853 -0.0213713
-1.464 0.0270261 -0.0366862
-1.462 0.0426956 -0.0458718
-1.46 0.0676611 -0.0458252
-1.458 0.0988113 -0.035356
-1.456 0.131627 -0.0155972
-1.454 0.160914 0.0101107
-1.452 0.18166 0.0368613
-1.45 0.18987 0.0592189
-1.448 0.183225 0.0724223
-1.446 0.161465 0.0734833
-1.444 0.126424 0.0619216
-1.442 0.0817457 0.0399618
-1.44 0.0323198 0.0121346
-1.438 -0.0164414 -0.0156418
-1.436 -0.0593691 -0.0373074
-1.434 -0.0922328 -0.0479676
-1.432 -0.112274 -0.0449786
-1.43 -0.118517 -0.0285682
-1.428 -0.111839 -0.00184942
-1.426 -0.0947832 0.0297866
-1.424 -0.0711774 0.0597716
-1.422 -0.0455885 0.0817184
-1.42 -0.0227054 0.0907387
-1.418 -0.00672022 0.0844402
-1.416 -0.000779157 0.0633955
-1.414 -0.00656113 0.0309974
-1.412 -0.0240296 -0.00725212
-1.41 -0.0513917 -0.0448578
-1.408 -0.0852843 -0.0756149
-1.406 -0.121186 -0.094797
-1.404 -0.154017 -0.10001
-1.402 -0.17886 -0.0915491
-1.4 -0.191703 -0.0722084
-1.398 -0.190082 -0.0465916
-1.396 -0.173527 -0.0201016
-1.394 -0.143733 0.00217352
-1.392 -0.10439 0.0164383
-1.39 -0.0607079 0.0208375
-1.388 -0.0186609 0.0156609
-1.386 0.0159272 0.00309297
-1.384 0.0383149 -0.0134084
-1.382 0.0456339 -0.029948
-1.38 0.0373922 -0.0430491
-1.378 0.0155946 -0.0503418
-1.376 -0.0155507 -0.0509461
-1.374 -0.0502964 -0.0454892
-1.372 -0.0822891 -0.0357862
-1.37 -0.10562 -0.0242845
-1.368 -0.115819 -0.0134222
-1.366 -0.110617 -0.00505171
-1.364 -0.0903379 -5.79838e-05
-1.362 -0.0578349 0.00175329
-1.36 -0.0179791 0.00148631
-1.358 0.0232071 0.000757497
-1.356 0.0596142 0.00117648
-1.354 0.0861096 0.00384175
-1.352 0.0994132 0.0089833
-1.35 0.0986328 0.0158467
-1.348 0.0853716 0.0228495
-1.346 0.0633902 0.0279706
-1.344 0.0378855 0.0292727
-1.342 0.014516 0.0254271
-1.34 -0.00164856 0.0161102
-1.338 -0.00705615 0.00217258
-1.336 -0.000302912 -0.014466
-1.334 0.0176541 -0.0311797
-1.332 0.0437398 -0.0451831
-1.33 0.0734083 -0.0541395
-1.328 0.101562 -0.0566896
-1.326 0.123563 -0.0527731
-1.324 0.13612 -0.0436612
-1.322 0.137892 -0.031685
-1.32 0.129661 -0.0197213
-1.318 0.114053 -0.0105489
-1.316 0.0948669 -0.00622044
-1.314 0.0761638 -0.00758792
-1.312 0.0613123 -0.0140881
-1.31 0.0522126 -0.0238403
-1.308 0.048868 -0.0340424
-1.306 0.0494067 -0.0415854
-1.304 0.0505592 -0.0437479
-1.302 0.0485018 -0.0388119
-1.3 0.0398898 -0.0264539
-1.298 0.022854 -0.00782285
-1.296 -0.00227371 0.0147024
-1.294 -0.0326967 0.038013
-1.292 -0.0634484 0.0589067
-1.29 -0.0882193 0.0747266
-1.288 -0.100566 0.0838741
-1.286 -0.095257 0.0861002
-1.284 -0.0694639 0.0825223
-1.282 -0.023552 0.0753622
-1.28 0.0387234 0.0674636
-1.278 0.110665 0.0616948
-1.276 0.183662 0.0603689
-1.274 0.24861 0.0648074
-1.272 0.297452 0.0751247
-1.27 0.324557 0.0902532
-1.268 0.327643 0.10817
-1.266 0.308087 0.126254
-1.264 0.270552 0.141701
-1.262 0.222032 0.151916
-1.26 0.17051 0.154854
-1.258 0.123525 0.149251
-1.256 0.0869098 0.13475
-1.254 0.0639507 0.111928
-1.252 0.0550811 0.0822336
-1.25 0.0581339 0.0478692
-1.248 0.0690442 0.0116221
-1.246 0.0828182 -0.0233613
-1.244 0.0945443 -0.0538754
-1.242 0.10024 -0.0770324
-1.24 0.0973909 -0.0906879
-1.238 0.0851356 -0.0938497
-1.236 0.0641244 -0.0869799
-1.234 0.0361588 -0.0721009
-1.232 0.0037277 -0.0526417
-1.23 -0.0304486 -0.0330018
-1.228 -0.0637852 -0.0178668
-1.226 -0.0940726 -0.0113649
-1.224 -0.119588 -0.0162072
-1.222 -0.139115 -0.032994
-1.22 -0.151923 -0.0598652
-1.218 -0.157764 -0.0926312
-1.216 -0.156908 -0.125419
-1.214 -0.150198 -0.15175
-1.212 -0.139063 -0.165849
-1.21 -0.125397 -0.163899
-1.208 -0.111274 -0.144984
-1.206 -0.0984981 -0.111463
-1.204 -0.0881037 -0.0686939
-1.202 -0.0799439 -0.0241004
-1.2 -0.0725288 0.014246
-1.198 -0.0632128 0.0392713
-1.196 -0.0487542 0.0464248
-1.194 -0.0261647 0.0347473
-1.192 0.00632012 0.00721213
-1.19 0.0483788 -0.0297732
-1.188 0.0970992 -0.0676316
-1.186 0.147034 -0.0973868
-1.184 0.190915 -0.111559
-1.182 0.220969 -0.105771
-1.18 0.230614 -0.0797132
-1.178 0.216162 -0.0372583
-1.176 0.178127 0.0143168
-1.174 0.121758 0.0658355
-1.172 0.0565693 0.108148
-1.17 -0.00513929 0.134062
-1.168 -0.0505469 0.139861
-1.166 -0.0689452 0.126064
-1.164 -0.0541857 0.0972676
-1.162 -0.00638358 0.0611021
-1.16 0.0675624 0.0265513
-1.158 0.154842 0.00200458
-1.156 0.238904 -0.00652662
-1.154 0.302538 0.00334751
-1.152 0.331245 0.0299504
-1.15 0.316203 0.0679753
-1.148 0.256182 0.109693
-1.146 0.157989 0.146653
-1.144 0.0353094 0.171492
-1.142 -0.0938273 0.179439
-1.14 -0.210441 0.169205
-1.138 -0.29814 0.143079
-1.136 -0.346055 0.10627
-1.134 -0.350563 0.0656704
-1.132 -0.315462 0.0283476
-1.13 -0.250644 9.10638e-05
-1.128 -0.169626 -0.0156854
-1.126 -0.0865473 -0.0184725
-1.124 -0.0133335 -0.0105384
-1.122 0.042362 0.00380095
-1.12 0.0780394 0.019323
-1.118 0.0959433 0.0311681
-1.116 0.101569 0.0359342
-1.114 0.101543 0.0323524
-1.112 0.101487 0.0214213
-1.11 0.104435 0.00601494
-1.108 0.11023 -0.00989893
-1.106 0.115994 -0.0222326
-1.104 0.11749 -0.0277259
-1.102 0.110899 -0.024677
-1.1 0.0944688 -0.0133197
-1.098 0.0695067 0.00422369
-1.096 0.0403813 0.0243949
-1.094 0.0134942 0.0429556
-1.092 -0.00454446 0.0558746
-1.09 -0.00904605 0.0601503
-1.088 0.000935359 0.0543994
-1.086 0.0216705 0.0391153
-1.084 0.0450909 0.0165834
-1.082 0.0604439 -0.00949641
-1.08 0.0569523 -0.0345934
-1.078 0.0268571 -0.0540413
-1.076 -0.0319288 -0.0637517
-1.074 -0.114287 -0.0608528
-1.072 -0.207987 -0.0441672
-1.07 -0.29555 -0.0144617
-1.068 -0.357619 0.0255661
-1.066 -0.377164 0.0715558
-1.064 -0.343638 0.11797
-1.062 -0.256076 0.158747
-1.06 -0.124352 0.188053
-1.058 0.0318449 0.20107
-1.056 0.186246 0.194734
-1.054 0.31085 0.168302
-1.052 0.381427 0.123648
-1.05 0.38251 0.0651976
-1.048 0.310827 -0.000533785
-1.046 0.176404 -0.0657557
-1.044 0.0010469 -0.12248
-1.042 -0.185542 -0.163707
-1.04 -0.351279 -0.184541
-1.038 -0.467749 -0.183052
-1.036 -0.515576 -0.160688
-1.034 -0.488037 -0.12214
-1.032 -0.392208 -0.0746125
-1.03 -0.24745 -0.0266026
-1.028 -0.0815869 0.0136076
-1.026 0.0744215 0.0394736
-1.024 0.192246 0.0474279
-1.022 0.251269 0.0375866
-1.02 0.242056 0.0137645
-1.018 0.167625 -0.0172398
-1.016 0.0424132 -0.0469843
-1.014 -0.110757 -0.0671154
-1.012 -0.264998 -0.0711531
-1.01 -0.394108 -0.0559543
-1.008 -0.476877 -0.0225235
-1.006 -0.500258 0.0240339
-1.004 -0.460984 0.0754396
-1.002 -0.365533 0.12189
-1 -0.228612 0.154101
-0.998 -0.0705575 0.165353
-0.996 0.0858636 0.153088
-0.994 0.218718 0.119733
-0.992 0.309808 0.0724974
-0.99 0.346893 0.0221468
-0.988 0.325075 -0.0190689
-0.986 0.247322 -0.039932
-0.984 0.124158 -0.0327061
-0.982 -0.0274107 0.0050038
-0.98 -0.185674 0.0693975
-0.978 -0.326657 0.150845
-0.976 -0.427058 0.235434
-0.974 -0.467463 0.307437
-0.972 -0.435442 0.352226
-0.97 -0.328077 0.359095
-0.968 -0.153401 0.32345
-0.966 0.0696396 0.247911
-0.964 0.31295 0.142102
-0.962 0.54275 0.0211429
-0.96 0.724383 -0.096897
-0.958 0.827835 -0.194092
-0.956 0.833074 -0.255724
-0.954 0.734207 -0.272746
-0.952 0.541571 -0.243211
-0.95 0.28114 -0.172445
-0.948 -0.0088864 -0.071987
-0.946 -0.283921 0.0424778
-0.944 -0.500336 0.153765
-0.942 -0.623049 0.245953
-0.94 -0.631944 0.306763
-0.938 -0.52585 0.329195
-0.936 -0.323227 0.312204
-0.934 -0.059276 0.260397
-0.932 0.220103 0.182932
-0.93 0.466444 0.091868
-0.928 0.637445 0.000289662
-0.926 0.704617 -0.0795157
-0.924 0.658378 -0.137608
-0.922 0.509591 -0.167531
-0.92 0.287233 -0.166951
-0.918 0.0326461 -0.137792
-0.916 -0.208516 -0.0858692
-0.914 -0.395053 -0.0200965
-0.912 -0.497968 0.0486612
-0.91 -0.505671 0.108987
-0.908 -0.425595 0.150448
-0.906 -0.281974 0.165125
-0.904 -0.110273 0.14896
-0.902 0.050499 0.102704
-0.9 0.165965 0.0322446
-0.898 0.213356 -0.0518686
-0.896 0.185873 -0.135773
-0.894 0.0935895 -0.204427
-0.892 -0.0391982 -0.244243
-0.89 -0.179579 -0.245769
-0.888 -0.293344 -0.205881
-0.886 -0.352442 -0.128972
-0.884 -0.340965 -0.0267731
-0.882 -0.258395 0.08332
-0.88 -0.119447 0.181228
-0.878 0.0493855 0.247989
-0.876 0.215755 0.269656
-0.874 0.348499 0.240494
-0.872 0.424249 0.164719
-0.87 0.432195 0.0562921
-0.868 0.376009 -0.0633399
-0.866 0.272573 -0.169234
-0.864 0.147823 -0.237946
-0.862 0.0306582 -0.252525
-0.86 -0.0537022 -0.206464
-0.858 -0.0893957 -0.105687
-0.856 -0.0733251 0.0319542
-0.854 -0.0155306 0.179707
-0.852 0.0635195 0.306977
-0.85 0.138045 0.385427
-0.848 0.183269 0.394898
-0.846 0.181471 0.327851
-0.844 0.126439 0.191379
-0.842 0.0252865 0.00626078
-0.84 -0.102768 -0.196792
-0.838 -0.230473 -0.382979
-0.836 -0.328614 -0.520183
-0.834 -0.372745 -0.585273
-0.832 -0.349072 -0.568669
-0.83 -0.258079 -0.476188
-0.828 -0.115026 -0.3278
-0.826 0.0528472 -0.153504
-0.824 0.211834 0.0127843
-0.822 0.328788 0.140087
-0.82 0.378156 0.2065
-0.818 0.34752 0.203355
-0.816 0.240456 0.136574
-0.814 0.0760834 0.024978
-0.812 -0.114654 -0.104008
-0.81 -0.295218 -0.220313
-0.808 -0.430906 -0.29755
-0.806 -0.495889 -0.318373
-0.804 -0.478343 -0.27778
-0.802 -0.382619 -0.183694
-0.8 -0.228045 -0.0548122
-0.798 -0.0446944 0.0837542
-0.796 0.132925 0.206015
-0.794 0.272908 0.2906
-0.792 0.35226 0.325034
-0.79 0.361176 0.30794
-0.788 0.304448 0.248775
-0.786 0.199783 0.165256
-0.784 0.0734814 0.079136
-0.782 -0.0454732 0.0112835
-0.78 -0.131569 -0.0228217
-0.778 -0.167836 -0.0162247
-0.776 -0.148843 0.0283658
-0.774 -0.0811358 0.099597
-0.772 0.0187909 0.180327
-0.77 0.128398 0.251606
-0.768 0.223977 0.29685
-0.766 0.285411 0.305298
-0.764 0.299845 0.274015
-0.762 0.26355 0.208095
-0.76 0.181759 0.119108
-0.758 0.0667337 0.0222497
-0.756 -0.065245 -0.0671175
-0.754 -0.197123 -0.136697
-0.752 -0.313784 -0.179573
-0.75 -0.403744 -0.195139
-0.748 -0.459717 -0.188517
-0.746 -0.478237 -0.168714
-0.744 -0.458767 -0.14601
-0.742 -0.40277 -0.129251
-0.74 -0.31319 -0.123692
-0.738 -0.194594 -0.129891
-0.736 -0.0539235 -0.143897
-0.734 0.0984848 -0.158644
-0.732 0.248241 -0.166161
-0.73 0.377237 -0.160016
-0.728 0.465415 -0.137327
-0.726 0.493969 -0.0998127
-0.724 0.449476 -0.0536052
-0.722 0.328064 -0.00787479
-0.72 0.13852 0.0273934
-0.718 -0.0966253 0.0439209
-0.716 -0.342715 0.0373492
-0.714 -0.557409 0.00861522
-0.712 -0.697494 -0.0358563
-0.71 -0.727014 -0.0852292
-0.708 -0.625176 -0.126413
-0.706 -0.392318 -0.146859
-0.704 -0.0524018 -0.137401
-0.702 0.348934 -0.094485
-0.7 0.750797 -0.0212866
-0.698 1.08702 0.0725902
-0.696 1.29792 0.172776
-0.694 1.34169 0.262819
-0.692 1.20298 0.327318
-0.69 0.897174 0.354839
-0.688 0.468986 0.340038
-0.686 -0.0143756 0.284558
-0.684 -0.474558 0.196589
-0.682 -0.835875 0.0892071
-0.68 -1.03899 -0.0220949
-0.678 -1.05179 -0.122166
-0.676 -0.875271 -0.198691
-0.674 -0.543235 -0.243971
-0.672 -0.115899 -0.255733
-0.67 0.33135 -0.236922
-0.668 0.721822 -0.194619
-0.666 0.991372 -0.138404
-0.664 1.09962 -0.0785292
-0.662 1.03651 -0.0242815
-0.66 0.82301 0.0171534
-0.658 0.506001 0.0411946
-0.656 0.148335 0.045764
-0.654 -0.183746 0.0307826
-0.652 -0.43337 -0.00245017
-0.65 -0.563422 -0.0517263
-0.648 -0.562605 -0.114101
-0.646 -0.446198 -0.185773
-0.644 -0.251613 -0.261829
-0.642 -0.0298777 -0.336061
-0.64 0.165116 -0.401077
-0.638 0.287387 -0.448812
-0.636 0.307576 -0.47146
-0.634 0.217972 -0.462714
-0.632 0.0330408 -0.419106
-0.63 -0.214417 -0.341167
-0.628 -0.480463 -0.23411
-0.626 -0.718963 -0.107774
-0.624 -0.890388 0.0242758
-0.622 -0.968797 0.146455
-0.62 -0.945756 0.243437
-0.618 -0.830658 0.302611
-0.616 -0.647596 0.3163
-0.614 -0.429635 0.283298
-0.612 -0.211763 0.209418
-0.61 -0.0240271 0.106895
-0.608 0.113764 -0.00733343
-0.606 0.194809 -0.1142
-0.604 0.225184 -0.19553
-0.602 0.221104 -0.236992
-0.6 0.204332 -0.230468
-0.598 0.196814 -0.175458
-0.596 0.215636 -0.0792652
-0.594 0.269276 0.044049
-0.592 0.355822 0.175796
-0.59 0.463439 0.295565
-0.588 0.572936 0.384469
-0.586 0.661869 0.428267
-0.584 0.709286 0.419857
-0.582 0.700151 0.360714
-0.58 0.628582 0.260999
-0.578 0.499323 0.138202
-0.576 0.327266 0.0144753
-0.574 0.135169 -0.0870119
-0.572 -0.0500291 -0.14613
-0.57 -0.201681 -0.14959
-0.568 -0.297988 -0.0937882
-0.566 -0.325888 0.0138809
-0.564 -0.283586 0.155589
-0.562 -0.181256 0.305548
-0.56 -0.0397351 0.434072
-0.558 0.1126 0.512609
-0.556 0.244312 0.518925
-0.554 0.326047 0.441545
-0.552 0.33559 0.28262
-0.55 0.262074 0.0585481
-0.548 0.10865 -0.201941
-0.546 -0.106917 -0.462131
-0.544 -0.354035 -0.683452
-0.542 -0.59338 -0.832343
-0.54 -0.782867 -0.88657
-0.538 -0.884662 -0.839737
-0.536 -0.872129 -0.703037
-0.534 -0.735552 -0.503832
-0.532 -0.485492 -0.281197
-0.53 -0.152982 -0.0791754
-0.528 0.213837 0.0611083
-0.526 0.556428 0.109077
-0.524 0.815075 0.0506861
-0.522 0.939201 -0.108378
-0.52 0.897023 -0.342973
-0.518 0.682716 -0.612306
-0.516 0.319597 -0.866679
-0.514 -0.141606 -1.05603
-0.512 -0.629487 -1.13872
-0.51 -1.06292 -1.08907
-0.508 -1.36461 -0.902188
-0.506 -1.47492 -0.595278
-0.504 -1.36351 -0.205147
-0.502 -1.0363 0.217692
-0.5 -0.536134 0.617277
-0.498 0.0633203 0.941395
-0.496 0.669735 1.15011
-0.494 1.1882 1.22216
-0.492 1.53839 1.15826
-0.49 1.66954 0.980648
-0.488 1.57036 0.729146
-0.486 1.27175 0.454309
-0.484 0.841517 0.208738
-0.482 0.371776 0.0379949
-0.48 -0.0387022 -0.027382
-0.478 -0.303974 0.0226283
-0.476 -0.368318 0.175562
-0.474 -0.218 0.398454
-0.472 0.115137 0.64351
-0.47 0.559177 0.856529
-0.468 1.01582 0.986634
-0.466 1.37972 0.995663
-0.464 1.55964 0.865573
-0.462 1.49729 0.60254
-0.46 1.18 0.23692
-0.458 0.644457 -0.181101
-0.456 -0.029288 -0.589608
-0.454 -0.73265 -0.925538
-0.452 -1.34919 -1.13595
-0.45 -1.77708 -1.18792
-0.448 -1.94886 -1.07522
-0.446 -1.84439 -0.820322
-0.444 -1.49453 -0.471254
-0.442 -0.974667 -0.0935559
-0.44 -0.389567 0.241269
-0.438 0.14749 0.468846
-0.436 0.536928 0.544108
-0.434 0.712025 0.4502
-0.432 0.651127 0.202276
-0.43 0.380594 -0.15469
-0.428 -0.0319345 -0.553795
-0.426 -0.492345 -0.918404
-0.424 -0.8997 -1.17639
-0.422 -1.16663 -1.27378
-0.42 -1.23629 -1.18517
-0.418 -1.09262 -0.918909
-0.416 -0.762008 -0.515987
-0.414 -0.306406 -0.0425814
-0.412 0.190394 0.422267
-0.41 0.64011 0.801564
-0.408 0.967223 1.03488
-0.406 1.12256 1.08958
-0.404 1.09066 0.966496
-0.402 0.889879 0.699023
-0.4 0.565861 0.345894
-0.398 0.180331 -0.0208234
-0.396 -0.202026 -0.330038
-0.394 -0.525668 -0.525404
-0.392 -0.752848 -0.575827
-0.39 -0.867369 -0.480677
-0.388 -0.87321 -0.268714
-0.386 -0.789036 0.00890398
-0.384 -0.640515 0.289996
-0.382 -0.452762 0.514624
-0.38 -0.24498 0.637446
-0.378 -0.0285245 0.636632
-0.376 0.191507 0.517584
-0.374 0.412154 0.310878
-0.372 0.627677 0.0650048
-0.37 0.825743 -0.164447
-0.368 0.986259 -0.326825
-0.366 1.08361 -0.38708
-0.364 1.09209 -0.3328
-0.362 0.993259 -0.176156
-0.36 0.783439 0.0495286
-0.358 0.478906 0.297648
-0.356 0.117021 0.518713
-0.354 -0.247881 0.670912
-0.352 -0.553583 0.728554
-0.35 -0.742493 0.686681
-0.348 -0.774864 0.56105
-0.346 -0.639611 0.383639
-0.344 -0.35989 0.194791
-0.342 0.00837021 0.0338278
-0.34 0.38531 -0.0697311
-0.338 0.682006 -0.102316
-0.336 0.818585 -0.0684267
-0.334 0.741878 0.0116855
-0.332 0.438711 0.108078
-0.33 -0.058359 0.18932
-0.328 -0.674613 0.230737
-0.326 -1.30584 0.220634
-0.324 -1.83795 0.162966
-0.322 -2.16961 0.0758372
-0.32 -2.23346 -0.0138011
-0.318 -2.01127 -0.0779282
-0.316 -1.53968 -0.095741
-0.314 -0.904915 -0.0603054
-0.312 -0.227259 0.0182525
-0.31 0.36211 0.114028
-0.308 0.747224 0.191013
-0.306 0.851124 0.211964
-0.304 0.652365 0.148439
-0.302 0.190608 -0.0104365
-0.3 -0.440059 -0.252706
-0.298 -1.10894 -0.543407
-0.296 -1.67424 -0.829971
-0.294 -2.01126 -1.05244
-0.292 -2.03765 -1.1565
-0.29 -1.73066 -1.10644
-0.288 -1.13292 -0.895057
-0.286 -0.345264 -0.547805
-0.284 0.491983 -0.11992
-0.282 1.22581 0.31328
-0.28 1.7201 0.671072
-0.278 1.8822 0.883979
-0.276 1.68111 0.908793
-0.274 1.15384 0.738668
-0.272 0.398664 0.405893
-0.27 -0.44326 -0.023549
-0.268 -1.21435 -0.462786
-0.266 -1.76997 -0.821765
-0.264 -2.00511 -1.0262
-0.262 -1.87352 -1.03369
-0.26 -1.39558 -0.843348
-0.258 -0.653868 -0.496724
-0.256 0.222744 -0.0695625
-0.254 1.08311 0.343927
-0.252 1.7813 0.651009
-0.25 2.20244 0.780291
-0.248 2.28205 0.697237
-0.246 2.01585 0.411897
-0.244 1.45831 -0.0229234
-0.242 0.710956 -0.52273
-0.24 -0.0970829 -0.989254
-0.238 -0.832498 -1.33126
-0.236 -1.38064 -1.48361
-0.234 -1.66387 -1.42046
-0.232 -1.65236 -1.15983
-0.23 -1.36622 -0.758618
-0.228 -0.869022 -0.299581
-0.226 -0.254644 0.127052
-0.224 0.369812 0.443072
-0.222 0.902019 0.598768
-0.22 1.2603 0.582745
-0.218 1.39509 0.422986
-0.216 1.29451 0.178985
-0.214 0.98372 -0.0730855
-0.212 0.518861 -0.25858
-0.21 -0.0231267 -0.321611
-0.208 -0.556689 -0.237268
-0.206 -1.00002 -0.0161729
-0.204 -1.28599 0.299372
-0.202 -1.37044 0.646361
-0.2 -1.23738 0.95633
-0.198 -0.900631 1.17119
-0.196 -0.402125 1.25601
-0.194 0.192931 1.20577
-0.192 0.803582 1.04486
-0.19 1.3427 0.819457
-0.188 1.72779 0.584832
-0.186 1.89196 0.390984
-0.184 1.79399 0.270163
-0.182 1.42591 0.229506
-0.18 0.816936 0.250552
-0.178 0.0325684 0.29564
-0.176 -0.831726 0.319381
-0.174 -1.66192 0.282182
-0.172 -2.34083 0.162247
-0.17 -2.76542 -0.0370743
-0.168 -2.86365 -0.286609
-0.166 -2.60774 -0.537686
-0.164 -2.02171 -0.734017
-0.162 -1.18098 -0.826243
-0.16 -0.203588 -0.785482
-0.158 0.766354 -0.61229
-0.156 1.58067 -0.338544
-0.154 2.11113 -0.021422
-0.152 2.27141 0.269314
-0.15 2.03292 0.467806
-0.148 1.4315 0.528386
-0.146 0.563502 0.437632
-0.144 -0.42861 0.219037
-0.142 -1.37878 -0.0711199
-0.14 -2.12456 -0.356104
-0.138 -2.53431 -0.556597
-0.136 -2.52967 -0.610053
-0.134 -2.09944 -0.486957
-0.132 -1.30204 -0.199969
-0.13 -0.256298 0.196517
-0.128 0.87821 0.616704
-0.126 1.92759 0.961621
-0.124 2.73244 1.1413
-0.122 3.17388 1.09587
-0.12 3.19255 0.810636
-0.118 2.79729 0.321344
-0.116 2.06225 -0.2918
-0.114 1.11326 -0.920356
-0.112 0.106042 -1.45058
-0.11 -0.799923 -1.78795
-0.108 -1.46723 -1.87776
-0.106 -1.80191 -1.71708
-0.104 -1.76698 -1.35537
-0.102 -1.38619 -0.883569
-0.1 -0.737784 -0.413856
-0.098 0.0603326 -0.0546127
-0.096 0.871074 0.113982
-0.094 1.56066 0.058138
-0.092 2.01921 -0.201827
-0.09 2.17618 -0.596173
-0.088 2.00874 -1.02185
-0.086 1.54243 -1.36635
-0.084 0.844874 -1.53371
-0.082 0.0140752 -1.46659
-0.08 -0.836719 -1.15937
-0.078 -1.59535 -0.659186
-0.076 -2.16608 -0.0549081
-0.074 -2.48189 0.543524
-0.072 -2.51203 1.03049
-0.07 -2.2639 1.32901
-0.068 -1.77949 1.40834
-0.066 -1.12751 1.29054
-0.064 -0.392936 1.04459
-0.062 0.334182 0.769129
-0.06 0.969267 0.568095
-0.058 1.44238 0.524986
-0.056 1.70547 0.681842
-0.054 1.73734 1.02791
-0.052 1.54559 1.50057
-0.05 1.16526 1.99841
-0.048 0.653774 2.40342
-0.046 0.0831046 2.60755
-0.044 -0.469924 2.53764
-0.042 -0.933485 2.17292
-0.04 -1.24954 1.55114
-0.038 -1.38061 0.761502
-0.036 -1.31406 -0.0738466
-0.034 -1.06342 -0.825598
-0.032 -0.666492 -1.38419
-0.03 -0.180037 -1.68159
-0.028 0.328585 -1.70298
-0.026 0.791751 -1.48634
-0.024 1.152 -1.11046
-0.022 1.37053 -0.674946
-0.02 1.43206 -0.277099
-0.018 1.34558 0.00903421
-0.016 1.14112 0.146933
-0.014 0.863754 0.142267
-0.012 0.56593 0.0372779
-0.01 0.299095 -0.103465
-0.008 0.105599 -0.212209
-0.006 0.0117465 -0.237126
-0.004 0.0232115 -0.156385
-0.002 0.123971 0.0165593
0 0.279493 0.237871
0.002 0.444173 0.447081
0.004 0.570194 0.585736
0.006 0.618399 0.615718
0.008 0.566017 0.531901
0.01 0.411081 0.365509
0.012 0.172799 0.177073
0.014 -0.111704 0.0407584
0.016 -0.393315 0.0241139
0.018 -0.61858 0.168456
0.02 -0.738204 0.474925
0.022 -0.715494 0.89985
0.024 -0.533601 1.36089
0.026 -0.200173 1.75298
0.028 0.25185 1.97079
0.03 0.767901 1.93295
0.032 1.27947 1.60257
0.034 1.71436 0.998836
0.036 2.00753 0.196647
0.038 2.11064 -0.686576
0.04 1.99901 -1.51427
0.042 1.6754 -2.15914
0.044 1.17037 -2.52999
0.046 0.539324 -2.59067
0.048 -0.143665 -2.36668
0.05 -0.794787 -1.9381
0.052 -1.33121 -1.42048
0.054 -1.68207 -0.93834
0.056 -1.79814 -0.597158
0.058 -1.65853 -0.460232
0.06 -1.27385 -0.535399
0.062 -0.685489 -0.774616
0.064 0.0385145 -1.08648
0.066 0.810567 -1.35882
0.068 1.53325 -1.48621
0.07 2.11102 -1.39581
0.072 2.463 -1.06561
0.074 2.53501 -0.530542
0.076 2.30905 0.124709
0.078 1.80787 0.784627
0.08 1.09376 1.32902
0.082 0.26105 1.6604
0.084 -0.576446 1.72624
0.086 -1.30147 1.53121
0.088 -1.81045 1.13627
0.09 -2.0296 0.645029
0.092 -1.9274 0.180302
0.094 -1.52168 -0.143781
0.096 -0.879341 -0.247592
0.098 -0.10812 -0.103893
0.1 0.659002 0.256279
0.102 1.28475 0.750908
0.104 1.65046 1.26564
0.106 1.67702 1.67939
0.108 1.33994 1.89119
0.11 0.675742 1.84231
0.112 -0.221812 1.52895
0.114 -1.21533 1.00275
0.116 -2.14527 0.359232
0.118 -2.85592 -0.283224
0.12 -3.22153 -0.809068
0.122 -3.16818 -1.1301
0.124 -2.68741 -1.20336
0.126 -1.83912 -1.03858
0.128 -0.74293 -0.693775
0.13 0.440743 -0.260378
0.132 1.53662 0.15842
0.134 2.38323 0.470965
0.136 2.85926 0.616833
0.138 2.90305 0.578625
0.14 2.52203 0.383515
0.142 1.79032 0.0946299
0.144 0.835448 -0.205408
0.146 -0.183631 -0.434693
0.148 -1.10304 -0.531237
0.15 -1.78055 -0.466768
0.152 -2.11775 -0.252161
0.154 -2.07419 0.0664274
0.156 -1.6716 0.419474
0.158 -0.987681 0.730962
0.16 -0.141063 0.936076
0.162 0.72959 0.995516
0.164 1.48854 0.903155
0.166 2.02398 0.685509
0.168 2.26383 0.393495
0.17 2.18409 0.0888202
0.172 1.80927 -0.171457
0.174 1.2054 -0.348371
0.176 0.467584 -0.429283
0.178 -0.295695 -0.429065
0.18 -0.978739 -0.384196
0.182 -1.49304 -0.341438
0.184 -1.77801 -0.344112
0.186 -1.80705 -0.41957
0.188 -1.58859 -0.571096
0.19 -1.16276 -0.776385
0.192 -0.594408 -0.992976
0.194 0.0360576 -1.16926
0.196 0.643105 -1.25818
0.198 1.1465 -1.23001
0.2 1.48084 -1.08108
0.202 1.60342 -0.835988
0.204 1.49953 -0.542827
0.206 1.18487 -0.262366
0.208 0.704333 -0.0536534
0.21 0.127196 0.040582
0.212 -0.46124 0.00517457
0.214 -0.970962 -0.14251
0.216 -1.32031 -0.355421
0.218 -1.44904 -0.567135
0.22 -1.32934 -0.707361
0.222 -0.972523 -0.718982
0.224 -0.43 -0.572495
0.226 0.21255 -0.274327
0.228 0.847221 0.133021
0.23 1.36073 0.579111
0.232 1.65352 0.980192
0.234 1.65796 1.25715
0.236 1.35224 1.35283
0.238 0.767234 1.24506
0.24 -0.0158487 0.952281
0.242 -0.877002 0.530566
0.244 -1.67693 0.0623789
0.246 -2.28125 -0.360528
0.248 -2.585 -0.656381
0.25 -2.53296 -0.770518
0.252 -2.13149 -0.686633
0.254 -1.44935 -0.429696
0.256 -0.606922 -0.0600443
0.258 0.244724 0.339931
0.26 0.951139 0.683529
0.262 1.38328 0.898026
0.264 1.46225 0.939608
0.266 1.17513 0.801807
0.268 0.578564 0.515826
0.27 -0.21073 0.142905
0.272 -1.03721 -0.239352
0.274 -1.73549 -0.553565
0.276 -2.16167 -0.738427
0.278 -2.22113 -0.760548
0.28 -1.88718 -0.619992
0.282 -1.20698 -0.34866
0.284 -0.293278 -0.00217939
0.286 0.696517 0.352677
0.288 1.58996 0.652187
0.29 2.23212 0.848347
0.292 2.51475 0.91736
0.294 2.39634 0.862309
0.296 1.90933 0.709819
0.298 1.15316 0.501896
0.3 0.274667 0.28518
0.302 -0.560336 0.100273
0.304 -1.19866 -0.0264466
0.306 -1.52843 -0.0868926
0.308 -1.49934 -0.0906717
0.31 -1.13064 -0.0603372
0.312 -0.505545 -0.0239269
0.314 0.246523 -0.00674895
0.316 0.97604 -0.0244761
0.318 1.54245 -0.0792248
0.32 1.8404 -0.159509
0.322 1.81818 -0.243954
0.324 1.4851 -0.307701
0.326 0.906935 -0.329776
0.328 0.190813 -0.299478
0.33 -0.53692 -0.220151
0.332 -1.15529 -0.109318
0.334 -1.57075 0.00491827
0.336 -1.73261 0.090436
0.338 -1.63909 0.119066
0.34 -1.33374 0.0740492
0.342 -0.893364 -0.0449103
0.344 -0.410777 -0.220359
0.346 0.0238042 -0.420036
0.348 0.338953 -0.603499
0.35 0.492775 -0.730948
0.352 0.476653 -0.772287
0.354 0.312037 -0.714325
0.356 0.041805 -0.564486
0.358 -0.281219 -0.350083
0.36 -0.605692 -0.11318
0.362 -0.890584 0.098026
0.364 -1.10984 0.239547
0.366 -1.25263 0.281444
0.368 -1.32001 0.21495
0.37 -1.31975 0.0551443
0.372 -1.26127 -0.161577
0.374 -1.15224 -0.384836
0.376 -0.99788 -0.560904
0.378 -0.802843 -0.644404
0.38 -0.574885 -0.608566
0.382 -0.32867 -0.451829
0.384 -0.0879926 -0.199256
0.386 0.115029 0.101698
0.388 0.244389 0.390361
0.39 0.267715 0.605181
0.392 0.165236 0.696698
0.394 -0.0621508 0.638434
0.396 -0.388148 0.433348
0.398 -0.761517 0.114452
0.4 -1.11246 -0.260642
0.402 -1.36428 -0.620246
0.404 -1.44834 -0.89217
0.406 -1.31934 -1.01773
0.408 -0.967488 -0.963436
0.41 -0.424552 -0.72807
0.412 0.238249 -0.34358
0.414 0.920809 0.130389
0.416 1.51163 0.617355
0.418 1.90903 1.0381
0.42 2.04175 1.3252
0.422 1.8847 1.43521
0.424 1.46615 1.35615
0.426 0.864631 1.10912
0.428 0.195534 0.74381
0.43 -0.410127 0.329064
0.432 -0.830923 -0.0598679
0.434 -0.979147 -0.354831
0.436 -0.818948 -0.506679
0.438 -0.374586 -0.493442
0.44 0.273139 -0.323367
0.442 1.00179 -0.0324502
0.444 1.67072 0.322895
0.446 2.14837 0.676489
0.448 2.33801 0.964286
0.45 2.19683 1.13536
0.452 1.74451 1.16008
0.454 1.05962 1.0342
0.456 0.264546 0.778408
0.458 -0.498213 0.433616
0.46 -1.09351 0.0530659
0.462 -1.4195 -0.30722
0.464 -1.42698 -0.597935
0.466 -1.12823 -0.784347
0.468 -0.593868 -0.851336
0.47 0.0614941 -0.804925
0.472 0.701923 -0.670248
0.474 1.19646 -0.486375
0.476 1.44396 -0.298941
0.478 1.39177 -0.151817
0.48 1.04464 -0.0792651
0.482 0.462707 -0.0998901
0.484 -0.251069 -0.213451
0.486 -0.971099 -0.401012
0.488 -1.57298 -0.628346
0.49 -1.95631 -0.851949
0.492 -2.06227 -1.02662
0.494 -1.88283 -1.11333
0.496 -1.46035 -1.08618
0.498 -0.877868 -0.937197
0.5 -0.242411 -0.67828
0.502 0.335349 -0.339733
0.504 0.761158 0.0343643
0.506 0.973199 0.393308
0.508 0.951346 0.688225
0.51 0.718283 0.880343
0.512 0.33281 0.947589
0.514 -0.122945 0.888298
0.516 -0.559679 0.721369
0.518 -0.897291 0.482817
0.52 -1.07858 0.219359
0.522 -1.07797 -0.0198232
0.524 -0.904041 -0.191645
0.526 -0.595797 -0.266476
0.528 -0.213636 -0.233013
0.53 0.172902 -0.0998252
0.532 0.498252 0.10661
0.534 0.712323 0.346983
0.536 0.788423 0.576364
0.538 0.726457 0.752246
0.54 0.551181 0.841948
0.542 0.306168 0.828082
0.544 0.0448185 0.711118
0.546 -0.179846 0.508672
0.548 -0.324759 0.251768
0.55 -0.364118 -0.0210976
0.552 -0.293254 -0.270883
0.554 -0.128569 -0.464602
0.556 0.0962299 -0.580442
0.558 0.33674 -0.610613
0.56 0.546038 -0.561637
0.562 0.682969 -0.452206
0.564 0.719194 -0.309176
0.566 0.643877 -0.162474
0.568 0.46533 -0.0398555
0.57 0.209408 0.0375784
0.572 -0.0850213 0.0583998
0.574 -0.372713 0.0219829
0.576 -0.609644 -0.0622914
0.578 -0.760297 -0.17745
0.58 -0.80342 -0.302407
0.582 -0.735354 -0.415816
0.584 -0.57041 -0.499644
0.586 -0.338231 -0.541885
0.588 -0.0785976 -0.538054
0.59 0.165474 -0.491331
0.592 0.355141 -0.41144
0.594 0.462355 -0.312573
0.596 0.474533 -0.210766
0.598 0.396458 -0.121197
0.6 0.249122 -0.0558334
0.602 0.0657237 -0.0217513
0.604 -0.114472 -0.0203438
0.606 -0.253359 -0.0474838
0.608 -0.321044 -0.0945655
0.61 -0.301451 -0.150206
0.612 -0.195374 -0.202279
0.614 -0.0203025 -0.239908
0.616 0.19302 -0.255054
0.618 0.406705 -0.243463
0.62 0.583273 -0.204893
0.622 0.693141 -0.14267
0.624 0.720524 -0.0627826
0.626 0.666536 0.027262
0.628 0.548853 0.119564
0.63 0.39791 0.206754
0.632 0.250325 0.28258
0.634 0.140816 0.342159
0.636 0.094254 0.381944
0.638 0.11959 0.39957
0.64 0.207079 0.393728
0.642 0.329558 0.364191
0.644 0.447709 0.312029
0.646 0.518313 0.239961
0.648 0.503889 0.152699
0.65 0.38171 0.0571059
0.652 0.150292 -0.0380193
0.654 -0.16816 -0.122676
0.656 -0.530082 -0.186918
0.658 -0.877499 -0.222517
0.66 -1.14843 -0.224713
0.662 -1.28879 -0.193651
0.664 -1.26348 -0.135082
0.666 -1.06432 -0.0600148
0.668 -0.713118 0.0167752
0.67 -0.259142 0.0791777
0.672 0.228659 0.11272
0.674 0.673364 0.107492
0.676 1.00353 0.0604236
0.678 1.16589 -0.0236013
0.68 1.13491 -0.13211
0.682 0.917362 -0.246927
0.684 0.550895 -0.347318
0.686 0.0971178 -0.413845
0.688 -0.369638 -0.432195
0.69 -0.775513 -0.396167
0.692 -1.05976 -0.309173
0.694 -1.18449 -0.18386
0.696 -1.13985 -0.0398712
0.698 -0.943955 0.0998408
0.7 -0.637897 0.213415
0.702 -0.27696 0.284293
0.704 0.0800193 0.304368
0.706 0.381101 0.275404
0.708 0.589522 0.208432
0.71 0.688377 0.121272
0.712 0.681107 0.0347012
0.714 0.588132 -0.0318774
0.716 0.440736 -0.0643679
0.718 0.273795 -0.0566962
0.72 0.118963 -0.0117677
0.722 -0.00038635 0.0594931
0.724 -0.0717255 0.140781
0.726 -0.0933338 0.214131
0.728 -0.0721233 0.263892
0.73 -0.0201789 0.28008
0.732 0.0489556 0.260337
0.734 0.123291 0.210094
0.736 0.194068 0.140905
0.738 0.25591 0.0674078
0.74 0.305787 0.00364787
0.742 0.341438 -0.0403094
0.744 0.360042 -0.0606845
0.746 0.357743 -0.0606617
0.748 0.330291 -0.0493048
0.75 0.274636 -0.0389923
0.752 0.190965 -0.0419988
0.754 0.0844935 -0.0670581
0.756 -0.0336991 -0.116757
0.758 -0.147315 -0.186431
0.76 -0.237124 -0.264876
0.762 -0.284627 -0.336785
0.764 -0.276368 -0.386356
0.766 -0.207869 -0.401251
0.768 -0.0861057 -0.375937
0.77 0.0703216 -0.313573
0.772 0.233626 -0.225904
0.774 0.371594 -0.131089
0.776 0.453799 -0.0498676
0.778 0.457998 -0.000883234
0.78 0.375359 0.00377162
0.782 0.213269 -0.0382627
0.784 -0.00503916 -0.118518
0.786 -0.244214 -0.219049
0.788 -0.463269 -0.316029
0.79 -0.623562 -0.384872
0.792 -0.696611 -0.405763
0.794 -0.67002 -0.368369
0.796 -0.550239 -0.274627
0.798 -0.36149 -0.138915
0.8 -0.14109 0.0145512
0.802 0.0679158 0.156608
0.804 0.225321 0.259339
0.806 0.301799 0.302233
0.808 0.28477 0.276949
0.81 0.180848 0.189565
0.812 0.0142991 0.0597521
0.814 -0.178191 -0.0830604
0.816 -0.355335 -0.205752
0.818 -0.479946 -0.27856
0.82 -0.526642 -0.281601
0.822 -0.486905 -0.209433
0.824 -0.37048 -0.0726433
0.826 -0.202885 0.103975
0.828 -0.0196181 0.286316
0.83 0.141637 0.437937
0.832 0.249144 0.527662
0.834 0.283817 0.536177
0.836 0.243055 0.460218
0.838 0.140895 0.313437
0.84 0.00451616 0.123763
0.842 -0.132055 -0.0721896
0.844 -0.235594 -0.23652
0.846 -0.280966 -0.337684
0.848 -0.256488 -0.356824
0.85 -0.16626 -0.291476
0.852 -0.0290208 -0.155902
0.854 0.126178 0.02199
0.856 0.266513 0.206461
0.858 0.362716 0.361255
0.86 0.395532 0.456873
0.862 0.359878 0.476318
0.864 0.265761 0.418165
0.866 0.135778 0.296426
0.868 -0.000180853 0.137316
0.87 -0.111765 -0.0263126
0.872 -0.174976 -0.161666
0.874 -0.177421 -0.242461
0.876 -0.12088 -0.253846
0.878 -0.0206454 -0.194893
0.88 0.0981909 -0.0782762
0.882 0.206656 0.0726575
0.884 0.2787 0.228731
0.886 0.297342 0.360658
0.888 0.258738 0.444494
0.89 0.173221 0.465815
0.892 0.0630479 0.421884
0.894 -0.0426731 0.321542
0.896 -0.114726 0.182975
0.898 -0.13071 0.029944
0.9 -0.0805707 -0.112736
0.902 0.0305099 -0.223561
0.904 0.182563 -0.287788
0.906 0.344608 -0.299441
0.908 0.480991 -0.261678
0.91 0.55897 -0.185619
0.912 0.555913 -0.0879869
0.914 0.464524 0.0119377
0.916 0.294956 0.0955292
0.918 0.0732978 0.147687
0.92 -0.163277 0.158986
0.922 -0.373711 0.126842
0.924 -0.521163 0.0556231
0.926 -0.580354 -0.0442642
0.928 -0.542693 -0.158082
0.93 -0.418129 -0.269001
0.932 -0.23337 -0.360532
0.934 -0.0268087 -0.418844
0.936 0.158832 -0.434677
0.938 0.284654 -0.404648
0.94 0.32295 -0.331765
0.942 0.262332 -0.225075
0.944 0.109727 -0.0984498
0.946 -0.111077 0.0313736
0.948 -0.363923 0.147238
0.95 -0.606867 0.234145
0.952 -0.799551 0.281559
0.954 -0.909989 0.285047
0.956 -0.919565 0.246973
0.958 -0.825467 0.176095
0.96 -0.640316 0.0861159
0.962 -0.389266 -0.00660457
0.964 -0.105339 -0.0858056
0.966 0.176029 -0.138078
0.968 0.422242 -0.155125
0.97 0.607761 -0.135105
0.972 0.716797 -0.0828169
0.974 0.744292 -0.00866495
0.976 0.695352 0.0733666
0.978 0.583472 0.148361
0.98 0.428008 0.20322
0.982 0.25138 0.22901
0.984 0.0763688 0.222466
0.986 -0.0762276 0.1864
0.988 -0.189492 0.128948
0.99 -0.251821 0.0618377
0.992 -0.257933 -0.00198329
0.994 -0.209441 -0.0508652
0.996 -0.114918 -0.0766372
0.998 0.0106997 -0.0760251
1 0.147513 -0.0510568
1.002 0.27291 -0.00841766
1.004 0.364546 0.0420706
1.006 0.403743 0.0895138
1.008 0.378772 0.12413
1.01 0.287432 0.139132
1.012 0.138313 0.131963
1.014 -0.0496833 0.104663
1.016 -0.249708 0.0633462
1.018 -0.430982 0.0169104
1.02 -0.563866 -0.0247328
1.022 -0.625108 -0.0525464
1.024 -0.602258 -0.0600208
1.026 -0.496364 -0.0443011
1.028 -0.322319 -0.00661893
1.03 -0.106698 0.0480094
1.032 0.116635 0.111724
1.034 0.312369 0.175209
1.036 0.449979 0.229249
1.038 0.509149 0.26619
1.04 0.483331 0.28104
1.042 0.380716 0.272074
1.044 0.222437 0.240891
1.046 0.0383804 0.191988
1.048 -0.138536 0.131976
1.05 -0.278454 0.0685732
1.052 -0.359851 0.00954306
1.054 -0.372996 -0.0383079
1.056 -0.321016 -0.0699486
1.058 -0.218474 -0.0826673
1.06 -0.0878679 -0.0762877
1.062 0.0451303 -0.0530602
1.064 0.156672 -0.017273
1.066 0.228948 0.0253442
1.068 0.252845 0.0683516
1.07 0.228651 0.105403
1.072 0.164879 0.131056
1.074 0.0756639 0.14151
1.076 -0.0225718 0.135161
1.078 -0.114407 0.112883
1.08 -0.187997 0.0779364
1.082 -0.23651 0.0355124
1.084 -0.258294 -0.00806062
1.086 -0.255944 -0.0463176
1.088 -0.234708 -0.0737245
1.09 -0.200734 -0.0866361
1.092 -0.159654 -0.0839716
1.094 -0.115816 -0.0674571
1.096 -0.0722228 -0.0413458
1.098 -0.0310171 -0.0116241
1.1 0.00580993 0.015167
1.102 0.0358483 0.0332651
1.104 0.0561157 0.0388886
1.106 0.0634441 0.0310419
1.108 0.0553354 0.0117414
1.11 0.0310373 -0.0144007
1.112 -0.00752227 -0.0411634
1.114 -0.0553108 -0.0620859
1.116 -0.104534 -0.0719449
1.118 -0.145802 -0.06802
1.12 -0.169927 -0.0508537
1.122 -0.169963 -0.0242951
1.124 -0.14299 0.00522441
1.126 -0.0911817 0.0300591
1.128 -0.021839 0.0430658
1.13 0.0536976 0.0392832
1.132 0.122086 0.0171813
1.134 0.170577 -0.0208152
1.136 0.189626 -0.0686661
1.138 0.174937 -0.117869
1.14 0.128457 -0.159195
1.142 0.0580759 -0.184651
1.144 -0.023932 -0.189237
1.146 -0.103386 -0.172098
1.148 -0.167036 -0.136804
1.15 -0.205141 -0.0906527
1.152 -0.213247 -0.0431393
1.154 -0.192802 -0.00392513
1.156 -0.150549 0.019256
1.158 -0.0968618 0.0222847
1.16 -0.0434378 0.00556576
1.162 -0.000863469 -0.0260418
1.164 0.0234136 -0.0642686
1.166 0.0262979 -0.0992305
1.168 0.00924109 -0.121585
1.17 -0.0225353 -0.12457
1.172 -0.061523 -0.105466
1.174 -0.0997092 -0.0661566
1.176 -0.130224 -0.0126829
1.178 -0.148492 0.0461033
1.18 -0.152699 0.100451
1.182 -0.143535 0.141767
1.184 -0.123406 0.164374
1.186 -0.0953672 0.166601
1.188 -0.0621257 0.150998
1.19 -0.0253841 0.123648
1.192 0.0143068 0.0927333
1.194 0.0571938 0.0666921
1.196 0.103622 0.0523873
1.198 0.153257 0.0536885
1.2 0.204495 0.0707762
1.202 0.254294 0.100286
1.204 0.298486 0.136208
1.206 0.332539 0.171297
1.208 0.352559 0.198653
1.21 0.356293 0.213126
1.212 0.343838 0.212278
1.214 0.317862 0.196708
1.216 0.283229 0.169731
1.218 0.246101 0.136508
1.22 0.212688 0.10284
1.222 0.187968 0.0739235
1.224 0.174655 0.0533359
1.226 0.17269 0.042468
1.228 0.17934 0.0404793
1.23 0.189909 0.0447273
1.232 0.198859 0.0515189
1.234 0.201097 0.056979
1.236 0.193112 0.0578418
1.238 0.173713 0.0520158
1.24 0.144194 0.0388426
1.242 0.107912 0.0190416
1.244 0.0693954 -0.00560601
1.246 0.0332354 -0.0327282
1.248 0.00302409 -0.0598619
1.25 -0.0193835 -0.0848635
1.252 -0.0341293 -0.106151
1.254 -0.0430944 -0.122762
1.256 -0.0492136 -0.134268
1.258 -0.0555532 -0.140618
1.26 -0.0643905 -0.141983
1.262 -0.0765334 -0.138657
1.264 -0.0910521 -0.131032
1.266 -0.105499 -0.119628
1.268 -0.116556 -0.10516
1.27 -0.120952 -0.0885819
1.272 -0.116395 -0.0710879
1.274 -0.102285 -0.0540206
1.276 -0.0800265 -0.0387035
1.278 -0.0528531 -0.0262215
1.28 -0.0252095 -0.0172145
1.282 -0.00183871 -0.0117461
1.284 0.013223 -0.00929198
1.286 0.0175215 -0.00885161
1.288 0.0107372 -0.00915583
1.29 -0.00521175 -0.00891824
1.292 -0.0265418 -0.00707919
1.294 -0.0483777 -0.00299781
1.296 -0.0657556 0.00344092
1.298 -0.0746323 0.0118253
1.3 -0.0726765 0.0213261
1.302 -0.0596733 0.0308934
1.304 -0.0374703 0.0394941
1.306 -0.0095007 0.0463228
1.308 0.0199913 0.0509317
1.31 0.0468393 0.0532497
1.312 0.0677633 0.0535048
1.314 0.0809332 0.0520926
1.316 0.0861798 0.0494436
1.318 0.0848294 0.0459275
1.32 0.0792169 0.0418128
1.322 0.072007 0.0372766
1.324 0.065492 0.0324483
1.326 0.0610372 0.0274664
1.328 0.0588031 0.0225258
1.33 0.057805 0.0178921
1.332 0.0562834 0.0138676
1.334 0.052291 0.01071
1.336 0.0443479 0.00852179
1.338 0.0320064 0.00714801
1.34 0.0161845 0.00612636
1.342 -0.000826094 0.00472348
1.344 -0.0156984 0.00206834
1.346 -0.0247031 -0.00263566
1.348 -0.024511 -0.00986489
1.35 -0.0129988 -0.0195572
1.352 0.0101169 -0.0309849
1.354 0.0429628 -0.0427694
1.356 0.0815941 -0.0530611
1.358 0.120491 -0.0598698
1.36 0.153397 -0.0614903
1.362 0.174363 -0.0569348
1.364 0.178815 -0.0462708
1.366 0.164435 -0.0307723
1.368 0.131695 -0.0128263
1.37 0.0839144 0.00441166
1.372 0.0268224 0.0175696
1.374 -0.0322952 0.0237233
1.376 -0.0857191 0.0210479
1.378 -0.126485 0.00931934
1.38 -0.149441 -0.00985804
1.382 -0.151993 -0.0331765
1.384 -0.13444 -0.056117
1.386 -0.0998398 -0.0737414
1.388 -0.053443 -0.0816466
1.39 -0.00180543 -0.0768927
1.392 0.0482643 -0.0587108
1.394 0.0907305 -0.0288285
1.396 0.121154 0.00867885
1.398 0.137191 0.0480106
1.4 0.138707 0.0826435
1.402 0.127541 0.106535
1.404 0.106987 0.115302
1.406 0.0811171 0.107127
1.408 0.0540754 0.0832015
1.41 0.0294643 0.0476008
1.412 0.00990478 0.00657823
1.414 -0.00317952 -0.0325802
1.416 -0.00956174 -0.0629328
1.418 -0.0100398 -0.0792195
1.42 -0.0061601 -0.0788921
1.422 9.51082e-05 -0.0626246
1.424 0.00660695 -0.0341894
1.426 0.0113771 0.000288342
1.428 0.0127337 0.0335579
1.43 0.00948715 0.0587018
1.432 0.00103829 0.070524
1.434 -0.0125563 0.0665756
1.436 -0.0305633 0.0476041
1.438 -0.0516006 0.0173378
1.44 -0.0737264 -0.0183381
1.442 -0.0946074 -0.0526306
1.444 -0.111773 -0.0792454
1.446 -0.122949 -0.0936523
1.448 -0.126427 -0.0939498
1.45 -0.12141 -0.0811525
1.452 -0.108246 -0.0588544
1.454 -0.0884944 -0.0323533
1.456 -0.0647735 -0.00744072
1.458 -0.0404159 0.0108671
1.46 -0.0189693 0.0193749
1.462 -0.00363311 0.0173039
1.464 0.00326918 0.00632139
1.466 0.000685229 -0.0099794
1.468 -0.0109827 -0.0270067
1.47 -0.0299469 -0.0402753
1.472 -0.053347 -0.0464266
1.474 -0.0777449 -0.0439341
1.476 -0.0996985 -0.0333429
1.478 -0.116294 -0.0170139
1.48 -0.125527 0.00154669
1.482 -0.126475 0.0185894
1.484 -0.119241 0.0310311
1.486 -0.104718 0.0371507
1.488 -0.0842581 0.0369137
1.49 -0.0593411 0.0318623
1.492 -0.0313363 0.0246167
1.494 -0.00140995 0.0181264
1.496 0.0294088 0.0148663
1.498 0.0600464 0.0161835
1.5 0.0891713 0.0219558
1.502 0.115049 0.0306456
1.504 0.135553 0.0397268
1.506 0.148381 0.0463713
1.508 0.151452 0.0482104
1.51 0.143417 0.0439748
1.512 0.124146 0.0338461
1.514 0.0950711 0.019434
1.516 0.0592513 0.00338808
1.518 0.0210992 -0.0112532
1.52 -0.0142244 -0.0218112
1.522 -0.041662 -0.0266247
1.524 -0.0571965 -0.025456
1.526 -0.0586784 -0.0195424
1.528 -0.0463496 -0.0112827
1.53 -0.0229276 -0.0036347
1.532 0.00679953 0.000626177
1.534 0.0368075 -0.000397231
1.536 0.0609452 -0.00724649
1.538 0.0741026 -0.0189656
1.54 0.073203 -0.0333267
1.542 0.0578146 -0.0473653
1.544 0.0302523 -0.0580909
1.546 -0.00485927 -0.0632022
1.548 -0.0414762 -0.0616328
1.55 -0.0732998 -0.0537994
1.552 -0.0949719 -0.0414941
1.554 -0.103054 -0.0274495
1.556 -0.0965899 -0.0146831
1.558 -0.077161 -0.00578207
1.56 -0.0484322 -0.00230234
1.562 -0.0153248 -0.00442533
1.564 0.0169949 -0.0109507
1.566 0.0440901 -0.0196189
1.568 0.0629891 -0.0276782
1.57 0.0725492 -0.0325553
1.572 0.0733995 -0.0324672
1.574 0.0675134 -0.0268324
1.576 0.0575413 -0.0163881
1.578 0.046078 -0.00299368
1.58 0.03505 0.0108271
1.582 0.0253595 0.0224909
1.584 0.0168509 0.0299601
1.586 0.00858012 0.0322039
1.588 -0.000713974 0.0294107
1.59 -0.0120781 0.0229067
1.592 -0.0259061 0.0148099
1.594 -0.0417121 0.00750767
1.596 -0.058173 0.00308788
1.598 -0.0734247 0.00285893
1.6 -0.0855268 0.00706851
1.602 -0.0929678 0.0148813
1.604 -0.095072 0.0246118
1.606 -0.0921944 0.0341476
1.608 -0.0856481 0.0414558
1.61 -0.0773779 0.0450473
1.612 -0.0694602 0.0442914
1.614 -0.0635586 0.0395116
1.616 -0.0604736 0.0318521
1.618 -0.059908 0.022958
1.62 -0.0605131 0.0145568
1.622 -0.0602135 0.00804731
1.624 -0.0567386 0.00419426
1.626 -0.0482345 0.00299757
1.628 -0.0338074 0.0037594
1.63 -0.0138653 0.00532182
1.632 0.00983236 0.00640735
1.634 0.0344362 0.00597099
1.636 0.0565275 0.00347304
1.638 0.0727867 -0.000995177
1.64 0.0806646 -0.00675996
1.642 0.0789114 -0.0127699
1.644 0.0678481 -0.0178976
1.646 0.049324 -0.0212553
1.648 0.0263667 -0.0224392
1.65 0.00260186 -0.0216375
1.652 -0.0184331 -0.0195731
1.654 -0.0339355 -0.0172975
1.656 -0.042311 -0.0158911
1.658 -0.0433839 -0.0161498
1.66 -0.0383175 -0.0183431
1.662 -0.0292786 -0.0221104
1.664 -0.0189354 -0.0265249
1.666 -0.00989842 -0.0303141
1.668 -0.00422028 -0.0321836
1.67 -0.00304286 -0.0311636
1.672 -0.00644653 -0.0268909
1.674 -0.0135116 -0.0197512
1.676 -0.0225615 -0.0108399
1.678 -0.031526 -0.00174398
1.68 -0.0383446 0.00580936
1.682 -0.041334 0.0103552
1.684 -0.0394566 0.0110476
1.686 -0.0324579 0.00788203
1.688 -0.020869 0.001727
1.69 -0.00589301 -0.00584976
1.692 0.0107896 -0.012923
1.694 0.0272591 -0.0176437
1.696 0.0416055 -0.0186653
1.698 0.0521606 -0.0154642
1.7 0.057697 -0.00847732
1.702 0.0575797 0.000975364
1.704 0.0518601 0.0109702
1.706 0.0413019 0.0193992
1.708 0.0273291 0.024435
1.71 0.0118881 0.0249393
1.712 -0.002774 0.02072
1.714 -0.0144036 0.0125815
1.716 -0.021073 0.00215618
1.718 -0.0215065 -0.00844533
1.72 -0.0153427 -0.0170869
1.722 -0.00327638 -0.0220615
1.724 0.0129612 -0.0224477
1.726 0.0308032 -0.0182913
1.728 0.0472132 -0.0105755
1.73 0.0591691 -0.000990733
1.732 0.0641852 0.00844057
1.734 0.0607791 0.015798
1.736 0.0487896 0.0196609
1.738 0.0294738 0.0193849
1.74 0.00535143 0.0152035
1.742 -0.020188 0.00813932
1.744 -0.0434494 -0.000248038
1.746 -0.0610669 -0.00821464
1.748 -0.0705913 -0.0142066
1.75 -0.0709175 -0.0171736
1.752 -0.0624693 -0.0167578
1.754 -0.0471047 -0.0133231
1.756 -0.0277576 -0.00782882
1.758 -0.00788566 -0.00158377
1.76 0.00916989 0.00405839
1.762 0.0207868 0.00799126
1.764 0.0255115 0.00957288
1.766 0.0232728 0.00872527
1.768 0.0153234 0.00590348
1.77 0.00393101 0.00195106
1.772 -0.00811163 -0.00211712
1.774 -0.0180571 -0.00535088
1.776 -0.0237371 -0.00706585
1.778 -0.0239592 -0.00696844
1.78 -0.0186926 -0.00518378
1.782 -0.0090185 -0.00218895
1.784 0.00313443 0.00132507
1.786 0.015406 0.00462518
1.788 0.0254807 0.00710003
1.79 0.0315274 0.00837961
1.792 0.0325193 0.00838759
1.794 0.0283809 0.00732134
1.796 0.0199442 0.00557151
1.798 0.0087382 0.00360644
1.8 -0.00333651 0.00185203
1.802 -0.0143768 0.000596518
1.804 -0.0228145 -5.97818e-05
1.806 -0.0276618 -0.000201743
1.808 -0.0286241 -4.9626e-05
1.81 -0.026074 0.000120942
1.812 -0.0209058 6.60568e-05
1.814 -0.0143134 -0.00035549
1.816 -0.00754242 -0.00114477
1.818 -0.00166811 -0.00216637
1.82 0.00256368 -0.00318969
1.822 0.00481133 -0.00395514
1.824 0.00512688 -0.00424697
1.826 0.00387546 -0.00395408
1.828 0.0016118 -0.00310375
1.83 -0.00105464 -0.00186055
1.832 -0.00357687 -0.000491021
1.834 -0.00554965 0.000697075
1.836 -0.0067427 0.00142632
1.838 -0.00709193 0.00151485
1.84 -0.00666138 0.000919961
1.842 -0.0055932 -0.000250148
1.844 -0.00406116 -0.00175865
1.846 -0.00223867 -0.00329105
1.848 -0.000284884 -0.00452279
1.85 0.00165395 -0.00518838
1.852 0.00343536 -0.00513678
1.854 0.00491274 -0.00436175
1.856 0.00593628 -0.00300105
1.858 0.00636636 -0.00130564
1.86 0.00609808 0.000413786
1.862 0.00509083 0.00185091
1.864 0.00339415 0.00276485
1.866 0.00116056 0.00302549
1.868 -0.00136105 0.00263469
1.87 -0.0038536 0.00172
1.872 -0.00597826 0.000503673
1.874 -0.00743081 -0.000745549
1.876 -0.00799667 -0.00176738
1.878 -0.0075927 -0.00236028
1.88 -0.00628628 -0.00241728
1.882 -0.00428673 -0.00194096
1.884 -0.00191 -0.0010358
1.886 0.000476472 0.000119138
1.888 0.00251794 0.0013102
1.89 0.00393279 0.00233289
1.892 0.00455778 0.00303007
1.894 0.00437012 0.00331767
1.896 0.00348312 0.0031937
1.898 0.00211774 0.00273063
1.9 0.000556459 0.00205405
1.902 -0.000910627 0.00131346
1.904 -0.00203699 0.00065161
1.906 -0.00265864 0.000178747
1.908 -0.00271451 -4.37698e-05
1.91 -0.00224605 -8.32512e-06
1.912 -0.00137815 0.000245074
1.914 -0.000287209 0.000643187
1.916 0.000836213 0.00109811
1.918 0.00182233 0.00152567
1.92 0.00254853 0.00185994
1.922 0.00295352 0.0020617
1.924 0.00303831 0.00212004
1.926 0.00285568 0.00204835
1.928 0.002492 0.00187646
1.93 0.00204581 0.00164148
1.932 0.00160791 0.00137961
1.934 0.00124655 0.00112042
1.936 0.000999634 0.000884056
1.938 0.000874234 0.000681379
1.94 0.00085188 0.000515792
1.942 0.000897502 0.000385866
1.944 0.000969478 0.000287687
1.946 0.00102873 0.000216366
1.948 0.00104542 0.000166643
1.95 0.00100265 0.000132862
1.952 0.000897139 0.000108827
1.954 0.000737497 8.79389e-05
1.956 0.000540908 6.38529e-05
1.958 0.00032914 3.1549e-05
1.96 0.000124651 -1.14989e-05
1.962 -5.26821e-05 -6.44961e-05
1.964 -0.000187953 -0.000123219
1.966 -0.000272659 -0.000180788
1.968 -0.000305205 -0.00022921
1.97 -0.00029053 -0.000261305
1.972 -0.000238933 -0.000272487
1.974 -0.000164251 -0.000261905
1.976 -8.15958e-05 -0.000232608
1.978 -4.98001e-06 -0.000190705
1.98 5.47959e-05 -0.000143792
1.982 9.1608e-05 -9.91209e-05
1.984 0.000104538 -6.20401e-05
1.986 9.73463e-05 -3.51278e-05
1.988 7.70026e-05 -1.82003e-05
1.99 5.16274e-05 -9.08314e-06
1.992 2.8363e-05 -4.80331e-06
1.994 1.17318e-05 -2.74957e-06
1.996 2.91675e-06 -1.39809e-06
1.998 1.41015e-07 -3.89635e-07
0.5 -0.00933683 -0.00413313
1 -0.0120665 -0.00692522
1.5 -0.01569 -0.0106014
2 -0.0184171 -0.013548
2.5 -0.0176269 -0.0135431
3 -0.0107408 -0.00831249
3.5 0.00337382 0.00351877
4 0.0232634 0.0214366
4.5 0.0449082 0.0425468
5 0.0632584 0.0620123
5.5 0.0747284 0.0744561
6 0.079357 0.075867
6.5 0.0813013 0.0652117
7 0.0871096 0.0450031
7.5 0.102426 0.0205169
8 0.128733 -0.00202389
8.5 0.161869 -0.0175019
9 0.19321 -0.0233287
9.5 0.213094 -0.0197409
10 0.214905 -0.00905112
10.5 0.197921 0.00559572
11 0.16766 0.0213075
11.5 0.133649 0.0359724
12 0.105687 0.0482456
12.5 0.0902104 0.0573053
13 0.0881797 0.0627008
13.5 0.0951283 0.0644037
14 0.103165 0.0629261
14.5 0.104047 0.0592852
15 0.0922095 0.0547142
15.5 0.0667367 0.0502349
16 0.0316909 0.0463393
16.5 -0.00527183 0.0429676
17 -0.0355077 0.0397668
17.5 -0.0523081 0.0364237
18 -0.0531179 0.0328259
18.5 -0.0402718 0.0289513
19 -0.0200271 0.0246123
19.5 -0.000306533 0.0193089
20 0.0119858 0.0123961
20.5 0.0131371 0.00354834
21 0.0036254 -0.00673062
21.5 -0.0122524 -0.0168985
22 -0.0278857 -0.0246925
22.5 -0.0364757 -0.0279225
23 -0.0331573 -0.0254074
23.5 -0.0165079 -0.0176037
24 0.0110317 -0.00658315
24.5 0.0440214 0.00468047
25 0.0759319 0.0134286
25.5 0.101409 0.0181486
26 0.117952 0.0190611
26.5 0.126261 0.0178584
27 0.12911 0.0168351
27.5 0.129382 0.0178222
28 0.128357 0.0214017
28.5 0.125216 0.0267196
29 0.117996 0.0319166
29.5 0.105346 0.0349233
30 0.0879466 0.0342452
30.5 0.0686627 0.0294353
31 0.0512918 0.0211441
31.5 0.0386548 0.0108356
32 0.0311813 0.000355474
32.5 0.0268315 -0.00848311
33 0.0223794 -0.0142159
33.5 0.0152749 -0.0159412
34 0.00500043 -0.0134445
34.5 -0.00680972 -0.00723203
35 -0.0174621 0.00154947
35.5 -0.0247951 0.0113058
36 -0.0283225 0.0202651
36.5 -0.0293001 0.0267654
37 -0.0297234 0.029517
37.5 -0.0308495 0.0278365
38 -0.0320768 0.0218587
38.5 -0.0308152 0.0126923
39 -0.0234772 0.00241419
39.5 -0.00717038 -0.0062265
40 0.018679 -0.0104411
40.5 0.0515371 -0.00824537
41 0.0862215 0.000785561
41.5 0.116472 0.0152006
42 0.136985 0.0319983
42.5 0.145045 0.0475209
43 0.141059 0.0585692
43.5 0.127837 0.0632898
44 0.109024 0.0615098
44.5 0.0875072 0.0544696
45 0.0645502 0.0441741
45.5 0.0399975 0.0327016
46 0.0133181 0.021731
46.5 -0.0151413 0.0123705
47 -0.0433741 0.00520128
47.5 -0.0677857 0.000403709
48 -0.0840815 -0.00212187
48.5 -0.0885968 -0.00264319
49 -0.0795781 -0.0014737
49.5 -0.0580111 0.00113854
50 -0.027746 0.00503339
50.5 0.00515992 0.0100028
51 0.0338186 0.0155226
51.5 0.0523484 0.020511
52 0.0577003 0.0233365
52.5 0.0508373 0.022224
53 0.0366894 0.0159975
53.5 0.0226597 0.00486218
54 0.0160362 -0.00918941
54.5 0.0212237 -0.0226684
55 0.0379265 -0.0316141
55.5 0.0611281 -0.0330278
56 0.0829776 -0.0261457
56.5 0.0958445 -0.0129728
57 0.0952454 0.00223132
57.5 0.081382 0.0143935
58 0.0586641 0.0194658
58.5 0.0335305 0.0159283
59 0.0116683 0.00533778
59.5 -0.00403151 -0.00831306
60 -0.0138722 -0.020161
60.5 -0.0200742 -0.0263072
61 -0.02467 -0.0251618
61.5 -0.0278239 -0.0177759
62 -0.0275535 -0.0071012
62.5 -0.0210164 0.00340163
63 -0.00661787 0.011126
63.5 0.0142936 0.015053
64 0.0371788 0.0156229
64.5 0.0557624 0.0139717
65 0.0645179 0.0110663
65.5 0.0609559 0.00726189
66 0.0466058 0.00250236
66.5 0.0262733 -0.00304068
67 0.00602356 -0.00837842
67.5 -0.00910006 -0.0116401
68 -0.0166259 -0.0106942
68.5 -0.0169796 -0.00418915
69 -0.0127399 0.00753905
69.5 -0.00740332 0.0222198
70 -0.00425587 0.036259
70.5 -0.00566279 0.0459575
71 -0.012755 0.0487788
71.5 -0.025334 0.0441057
72 -0.0418901 0.0332181
72.5 -0.0597943 0.0186291
73 -0.0757963 0.00319455
73.5 -0.0868492 -0.0105724
74 -0.0910445 -0.0207766
74.5 -0.0882717 -0.0260943
75 -0.0802489 -0.0256666
75.5 -0.0698394 -0.0191568
76 -0.0599234 -0.00699536
76.5 -0.0523366 0.00936727
77 -0.0473683 0.0274489
77.5 -0.044026 0.0441105
78 -0.0408754 0.0562604
78.5 -0.0369697 0.0616532
79 -0.0323495 0.0594983
79.5 -0.0278586 0.050667
80 -0.0244193 0.0374351
80.5 -0.0222446 0.0228378
81 -0.0205133 0.0098161
81.5 -0.0177666 0.000385761
82 -0.0128419 -0.00492365
82.5 -0.00578934 -0.00714765
83 0.00183152 -0.00839484
83.5 0.00755912 -0.0108976
84 0.00929809 -0.0159422
84.5 0.00658427 -0.0231364
85 0.00113313 -0.0303932
85.5 -0.00367011 -0.0347158
86 -0.00410049 -0.0334901
86.5 0.00243215 -0.0257129
87 0.0164699 -0.0125867
87.5 0.0364811 0.00281014
88 0.0595241 0.0166284
88.5 0.0820828 0.0256278
89 0.100637 0.0282341
89.5 0.111921 0.0248722
90 0.113176 0.0175355
90.5 0.102759 0.0088827
91 0.0810764 0.00129448
91.5 0.0513704 -0.00375574
92 0.0196073 -0.0058731
92.5 -0.00694562 -0.00552584
93 -0.0221751 -0.00363355
93.5 -0.0235941 -0.00115502
94 -0.0135944 0.00119461
94.5 0.0012874 0.00305052
95 0.0128798 0.00434602
95.5 0.0145358 0.0051608
96 0.00347835 0.00555214
96.5 -0.0186724 0.00545319
97 -0.0472145 0.00469216
97.5 -0.0766203 0.00312517
98 -0.102473 0.000807387
98.5 -0.122205 -0.00190657
99 -0.134589 -0.00441425
99.5 -0.138704 -0.00606838
100 -0.133313 -0.00644023
100.5 -0.117225 -0.00550952
101 -0.0904487 -0.0036799
101.5 -0.0553683 -0.00161049
102 -0.0170286 5.16442e-05
102.5 0.0179146 0.000909026
103 0.0432972 0.000920062
103.5 0.0557038 0.000348766
104 0.0558197 -0.000390836
104.5 0.048193 -0.000908753
105 0.0394318 -0.000959773
105.5 0.0355588 -0.000484238
106 0.0396179 0.000415367
106.5 0.0505053 0.0015284
107 0.0634677 0.0025941
107.5 0.072 0.0033543
108 0.0703121 0.00360211
108.5 0.0553477 0.00322687
109 0.0276098 0.00224728
109.5 -0.00936623 0.000819896
110 -0.0504418 -0.000787296
110.5 -0.0904257 -0.00225533
111 -0.125074 -0.00329567
111.5 -0.151336 -0.00372996
112 -0.167146 -0.00354305
112.5 -0.171334 -0.00288921
113 -0.163957 -0.00204463
113.5 -0.146928 -0.0013179
114 -0.124284 -0.000947936
114.5 -0.101501 -0.001028
115 -0.0837452 -0.00148739
115.5 -0.0737219 -0.00213851
116 -0.0702982 -0.00276749
116.5 -0.0688557 -0.00322465
117 -0.0634769 -0.00347215
117.5 -0.0499786 -0.00356845
118 -0.0282033 -0.00360425
118.5 -0.00227788 -0.00362961
119 0.021344 -0.00361588
119.5 0.0369866 -0.00347358
120 0.0422896 -0.00311461
120.5 0.0388473 -0.00252053
121 0.0307843 -0.00177532
121.5 0.0223002 -0.00104148
122 0.0157061 -0.000490293
122.5 0.0109736 -0.000223288
123 0.00673435 -0.000226521
123.5 0.00175582 -0.00038145
124 -0.00420532 -0.000525651
124.5 -0.0105978 -0.0005308
125 -0.0168328 -0.000358136
125.5 -0.0226859 -6.60188e-05
126 -0.0278148 0.000228887
126.5 -0.0307615 0.000411379
127 -0.0284855 0.000415368
127.5 -0.0173222 0.000237763
128 0.00473136 -8.08865e-05
128.5 0.0356643 -0.000489856
129 0.0687505 -0.000952372
129.5 0.0944915 -0.00144801
130 0.104624 -0.00195817
130.5 0.0961677 -0.00245047
131 0.0731825 -0.00287607
131.5 0.0450308 -0.00318176
132 0.0219439 -0.00332658
132.5 0.0103016 -0.0032904
133 0.0102567 -0.00306947
133.5 0.0169617 -0.00266617
134 0.0244926 -0.0020849
134.5 0.0299484 -0.00134024
135 0.0351341 -0.000471813
135.5 0.0447755 0.00044759
136 0.0624095 0.0013206
136.5 0.0865991 0.00204766
137 0.110001 0.00254931
137.5 0.122131 0.00277483
138 0.11446 0.00269567
138.5 0.0850305 0.00229657
139 0.0400045 0.00158019
139.5 -0.00874924 0.000587948
140 -0.0487488 -0.000579696
140.5 -0.0720008 -0.00176897
141 -0.0775829 -0.00281626
141.5 -0.0706842 -0.00361114
142 -0.0590087 -0.0041367
142.5 -0.0486944 -0.00444938
143 -0.0418501 -0.00459801
143.5 -0.0366449 -0.00452973
144 -0.0294033 -0.00405447
144.5 -0.017222 -0.00291495
145 0.000327029 -0.000944467
145.5 0.021034 0.00177056
146 0.0410987 0.00482609
146.5 0.0565508 0.00759039
147 0.0643261 0.0094174
147.5 0.0627827 0.00987822
148 0.0518598 0.00889576
148.5 0.0331339 0.00672942
149 0.00977545 0.00384955
149.5 -0.0138435 0.000799584
150 -0.0330883 -0.00187383
150.5 -0.0443898 -0.00362182
151 -0.0464009 -0.00390363
151.5 -0.0403353 -0.00229533
152 -0.0291994 0.00129014
152.5 -0.0162575 0.00637495
153 -0.00353982 0.011851
153.5 0.00879807 0.0162013
154 0.0219625 0.0179809
154.5 0.0372384 0.0163617
155 0.0547405 0.0114724
155.5 0.0729139 0.00435242
156 0.0889835 -0.00345905
156.5 0.0999812 -0.0104733
157 0.103724 -0.0156481
157.5 0.0992957 -0.0184482
158 0.0870119 -0.0186141
158.5 0.0681687 -0.0158771
159 0.0448787 -0.00988489
159.5 0.020001 -0.000445694
160 -0.00310654 0.0120472
160.5 -0.0212912 0.026315
161 -0.0326985 0.0402876
161.5 -0.0377402 0.0516416
162 -0.0392343 0.0585567
162.5 -0.0413132 0.0603113
163 -0.047387 0.0574104
163.5 -0.0581116 0.0512001
164 -0.0705051 0.0432041
164.5 -0.0788732 0.0345557
165 -0.0772596 0.0258042
165.5 -0.062269 0.0171234
166 -0.0348331 0.00869655
166.5 -6.46298e-06 0.000969977
167 0.0350811 -0.00541131
167.5 0.0640236 -0.0099334
168 0.0832499 -0.012561
168.5 0.0924833 -0.0138372
169 0.0935729 -0.0146325
169.5 0.0886343 -0.0156772
170 0.0787318 -0.0171577
170.5 0.0638632 -0.0186274
171 0.0440963 -0.0192916
171.5 0.0209364 -0.018499
172 -0.00214337 -0.0161532
172.5 -0.0205274 -0.0128121
173 -0.0302741 -0.00943231
173.5 -0.0299083 -0.00691464
174 -0.0211517 -0.00570653
174.5 -0.00816455 -0.00565914
175 0.00428895 -0.0061806
175.5 0.0127787 -0.00656717
176 0.0163073 -0.00632248
176.5 0.0161729 -0.00531713
177 0.0148882 -0.00375206
177.5 0.0148548 -0.00199486
178 0.0174422 -0.000400741
178.5 0.0227253 0.000797745
179 0.0297174 0.00151229
179.5 0.0367563 0.00176377
180 0.0418144 0.00163681
180.5 0.0427409 0.00124978
181 0.0375861 0.000738515
181.5 0.0251008 0.000238358
182 0.00530353 -0.000142709
182.5 -0.0201426 -0.000351851
183 -0.0479959 -0.000404432
183.5 -0.0740187 -0.000374331
184 -0.0939351 -0.000368354
184.5 -0.104481 -0.000500158
185 -0.104252 -0.000873634
185.5 -0.0941394 -0.00157123
186 -0.0772016 -0.00263274
186.5 -0.0579593 -0.00401595
187 -0.0411855 -0.00555063
187.5 -0.030484 -0.00691803
188 -0.0271164 -0.00769075
188.5 -0.0295829 -0.00744525
189 -0.0342391 -0.00591894
189.5 -0.0367902 -0.00314896
190 -0.0340563 0.00047609
190.5 -0.0252116 0.00428946
191 -0.0119331 0.00752615
191.5 0.00255634 0.00953972
192 0.0150029 0.00996746
192.5 0.0234075 0.00878224
193 0.0275098 0.0062275
193.5 0.028409 0.00268905
194 0.0277321 -0.00141899
194.5 0.0269077 -0.00569994
195 0.02687 -0.00975368
195.5 0.0281253 -0.0131428
196 0.0308607 -0.0154144
196.5 0.0348309 -0.0162103
197 0.0390556 -0.0154359
197.5 0.0416426 -0.0133976
198 0.0400814 -0.010816
198.5 0.0320901 -0.00866398
199 0.0167107 -0.00786338
199.5 -0.00489378 -0.00894385
200 -0.0294198 -0.0117891
200.5 -0.052314 -0.0155641
201 -0.0692737 -0.0188471
201.5 -0.0777688 -0.0199307
202 -0.0779713 -0.0172188
202.5 -0.0727082 -0.00964801
203 -0.0664108 0.00293413
203.5 -0.0634031 0.0195096
204 -0.0661298 0.0378446
204.5 -0.0740088 0.0547554
205 -0.0834329 0.0667254
205.5 -0.0890448 0.0707905
206 -0.0858767 0.0654607
206.5 -0.0714908 0.0513463
207 -0.047152 0.031193
207.5 -0.0174304 0.00921428
208 0.0116399 -0.0101094
208.5 0.0349837 -0.0233533
209 0.0503046 -0.029099
209.5 0.0584264 -0.0281516
210 0.0620775 -0.0229677
210.5 0.0638867 -0.0165635
211 0.064757 -0.0113771
211.5 0.0635116 -0.00853909
212 0.0579279 -0.00779137
212.5 0.0464735 -0.00798776
213 0.0296909 -0.00787203
213.5 0.0104371 -0.00674748
214 -0.00713158 -0.00475295
214.5 -0.0192603 -0.00267064
215 -0.024112 -0.00140863
215.5 -0.0224171 -0.00143331
216 -0.017071 -0.00243249
216.5 -0.0119725 -0.00337788
217 -0.010636 -0.00297738
217.5 -0.0150624 -0.000329481
218 -0.0251521 0.00451571
218.5 -0.0387347 0.0103735
219 -0.0521586 0.0152622
219.5 -0.0612939 0.0171764
220 -0.0627165 0.0149892
220.5 -0.0547533 0.0090768
221 -0.0380541 0.00134462
221.5 -0.015471 -0.00540774
222 0.00873366 -0.00853436
222.5 0.0300717 -0.00654726
223 0.0449876 0.000366384
223.5 0.0516195 0.0105219
224 0.0499928 0.021482
224.5 0.0417032 0.0309843
225 0.0292877 0.037624
225.5 0.0154993 0.0410417
226 0.00264886 0.0416527
226.5 -0.00788081 0.0401755
227 -0.0158557 0.0372621
227.5 -0.0220729 0.0333958
228 -0.0278915 0.0290219
228.5 -0.0345311 0.02473
229 -0.0423825 0.0213072
229.5 -0.0506281 0.0195962
230 -0.0573628 0.0202247
230.5 -0.0602023 0.0233483
231 -0.0571467 0.0285178
231.5 -0.0473612 0.0347089
232 -0.0315855 0.0404815
232.5 -0.0120479 0.0442255
233 0.00805862 0.0444692
233.5 0.0253541 0.0402336
234 0.0370848 0.0313761
234.5 0.0417727 0.018806
235 0.0395492 0.00442923
235.5 0.0320769 -0.00925616
236 0.0220542 -0.0198434
236.5 0.0124184 -0.0257493
237 0.00548591 -0.0266956
237.5 0.00232346 -0.0237201
238 0.00257995 -0.0186985
238.5 0.00482995 -0.0135875
239 0.0072642 -0.00972192
239.5 0.0084215 -0.00746291
240 0.00766329 -0.00630984
240.5 0.00523863 -0.00536431
241 0.00198867 -0.0038853
241.5 -0.00111202 -0.00166584
242 -0.00335075 0.000915421
242.5 -0.00446376 0.00313974
243 -0.0045976 0.00432787
243.5 -0.00412702 0.00415533
244 -0.0034449 0.00276882
244.5 -0.00281231 0.000684053
245 -0.00230583 -0.00145246
245.5 -0.00185376 -0.00311072
246 -0.00132731 -0.00402828
246.5 -0.000642807 -0.00422421
247 0.000168154 -0.00390365
247.5 0.000951606 -0.00332172
248 0.00149263 -0.00267624
248.5 0.00161788 -0.00206722
249 0.00128752 -0.00151911
249.5 0.000626407 -0.00103178
250 -0.000124936 -0.000620185
250.5 -0.000714967 -0.000320495
251 -0.00098608 -0.000166205
251.5 -0.000926687 -0.000157467
252 -0.00064983 -0.000248304
252.5 -0.000319415 -0.000362109
253 -6.98062e-05 -0.000426108
253.5 4.06177e-05 -0.000403653
254 2.8316e-05 -0.000305732
254.5 -4.92086e-05 -0.000177091
255 -0.00013236 -6.76673e-05
255.5 -0.000183025 -7.02054e-06
256 -0.000188715 5.11524e-06
256.5 -0.000155579 -9.34267e-06
257 -0.000100119 -2.38927e-05
257.5 -4.33417e-05 -2.17949e-05
258 -5.45869e-06 -8.12177e-07
258.5 9.08658e-07 3.09553e-05
259 -2.29936e-05 6.25489e-05
259.5 -6.10198e-05 8.5553e-05
260 -8.89921e-05 9.5627e-05
260.5 -8.66218e-05 9.17417e-05
261 -4.75633e-05 7.5408e-05
261.5 1.8346e-05 5.05917e-05
262 9.13091e-05 2.33007e-05
262.5 0.000151536 -2.02784e-07
263 0.000186773 -1.61106e-05
263.5 0.000194179 -2.48583e-05
264 0.000177756 -3.04042e-05
264.5 0.000144821 -3.72231e-05
265 0.000103965 -4.70893e-05
265.5 6.43276e-05 -5.79823e-05
266 3.44892e-05 -6.58448e-05
266.5 2.01398e-05 -6.7739e-05
267 2.16334e-05 -6.39513e-05
267.5 3.34838e-05 -5.75278e-05
268 4.67786e-05 -5.17845e-05
268.5 5.33306e-05 -4.78363e-05
269 4.90903e-05 -4.40144e-05
269.5 3.4974e-05 -3.74303e-05
270 1.51772e-05 -2.62745e-05
270.5 -5.42134e-06 -1.10112e-05
271 -2.31179e-05 6.31743e-06
271.5 -3.59933e-05 2.38831e-05
272 -4.3818e-05 4.13462e-05
272.5 -4.78651e-05 5.95339e-05
273 -5.05618e-05 7.88212e-05
273.5 -5.44907e-05 9.75996e-05
274 -6.07462e-05 0.000112179
274.5 -6.76228e-05 0.000118388
275 -7.09605e-05 0.000113872
275.5 -6.65305e-05 9.95816e-05
276 -5.31789e-05 7.94898e-05
276.5 -3.44572e-05 5.87329e-05
277 -1.71941e-05 4.12984e-05
277.5 -7.56339e-06 2.85425e-05
278 -7.13731e-06 1.91999e-05
278.5 -1.16469e-05 1.0665e-05
279 -1.34307e-05 7.12758e-07
279.5 -6.07447e-06 -1.12384e-05
280 1.16856e-05 -2.38473e-05
280.5 3.5145e-05 -3.45547e-05
281 5.61805e-05 -4.08473e-05
281.5 6.74125e-05 -4.14685e-05
282 6.55245e-05 -3.70187e-05
282.5 5.21527e-05 -2.96635e-05
283 3.23568e-05 -2.20765e-05
283.5 1.19091e-05 -1.61368e-05
284 -5.10284e-06 -1.20657e-05
284.5 -1.73945e-05 -8.49835e-06
285 -2.61383e-05 -3.47509e-06
285.5 -3.35661e-05 4.20694e-06
286 -4.12546e-05 1.40844e-05
286.5 -4.89133e-05 2.4118e-05
287 -5.43169e-05 3.17285e-05
287.5 -5.45221e-05 3.5131e-05
288 -4.77829e-05 3.41338e-05
288.5 -3.50375e-05 2.99202e-05
289 -1.9923e-05 2.39948e-05
289.5 -7.10821e-06 1.70204e-05
290 1.73923e-07 8.33809e-06
290.5 1.9031e-06 -3.4767e-06
291 1.2441e-06 -1.93446e-05
291.5 2.73962e-06 -3.84856e-05
292 9.85539e-06 -5.80737e-05
292.5 2.33135e-05 -7.40444e-05
293 4.09973e-05 -8.27128e-05
293.5 5.91581e-05 -8.24107e-05
294 7.39855e-05 -7.43324e-05
294.5 8.27118e-05 -6.21702e-05
295 8.40268e-05 -5.06965e-05
295.5 7.80879e-05 -4.39165e-05
296 6.64177e-05 -4.35743e-05
296.5 5.16495e-05 -4.86003e-05
297 3.68795e-05 -5.56661e-05
297.5 2.46153e-05 -6.05623e-05
298 1.57922e-05 -5.98175e-05
298.5 9.54256e-06 -5.19319e-05
299 4.03206e-06 -3.78008e-05
299.5 -2.08087e-06 -2.02439e-05
300 -8.54133e-06 -2.89422e-06
300.5 -1.35405e-05 1.10865e-05
301 -1.48714e-05 1.99818e-05
301.5 -1.13325e-05 2.38635e-05
302 -3.34538e-06 2.42491e-05
302.5 7.60348e-06 2.32797e-05
303 2.01485e-05 2.27908e-05
303.5 3.38281e-05 2.36524e-05
304 4.88027e-05 2.56155e-05
304.5 6.47521e-05 2.767e-05
305 7.99097e-05 2.86946e-05
305.5 9.11409e-05 2.80632e-05
306 9.52006e-05 2.59102e-05
306.5 9.0422e-05 2.29471e-05
307 7.77509e-05 1.99574e-05
307.5 6.04763e-05 1.72685e-05
308 4.28507e-05 1.45057e-05
308.5 2.84246e-05 1.07755e-05
309 1.89543e-05 5.18488e-06
309.5 1.42529e-05 -2.57849e-06
310 1.27781e-05 -1.19155e-05
310.5 1.2463e-05 -2.14065e-05
311 1.14016e-05 -2.9283e-05
311.5 8.27668e-06 -3.40592e-05
312 2.60249e-06 -3.50546e-05
312.5 -5.15408e-06 -3.26113e-05
313 -1.36212e-05 -2.79587e-05
313.5 -2.08253e-05 -2.28045e-05
314 -2.4747e-05 -1.88045e-05
314.5 -2.39755e-05 -1.70692e-05
315 -1.82186e-05 -1.78488e-05
315.5 -8.46189e-06 -2.0492e-05
316 3.30174e-06 -2.37103e-05
316.5 1.46952e-05 -2.60793e-05
317 2.37298e-05 -2.65971e-05
317.5 2.94465e-05 -2.50634e-05
318 3.21516e-05 -2.20891e-05
318.5 3.30999e-05 -1.87107e-05
319 3.37247e-05 -1.57896e-05
319.5 3.47816e-05 -1.35141e-05
320 3.58803e-05 -1.12828e-05
320.5 3.57047e-05 -8.05206e-06
321 3.28222e-05 -2.97132e-06
321.5 2.65969e-05 4.04161e-06
322 1.76353e-05 1.21036e-05
322.5 7.48902e-06 1.96615e-05
323 -2.1648e-06 2.51233e-05
323.5 -1.03066e-05 2.74986e-05
324 -1.6827e-05 2.67312e-05
324.5 -2.21687e-05 2.3595e-05
325 -2.67179e-05 1.92566e-05
325.5 -3.04472e-05 1.47626e-05
326 -3.30478e-05 1.07089e-05
326.5 -3.43675e-05 7.20859e-06
327 -3.47201e-05 4.09926e-06
327.5 -3.47585e-05 1.21555e-06
328 -3.49821e-05 -1.44084e-06
328.5 -3.52735e-05 -3.70161e-06
329 -3.4857e-05 -5.34954e-06
329.5 -3.2767e-05 -6.23644e-06
330 -2.85364e-05 -6.31184e-06
330.5 -2.26564e-05 -5.56178e-06
331 -1.65165e-05 -3.93949e-06
331.5 -1.18647e-05 -1.38319e-06
332 -1.00875e-05 2.05284e-06
332.5 -1.16586e-05 6.03275e-06
333 -1.59576e-05 9.88031e-06
333.5 -2.147e-05 1.27316e-05
334 -2.62618e-05 1.38763e-05
334.5 -2.85778e-05 1.31233e-05
335 -2.73932e-05 1.09702e-05
335.5 -2.27313e-05 8.43528e-06
336 -1.55844e-05 6.60162e-06
336.5 -7.41788e-06 6.0972e-06
337 5.38982e-07 6.79605e-06
337.5 7.83938e-06 7.91012e-06
338 1.4862e-05 8.42303e-06
338.5 2.22895e-05 7.62225e-06
339 3.03296e-05 5.44002e-06
339.5 3.8189e-05 2.4382e-06
340 4.41921e-05 -5.13527e-07
340.5 4.65431e-05 -2.651e-06
341 4.43243e-05 -3.58728e-06
341.5 3.81558e-05 -3.33405e-06
342 3.01337e-05 -2.13552e-06
342.5 2.30555e-05 -2.78598e-07
343 1.93137e-05 1.98521e-06
343.5 1.9965e-05 4.38933e-06
344 2.43542e-05 6.56999e-06
344.5 3.03961e-05 8.07253e-06
345 3.53608e-05 8.48974e-06
345.5 3.68549e-05 7.66084e-06
346 3.36581e-05 5.79633e-06
346.5 2.61339e-05 3.4281e-06
347 1.6068e-05 1.19292e-06
347.5 5.98319e-06 -4.35684e-07
348 -1.8029e-06 -1.31871e-06
348.5 -5.98093e-06 -1.6375e-06
349 -6.55847e-06 -1.71849e-06
349.5 -4.55013e-06 -1.81281e-06
350 -1.23993e-06 -1.96462e-06
350.5 2.57301e-06 -2.03824e-06
351 6.94007e-06 -1.87467e-06
351.5 1.25625e-05 -1.47089e-06
352 2.0158e-05 -1.06469e-06
352.5 2.97438e-05 -1.0639e-06
353 4.0202e-05 -1.8473e-06
353.5 4.9336e-05 -3.53631e-06
354 5.44068e-05 -5.85564e-06
354.5 5.29577e-05 -8.16151e-06
355 4.36581e-05 -9.63901e-06
355.5 2.68934e-05 -9.59401e-06
356 4.89611e-06 -7.72278e-06
356.5 -1.86729e-05 -4.25045e-06
357 -3.9616e-05 1.19323e-07
357.5 -5.43088e-05 4.42757e-06
358 -6.06606e-05 7.77379e-06
358.5 -5.85844e-05 9.6022e-06
359 -4.98183e-05 9.85077e-06
359.5 -3.71995e-05 8.90479e-06
360 -2.37018e-05 7.37576e-06
360.5 -1.16104e-05 5.80271e-06
361 -2.09726e-06 4.41359e-06
361.5 4.73542e-06 3.06311e-06
362 9.45866e-06 1.38193e-06
362.5 1.27839e-05 -9.36425e-07
363 1.51104e-05 -3.86504e-06
363.5 1.63068e-05 -6.94672e-06
364 1.57824e-05 -9.44224e-06
364.5 1.27997e-05 -1.06607e-05
365 6.88927e-06 -1.03001e-05
365.5 -1.81455e-06 -8.60938e-06
366 -1.24635e-05 -6.27417e-06
366.5 -2.36494e-05 -4.08149e-06
367 -3.37353e-05 -2.54351e-06
367.5 -4.12069e-05 -1.6844e-06
368 -4.49202e-05 -1.10239e-06
368.5 -4.42223e-05 -2.63965e-07
369 -3.90069e-05 1.14055e-06
369.5 -2.97648e-05 2.97845e-06
370 -1.76101e-05 4.70805e-06
370.5 -4.18663e-06 5.63708e-06
371 8.61738e-06 5.26083e-06
371.5 1.90914e-05 3.50387e-06
372 2.60691e-05 7.54414e-07
372.5 2.9029e-05 -2.30294e-06
373 2.78752e-05 -4.94932e-06
373.5 2.25806e-05 -6.64935e-06
374 1.30179e-05 -7.13034e-06
374.5 -7.96594e-07 -6.31858e-06
375 -1.81172e-05 -4.21035e-06
375.5 -3.69311e-05 -7.84891e-07
376 -5.39429e-05 3.96812e-06
376.5 -6.53218e-05 9.91078e-06
377 -6.79999e-05 1.65897e-05
377.5 -6.09364e-05 2.31536e-05
378 -4.57012e-05 2.84437e-05
378.5 -2.60497e-05 3.1267e-05
379 -6.67379e-06 3.07743e-05
379.5 8.28849e-06 2.68018e-05
380 1.63334e-05 2.00301e-05
380.5 1.69027e-05 1.18749e-05
381 1.10034e-05 4.11863e-06
381.5 5.28911e-07 -1.60385e-06
382 -1.22974e-05 -4.28781e-06
382.5 -2.51746e-05 -3.8294e-06
383 -3.57931e-05 -9.77005e-07
383.5 -4.19923e-05 3.02184e-06
384 -4.21853e-05 6.9339e-06
384.5 -3.59663e-05 9.99361e-06
385 -2.45765e-05 1.20961e-05
385.5 -1.08752e-05 1.36502e-05
386 1.33601e-06 1.51817e-05
386.5 8.45018e-06 1.69106e-05
387 8.21526e-06 1.8541e-05
387.5 4.49017e-07 1.9388e-05
388 -1.29534e-05 1.8766e-05
388.5 -2.86664e-05 1.64068e-05
389 -4.29397e-05 1.2651e-05
389.5 -5.26006e-05 8.29144e-06
390 -5.57934e-05 4.16154e-06
390.5 -5.23454e-05 7.26759e-07
391 -4.37487e-05 -2.06063e-06
391.5 -3.27693e-05 -4.54833e-06
392 -2.2704e-05 -6.95235e-06
392.5 -1.63922e-05 -9.00204e-06
393 -1.524e-05 -9.92753e-06
393.5 -1.86457e-05 -8.85032e-06
394 -2.41619e-05 -5.3789e-06
394.5 -2.84639e-05 -5.73192e-08
395 -2.8786e-05 5.63384e-06
395.5 -2.41914e-05 9.7897e-06
396 -1.60434e-05 1.08848e-05
396.5 -7.40436e-06 8.47152e-06
397 -1.62492e-06 3.41284e-06
397.5 -8.07854e-07 -2.47919e-06
398 -4.89658e-06 -7.22951e-06
398.5 -1.18074e-05 -9.5315e-06
399 -1.84866e-05 -9.23309e-06
399.5 -2.23246e-05 -7.27005e-06
400 -2.22319e-05 -5.11429e-06
400.5 -1.89119e-05 -4.02923e-06
401 -1.43049e-05 -4.49007e-06
401.5 -1.05724e-05 -6.01593e-06
402 -9.15941e-06 -7.44585e-06
402.5 -1.03519e-05 -7.48836e-06
403 -1.34474e-05 -5.27857e-06
403.5 -1.73398e-05 -7.15612e-07
404 -2.11465e-05 5.51728e-06
404.5 -2.45431e-05 1.22073e-05
405 -2.76746e-05 1.801e-05
405.5 -3.07634e-05 2.18444e-05
406 -3.37017e-05 2.31727e-05
406.5 -3.59006e-05 2.21014e-05
407 -3.65027e-05 1.92851e-05
407.5 -3.48316e-05 1.56611e-05
408 -3.08088e-05 1.20924e-05
408.5 -2.50879e-05 9.0482e-06
409 -1.88357e-05 6.46225e-06
409.5 -1.32984e-05 3.85298e-06
410 -9.4009e-06 6.72486e-07
410.5 -7.56819e-06 -3.27999e-06
411 -7.78181e-06 -7.60358e-06
411.5 -9.72769e-06 -1.13624e-05
412 -1.28697e-05 -1.3469e-05
412.5 -1.64035e-05 -1.31983e-05
413 -1.92043e-05 -1.05566e-05
413.5 -1.99462e-05 -6.29847e-06
414 -1.74677e-05 -1.57729e-06
414.5 -1.12652e-05 2.58129e-06
415 -1.85123e-06 5.69347e-06
415.5 9.25617e-06 7.9033e-06
416 1.99528e-05 9.7188e-06
416.5 2.81817e-05 1.15771e-05
417 3.24789e-05 1.3505e-05
417.5 3.22156e-05 1.50691e-05
418 2.75377e-05 1.56276e-05
418.5 1.91786e-05 1.47204e-05
419 8.33871e-06 1.23649e-05
419.5 -3.33296e-06 9.0944e-06
420 -1.37972e-05 5.73282e-06
420.5 -2.09218e-05 3.04267e-06
421 -2.3064e-05 1.43399e-06
421.5 -1.97326e-05 8.62181e-07
422 -1.19454e-05 9.2288e-07
422.5 -1.97267e-06 1.05087e-06
423 7.54091e-06 7.03871e-07
423.5 1.46982e-05 -5.37995e-07
424 1.91412e-05 -2.94719e-06
424.5 2.20604e-05 -6.63942e-06
425 2.53803e-05 -1.15332e-05
425.5 3.05438e-05 -1.7288e-05
426 3.75573e-05 -2.32816e-05
426.5 4.4828e-05 -2.86929e-05
427 4.98853e-05 -3.26984e-05
427.5 5.05868e-05 -3.47179e-05
428 4.61514e-05 -3.4594e-05
428.5 3.74784e-05 -3.26142e-05
429 2.66279e-05 -2.93576e-05
429.5 1.57991e-05 -2.54467e-05
430 6.39126e-06 -2.13297e-05
430.5 -1.36816e-06 -1.72003e-05
431 -8.10409e-06 -1.30783e-05
431.5 -1.45526e-05 -8.98468e-06
432 -2.08711e-05 -5.09399e-06
432.5 -2.63887e-05 -1.76442e-06
433 -2.98947e-05 5.81456e-07
433.5 -3.02561e-05 1.66675e-06
434 -2.69992e-05 1.54906e-06
434.5 -2.05572e-05 6.78815e-07
435 -1.20961e-05 -2.24266e-07
435.5 -3.05801e-06 -4.43566e-07
436 5.32923e-06 4.20779e-07
436.5 1.23531e-05 2.23598e-06
437 1.78428e-05 4.32964e-06
437.5 2.19817e-05 5.72207e-06
438 2.50564e-05 5.52423e-06
438.5 2.7288e-05 3.34474e-06
439 2.88122e-05 -4.71036e-07
439.5 2.97677e-05 -4.8881e-06
440 3.03769e-05 -8.51534e-06
440.5 3.09039e-05 -1.01002e-05
441 3.14609e-05 -8.98715e-06
441.5 3.17593e-05 -5.357e-06
442 3.0989e-05 -1.62457e-07
442.5 2.79954e-05 5.19871e-06
443 2.17721e-05 9.33121e-06
443.5 1.20872e-05 1.12418e-05
444 -8.14645e-08 1.05672e-05
444.5 -1.2596e-05 7.59133e-06
445 -2.27675e-05 3.09026e-06
445.5 -2.83036e-05 -1.91536e-06
446 -2.81668e-05 -6.42014e-06
446.5 -2.2934e-05 -9.64913e-06
447 -1.44931e-05 -1.11965e-05
447.5 -5.2459e-06 -1.1073e-05
448 2.77646e-06 -9.65908e-06
448.5 8.48223e-06 -7.57495e-06
449 1.17768e-05 -5.49715e-06
449.5 1.32036e-05 -3.97022e-06
450 1.34499e-05 -3.26648e-06
450.5 1.29959e-05 -3.33434e-06
451 1.2031e-05 -3.84624e-06
451.5 1.05752e-05 -4.32436e-06
452 8.64871e-06 -4.30004e-06
452.5 6.36408e-06 -3.45736e-06
453 3.91902e-06 -1.72353e-06
453.5 1.54825e-06 7.10715e-07
454 -4.99861e-07 3.43869e-06
454.5 -1.95413e-06 5.93733e-06
455 -2.5275e-06 7.69626e-06
455.5 -1.99034e-06 8.34914e-06
456 -3.04025e-07 7.77639e-06
456.5 2.25875e-06 6.14792e-06
457 5.10125e-06 3.8834e-06
457.5 7.4436e-06 1.52989e-06
458 8.57509e-06 -4.11564e-07
458.5 8.10532e-06 -1.65019e-06
459 6.09608e-06 -2.1935e-06
459.5 3.01667e-06 -2.31588e-06
460 -4.45317e-07 -2.41527e-06
460.5 -3.62121e-06 -2.81878e-06
461 -6.04327e-06 -3.62593e-06
461.5 -7.51371e-06 -4.66255e-06
462 -8.06755e-06 -5.56403e-06
462.5 -7.8808e-06 -5.94265e-06
463 -7.18029e-06 -5.55453e-06
463.5 -6.18483e-06 -4.38878e-06
464 -5.07417e-06 -2.64846e-06
464.5 -3.96734e-06 -6.51434e-07
465 -2.90145e-06 1.28579e-06
465.5 -1.82359e-06 2.9231e-06
466 -6.19448e-07 4.11017e-06
466.5 8.1211e-07 4.76024e-06
467 2.46172e-06 4.82584e-06
467.5 4.14234e-06 4.3055e-06
468 5.50524e-06 3.27707e-06
468.5 6.15549e-06 1.92488e-06
469 5.82642e-06 5.24428e-07
469.5 4.5297e-06 -6.26843e-07
470 2.59794e-06 -1.30822e-06
470.5 5.8589e-07 -1.45491e-06
471 -9.3237e-07 -1.17354e-06
471.5 -1.57822e-06 -6.81885e-07
472 -1.2978e-06 -2.01896e-07
472.5 -3.52876e-07 1.38607e-07
473 8.10817e-07 3.44712e-07
473.5 1.74801e-06 5.16417e-07
474 2.16763e-06 7.59812e-07
474.5 2.00003e-06 1.10148e-06
475 1.36965e-06 1.45665e-06
475.5 5.05149e-07 1.66882e-06
476 -3.64484e-07 1.59622e-06
476.5 -1.08659e-06 1.19383e-06
477 -1.61416e-06 5.43989e-07
477.5 -1.98864e-06 -1.798e-07
478 -2.2923e-06 -7.92934e-07
478.5 -2.59334e-06 -1.17851e-06
479 -2.90638e-06 -1.32571e-06
479.5 -3.18393e-06 -1.31555e-06
480 -3.34068e-06 -1.27087e-06
480.5 -3.29845e-06 -1.30117e-06
481 -3.02927e-06 -1.46653e-06
481.5 -2.57607e-06 -1.76697e-06
482 -2.0417e-06 -2.14978e-06
482.5 -1.55313e-06 -2.52459e-06
483 -1.21896e-06 -2.78258e-06
483.5 -1.09903e-06 -2.8219e-06
484 -1.19629e-06 -2.57889e-06
484.5 -1.46898e-06 -2.05611e-06
485 -1.85304e-06 -1.3325e-06
485.5 -2.28287e-06 -5.45035e-07
486 -2.70306e-06 1.54724e-07
486.5 -3.07e-06 6.50671e-07
487 -3.34752e-06 8.95794e-07
487.5 -3.50275e-06 9.14888e-07
488 -3.50732e-06 7.78839e-07
488.5 -3.34496e-06 5.67002e-07
489 -3.02216e-06 3.3738e-07
489.5 -2.57493e-06 1.16437e-07
490 -2.06551e-06 -9.20269e-08
490.5 -1.568e-06 -2.88651e-07
491 -1.14836e-06 -4.62766e-07
491.5 -8.4818e-07 -5.87252e-07
492 -6.79599e-07 -6.26162e-07
492.5 -6.31804e-07 -5.51626e-07
493 -6.82613e-07 -3.6243e-07
493.5 -8.07001e-07 -9.46307e-08
494 -9.78936e-07 1.836e-07
494.5 -1.1697e-06 3.94234e-07
495 -1.34892e-06 4.80608e-07
495.5 -1.49137e-06 4.32316e-07
496 -1.58567e-06 2.89427e-07
496.5 -1.63756e-06 1.21977e-07
497 -1.66325e-06 -4.80129e-09
497.5 -1.67631e-06 -5.99527e-08
498 -1.6776e-06 -5.44094e-08
498.5 -1.65637e-06 -2.40607e-08
499 -1.60198e-06 -1.17323e-09
499.5 -1.51731e-06 6.34906e-09
500 -1.42274e-06 1.51429e-08
