-1.998 3.11687e-06 1.55854e-07
-1.996 1.75789e-05 1.46357e-06
-1.994 4.7355e-05 3.69994e-06
-1.992 8.75358e-05 3.89839e-06
-1.99 0.00012213 -3.45273e-06
-1.988 0.00012597 -2.47714e-05
-1.986 7.06173e-05 -6.46839e-05
-1.984 -6.70808e-05 -0.0001231
-1.982 -0.000296093 -0.000193152
-1.98 -0.000604608 -0.000261025
-1.978 -0.000957899 -0.00030824
-1.976 -0.00130168 -0.000316185
-1.974 -0.0015706 -0.000271913
-1.972 -0.00170019 -0.000173605
-1.97 -0.00163983 -3.40244e-05
-1.968 -0.0013639 0.000119382
-1.966 -0.000878345 0.0002483
-1.964 -0.00022091 0.000310908
-1.962 0.000545756 0.000271509
-1.96 0.00134701 0.000110446
-1.958 0.00211253 -0.000168104
-1.956 0.00279197 -0.000532793
-1.954 0.00336546 -0.0009279
-1.952 0.00384523 -0.00128263
-1.95 0.0042673 -0.00152557
-1.948 0.00467486 -0.00160129
-1.946 0.00509754 -0.00148504
-1.944 0.00553193 -0.00119175
-1.942 0.00592836 -0.000776549
-1.94 0.00618781 -0.000326224
-1.938 0.00617179 5.70979e-05
-1.936 0.00572593 0.000276882
-1.934 0.00471504 0.000263647
-1.932 0.00306386 -7.53535e-06
-1.93 0.000794562 -0.000507621
-1.928 -0.00194867 -0.00115527
-1.926 -0.00489644 -0.00183039
-1.924 -0.00767657 -0.00239755
-1.922 -0.00986109 -0.00273417
-1.92 -0.011031 -0.00275678
-1.918 -0.0108476 -0.00243893
-1.916 -0.00911757 -0.00181657
-1.914 -0.00584092 -0.000980103
-1.912 -0.00123344 -5.49864e-05
-1.91 0.00427998 0.000825341
-1.908 0.0101027 0.00154936
-1.906 0.0155332 0.00205457
-1.904 0.0198566 0.00234576
-1.902 0.022451 0.00249895
-1.9 0.0228895 0.00264779
-1.898 0.0210197 0.00295331
-1.896 0.0169999 0.00356299
-1.894 0.0112844 0.00456881
-1.892 0.00456134 0.00597565
-1.89 -0.00234243 0.00768893
-1.888 -0.00857022 0.00952516
-1.886 -0.0133418 0.0112428
-1.884 -0.0160448 0.0125861
-1.882 -0.0163033 0.0133337
-1.88 -0.0140195 0.013343
-1.878 -0.00938311 0.012583
-1.876 -0.00284487 0.0111491
-1.874 0.00494522 0.00925503
-1.872 0.013229 0.00720008
-1.87 0.0212465 0.00531455
-1.868 0.0283378 0.00389256
-1.866 0.0340227 0.00312537
-1.864 0.0380434 0.00305262
-1.862 0.0403681 0.00354615
-1.86 0.0411597 0.00433287
-1.858 0.0407218 0.00505194
-1.856 0.0394329 0.00533134
-1.854 0.0376788 0.00486585
-1.852 0.0357911 0.0034809
-1.85 0.0339969 0.00117229
-1.848 0.0323904 -0.00188252
-1.846 0.030935 -0.00534279
-1.844 0.0294989 -0.00875204
-1.842 0.0279198 -0.0116119
-1.84 0.0260807 -0.0134737
-1.838 0.0239801 -0.0140313
-1.836 0.0217779 -0.0131932
-1.834 0.0198101 -0.0111137
-1.832 0.0185645 -0.00816785
-1.83 0.0186178 -0.00487568
-1.828 0.02054 -0.00179018
-1.826 0.0247773 0.000621435
-1.824 0.0315335 0.00207549
-1.822 0.040677 0.00252708
-1.82 0.051694 0.00217468
-1.818 0.0637076 0.00141824
-1.816 0.0755667 0.000782011
-1.814 0.0859944 0.000814566
-1.812 0.0937712 0.00197803
-1.81 0.0979155 0.00454178
-1.808 0.0978283 0.0085011
-1.806 0.0933776 0.0135433
-1.804 0.0849198 0.0190766
-1.802 0.0732589 0.0243233
-1.8 0.0595522 0.0284642
-1.798 0.0451602 0.0308035
-1.796 0.0314417 0.0309208
-1.794 0.0195139 0.0287703
-1.792 0.0100191 0.0247023
-1.79 0.00296716 0.019402
-1.788 -0.00228589 0.0137617
-1.786 -0.00689414 0.00872061
-1.784 -0.012239 0.00510057
-1.782 -0.0195768 0.00346695
-1.78 -0.0297037 0.00402931
-1.778 -0.0427164 0.00659591
-1.776 -0.0579123 0.0105928
-1.774 -0.0738473 0.015154
-1.772 -0.0885415 0.0192783
-1.77 -0.0998089 0.0220286
-1.768 -0.105674 0.0227339
-1.766 -0.10482 0.0211436
-1.764 -0.097007 0.0174933
-1.762 -0.0833583 0.0124627
-1.76 -0.0664442 0.00704021
-1.758 -0.0500765 0.00232912
-1.756 -0.0388057 -0.000659832
-1.754 -0.0371752 -0.00119393
-1.752 -0.0488658 0.00104421
-1.75 -0.0758991 0.00588675
-1.748 -0.118065 0.012691
-1.746 -0.17269 0.0204348
-1.744 -0.234791 0.0278883
-1.742 -0.297624 0.0338404
-1.74 -0.353525 0.0373377
-1.738 -0.394966 0.0378851
-1.736 -0.415648 0.0355532
-1.734 -0.411485 0.0309589
-1.732 -0.38132 0.02512
-1.73 -0.327255 0.0192233
-1.728 -0.254506 0.0143692
-1.726 -0.170762 0.0113518
-1.724 -0.0851183 0.010518
-1.722 -0.00671192 0.0117243
-1.72 0.0566965 0.0143873
-1.718 0.099947 0.0176098
-1.716 0.121265 0.0203581
-1.714 0.122455 0.0216668
-1.712 0.108464 0.020845
-1.71 0.0864209 0.0176441
-1.708 0.0643299 0.0123413
-1.706 0.0496572 0.00570525
-1.704 0.0480474 -0.00115969
-1.702 0.0623625 -0.00705246
-1.7 0.0921939 -0.0109344
-1.698 0.133936 -0.0121446
-1.696 0.181432 -0.0105243
-1.694 0.227108 -0.00642762
-1.692 0.263419 -0.000619678
-1.69 0.284349 0.00591382
-1.688 0.286676 0.0121991
-1.686 0.270758 0.0174952
-1.684 0.240651 0.0214567
-1.682 0.203552 0.0242062
-1.68 0.168621 0.0263048
-1.678 0.145416 0.0286232
-1.676 0.142171 0.0321331
-1.674 0.164228 0.037661
-1.672 0.212864 0.0456556
-1.67 0.284751 0.0560275
-1.668 0.372179 0.0680976
-1.666 0.46406 0.0806686
-1.664 0.547597 0.0922112
-1.662 0.610314 0.101139
-1.66 0.642091 0.106125
-1.658 0.63682 0.106398
-1.656 0.593389 0.101935
-1.654 0.515865 0.0935136
-1.652 0.41289 0.0825855
-1.65 0.296437 0.0710037
-1.648 0.180116 0.0606465
-1.646 0.0772891 0.0530211
-1.644 -0.000766372 0.0489391
-1.642 -0.0463911 0.0483457
-1.64 -0.0565456 0.0503459
-1.638 -0.0330908 0.0534148
-1.636 0.0177408 0.0557361
-1.634 0.0866067 0.0555918
-1.632 0.162791 0.0517312
-1.63 0.236038 0.0436554
-1.628 0.298105 0.0317629
-1.626 0.343782 0.0173165
-1.624 0.371282 0.00222238
-1.622 0.382062 -0.0113379
-1.62 0.38016 -0.0213482
-1.618 0.371175 -0.026373
-1.616 0.361013 -0.0258581
-1.614 0.354571 -0.020245
-1.612 0.354588 -0.0108654
-1.61 0.360917 0.000370572
-1.608 0.370413 0.0114223
-1.606 0.377506 0.0205912
-1.604 0.375364 0.0269056
-1.602 0.357358 0.0303363
-1.6 0.318513 0.0318097
-1.598 0.256649 0.0330194
-1.596 0.17301 0.0360611
-1.594 0.0723449 0.0429464
-1.592 -0.0375462 0.0550834
-1.59 -0.146702 0.0728375
-1.588 -0.244249 0.09528
-1.586 -0.319891 0.120203
-1.584 -0.36546 0.144423
-1.582 -0.376313 0.164333
-1.58 -0.352252 0.176607
-1.578 -0.297744 0.178888
-1.576 -0.221333 0.170322
-1.574 -0.134339 0.151809
-1.572 -0.0491493 0.125918
-1.57 0.0225732 0.0964923
-1.568 0.0714707 0.068007
-1.566 0.0916874 0.044786
-1.564 0.0815921 0.0302041
-1.562 0.0439857 0.026022
-1.56 -0.0142272 0.0319994
-1.558 -0.0828979 0.0458938
-1.556 -0.149979 0.0638701
-1.554 -0.203229 0.0812466
-1.552 -0.232059 0.093416
-1.55 -0.229189 0.0967469
-1.548 -0.191794 0.089294
-1.546 -0.121884 0.0711927
-1.544 -0.0258734 0.0446767
-1.542 0.0865085 0.0137074
-1.54 0.203682 -0.0167264
-1.538 0.313781 -0.0415197
-1.536 0.406082 -0.0563977
-1.534 0.472171 -0.0587101
-1.532 0.506763 -0.0479157
-1.53 0.50811 -0.0256591
-1.528 0.477965 0.00458063
-1.526 0.421082 0.0381984
-1.524 0.344312 0.0703748
-1.522 0.255429 0.0969875
-1.52 0.161907 0.115337
-1.518 0.069904 0.124569
-1.516 -0.0163072 0.125742
-1.514 -0.0943814 0.121554
-1.512 -0.163468 0.115739
-1.51 -0.223511 0.112223
-1.508 -0.274533 0.114173
-1.506 -0.316092 0.123151
-1.504 -0.347014 0.138612
-1.502 -0.365432 0.157887
-1.5 -0.369074 0.176689
-1.498 -0.355747 0.190004
-1.496 -0.323927 0.193147
-1.494 -0.27335 0.182748
-1.492 -0.20547 0.157428
-1.49 -0.123668 0.118097
-1.488 -0.03314 0.067834
-1.486 0.0595565 0.011427
-1.484 0.147261 -0.0453486
-1.482 0.22318 -0.0966203
-1.48 0.28194 -0.137377
-1.478 0.320544 -0.164349
-1.476 0.339022 -0.176642
-1.474 0.340635 -0.175924
-1.472 0.331541 -0.166096
-1.47 0.319997 -0.152486
-1.468 0.315181 -0.140757
-1.466 0.325805 -0.13583
-1.464 0.358706 -0.141025
-1.462 0.417598 -0.157557
-1.46 0.502188 -0.184426
-1.458 0.607789 -0.21865
-1.456 0.725529 -0.255776
-1.454 0.843161 -0.290576
-1.452 0.946372 -0.317805
-1.45 1.02045 -0.332924
-1.448 1.05208 -0.332719
-1.446 1.03109 -0.31575
-1.444 0.95184 -0.282547
-1.442 0.814197 -0.235517
-1.44 0.623852 -0.178533
-1.438 0.391984 -0.116315
-1.436 0.134331 -0.0537168
-1.434 -0.130183 0.00489623
-1.432 -0.381077 0.0560891
-1.43 -0.598065 0.0975694
-1.428 -0.762795 0.128203
-1.426 -0.860468 0.1479
-1.424 -0.881152 0.157447
-1.422 -0.820644 0.158329
-1.42 -0.680799 0.152543
-1.418 -0.469369 0.142381
-1.416 -0.199455 0.130174
-1.414 0.111333 0.118011
-1.412 0.441941 0.107464
-1.41 0.769154 0.0994117
-1.408 1.06905 0.0939899
-1.406 1.31857 0.0907045
-1.404 1.49708 0.0886279
-1.402 1.58786 0.0866005
-1.4 1.57938 0.0833687
-1.398 1.46642 0.0776653
-1.396 1.25071 0.0682929
-1.394 0.941357 0.0542775
-1.392 0.554683 0.0351033
-1.39 0.113593 0.0109664
-1.388 -0.353676 -0.0170817
-1.386 -0.81541 -0.0472242
-1.384 -1.23878 -0.077227
-1.382 -1.59257 -0.104923
-1.38 -1.84998 -0.128614
-1.378 -1.99134 -0.147239
-1.376 -2.00628 -0.160292
-1.374 -1.8952 -0.16764
-1.372 -1.66949 -0.169372
-1.37 -1.35069 -0.165761
-1.368 -0.968306 -0.157275
-1.366 -0.55687 -0.144543
-1.364 -0.152357 -0.128204
-1.362 0.211489 -0.108654
-1.36 0.506547 -0.0858267
-1.358 0.713057 -0.0591715
-1.356 0.821422 -0.0279361
-1.354 0.832899 0.00830636
-1.352 0.759052 0.0491224
-1.35 0.619994 0.0929598
-1.348 0.441563 0.137312
-1.346 0.251787 0.179211
-1.344 0.0771971 0.215793
-1.342 -0.0603622 0.244696
-1.34 -0.145934 0.264222
-1.338 -0.172435 0.273351
-1.336 -0.140515 0.271746
-1.334 -0.057518 0.259849
-1.332 0.0642258 0.239005
-1.33 0.209528 0.211481
-1.328 0.362625 0.180236
-1.326 0.509247 0.148434
-1.324 0.63811 0.118838
-1.322 0.741579 0.0933489
-1.32 0.815437 0.072882
-1.318 0.857983 0.0575921
-1.316 0.868889 0.0472608
-1.314 0.848299 0.0415826
-1.312 0.796558 0.0401917
-1.31 0.714636 0.0424525
-1.308 0.605037 0.0471856
-1.306 0.472823 0.052538
-1.304 0.326373 0.0561274
-1.302 0.177684 0.0554419
-1.3 0.0420928 0.0483481
-1.298 -0.0626547 0.033546
-1.296 -0.118077 0.0108827
-1.294 -0.107375 -0.0184609
-1.292 -0.0184082 -0.0518806
-1.29 0.153182 -0.0853842
-1.288 0.40136 -0.11385
-1.286 0.708297 -0.131591
-1.284 1.04482 -0.133196
-1.282 1.37296 -0.114489
-1.28 1.65034 -0.0733977
-1.278 1.83576 -0.010605
-1.276 1.89501 0.070156
-1.274 1.80606 0.162238
-1.272 1.56285 0.256732
-1.27 1.17732 0.343618
-1.268 0.67907 0.413255
-1.266 0.112761 0.457946
-1.264 -0.466886 0.473287
-1.262 -1.00181 0.459017
-1.26 -1.43817 0.419207
-1.258 -1.73358 0.361675
-1.256 -1.86264 0.296707
-1.254 -1.81999 0.235329
-1.252 -1.62017 0.187475
-1.25 -1.29473 0.160379
-1.248 -0.886992 0.157411
-1.246 -0.445718 0.177486
-1.244 -0.0185387 0.215145
-1.242 0.353896 0.261405
-1.24 0.642389 0.30534
-1.238 0.831833 0.336197
-1.236 0.921749 0.345566
-1.234 0.924712 0.329076
-1.232 0.862962 0.287151
-1.23 0.763809 0.224689
-1.228 0.654694 0.149826
-1.226 0.55883 0.072207
-1.224 0.492203 0.00118584
-1.222 0.462336 -0.0557242
-1.22 0.468772 -0.0940014
-1.218 0.504879 -0.112789
-1.216 0.560476 -0.11502
-1.214 0.624767 -0.106883
-1.212 0.689083 -0.096595
-1.21 0.748963 -0.0926013
-1.208 0.805148 -0.101583
-1.206 0.863222 -0.126814
-1.204 0.931968 -0.167376
-1.202 1.0208 -0.218484
-1.2 1.1369 -0.272754
-1.198 1.28286 -0.321993
-1.196 1.45529 -0.358935
-1.194 1.64491 -0.378584
-1.192 1.83786 -0.37898
-1.19 2.01787 -0.361467
-1.188 2.16856 -0.330549
-1.186 2.2754 -0.293321
-1.184 2.32693 -0.258436
-1.182 2.31537 -0.234591
-1.18 2.23682 -0.228761
-1.178 2.09112 -0.24461
-1.176 1.88165 -0.281595
-1.174 1.61496 -0.335064
-1.172 1.30012 -0.397324
-1.17 0.947916 -0.459324
-1.168 0.570019 -0.512411
-1.166 0.178453 -0.549698
-1.164 -0.21435 -0.56682
-1.162 -0.59494 -0.562163
-1.16 -0.948072 -0.536806
-1.158 -1.25641 -0.494331
-1.156 -1.50123 -0.440457
-1.154 -1.6644 -0.382337
-1.152 -1.73107 -0.327475
-1.15 -1.69259 -0.282464
-1.148 -1.54862 -0.251924
-1.146 -1.30812 -0.237958
-1.144 -0.988939 -0.240233
-1.142 -0.616367 -0.256527
-1.14 -0.220743 -0.283465
-1.138 0.16545 -0.317139
-1.136 0.51091 -0.353439
-1.134 0.788991 -0.388114
-1.132 0.980964 -0.416775
-1.13 1.07848 -0.435075
-1.128 1.08462 -0.439177
-1.126 1.01309 -0.426419
-1.124 0.885583 -0.395986
-1.122 0.727735 -0.349348
-1.12 0.564608 -0.290349
-1.118 0.41651 -0.224876
-1.116 0.295911 -0.160189
-1.114 0.205814 -0.104009
-1.112 0.139771 -0.0635004
-1.11 0.0835265 -0.0442407
-1.108 0.0181113 -0.0492663
-1.106 -0.0760709 -0.0782886
-1.104 -0.214859 -0.127239
-1.102 -0.406473 -0.188327
-1.1 -0.648955 -0.250766
-1.098 -0.929446 -0.302191
-1.096 -1.2255 -0.330651
-1.094 -1.50815 -0.326841
-1.092 -1.74623 -0.286112
-1.09 -1.9109 -0.209781
-1.088 -1.97985 -0.105351
-1.086 -1.94042 0.0144832
-1.084 -1.79142 0.133935
-1.082 -1.54356 0.236902
-1.08 -1.21849 0.309865
-1.078 -0.846355 0.344327
-1.076 -0.462126 0.338337
-1.074 -0.101107 0.296887
-1.072 0.205561 0.231129
-1.07 0.43464 0.15657
-1.068 0.573179 0.0904698
-1.066 0.619303 0.0488016
-1.064 0.581523 0.0432395
-1.062 0.476887 0.0787244
-1.06 0.328388 0.152165
-1.058 0.161967 0.252681
-1.056 0.0033698 0.363499
-1.054 -0.124881 0.465182
-1.052 -0.206052 0.539487
-1.05 -0.230907 0.572962
-1.048 -0.198247 0.559512
-1.046 -0.114205 0.501446
-1.044 0.00948006 0.408907
-1.042 0.157732 0.297849
-1.04 0.314531 0.187008
-1.038 0.465103 0.0944315
-1.036 0.597753 0.0342183
-1.034 0.705236 0.0140508
-1.032 0.785538 0.0339672
-1.03 0.842 0.0865829
-1.028 0.882814 0.158705
-1.026 0.920033 0.233992
-1.024 0.968228 0.296099
-1.022 1.04281 0.331679
-1.02 1.15797 0.332696
-1.018 1.32434 0.297681
-1.016 1.54647 0.231733
-1.014 1.82066 0.145284
-1.012 2.13361 0.0518503
-1.01 2.46246 -0.0347305
-1.008 2.7764 -0.102973
-1.006 3.03981 -0.145697
-1.004 3.21627 -0.160891
-1.002 3.27276 -0.151415
-1 3.1835 -0.123753
-0.998 2.93307 -0.0862321
-0.996 2.51888 -0.0471677
-0.994 1.9529 -0.0133366
-0.992 1.26222 0.0109837
-0.99 0.487806 0.0243707
-0.988 -0.318875 0.0280593
-0.986 -1.1012 0.0252687
-0.984 -1.80395 0.0201377
-0.982 -2.37984 0.0164538
-0.98 -2.79461 0.0165223
-0.978 -3.02999 0.0205916
-0.976 -3.08434 0.0270867
-0.974 -2.97146 0.0335696
-0.972 -2.7182 0.0380486
-0.97 -2.36148 0.0401408
-0.968 -1.94443 0.0416537
-0.966 -1.51171 0.0463496
-0.964 -1.10404 0.0589245
-0.962 -0.753083 0.0834946
-0.96 -0.477723 0.122047
-0.958 -0.282917 0.173297
-0.956 -0.161263 0.232229
-0.954 -0.0964914 0.290414
-0.952 -0.06766 0.337064
-0.95 -0.0528929 0.360744
-0.948 -0.0320904 0.351574
-0.946 0.0113479 0.303561
-0.944 0.08938 0.216501
-0.942 0.208378 0.0968719
-0.94 0.368341 -0.0426645
-0.938 0.562544 -0.185223
-0.936 0.777982 -0.312794
-0.934 0.996626 -0.409876
-0.932 1.19711 -0.466867
-0.93 1.35629 -0.482427
-0.928 1.45042 -0.464214
-0.926 1.45624 -0.427759
-0.924 1.3526 -0.393716
-0.922 1.12311 -0.384013
-0.92 0.759922 -0.417651
-0.918 0.267604 -0.506824
-0.916 -0.333917 -0.654052
-0.914 -1.00857 -0.850887
-0.912 -1.70597 -1.07856
-0.91 -2.36569 -1.31062
-0.908 -2.92318 -1.51725
-0.906 -3.31674 -1.67064
-0.904 -3.4946 -1.75031
-0.902 -3.42186 -1.74748
-0.9 -3.08612 -1.66717
-0.898 -2.50128 -1.52768
-0.896 -1.70834 -1.35719
-0.894 -0.772722 -1.18844
-0.892 0.221998 -1.05252
-0.89 1.18338 -0.973212
-0.888 2.02114 -0.962686
-0.886 2.65812 -1.01942
-0.884 3.03953 -1.12836
-0.882 3.13889 -1.26331
-0.88 2.96003 -1.39123
-0.878 2.53515 -1.47789
-0.876 1.91931 -1.4941
-0.874 1.18242 -1.4214
-0.872 0.399617 -1.25611
-0.87 -0.358405 -1.01054
-0.868 -1.0337 -0.710944
-0.866 -1.5867 -0.392509
-0.864 -1.99821 -0.0926899
-0.862 -2.26792 0.155584
-0.86 -2.4099 0.329322
-0.858 -2.44653 0.418658
-0.856 -2.40224 0.427616
-0.854 -2.29819 0.372733
-0.852 -2.14861 0.279983
-0.85 -1.95937 0.180444
-0.848 -1.72877 0.105115
-0.846 -1.45069 0.0794627
-0.844 -1.11938 0.118569
-0.842 -0.734971 0.224001
-0.84 -0.30779 0.383362
-0.838 0.139655 0.572847
-0.836 0.573963 0.762266
-0.834 0.955149 0.921214
-0.832 1.24301 1.02489
-0.83 1.40411 1.05836
-0.828 1.41801 1.0186
-0.826 1.28128 0.914493
-0.824 1.00893 0.765022
-0.822 0.63283 0.596103
-0.82 0.197814 0.436458
-0.818 -0.243922 0.312792
-0.816 -0.639421 0.24483
-0.814 -0.941916 0.241168
-0.812 -1.11733 0.297052
-0.81 -1.14924 0.394958
-0.808 -1.04128 0.508065
-0.806 -0.816049 0.605779
-0.804 -0.510742 0.659888
-0.802 -0.170246 0.649874
-0.8 0.160874 0.566388
-0.798 0.445739 0.412536
-0.796 0.660372 0.203229
-0.794 0.795829 -0.0369797
-0.792 0.857201 -0.277195
-0.79 0.860234 -0.484499
-0.788 0.826743 -0.629095
-0.786 0.779964 -0.689719
-0.784 0.740631 -0.658184
-0.782 0.724163 -0.541707
-0.78 0.739083 -0.362116
-0.778 0.786668 -0.151945
-0.776 0.861814 0.051632
-0.774 0.955042 0.213541
-0.772 1.05545 0.306782
-0.77 1.1542 0.316581
-0.768 1.24765 0.2423
-0.766 1.33933 0.0971595
-0.764 1.43959 -0.0939033
-0.762 1.5631 -0.297896
-0.76 1.7247 -0.478695
-0.758 1.93491 -0.602838
-0.756 2.19666 -0.645412
-0.754 2.50405 -0.594767
-0.752 2.8432 -0.454769
-0.75 3.19496 -0.243886
-0.748 3.53832 0.00871856
-0.746 3.85365 0.269005
-0.744 4.12509 0.504342
-0.742 4.34179 0.688849
-0.74 4.4982 0.806883
-0.738 4.59365 0.854412
-0.736 4.63131 0.838463
-0.734 4.6165 0.775079
-0.732 4.55457 0.686169
-0.73 4.44895 0.595596
-0.728 4.30025 0.524969
-0.726 4.10707 0.489795
-0.724 3.86848 0.49683
-0.722 3.58761 0.543332
-0.72 3.27481 0.618463
-0.718 2.94926 0.706466
-0.716 2.63814 0.790711
-0.714 2.37361 0.857489
-0.712 2.18825 0.898638
-0.71 2.10997 0.912514
-0.708 2.15706 0.903342
-0.706 2.33351 0.879352
-0.704 2.6252 0.850218
-0.702 2.9977 0.824361
-0.7 3.39704 0.806583
-0.698 3.75432 0.796534
-0.696 3.9944 0.788434
-0.694 4.04742 0.772301
-0.692 3.86103 0.736537
-0.69 3.41094 0.671199
-0.688 2.70735 0.571014
-0.686 1.79603 0.437262
-0.684 0.753797 0.278076
-0.682 -0.320493 0.107204
-0.68 -1.31806 -0.0583892
-0.678 -2.13365 -0.201588
-0.676 -2.67881 -0.308314
-0.674 -2.89358 -0.370338
-0.672 -2.75494 -0.387226
-0.67 -2.28047 -0.366908
-0.668 -1.52642 -0.324527
-0.666 -0.579962 -0.279497
-0.664 0.453237 -0.251318
-0.662 1.46426 -0.25511
-0.66 2.35646 -0.298086
-0.658 3.05831 -0.37781
-0.656 3.53133 -0.482606
-0.654 3.77174 -0.593948
-0.652 3.80606 -0.690261
-0.65 3.68186 -0.751394
-0.648 3.45587 -0.762845
-0.646 3.18172 -0.718863
-0.644 2.89967 -0.623776
-0.642 2.63011 -0.49122
-0.64 2.37169 -0.341329
-0.638 2.10418 -0.196281
-0.636 1.79488 -0.0750486
-0.634 1.40739 0.0114294
-0.632 0.911186 0.063331
-0.63 0.290627 0.0922985
-0.628 -0.447948 0.118818
-0.626 -1.27256 0.167249
-0.624 -2.12646 0.25974
-0.622 -2.93402 0.410455
-0.62 -3.61122 0.621352
-0.618 -4.07894 0.880334
-0.616 -4.27664 1.16216
-0.614 -4.17332 1.43201
-0.612 -3.77326 1.65124
-0.61 -3.11542 1.78445
-0.608 -2.26693 1.80672
-0.606 -1.31254 1.70951
-0.604 -0.342219 1.50408
-0.602 0.560833 1.221
-0.6 1.33028 0.905605
-0.598 1.9238 0.609864
-0.596 2.32637 0.382409
-0.594 2.54922 0.258915
-0.592 2.62415 0.25498
-0.59 2.59406 0.362905
-0.588 2.5015 0.552932
-0.586 2.37807 0.77861
-0.584 2.23725 0.9853
-0.582 2.07264 1.12024
-0.58 1.86182 1.14237
-0.578 1.57499 1.03019
-0.576 1.18584 0.786289
-0.574 0.682603 0.437621
-0.572 0.0768814 0.0312378
-0.57 -0.591351 -0.37402
-0.568 -1.25383 -0.718376
-0.566 -1.81989 -0.952243
-0.564 -2.18813 -1.04524
-0.562 -2.26241 -0.991243
-0.56 -1.96971 -0.808735
-0.558 -1.27613 -0.53666
-0.556 -0.197956 -0.226744
-0.554 1.19465 0.0662861
-0.552 2.78223 0.29482
-0.55 4.40825 0.426885
-0.548 5.89734 0.451386
-0.546 7.07713 0.37908
-0.544 7.80094 0.239219
-0.542 7.96827 0.0726523
-0.54 7.54013 -0.077098
-0.538 6.54666 -0.172894
-0.536 5.08509 -0.19125
-0.534 3.30803 -0.126353
-0.532 1.40374 0.00978472
-0.53 -0.428458 0.190759
-0.528 -2.00335 0.381822
-0.526 -3.17161 0.547224
-0.524 -3.83539 0.657462
-0.522 -3.95619 0.695155
-0.52 -3.55492 0.658461
-0.518 -2.70514 0.561327
-0.516 -1.52052 0.430356
-0.514 -0.138449 0.298775
-0.512 1.29827 0.198787
-0.51 2.65895 0.154197
-0.508 3.83884 0.175302
-0.506 4.76724 0.257307
-0.504 5.40891 0.382358
-0.502 5.75973 0.524249
-0.5 5.83866 0.654403
-0.498 5.67867 0.747779
-0.496 5.31872 0.787724
-0.494 4.7982 0.769005
-0.492 4.15381 0.698583
-0.49 3.41852 0.593996
-0.488 2.62197 0.479604
-0.486 1.79227 0.381319
-0.484 0.958567 0.320765
-0.482 0.153802 0.310174
-0.48 -0.583907 0.349442
-0.478 -1.21258 0.426352
-0.476 -1.69096 0.519976
-0.474 -1.98551 0.60621
-0.472 -2.07797 0.663756
-0.47 -1.9712 0.679001
-0.468 -1.69132 0.648681
-0.466 -1.28561 0.579981
-0.464 -0.816483 0.488238
-0.462 -0.353086 0.39294
-0.46 0.038119 0.312998
-0.458 0.302269 0.2623
-0.456 0.403728 0.246444
-0.454 0.331653 0.261242
-0.452 0.102642 0.293379
-0.45 -0.240515 0.323335
-0.448 -0.634578 0.33011
-0.446 -1.00566 0.296709
-0.444 -1.2814 0.214875
-0.442 -1.40316 0.0878083
-0.44 -1.33563 -0.0697899
-0.438 -1.07242 -0.234266
-0.436 -0.636878 -0.377546
-0.434 -0.0785018 -0.472778
-0.432 0.534314 -0.500008
-0.43 1.12408 -0.450768
-0.428 1.61533 -0.330525
-0.426 1.94543 -0.158366
-0.424 2.07368 0.0361082
-0.422 1.98705 0.218178
-0.42 1.70169 0.35475
-0.418 1.25999 0.42118
-0.416 0.723737 0.406716
-0.414 0.164912 0.317133
-0.412 -0.344152 0.173755
-0.41 -0.739657 0.00898993
-0.408 -0.973196 -0.140541
-0.406 -1.01618 -0.24162
-0.404 -0.86181 -0.271149
-0.402 -0.524712 -0.220672
-0.4 -0.0384905 -0.0979227
-0.398 0.548461 0.0747894
-0.396 1.17822 0.265034
-0.394 1.7889 0.436623
-0.392 2.31999 0.556581
-0.39 2.71694 0.601329
-0.388 2.93509 0.560911
-0.386 2.94285 0.440501
-0.384 2.72403 0.258911
-0.382 2.27905 0.0443847
-0.38 1.62502 -0.171395
-0.378 0.794638 -0.359701
-0.376 -0.165793 -0.500074
-0.374 -1.19888 -0.583485
-0.372 -2.23906 -0.612903
-0.37 -3.21623 -0.60138
-0.368 -4.06012 -0.568211
-0.366 -4.70574 -0.534007
-0.364 -5.09919 -0.515722
-0.362 -5.20303 -0.522756
-0.36 -5.0003 -0.555019
-0.358 -4.49638 -0.603335
-0.356 -3.71831 -0.651952
-0.354 -2.71193 -0.682508
-0.352 -1.53723 -0.678513
-0.35 -0.262635 -0.629344
-0.348 1.04096 -0.532759
-0.346 2.30609 -0.39532
-0.344 3.47388 -0.230659
-0.342 4.49812 -0.0561612
-0.34 5.34777 0.111023
-0.338 6.00766 0.2577
-0.336 6.47724 0.377275
-0.334 6.76785 0.470794
-0.332 6.89881 0.546161
-0.33 6.89315 0.615761
-0.328 6.77354 0.693067
-0.326 6.55931 0.789043
-0.324 6.26523 0.90911
-0.322 5.90211 1.0513
-0.32 5.4792 1.20616
-0.318 5.00722 1.35852
-0.316 4.5014 1.49102
-0.314 3.98339 1.5883
-0.312 3.48153 1.64074
-0.31 3.02926 1.64669
-0.308 2.6616 1.61289
-0.306 2.41024 1.55296
-0.304 2.29793 1.4846
-0.302 2.33322 1.42582
-0.3 2.50671 1.39106
-0.298 2.78959 1.38775
-0.296 3.13532 1.41434
-0.294 3.48464 1.46019
-0.292 3.77338 1.5077
-0.29 3.9423 1.53632
-0.288 3.94692 1.52764
-0.286 3.76577 1.47022
-0.284 3.40536 1.363
-0.282 2.90084 1.21621
-0.28 2.31213 1.04955
-0.278 1.71579 0.888014
-0.276 1.19384 0.756535
-0.274 0.821101 0.674704
-0.272 0.653305 0.652687
-0.27 0.717968 0.688959
-0.268 1.00968 0.770122
-0.266 1.49059 0.872829
-0.264 2.09596 0.967725
-0.262 2.74407 1.02496
-0.26 3.34867 1.02039
-0.258 3.83224 0.941068
-0.256 4.13757 0.788789
-0.254 4.23593 0.580444
-0.252 4.13049 0.344976
-0.25 3.85459 0.117406
-0.248 3.46518 -0.0686233
-0.246 3.03246 -0.187949
-0.244 2.62751 -0.228949
-0.242 2.30982 -0.195611
-0.24 2.11718 -0.106413
-0.238 2.05993 0.00962296
-0.236 2.12082 0.118949
-0.234 2.26057 0.190438
-0.232 2.42779 0.201841
-0.23 2.57122 0.144385
-0.228 2.65156 0.0245555
-0.226 2.65035 -0.137256
-0.224 2.57441 -0.310927
-0.222 2.45492 -0.462785
-0.22 2.34219 -0.562565
-0.218 2.29718 -0.589657
-0.216 2.38146 -0.537212
-0.214 2.64693 -0.413202
-0.212 3.12643 -0.238361
-0.21 3.82654 -0.0416586
-0.208 4.72394 0.145631
-0.206 5.7662 0.296151
-0.204 6.87712 0.39186
-0.202 7.96591 0.427586
-0.2 8.93838 0.411931
-0.198 9.70833 0.365213
-0.196 10.207 0.314765
-0.194 10.3895 0.2886
-0.192 10.2371 0.308866
-0.19 9.75703 0.386706
-0.188 8.97923 0.51974
-0.186 7.9527 0.6927
-0.184 6.74054 0.880897
-0.182 5.41452 1.05557
-0.18 4.04909 1.18994
-0.178 2.71572 1.2648
-0.176 1.47846 1.27257
-0.174 0.391211 1.21891
-0.172 -0.503261 1.12146
-0.17 -1.17359 1.00578
-0.168 -1.60034 0.899595
-0.166 -1.77749 0.826422
-0.164 -1.71447 0.800271
-0.162 -1.4376 0.822448
-0.16 -0.989451 0.881149
-0.158 -0.425404 0.953934
-0.156 0.191997 1.01264
-0.154 0.799758 1.02978
-0.152 1.34089 0.985104
-0.15 1.77008 0.870768
-0.148 2.05844 0.694025
-0.146 2.19731 0.476634
-0.144 2.2003 0.250991
-0.142 2.1024 0.0536157
-0.14 1.95523 -0.0826509
-0.138 1.81846 -0.135916
-0.136 1.74892 -0.100191
-0.134 1.78976 0.0131514
-0.132 1.96257 0.17767
-0.13 2.26397 0.357293
-0.128 2.66679 0.513649
-0.126 3.12479 0.613752
-0.124 3.57882 0.636564
-0.122 3.96355 0.577326
-0.12 4.21429 0.448978
-0.118 4.27432 0.280335
-0.116 4.10283 0.111054
-0.114 3.68231 -0.0160954
-0.112 3.02337 -0.0643648
-0.11 2.16489 -0.0115229
-0.108 1.16874 0.144515
-0.106 0.110277 0.38459
-0.104 -0.93239 0.672135
-0.102 -1.88737 0.961003
-0.1 -2.69442 1.20529
-0.098 -3.30723 1.3689
-0.096 -3.69399 1.43273
-0.094 -3.83798 1.39834
-0.092 -3.73856 1.28736
-0.09 -3.41191 1.1371
-0.088 -2.89022 0.992952
-0.086 -2.21837 0.899128
-0.084 -1.44835 0.889198
-0.082 -0.632787 0.978502
-0.08 0.180768 1.16004
-0.078 0.953242 1.40508
-0.076 1.65502 1.66846
-0.074 2.26537 1.89777
-0.072 2.77165 2.04416
-0.07 3.16922 2.0726
-0.068 3.46169 1.96946
-0.066 3.66065 1.74592
-0.064 3.78359 1.43655
-0.062 3.84961 1.09326
-0.06 3.87372 0.775614
-0.058 3.86132 0.539274
-0.056 3.80485 0.424985
-0.054 3.6837 0.450409
-0.052 3.46752 0.606529
-0.05 3.12205 0.859304
-0.048 2.61603 1.15613
-0.046 1.92799 1.43584
-0.044 1.05212 1.64039
-0.042 0.00288865 1.72606
-0.04 -1.18188 1.67224
-0.038 -2.44016 1.48591
-0.036 -3.68778 1.20093
-0.034 -4.82392 0.872113
-0.032 -5.73997 0.564845
-0.03 -6.33083 0.34217
-0.028 -6.507 0.251835
-0.026 -6.20541 0.316238
-0.024 -5.39711 0.527841
-0.022 -4.09065 0.851265
-0.02 -2.33108 1.23133
-0.018 -0.195167 1.60472
-0.016 2.21562 1.91235
-0.014 4.7831 2.10998
-0.012 7.37995 2.17554
-0.01 9.87636 2.11239
-0.008 12.1457 1.94811
-0.006 14.0698 1.72893
-0.004 15.5445 1.51036
-0.002 16.4864 1.34576
0 16.8396 1.27495
0.002 16.5815 1.31557
0.004 15.7243 1.45921
0.006 14.316 1.67347
0.008 12.4351 1.90941
0.01 10.1844 2.11252
0.012 7.68407 2.23441
0.014 5.06516 2.24257
0.016 2.46301 2.12644
0.018 0.0107311 1.89908
0.02 -2.16809 1.59472
0.022 -3.96722 1.26261
0.024 -5.30555 0.957991
0.026 -6.13406 0.731558
0.028 -6.44082 0.619198
0.03 -6.25287 0.634225
0.032 -5.63401 0.764123
0.034 -4.67789 0.972902
0.036 -3.49724 1.20872
0.038 -2.2108 1.41498
0.04 -0.9301 1.54218
0.042 0.251808 1.55785
0.044 1.26812 1.45264
0.046 2.08178 1.24166
0.048 2.68475 0.961343
0.05 3.09352 0.662608
0.052 3.34205 0.401549
0.054 3.47333 0.229096
0.056 3.53084 0.181354
0.058 3.55124 0.272386
0.06 3.5592 0.491023
0.062 3.56484 0.802688
0.064 3.56353 1.15616
0.066 3.5375 1.4939
0.068 3.45907 1.76363
0.07 3.29514 1.92833
0.072 3.01306 1.97261
0.074 2.58737 1.90417
0.076 2.00619 1.75063
0.078 1.27577 1.55283
0.08 0.422193 1.35607
0.082 -0.510264 1.20124
0.084 -1.46321 1.1171
0.086 -2.36984 1.11509
0.088 -3.16115 1.18734
0.09 -3.77201 1.30849
0.092 -4.14703 1.44106
0.094 -4.24606 1.54377
0.096 -4.04931 1.58087
0.098 -3.56121 1.53051
0.1 -2.81213 1.3898
0.102 -1.85701 1.17521
0.104 -0.770378 0.918546
0.106 0.361401 0.659352
0.108 1.44972 0.436049
0.11 2.41346 0.27791
0.112 3.18759 0.199667
0.114 3.72959 0.1996
0.116 4.02318 0.260956
0.118 4.07913 0.355925
0.12 3.93295 0.451246
0.122 3.63959 0.514646
0.124 3.26554 0.521302
0.126 2.87932 0.459306
0.128 2.54171 0.332882
0.13 2.29718 0.162275
0.132 2.16803 -0.0200576
0.134 2.15187 -0.176354
0.136 2.22309 -0.271958
0.138 2.33814 -0.283083
0.14 2.4436 -0.201872
0.142 2.48585 -0.0375082
0.144 2.42038 0.186568
0.146 2.21919 0.438138
0.148 1.87524 0.682727
0.15 1.40338 0.889765
0.152 0.837858 1.03747
0.154 0.227214 1.11601
0.156 -0.372481 1.12851
0.158 -0.904756 1.08987
0.16 -1.31922 1.02326
0.162 -1.57645 0.95508
0.164 -1.65069 0.909115
0.166 -1.53003 0.901322
0.168 -1.21446 0.936326
0.17 -0.712713 1.0066
0.172 -0.0393171 1.09453
0.174 0.787252 1.17685
0.176 1.74501 1.23011
0.178 2.80792 1.23609
0.18 3.94498 1.18574
0.182 5.11944 1.0812
0.184 6.28825 0.935258
0.186 7.40194 0.76839
0.188 8.40532 0.604005
0.19 9.23965 0.463049
0.192 9.8469 0.359445
0.194 10.1764 0.297357
0.196 10.1933 0.270669
0.198 9.88645 0.264586
0.2 9.27461 0.259041
0.202 8.40702 0.233396
0.204 7.35902 0.171621
0.206 6.22285 0.0667905
0.208 5.09583 -0.076301
0.21 4.0683 -0.241238
0.212 3.21316 -0.402985
0.214 2.57828 -0.533282
0.216 2.18233 -0.607216
0.218 2.01427 -0.609299
0.22 2.0366 -0.537353
0.222 2.19195 -0.40314
0.224 2.41275 -0.229763
0.226 2.63269 -0.0468269
0.228 2.79815 0.115298
0.23 2.87709 0.230957
0.232 2.86324 0.283701
0.234 2.77473 0.269292
0.236 2.64773 0.196822
0.238 2.52703 0.087551
0.24 2.45553 -0.0287277
0.242 2.46465 -0.119502
0.244 2.56729 -0.156543
0.246 2.75445 -0.122409
0.248 2.99626 -0.0146187
0.25 3.24711 0.153758
0.252 3.45399 0.357216
0.254 3.56634 0.563672
0.256 3.54581 0.741397
0.258 3.37421 0.86536
0.26 3.05825 0.921722
0.262 2.63009 0.909913
0.264 2.14322 0.842268
0.266 1.6643 0.741504
0.268 1.26239 0.636459
0.27 0.997486 0.556676
0.272 0.910545 0.526651
0.274 1.01671 0.560829
0.276 1.30304 0.660518
0.278 1.73094 0.813623
0.28 2.24287 0.997468
0.282 2.77182 1.18405
0.284 3.25175 1.34634
0.286 3.62731 1.46412
0.288 3.86141 1.52798
0.29 3.93947 1.54082
0.292 3.87022 1.51666
0.294 3.6828 1.47709
0.296 3.42114 1.446
0.298 3.13647 1.44393
0.3 2.87952 1.48292
0.302 2.69376 1.56333
0.304 2.61062 1.67326
0.306 2.64732 1.79104
0.308 2.80692 1.89012
0.31 3.08024 1.94524
0.312 3.44878 1.93807
0.314 3.88813 1.86099
0.316 4.37136 1.71835
0.318 4.87198 1.52525
0.32 5.36584 1.30433
0.322 5.8319 1.08134
0.324 6.25152 0.880223
0.326 6.60655 0.718429
0.328 6.87702 0.603373
0.33 7.03943 0.530756
0.332 7.06668 0.485439
0.334 6.93033 0.44509
0.336 6.60477 0.385917
0.338 6.07235 0.288995
0.34 5.32825 0.145333
0.342 4.38382 -0.0417557
0.344 3.26798 -0.257415
0.346 2.0263 -0.478666
0.348 0.718171 -0.679426
0.35 -0.587789 -0.835939
0.352 -1.81958 -0.931506
0.354 -2.90844 -0.959658
0.356 -3.79542 -0.925252
0.358 -4.43694 -0.843391
0.36 -4.8083 -0.736323
0.362 -4.90465 -0.628774
0.364 -4.73937 -0.542448
0.366 -4.34092 -0.490909
0.368 -3.74888 -0.476236
0.37 -3.01 -0.48855
0.372 -2.17434 -0.508672
0.374 -1.29186 -0.513194
0.376 -0.40944 -0.480611
0.378 0.431134 -0.396899
0.38 1.19387 -0.25927
0.382 1.84818 -0.0773068
0.384 2.36788 0.128641
0.386 2.73029 0.331311
0.388 2.91652 0.501767
0.39 2.91345 0.614967
0.392 2.71746 0.654672
0.394 2.339 0.616825
0.396 1.80607 0.510729
0.398 1.16517 0.357625
0.4 0.478673 0.186784
0.402 -0.181218 0.0297607
0.404 -0.740669 -0.0860284
0.406 -1.13345 -0.142968
0.408 -1.3098 -0.136808
0.41 -1.24396 -0.0772117
0.412 -0.939323 0.0148765
0.414 -0.430338 0.112364
0.416 0.219563 0.188294
0.418 0.92456 0.221748
0.42 1.58721 0.202047
0.422 2.11209 0.130533
0.424 2.42001 0.019787
0.426 2.46024 -0.109358
0.428 2.21848 -0.232294
0.43 1.71955 -0.325692
0.432 1.02464 -0.372175
0.434 0.223384 -0.363734
0.436 -0.578308 -0.303199
0.438 -1.27346 -0.203389
0.44 -1.77021 -0.0839999
0.442 -2.0065 0.0331562
0.444 -1.96048 0.129435
0.446 -1.65436 0.193804
0.448 -1.15086 0.225234
0.45 -0.542628 0.232365
0.452 0.0631207 0.230528
0.454 0.561787 0.23697
0.456 0.867457 0.265701
0.458 0.92543 0.323472
0.46 0.719799 0.407877
0.462 0.275468 0.50786
0.464 -0.345408 0.606201
0.466 -1.05208 0.683332
0.468 -1.73798 0.721722
0.47 -2.29601 0.710116
0.472 -2.63395 0.646829
0.474 -2.68748 0.541287
0.476 -2.42821 0.413222
0.478 -1.86569 0.28933
0.48 -1.0433 0.197847
0.482 -0.0296541 0.162109
0.484 1.09219 0.194636
0.486 2.23557 0.293372
0.488 3.31957 0.441293
0.49 4.27586 0.609598
0.492 5.05271 0.763672
0.494 5.61592 0.870297
0.496 5.94709 0.904492
0.498 6.03989 0.85467
0.5 5.89566 0.725251
0.502 5.52002 0.536348
0.504 4.92207 0.320534
0.506 4.11665 0.117152
0.508 3.12903 -0.0350386
0.51 2.00025 -0.105687
0.512 0.790806 -0.079591
0.514 -0.419202 0.0393146
0.516 -1.53438 0.227961
0.518 -2.45251 0.448421
0.52 -3.07591 0.655577
0.522 -3.32394 0.806404
0.524 -3.14472 0.868765
0.526 -2.5246 0.827852
0.528 -1.49402 0.68905
0.53 -0.128778 0.476736
0.532 1.45441 0.229384
0.534 3.1084 -0.00801459
0.536 4.67143 -0.192768
0.538 5.98626 -0.292927
0.54 6.91987 -0.293837
0.542 7.38068 -0.201493
0.544 7.33018 -0.0417927
0.546 6.78731 0.144409
0.548 5.82451 0.309664
0.55 4.55643 0.409941
0.552 3.12338 0.414077
0.554 1.67245 0.310543
0.556 0.339436 0.110107
0.558 -0.76614 -0.156026
0.56 -1.57113 -0.442051
0.562 -2.04313 -0.696082
0.564 -2.18907 -0.869711
0.566 -2.04865 -0.926928
0.568 -1.68406 -0.850861
0.57 -1.16781 -0.647139
0.572 -0.570827 -0.34319
0.574 0.0471299 0.0165689
0.576 0.643191 0.378871
0.578 1.19239 0.691534
0.58 1.68428 0.913166
0.582 2.11648 1.02061
0.584 2.48708 1.01262
0.586 2.78812 0.909109
0.588 3.00191 0.746379
0.59 3.10131 0.569476
0.592 3.05397 0.423371
0.594 2.82952 0.344673
0.596 2.40812 0.355337
0.598 1.78821 0.459318
0.6 0.991556 0.642664
0.602 0.0642647 0.876893
0.604 -0.926631 1.12493
0.606 -1.90043 1.34835
0.608 -2.77266 1.51439
0.61 -3.46592 1.60137
0.612 -3.9202 1.60144
0.614 -4.1009 1.52039
0.616 -4.00336 1.37481
0.618 -3.65301 1.18751
0.62 -3.10091 0.982242
0.622 -2.41543 0.779076
0.624 -1.6714 0.591208
0.626 -0.938553 0.423891
0.628 -0.271192 0.275475
0.63 0.299112 0.140074
0.632 0.76627 0.0110239
0.634 1.14735 -0.115908
0.636 1.47565 -0.240422
0.638 1.7907 -0.357237
0.64 2.12708 -0.457361
0.642 2.5044 -0.530665
0.644 2.92027 -0.568956
0.646 3.34786 -0.568675
0.648 3.73869 -0.532541
0.65 4.0301 -0.469862
0.652 4.15627 -0.395464
0.654 4.06065 -0.327341
0.656 3.70782 -0.283237
0.658 3.09266 -0.276655
0.66 2.24508 -0.313155
0.662 1.22931 -0.388043
0.664 0.137489 -0.486408
0.666 -0.921402 -0.585777
0.668 -1.83562 -0.660809
0.67 -2.5056 -0.688748
0.672 -2.85768 -0.654198
0.674 -2.85446 -0.552098
0.676 -2.50022 -0.388435
0.678 -1.84032 -0.178876
0.68 -0.95451 0.0540696
0.682 0.0546832 0.284677
0.684 1.07664 0.48791
0.686 2.00793 0.643309
0.688 2.7658 0.738517
0.69 3.29799 0.771783
0.692 3.58732 0.752563
0.694 3.65087 0.699649
0.696 3.53397 0.636989
0.698 3.3004 0.58821
0.7 3.0205 0.571314
0.702 2.7592 0.594945
0.704 2.56616 0.657046
0.706 2.46962 0.74599
0.708 2.47502 0.843581
0.71 2.56822 0.929063
0.712 2.72207 0.983247
0.714 2.90447 0.992187
0.716 3.08608 0.950003
0.718 3.24612 0.860505
0.72 3.3756 0.737142
0.722 3.47767 0.600905
0.724 3.56539 0.476254
0.726 3.65753 0.385875
0.728 3.77303 0.345563
0.73 3.92517 0.360577
0.732 4.11648 0.424333
0.734 4.33567 0.519613
0.736 4.55751 0.621835
0.738 4.74615 0.703639
0.74 4.86132 0.739919
0.742 4.86619 0.712548
0.744 4.7351 0.614073
0.746 4.45928 0.449713
0.748 4.0496 0.237113
0.75 3.53563 0.00363614
0.752 2.96153 -0.218422
0.754 2.37967 -0.397686
0.756 1.84304 -0.509311
0.758 1.39776 -0.539155
0.76 1.07663 -0.485824
0.762 0.894619 -0.360474
0.764 0.847013 -0.184759
0.766 0.910635 0.0125288
0.768 1.04808 0.199593
0.77 1.21444 0.34619
0.772 1.36529 0.428253
0.774 1.46442 0.431983
0.776 1.48953 0.35655
0.778 1.43478 0.214534
0.78 1.30979 0.0297506
0.782 1.13558 -0.167131
0.784 0.938815 -0.34413
0.786 0.745808 -0.473378
0.788 0.577294 -0.535359
0.79 0.444889 -0.521351
0.792 0.349486 -0.433906
0.794 0.281783 -0.285618
0.796 0.224909 -0.0966709
0.798 0.158854 0.108307
0.8 0.0659979 0.303728
0.802 -0.0634163 0.466634
0.804 -0.22727 0.580117
0.806 -0.41029 0.636029
0.808 -0.586132 0.63627
0.81 -0.722508 0.592138
0.812 -0.788084 0.52174
0.814 -0.759378 0.44608
0.816 -0.62599 0.384806
0.818 -0.393149 0.3526
0.82 -0.0814159 0.35692
0.822 0.275948 0.397353
0.824 0.637198 0.466423
0.826 0.9573 0.551437
0.828 1.19369 0.636888
0.83 1.31212 0.707067
0.832 1.29174 0.748673
0.834 1.12824 0.753212
0.836 0.834309 0.718787
0.838 0.436823 0.65069
0.84 -0.0281937 0.560342
0.842 -0.521695 0.462616
0.844 -1.00718 0.372196
0.846 -1.45456 0.300007
0.848 -1.84178 0.250682
0.85 -2.15438 0.221653
0.852 -2.38372 0.203983
0.854 -2.52464 0.184602
0.856 -2.57322 0.149339
0.858 -2.52529 0.0859957
0.86 -2.37592 -0.013136
0.862 -2.12014 -0.149679
0.864 -1.75513 -0.318622
0.866 -1.28343 -0.508838
0.868 -0.716478 -0.704667
0.87 -0.077425 -0.888441
0.872 0.597856 -1.04365
0.874 1.26224 -1.15814
0.876 1.86139 -1.22656
0.878 2.3398 -1.25144
0.88 2.64779 -1.24245
0.882 2.74822 -1.21432
0.884 2.62172 -1.18364
0.886 2.26985 -1.16556
0.888 1.71583 -1.17083
0.89 1.00279 -1.20381
0.892 0.189669 -1.26173
0.894 -0.65491 -1.33533
0.896 -1.46011 -1.41069
0.898 -2.16049 -1.47202
0.9 -2.70274 -1.50469
0.902 -3.05043 -1.49802
0.904 -3.18657 -1.44732
0.906 -3.11376 -1.35484
0.908 -2.85218 -1.22936
0.91 -2.43596 -1.08471
0.912 -1.9085 -0.937161
0.914 -1.31725 -0.802369
0.916 -0.708765 -0.692417
0.918 -0.124544 -0.613549
0.92 0.401777 -0.565105
0.922 0.84555 -0.539954
0.924 1.19078 -0.526393
0.926 1.42896 -0.511084
0.928 1.55783 -0.482261
0.93 1.58054 -0.432395
0.932 1.50538 -0.359716
0.934 1.34567 -0.268416
0.936 1.11968 -0.167607
0.938 0.849938 -0.0693089
0.94 0.561816 0.0141418
0.942 0.281305 0.0727498
0.944 0.0321859 0.10101
0.946 -0.166899 0.0990712
0.948 -0.304988 0.0726722
0.95 -0.380608 0.0318981
0.952 -0.402611 -0.0109277
0.954 -0.389783 -0.0437668
0.956 -0.368951 -0.0572988
0.958 -0.371461 -0.0467894
0.96 -0.428298 -0.0130289
0.962 -0.564552 0.0378538
0.964 -0.794231 0.0956882
0.966 -1.11641 0.148455
0.968 -1.51347 0.184954
0.97 -1.95182 0.19736
0.972 -2.38492 0.18301
0.974 -2.75851 0.144944
0.976 -3.01716 0.0910597
0.978 -3.11163 0.0321788
0.98 -3.00606 -0.0203624
0.982 -2.68379 -0.0569778
0.984 -2.15095 -0.0714918
0.986 -1.43694 -0.0620243
0.988 -0.591738 -0.0311275
0.99 0.319695 0.0147403
0.992 1.22492 0.0663448
0.994 2.0524 0.113346
0.996 2.73951 0.146343
0.998 3.23924 0.158933
1 3.52492 0.149298
1.002 3.59255 0.120785
1.004 3.46046 0.0812002
1.006 3.16638 0.0408902
1.008 2.76191 0.0101561
1.01 2.30524 -0.00322861
1.012 1.85338 0.00433117
1.014 1.45507 0.0318081
1.016 1.14564 0.07424
1.018 0.944009 0.124147
1.02 0.852039 0.173202
1.022 0.855814 0.213808
1.024 0.92862 0.240405
1.026 1.03529 0.250444
1.028 1.13746 0.244905
1.03 1.19921 0.228189
1.032 1.19229 0.207229
1.034 1.10035 0.189887
1.036 0.921276 0.182964
1.038 0.667423 0.19045
1.04 0.363741 0.212556
1.042 0.044245 0.245796
1.044 -0.252587 0.283975
1.046 -0.488996 0.319662
1.048 -0.633238 0.345767
1.05 -0.664424 0.356945
1.052 -0.576169 0.350665
1.054 -0.378372 0.327757
1.056 -0.0967145 0.292314
1.058 0.23014 0.250861
1.06 0.555308 0.21093
1.062 0.82974 0.179357
1.064 1.0087 0.160705
1.066 1.0578 0.156239
1.068 0.957778 0.163713
1.07 0.707681 0.17801
1.072 0.325913 0.192423
1.074 -0.151137 0.200202
1.076 -0.673213 0.195958
1.078 -1.18282 0.176618
1.08 -1.62348 0.141809
1.082 -1.94803 0.0937229
1.084 -2.12539 0.0366055
1.086 -2.1445 -0.0239854
1.088 -2.01496 -0.08206
1.09 -1.76455 -0.132152
1.092 -1.43442 -0.170233
1.094 -1.07277 -0.194376
1.096 -0.727931 -0.204947
1.098 -0.441471 -0.204243
1.1 -0.242172 -0.195695
1.102 -0.141623 -0.182952
1.104 -0.13244 -0.169106
1.106 -0.189735 -0.156268
1.108 -0.275904 -0.145532
1.11 -0.347912 -0.137296
1.112 -0.365628 -0.131767
1.114 -0.299533 -0.129437
1.116 -0.136376 -0.131336
1.118 0.118104 -0.138964
1.12 0.439665 -0.153923
1.122 0.789019 -0.177347
1.124 1.11764 -0.209296
1.126 1.37507 -0.248311
1.128 1.51673 -0.291336
1.13 1.511 -0.334056
1.132 1.34463 -0.371561
1.134 1.0252 -0.399114
1.136 0.580541 -0.412874
1.138 0.0548529 -0.41055
1.14 -0.497529 -0.392037
1.142 -1.0198 -0.359956
1.144 -1.4604 -0.319827
1.146 -1.77968 -0.279574
1.148 -1.95433 -0.248231
1.15 -1.97918 -0.234066
1.152 -1.8662 -0.242637
1.154 -1.64091 -0.275356
1.156 -1.3371 -0.328996
1.158 -0.990684 -0.396288
1.16 -0.633858 -0.467356
1.162 -0.290682 -0.531543
1.164 0.0252768 -0.579166
1.166 0.310865 -0.602943
1.168 0.571174 -0.59905
1.17 0.816001 -0.567778
1.172 1.05583 -0.513689
1.174 1.29817 -0.445068
1.176 1.54486 -0.372555
1.178 1.79066 -0.307138
1.18 2.02345 -0.257961
1.182 2.22594 -0.230527
1.184 2.37852 -0.225782
1.186 2.46302 -0.240263
1.188 2.46631 -0.267191
1.19 2.3833 -0.298112
1.192 2.21866 -0.324637
1.194 1.98683 -0.339932
1.196 1.71028 -0.339796
1.198 1.41642 -0.32324
1.2 1.13367 -0.292529
1.202 0.8874 -0.252609
1.204 0.696436 -0.209943
1.206 0.570806 -0.1709
1.208 0.51104 -0.1401
1.21 0.50913 -0.119167
1.212 0.550849 -0.106335
1.214 0.618843 -0.0970115
1.216 0.695819 -0.0851389
1.218 0.767155 -0.0648967
1.22 0.822538 -0.0322454
1.222 0.856468 0.0140541
1.224 0.867689 0.0721015
1.226 0.857802 0.137162
1.228 0.829417 0.202485
1.23 0.784336 0.260471
1.232 0.722209 0.304045
1.234 0.640014 0.328054
1.236 0.532481 0.330461
1.238 0.393415 0.313019
1.24 0.21767 0.281185
1.242 0.00344196 0.243179
1.244 -0.245605 0.208377
1.246 -0.518892 0.185429
1.248 -0.798608 0.180532
1.25 -1.06081 0.196235
1.252 -1.27793 0.230977
1.254 -1.42235 0.279401
1.256 -1.47054 0.333346
1.258 -1.40692 0.383312
1.26 -1.22681 0.420161
1.262 -0.937827 0.43674
1.264 -0.559647 0.429114
1.266 -0.121986 0.397128
1.268 0.338658 0.344193
1.27 0.783096 0.276374
1.272 1.17378 0.201083
1.274 1.47891 0.125735
1.276 1.67579 0.0566476
1.278 1.75321 -0.00166053
1.28 1.71231 -0.0467722
1.282 1.56596 -0.0783264
1.284 1.33664 -0.0976854
1.286 1.05328 -0.107345
1.288 0.747639 -0.11015
1.29 0.45073 -0.108458
1.292 0.1899 -0.103507
1.294 -0.0133573 -0.0952394
1.296 -0.144751 -0.0826885
1.298 -0.197766 -0.0647775
1.3 -0.173562 -0.0411795
1.302 -0.0802509 -0.0128519
1.304 0.0683604 0.017958
1.306 0.254391 0.0481832
1.308 0.457677 0.0746518
1.31 0.657494 0.0947746
1.312 0.834094 0.107029
1.314 0.970044 0.111201
1.316 1.05145 0.10844
1.318 1.06914 0.101176
1.32 1.01969 0.092907
1.322 0.906138 0.0877711
1.324 0.738154 0.0898432
1.326 0.531448 0.102206
1.328 0.306409 0.126042
1.33 0.086122 0.160091
1.332 -0.105991 0.200702
1.334 -0.248624 0.242516
1.336 -0.324966 0.279533
1.338 -0.324844 0.30625
1.34 -0.24647 0.318568
1.342 -0.0974817 0.314329
1.344 0.105094 0.293483
1.346 0.336185 0.257964
1.348 0.565326 0.211328
1.35 0.760284 0.158175
1.352 0.891088 0.103413
1.354 0.933836 0.0514486
1.356 0.873741 0.00548974
1.358 0.70702 -0.0328559
1.36 0.441445 -0.0635453
1.362 0.0955924 -0.0876579
1.364 -0.303061 -0.106724
1.366 -0.720942 -0.122078
1.368 -1.12185 -0.134449
1.37 -1.47075 -0.143846
1.372 -1.73755 -0.149684
1.374 -1.90015 -0.151036
1.376 -1.94645 -0.146928
1.378 -1.87493 -0.136645
1.38 -1.69393 -0.120018
1.382 -1.4199 -0.0976353
1.384 -1.07513 -0.070919
1.386 -0.685225 -0.0420211
1.388 -0.276638 -0.0135303
1.39 0.125516 0.0119632
1.392 0.499143 0.0323596
1.394 0.826174 0.0464627
1.396 1.09289 0.0541856
1.398 1.28975 0.0564803
1.4 1.41095 0.0550323
1.402 1.45399 0.051847
1.404 1.41942 0.0488646
1.406 1.31083 0.0476796
1.408 1.13496 0.0493681
1.41 0.901812 0.0544008
1.412 0.624639 0.0626251
1.414 0.319732 0.0733079
1.416 0.00599572 0.0852241
1.418 -0.295703 0.0967742
1.42 -0.563542 0.106125
1.422 -0.776234 0.111367
1.424 -0.915037 0.110691
1.426 -0.966103 0.102554
1.428 -0.9227 0.0858235
1.43 -0.78676 0.0598819
1.432 -0.569291 0.0247087
1.434 -0.289486 -0.0190242
1.436 0.0272933 -0.0698322
1.438 0.352282 -0.125306
1.44 0.656381 -0.182086
1.442 0.913195 -0.236026
1.444 1.1018 -0.282587
1.446 1.20901 -0.317454
1.448 1.23084 -0.33725
1.45 1.17296 -0.340166
1.452 1.04984 -0.326365
1.454 0.882638 -0.298039
1.456 0.696135 -0.259146
1.458 0.51511 -0.214868
1.46 0.360912 -0.170896
1.462 0.248753 -0.13262
1.464 0.186148 -0.104314
1.466 0.172602 -0.0884405
1.468 0.200407 -0.085181
1.47 0.256283 -0.0923167
1.472 0.323619 -0.105539
1.474 0.385047 -0.119186
1.476 0.425037 -0.127287
1.478 0.432144 -0.12471
1.48 0.400526 -0.108164
1.482 0.330512 -0.0768343
1.484 0.228161 -0.0325426
1.486 0.103988 0.0205782
1.488 -0.02889 0.076798
1.49 -0.156831 0.129756
1.492 -0.267661 0.173525
1.494 -0.352246 0.203619
1.496 -0.405447 0.217771
1.498 -0.426313 0.216325
1.5 -0.417582 0.202118
1.502 -0.384642 0.179841
1.504 -0.33425 0.155006
1.506 -0.273266 0.132771
1.508 -0.207622 0.116879
1.51 -0.141647 0.108969
1.512 -0.077771 0.108369
1.514 -0.0166107 0.112362
1.516 0.0426012 0.116859
1.518 0.101307 0.117318
1.52 0.160755 0.109783
1.522 0.221148 0.0918496
1.524 0.281027 0.0633737
1.526 0.337079 0.0267231
1.528 0.38446 -0.0135533
1.53 0.417577 -0.0516003
1.532 0.431135 -0.0814684
1.534 0.421178 -0.0983495
1.536 0.385919 -0.0995334
1.538 0.326234 -0.0848989
1.54 0.245805 -0.0568979
1.542 0.150927 -0.020097
1.544 0.0499667 0.0196077
1.546 -0.0475065 0.0559781
1.548 -0.131899 0.0834957
1.55 -0.194933 0.0983514
1.552 -0.230917 0.0991865
1.554 -0.23767 0.0874023
1.556 -0.216884 0.0669111
1.558 -0.17385 0.0433338
1.56 -0.116656 0.0228202
1.562 -0.0550098 0.010782
1.564 0.00108259 0.0108429
1.566 0.0426314 0.0242188
1.568 0.0628178 0.0496051
1.57 0.0578861 0.0835268
1.572 0.0276781 0.121026
1.574 -0.0242639 0.15654
1.576 -0.0910727 0.184835
1.578 -0.163412 0.201886
1.58 -0.230731 0.205563
1.582 -0.282755 0.196004
1.584 -0.310962 0.17554
1.586 -0.309786 0.148148
1.588 -0.277337 0.118549
1.59 -0.215542 0.0911816
1.592 -0.129732 0.0693266
1.594 -0.0277913 0.0546031
1.596 0.0809597 0.0468961
1.598 0.187005 0.0446586
1.6 0.281845 0.0454429
1.602 0.359031 0.0465059
1.604 0.414867 0.0453796
1.606 0.448625 0.0403475
1.608 0.462231 0.0307906
1.61 0.459496 0.0173475
1.612 0.445082 0.00182453
1.614 0.423462 -0.0131736
1.616 0.398093 -0.0248361
1.618 0.37096 -0.0308168
1.62 0.342541 -0.0297942
1.622 0.312154 -0.021765
1.624 0.278544 -0.00800461
1.626 0.240578 0.00926329
1.628 0.197904 0.0273679
1.63 0.151471 0.0437224
1.632 0.103836 0.0562709
1.634 0.059166 0.0637903
1.636 0.0228627 0.0660333
1.638 0.000822797 0.0637149
1.64 -0.00158498 0.0583521
1.642 0.0193727 0.051963
1.644 0.0648452 0.046659
1.646 0.132834 0.0441981
1.648 0.218155 0.0456019
1.65 0.31294 0.0509434
1.652 0.407605 0.0593665
1.654 0.492098 0.0693307
1.656 0.557276 0.0789996
1.658 0.596205 0.0866531
1.66 0.605202 0.0910137
1.662 0.584432 0.091433
1.664 0.537923 0.0879344
1.666 0.472939 0.0811432
1.668 0.398812 0.0721264
1.67 0.325432 0.062163
1.672 0.261677 0.0524736
1.674 0.214089 0.043965
1.676 0.185999 0.0370588
1.678 0.177249 0.0316563
1.68 0.184502 0.0272492
1.682 0.202048 0.023138
1.684 0.222942 0.0186856
1.686 0.240292 0.0135268
1.688 0.248488 0.00767419
1.69 0.244178 0.00150647
1.692 0.226804 -0.0043328
1.694 0.198574 -0.00907646
1.696 0.163888 -0.0119777
1.698 0.128332 -0.0124465
1.7 0.0974846 -0.0101799
1.702 0.0757684 -0.00527605
1.704 0.0655726 0.00170567
1.706 0.0667709 0.00977955
1.708 0.0766961 0.0176885
1.71 0.0905631 0.0241596
1.712 0.102272 0.028195
1.714 0.105478 0.0293128
1.716 0.0947549 0.0276575
1.718 0.0666738 0.0239488
1.72 0.0205619 0.0192899
1.722 -0.0412089 0.0149035
1.724 -0.113496 0.0118745
1.726 -0.189177 0.0109524
1.728 -0.260301 0.0124329
1.73 -0.319358 0.0161139
1.732 -0.360423 0.0213237
1.734 -0.379968 0.0270283
1.736 -0.377248 0.0320174
1.738 -0.354244 0.0351473
1.74 -0.315222 0.035593
1.742 -0.266018 0.033045
1.744 -0.213144 0.0277964
1.746 -0.162849 0.0206899
1.748 -0.120257 0.0129387
1.75 -0.0887116 0.00586753
1.752 -0.0694516 0.000640242
1.754 -0.0616622 -0.00196201
1.756 -0.0628867 -0.00167193
1.758 -0.0696893 0.00123676
1.76 -0.0784105 0.00601768
1.762 -0.0858477 0.0115988
1.764 -0.0897373 0.0167864
1.766 -0.0889826 0.0204958
1.768 -0.0836379 0.0219659
1.77 -0.0747016 0.0209109
1.772 -0.0637832 0.017576
1.774 -0.0527066 0.0126837
1.776 -0.0431069 0.00728397
1.778 -0.0360776 0.00253942
1.78 -0.031927 -0.000507769
1.782 -0.0301013 -0.00113828
1.784 -0.029303 0.000913143
1.786 -0.0277926 0.00541792
1.788 -0.0238057 0.0117038
1.79 -0.0159791 0.0187788
1.792 -0.00367939 0.0255076
1.794 0.0128455 0.030811
1.796 0.0325086 0.0338559
1.798 0.0535879 0.034196
1.8 0.0740275 0.0318354
1.802 0.0917646 0.0272058
1.804 0.105028 0.021067
1.806 0.112572 0.0143581
1.808 0.113834 0.00802686
1.81 0.108995 0.00286833
1.812 0.0989444 -0.000599711
1.814 0.0851424 -0.00220395
1.816 0.0693871 -0.00211649
1.818 0.053541 -0.000794649
1.82 0.0392629 0.00112494
1.822 0.0278004 0.00295684
1.824 0.0198706 0.00409904
1.826 0.0156344 0.00414458
1.828 0.0147517 0.00295197
1.83 0.0164983 0.000660812
1.832 0.0199229 -0.00234983
1.834 0.0240193 -0.00554946
1.836 0.0278902 -0.00836913
1.838 0.0308793 -0.0103138
1.84 0.0326498 -0.0110515
1.842 0.0331979 -0.0104649
1.844 0.0327982 -0.00865822
1.846 0.0318981 -0.00592444
1.848 0.0309888 -0.00267974
1.85 0.0304849 0.000618282
1.852 0.0306364 0.00355217
1.854 0.0314829 0.00581069
1.856 0.0328487 0.00723026
1.858 0.0343741 0.00780849
1.86 0.0355744 0.00768977
1.862 0.0359225 0.00712573
1.864 0.0349422 0.00641678
1.866 0.0323013 0.00584605
1.868 0.0278872 0.00562066
1.87 0.0218483 0.00583479
1.872 0.014594 0.00646249
1.874 0.00674975 0.0073786
1.876 -0.00092246 0.00839855
1.878 -0.00762561 0.00932376
1.88 -0.0126362 0.00998134
1.882 -0.0154067 0.0102505
1.884 -0.0156485 0.0100741
1.886 -0.0133821 0.00945915
1.888 -0.00894439 0.00846813
1.89 -0.00294634 0.00720617
1.892 0.00381192 0.00580254
1.894 0.0104553 0.00438839
1.896 0.0161563 0.003074
1.898 0.0202454 0.00193137
1.9 0.0222919 0.000987684
1.902 0.0221453 0.000231647
1.904 0.0199362 -0.000370757
1.906 0.0160411 -0.000857494
1.908 0.0110177 -0.00125563
1.91 0.00552237 -0.00157457
1.912 0.000217691 -0.00180768
1.914 -0.00431511 -0.00193938
1.916 -0.0076485 -0.00195399
1.918 -0.00955357 -0.00184349
1.92 -0.0100112 -0.00161322
1.922 -0.00918929 -0.00128504
1.924 -0.00739289 -0.000897375
1.926 -0.0049993 -0.000501338
1.928 -0.00239147 -0.000152948
1.93 9.81034e-05 9.74395e-05
1.932 0.00222558 0.000215887
1.934 0.0038528 0.000192857
1.936 0.0049443 4.59956e-05
1.938 0.0055479 -0.000183347
1.94 0.0057646 -0.000439234
1.942 0.00571469 -0.000663568
1.944 0.00550753 -0.00080845
1.946 0.0052208 -0.000845371
1.948 0.00489224 -0.000769473
1.95 0.00452339 -0.00059867
1.952 0.0040924 -0.00036842
1.954 0.00357108 -0.000123481
1.956 0.00294133 9.1656e-05
1.958 0.00220688 0.000241706
1.96 0.00139812 0.000307055
1.962 0.000569439 0.000286449
1.964 -0.000209788 0.000195478
1.966 -0.00086827 6.14932e-05
1.968 -0.0013471 -8.35668e-05
1.97 -0.0016119 -0.000210477
1.972 -0.00165992 -0.000298381
1.974 -0.00152015 -0.000337714
1.976 -0.00124628 -0.000330201
1.978 -0.000904706 -0.000286447
1.98 -0.00056063 -0.000222006
1.982 -0.000265981 -0.000153014
1.984 -5.18733e-05 -9.24252e-05
1.986 7.3313e-05 -4.76881e-05
1.988 0.000120626 -2.03179e-05
1.99 0.000113553 -7.19124e-06
1.992 7.94865e-05 -2.89243e-06
1.994 4.18731e-05 -2.17758e-06
1.996 1.49864e-05 -1.72211e-06
1.998 2.50385e-06 -6.75278e-07
0.5 5.70061 1.28019
1 5.07888 1.24457
1.5 4.22461 1.19911
2 3.33035 1.15188
2.5 2.54669 1.09833
3 1.93714 1.0215
3.5 1.4793 0.902162
4 1.10502 0.733168
4.5 0.753431 0.529199
5 0.407615 0.325168
5.5 0.0987811 0.163355
6 -0.118741 0.0759196
6.5 -0.203244 0.0720554
7 -0.151236 0.136133
7.5 -0.00124156 0.236739
8 0.181969 0.340676
8.5 0.330649 0.424172
9 0.391932 0.47639
9.5 0.334207 0.495682
10 0.144786 0.483196
10.5 -0.173508 0.439083
11 -0.601046 0.36362
11.5 -1.09597 0.261498
12 -1.59125 0.145067
12.5 -2.00193 0.0331568
13 -2.24506 -0.0547381
13.5 -2.26672 -0.105718
14 -2.06374 -0.117799
14.5 -1.68838 -0.0986163
15 -1.23088 -0.059318
15.5 -0.786608 -0.00753308
16 -0.422771 0.0560621
16.5 -0.160747 0.135179
17 0.0180511 0.230679
17.5 0.147747 0.333136
18 0.250285 0.420351
18.5 0.321188 0.462777
19 0.336898 0.435653
19.5 0.278219 0.332733
20 0.154137 0.17481
20.5 0.0100576 0.00781163
21 -0.0856047 -0.110436
21.5 -0.0688257 -0.130561
22 0.0947014 -0.031263
22.5 0.39998 0.169988
23 0.811212 0.420052
23.5 1.27865 0.646435
24 1.75001 0.780878
24.5 2.16973 0.78139
25 2.47177 0.644778
25.5 2.58049 0.405683
26 2.43 0.123491
26.5 1.99861 -0.137218
27 1.33914 -0.325364
27.5 0.581903 -0.415264
28 -0.101221 -0.409137
28.5 -0.55996 -0.331339
29 -0.725461 -0.217912
29.5 -0.633914 -0.105653
30 -0.399508 -0.0238057
30.5 -0.150938 0.0103547
31 0.0330051 -0.0075944
31.5 0.153013 -0.0706894
32 0.26979 -0.163299
32.5 0.451232 -0.264529
33 0.721307 -0.352173
33.5 1.04238 -0.407073
34 1.33942 -0.417244
34.5 1.54686 -0.380646
35 1.64523 -0.305404
35.5 1.66319 -0.206944
36 1.64565 -0.102763
36.5 1.61213 -0.0067306
37 1.53634 0.0747227
37.5 1.36327 0.142868
38 1.05407 0.203321
38.5 0.629246 0.260792
39 0.180363 0.314676
39.5 -0.160763 0.35793
40 -0.280222 0.380053
40.5 -0.136091 0.372973
41 0.220211 0.337001
41.5 0.664673 0.283723
42 1.05021 0.233847
42.5 1.25905 0.210164
43 1.23556 0.22805
43.5 0.991625 0.287326
44 0.591479 0.3692
44.5 0.128777 0.440317
45 -0.295222 0.46318
45.5 -0.591163 0.409452
46 -0.701114 0.271092
46.5 -0.616827 0.0647967
47 -0.388843 -0.172251
47.5 -0.116333 -0.393731
48 0.0856261 -0.558084
48.5 0.131485 -0.639546
49 0.00269773 -0.632547
49.5 -0.243341 -0.549043
50 -0.500334 -0.411541
50.5 -0.664118 -0.2459
51 -0.681635 -0.0769717
51.5 -0.572104 0.0724499
52 -0.409794 0.181266
52.5 -0.279046 0.230856
53 -0.227081 0.208247
53.5 -0.240135 0.110686
54 -0.254283 -0.0509802
54.5 -0.192735 -0.252492
55 -0.00788731 -0.460591
55.5 0.294073 -0.640155
56 0.65685 -0.761393
56.5 1.00122 -0.804835
57 1.26007 -0.763315
57.5 1.40429 -0.641554
58 1.44981 -0.454497
58.5 1.44587 -0.225078
59 1.45221 0.0185914
59.5 1.51486 0.246925
60 1.64842 0.433295
60.5 1.82894 0.55835
61 1.99914 0.613056
61.5 2.08499 0.599699
62 2.02035 0.530855
62.5 1.77286 0.426892
63 1.36183 0.312511
63.5 0.859714 0.212442
64 0.373756 0.146317
64.5 0.0126611 0.1234
65 -0.149523 0.138913
65.5 -0.0980588 0.174295
66 0.118998 0.202849
66.5 0.408888 0.19988
67 0.665156 0.153673
67.5 0.79881 0.0722189
68 0.759257 -0.0182736
68.5 0.54133 -0.0834877
69 0.181119 -0.0957823
69.5 -0.254172 -0.0469551
70 -0.678937 0.0472647
70.5 -1.00432 0.15354
71 -1.15677 0.235439
71.5 -1.09817 0.269411
72 -0.84118 0.254638
72.5 -0.4509 0.211982
73 -0.0274146 0.172484
73.5 0.3277 0.161011
74 0.548426 0.183163
74.5 0.62815 0.22215
75 0.618107 0.247602
75.5 0.600081 0.232235
76 0.646073 0.168072
76.5 0.784395 0.0736351
77 0.988181 -0.0123163
77.5 1.19038 -0.0481758
78 1.31569 -0.00972273
78.5 1.31211 0.0970587
79 1.16728 0.237447
79.5 0.90444 0.363404
80 0.56505 0.435321
80.5 0.190802 0.43906
81 -0.184455 0.389763
81.5 -0.531072 0.321005
82 -0.815305 0.265671
82.5 -0.9967 0.239093
83 -1.03709 0.233188
83.5 -0.918183 0.223888
84 -0.657233 0.186731
84.5 -0.309226 0.111442
85 0.0492412 0.00766886
85.5 0.348632 -0.100372
86 0.553709 -0.186345
86.5 0.674689 -0.233959
87 0.755538 -0.2426
87.5 0.844988 -0.22462
88 0.965873 -0.197144
88.5 1.10023 -0.173623
89 1.19973 -0.159332
89.5 1.21714 -0.151928
90 1.14228 -0.145243
90.5 1.0218 -0.133344
91 0.949111 -0.112777
91.5 1.02593 -0.0828122
92 1.31224 -0.044748
92.5 1.78912 -0.001446
93 2.35461 0.0426637
93.5 2.85759 0.0817249
94 3.15661 0.109471
94.5 3.17793 0.121142
95 2.94667 0.115453
95.5 2.57678 0.0954594
96 2.2244 0.0676721
96.5 2.02551 0.0397587
97 2.04496 0.0179399
97.5 2.25795 0.00527215
98 2.56892 0.00141928
98.5 2.8562 0.00370003
99 3.02033 0.0086632
99.5 3.01473 0.0134207
100 2.84848 0.0163308
100.5 2.56552 0.0170452
101 2.21562 0.0161592
101.5 1.83437 0.0147076
102 1.44192 0.0136558
102.5 1.0579 0.0134856
103 0.719518 0.0139832
103.5 0.487601 0.0143291
104 0.431831 0.0134868
104.5 0.598863 0.0107235
105 0.978189 0.00599443
105.5 1.48461 -2.81173e-05
106 1.97037 -0.0062914
106.5 2.267 -0.0118539
107 2.2429 -0.0162322
107.5 1.85412 -0.0194136
108 1.16759 -0.0215739
108.5 0.3461 -0.022729
109 -0.400557 -0.0225764
109.5 -0.880962 -0.0206353
110 -0.980909 -0.0165874
110.5 -0.695661 -0.0105963
111 -0.125714 -0.0034008
111.5 0.560887 0.00387576
112 1.18557 0.0100996
112.5 1.61568 0.0144979
113 1.80158 0.0168654
113.5 1.78241 0.0175397
114 1.65983 0.0171847
114.5 1.55016 0.0164876
115 1.53344 0.0158844
115.5 1.61962 0.0154053
116 1.74592 0.0146826
116.5 1.80667 0.0131126
117 1.70311 0.0101173
117.5 1.39088 0.00541449
118 0.903201 -0.000799194
118.5 0.338352 -0.0078206
119 -0.182609 -0.0145849
119.5 -0.567333 -0.0199377
120 -0.787196 -0.0229475
120.5 -0.878767 -0.0231595
121 -0.912381 -0.0207144
121.5 -0.946064 -0.0163007
122 -0.990517 -0.0109636
122.5 -1.00386 -0.00583449
123 -0.917373 -0.00186756
123.5 -0.675765 0.000341646
124 -0.268297 0.000620999
124.5 0.265996 -0.000818153
125 0.858912 -0.00347983
125.5 1.44394 -0.00669459
126 1.9771 -0.00972297
126.5 2.43619 -0.0118616
127 2.80283 -0.0125683
127.5 3.04372 -0.0115966
128 3.10805 -0.00909349
128.5 2.94641 -0.0055979
129 2.54139 -0.00190894
129.5 1.93095 0.00114477
130 1.20903 0.0029471
130.5 0.501032 0.00324962
131 -0.0740685 0.00218482
131.5 -0.437008 0.000151435
132 -0.563245 -0.00236271
132.5 -0.477629 -0.00494607
133 -0.236678 -0.00736742
133.5 0.0906553 -0.00959899
134 0.437161 -0.0117564
134.5 0.746489 -0.013964
135 0.980199 -0.0161796
135.5 1.12347 -0.0180558
136 1.18578 -0.0189379
136.5 1.192 -0.0180662
137 1.164 -0.0149389
137.5 1.10128 -0.00966648
138 0.97355 -0.00309657
138.5 0.734631 0.00342057
139 0.354762 0.00855259
139.5 -0.144983 0.0115261
140 -0.678105 0.0123882
140.5 -1.11248 0.0118544
141 -1.32121 0.0108784
141.5 -1.24234 0.0102523
142 -0.91695 0.0104893
142.5 -0.482932 0.0119772
143 -0.122543 0.015133
143.5 0.0145045 0.0202537
144 -0.122665 0.027028
144.5 -0.461888 0.034057
145 -0.838008 0.0389174
145.5 -1.06394 0.0390604
146 -1.01052 0.0332541
146.5 -0.65923 0.0227307
147 -0.105153 0.0111345
147.5 0.489167 0.00296065
148 0.965939 0.00114541
148.5 1.23639 0.00520226
149 1.30833 0.0112344
149.5 1.26679 0.0141792
150 1.21986 0.0112501
150.5 1.2381 0.0045767
151 1.31752 0.00119207
151.5 1.38351 0.00983591
152 1.33257 0.0358792
152.5 1.09014 0.0769856
153 0.655512 0.122084
153.5 0.111843 0.154736
154 -0.403674 0.15974
154.5 -0.755347 0.130043
155 -0.864546 0.0705943
155.5 -0.740376 -0.00286294
156 -0.472664 -0.0697584
156.5 -0.191609 -0.112785
157 -0.0126962 -0.124455
157.5 0.00923699 -0.109157
158 -0.101699 -0.0798732
158.5 -0.257497 -0.0512444
159 -0.346084 -0.0323541
159.5 -0.277853 -0.0226892
160 -0.0196143 -0.0131361
160.5 0.396273 0.00857183
161 0.888401 0.0506822
161.5 1.35861 0.112035
162 1.72505 0.181063
162.5 1.94307 0.239664
163 2.00804 0.270134
163.5 1.9434 0.262039
164 1.78269 0.216071
164.5 1.555 0.143485
165 1.27944 0.0617328
165.5 0.968531 -0.0115596
166 0.636057 -0.0637365
166.5 0.303996 -0.0896476
167 0.00449284 -0.0912236
167.5 -0.22414 -0.0749997
168 -0.346135 -0.0490469
168.5 -0.339047 -0.0205523
169 -0.203368 0.00540028
169.5 0.0324529 0.0259833
170 0.314557 0.0401979
170.5 0.575088 0.0483149
171 0.750599 0.0513852
171.5 0.80196 0.050803
172 0.728134 0.0478552
172.5 0.567387 0.0432973
173 0.384163 0.0371131
173.5 0.246105 0.0286335
174 0.200228 0.0170506
174.5 0.257606 0.00215479
175 0.391897 -0.0150393
175.5 0.550802 -0.0321203
176 0.674602 -0.0457316
176.5 0.714385 -0.0525464
177 0.644612 -0.0504236
177.5 0.468184 -0.0392962
178 0.214785 -0.0214351
178.5 -0.0659231 -0.000960453
179 -0.315236 0.0172559
179.5 -0.479437 0.0289547
180 -0.524667 0.031707
180.5 -0.448436 0.0256298
181 -0.282845 0.013382
181.5 -0.0865205 -0.000596705
182 0.0733723 -0.0114382
182.5 0.142932 -0.0154296
183 0.0987623 -0.0113209
183.5 -0.0460656 -0.000852088
184 -0.249066 0.0117914
184.5 -0.454521 0.0214792
185 -0.61158 0.0240343
185.5 -0.687473 0.0177356
186 -0.672509 0.00376739
186.5 -0.577662 -0.0145385
187 -0.428064 -0.0332148
187.5 -0.255747 -0.0490969
188 -0.0932317 -0.0604631
188.5 0.0320543 -0.0666789
189 0.102878 -0.0672816
189.5 0.116141 -0.06128
190 0.0838326 -0.0472716
190.5 0.0293329 -0.0244028
191 -0.020736 0.0064074
191.5 -0.0462926 0.04181
192 -0.0408152 0.0764957
192.5 -0.0120526 0.104746
193 0.0239704 0.122426
193.5 0.0523164 0.128524
194 0.0665571 0.125542
194.5 0.0701548 0.118485
195 0.071548 0.112774
195.5 0.0767719 0.111722
196 0.0850516 0.114502
196.5 0.0906467 0.11543
197 0.0895711 0.105214
197.5 0.0857921 0.0741851
198 0.091159 0.0167508
198.5 0.117344 -0.0645585
199 0.164123 -0.157399
199.5 0.212219 -0.2417
200 0.227491 -0.295473
200.5 0.176637 -0.302491
201 0.0467085 -0.258699
201.5 -0.143157 -0.174414
202 -0.346108 -0.0710423
202.5 -0.507265 0.026434
203 -0.588483 0.0979144
203.5 -0.584277 0.133881
204 -0.519927 0.136124
204.5 -0.43347 0.113854
205 -0.353157 0.0778124
205.5 -0.284446 0.0356656
206 -0.214021 -0.00920171
206.5 -0.126868 -0.055642
207 -0.0237443 -0.101511
207.5 0.0738056 -0.141783
208 0.135021 -0.16942
208.5 0.140563 -0.178461
209 0.0978868 -0.167316
209.5 0.039854 -0.140161
210 0.0059167 -0.105485
210.5 0.0169426 -0.0726253
211 0.059636 -0.0481994
211.5 0.0911884 -0.0343084
212 0.0625439 -0.0292124
212.5 -0.0527788 -0.0297378
213 -0.240853 -0.0337943
213.5 -0.450591 -0.0414982
214 -0.615971 -0.0543402
214.5 -0.68478 -0.0730022
215 -0.638814 -0.0951847
215.5 -0.496497 -0.114835
216 -0.299241 -0.123512
216.5 -0.0910044 -0.113632
217 0.0977449 -0.0823645
217.5 0.255174 -0.0344636
218 0.383077 0.0175433
218.5 0.487553 0.0564824
219 0.571686 0.0662341
219.5 0.633254 0.0379107
220 0.66647 -0.026185
220.5 0.664818 -0.112846
221 0.622851 -0.202678
221.5 0.537095 -0.277244
222 0.407501 -0.325268
222.5 0.240295 -0.344953
223 0.0510252 -0.341539
223.5 -0.134923 -0.32189
224 -0.286611 -0.28962
224.5 -0.376363 -0.243818
225 -0.389792 -0.182125
225.5 -0.332223 -0.106041
226 -0.227901 -0.0247555
226.5 -0.111781 0.0454414
227 -0.0173636 0.0864578
227.5 0.0340705 0.0857349
228 0.038435 0.0416213
228.5 0.00667117 -0.0361203
229 -0.0424591 -0.130746
229.5 -0.0906045 -0.225221
230 -0.125443 -0.307493
230.5 -0.14217 -0.371969
231 -0.141732 -0.417427
231.5 -0.127993 -0.443694
232 -0.10571 -0.44984
232.5 -0.0798687 -0.435044
233 -0.0556826 -0.401096
233.5 -0.038172 -0.354168
234 -0.0309385 -0.303888
234.5 -0.0347239 -0.259652
235 -0.0468593 -0.226138
235.5 -0.0622913 -0.200738
236 -0.0758371 -0.174718
236.5 -0.0844357 -0.137768
237 -0.0880768 -0.083691
237.5 -0.0889049 -0.0142925
238 -0.089157 0.0604728
238.5 -0.0893094 0.126122
239 -0.0876226 0.169215
239.5 -0.0813181 0.182306
240 -0.0685671 0.166239
240.5 -0.0499902 0.129156
241 -0.0287448 0.0830524
241.5 -0.00919186 0.0395702
242 0.00502198 0.00669773
242.5 0.0123807 -0.0126213
243 0.0137475 -0.0199095
243.5 0.0115169 -0.0192842
244 0.00831194 -0.0152821
244.5 0.00595612 -0.0112384
245 0.00511827 -0.00865314
245.5 0.00556355 -0.00748274
246 0.00666144 -0.00694626
246.5 0.0078085 -0.00633284
247 0.00862065 -0.00544219
247.5 0.00894183 -0.00456494
248 0.00878397 -0.00416065
248.5 0.00826587 -0.00450064
249 0.00755225 -0.00548738
249.5 0.00677954 -0.00670899
250 0.00599031 -0.00764576
250.5 0.00512358 -0.0078895
251 0.004083 -0.00727374
251.5 0.00284386 -0.00589009
252 0.0015205 -0.00402459
252.5 0.000338113 -0.00205963
253 -0.000476495 -0.000369715
253.5 -0.000810156 0.000776081
254 -0.000708423 0.00128845
254.5 -0.000330563 0.00128262
255 0.000139821 0.00103228
255.5 0.000560953 0.000860798
256 0.000842244 0.00101324
256.5 0.000918228 0.00156753
257 0.000735286 0.00242307
257.5 0.000277748 0.00336232
258 -0.000386699 0.00414568
258.5 -0.00109018 0.00459269
259 -0.00160806 0.00462343
259.5 -0.00174781 0.00426131
260 -0.0014313 0.00361256
260.5 -0.000720206 0.00283321
261 0.00022727 0.00208588
261.5 0.0012366 0.00148898
262 0.0021848 0.00107334
262.5 0.00302428 0.000770293
263 0.00376391 0.000447901
263.5 0.00443125 -1.42381e-05
264 0.00504016 -0.00064815
264.5 0.00557369 -0.00136236
265 0.00598064 -0.00197079
265.5 0.00618342 -0.00227102
266 0.00609933 -0.00212967
266.5 0.00567538 -0.00153211
267 0.00492638 -0.000578932
267.5 0.00395561 0.000557603
268 0.00293976 0.00168714
268.5 0.00207824 0.0026411
269 0.00152893 0.00329313
269.5 0.00136186 0.00356853
270 0.00155108 0.0034517
270.5 0.00200155 0.00299071
271 0.00258966 0.00229073
271.5 0.0031949 0.00149041
272 0.00371398 0.000726189
272.5 0.00406434 9.93494e-05
273 0.00418829 -0.000340076
273.5 0.0040617 -0.000588452
274 0.00370134 -0.00067089
274.5 0.00316209 -0.000623854
275 0.00252274 -0.000486328
275.5 0.00186722 -0.000298378
276 0.00127013 -0.000100041
276.5 0.00078984 7.49178e-05
277 0.000464671 0.000208865
277.5 0.000307897 0.000306429
278 0.000303515 0.000389769
278.5 0.00041087 0.000482053
279 0.000583228 0.000586179
279.5 0.000793647 0.000670311
280 0.00105078 0.000670216
280.5 0.00138908 0.000511255
281 0.00183422 0.000143421
281.5 0.00236513 -0.000424994
282 0.0029011 -0.00111189
282.5 0.00332945 -0.00177539
283 0.00356156 -0.00225663
283.5 0.00358314 -0.00243587
284 0.00346503 -0.00227787
284.5 0.00332414 -0.00184462
285 0.00325624 -0.00126869
285.5 0.00328081 -0.000699982
286 0.00333077 -0.000252196
286.5 0.00329272 2.61213e-05
287 0.00307285 0.000146124
287.5 0.00265052 0.000149023
288 0.00209105 7.40533e-05
288.5 0.0015145 -5.70759e-05
289 0.00104131 -0.0002347
289.5 0.000746282 -0.000445023
290 0.000643394 -0.000658976
290.5 0.000705031 -0.000835472
291 0.000899056 -0.000936438
291.5 0.00121855 -0.000942836
292 0.00168438 -0.000861681
292.5 0.00231763 -0.000721612
293 0.00309747 -0.000561963
293.5 0.00393136 -0.000422045
294 0.00466038 -0.000333623
294.5 0.0051051 -0.000315077
295 0.00513463 -0.000365264
295.5 0.00472656 -0.00045879
296 0.0039868 -0.000548157
296.5 0.00311758 -0.000577192
297 0.00234723 -0.000503627
297.5 0.0018539 -0.000320942
298 0.0017161 -6.69033e-05
298.5 0.00190648 0.000188265
299 0.0023226 0.000370193
299.5 0.00283241 0.000431678
300 0.0033114 0.000371452
300.5 0.00366029 0.000231654
301 0.0038078 7.66292e-05
301.5 0.0037112 -3.52e-05
302 0.0033644 -7.24963e-05
302.5 0.00281207 -3.66892e-05
303 0.00215804 4.74747e-05
303.5 0.00155347 0.000148846
304 0.00115917 0.00024439
304.5 0.00109116 0.000324671
305 0.00137158 0.000389841
305.5 0.00191033 0.000441112
306 0.00253159 0.000474603
306.5 0.00303896 0.00048199
307 0.00329198 0.000457227
307.5 0.00325828 0.000403998
308 0.00301532 0.000337543
308.5 0.00270128 0.000278099
309 0.00244138 0.000239242
309.5 0.00229003 0.00021895
310 0.00221891 0.000200583
310.5 0.00215392 0.000164924
311 0.00203458 0.000106574
311.5 0.00185726 4.36807e-05
312 0.00167662 1.29273e-05
312.5 0.00156767 5.06235e-05
313 0.00157676 0.000170213
313.5 0.00169456 0.000350047
314 0.00186676 0.000540037
314.5 0.00203081 0.000684608
315 0.00215038 0.000749286
315.5 0.002224 0.0007357
316 0.00226606 0.000676535
316.5 0.00228054 0.000613935
317 0.00225213 0.000574467
317.5 0.00216447 0.000555387
318 0.00203118 0.000529723
318.5 0.00191185 0.000466385
319 0.00189325 0.000352874
319.5 0.00204058 0.000207131
320 0.00234766 7.17116e-05
320.5 0.00272043 -6.34693e-06
321 0.0030101 1.16006e-06
321.5 0.00308199 8.95348e-05
322 0.00288285 0.000223349
322.5 0.00246894 0.000353052
323 0.00197932 0.000436954
323.5 0.00156989 0.000457468
324 0.00134437 0.000424373
324.5 0.00131764 0.000365101
325 0.00142567 0.000308603
325.5 0.00157021 0.000271716
326 0.0016698 0.000254392
326.5 0.00169043 0.00024449
327 0.00164542 0.000227683
327.5 0.00157279 0.000196186
328 0.00150838 0.000152066
328.5 0.00147011 0.000104929
329 0.00145727 6.70044e-05
329.5 0.00145847 4.91522e-05
330 0.00145911 5.93004e-05
330.5 0.00144415 0.000102296
331 0.00139939 0.000179109
331.5 0.00131693 0.000284506
332 0.00120582 0.000404531
332.5 0.00110183 0.000516483
333 0.00106583 0.000593272
333.5 0.00116488 0.00061148
334 0.00144084 0.000559881
334.5 0.00188137 0.000444329
335 0.00241038 0.000286461
335.5 0.00290608 0.000116643
336 0.0032408 -3.57124e-05
336.5 0.00332463 -0.000150378
337 0.0031336 -0.00022007
337.5 0.00271189 -0.000249016
338 0.00215053 -0.000247866
338.5 0.00155526 -0.000227641
339 0.00101737 -0.00019529
339.5 0.000596055 -0.000152234
340 0.000313231 -9.58528e-05
340.5 0.000157464 -2.26941e-05
341 9.35542e-05 6.82375e-05
341.5 7.61481e-05 0.000173493
342 6.59664e-05 0.000285108
342.5 4.51214e-05 0.000392271
343 2.55535e-05 0.000483996
343.5 4.51798e-05 0.000551962
344 0.000151083 0.000592724
344.5 0.000375784 0.000608712
345 0.000717162 0.000607509
345.5 0.00113179 0.000599252
346 0.00154548 0.000592623
346.5 0.00187699 0.000590776
347 0.0020653 0.000589131
347.5 0.00209002 0.000576599
348 0.00197792 0.000540355
348.5 0.00179426 0.0004723
349 0.0016225 0.00037404
349.5 0.00153933 0.00025761
350 0.00159233 0.000141219
350.5 0.00178645 4.20559e-05
351 0.00208252 -3.02213e-05
351.5 0.00240718 -7.60883e-05
352 0.00267106 -0.000103994
352.5 0.00279016 -0.000125267
353 0.00270598 -0.00014929
353.5 0.00240099 -0.000181386
354 0.00190687 -0.000223626
354.5 0.0013027 -0.000276727
355 0.000700465 -0.000340721
355.5 0.000217683 -0.000413514
356 -5.7637e-05 -0.000488583
356.5 -9.80787e-05 -0.000554327
357 5.04694e-05 -0.000596922
357.5 0.000284397 -0.000606213
358 0.000484163 -0.000581672
358.5 0.00056608 -0.000534568
359 0.000519752 -0.000483975
359.5 0.000410958 -0.000447596
360 0.000345713 -0.000431636
360.5 0.000411384 -0.000425299
361 0.000623945 -0.000403686
361.5 0.000908832 -0.000338843
362 0.00112655 -0.000214235
362.5 0.00113168 -3.5744e-05
363 0.000837496 0.000166523
363.5 0.000256252 0.000346997
364 -0.000501611 0.000460287
364.5 -0.0012661 0.00047683
365 -0.00186451 0.000392128
365.5 -0.00217208 0.00022674
366 -0.0021395 1.87766e-05
366.5 -0.00179373 -0.000186539
367 -0.00121959 -0.000345972
367.5 -0.000533481 -0.00042442
368 0.000142688 -0.00039924
368.5 0.000704391 -0.000264601
369 0.00108356 -3.58553e-05
369.5 0.00126151 0.000248809
370 0.00127053 0.000533244
370.5 0.00118009 0.000756415
371 0.0010691 0.000870807
371.5 0.000994535 0.000859058
372 0.000970889 0.00074089
372.5 0.000971347 0.000566035
373 0.000950142 0.000395358
373.5 0.000873423 0.000278144
374 0.000740699 0.000235282
374.5 0.000584818 0.000254959
375 0.000452022 0.000301289
375.5 0.000376045 0.000330645
376 0.000363238 0.000308101
376.5 0.000397301 0.000218067
377 0.000458309 6.70885e-05
377.5 0.000541062 -0.000119702
378 0.00065908 -0.00030565
378.5 0.000831583 -0.000451007
379 0.00106343 -0.00052179
379.5 0.00133313 -0.000498395
380 0.00159817 -0.00038231
380.5 0.00181432 -0.000198238
381 0.00195586 1.05904e-05
381.5 0.00202333 0.000193725
382 0.00203471 0.000307936
382.5 0.00200744 0.000329261
383 0.00194458 0.000257987
383.5 0.00183399 0.000115338
384 0.00165955 -6.52858e-05
384.5 0.001415 -0.000247557
385 0.00111049 -0.000398135
385.5 0.000769038 -0.000488838
386 0.000418576 -0.000497791
386.5 8.8071e-05 -0.00041279
387 -0.000189035 -0.000237429
387.5 -0.000369326 3.29082e-06
388 -0.000401937 0.000263181
388.5 -0.000245044 0.000484485
389 0.000108605 0.000615431
389.5 0.000611906 0.00062895
390 0.0011649 0.000533676
390.5 0.00164269 0.000371163
391 0.00193891 0.00019976
391.5 0.00200318 7.22571e-05
392 0.00185264 1.75119e-05
392.5 0.00155217 3.40318e-05
393 0.00117608 9.73127e-05
393.5 0.00077464 0.000175914
394 0.000364972 0.000247469
394.5 -5.07745e-05 0.000306775
395 -0.000454932 0.000362948
395.5 -0.000795109 0.000428575
396 -0.000992873 0.000507662
396.5 -0.000978906 0.000589234
397 -0.00073529 0.0006498
397.5 -0.000319214 0.000662832
398 0.000148433 0.000609673
398.5 0.000526707 0.000485836
399 0.000709627 0.000299832
399.5 0.000665566 6.64207e-05
400 0.000442805 -0.000200308
400.5 0.000141193 -0.000488599
401 -0.00013346 -0.000783927
401.5 -0.000309156 -0.001061
402 -0.000364753 -0.00128021
402.5 -0.00032123 -0.00139459
403 -0.000217236 -0.00136741
403.5 -8.45931e-05 -0.00119324
404 6.39044e-05 -0.000910792
404.5 0.00023095 -0.000598325
405 0.000420751 -0.000349969
405.5 0.000624432 -0.000241638
406 0.000813625 -0.000301197
406.5 0.000946233 -0.000496615
407 0.00098226 -0.000747791
407.5 0.000902673 -0.000957033
408 0.000722126 -0.00104512
408.5 0.000487965 -0.000978341
409 0.000263347 -0.000776846
409.5 9.99863e-05 -0.00050294
410 1.27661e-05 -0.000235778
410.5 -2.98712e-05 -4.29079e-05
411 -9.16138e-05 4.10494e-05
411.5 -0.000233757 2.17854e-05
412 -0.000476347 -6.28558e-05
412.5 -0.000776086 -0.000162874
413 -0.00103588 -0.000239972
413.5 -0.00114507 -0.000285463
414 -0.00103214 -0.000324121
414.5 -0.000703112 -0.000401295
415 -0.000244956 -0.000558059
415.5 0.000208833 -0.000805363
416 0.000532872 -0.00110968
416.5 0.000656924 -0.0013981
417 0.000582887 -0.00158185
417.5 0.00036725 -0.00158877
418 8.39327e-05 -0.00139088
418.5 -0.00020863 -0.00101587
419 -0.000478733 -0.000539015
419.5 -0.000710375 -6.00718e-05
420 -0.000884965 0.000325041
420.5 -0.000974514 0.000548163
421 -0.000954801 0.000582467
421.5 -0.00083004 0.000444322
422 -0.000649244 0.00018527
422.5 -0.000497343 -0.000122777
423 -0.000460036 -0.000405566
423.5 -0.000579949 -0.000603702
424 -0.000830164 -0.000684599
424.5 -0.00112303 -0.000645777
425 -0.00135169 -0.000509008
425.5 -0.00144186 -0.000308882
426 -0.00138449 -8.19537e-05
426.5 -0.0012314 0.000138326
427 -0.00105766 0.0003202
427.5 -0.000914416 0.000430309
428 -0.000799965 0.000435299
428.5 -0.000665304 0.000311904
429 -0.000448755 6.21692e-05
429.5 -0.000117918 -0.000275676
430 0.000305517 -0.000630519
430.5 0.00075069 -0.000918937
431 0.00112692 -0.00107564
431.5 0.00135965 -0.00107894
432 0.00141441 -0.000956996
432.5 0.00130048 -0.000770546
433 0.00105816 -0.000580677
433.5 0.000741466 -0.000419321
434 0.00040582 -0.000278778
434.5 0.000103104 -0.000125772
435 -0.000120732 6.8784e-05
435.5 -0.000231631 0.000302216
436 -0.000218197 0.000531255
436.5 -0.000101746 0.000687516
437 6.30605e-05 0.000708987
437.5 0.00020245 0.000570512
438 0.000249981 0.000297381
438.5 0.000174547 -4.40648e-05
439 -3.45031e-06 -0.000372688
439.5 -0.000216676 -0.000621761
440 -0.000375515 -0.000757705
440.5 -0.000402533 -0.00078225
441 -0.000261821 -0.000721104
441.5 2.91049e-05 -0.0006079
442 0.00040874 -0.000471957
442.5 0.000796447 -0.00033359
443 0.00112043 -0.000205216
443.5 0.00133659 -9.38566e-05
444 0.00143192 -1.87743e-06
444.5 0.00141486 7.37697e-05
445 0.00130097 0.000140977
445.5 0.00110384 0.000208158
446 0.000836007 0.000276884
446.5 0.00051765 0.000335696
447 0.000185156 0.000360345
447.5 -0.000108954 0.000323002
448 -0.000308256 0.000207632
448.5 -0.000372791 2.40054e-05
449 -0.000297804 -0.0001882
449.5 -0.000120591 -0.000369744
450 8.96084e-05 -0.000463935
450.5 0.000255515 -0.000441097
451 0.000319557 -0.000313675
451.5 0.000263632 -0.000133911
452 0.000112921 2.59166e-05
452.5 -7.68594e-05 0.000102374
453 -0.000242299 6.61011e-05
453.5 -0.000335308 -6.75717e-05
454 -0.000337635 -0.000246736
454.5 -0.000262865 -0.000405351
455 -0.000147302 -0.000489736
455.5 -3.4844e-05 -0.000477937
456 3.81063e-05 -0.000384921
456.5 5.29926e-05 -0.000253121
457 1.24636e-05 -0.000133764
457.5 -6.31849e-05 -6.72559e-05
458 -0.000144661 -7.00622e-05
458.5 -0.000204468 -0.000131971
459 -0.000226349 -0.000223269
459.5 -0.00021018 -0.000307827
460 -0.000170518 -0.000356541
460.5 -0.000129362 -0.000356198
461 -0.000106263 -0.000311182
461.5 -0.000110251 -0.000238494
462 -0.000137287 -0.000159141
462.5 -0.00017417 -9.00436e-05
463 -0.000206421 -3.97465e-05
463.5 -0.000225582 -8.98078e-06
464 -0.00023193 5.44284e-06
464.5 -0.000231489 6.37727e-06
465 -0.000229758 -5.63144e-06
465.5 -0.000226486 -3.11894e-05
466 -0.000215021 -6.90639e-05
466.5 -0.000186671 -0.000113787
467 -0.00013725 -0.000155802
467.5 -7.15334e-05 -0.000184391
468 -2.62842e-06 -0.000191833
468.5 5.35725e-05 -0.000176476
469 8.57381e-05 -0.000143105
469.5 9.21335e-05 -0.000100573
470 8.07226e-05 -5.81347e-05
470.5 6.46122e-05 -2.24149e-05
471 5.562e-05 3.71268e-06
471.5 5.94383e-05 2.03318e-05
472 7.45651e-05 2.87789e-05
472.5 9.48726e-05 3.02741e-05
473 0.000113803 2.55807e-05
473.5 0.000127698 1.55437e-05
474 0.000136705 1.79268e-06
474.5 0.000143295 -1.30852e-05
475 0.000149709 -2.61157e-05
475.5 0.000155971 -3.49093e-05
476 0.000159552 -3.84264e-05
476.5 0.000156689 -3.70891e-05
477 0.000144532 -3.22224e-05
477.5 0.000122936 -2.52091e-05
478 9.50062e-05 -1.68774e-05
478.5 6.62041e-05 -7.45025e-06
479 4.24441e-05 2.98951e-06
479.5 2.80618e-05 1.38864e-05
480 2.4481e-05 2.39065e-05
480.5 3.00476e-05 3.12057e-05
481 4.09786e-05 3.41863e-05
481.5 5.2939e-05 3.23501e-05
482 6.25857e-05 2.67606e-05
482.5 6.85221e-05 1.98058e-05
483 7.14077e-05 1.43044e-05
483.5 7.33089e-05 1.23476e-05
484 7.66329e-05 1.44184e-05
484.5 8.3078e-05 1.92125e-05
485 9.29592e-05 2.42553e-05
485.5 0.000105081 2.70299e-05
486 0.000117109 2.60987e-05
486.5 0.00012624 2.17116e-05
487 0.00012991 1.56426e-05
487.5 0.000126388 1.03533e-05
488 0.000115169 7.8783e-06
488.5 9.72125e-05 8.93287e-06
489 7.49594e-05 1.26181e-05
489.5 5.20445e-05 1.68182e-05
490 3.25758e-05 1.90808e-05
490.5 2.00357e-05 1.75809e-05
491 1.6132e-05 1.17723e-05
491.5 2.01345e-05 2.50172e-06
492 2.91462e-05 -8.39249e-06
492.5 3.9341e-05 -1.87688e-05
493 4.76426e-05 -2.68558e-05
493.5 5.29871e-05 -3.16709e-05
494 5.64616e-05 -3.3097e-05
494.5 6.02175e-05 -3.16798e-05
495 6.57715e-05 -2.82947e-05
495.5 7.26856e-05 -2.3835e-05
496 7.84022e-05 -1.90143e-05
496.5 7.93419e-05 -1.42989e-05
497 7.26554e-05 -9.93372e-06
497.5 5.76883e-05 -6.00333e-06
498 3.64398e-05 -2.48737e-06
498.5 1.28797e-05 7.02524e-07
499 -8.44367e-06 3.68611e-06
499.5 -2.38168e-05 6.55079e-06
500 -3.12467e-05 9.25157e-06
