-1.998 -7.5064e-06 -2.17661e-06
-1.996 -2.73163e-05 -8.09024e-06
-1.994 -5.20813e-05 -1.50849e-05
-1.992 -7.14928e-05 -1.88867e-05
-1.99 -7.46461e-05 -1.49986e-05
-1.988 -5.25305e-05 -2.94581e-07
-1.986 5.02345e-08 2.57582e-05
-1.984 8.36579e-05 6.07085e-05
-1.982 0.000194705 9.97578e-05
-1.98 0.000327058 0.000137292
-1.978 0.000474197 0.000168881
-1.976 0.000631177 0.000193157
-1.974 0.000795569 0.000212968
-1.972 0.000966868 0.000235363
-1.97 0.00114425 0.000270279
-1.968 0.00132323 0.000328135
-1.966 0.00149215 0.000416917
-1.964 0.00162993 0.00053955
-1.962 0.00170618 0.00069233
-1.96 0.00168454 0.000864895
-1.958 0.00152902 0.00104177
-1.956 0.00121256 0.00120501
-1.954 0.000725904 0.00133724
-1.952 8.45595e-05 0.00142417
-1.95 -0.000668251 0.00145624
-1.948 -0.00146421 0.00142885
-1.946 -0.00221852 0.0013416
-1.944 -0.00284355 0.00119668
-1.942 -0.00326532 0.000997312
-1.94 -0.00343965 0.000746672
-1.938 -0.00336428 0.000448029
-1.936 -0.0030839 0.000106218
-1.934 -0.0026862 -0.000269871
-1.932 -0.00228849 -0.000664777
-1.93 -0.00201696 -0.0010553
-1.928 -0.00198195 -0.00141195
-1.926 -0.00225448 -0.00170354
-1.924 -0.0028491 -0.00190436
-1.922 -0.00371786 -0.00200216
-1.92 -0.00475773 -0.00200471
-1.918 -0.00583123 -0.00194275
-1.916 -0.00679692 -0.00186743
-1.914 -0.0075437 -0.0018419
-1.912 -0.00802106 -0.00192744
-1.91 -0.00825775 -0.00216648
-1.908 -0.00836274 -0.002566
-1.906 -0.00850592 -0.00308551
-1.904 -0.00888036 -0.00363392
-1.902 -0.00965223 -0.00407801
-1.9 -0.0109082 -0.00426291
-1.898 -0.012612 -0.00404197
-1.896 -0.0145807 -0.00331021
-1.894 -0.01649 -0.00203414
-1.892 -0.0179107 -0.000270459
-1.89 -0.0183749 0.00183174
-1.888 -0.0174607 0.0040476
-1.886 -0.014884 0.00611071
-1.884 -0.0105791 0.00776011
-1.882 -0.00475237 0.00879197
-1.88 0.0021043 0.00910563
-1.878 0.00924872 0.00873322
-1.876 0.0157727 0.00784385
-1.874 0.0207265 0.00671835
-1.872 0.0232669 0.00569658
-1.87 0.0228027 0.00510687
-1.868 0.0191136 0.00519213
-1.866 0.0124167 0.00604918
-1.864 0.00336749 0.00759567
-1.862 -0.00700949 0.00957332
-1.86 -0.01745 0.0115885
-1.858 -0.0266209 0.0131838
-1.856 -0.0333052 0.0139274
-1.854 -0.0365731 0.0135036
-1.852 -0.0359124 0.0117861
-1.85 -0.0312971 0.00887794
-1.848 -0.023184 0.00510732
-1.846 -0.0124358 0.000976194
-1.844 -0.000183438 -0.0029312
-1.842 0.0123481 -0.00606367
-1.84 0.0240204 -0.0080186
-1.838 0.0339367 -0.008632
-1.836 0.0415439 -0.00802138
-1.834 0.0466686 -0.00656977
-1.832 0.0494838 -0.00485212
-1.83 0.0504195 -0.00351839
-1.828 0.0500373 -0.00315691
-1.826 0.0488949 -0.0041665
-1.824 0.0474281 -0.0066639
-1.822 0.0458715 -0.0104466
-1.82 0.044236 -0.0150198
-1.818 0.0423459 -0.0196848
-1.816 0.0399283 -0.0236719
-1.814 0.0367317 -0.0262931
-1.812 0.032645 -0.0270836
-1.81 0.0277868 -0.0259002
-1.808 0.0225398 -0.0229544
-1.806 0.0175206 -0.0187709
-1.804 0.0134903 -0.0140779
-1.802 0.0112219 -0.00965378
-1.8 0.0113495 -0.00616352
-1.798 0.0142281 -0.00402105
-1.796 0.019829 -0.00330693
-1.794 0.0276967 -0.00375872
-1.792 0.0369822 -0.00483498
-1.79 0.0465575 -0.00583821
-1.788 0.0551967 -0.00607031
-1.786 0.0617931 -0.00498738
-1.784 0.0655665 -0.00232043
-1.782 0.0662155 0.00186469
-1.78 0.0639804 0.00718248
-1.778 0.0596003 0.0130165
-1.776 0.0541745 0.018662
-1.774 0.0489569 0.0234898
-1.772 0.0451207 0.0270917
-1.77 0.0435355 0.0293714
-1.768 0.0445923 0.0305573
-1.766 0.0481071 0.0311346
-1.764 0.053326 0.0317112
-1.762 0.0590386 0.0328504
-1.76 0.0637932 0.0349099
-1.758 0.0661785 0.037926
-1.756 0.0651221 0.0415709
-1.754 0.0601424 0.0451989
-1.752 0.0514996 0.0479743
-1.75 0.0402099 0.049057
-1.748 0.0279164 0.0478055
-1.746 0.0166383 0.0439483
-1.744 0.00844224 0.0376829
-1.742 0.00509014 0.0296715
-1.74 0.007719 0.0209282
-1.738 0.0166038 0.0126182
-1.736 0.0310425 0.00581044
-1.734 0.0493889 0.00123862
-1.732 0.0692355 -0.000873714
-1.73 0.0877273 -0.000882677
-1.728 0.101962 0.000332929
-1.726 0.109411 0.00154811
-1.724 0.108309 0.00145442
-1.722 0.0979277 -0.00104516
-1.72 0.0787274 -0.00657375
-1.718 0.0523348 -0.0151109
-1.716 0.0213709 -0.0259584
-1.714 -0.0108582 -0.0378542
-1.712 -0.0407628 -0.0492151
-1.71 -0.0649127 -0.058457
-1.708 -0.08046 -0.0643243
-1.706 -0.0854841 -0.0661539
-1.704 -0.0792141 -0.0640158
-1.702 -0.0621046 -0.0586959
-1.7 -0.035764 -0.0515217
-1.698 -0.00275755 -0.044066
-1.696 0.0336821 -0.0377914
-1.694 0.0699963 -0.033712
-1.692 0.102657 -0.0321526
-1.69 0.128502 -0.0326656
-1.688 0.145024 -0.0341313
-1.686 0.150581 -0.0350254
-1.684 0.144517 -0.0337961
-1.682 0.127185 -0.029265
-1.68 0.0998768 -0.0209565
-1.678 0.0646858 -0.00927864
-1.676 0.0243059 0.00449471
-1.674 -0.018192 0.0184435
-1.672 -0.0595948 0.0303846
-1.67 -0.0967726 0.0383415
-1.668 -0.12688 0.041003
-1.666 -0.147523 0.0380652
-1.664 -0.156885 0.030373
-1.662 -0.153816 0.0198134
-1.66 -0.137885 0.00896754
-1.658 -0.109403 0.000585927
-1.656 -0.0694331 -0.00300451
-1.654 -0.0197634 -0.00043029
-1.652 0.0371465 0.0083818
-1.65 0.0982664 0.0221229
-1.648 0.160146 0.0383093
-1.646 0.219113 0.0537409
-1.644 0.2715 0.0651244
-1.642 0.313889 0.0697388
-1.64 0.343356 0.0660133
-1.638 0.357693 0.0538963
-1.636 0.355611 0.0349295
-1.634 0.336887 0.0119949
-1.632 0.302441 -0.0112264
-1.63 0.254315 -0.0309803
-1.628 0.195536 -0.0441977
-1.626 0.129845 -0.0491197
-1.624 0.0613427 -0.0456483
-1.622 -0.00593264 -0.0353459
-1.62 -0.0684089 -0.0210823
-1.618 -0.123319 -0.00641096
-1.616 -0.168919 0.005187
-1.614 -0.20457 0.0110319
-1.612 -0.230662 0.00979814
-1.61 -0.248409 0.00178134
-1.608 -0.259543 -0.0111773
-1.606 -0.265939 -0.0260993
-1.604 -0.269245 -0.0395334
-1.602 -0.270565 -0.0483414
-1.6 -0.270256 -0.050431
-1.598 -0.267891 -0.045265
-1.596 -0.262393 -0.0340172
-1.594 -0.252338 -0.0193279
-1.592 -0.236352 -0.00470693
-1.59 -0.213528 0.00627928
-1.588 -0.183759 0.0108475
-1.586 -0.147914 0.00767378
-1.584 -0.107795 -0.00274651
-1.582 -0.0658839 -0.0181335
-1.58 -0.0249188 -0.0348511
-1.578 0.0126145 -0.048647
-1.576 0.044977 -0.0555559
-1.574 0.0715489 -0.0527809
-1.572 0.0929958 -0.0393602
-1.57 0.111176 -0.016465
-1.568 0.128777 0.0127533
-1.566 0.148735 0.043748
-1.564 0.173514 0.0714793
-1.562 0.204389 0.0914423
-1.56 0.240881 0.100599
-1.558 0.280473 0.098014
-1.556 0.318721 0.0850584
-1.554 0.349796 0.0651392
-1.552 0.367408 0.0430093
-1.55 0.365991 0.0237986
-1.548 0.341939 0.0119671
-1.546 0.294651 0.0103961
-1.544 0.227169 0.019807
-1.542 0.146225 0.0386293
-1.54 0.0616346 0.0633481
-1.538 -0.0149167 0.0892562
-1.536 -0.0715515 0.11145
-1.534 -0.0980827 0.12585
-1.532 -0.0878127 0.130033
-1.53 -0.0389412 0.12368
-1.528 0.0446861 0.108558
-1.526 0.153669 0.0880419
-1.524 0.274038 0.0662841
-1.522 0.389039 0.0472343
-1.52 0.481472 0.0337275
-1.518 0.536211 0.026852
-1.516 0.54252 0.0257398
-1.514 0.495756 0.0278204
-1.512 0.398186 0.0294809
-1.51 0.258775 0.0269784
-1.508 0.091971 0.0173982
-1.506 -0.084333 -0.00056674
-1.504 -0.251337 -0.0261995
-1.502 -0.391988 -0.0568129
-1.5 -0.493325 -0.0882763
-1.498 -0.548135 -0.115908
-1.496 -0.555664 -0.135543
-1.494 -0.52127 -0.144527
-1.492 -0.455114 -0.142405
-1.49 -0.370146 -0.131124
-1.488 -0.279776 -0.114691
-1.486 -0.195662 -0.0983361
-1.484 -0.125988 -0.0873777
-1.482 -0.0745225 -0.0860238
-1.48 -0.0405715 -0.0963864
-1.478 -0.0197847 -0.117922
-1.476 -0.00564346 -0.147428
-1.474 0.00867015 -0.17961
-1.472 0.0283853 -0.20811
-1.47 0.0556153 -0.226803
-1.468 0.0885189 -0.231092
-1.466 0.12135 -0.218927
-1.464 0.145413 -0.191317
-1.462 0.150749 -0.1522
-1.46 0.128199 -0.107689
-1.458 0.071415 -0.0648297
-1.456 -0.0215852 -0.0301589
-1.454 -0.147632 -0.0083555
-1.452 -0.298513 -0.00129417
-1.45 -0.461945 -0.00769494
-1.448 -0.623239 -0.0234409
-1.446 -0.767371 -0.0424959
-1.444 -0.881118 -0.0582303
-1.442 -0.954915 -0.0648806
-1.44 -0.984084 -0.0588345
-1.438 -0.969225 -0.0394638
-1.436 -0.91571 -0.009314
-1.434 -0.832365 0.0264082
-1.432 -0.72967 0.0609508
-1.43 -0.617843 0.0874968
-1.428 -0.505219 0.10068
-1.426 -0.397254 0.0977962
-1.424 -0.296291 0.0794315
-1.422 -0.2021 0.0493785
-1.42 -0.112992 0.013848
-1.418 -0.027255 -0.0198517
-1.416 0.055442 -0.0448948
-1.414 0.132988 -0.0564448
-1.412 0.200386 -0.0527651
-1.41 0.250088 -0.0356802
-1.408 0.273123 -0.0102634
-1.406 0.26087 0.01621
-1.404 0.207123 0.0358323
-1.402 0.110043 0.041821
-1.4 -0.0264782 0.0300744
-1.398 -0.192386 0.000175439
-1.396 -0.372145 -0.0443775
-1.394 -0.546475 -0.0967649
-1.392 -0.694913 -0.148137
-1.39 -0.798782 -0.18934
-1.388 -0.844096 -0.212722
-1.386 -0.823911 -0.213678
-1.384 -0.739714 -0.191592
-1.382 -0.60155 -0.150007
-1.38 -0.42682 -0.0959304
-1.378 -0.237866 -0.0384328
-1.376 -0.0587283 0.0132055
-1.374 0.088429 0.0513857
-1.372 0.186591 0.0717177
-1.37 0.226331 0.0738474
-1.368 0.207023 0.0614142
-1.366 0.136646 0.0411684
-1.364 0.0302992 0.0214609
-1.362 -0.0923159 0.0104443
-1.36 -0.209987 0.0143583
-1.358 -0.303165 0.0362417
-1.356 -0.356736 0.0753115
-1.354 -0.361966 0.127128
-1.352 -0.317363 0.184517
-1.35 -0.228347 0.239061
-1.348 -0.105855 0.282857
-1.346 0.035813 0.310165
-1.344 0.18149 0.318566
-1.342 0.317475 0.309392
-1.34 0.433299 0.287314
-1.338 0.522641 0.259212
-1.336 0.583337 0.232582
-1.334 0.61659 0.213847
-1.332 0.625671 0.206936
-1.33 0.614473 0.212433
-1.328 0.586252 0.227472
-1.326 0.542855 0.246392
-1.324 0.484562 0.262021
-1.322 0.410555 0.267322
-1.32 0.319842 0.257019
-1.318 0.212397 0.228873
-1.316 0.0902139 0.184287
-1.314 -0.0420157 0.128141
-1.312 -0.176808 0.0678603
-1.31 -0.304467 0.0119516
-1.308 -0.414299 -0.0316867
-1.306 -0.496272 -0.057322
-1.304 -0.54283 -0.0624954
-1.302 -0.550469 -0.0484612
-1.3 -0.520739 -0.0198717
-1.298 -0.460367 0.0162277
-1.296 -0.380387 0.0518885
-1.294 -0.294378 0.0799172
-1.292 -0.216098 0.095343
-1.29 -0.156981 0.0963752
-1.288 -0.12397 0.0846487
-1.286 -0.118129 0.0647247
-1.284 -0.134277 0.0429797
-1.282 -0.161729 0.0261442
-1.28 -0.186022 0.0198131
-1.278 -0.191379 0.0272352
-1.276 -0.163511 0.0486182
-1.274 -0.092345 0.0810802
-1.272 0.025816 0.119248
-1.27 0.187092 0.156381
-1.268 0.380067 0.185779
-1.266 0.587134 0.202171
-1.264 0.786931 0.202766
-1.262 0.957447 0.187748
-1.26 1.07922 0.160086
-1.258 1.13807 0.124745
-1.256 1.12692 0.0874853
-1.254 1.04652 0.0535289
-1.252 0.90496 0.026399
-1.25 0.716164 0.00717295
-1.248 0.497648 -0.00569813
-1.246 0.267863 -0.0159671
-1.244 0.0435984 -0.0286526
-1.242 -0.162147 -0.0487812
-1.24 -0.34146 -0.0800885
-1.238 -0.491796 -0.123982
-1.236 -0.615263 -0.179023
-1.234 -0.717134 -0.241048
-1.232 -0.80398 -0.303926
-1.23 -0.881831 -0.360746
-1.228 -0.954733 -0.405192
-1.226 -1.02392 -0.432798
-1.224 -1.08767 -0.44184
-1.222 -1.1418 -0.433681
-1.22 -1.18064 -0.41251
-1.218 -1.19826 -0.384506
-1.216 -1.18981 -0.356593
-1.214 -1.15251 -0.335011
-1.212 -1.0863 -0.324017
-1.21 -0.993873 -0.324988
-1.208 -0.880228 -0.336148
-1.206 -0.751815 -0.352975
-1.204 -0.615543 -0.369219
-1.202 -0.477901 -0.378271
-1.2 -0.344361 -0.374602
-1.198 -0.219183 -0.354963
-1.196 -0.105599 -0.319108
-1.194 -0.00627001 -0.269932
-1.192 0.0761333 -0.213002
-1.19 0.138432 -0.155566
-1.188 0.176701 -0.105221
-1.186 0.186439 -0.0684864
-1.184 0.163208 -0.0495456
-1.182 0.103666 -0.0494288
-1.18 0.00682285 -0.0658026
-1.178 -0.124791 -0.0934201
-1.176 -0.284337 -0.125133
-1.174 -0.460537 -0.153251
-1.172 -0.638346 -0.170966
-1.17 -0.800398 -0.173569
-1.168 -0.929067 -0.159241
-1.166 -1.00881 -0.129288
-1.164 -1.02845 -0.087811
-1.162 -0.98296 -0.0408825
-1.16 -0.8745 0.00459803
-1.158 -0.712445 0.0421549
-1.156 -0.512353 0.0668714
-1.154 -0.294021 0.0762176
-1.152 -0.0788904 0.0704367
-1.15 0.112793 0.0524358
-1.148 0.264636 0.0272112
-1.146 0.366172 0.00092384
-1.144 0.414041 -0.0202022
-1.142 0.412096 -0.0309559
-1.14 0.370425 -0.0280059
-1.138 0.303489 -0.0104198
-1.136 0.227671 0.0202267
-1.134 0.158719 0.0601389
-1.132 0.109477 0.10391
-1.13 0.0883163 0.145329
-1.128 0.0984453 0.17826
-1.126 0.138159 0.197483
-1.124 0.20186 0.199399
-1.122 0.281579 0.182517
-1.12 0.368648 0.147658
-1.118 0.455202 0.0978455
-1.116 0.535273 0.0378719
-1.114 0.605341 -0.0263796
-1.112 0.664292 -0.0887648
-1.11 0.712843 -0.143722
-1.108 0.752564 -0.187008
-1.106 0.784691 -0.216224
-1.104 0.809035 -0.231081
-1.102 0.823261 -0.233367
-1.1 0.822769 -0.226622
-1.098 0.801303 -0.215533
-1.096 0.752172 -0.205139
-1.094 0.669862 -0.199943
-1.092 0.551664 -0.203073
-1.09 0.398971 -0.215673
-1.088 0.21798 -0.236622
-1.086 0.0196915 -0.262668
-1.084 -0.180749 -0.288947
-1.082 -0.365266 -0.309799
-1.08 -0.51448 -0.319729
-1.078 -0.60962 -0.314368
-1.076 -0.634525 -0.291261
-1.074 -0.57754 -0.250353
-1.072 -0.433012 -0.194053
-1.07 -0.202177 -0.126849
-1.068 0.106721 -0.0545359
-1.066 0.479052 0.0167889
-1.064 0.895001 0.0817698
-1.062 1.33111 0.136672
-1.06 1.76192 0.17994
-1.058 2.16154 0.212334
-1.056 2.50513 0.23662
-1.054 2.77028 0.256867
-1.052 2.93842 0.277479
-1.05 2.99604 0.302149
-1.048 2.93582 0.33295
-1.046 2.75744 0.369786
-1.044 2.46792 0.410337
-1.042 2.08166 0.450522
-1.04 1.61997 0.48538
-1.038 1.11017 0.510136
-1.036 0.584348 0.521202
-1.034 0.0773683 0.516903
-1.032 -0.375541 0.497792
-1.03 -0.741807 0.466554
-1.028 -0.994736 0.427522
-1.026 -1.11653 0.385927
-1.024 -1.10062 0.346961
-1.022 -0.952867 0.314846
-1.02 -0.69149 0.292054
-1.018 -0.345605 0.2789
-1.016 0.0473966 0.273623
-1.014 0.445426 0.272973
-1.012 0.80591 0.27315
-1.01 1.09025 0.270832
-1.008 1.26804 0.263987
-1.006 1.3205 0.252271
-1.004 1.24271 0.236934
-1.002 1.0441 0.220307
-1 0.747341 0.205073
-0.998 0.38557 0.193496
-0.996 -0.00154509 0.186794
-0.994 -0.372441 0.18477
-0.992 -0.688428 0.185756
-0.99 -0.918055 0.186929
-0.988 -1.04058 0.184961
-0.986 -1.04817 0.176906
-0.984 -0.94654 0.161127
-0.982 -0.753929 0.137971
-0.98 -0.498584 0.109961
-0.978 -0.215048 0.0813823
-0.976 0.0601588 0.0573144
-0.974 0.292863 0.0423565
-0.972 0.455018 0.0393851
-0.97 0.52757 0.0486706
-0.968 0.502207 0.0675746
-0.966 0.381934 0.0908983
-0.964 0.180499 0.111818
-0.962 -0.0792174 0.123242
-0.96 -0.367661 0.119348
-0.958 -0.651603 0.0970389
-0.956 -0.897338 0.057003
-0.954 -1.07371 0.00410065
-0.952 -1.15471 -0.0531049
-0.95 -1.12143 -0.103702
-0.948 -0.963479 -0.136465
-0.946 -0.679793 -0.142174
-0.944 -0.278929 -0.115687
-0.942 0.221129 -0.0572896
-0.94 0.793783 0.0270182
-0.938 1.40531 0.126384
-0.936 2.01702 0.226956
-0.934 2.58801 0.314383
-0.932 3.07824 0.376495
-0.93 3.45184 0.405649
-0.928 3.68026 0.400276
-0.926 3.74527 0.365291
-0.924 3.64137 0.311209
-0.922 3.37729 0.25209
-0.92 2.97623 0.202675
-0.918 2.47444 0.175279
-0.916 1.91807 0.177154
-0.914 1.35857 0.208905
-0.912 0.846949 0.26434
-0.91 0.427883 0.331786
-0.908 0.134261 0.396546
-0.906 -0.016994 0.44397
-0.904 -0.0273223 0.462485
-0.902 0.0832346 0.445997
-0.9 0.2781 0.395185
-0.898 0.508457 0.317426
-0.896 0.7194 0.225362
-0.894 0.857264 0.134339
-0.892 0.877143 0.0592097
-0.89 0.749479 0.0111448
-0.888 0.464637 -0.00485167
-0.886 0.0347126 0.00887357
-0.884 -0.507758 0.0430625
-0.882 -1.11398 0.0835576
-0.88 -1.72534 0.11445
-0.878 -2.28126 0.121653
-0.876 -2.72728 0.0961093
-0.874 -3.02239 0.0359321
-0.872 -3.14452 -0.0529572
-0.87 -3.09341 -0.15782
-0.868 -2.89039 -0.261521
-0.866 -2.5751 -0.345917
-0.864 -2.19959 -0.39554
-0.862 -1.82069 -0.400857
-0.86 -1.49193 -0.360417
-0.858 -1.25609 -0.281399
-0.856 -1.13967 -0.178393
-0.854 -1.14989 -0.0705948
-0.852 -1.27454 0.0220119
-0.85 -1.48455 0.0826974
-0.848 -1.73887 0.101381
-0.846 -1.99078 0.0766482
-0.844 -2.19467 0.0159836
-0.842 -2.31245 -0.0658223
-0.84 -2.31842 -0.149723
-0.838 -2.20207 -0.216278
-0.836 -1.9684 -0.249532
-0.834 -1.63587 -0.240101
-0.832 -1.2326 -0.186874
-0.83 -0.791498 -0.0970141
-0.828 -0.345315 0.0157109
-0.826 0.077543 0.133879
-0.824 0.455955 0.240039
-0.822 0.777382 0.320243
-0.82 1.03752 0.366737
-0.818 1.23851 0.379237
-0.816 1.38615 0.36451
-0.814 1.48676 0.334412
-0.812 1.54428 0.302852
-0.81 1.55837 0.28242
-0.808 1.52378 0.281468
-0.806 1.43137 0.3023
-0.804 1.27048 0.340844
-0.802 1.03237 0.387826
-0.8 0.713895 0.431132
-0.798 0.320826 0.458806
-0.796 -0.129998 0.462023
-0.794 -0.610162 0.437406
-0.792 -1.08111 0.388127
-0.79 -1.49751 0.323489
-0.788 -1.81224 0.256964
-0.786 -1.98234 0.203065
-0.784 -1.97509 0.173781
-0.782 -1.77338 0.175448
-0.78 -1.3794 0.206899
-0.778 -0.816164 0.259377
-0.776 -0.126399 0.318258
-0.774 0.631088 0.366151
-0.772 1.38725 0.386625
-0.77 2.07016 0.367756
-0.768 2.61305 0.304766
-0.766 2.96199 0.20127
-0.764 3.08233 0.0688855
-0.762 2.96294 -0.0747789
-0.76 2.61767 -0.209464
-0.758 2.08363 -0.316326
-0.756 1.41652 -0.381883
-0.754 0.683522 -0.400905
-0.752 -0.0451909 -0.377523
-0.75 -0.705105 -0.324227
-0.748 -1.24492 -0.259003
-0.746 -1.63195 -0.201292
-0.744 -1.85471 -0.167741
-0.742 -1.92236 -0.168701
-0.74 -1.86139 -0.206177
-0.738 -1.70996 -0.273573
-0.736 -1.51096 -0.357232
-0.734 -1.30486 -0.43942
-0.732 -1.12343 -0.502223
-0.73 -0.985476 -0.531582
-0.728 -0.895091 -0.520631
-0.726 -0.842938 -0.471534
-0.724 -0.810086 -0.395281
-0.722 -0.773742 -0.309387
-0.72 -0.71374 -0.233986
-0.718 -0.618525 -0.187234
-0.716 -0.489459 -0.181118
-0.714 -0.342506 -0.218633
-0.712 -0.206827 -0.292942
-0.71 -0.120302 -0.388652
-0.708 -0.122623 -0.484934
-0.706 -0.24711 -0.559859
-0.704 -0.512769 -0.59511
-0.702 -0.918161 -0.580126
-0.7 -1.4384 -0.5148
-0.698 -2.02608 -0.410055
-0.696 -2.61615 -0.286032
-0.694 -3.13426 -0.168154
-0.692 -3.50724 -0.0818803
-0.69 -3.67413 -0.0472697
-0.688 -3.59606 -0.0745967
-0.686 -3.26335 -0.161951
-0.684 -2.69846 -0.295309
-0.682 -1.95416 -0.451028
-0.68 -1.10687 -0.600226
-0.678 -0.246037 -0.714226
-0.676 0.538956 -0.770021
-0.674 1.17212 -0.754738
-0.672 1.60226 -0.668186
-0.67 1.81039 -0.522936
-0.668 1.812 -0.341846
-0.666 1.65375 -0.1535
-0.664 1.40524 0.0134794
-0.662 1.14708 0.136025
-0.66 0.957481 0.200943
-0.658 0.899137 0.207071
-0.656 1.00889 0.164928
-0.654 1.29158 0.0940442
-0.652 1.71926 0.0186309
-0.65 2.2359 -0.0374981
-0.648 2.76681 -0.0557311
-0.646 3.23118 -0.0262696
-0.644 3.55558 0.0501444
-0.642 3.68619 0.16271
-0.64 3.5975 0.293126
-0.638 3.29621 0.419664
-0.636 2.81968 0.521846
-0.634 2.22935 0.584698
-0.632 1.6003 0.601684
-0.63 1.00891 0.575716
-0.628 0.520718 0.518085
-0.626 0.18072 0.445603
-0.624 0.00752585 0.376639
-0.622 -0.00760185 0.326907
-0.62 0.10302 0.305954
-0.618 0.291125 0.315081
-0.616 0.502432 0.347145
-0.614 0.686992 0.388233
-0.612 0.808064 0.420805
-0.61 0.847972 0.427617
-0.608 0.809988 0.395535
-0.606 0.716043 0.318465
-0.604 0.600839 0.198794
-0.602 0.503592 0.0470801
-0.6 0.459146 -0.119921
-0.598 0.490279 -0.282485
-0.596 0.602782 -0.421741
-0.594 0.784222 -0.523299
-0.592 1.00651 -0.579914
-0.59 1.23161 -0.59261
-0.588 1.41918 -0.570033
-0.586 1.53459 -0.526253
-0.584 1.55584 -0.477563
-0.582 1.47802 -0.439032
-0.58 1.31431 -0.421568
-0.578 1.09346 -0.430032
-0.576 0.85393 -0.462693
-0.574 0.636058 -0.512005
-0.572 0.473697 -0.566477
-0.57 0.387186 -0.613219
-0.568 0.379146 -0.640681
-0.566 0.433989 -0.641041
-0.564 0.521247 -0.61176
-0.562 0.601948 -0.555961
-0.56 0.636742 -0.481533
-0.558 0.594147 -0.399203
-0.556 0.457371 -0.320042
-0.554 0.228453 -0.253052
-0.552 -0.0710928 -0.203418
-0.55 -0.403311 -0.171783
-0.548 -0.720089 -0.154625
-0.546 -0.971629 -0.14554
-0.544 -1.11557 -0.137043
-0.542 -1.125 -0.122471
-0.54 -0.993821 -0.0975949
-0.538 -0.738297 -0.061634
-0.536 -0.394489 -0.0175108
-0.534 -0.0120948 0.0287047
-0.532 0.354098 0.0690381
-0.53 0.653469 0.0952845
-0.528 0.847798 0.100746
-0.526 0.917003 0.0816462
-0.524 0.861459 0.0379122
-0.522 0.700601 -0.0268147
-0.52 0.468245 -0.105892
-0.518 0.20562 -0.19091
-0.516 -0.0465129 -0.273158
-0.514 -0.255126 -0.345023
-0.512 -0.400217 -0.401058
-0.51 -0.477208 -0.43856
-0.508 -0.496112 -0.45757
-0.506 -0.477809 -0.460397
-0.504 -0.448361 -0.450803
-0.502 -0.432663 -0.433097
-0.5 -0.448887 -0.411364
-0.498 -0.504947 -0.388997
-0.496 -0.597731 -0.368531
-0.494 -0.715189 -0.351708
-0.492 -0.840668 -0.339582
-0.49 -0.958363 -0.332541
-0.488 -1.05851 -0.33019
-0.486 -1.14096 -0.331166
-0.484 -1.21628 -0.332972
-0.482 -1.30375 -0.331973
-0.48 -1.42681 -0.323608
-0.478 -1.60645 -0.302861
-0.476 -1.8541 -0.264966
-0.474 -2.16543 -0.206277
-0.472 -2.51657 -0.125181
-0.47 -2.864 -0.0229048
-0.468 -3.14868 0.0960065
-0.466 -3.30415 0.22374
-0.464 -3.26744 0.349945
-0.462 -2.99104 0.46314
-0.46 -2.45366 0.55257
-0.458 -1.66784 0.610158
-0.456 -0.68262 0.632128
-0.454 0.419391 0.619901
-0.452 1.53048 0.580017
-0.45 2.53087 0.523016
-0.448 3.30445 0.461427
-0.446 3.75511 0.407262
-0.444 3.82091 0.36952
-0.442 3.48407 0.352252
-0.44 2.77492 0.353627
-0.438 1.76913 0.366246
-0.436 0.578447 0.378667
-0.434 -0.663476 0.377873
-0.432 -1.81827 0.352184
-0.43 -2.76028 0.294007
-0.428 -3.3918 0.201838
-0.426 -3.65403 0.0810471
-0.424 -3.53237 -0.056789
-0.422 -3.05574 -0.19596
-0.42 -2.29031 -0.319743
-0.418 -1.32914 -0.413922
-0.416 -0.279275 -0.469945
-0.414 0.751522 -0.486941
-0.412 1.66663 -0.472114
-0.41 2.38969 -0.439309
-0.408 2.87003 -0.40602
-0.406 3.08433 -0.389441
-0.404 3.03483 -0.402427
-0.402 2.74494 -0.450267
-0.4 2.25335 -0.529004
-0.398 1.60788 -0.625728
-0.396 0.860189 -0.720858
-0.394 0.0619274 -0.792013
-0.392 -0.73747 -0.818767
-0.39 -1.49166 -0.787283
-0.388 -2.15771 -0.693853
-0.386 -2.6967 -0.546459
-0.384 -3.07507 -0.36391
-0.382 -3.26701 -0.172566
-0.38 -3.2575 -0.00126399
-0.378 -3.0454 0.124526
-0.376 -2.64583 0.188077
-0.374 -2.09115 0.185117
-0.372 -1.43021 0.125041
-0.37 -0.725351 0.0292903
-0.368 -0.0473126 -0.0728177
-0.366 0.531855 -0.150009
-0.364 0.947206 -0.175521
-0.362 1.14963 -0.132815
-0.36 1.11352 -0.01934
-0.358 0.841947 0.152438
-0.356 0.368175 0.357063
-0.354 -0.246996 0.560853
-0.352 -0.921911 0.728533
-0.35 -1.56385 0.830432
-0.348 -2.0806 0.848719
-0.346 -2.39224 0.781334
-0.344 -2.44172 0.642675
-0.342 -2.20278 0.460835
-0.34 -1.68428 0.271905
-0.338 -0.930284 0.112553
-0.336 -0.0156776 0.0124359
-0.334 0.962164 -0.0119603
-0.332 1.89469 0.0392062
-0.33 2.67495 0.149059
-0.328 3.21016 0.287371
-0.326 3.43232 0.416762
-0.324 3.30569 0.500526
-0.322 2.83028 0.510522
-0.32 2.04118 0.433458
-0.318 1.0041 0.274185
-0.316 -0.192136 0.055206
-0.314 -1.44536 -0.187573
-0.312 -2.65071 -0.412028
-0.31 -3.71116 -0.578437
-0.308 -4.54677 -0.657701
-0.306 -5.10168 -0.637434
-0.304 -5.34816 -0.52463
-0.302 -5.28749 -0.344392
-0.3 -4.94764 -0.135001
-0.298 -4.37813 0.0597142
-0.296 -3.64292 0.199205
-0.294 -2.81226 0.254484
-0.292 -1.95477 0.214174
-0.29 -1.13061 0.0870323
-0.288 -0.386587 -0.0996408
-0.286 0.24637 -0.305409
-0.284 0.753492 -0.484811
-0.282 1.13432 -0.596491
-0.28 1.39929 -0.611473
-0.278 1.56529 -0.518942
-0.276 1.65093 -0.328406
-0.274 1.67216 -0.0678703
-0.272 1.63895 0.221597
-0.27 1.5537 0.493823
-0.268 1.41163 0.70646
-0.266 1.2032 0.82911
-0.264 0.918162 0.848988
-0.262 0.550355 0.772966
-0.26 0.102378 0.625616
-0.258 -0.410938 0.443703
-0.256 -0.961024 0.268413
-0.254 -1.50648 0.136996
-0.252 -1.99648 0.0755861
-0.25 -2.37642 0.0945911
-0.248 -2.59503 0.18745
-0.246 -2.61209 0.332831
-0.244 -2.40547 0.499675
-0.242 -1.97614 0.653961
-0.24 -1.35025 0.76577
-0.238 -0.577704 0.815161
-0.236 0.272805 0.795689
-0.234 1.12151 0.714905
-0.232 1.887 0.591861
-0.23 2.49603 0.452298
-0.228 2.89233 0.322706
-0.226 3.04323 0.22461
-0.224 2.94327 0.170326
-0.222 2.61427 0.161023
-0.22 2.10175 0.187371
-0.218 1.4683 0.23251
-0.216 0.784696 0.276579
-0.214 0.120289 0.301746
-0.212 -0.465825 0.296527
-0.21 -0.931462 0.258388
-0.208 -1.25488 0.194017
-0.206 -1.43488 0.117244
-0.204 -1.48781 0.0451897
-0.202 -1.44231 -0.00634553
-0.2 -1.33293 -0.0270847
-0.198 -1.19387 -0.0150241
-0.196 -1.05373 0.0229183
-0.194 -0.932157 0.0724795
-0.192 -0.838701 0.115446
-0.19 -0.773765 0.134059
-0.188 -0.731399 0.11541
-0.186 -0.703079 0.054832
-0.184 -0.681555 -0.0425178
-0.182 -0.663784 -0.162316
-0.18 -0.652201 -0.283898
-0.178 -0.653996 -0.384706
-0.176 -0.678607 -0.445387
-0.174 -0.73407 -0.454396
-0.172 -0.823195 -0.410996
-0.17 -0.940643 -0.325875
-0.168 -1.07176 -0.219104
-0.166 -1.19368 -0.115792
-0.164 -1.2786 -0.0403711
-0.162 -1.29874 -0.0108385
-0.16 -1.23208 -0.0343171
-0.158 -1.06773 -0.105018
-0.156 -0.80978 -0.205137
-0.154 -0.478973 -0.308526
-0.152 -0.111415 -0.386358
-0.15 0.245575 -0.413534
-0.148 0.540105 -0.374445
-0.146 0.723897 -0.266849
-0.144 0.760668 -0.103016
-0.142 0.633136 0.0921785
-0.14 0.347178 0.285945
-0.138 -0.0678648 0.444222
-0.136 -0.562976 0.53894
-0.134 -1.07674 0.55435
-0.132 -1.5448 0.490899
-0.13 -1.90968 0.365678
-0.128 -2.12942 0.209169
-0.126 -2.18347 0.058943
-0.124 -2.07516 -0.0483627
-0.122 -1.83049 -0.08503
-0.12 -1.49335 -0.0385191
-0.118 -1.11806 0.0853012
-0.116 -0.760422 0.262622
-0.114 -0.468713 0.455828
-0.112 -0.276565 0.620583
-0.11 -0.198974 0.714594
-0.108 -0.232301 0.706364
-0.106 -0.358037 0.582135
-0.104 -0.549192 0.349477
-0.102 -0.777627 0.0366612
-0.1 -1.02052 -0.312214
-0.098 -1.26457 -0.645386
-0.096 -1.50717 -0.913238
-0.094 -1.7546 -1.07777
-0.092 -2.01762 -1.11978
-0.09 -2.30565 -1.04249
-0.088 -2.62067 -0.87075
-0.086 -2.95221 -0.64622
-0.084 -3.27494 -0.419321
-0.082 -3.54984 -0.239528
-0.08 -3.7292 -0.145901
-0.078 -3.76505 -0.159698
-0.076 -3.61916 -0.280539
-0.074 -3.27258 -0.486844
-0.072 -2.73246 -0.740393
-0.07 -2.03441 -0.99404
-0.068 -1.23977 -1.20097
-0.066 -0.427919 -1.32361
-0.064 0.315134 -1.34055
-0.062 0.909979 -1.24993
-0.06 1.29676 -1.06906
-0.058 1.44545 -0.830121
-0.056 1.3614 -0.573199
-0.054 1.08485 -0.338076
-0.052 0.683993 -0.156534
-0.05 0.242552 -0.0467545
-0.048 -0.155755 -0.0107993
-0.046 -0.44295 -0.0354888
-0.044 -0.579387 -0.0962444
-0.042 -0.560576 -0.162922
-0.04 -0.416722 -0.206362
-0.038 -0.204864 -0.204339
-0.036 0.00506189 -0.145792
-0.034 0.147764 -0.0325223
-0.032 0.180428 0.121932
-0.03 0.0972886 0.295973
-0.028 -0.0622788 0.465298
-0.026 -0.214317 0.608595
-0.024 -0.240138 0.712213
-0.022 -0.00433882 0.772713
-0.02 0.621779 0.796835
-0.018 1.73526 0.799097
-0.016 3.37931 0.797765
-0.014 5.5277 0.81023
-0.012 8.07884 0.848853
-0.01 10.8609 0.918125
-0.008 13.6483 1.01369
-0.006 16.1875 1.12341
-0.004 18.2295 1.23026
-0.002 19.5639 1.31651
0 20.0483 1.36809
0.002 19.6301 1.37806
0.004 18.3524 1.34819
0.006 16.3491 1.28798
0.008 13.8253 1.2118
0.01 11.028 1.13485
0.012 8.21356 1.06916
0.014 5.61495 1.02063
0.016 3.41457 0.987828
0.018 1.72569 0.962625
0.02 0.584835 0.932525
0.022 -0.0443603 0.884049
0.024 -0.256792 0.806457
0.026 -0.18384 0.694979
0.028 0.0323158 0.552791
0.03 0.263362 0.391108
0.032 0.414307 0.227167
0.034 0.434833 0.0804162
0.036 0.321401 -0.0322549
0.038 0.1107 -0.101028
0.04 -0.133619 -0.126239
0.042 -0.33809 -0.119167
0.044 -0.437236 -0.100221
0.046 -0.388814 -0.0948179
0.048 -0.183751 -0.127775
0.05 0.151007 -0.217423
0.052 0.557186 -0.370721
0.054 0.956282 -0.580505
0.056 1.26454 -0.825578
0.058 1.40855 -1.0738
0.06 1.33828 -1.28777
0.062 1.03531 -1.432
0.064 0.515145 -1.48029
0.066 -0.176013 -1.42155
0.068 -0.969212 -1.26301
0.07 -1.78372 -1.02974
0.072 -2.53927 -0.760617
0.074 -3.1676 -0.501372
0.076 -3.6214 -0.295893
0.078 -3.87919 -0.177669
0.08 -3.94526 -0.163028
0.082 -3.84511 -0.247653
0.084 -3.61761 -0.407156
0.086 -3.30611 -0.601652
0.088 -2.95055 -0.783463
0.09 -2.58222 -0.906418
0.092 -2.2217 -0.934914
0.094 -1.87975 -0.850957
0.096 -1.56013 -0.657812
0.098 -1.26342 -0.379531
0.1 -0.990788 -0.0564216
0.102 -0.747084 0.262663
0.104 -0.542434 0.52971
0.106 -0.39195 0.706714
0.108 -0.313249 0.772776
0.11 -0.322113 0.727683
0.112 -0.427228 0.591319
0.114 -0.625424 0.399123
0.116 -0.898868 0.194637
0.118 -1.21527 0.0207036
0.12 -1.53136 -0.0889156
0.122 -1.79899 -0.115887
0.124 -1.97274 -0.060435
0.126 -2.01752 0.0593114
0.128 -1.91475 0.211579
0.13 -1.66613 0.357942
0.132 -1.29418 0.461589
0.134 -0.839625 0.495117
0.136 -0.355727 0.446191
0.138 0.0994302 0.319857
0.14 0.471586 0.137125
0.142 0.718388 -0.0697826
0.144 0.815517 -0.264342
0.146 0.75976 -0.413289
0.148 0.568562 -0.493243
0.15 0.27625 -0.495098
0.152 -0.0722697 -0.425352
0.154 -0.429131 -0.304213
0.156 -0.751048 -0.160943
0.158 -1.00549 -0.0274986
0.16 -1.17446 0.0681726
0.162 -1.25546 0.107743
0.164 -1.25951 0.0858551
0.166 -1.2071 0.010569
0.168 -1.12279 -0.0990618
0.17 -1.02986 -0.217639
0.172 -0.946084 -0.319186
0.174 -0.881288 -0.382739
0.176 -0.837136 -0.396598
0.178 -0.808887 -0.360339
0.18 -0.788545 -0.284259
0.182 -0.768582 -0.186427
0.184 -0.745295 -0.0881343
0.186 -0.720961 -0.00883714
0.188 -0.704121 0.0381807
0.19 -0.707772 0.0484339
0.192 -0.745737 0.0266303
0.194 -0.827994 -0.0151221
0.196 -0.956061 -0.0607348
0.198 -1.11964 -0.0942954
0.2 -1.29546 -0.103967
0.202 -1.44885 -0.0847563
0.204 -1.53805 -0.0395313
0.206 -1.52068 0.0219263
0.208 -1.36136 0.0856557
0.21 -1.03928 0.137408
0.212 -0.554244 0.166757
0.214 0.0700018 0.170351
0.216 0.786032 0.153391
0.218 1.52698 0.128818
0.22 2.21435 0.114298
0.222 2.76824 0.127698
0.224 3.11843 0.182203
0.226 3.21454 0.282299
0.228 3.03357 0.421669
0.23 2.58372 0.583538
0.232 1.90404 0.743476
0.234 1.05995 0.874119
0.236 0.135248 0.950921
0.238 -0.77828 0.957743
0.24 -1.59231 0.891085
0.242 -2.23286 0.761885
0.244 -2.64894 0.594272
0.246 -2.81772 0.42129
0.248 -2.74528 0.278327
0.25 -2.46322 0.195604
0.252 -2.02172 0.191387
0.254 -1.48067 0.267458
0.256 -0.900497 0.407946
0.258 -0.334258 0.581849
0.26 0.178021 0.748808
0.262 0.612101 0.867007
0.264 0.959398 0.901648
0.266 1.22427 0.832293
0.268 1.41938 0.657588
0.27 1.56 0.396342
0.272 1.65839 0.0846154
0.274 1.71922 -0.230734
0.276 1.73703 -0.500849
0.278 1.69635 -0.684314
0.28 1.57424 -0.755303
0.282 1.34499 -0.708742
0.284 0.985935 -0.561377
0.286 0.483335 -0.348491
0.288 -0.162599 -0.11695
0.29 -0.934396 0.0840356
0.292 -1.79621 0.212581
0.294 -2.69513 0.242323
0.296 -3.56506 0.167559
0.298 -4.33265 0.0043089
0.3 -4.92496 -0.212917
0.302 -5.27771 -0.43802
0.304 -5.3433 -0.62254
0.306 -5.09736 -0.725362
0.308 -4.54305 -0.72093
0.31 -3.7124 -0.604311
0.312 -2.66458 -0.39207
0.314 -1.48113 -0.118837
0.316 -0.258637 0.169678
0.318 0.900477 0.425761
0.32 1.89806 0.608985
0.322 2.65038 0.693891
0.324 3.09701 0.674599
0.326 3.20764 0.565498
0.328 2.98559 0.397942
0.33 2.46776 0.213639
0.332 1.72074 0.056078
0.334 0.833474 -0.0382748
0.336 -0.0928073 -0.0472264
0.338 -0.956071 0.032908
0.34 -1.66515 0.186902
0.342 -2.15008 0.384059
0.344 -2.36981 0.584699
0.346 -2.31633 0.748264
0.348 -2.01472 0.841362
0.35 -1.51916 0.844142
0.352 -0.905259 0.753831
0.354 -0.260056 0.584873
0.356 0.329277 0.365733
0.358 0.786241 0.133061
0.36 1.05395 -0.0755864
0.362 1.10105 -0.229019
0.364 0.9239 -0.308219
0.366 0.545081 -0.309533
0.368 0.00873295 -0.244678
0.37 -0.626271 -0.137661
0.372 -1.29407 -0.0193904
0.374 -1.92937 0.0787975
0.376 -2.47376 0.131311
0.378 -2.88044 0.122959
0.38 -3.11689 0.0512944
0.382 -3.16565 -0.0736266
0.384 -3.02358 -0.231865
0.386 -2.69996 -0.397956
0.388 -2.21416 -0.546096
0.39 -1.59355 -0.65511
0.392 -0.871955 -0.712206
0.394 -0.0889986 -0.714825
0.396 0.710081 -0.670291
0.398 1.47468 -0.593475
0.4 2.14992 -0.503097
0.402 2.67937 -0.417548
0.404 3.00956 -0.351173
0.406 3.0962 -0.311771
0.408 2.91118 -0.299707
0.41 2.44915 -0.308656
0.412 1.73237 -0.327643
0.414 0.812529 -0.343866
0.416 -0.231175 -0.345654
0.418 -1.29816 -0.324946
0.42 -2.27633 -0.278811
0.422 -3.05466 -0.209736
0.424 -3.53721 -0.124693
0.426 -3.65636 -0.0332955
0.428 -3.38343 0.0545077
0.43 -2.73479 0.130634
0.432 -1.77218 0.190472
0.434 -0.596699 0.233553
0.436 0.66283 0.263172
0.438 1.86575 0.285126
0.44 2.87741 0.305904
0.442 3.58625 0.330823
0.444 3.91774 0.362553
0.446 3.84305 0.400392
0.448 3.38131 0.440438
0.45 2.59531 0.476582
0.452 1.58158 0.502007
0.454 0.45616 0.510795
0.456 -0.66143 0.499234
0.458 -1.66391 0.46656
0.46 -2.4692 0.415025
0.462 -3.02872 0.349342
0.464 -3.33011 0.275675
0.466 -3.39414 0.200404
0.468 -3.26683 0.128906
0.47 -3.00861 0.064613
0.472 -2.68276 0.00855212
0.474 -2.345 -0.040491
0.476 -2.03629 -0.085217
0.478 -1.77927 -0.128682
0.48 -1.57875 -0.173148
0.482 -1.42543 -0.219279
0.484 -1.30167 -0.265912
0.486 -1.18807 -0.310425
0.488 -1.06933 -0.349552
0.49 -0.938348 -0.380343
0.492 -0.797707 -0.400994
0.494 -0.658326 -0.41131
0.496 -0.53576 -0.412741
0.498 -0.445096 -0.408027
0.5 -0.395797 -0.400557
0.502 -0.387879 -0.393559
0.504 -0.410437 -0.389257
0.506 -0.442984 -0.388173
0.508 -0.45937 -0.388778
0.51 -0.433455 -0.387669
0.512 -0.345305 -0.380315
0.514 -0.186549 -0.36224
0.516 0.0362921 -0.33033
0.518 0.301317 -0.283896
0.52 0.573867 -0.22515
0.522 0.81193 -0.158935
0.524 0.973429 -0.0917873
0.526 1.02408 -0.0306027
0.528 0.944332 0.0187116
0.53 0.734038 0.0522584
0.532 0.413795 0.0686517
0.534 0.0226326 0.068949
0.536 -0.387717 0.0560988
0.538 -0.761011 0.0340613
0.54 -1.04571 0.00680539
0.542 -1.20355 -0.0226094
0.544 -1.21582 -0.0526699
0.546 -1.08617 -0.0836149
0.548 -0.839485 -0.117132
0.55 -0.516987 -0.155585
0.552 -0.168651 -0.200943
0.554 0.155629 -0.253714
0.556 0.414525 -0.312226
0.558 0.581935 -0.372511
0.56 0.650758 -0.428918
0.562 0.633192 -0.475328
0.564 0.557545 -0.506686
0.566 0.462121 -0.520444
0.568 0.387283 -0.517517
0.57 0.367217 -0.502451
0.572 0.423012 -0.482702
0.574 0.558508 -0.467146
0.576 0.759723 -0.464087
0.578 0.997942 -0.479197
0.58 1.23572 -0.513824
0.582 1.43445 -0.564068
0.584 1.56201 -0.620934
0.586 1.59883 -0.671628
0.588 1.54142 -0.701839
0.59 1.40267 -0.69859
0.592 1.20897 -0.653086
0.594 0.994772 -0.562917
0.596 0.795639 -0.433102
0.598 0.641122 -0.275661
0.6 0.548994 -0.107708
0.602 0.522033 0.0516027
0.604 0.548078 0.184706
0.606 0.603344 0.279073
0.608 0.658238 0.32976
0.61 0.684416 0.340454
0.612 0.661633 0.322735
0.614 0.583061 0.293613
0.616 0.458049 0.271815
0.618 0.311736 0.273597
0.62 0.181403 0.308989
0.622 0.110017 0.379323
0.624 0.137949 0.476592
0.626 0.294385 0.584821
0.628 0.590126 0.683196
0.63 1.01341 0.750345
0.632 1.5298 0.768919
0.634 2.08639 0.729526
0.636 2.61961 0.63319
0.638 3.06519 0.491731
0.64 3.36857 0.3259
0.642 3.49386 0.161522
0.644 3.4299 0.0243864
0.646 3.19239 -0.0650673
0.648 2.82173 -0.096115
0.65 2.37674 -0.0701703
0.652 1.92513 -0.000710804
0.654 1.5323 0.0892884
0.656 1.25026 0.171876
0.658 1.10862 0.219683
0.66 1.10932 0.211443
0.662 1.22612 0.13643
0.664 1.4089 -0.00303021
0.666 1.59208 -0.191499
0.668 1.7056 -0.402938
0.67 1.68673 -0.605403
0.672 1.4908 -0.767104
0.674 1.09908 -0.862583
0.676 0.522717 -0.877734
0.678 -0.198106 -0.812559
0.68 -0.999574 -0.681083
0.682 -1.80346 -0.508498
0.684 -2.52853 -0.326211
0.686 -3.10237 -0.165865
0.688 -3.47142 -0.0535279
0.69 -3.60799 -0.00514157
0.692 -3.51302 -0.0240002
0.694 -3.21452 -0.100668
0.696 -2.7623 -0.215289
0.698 -2.21983 -0.341831
0.7 -1.65478 -0.453441
0.702 -1.12953 -0.527853
0.704 -0.693256 -0.551727
0.706 -0.376552 -0.523021
0.708 -0.189457 -0.450887
0.71 -0.122951 -0.353202
0.712 -0.153446 -0.252356
0.714 -0.249218 -0.170299
0.716 -0.377434 -0.123958
0.718 -0.510384 -0.121976
0.72 -0.629845 -0.163366
0.722 -0.728934 -0.238247
0.724 -0.811361 -0.330403
0.726 -0.888465 -0.421019
0.728 -0.974735 -0.492791
0.73 -1.08273 -0.533513
0.732 -1.21837 -0.53842
0.734 -1.37755 -0.510813
0.736 -1.54469 -0.460868
0.738 -1.69367 -0.402933
0.74 -1.79114 -0.351959
0.742 -1.80169 -0.319888
0.744 -1.69397 -0.312832
0.746 -1.4469 -0.329671
0.748 -1.05464 -0.362349
0.75 -0.529524 -0.397799
0.752 0.0975943 -0.421004
0.754 0.779761 -0.4185
0.756 1.45878 -0.3815
0.758 2.07183 -0.307936
0.76 2.55891 -0.20299
0.762 2.87022 -0.0780359
0.764 2.97226 0.0517472
0.766 2.85215 0.170526
0.768 2.51934 0.265044
0.77 2.00474 0.327237
0.772 1.35708 0.355675
0.774 0.637374 0.35555
0.776 -0.0881759 0.337229
0.778 -0.755526 0.31369
0.78 -1.30961 0.297434
0.782 -1.70968 0.297583
0.784 -1.93256 0.317852
0.786 -1.97354 0.355854
0.788 -1.84515 0.403899
0.79 -1.57401 0.451054
0.792 -1.19647 0.485971
0.794 -0.753647 0.499767
0.796 -0.286428 0.488289
0.798 0.168813 0.453225
0.8 0.583367 0.401798
0.802 0.93776 0.345115
0.804 1.22165 0.295536
0.806 1.43223 0.263664
0.808 1.57162 0.255628
0.81 1.64402 0.271319
0.812 1.65317 0.30404
0.814 1.60096 0.341702
0.816 1.48713 0.369383
0.818 1.31019 0.372687
0.82 1.06913 0.341189
0.822 0.765394 0.271178
0.824 0.404765 0.167061
0.826 -0.00124924 0.0410292
0.828 -0.434849 -0.0889985
0.83 -0.872387 -0.202781
0.832 -1.28602 -0.281817
0.834 -1.64653 -0.31321
0.836 -1.92714 -0.292497
0.838 -2.10767 -0.224841
0.84 -2.17825 -0.12429
0.842 -2.14187 -0.0112547
0.844 -2.01498 0.091328
0.846 -1.82603 0.162391
0.848 -1.61205 0.186847
0.85 -1.41383 0.158611
0.852 -1.27035 0.0819008
0.854 -1.21317 -0.0294828
0.856 -1.26165 -0.154814
0.858 -1.41954 -0.270529
0.86 -1.67359 -0.354912
0.862 -1.99455 -0.392379
0.864 -2.34061 -0.376463
0.866 -2.66296 -0.310884
0.868 -2.91257 -0.208522
0.87 -3.04719 -0.0885967
0.872 -3.03742 0.0272961
0.874 -2.87095 0.119462
0.876 -2.55434 0.173872
0.878 -2.1122 0.18474
0.88 -1.58401 0.155446
0.882 -1.01894 0.097646
0.884 -0.469545 0.0287022
0.886 0.0150582 -0.0320523
0.888 0.395495 -0.0674467
0.89 0.647105 -0.0660959
0.892 0.76284 -0.0247096
0.894 0.753684 0.0514116
0.896 0.646615 0.149744
0.898 0.480524 0.253378
0.9 0.300793 0.344629
0.902 0.153337 0.408608
0.904 0.0788847 0.436079
0.906 0.108107 0.425088
0.908 0.258103 0.381161
0.91 0.530555 0.316054
0.912 0.911733 0.245303
0.914 1.37432 0.185028
0.916 1.88075 0.148606
0.918 2.38768 0.143901
0.92 2.85073 0.171662
0.922 3.22902 0.225451
0.924 3.48894 0.293113
0.926 3.60683 0.359417
0.928 3.57058 0.409234
0.93 3.38015 0.430534
0.932 3.04731 0.416594
0.934 2.59438 0.367076
0.936 2.0523 0.287868
0.938 1.45801 0.189837
0.94 0.851403 0.0867623
0.942 0.272138 -0.00717142
0.944 -0.243418 -0.079864
0.946 -0.664844 -0.123338
0.948 -0.969792 -0.134935
0.95 -1.14556 -0.117431
0.952 -1.19001 -0.0780874
0.954 -1.11184 -0.026866
0.956 -0.929884 0.025734
0.958 -0.671584 0.070698
0.96 -0.370475 0.101943
0.962 -0.0629988 0.116957
0.964 0.215044 0.116638
0.966 0.432032 0.104517
0.968 0.563691 0.0856481
0.97 0.595605 0.0654169
0.972 0.524818 0.0485001
0.974 0.360332 0.0381218
0.976 0.122365 0.0357095
0.978 -0.159685 0.0409786
0.98 -0.450445 0.0524015
0.982 -0.712639 0.0679246
0.984 -0.911541 0.0857243
0.986 -1.0192 0.104766
0.988 -1.01789 0.124985
0.99 -0.902282 0.147043
0.992 -0.680253 0.171753
0.994 -0.372165 0.199428
0.996 -0.00878608 0.229366
0.998 0.371969 0.259688
1 0.729187 0.287571
1.002 1.02358 0.309822
1.004 1.22207 0.323639
1.006 1.30169 0.327378
1.008 1.2523 0.32115
1.01 1.07787 0.3071
1.012 0.795937 0.289278
1.014 0.435685 0.273089
1.016 0.0347861 0.264349
1.018 -0.364542 0.268094
1.02 -0.719814 0.287399
1.022 -0.992496 0.322474
1.024 -1.15175 0.370322
1.026 -1.17735 0.425077
1.028 -1.06143 0.478969
1.03 -0.808906 0.523729
1.032 -0.436556 0.552111
1.034 0.0290409 0.55924
1.036 0.554395 0.543513
1.038 1.10237 0.506879
1.04 1.63542 0.454486
1.042 2.11857 0.393729
1.044 2.52181 0.332898
1.046 2.82195 0.27963
1.048 3.00379 0.23947
1.05 3.06057 0.214792
1.052 2.99386 0.20435
1.054 2.81278 0.203542
1.056 2.53291 0.205352
1.058 2.1749 0.201781
1.06 1.76295 0.185485
1.062 1.32325 0.15129
1.064 0.882426 0.0973195
1.066 0.46592 0.0254982
1.068 0.0964881 -0.0586494
1.07 -0.207245 -0.146866
1.072 -0.432014 -0.229536
1.074 -0.570808 -0.297311
1.076 -0.623298 -0.342718
1.078 -0.595669 -0.361452
1.08 -0.499825 -0.353139
1.082 -0.352009 -0.321423
1.084 -0.170963 -0.273365
1.086 0.024113 -0.218243
1.088 0.21556 -0.16599
1.09 0.388937 -0.125514
1.092 0.534155 -0.103214
1.094 0.645966 -0.101925
1.096 0.723755 -0.120476
1.098 0.770725 -0.153921
1.1 0.792621 -0.194401
1.102 0.796199 -0.232468
1.104 0.787708 -0.258677
1.106 0.771641 -0.265165
1.108 0.750023 -0.246985
1.11 0.722372 -0.202989
1.112 0.686351 -0.136114
1.114 0.638949 -0.0530294
1.116 0.577897 0.0368008
1.118 0.502972 0.122509
1.12 0.416867 0.19345
1.122 0.325399 0.240823
1.124 0.236991 0.259024
1.126 0.161475 0.246532
1.128 0.108424 0.20618
1.13 0.0852709 0.14477
1.132 0.0955485 0.0720777
1.134 0.137604 -0.0006074
1.136 0.204101 -0.0622053
1.138 0.2825 -0.103566
1.14 0.356546 -0.11892
1.142 0.408563 -0.106814
1.144 0.422191 -0.0703581
1.146 0.385094 -0.0167237
1.148 0.291178 0.0440324
1.15 0.141933 0.100634
1.152 -0.0533478 0.142474
1.154 -0.278495 0.16141
1.156 -0.512434 0.153167
1.158 -0.731892 0.118104
1.16 -0.914476 0.0611815
1.162 -1.04166 -0.00887396
1.164 -1.10124 -0.0810823
1.166 -1.08882 -0.144149
1.168 -1.00819 -0.188484
1.17 -0.870496 -0.207934
1.172 -0.692352 -0.200908
1.174 -0.49344 -0.170693
1.176 -0.293825 -0.124877
1.178 -0.111538 -0.0740191
1.18 0.0392961 -0.0297603
1.182 0.149539 -0.00273763
1.184 0.215279 -0.000646727
1.186 0.237288 -0.0268179
1.188 0.219898 -0.0795774
1.19 0.169573 -0.152533
1.192 0.0934816 -0.235744
1.194 -0.00163099 -0.317565
1.196 -0.110113 -0.386797
1.198 -0.227567 -0.434739
1.2 -0.3506 -0.45673
1.202 -0.476332 -0.452902
1.204 -0.601872 -0.428
1.206 -0.723905 -0.390347
1.208 -0.838534 -0.350156
1.21 -0.941396 -0.317501
1.212 -1.02807 -0.300343
1.214 -1.09468 -0.302957
1.216 -1.13855 -0.325089
1.218 -1.15877 -0.362003
1.22 -1.15638 -0.405433
1.222 -1.13413 -0.445239
1.224 -1.09581 -0.471434
1.226 -1.04525 -0.476154
1.228 -0.985242 -0.455167
1.23 -0.916701 -0.408617
1.232 -0.838339 -0.340888
1.234 -0.746893 -0.25965
1.236 -0.637925 -0.17434
1.238 -0.507025 -0.0943915
1.24 -0.351197 -0.0275733
1.242 -0.170164 0.0212792
1.244 0.0326352 0.0509085
1.246 0.249561 0.0635673
1.248 0.468966 0.0642638
1.25 0.676136 0.0594874
1.252 0.854942 0.0556897
1.254 0.990016 0.0578533
1.256 1.06909 0.068471
1.258 1.08511 0.0871538
1.26 1.03757 0.110936
1.262 0.932971 0.135169
1.264 0.783991 0.154748
1.266 0.607765 0.165373
1.268 0.423384 0.164537
1.27 0.249149 0.152067
1.272 0.100016 0.130113
1.274 -0.0143347 0.10264
1.276 -0.0905174 0.0745261
1.278 -0.131412 0.050468
1.28 -0.145129 0.0339224
1.282 -0.143162 0.026335
1.284 -0.138072 0.0268527
1.286 -0.14109 0.0326065
1.288 -0.160077 0.0395122
1.29 -0.198193 0.043391
1.292 -0.253507 0.0411258
1.294 -0.319596 0.0315534
1.296 -0.386969 0.015863
1.298 -0.445004 -0.00259315
1.3 -0.483965 -0.0190174
1.302 -0.496708 -0.0282285
1.304 -0.47974 -0.0258255
1.306 -0.433507 -0.0092105
1.308 -0.361925 0.0217329
1.31 -0.271333 0.0644529
1.312 -0.169143 0.114101
1.314 -0.0624732 0.164426
1.316 0.0429544 0.20902
1.318 0.143449 0.242663
1.32 0.237412 0.262436
1.322 0.324821 0.268322
1.324 0.40627 0.26315
1.326 0.481795 0.251862
1.328 0.549813 0.240296
1.33 0.606505 0.233775
1.332 0.645865 0.23584
1.334 0.660524 0.247397
1.336 0.643229 0.266453
1.338 0.588682 0.288488
1.34 0.495335 0.30738
1.342 0.366703 0.316725
1.344 0.21184 0.311292
1.346 0.0447971 0.288316
1.348 -0.116941 0.248323
1.35 -0.254816 0.195277
1.352 -0.35202 0.135951
1.354 -0.396303 0.0786387
1.356 -0.382294 0.031451
1.358 -0.312877 0.000596087
1.36 -0.199324 -0.0109735
1.362 -0.0600515 -0.00423513
1.364 0.0818538 0.0160562
1.366 0.201992 0.0423128
1.368 0.278363 0.0656534
1.37 0.29482 0.0777257
1.372 0.243715 0.0724526
1.374 0.127267 0.0473529
1.376 -0.0425586 0.00416324
1.378 -0.245681 -0.051382
1.38 -0.456789 -0.110594
1.382 -0.649049 -0.163503
1.384 -0.798046 -0.200832
1.386 -0.885324 -0.215862
1.388 -0.900952 -0.205797
1.39 -0.844691 -0.172342
1.392 -0.725642 -0.121372
1.394 -0.560456 -0.0617804
1.396 -0.370513 -0.00372964
1.398 -0.178573 0.0433167
1.4 -0.00549603 0.0723927
1.402 0.132469 0.0802989
1.404 0.225425 0.0680939
1.406 0.270405 0.0407252
1.408 0.270802 0.00588679
1.41 0.234806 -0.0276494
1.412 0.173222 -0.0518791
1.414 0.0970911 -0.0612025
1.416 0.015586 -0.053516
1.418 -0.0654106 -0.0305405
1.42 -0.14381 0.00266274
1.422 -0.220853 0.0388673
1.424 -0.299846 0.0702769
1.426 -0.384442 0.0901935
1.428 -0.476871 0.0944043
1.43 -0.576562 0.0820026
1.432 -0.679442 0.0554864
1.434 -0.778075 0.0201324
1.436 -0.862614 -0.0172036
1.438 -0.922365 -0.0495937
1.44 -0.947675 -0.0715264
1.442 -0.931787 -0.0800571
1.444 -0.872303 -0.0753815
1.446 -0.771968 -0.060715
1.448 -0.638597 -0.0415193
1.45 -0.484137 -0.0242529
1.452 -0.322996 -0.0149291
1.454 -0.169955 -0.017796
1.456 -0.0380089 -0.0344214
1.458 0.0634479 -0.0633701
1.46 0.129774 -0.100526
1.462 0.161363 -0.139973
1.464 0.16303 -0.175241
1.466 0.142653 -0.200645
1.468 0.109352 -0.212438
1.47 0.0716087 -0.209539
1.472 0.0356653 -0.193689
1.474 0.00452851 -0.168994
1.476 -0.022265 -0.140975
1.478 -0.0480951 -0.115343
1.48 -0.0780481 -0.0967769
1.482 -0.117302 -0.0879904
1.484 -0.16944 -0.0892709
1.486 -0.235037 -0.0985742
1.488 -0.310847 -0.112116
1.49 -0.389768 -0.125305
1.492 -0.461652 -0.133787
1.494 -0.514827 -0.134399
1.496 -0.538062 -0.125805
1.498 -0.522627 -0.108729
1.5 -0.464061 -0.0857084
1.502 -0.363321 -0.0604482
1.504 -0.227108 -0.0369011
1.506 -0.0672684 -0.0183019
1.508 0.100628 -0.00638601
1.51 0.25936 -0.000991865
1.512 0.392435 -0.000147732
1.514 0.486427 -0.000617931
1.516 0.532872 0.00123432
1.518 0.529434 0.00848582
1.52 0.480123 0.0228278
1.522 0.394569 0.0440675
1.524 0.286483 0.070067
1.526 0.171592 0.0971301
1.528 0.0653878 0.120757
1.53 -0.0189393 0.136612
1.532 -0.0721144 0.141506
1.534 -0.0897291 0.134182
1.536 -0.072448 0.115716
1.538 -0.0254886 0.0894284
1.54 0.0425087 0.0602957
1.542 0.121018 0.0339686
1.544 0.199305 0.015612
1.546 0.267967 0.00881391
1.548 0.320093 0.0148085
1.55 0.351877 0.0321802
1.552 0.362668 0.0571151
1.554 0.354521 0.0841472
1.556 0.331409 0.107245
1.558 0.298272 0.121018
1.56 0.2601 0.121799
1.562 0.221165 0.108382
1.564 0.184507 0.082269
1.566 0.151715 0.0473625
1.568 0.122989 0.00918113
1.57 0.0974458 -0.0262485
1.572 0.0735756 -0.0535821
1.574 0.0497436 -0.0691806
1.576 0.0246275 -0.0717609
1.578 -0.00249733 -0.0625532
1.58 -0.0316636 -0.0449528
1.582 -0.0622969 -0.0237511
1.584 -0.0934253 -0.00411331
1.586 -0.12394 0.00948527
1.588 -0.152833 0.0141505
1.59 -0.179364 0.00910773
1.592 -0.203126 -0.00421616
1.594 -0.224004 -0.0225775
1.596 -0.242061 -0.0416785
1.598 -0.257371 -0.057137
1.6 -0.269852 -0.0654502
1.602 -0.279123 -0.0647388
1.604 -0.284442 -0.0551158
1.606 -0.284718 -0.0386116
1.608 -0.278623 -0.0186884
1.61 -0.264787 0.000535141
1.612 -0.242035 0.0151775
1.614 -0.209633 0.0224153
1.616 -0.167505 0.0210668
1.618 -0.116379 0.0118251
1.62 -0.0578206 -0.00290288
1.622 0.00583804 -0.0195131
1.624 0.0716703 -0.0339672
1.626 0.136401 -0.0426411
1.628 0.196679 -0.0430788
1.63 0.249344 -0.0344954
1.632 0.291654 -0.0179222
1.634 0.321478 0.00402593
1.636 0.337417 0.0277066
1.638 0.33888 0.0491992
1.64 0.326096 0.0650845
1.642 0.300069 0.0730901
1.644 0.26249 0.0724764
1.646 0.215616 0.064098
1.648 0.16213 0.0501464
1.65 0.104998 0.0336444
1.652 0.0473251 0.0178058
1.654 -0.0077896 0.00539798
1.656 -0.0574041 -0.00176738
1.658 -0.0988827 -0.00311969
1.66 -0.130043 0.000654629
1.662 -0.14929 0.00785325
1.664 -0.155727 0.0161919
1.666 -0.149238 0.0233288
1.668 -0.130528 0.027364
1.67 -0.101126 0.0272061
1.672 -0.0633375 0.0227369
1.674 -0.0201306 0.0147489
1.676 0.0250395 0.00468504
1.678 0.0684806 -0.00574625
1.68 0.106566 -0.0149846
1.682 0.136059 -0.0219611
1.684 0.154427 -0.0262988
1.686 0.160106 -0.0283333
1.688 0.152682 -0.0289621
1.69 0.132972 -0.0293678
1.692 0.102988 -0.0306852
1.694 0.0657804 -0.0336931
1.696 0.0251537 -0.0385998
1.698 -0.0147085 -0.044973
1.7 -0.0496895 -0.051826
1.702 -0.0762032 -0.0578403
1.704 -0.0916144 -0.061672
1.706 -0.0945559 -0.0622712
1.708 -0.0850911 -0.0591379
1.71 -0.0646947 -0.0524551
1.712 -0.0360529 -0.0430678
1.714 -0.00271041 -0.0323117
1.716 0.0313853 -0.0217339
1.718 0.0623837 -0.0127669
1.72 0.0870092 -0.00643226
1.722 0.102958 -0.00313652
1.724 0.109163 -0.0026041
1.726 0.105885 -0.00395906
1.728 0.0946207 -0.00593463
1.73 0.0778321 -0.00716241
1.732 0.0585398 -0.0064764
1.734 0.039846 -0.00316592
1.736 0.0244673 0.00287623
1.738 0.0143541 0.0111395
1.74 0.0104555 0.0206149
1.742 0.0126581 0.0300173
1.744 0.0198976 0.038061
1.746 0.0304116 0.0437269
1.748 0.0420835 0.0464642
1.75 0.0528188 0.0462857
1.752 0.0608932 0.0437397
1.754 0.0652216 0.0397672
1.756 0.0655048 0.03548
1.758 0.0622312 0.0319091
1.76 0.0565359 0.0297805
1.762 0.0499446 0.0293663
1.764 0.0440546 0.0304448
1.766 0.040218 0.0323732
1.768 0.0392879 0.0342544
1.77 0.0414752 0.0351546
1.772 0.0463334 0.034323
1.774 0.0528667 0.0313626
1.776 0.0597318 0.0263195
1.778 0.0654924 0.019673
1.78 0.068882 0.0122322
1.782 0.0690303 0.00496369
1.784 0.0656144 -0.00121261
1.786 0.0589123 -0.00561503
1.788 0.0497449 -0.00793794
1.79 0.0393223 -0.00830674
1.792 0.0290224 -0.00723888
1.794 0.0201489 -0.00552092
1.796 0.0137157 -0.00403008
1.798 0.0102991 -0.00354113
1.8 0.00997854 -0.00456122
1.802 0.0123716 -0.00722718
1.804 0.0167466 -0.0112847
1.806 0.0221869 -0.0161499
1.808 0.0277739 -0.0210381
1.81 0.0327536 -0.0251298
1.812 0.0366577 -0.0277394
1.814 0.0393567 -0.0284516
1.816 0.0410357 -0.0271967
1.818 0.0421007 -0.0242533
1.82 0.0430375 -0.0201784
1.822 0.0442563 -0.0156838
1.824 0.0459572 -0.0114859
1.826 0.0480487 -0.00816218
1.828 0.0501339 -0.00604505
1.83 0.0515693 -0.00517219
1.832 0.0515829 -0.00530189
1.834 0.0494304 -0.00598506
1.836 0.0445598 -0.00667579
1.838 0.0367534 -0.00685555
1.84 0.0262203 -0.0061446
1.842 0.0136184 -0.00437837
1.844 -2.6016e-06 -0.00163435
1.846 -0.0133319 0.00179344
1.848 -0.0249817 0.00546432
1.85 -0.0336947 0.0088878
1.852 -0.0385372 0.0116255
1.854 -0.0390463 0.0133765
1.856 -0.0353038 0.0140282
1.858 -0.0279273 0.0136665
1.86 -0.0179798 0.0125428
1.862 -0.00681476 0.0110116
1.864 0.00411936 0.00945119
1.866 0.0134824 0.00818515
1.868 0.0202226 0.00742205
1.87 0.0237061 0.00722265
1.872 0.0237767 0.00750071
1.874 0.0207412 0.00805443
1.876 0.015286 0.00861977
1.878 0.00834408 0.00893276
1.88 0.000936147 0.00878678
1.882 -0.00598608 0.00807326
1.884 -0.0116697 0.0067986
1.886 -0.0156458 0.00507594
1.888 -0.0177602 0.00309595
1.89 -0.0181511 0.00108474
1.892 -0.0171824 -0.000741228
1.894 -0.0153492 -0.00221405
1.896 -0.013174 -0.00323985
1.898 -0.0111135 -0.00380696
1.9 -0.00949091 -0.00397666
1.902 -0.00846219 -0.00386012
1.904 -0.0080184 -0.00358795
1.906 -0.00801815 -0.00328005
1.908 -0.00824002 -0.00302253
1.91 -0.00844286 -0.00285613
1.912 -0.00842162 -0.00277682
1.914 -0.00804899 -0.00274679
1.916 -0.00729637 -0.00271136
1.918 -0.00623194 -0.00261694
1.92 -0.00499826 -0.00242586
1.922 -0.00377569 -0.00212511
1.924 -0.0027406 -0.0017278
1.926 -0.00202771 -0.00126819
1.928 -0.00170419 -0.000792065
1.93 -0.00176002 -0.000345194
1.932 -0.00211494 3.69466e-05
1.934 -0.00263873 0.000335935
1.936 -0.00317945 0.000552129
1.938 -0.00359305 0.000701428
1.94 -0.00376884 0.000808388
1.942 -0.00364639 0.000897936
1.944 -0.00322182 0.000988054
1.946 -0.00254328 0.00108536
1.948 -0.00169739 0.00118443
1.95 -0.000790088 0.00127069
1.952 7.39336e-05 0.00132561
1.954 0.000808935 0.00133269
1.956 0.0013598 0.00128245
1.958 0.00170607 0.00117534
1.96 0.00185879 0.00102188
1.962 0.001852 0.000840267
1.964 0.00173172 0.000652283
1.966 0.00154512 0.000478536
1.968 0.00133217 0.000334413
1.97 0.0011209 0.000227617
1.972 0.000926424 0.000157794
1.974 0.000753088 0.000118095
1.976 0.000598509 9.80523e-05
1.978 0.000458082 8.68468e-05
1.98 0.000328677 7.60672e-05
1.982 0.000210625 6.12916e-05
1.984 0.000107728 4.2244e-05
1.986 2.56189e-05 2.17042e-05
1.988 -3.07431e-05 3.68958e-06
1.99 -5.94585e-05 -8.42345e-06
1.992 -6.31263e-05 -1.32341e-05
1.994 -4.88439e-05 -1.17395e-05
1.996 -2.67602e-05 -6.80514e-06
1.998 -7.61491e-06 -1.95951e-06
0.5 0.0128694 0.00424562
1 0.00860988 -0.00104261
1.5 0.00232626 -0.00780002
2 -0.00568446 -0.0131047
2.5 -0.014065 -0.013251
3 -0.01652 -0.00431099
3.5 0.00160681 0.0169127
4 0.0616397 0.0515711
4.5 0.182218 0.0974207
5 0.365224 0.148058
5.5 0.585232 0.193375
6 0.791449 0.22152
6.5 0.925486 0.221958
7 0.948767 0.188688
7.5 0.865782 0.122419
8 0.729175 0.0309427
8.5 0.620969 -0.0723684
9 0.617068 -0.171294
9.5 0.751914 -0.249844
10 1.00102 -0.294995
10.5 1.29 -0.298832
11 1.52522 -0.260141
11.5 1.63032 -0.185384
12 1.5718 -0.0886372
12.5 1.36404 0.0101517
13 1.05588 0.0890062
13.5 0.709324 0.129457
14 0.382107 0.122351
14.5 0.119875 0.0718295
15 -0.04366 -0.00446898
15.5 -0.0849482 -0.0798119
16 0.00759048 -0.126487
16.5 0.227867 -0.125118
17 0.546838 -0.0718667
17.5 0.913062 0.0193944
18 1.26164 0.121177
18.5 1.5296 0.20174
19 1.67239 0.236578
19.5 1.67604 0.217791
20 1.56098 0.157572
20.5 1.37657 0.084053
21 1.18731 0.030665
21.5 1.05344 0.0228898
22 1.01095 0.0676584
22.5 1.05751 0.149919
23 1.15129 0.238191
23.5 1.22602 0.297197
24 1.21907 0.302514
24.5 1.10186 0.251058
25 0.898149 0.162746
25.5 0.679367 0.0724358
26 0.536584 0.0155288
26.5 0.54058 0.0135037
27 0.708894 0.0657542
27.5 0.996289 0.151203
28 1.31389 0.23864
28.5 1.56796 0.300687
29 1.69947 0.324771
29.5 1.70602 0.316135
30 1.63666 0.292056
30.5 1.56403 0.270773
31 1.54821 0.261121
31.5 1.60934 0.258143
32 1.72004 0.246622
32.5 1.819 0.210283
33 1.83773 0.141619
33.5 1.7284 0.0473177
34 1.48186 -0.0531911
34.5 1.13038 -0.134928
35 0.736149 -0.176547
35.5 0.371588 -0.167307
36 0.0995776 -0.109375
36.5 -0.0395974 -0.0155104
37 -0.0318099 0.0958209
37.5 0.115051 0.205498
38 0.377902 0.297446
38.5 0.722926 0.360749
39 1.10576 0.390648
39.5 1.47013 0.388735
40 1.7504 0.362148
40.5 1.88247 0.321376
41 1.82242 0.276845
41.5 1.56586 0.235363
42 1.15803 0.198058
42.5 0.686878 0.160972
43 0.259342 0.118239
43.5 -0.0307527 0.066352
44 -0.129567 0.00748001
44.5 -0.0339096 -0.0496782
45 0.217215 -0.0917505
45.5 0.563533 -0.104378
46 0.944962 -0.0764667
46.5 1.31336 -0.00402275
47 1.63177 0.107063
47.5 1.86658 0.239967
48 1.98235 0.368668
48.5 1.94636 0.463361
49 1.7429 0.499249
49.5 1.38946 0.466198
50 0.944223 0.375033
50.5 0.497463 0.256413
51 0.147554 0.151116
51.5 -0.0294393 0.0949857
52 -0.00386968 0.105212
52.5 0.19982 0.174666
53 0.514423 0.277132
53.5 0.854406 0.380418
54 1.14254 0.460065
54.5 1.32852 0.50642
55 1.39477 0.522288
55.5 1.35138 0.514453
56 1.22643 0.48601
56.5 1.05762 0.43523
57 0.887163 0.361471
57.5 0.757797 0.272977
58 0.705851 0.18946
58.5 0.750182 0.135566
59 0.880541 0.127811
59.5 1.05267 0.162809
60 1.19656 0.214929
60.5 1.23859 0.246346
61 1.12993 0.224944
61.5 0.868902 0.140464
62 0.505405 0.00997971
62.5 0.12384 -0.130237
63 -0.188655 -0.241767
63.5 -0.374085 -0.300746
64 -0.420806 -0.305819
64.5 -0.35887 -0.274456
65 -0.237729 -0.231126
65.5 -0.099382 -0.19448
66 0.0385084 -0.169932
66.5 0.181602 -0.150089
67 0.342714 -0.121121
67.5 0.521842 -0.0708897
68 0.695361 0.00497104
68.5 0.82145 0.100823
69 0.858976 0.202485
69.5 0.789216 0.291248
70 0.628287 0.349201
70.5 0.423614 0.364616
71 0.236613 0.335925
71.5 0.120792 0.27268
72 0.105776 0.192497
72.5 0.193204 0.114604
73 0.363238 0.0524972
73.5 0.585207 0.00918868
74 0.825581 -0.0224205
74.5 1.05059 -0.0540053
75 1.22607 -0.0939438
75.5 1.31949 -0.141337
76 1.30722 -0.18524
76.5 1.18475 -0.209634
77 0.973589 -0.201595
77.5 0.718231 -0.158422
78 0.471719 -0.0901328
78.5 0.275406 -0.0161078
79 0.143286 0.042414
79.5 0.0601518 0.0704941
80 -0.00423398 0.0647403
80.5 -0.0720285 0.0336464
81 -0.138356 -0.00672301
81.5 -0.16844 -0.0395777
82 -0.114487 -0.0538708
82.5 0.0551969 -0.0479415
83 0.330211 -0.0292238
83.5 0.6505 -0.0105046
84 0.924057 -0.00444587
84.5 1.06389 -0.0185395
85 1.02767 -0.0522795
85.5 0.840906 -0.0973557
86 0.591053 -0.140549
86.5 0.393685 -0.168159
87 0.344694 -0.170465
87.5 0.479538 -0.144885
88 0.757511 -0.0969662
88.5 1.07776 -0.0389703
89 1.31975 0.0136286
89.5 1.39058 0.046791
90 1.25967 0.052354
90.5 0.967821 0.0307762
91 0.609552 -0.00892367
91.5 0.297911 -0.0522141
92 0.1267 -0.0840923
92.5 0.14329 -0.0942215
93 0.339077 -0.0801502
93.5 0.657288 -0.0474098
94 1.01281 -0.00666714
94.5 1.31699 0.0306289
95 1.50096 0.0561702
95.5 1.53251 0.0668036
96 1.42264 0.0642519
96.5 1.21976 0.0532273
97 0.992067 0.0391342
97.5 0.803084 0.0263634
98 0.688896 0.017557
98.5 0.64637 0.0136415
99 0.637923 0.0141984
99.5 0.610976 0.0178693
100 0.523017 0.0227507
100.5 0.36017 0.0268603
101 0.140702 0.0286769
101.5 -0.0967914 0.0275914
102 -0.312394 0.0240409
102.5 -0.47956 0.0192205
103 -0.58771 0.0145011
103.5 -0.633473 0.0108572
104 -0.609049 0.00858909
104.5 -0.498099 0.00743508
105 -0.284252 0.00693719
105.5 0.0319265 0.00680028
106 0.418718 0.00703496
106.5 0.813039 0.00784002
107 1.13801 0.00934198
107.5 1.33144 0.0113741
108 1.37112 0.013427
108.5 1.28347 0.0147938
109 1.1308 0.0148344
109.5 0.983749 0.0132389
110 0.893495 0.0101871
110.5 0.877459 0.00634314
111 0.924316 0.00268774
111.5 1.01264 0.000236289
112 1.13016 -0.000266536
112.5 1.2809 0.00142155
113 1.47565 0.00495643
113.5 1.71193 0.00949184
114 1.95692 0.0138944
114.5 2.14654 0.0170155
115 2.20505 0.0179457
115.5 2.07796 0.0162028
116 1.76217 0.0118328
116.5 1.31676 0.00541833
117 0.846256 -0.00201407
117.5 0.462066 -0.00918589
118 0.239059 -0.0148366
118.5 0.187916 -0.0180116
119 0.256614 -0.0182854
119.5 0.360171 -0.0158457
120 0.42361 -0.0114126
120.5 0.416627 -0.00602733
121 0.363096 -0.000786599
121.5 0.321987 0.00339524
122 0.351099 0.00594307
122.5 0.473314 0.00668072
123 0.662554 0.00580282
123.5 0.855213 0.00377824
124 0.979244 0.001208
124.5 0.984956 -0.00133149
125 0.862724 -0.00342012
125.5 0.641647 -0.00486221
126 0.373643 -0.0056747
126.5 0.11357 -0.00601327
127 -0.0950079 -0.00608041
127.5 -0.224768 -0.00605731
128 -0.262907 -0.00607279
128.5 -0.207999 -0.00618979
129 -0.0689121 -0.00638273
129.5 0.134508 -0.00650502
130 0.371654 -0.00628463
130.5 0.604491 -0.00539803
131 0.793844 -0.0036351
131.5 0.906573 -0.00109528
132 0.921738 0.00170239
132.5 0.835323 0.0039031
133 0.663987 0.00461128
133.5 0.44716 0.00328604
134 0.244506 4.00149e-05
134.5 0.125057 -0.00433519
135 0.147291 -0.00866274
135.5 0.335525 -0.0118645
136 0.6635 -0.0133912
136.5 1.05617 -0.0133732
137 1.4136 -0.0124169
137.5 1.64929 -0.0111731
138 1.72564 -0.00993104
138.5 1.66856 -0.00848129
139 1.55221 -0.00632454
139.5 1.46043 -0.00309752
140 1.44378 0.00105179
140.5 1.49418 0.00538625
141 1.54942 0.00887511
141.5 1.52469 0.0107155
142 1.35404 0.0107863
142.5 1.02094 0.00976207
143 0.564297 0.0087963
143.5 0.0598616 0.00892711
144 -0.410728 0.0105225
144.5 -0.786883 0.0130695
145 -1.04053 0.0154245
145.5 -1.17102 0.0163823
146 -1.19144 0.0152466
146.5 -1.1173 0.0120956
147 -0.964374 0.00763313
147.5 -0.754846 0.00277217
148 -0.524634 -0.00174428
148.5 -0.323417 -0.00543876
149 -0.203562 -0.00789674
149.5 -0.20115 -0.00850424
150 -0.317997 -0.00644409
150.5 -0.514289 -0.00109241
151 -0.716979 0.00737916
151.5 -0.841706 0.0176483
152 -0.819671 0.0275417
152.5 -0.618957 0.0350118
153 -0.2528 0.0392946
153.5 0.226391 0.0414672
154 0.742649 0.0438346
154.5 1.21455 0.0482558
155 1.57023 0.0542933
155.5 1.75752 0.0584234
156 1.75059 0.0551375
156.5 1.55466 0.0397339
157 1.20795 0.011485
157.5 0.777815 -0.0246176
158 0.347861 -0.0588023
158.5 -0.0031352 -0.0800415
159 -0.224302 -0.0806035
159.5 -0.308122 -0.0593835
160 -0.290216 -0.0222979
160.5 -0.2322 0.0204631
161 -0.194789 0.0588714
161.5 -0.213577 0.0868855
162 -0.288581 0.103798
162.5 -0.391251 0.11271
163 -0.483389 0.117338
163.5 -0.536616 0.119216
164 -0.542002 0.116932
164.5 -0.506198 0.107692
165 -0.438724 0.0900691
165.5 -0.339841 0.0660972
166 -0.197289 0.041302
166.5 0.00583676 0.0225581
167 0.276718 0.01494
167.5 0.600313 0.0193199
168 0.936043 0.0320096
168.5 1.22614 0.0465788
169 1.41261 0.0568121
169.5 1.45633 0.0592478
170 1.35111 0.0541069
170.5 1.12798 0.0443867
171 0.847967 0.0338639
171.5 0.585247 0.0251972
172 0.405234 0.019061
172.5 0.344389 0.0145207
173 0.398718 0.0101557
173.5 0.525831 0.00512911
174 0.660842 -0.000380411
174.5 0.740685 -0.00547046
175 0.727248 -0.00916481
175.5 0.619665 -0.0109322
176 0.450708 -0.0107951
176.5 0.269642 -0.00909597
177 0.12027 -0.00621264
177.5 0.0247662 -0.00247754
178 -0.0198201 0.00167197
178.5 -0.0326369 0.00550931
179 -0.0343852 0.00804362
179.5 -0.0358181 0.00833778
180 -0.0352049 0.00596769
180.5 -0.0245229 0.00133849
181 0.00108805 -0.00436066
181.5 0.0374056 -0.00956986
182 0.072533 -0.0129401
182.5 0.0943092 -0.0138148
183 0.098526 -0.0124307
183.5 0.0924361 -0.00981482
184 0.0912155 -0.00745873
184.5 0.109517 -0.00686769
185 0.153201 -0.00905158
185.5 0.21605 -0.0140393
186 0.28318 -0.020573
186.5 0.338872 -0.0262013
187 0.374182 -0.0279214
187.5 0.390071 -0.0232834
188 0.394624 -0.0115634
188.5 0.396445 0.0055599
189 0.398399 0.0242598
189.5 0.395525 0.0397702
190 0.378402 0.0480817
190.5 0.339994 0.0473797
191 0.282005 0.0385944
191.5 0.216965 0.0248718
192 0.164687 0.010289
192.5 0.144808 -0.00156524
193 0.169232 -0.00858647
193.5 0.238147 -0.0104874
194 0.341141 -0.00857803
194.5 0.462057 -0.00526689
195 0.584385 -0.00349388
195.5 0.694271 -0.0061342
196 0.780275 -0.0153154
196.5 0.831456 -0.0316597
197 0.836532 -0.0536499
197.5 0.78598 -0.0774657
198 0.676645 -0.0976098
198.5 0.51627 -0.108398
199 0.324816 -0.106009
199.5 0.130945 -0.0904496
200 -0.0353896 -0.0666032
200.5 -0.151159 -0.0437024
201 -0.205854 -0.0329916
201.5 -0.202428 -0.044054
202 -0.153862 -0.0809588
202.5 -0.0774683 -0.139754
203 0.010423 -0.208599
203.5 0.0974959 -0.27094
204 0.175644 -0.310831
204.5 0.239058 -0.318435
205 0.28169 -0.293436
205.5 0.295796 -0.244842
206 0.272873 -0.187278
206.5 0.207341 -0.135413
207 0.101816 -0.0990103
207.5 -0.028635 -0.0806214
208 -0.156383 -0.0765239
208.5 -0.247154 -0.0798994
209 -0.270957 -0.0843379
209.5 -0.213754 -0.0859742
210 -0.0840729 -0.0836543
210.5 0.0895786 -0.0777404
211 0.270202 -0.0687635
211.5 0.427358 -0.0568635
212 0.548002 -0.0421338
212.5 0.63726 -0.0252655
213 0.708927 -0.0077357
213.5 0.771563 0.00875758
214 0.818888 0.0232469
214.5 0.83079 0.0361149
215 0.784864 0.0488561
215.5 0.6719 0.0630352
216 0.505942 0.0790406
216.5 0.322433 0.0953703
217 0.164658 0.108867
217.5 0.0653519 0.115776
218 0.0330812 0.113086
218.5 0.0503081 0.0995593
219 0.0837821 0.0760679
219.5 0.101577 0.0452609
220 0.0881732 0.0107841
220.5 0.0506235 -0.0236214
221 0.013683 -0.0549019
221.5 0.00709302 -0.0812195
222 0.0513332 -0.102172
222.5 0.148096 -0.118687
223 0.279041 -0.132601
223.5 0.412655 -0.145918
224 0.51593 -0.159828
224.5 0.566023 -0.173618
225 0.557472 -0.183809
225.5 0.502454 -0.184077
226 0.424388 -0.166481
226.5 0.347793 -0.124226
227 0.288786 -0.055376
227.5 0.250211 0.0339803
228 0.223197 0.129021
228.5 0.19391 0.20932
229 0.151877 0.255512
229.5 0.095682 0.257137
230 0.0334859 0.218017
230.5 -0.0214071 0.156005
231 -0.0571697 0.096413
231.5 -0.0686949 0.0616636
232 -0.0590406 0.0620719
232.5 -0.0369522 0.0924384
233 -0.0123652 0.136303
233.5 0.00753149 0.175595
234 0.0199289 0.200372
234.5 0.0255977 0.213237
235 0.0268342 0.226046
235.5 0.0256593 0.250934
236 0.0231483 0.291045
236.5 0.0197969 0.336491
237 0.0161964 0.368045
237.5 0.0133167 0.366598
238 0.0121894 0.32314
238.5 0.013307 0.243839
239 0.0162384 0.147654
239.5 0.0197548 0.0580272
240 0.022385 -0.00677431
240.5 0.0230574 -0.0398623
241 0.0214845 -0.0459875
241.5 0.0181491 -0.0367392
242 0.0139797 -0.0239565
242.5 0.00993244 -0.0148899
243 0.00667074 -0.0109883
243.5 0.00443798 -0.00987376
244 0.00311167 -0.00851101
244.5 0.0023703 -0.00549332
245 0.00188655 -0.00146669
245.5 0.0014702 0.00192767
246 0.0011114 0.0034533
246.5 0.000919186 0.00302238
247 0.000999856 0.00149899
247.5 0.00135108 -3.74898e-05
248 0.00183583 -0.000938399
248.5 0.00224838 -0.00115928
249 0.00242467 -0.00100683
249.5 0.00232281 -0.000774517
250 0.00202478 -0.000553494
250.5 0.00166774 -0.000284719
251 0.0013585 8.16145e-05
251.5 0.00112788 0.000491809
252 0.000944355 0.000825238
252.5 0.000762016 0.000997807
253 0.000560298 0.00102477
253.5 0.00035055 0.000992902
254 0.000156866 0.000980315
254.5 -3.12219e-06 0.00100101
255 -0.000120109 0.00101683
255.5 -0.000182699 0.000994212
256 -0.000173298 0.000947558
256.5 -8.11677e-05 0.000931175
257 7.65276e-05 0.000991879
257.5 0.000247036 0.0011276
258 0.000360773 0.0012873
258.5 0.000367664 0.00140862
259 0.000265939 0.00145831
259.5 0.000102235 0.00144325
260 -5.69409e-05 0.00138873
260.5 -0.000161586 0.00130942
261 -0.000198013 0.00120081
261.5 -0.000182904 0.00105671
262 -0.000142601 0.000893349
262.5 -9.70004e-05 0.000754592
263 -5.85652e-05 0.00069033
263.5 -4.06095e-05 0.000723644
264 -6.04452e-05 0.000832406
264.5 -0.000129399 0.000959324
265 -0.000236509 0.00104261
265.5 -0.000341831 0.00104558
266 -0.000389972 0.000967213
266.5 -0.000338719 0.000831978
267 -0.000184545 0.000671083
267.5 3.27108e-05 0.000509184
268 0.000249785 0.000361625
268.5 0.000411801 0.0002375
269 0.000496242 0.000141582
269.5 0.000516204 7.34059e-05
270 0.000504422 2.73939e-05
270.5 0.000490698 -2.44408e-06
271 0.000486522 -1.53748e-05
271.5 0.000483318 -1.16702e-06
272 0.000461622 5.35203e-05
272.5 0.000403853 0.000152493
273 0.000304219 0.000280627
273.5 0.000172781 0.000406309
274 3.34243e-05 0.000495767
274.5 -8.32695e-05 0.000530096
275 -0.00015033 0.000513294
275.5 -0.000154451 0.000466272
276 -0.000101358 0.000411993
276.5 -1.34441e-05 0.000362765
277 7.94707e-05 0.000317757
277.5 0.000151348 0.000270283
278 0.000187258 0.000217226
278.5 0.000184096 0.000162799
279 0.000146797 0.000114764
279.5 8.47094e-05 7.77879e-05
280 1.10504e-05 5.03602e-05
280.5 -5.58954e-05 2.77865e-05
281 -9.39759e-05 8.18894e-06
281.5 -8.34818e-05 -3.95557e-06
282 -1.66658e-05 2.6184e-07
282.5 9.52615e-05 2.8512e-05
283 0.000223026 8.23174e-05
283.5 0.000328908 0.000156222
284 0.00038065 0.000240745
284.5 0.000363001 0.000326132
285 0.000282303 0.000404219
285.5 0.000163592 0.000468194
286 4.26518e-05 0.000512069
286.5 -4.41048e-05 0.000531478
287 -6.99238e-05 0.000525525
287.5 -2.63102e-05 0.000497897
288 7.28976e-05 0.000455844
288.5 0.000195134 0.00040746
289 0.000301161 0.000359115
289.5 0.000361551 0.000314565
290 0.000369585 0.000275569
290.5 0.000343038 0.000242573
291 0.000313177 0.000214401
291.5 0.00030708 0.000187472
292 0.000333676 0.000156188
292.5 0.000381486 0.00011538
293 0.000428348 6.3726e-05
293.5 0.000455947 5.60355e-06
294 0.000459762 -5.03987e-05
294.5 0.000449274 -9.55746e-05
295 0.000440206 -0.000124859
295.5 0.000445194 -0.000137467
296 0.000468691 -0.000134202
296.5 0.0005076 -0.000114173
297 0.000554968 -7.43275e-05
297.5 0.000603116 -1.29637e-05
298 0.000644706 6.5187e-05
298.5 0.000672814 0.00014658
299 0.000681761 0.000212019
299.5 0.000668965 0.000244361
300 0.0006364 0.000236439
300.5 0.000590108 0.000194478
301 0.000537879 0.000135124
301.5 0.000486803 7.80387e-05
302 0.000442318 3.828e-05
302.5 0.000408694 2.20525e-05
303 0.00038924 2.68326e-05
303.5 0.000384873 4.44767e-05
304 0.000391743 6.51297e-05
304.5 0.000400566 8.05192e-05
305 0.0003999 8.63136e-05
305.5 0.000382651 8.35713e-05
306 0.000351769 7.89228e-05
306.5 0.000320403 8.28503e-05
307 0.00030485 0.00010598
307.5 0.000313683 0.000154516
308 0.000339824 0.000226826
308.5 0.000361415 0.00031295
309 0.00035231 0.000397395
309.5 0.000297087 0.000463948
310 0.000202406 0.000500436
310.5 9.81852e-05 0.000501726
311 2.73082e-05 0.000470337
311.5 2.83533e-05 0.00041505
312 0.000119049 0.000348345
312.5 0.000287623 0.000283426
313 0.000495591 0.000231468
313.5 0.000690762 0.000199632
314 0.00082527 0.000190284
314.5 0.000871649 0.00020149
315 0.00083089 0.000228332
315.5 0.000729719 0.000264301
316 0.000608775 0.000302202
316.5 0.000507126 0.000334629
317 0.0004498 0.000354576
317.5 0.000443085 0.000356644
318 0.000478222 0.000338663
318.5 0.000540094 0.00030289
319 0.000615686 0.000255864
319.5 0.000698273 0.000206695
320 0.000786368 0.000164465
320.5 0.000879415 0.000135889
321 0.000973356 0.000124062
321.5 0.00105852 0.000128355
322 0.00112054 0.000144957
322.5 0.00114369 0.000167655
323 0.00111543 0.000188846
323.5 0.00103072 0.000201044
324 0.000895095 0.000198833
324.5 0.000724852 0.000180607
325 0.0005439 0.000149151
325.5 0.000377528 0.000110552
326 0.000245167 7.19542e-05
326.5 0.000155074 3.93679e-05
327 0.000103285 1.66658e-05
327.5 7.72545e-05 5.9278e-06
328 6.23587e-05 8.29976e-06
328.5 4.81663e-05 2.42545e-05
329 3.18241e-05 5.28389e-05
329.5 1.75716e-05 9.05503e-05
330 1.32701e-05 0.000131019
330.5 2.59197e-05 0.000166227
331 5.81708e-05 0.00018891
331.5 0.000107108 0.000194942
332 0.00016558 0.000184484
332.5 0.000225385 0.000161517
333 0.000280836 0.000132235
333.5 0.000330979 0.000103231
334 0.00037919 8.00482e-05
334.5 0.000430189 6.62015e-05
335 0.000486097 6.25264e-05
335.5 0.000543912 6.69172e-05
336 0.000596141 7.48019e-05
336.5 0.000634347 8.05905e-05
337 0.000653423 7.97719e-05
337.5 0.000653809 7.07408e-05
338 0.000640322 5.53642e-05
338.5 0.000618601 3.79339e-05
339 0.000591873 2.30915e-05
339.5 0.000560359 1.3885e-05
340 0.00052355 1.09173e-05
340.5 0.000483355 1.27604e-05
341 0.000445457 1.70494e-05
341.5 0.000417656 2.14637e-05
342 0.000406289 2.41838e-05
342.5 0.000413251 2.39658e-05
343 0.000435608 2.02209e-05
343.5 0.000467758 1.32796e-05
344 0.000504247 4.64478e-06
344.5 0.000541068 -3.11928e-06
345 0.000574656 -7.00276e-06
345.5 0.000599784 -4.4384e-06
346 0.000608486 5.96204e-06
346.5 0.000591446 2.41026e-05
347 0.000541542 4.84909e-05
347.5 0.00045774 7.64893e-05
348 0.000347242 0.000104583
348.5 0.00022472 0.000128745
349 0.000108948 0.000145069
349.5 1.81516e-05 0.000150661
350 -3.42959e-05 0.000144495
350.5 -4.25747e-05 0.000127775
351 -8.9145e-06 0.000103571
351.5 5.80144e-05 7.588e-05
352 0.000146073 4.85812e-05
352.5 0.000242798 2.47263e-05
353 0.000337522 6.30394e-06
353.5 0.000421846 -5.70769e-06
354 0.000488777 -1.12541e-05
354.5 0.000531651 -1.1162e-05
355 0.000544005 -7.00058e-06
355.5 0.000520865 -6.87887e-07
356 0.0004609 6.1095e-06
356.5 0.000368244 1.24957e-05
357 0.000253001 1.84691e-05
357.5 0.000130096 2.45711e-05
358 1.68235e-05 3.13012e-05
358.5 -7.03409e-05 3.86797e-05
359 -0.000119146 4.61894e-05
359.5 -0.000124618 5.30238e-05
360 -9.08112e-05 5.83547e-05
360.5 -3.007e-05 6.13826e-05
361 4.084e-05 6.11718e-05
361.5 0.000106868 5.65012e-05
362 0.000160457 4.59824e-05
362.5 0.00020375 2.85263e-05
363 0.000245433 3.99383e-06
363.5 0.0002935 -2.62679e-05
364 0.000348043 -5.92891e-05
364.5 0.000398763 -9.08871e-05
365 0.000429405 -0.000116593
365.5 0.000427128 -0.000132868
366 0.000391428 -0.000138208
366.5 0.000337001 -0.000133638
367 0.000288194 -0.000122239
367.5 0.000267549 -0.000107736
368 0.000284473 -9.27309e-05
368.5 0.000330175 -7.7496e-05
369 0.000381656 -6.01196e-05
369.5 0.000412734 -3.80771e-05
370 0.000406514 -1.04431e-05
370.5 0.000363169 2.05603e-05
371 0.000299491 4.97196e-05
371.5 0.000240764 7.07909e-05
372 0.000209065 7.92877e-05
372.5 0.000213526 7.45905e-05
373 0.000246858 6.02327e-05
373.5 0.000289427 4.22558e-05
374 0.000318696 2.65956e-05
374.5 0.000319544 1.69222e-05
375 0.000290718 1.39733e-05
375.5 0.000244628 1.6471e-05
376 0.000200819 2.27983e-05
376.5 0.000176423 3.22569e-05
377 0.000178161 4.51041e-05
377.5 0.000199575 6.14161e-05
378 0.000224561 7.9639e-05
378.5 0.000235295 9.59859e-05
379 0.000220728 0.000105419
379.5 0.000181834 0.000104002
380 0.000131477 9.1451e-05
380.5 8.92588e-05 7.23051e-05
381 7.37468e-05 5.46966e-05
381.5 9.53429e-05 4.69492e-05
382 0.000152462 5.36068e-05
382.5 0.000232187 7.30634e-05
383 0.000314813 9.828e-05
383.5 0.000380379 0.000120378
384 0.00041486 0.000133156
384.5 0.000414096 0.000135893
385 0.000384496 0.000132749
385.5 0.000340614 0.000129108
386 0.000300464 0.000127179
386.5 0.000279876 0.000123715
387 0.000287308 0.000111453
387.5 0.000320576 8.35728e-05
388 0.000366719 3.85272e-05
388.5 0.000405604 -1.77214e-05
389 0.000416654 -7.35066e-05
389.5 0.000386617 -0.000116381
390 0.000315295 -0.000138447
390.5 0.00021646 -0.000139236
391 0.000113011 -0.000124813
391.5 2.81647e-05 -0.00010391
392 -2.34953e-05 -8.34384e-05
392.5 -4.09722e-05 -6.5782e-05
393 -3.56781e-05 -4.90118e-05
393.5 -2.50343e-05 -2.94332e-05
394 -2.42568e-05 -4.71109e-06
394.5 -4.02431e-05 2.42245e-05
395 -6.98788e-05 5.33366e-05
395.5 -0.000102538 7.72824e-05
396 -0.000124649 9.15993e-05
396.5 -0.00012391 9.40266e-05
397 -9.18866e-05 8.44419e-05
397.5 -2.51383e-05 6.38261e-05
398 7.42395e-05 3.3233e-05
398.5 0.0001982 -6.39049e-06
399 0.000332846 -5.33813e-05
399.5 0.000459914 -0.000104176
400 0.000560065 -0.000152777
400.5 0.000617311 -0.000191579
401 0.000623019 -0.000213451
401.5 0.000577839 -0.000214143
402 0.000490839 -0.000193831
402.5 0.000376378 -0.000156964
403 0.000250211 -0.000110518
403.5 0.000126351 -6.15394e-05
404 1.54575e-05 -1.51459e-05
404.5 -7.54393e-05 2.62135e-05
405 -0.000142726 6.22076e-05
405.5 -0.000186215 9.33709e-05
406 -0.000209457 0.000119935
406.5 -0.000219719 0.000141245
407 -0.000226806 0.000155801
407.5 -0.000240427 0.000161664
408 -0.000266807 0.000156961
408.5 -0.00030607 0.000140449
409 -0.000351908 0.000112238
409.5 -0.000394054 7.46771e-05
410 -0.000422589 3.30991e-05
410.5 -0.000431997 -4.17194e-06
411 -0.000422958 -2.71168e-05
411.5 -0.000401104 -2.67191e-05
412 -0.000373686 1.6063e-06
412.5 -0.00034616 5.51984e-05
413 -0.000320473 0.000123436
413.5 -0.000295507 0.000189991
414 -0.000268781 0.000237674
414.5 -0.000237991 0.000254226
415 -0.000201662 0.000236702
415.5 -0.000159272 0.000192522
416 -0.000111779 0.000136667
416.5 -6.28656e-05 8.62284e-05
417 -2.00337e-05 5.47039e-05
417.5 6.06948e-06 4.83977e-05
418 5.04717e-06 6.60286e-05
418.5 -2.79858e-05 0.000100985
419 -8.79153e-05 0.000144501
419.5 -0.000158861 0.000188015
420 -0.000218413 0.00022402
420.5 -0.000245414 0.000245957
421 -0.000227714 0.000248332
421.5 -0.000166255 0.000227814
422 -7.38738e-05 0.000185002
422.5 3.00114e-05 0.000125655
423 0.000125784 6.01878e-05
423.5 0.000198224 1.13921e-06
424 0.000238188 -4.04269e-05
424.5 0.000242243 -5.7965e-05
425 0.00021198 -5.0626e-05
425.5 0.000154034 -2.23591e-05
426 8.03935e-05 2.01404e-05
426.5 7.54195e-06 6.9289e-05
427 -4.66344e-05 0.000117421
427.5 -6.78502e-05 0.000156701
428 -5.04092e-05 0.000179117
428.5 2.72501e-07 0.000177538
429 6.91369e-05 0.000148087
429.5 0.000136576 9.29251e-05
430 0.00018501 2.18618e-05
430.5 0.00020421 -4.86861e-05
431 0.000193398 -9.97862e-05
431.5 0.00015988 -0.00011606
432 0.000115497 -9.14582e-05
432.5 7.27937e-05 -3.22236e-05
433 4.23474e-05 4.4552e-05
433.5 3.15381e-05 0.000116561
434 4.41817e-05 0.000164011
434.5 8.02468e-05 0.000176299
435 0.000135423 0.000154867
435.5 0.000201011 0.000111138
436 0.000264851 6.07707e-05
436.5 0.0003136 1.70692e-05
437 0.000335869 -1.33402e-05
437.5 0.00032516 -3.08522e-05
438 0.000281597 -3.97163e-05
438.5 0.000212021 -4.36406e-05
439 0.000128696 -4.28813e-05
439.5 4.71118e-05 -3.44144e-05
440 -1.6759e-05 -1.48242e-05
440.5 -4.96267e-05 1.60854e-05
441 -4.41475e-05 5.33266e-05
441.5 -1.42159e-06 8.77501e-05
442 6.85686e-05 0.000109621
442.5 0.000149517 0.000112864
443 0.000223988 9.77615e-05
443.5 0.000279272 7.07704e-05
444 0.000311166 4.16585e-05
444.5 0.000323695 1.94632e-05
445 0.000324992 9.17176e-06
445.5 0.000321751 1.0452e-05
446 0.000315569 1.86406e-05
446.5 0.000303251 2.7184e-05
447 0.000280681 3.03e-05
447.5 0.000247537 2.48526e-05
448 0.000209637 1.10282e-05
448.5 0.000177284 -8.04643e-06
449 0.000160521 -2.73476e-05
449.5 0.000164132 -4.12987e-05
450 0.000185292 -4.51889e-05
450.5 0.000215084 -3.64802e-05
451 0.000242821 -1.57339e-05
451.5 0.000260723 1.31981e-05
452 0.000266612 4.39695e-05
452.5 0.000263668 6.94415e-05
453 0.000257922 8.37839e-05
453.5 0.000255034 8.41937e-05
454 0.000257846 7.15473e-05
454.5 0.00026546 4.97426e-05
455 0.00027379 2.40799e-05
455.5 0.000277099 -5.58517e-07
456 0.000269932 -2.09391e-05
456.5 0.000248919 -3.56893e-05
457 0.00021398 -4.46073e-05
457.5 0.000168554 -4.76259e-05
458 0.000118724 -4.4115e-05
458.5 7.14765e-05 -3.29713e-05
459 3.27187e-05 -1.34822e-05
459.5 5.82004e-06 1.3507e-05
460 -8.80336e-06 4.48208e-05
460.5 -1.30405e-05 7.51536e-05
461 -9.84264e-06 9.8379e-05
461.5 -2.05216e-06 0.000109543
462 8.20705e-06 0.000106696
462.5 1.95035e-05 9.17024e-05
463 3.07424e-05 6.95713e-05
463.5 4.09113e-05 4.65418e-05
464 4.91738e-05 2.7778e-05
464.5 5.52176e-05 1.57155e-05
465 5.95027e-05 9.77567e-06
465.5 6.30704e-05 7.46205e-06
466 6.68657e-05 6.1745e-06
466.5 7.09179e-05 4.77623e-06
467 7.39356e-05 4.16939e-06
467.5 7.37142e-05 6.70639e-06
468 6.8279e-05 1.48485e-05
468.5 5.71751e-05 2.9778e-05
469 4.2118e-05 5.05826e-05
469.5 2.65169e-05 7.42877e-05
470 1.40386e-05 9.66393e-05
470.5 6.97308e-06 0.000113304
471 5.31715e-06 0.000121087
471.5 7.06517e-06 0.000118824
472 9.47485e-06 0.000107701
472.5 1.05183e-05 9.09019e-05
473 9.69387e-06 7.26692e-05
473.5 7.85111e-06 5.70618e-05
474 6.31916e-06 4.68274e-05
474.5 5.99187e-06 4.27807e-05
475 6.91588e-06 4.38708e-05
475.5 8.49028e-06 4.78349e-05
476 9.97402e-06 5.21088e-05
476.5 1.08859e-05 5.46221e-05
477 1.10852e-05 5.42382e-05
477.5 1.06186e-05 5.08073e-05
478 9.56626e-06 4.49467e-05
478.5 8.03354e-06 3.77052e-05
479 6.24566e-06 3.02206e-05
479.5 4.59048e-06 2.34312e-05
480 3.51212e-06 1.78817e-05
480.5 3.30588e-06 1.36691e-05
481 3.95992e-06 1.0547e-05
481.5 5.15171e-06 8.14372e-06
482 6.38778e-06 6.18206e-06
482.5 7.18746e-06 4.58717e-06
483 7.22103e-06 3.43528e-06
483.5 6.38418e-06 2.80498e-06
484 4.83422e-06 2.65134e-06
484.5 2.98926e-06 2.79307e-06
485 1.44341e-06 3.00865e-06
485.5 7.62377e-07 3.1548e-06
486 1.21537e-06 3.21405e-06
486.5 2.5976e-06 3.24566e-06
487 4.29304e-06 3.29444e-06
487.5 5.58812e-06 3.33883e-06
488 6.06267e-06 3.31624e-06
488.5 5.80592e-06 3.19337e-06
489 5.31029e-06 3.0145e-06
489.5 5.11801e-06 2.88503e-06
490 5.46634e-06 2.90539e-06
490.5 6.16514e-06 3.10706e-06
491 6.76073e-06 3.43272e-06
491.5 6.83714e-06 3.76137e-06
492 6.23652e-06 3.94929e-06
492.5 5.08048e-06 3.86299e-06
493 3.64204e-06 3.40542e-06
493.5 2.20988e-06 2.5504e-06
494 1.04065e-06 1.3824e-06
494.5 3.77412e-07 1.10973e-07
495 4.43045e-07 -9.74911e-07
495.5 1.35752e-06 -1.61108e-06
496 3.02847e-06 -1.66874e-06
496.5 5.11841e-06 -1.20002e-06
497 7.14275e-06 -3.84743e-07
497.5 8.645e-06 5.85321e-07
498 9.33328e-06 1.60102e-06
498.5 9.10445e-06 2.64241e-06
499 7.98728e-06 3.70118e-06
499.5 6.10172e-06 4.69104e-06
500 3.69113e-06 5.42809e-06
