-1.998 -1.25947e-05 -7.24245e-06
-1.996 -4.46172e-05 -3.49459e-05
-1.994 -7.20447e-05 -8.00114e-05
-1.992 -6.18586e-05 -0.000122936
-1.99 8.23794e-06 -0.000135184
-1.988 0.000131605 -9.25397e-05
-1.986 0.000265099 1.17925e-05
-1.984 0.000337896 0.000160841
-1.982 0.000276334 0.00031821
-1.98 3.753e-05 0.000442588
-1.978 -0.000360479 0.00050717
-1.976 -0.000825497 0.000515753
-1.974 -0.00120443 0.00050726
-1.972 -0.00132451 0.000543915
-1.97 -0.00105364 0.000684386
-1.968 -0.000362235 0.000949863
-1.966 0.000635795 0.00129594
-1.964 0.00168229 0.00160391
-1.962 0.00242428 0.00170096
-1.96 0.00250877 0.0014097
-1.958 0.00170191 0.000616993
-1.956 -1.83683e-07 -0.000657666
-1.954 -0.00230642 -0.00221835
-1.952 -0.0046419 -0.00369509
-1.95 -0.00624878 -0.00460376
-1.948 -0.00636573 -0.00445895
-1.946 -0.00444936 -0.00291765
-1.944 -0.000381941 8.28037e-05
-1.942 0.00539673 0.00423502
-1.94 0.0118845 0.00885704
-1.938 0.0176634 0.0129922
-1.936 0.0211856 0.0156053
-1.934 0.0211445 0.0158392
-1.932 0.0168497 0.0132713
-1.93 0.00850671 0.0081007
-1.928 -0.00268292 0.00120554
-1.926 -0.0146549 -0.00596546
-1.924 -0.0248477 -0.0116641
-1.922 -0.0307419 -0.0142306
-1.92 -0.030462 -0.0125158
-1.918 -0.0233034 -0.00623646
-1.916 -0.0100469 0.00383528
-1.914 0.00703792 0.0159168
-1.912 0.0245347 0.0275109
-1.91 0.0385232 0.0359082
-1.908 0.0454015 0.0387953
-1.906 0.0427136 0.0348303
-1.904 0.0297917 0.0240455
-1.902 0.0080509 0.00796388
-1.9 -0.0191559 -0.0106205
-1.898 -0.0471209 -0.0281744
-1.896 -0.0706973 -0.0411679
-1.894 -0.0853608 -0.0468691
-1.892 -0.0881877 -0.0440094
-1.89 -0.0785274 -0.0331538
-1.888 -0.0582067 -0.0166721
-1.886 -0.0312051 0.00170373
-1.884 -0.00285564 0.0176549
-1.882 0.0212607 0.0272159
-1.88 0.0364864 0.0276683
-1.878 0.0400619 0.0181811
-1.876 0.0316835 4.26679e-05
-1.874 0.013517 -0.0235791
-1.872 -0.0103337 -0.0483011
-1.87 -0.0347776 -0.06947
-1.868 -0.0548858 -0.0831726
-1.866 -0.0669704 -0.0870784
-1.864 -0.0693436 -0.080915
-1.862 -0.0625821 -0.0664635
-1.86 -0.0492427 -0.0470797
-1.858 -0.0331103 -0.0268588
-1.856 -0.018172 -0.00965446
-1.854 -0.00758643 0.00180622
-1.852 -0.00291001 0.0064938
-1.85 -0.00378014 0.00519975
-1.848 -0.00813056 0.00019046
-1.846 -0.0128769 -0.00550974
-1.844 -0.0148861 -0.00901334
-1.842 -0.0119692 -0.00840257
-1.84 -0.00362318 -0.00327419
-1.838 0.00869023 0.00515655
-1.836 0.0218312 0.0144286
-1.834 0.0317879 0.0215889
-1.832 0.0348147 0.0241221
-1.83 0.0286114 0.0207937
-1.828 0.0132209 0.0121575
-1.826 -0.00862174 0.000563708
-1.824 -0.0318297 -0.0103656
-1.822 -0.0499615 -0.0166815
-1.82 -0.0566718 -0.0152387
-1.818 -0.0472877 -0.0047103
-1.816 -0.0201342 0.0138007
-1.814 0.0227296 0.036759
-1.812 0.0755823 0.0588586
-1.81 0.12996 0.0742337
-1.808 0.176269 0.0779487
-1.806 0.205766 0.0673993
-1.804 0.212468 0.0432541
-1.802 0.194556 0.00965254
-1.8 0.154941 -0.0264524
-1.798 0.100827 -0.0567124
-1.796 0.0423576 -0.0732705
-1.794 -0.00938741 -0.0706883
-1.792 -0.0446114 -0.0474481
-1.79 -0.0567728 -0.00663474
-1.788 -0.0438819 0.0444213
-1.786 -0.00885056 0.095525
-1.784 0.0411746 0.135756
-1.782 0.0963367 0.155903
-1.78 0.146103 0.150642
-1.778 0.181349 0.11992
-1.776 0.196045 0.0692103
-1.774 0.188188 0.0085052
-1.772 0.159838 -0.0497479
-1.77 0.116306 -0.0933421
-1.768 0.0647524 -0.113039
-1.766 0.0125387 -0.104708
-1.764 -0.0342564 -0.0703777
-1.762 -0.0718381 -0.0179211
-1.76 -0.0990141 0.0405773
-1.758 -0.11682 0.0914376
-1.756 -0.127621 0.122405
-1.754 -0.134005 0.12539
-1.752 -0.137808 0.0983046
-1.75 -0.139583 0.0455666
-1.748 -0.13865 -0.0228542
-1.746 -0.133693 -0.0936244
-1.744 -0.123688 -0.15298
-1.742 -0.108855 -0.189735
-1.74 -0.0913056 -0.197694
-1.738 -0.0751245 -0.176923
-1.736 -0.0657717 -0.133614
-1.734 -0.0688739 -0.0785789
-1.732 -0.088655 -0.0247412
-1.73 -0.126398 0.0158056
-1.728 -0.179378 0.0344818
-1.726 -0.240644 0.0280415
-1.724 -0.299831 -0.000871906
-1.722 -0.344955 -0.0445326
-1.72 -0.364852 -0.0920689
-1.718 -0.351754 -0.132042
-1.716 -0.303425 -0.155044
-1.714 -0.224308 -0.155705
-1.712 -0.125353 -0.133684
-1.71 -0.0224372 -0.0934443
-1.708 0.066401 -0.0429345
-1.706 0.124415 0.00846797
-1.704 0.139605 0.0522235
-1.702 0.107445 0.0825455
-1.7 0.0322485 0.0975065
-1.698 -0.0731694 0.0990903
-1.696 -0.189543 0.0922266
-1.694 -0.29457 0.0831072
-1.692 -0.367031 0.0772636
-1.69 -0.390832 0.0779359
-1.688 -0.358149 0.0851624
-1.686 -0.271058 0.0958209
-1.684 -0.141297 0.104592
-1.682 0.0118204 0.105578
-1.68 0.164941 0.0941393
-1.678 0.294974 0.0684621
-1.676 0.383309 0.0304161
-1.674 0.419147 -0.014548
-1.672 0.401307 -0.0584807
-1.67 0.338204 -0.0927486
-1.668 0.246046 -0.110136
-1.666 0.145632 -0.106695
-1.664 0.0583877 -0.0828595
-1.662 0.0024089 -0.0435311
-1.66 -0.0107454 0.00291362
-1.658 0.0220807 0.0464622
-1.656 0.0954247 0.0777274
-1.654 0.196623 0.0901019
-1.652 0.308531 0.0812999
-1.65 0.412962 0.0539199
-1.648 0.494178 0.0148828
-1.646 0.541752 -0.0261315
-1.644 0.55229 -0.0588874
-1.642 0.529729 -0.0749158
-1.64 0.484195 -0.0694106
-1.638 0.429688 -0.0422631
-1.636 0.381077 0.00198038
-1.634 0.351001 0.0551953
-1.632 0.347292 0.107508
-1.63 0.371395 0.149437
-1.628 0.418094 0.173866
-1.626 0.476575 0.177398
-1.624 0.53263 0.160834
-1.622 0.571578 0.128688
-1.62 0.581319 0.0879148
-1.618 0.554933 0.0461837
-1.616 0.492247 0.0101321
-1.614 0.400043 -0.0159904
-1.612 0.290817 -0.0310133
-1.61 0.180316 -0.0367802
-1.608 0.0843132 -0.0374204
-1.606 0.0152651 -0.0381863
-1.604 -0.0204838 -0.0441538
-1.602 -0.0243471 -0.0590789
-1.6 -0.00558696 -0.0846432
-1.598 0.0202769 -0.12021
-1.596 0.0345235 -0.163083
-1.594 0.019201 -0.209131
-1.592 -0.0387913 -0.253571
-1.59 -0.14439 -0.291697
-1.588 -0.292592 -0.319418
-1.586 -0.468674 -0.333583
-1.584 -0.650469 -0.33215
-1.582 -0.81232 -0.314309
-1.58 -0.929991 -0.280607
-1.578 -0.985546 -0.233087
-1.576 -0.971206 -0.175369
-1.574 -0.89126 -0.112576
-1.572 -0.761533 -0.0510149
-1.57 -0.606356 0.00245789
-1.568 -0.453621 0.0413931
-1.566 -0.328915 0.0609548
-1.564 -0.250047 0.0591833
-1.562 -0.223196 0.038006
-1.56 -0.24156 0.00362998
-1.558 -0.286899 -0.0339845
-1.556 -0.333685 -0.0626734
-1.554 -0.355031 -0.0704558
-1.552 -0.329145 -0.048296
-1.55 -0.244846 0.00738768
-1.548 -0.10482 0.093107
-1.546 0.0742877 0.198063
-1.544 0.26512 0.305506
-1.542 0.435592 0.39558
-1.54 0.556299 0.449242
-1.538 0.607627 0.452495
-1.536 0.584891 0.400055
-1.534 0.500188 0.297507
-1.532 0.380415 0.161279
-1.53 0.261732 0.0161915
-1.528 0.181566 -0.109072
-1.526 0.169898 -0.187703
-1.524 0.241799 -0.200496
-1.522 0.393035 -0.140296
-1.52 0.599948 -0.0141407
-1.518 0.823819 0.157471
-1.516 1.01892 0.344144
-1.514 1.14254 0.511377
-1.512 1.16464 0.627433
-1.51 1.07514 0.669856
-1.508 0.886769 0.630217
-1.506 0.632982 0.515954
-1.504 0.36105 0.348846
-1.502 0.121797 0.160404
-1.5 -0.04177 -0.014827
-1.498 -0.104343 -0.146547
-1.496 -0.0643373 -0.214979
-1.494 0.0554529 -0.214786
-1.492 0.212865 -0.155794
-1.49 0.355985 -0.0604333
-1.488 0.435233 0.0415365
-1.486 0.415156 0.119796
-1.484 0.283211 0.150215
-1.482 0.0534149 0.120033
-1.48 -0.236113 0.0303222
-1.478 -0.531367 -0.104778
-1.476 -0.774679 -0.261759
-1.474 -0.918211 -0.413388
-1.472 -0.935545 -0.534874
-1.47 -0.828552 -0.609094
-1.468 -0.627767 -0.629712
-1.466 -0.386041 -0.601589
-1.464 -0.166782 -0.538548
-1.462 -0.0294016 -0.459191
-1.46 -0.0152435 -0.381894
-1.458 -0.137212 -0.3203
-1.456 -0.375578 -0.280453
-1.454 -0.681104 -0.260272
-1.452 -0.985038 -0.251381
-1.45 -1.2139 -0.242667
-1.448 -1.30579 -0.224411
-1.446 -1.22462 -0.191722
-1.444 -0.96877 -0.146223
-1.442 -0.572434 -0.0954879
-1.44 -0.0990594 -0.0503839
-1.438 0.371516 -0.0211262
-1.436 0.759473 -0.0132015
-1.434 1.0014 -0.0244339
-1.432 1.06312 -0.0442032
-1.43 0.946232 -0.0552964
-1.428 0.686989 -0.0381676
-1.426 0.347783 0.0233414
-1.424 0.00328614 0.136306
-1.422 -0.275594 0.294714
-1.42 -0.436256 0.478518
-1.418 -0.454246 0.656414
-1.416 -0.336399 0.792007
-1.414 -0.116962 0.852103
-1.412 0.152003 0.815167
-1.41 0.413407 0.677814
-1.408 0.618028 0.457559
-1.406 0.734539 0.19083
-1.404 0.75452 -0.0736557
-1.402 0.691577 -0.284947
-1.4 0.575144 -0.401235
-1.398 0.44091 -0.399939
-1.396 0.320622 -0.283987
-1.394 0.234072 -0.0825173
-1.392 0.185383 0.154566
-1.39 0.164369 0.367245
-1.388 0.152289 0.498994
-1.386 0.130081 0.510229
-1.384 0.0864909 0.388435
-1.382 0.0235853 0.152448
-1.38 -0.0421634 -0.150324
-1.378 -0.0838245 -0.453373
-1.376 -0.0721754 -0.685376
-1.374 0.0140195 -0.786223
-1.372 0.178545 -0.721228
-1.37 0.402078 -0.490187
-1.368 0.642529 -0.129016
-1.366 0.842077 0.296704
-1.364 0.939763 0.705023
-1.362 0.886871 1.01492
-1.36 0.661345 1.16372
-1.358 0.277416 1.12076
-1.356 -0.212495 0.894191
-1.354 -0.724881 0.529444
-1.352 -1.16047 0.0996657
-1.35 -1.42491 -0.309756
-1.348 -1.45048 -0.619195
-1.346 -1.21371 -0.771386
-1.344 -0.744619 -0.742934
-1.342 -0.124499 -0.548259
-1.34 0.527829 -0.235186
-1.338 1.07913 0.126592
-1.336 1.40943 0.461321
-1.334 1.43838 0.703481
-1.332 1.14432 0.810836
-1.33 0.571506 0.771466
-1.328 -0.176616 0.603584
-1.326 -0.957102 0.348642
-1.324 -1.61645 0.0597797
-1.322 -2.0227 -0.21137
-1.32 -2.09386 -0.426249
-1.318 -1.81629 -0.566538
-1.316 -1.24892 -0.635351
-1.314 -0.511961 -0.652508
-1.312 0.23771 -0.645556
-1.31 0.83932 -0.639375
-1.308 1.1622 -0.647517
-1.306 1.13359 -0.667837
-1.304 0.754233 -0.683635
-1.302 0.0981084 -0.669903
-1.3 -0.703487 -0.602779
-1.298 -1.49023 -0.469413
-1.296 -2.10717 -0.275238
-1.294 -2.43779 -0.0462308
-1.292 -2.42853 0.175001
-1.29 -2.09955 0.338839
-1.288 -1.53947 0.401834
-1.286 -0.885325 0.34002
-1.284 -0.29214 0.1586
-1.282 0.101229 -0.105174
-1.28 0.202521 -0.387415
-1.278 -0.0138362 -0.610679
-1.276 -0.501287 -0.701991
-1.274 -1.15142 -0.611634
-1.272 -1.81756 -0.328065
-1.27 -2.34636 0.115046
-1.268 -2.61059 0.642014
-1.266 -2.53595 1.1487
-1.264 -2.1166 1.52406
-1.262 -1.41607 1.67507
-1.26 -0.553933 1.54955
-1.258 0.318859 1.15093
-1.256 1.0505 0.541287
-1.254 1.51836 -0.168947
-1.252 1.65228 -0.842733
-1.25 1.44676 -1.34513
-1.248 0.959954 -1.57264
-1.246 0.3003 -1.47672
-1.244 -0.395958 -1.07584
-1.242 -0.991426 -0.453286
-1.24 -1.37302 0.259485
-1.238 -1.47134 0.910482
-1.236 -1.27072 1.35994
-1.234 -0.808683 1.51087
-1.232 -0.165788 1.33043
-1.23 0.551389 0.857049
-1.228 1.23035 0.191648
-1.226 1.77192 -0.52504
-1.224 2.10542 -1.14385
-1.222 2.19764 -1.54011
-1.22 2.05504 -1.64064
-1.218 1.71963 -1.43882
-1.216 1.26001 -0.994481
-1.214 0.759545 -0.418632
-1.212 0.303693 0.153169
-1.21 -0.0316863 0.592654
-1.208 -0.189872 0.808288
-1.206 -0.139915 0.765399
-1.204 0.119804 0.49232
-1.202 0.561143 0.0713282
-1.2 1.12891 -0.38311
-1.198 1.74674 -0.753267
-1.196 2.32613 -0.947093
-1.194 2.77792 -0.920155
-1.192 3.02525 -0.685333
-1.19 3.01607 -0.308072
-1.188 2.73326 0.111511
-1.186 2.20007 0.465106
-1.184 1.47961 0.664588
-1.182 0.66726 0.665043
-1.18 -0.123377 0.476553
-1.178 -0.779374 0.161647
-1.176 -1.20919 -0.180992
-1.174 -1.3612 -0.44246
-1.172 -1.23582 -0.532653
-1.17 -0.888198 -0.404966
-1.168 -0.419784 -0.0703203
-1.166 0.040026 0.403302
-1.164 0.359079 0.906067
-1.162 0.429568 1.31281
-1.16 0.191517 1.51452
-1.158 -0.352441 1.44698
-1.156 -1.1346 1.10914
-1.154 -2.03337 0.566431
-1.152 -2.89648 -0.0626083
-1.15 -3.57204 -0.633231
-1.148 -3.94079 -1.00887
-1.146 -3.9426 -1.09467
-1.144 -3.59102 -0.861971
-1.142 -2.97219 -0.357665
-1.14 -2.22795 0.304395
-1.138 -1.52649 0.968238
-1.136 -1.02638 1.47147
-1.134 -0.841683 1.68358
-1.132 -1.01568 1.53771
-1.13 -1.50905 1.04825
-1.128 -2.20585 0.30952
-1.126 -2.93653 -0.524287
-1.124 -3.51346 -1.27365
-1.122 -3.77164 -1.77466
-1.12 -3.60543 -1.91678
-1.118 -2.99348 -1.66872
-1.116 -2.00612 -1.08605
-1.114 -0.793574 -0.298998
-1.112 0.442584 0.517023
-1.11 1.48903 1.18132
-1.108 2.16322 1.54896
-1.106 2.35026 1.54349
-1.104 2.02622 1.17359
-1.102 1.26323 0.529857
-1.1 0.215134 -0.237303
-1.098 -0.913093 -0.953476
-1.096 -1.90549 -1.46089
-1.094 -2.57622 -1.65435
-1.092 -2.80325 -1.50391
-1.09 -2.54824 -1.05933
-1.088 -1.85948 -0.43547
-1.086 -0.858276 0.217306
-1.084 0.287624 0.750404
-1.082 1.39759 1.05267
-1.08 2.3117 1.07586
-1.078 2.91755 0.843741
-1.076 3.16565 0.442956
-1.074 3.0711 -0.00189777
-1.072 2.70282 -0.36231
-1.07 2.16421 -0.540199
-1.068 1.5704 -0.493637
-1.066 1.02741 -0.247325
-1.064 0.616983 0.114876
-1.062 0.388969 0.473358
-1.06 0.361121 0.706041
-1.058 0.524357 0.722834
-1.056 0.850778 0.492207
-1.054 1.30146 0.0526977
-1.052 1.83174 -0.494131
-1.05 2.39307 -1.00808
-1.048 2.9321 -1.34637
-1.046 3.38924 -1.40236
-1.044 3.6992 -1.137
-1.042 3.79577 -0.594435
-1.04 3.62143 0.103085
-1.038 3.14042 0.780674
-1.036 2.35244 1.25124
-1.034 1.30298 1.36146
-1.032 0.0866768 1.03223
-1.03 -1.15893 0.283295
-1.028 -2.26993 -0.764477
-1.026 -3.08107 -1.911
-1.024 -3.4554 -2.91872
-1.022 -3.31251 -3.56534
-1.02 -2.649 -3.69537
-1.018 -1.54591 -3.25828
-1.016 -0.160031 -2.32389
-1.014 1.30029 -1.07054
-1.012 2.61068 0.251878
-1.01 3.57095 1.37609
-1.008 4.04182 2.07671
-1.006 3.97067 2.22116
-1.004 3.40081 1.80052
-1.002 2.46198 0.932899
-1 1.34378 -0.161791
-0.998 0.257253 -1.21048
-0.996 -0.607275 -1.94819
-0.994 -1.11728 -2.17813
-0.992 -1.22209 -1.81674
-0.99 -0.959012 -0.913324
-0.988 -0.440538 0.360346
-0.986 0.174063 1.74805
-0.984 0.716124 2.96604
-0.982 1.04549 3.76595
-0.98 1.08063 3.98949
-0.978 0.814446 3.6028
-0.976 0.312669 2.70296
-0.974 -0.304295 1.4954
-0.972 -0.891562 0.247352
-0.97 -1.31469 -0.772003
-0.968 -1.48111 -1.3509
-0.966 -1.36096 -1.38046
-0.964 -0.99255 -0.875999
-0.962 -0.471828 0.0301622
-0.96 0.0715471 1.12203
-0.958 0.505496 2.15095
-0.956 0.726807 2.89212
-0.954 0.685126 3.1937
-0.952 0.394251 3.00769
-0.95 -0.0715928 2.39611
-0.948 -0.595283 1.51193
-0.946 -1.0438 0.559874
-0.944 -1.29836 -0.253478
-0.942 -1.28084 -0.768026
-0.94 -0.97079 -0.905632
-0.938 -0.409712 -0.684523
-0.936 0.308071 -0.209882
-0.934 1.05525 0.3562
-0.932 1.69741 0.837263
-0.93 2.11908 1.08665
-0.928 2.24434 1.02255
-0.926 2.04821 0.645831
-0.924 1.55736 0.0368106
-0.922 0.841253 -0.667505
-0.92 -0.00302383 -1.30989
-0.918 -0.868414 -1.75381
-0.916 -1.65416 -1.91854
-0.914 -2.27796 -1.79969
-0.912 -2.68262 -1.47002
-0.91 -2.83761 -1.06038
-0.908 -2.73677 -0.725633
-0.906 -2.39463 -0.604355
-0.904 -1.84312 -0.7822
-0.902 -1.1302 -1.26821
-0.9 -0.31984 -1.98984
-0.898 0.508114 -2.80793
-0.896 1.26072 -3.54812
-0.894 1.83929 -4.04133
-0.892 2.15192 -4.16348
-0.89 2.12981 -3.86516
-0.888 1.74434 -3.18399
-0.886 1.02055 -2.23693
-0.884 0.0430483 -1.19426
-0.882 -1.04905 -0.241507
-0.88 -2.07913 0.461864
-0.878 -2.86087 0.817524
-0.876 -3.23264 0.809271
-0.874 -3.0919 0.505307
-0.872 -2.42186 0.0414529
-0.87 -1.30344 -0.410746
-0.868 0.0919739 -0.683632
-0.866 1.5293 -0.651628
-0.864 2.75173 -0.259344
-0.862 3.53025 0.466525
-0.86 3.71049 1.42362
-0.858 3.24727 2.45648
-0.856 2.2187 3.3895
-0.854 0.815972 4.0629
-0.852 -0.690531 4.36378
-0.85 -2.00269 4.24656
-0.848 -2.85368 3.73902
-0.846 -3.06203 2.93369
-0.844 -2.56917 1.96729
-0.842 -1.452 0.993124
-0.84 0.0923938 0.152716
-0.838 1.78665 -0.447475
-0.836 3.32931 -0.750102
-0.834 4.45551 -0.750252
-0.832 4.98952 -0.489213
-0.83 4.87826 -0.0417536
-0.828 4.19888 0.499282
-0.826 3.13895 1.03776
-0.824 1.95399 1.48617
-0.822 0.911782 1.77394
-0.82 0.235948 1.85215
-0.818 0.0611026 1.69591
-0.816 0.408736 1.30533
-0.814 1.18812 0.70606
-0.812 2.22073 -0.0504466
-0.81 3.28177 -0.887904
-0.808 4.14875 -1.70885
-0.806 4.6463 -2.40276
-0.804 4.6775 -2.85934
-0.802 4.23575 -2.98626
-0.8 3.39594 -2.7286
-0.798 2.28895 -2.08577
-0.796 1.06725 -1.12127
-0.794 -0.129086 0.0384742
-0.792 -1.19741 1.21818
-0.79 -2.08368 2.2197
-0.788 -2.77853 2.85635
-0.786 -3.30145 2.98935
-0.784 -3.67906 2.559
-0.782 -3.92482 1.60331
-0.78 -4.02716 0.258848
-0.778 -3.95024 -1.25824
-0.776 -3.64812 -2.68858
-0.774 -3.08837 -3.77687
-0.772 -2.2778 -4.32099
-0.77 -1.28113 -4.21254
-0.768 -0.224965 -3.46005
-0.766 0.716836 -2.18947
-0.764 1.35517 -0.621131
-0.762 1.52844 0.972537
-0.76 1.14619 2.32003
-0.758 0.222363 3.20369
-0.756 -1.11133 3.50139
-0.754 -2.61791 3.20835
-0.752 -3.99389 2.43453
-0.75 -4.92829 1.37835
-0.748 -5.17071 0.282789
-0.746 -4.59306 -0.616588
-0.744 -3.23023 -1.14007
-0.742 -1.2881 -1.19841
-0.74 0.885347 -0.80653
-0.738 2.86199 -0.0740679
-0.736 4.21689 0.823884
-0.734 4.6162 1.68841
-0.732 3.89111 2.34075
-0.73 2.08156 2.65851
-0.728 -0.560938 2.59668
-0.726 -3.61372 2.1894
-0.724 -6.56 1.53364
-0.722 -8.88741 0.759777
-0.72 -10.1879 -0.00288032
-0.718 -10.2378 -0.656612
-0.716 -9.04158 -1.15426
-0.714 -6.82921 -1.50231
-0.712 -4.00913 -1.74816
-0.71 -1.08595 -1.95626
-0.708 1.43941 -2.18075
-0.706 3.16677 -2.44297
-0.704 3.87107 -2.7209
-0.702 3.53926 -2.95361
-0.7 2.36285 -3.05982
-0.698 0.688741 -2.96547
-0.696 -1.05997 -2.6324
-0.694 -2.47505 -2.07982
-0.692 -3.24612 -1.39127
-0.69 -3.21789 -0.703466
-0.688 -2.41103 -0.177978
-0.686 -1.00423 0.038632
-0.684 0.716026 -0.143435
-0.682 2.42488 -0.724507
-0.68 3.83136 -1.60147
-0.678 4.73714 -2.57814
-0.676 5.06968 -3.39991
-0.674 4.88385 -3.8064
-0.672 4.33415 -3.59113
-0.67 3.62627 -2.65485
-0.668 2.96159 -1.03943
-0.666 2.48899 1.06689
-0.664 2.27557 3.35637
-0.662 2.30264 5.45703
-0.66 2.48591 7.0058
-0.658 2.71291 7.72431
-0.656 2.88604 7.48084
-0.654 2.95853 6.3242
-0.652 2.95278 4.48119
-0.65 2.95529 2.31692
-0.648 3.08918 0.265129
-0.646 3.47153 -1.25767
-0.644 4.16732 -1.9368
-0.642 5.15337 -1.62527
-0.64 6.30347 -0.376606
-0.638 7.40093 1.56263
-0.636 8.17808 3.79975
-0.634 8.37502 5.87292
-0.632 7.80453 7.34221
-0.63 6.40741 7.87613
-0.628 4.28351 7.3159
-0.626 1.68865 5.70489
-0.624 -1.00479 3.27805
-0.622 -3.37717 0.414507
-0.62 -5.04683 -2.43636
-0.618 -5.75282 -4.84002
-0.616 -5.41651 -6.45611
-0.614 -4.16729 -7.09671
-0.612 -2.3252 -6.75317
-0.61 -0.342076 -5.58767
-0.608 1.28786 -3.8933
-0.606 2.1303 -2.03224
-0.604 1.90455 -0.365661
-0.602 0.548471 0.810678
-0.6 -1.76032 1.31312
-0.598 -4.6325 1.09201
-0.596 -7.53964 0.226944
-0.594 -9.91698 -1.1006
-0.592 -11.2754 -2.64954
-0.59 -11.2997 -4.16638
-0.588 -9.91381 -5.42764
-0.586 -7.2984 -6.27061
-0.584 -3.85883 -6.60873
-0.582 -0.148619 -6.43188
-0.58 3.23569 -5.79479
-0.578 5.76707 -4.79832
-0.576 7.08554 -3.56874
-0.574 7.06132 -2.239
-0.572 5.81209 -0.934461
-0.57 3.67204 0.236165
-0.568 1.1207 1.18569
-0.566 -1.31331 1.85103
-0.564 -3.15367 2.19553
-0.562 -4.06346 2.21209
-0.56 -3.90154 1.92681
-0.558 -2.73893 1.401
-0.556 -0.833978 0.729145
-0.554 1.4268 0.0305137
-0.552 3.60864 -0.565921
-0.55 5.31248 -0.941641
-0.548 6.24638 -1.01016
-0.546 6.27156 -0.735453
-0.544 5.41612 -0.142667
-0.542 3.85662 0.682018
-0.54 1.8736 1.6037
-0.538 -0.207964 2.46188
-0.536 -2.08057 3.10062
-0.534 -3.50616 3.39991
-0.532 -4.34922 3.3016
-0.53 -4.58648 2.82377
-0.528 -4.29437 2.05975
-0.526 -3.6194 1.16131
-0.524 -2.73977 0.309153
-0.522 -1.82716 -0.323056
-0.52 -1.01634 -0.603464
-0.518 -0.387878 -0.468205
-0.516 0.0345976 0.0665945
-0.514 0.274022 0.909345
-0.512 0.380964 1.91283
-0.51 0.412041 2.90476
-0.508 0.411594 3.7221
-0.506 0.400982 4.24179
-0.504 0.3773 4.40137
-0.502 0.32064 4.20602
-0.5 0.206822 3.72139
-0.498 0.0215246 3.05525
-0.496 -0.228348 2.33271
-0.494 -0.509309 1.67099
-0.492 -0.76376 1.15925
-0.49 -0.920269 0.847108
-0.488 -0.909614 0.743576
-0.486 -0.682835 0.824925
-0.484 -0.226618 1.04808
-0.482 0.428324 1.3648
-0.48 1.20856 1.73213
-0.478 2.00919 2.11665
-0.476 2.71275 2.49223
-0.474 3.21191 2.83374
-0.472 3.43114 3.11036
-0.47 3.34292 3.28223
-0.468 2.97495 3.30278
-0.466 2.40628 3.12693
-0.464 1.75226 2.72349
-0.462 1.14077 2.08829
-0.46 0.684151 1.25371
-0.458 0.45315 0.29068
-0.456 0.458882 -0.699429
-0.454 0.64752 -1.6032
-0.452 0.909515 -2.32068
-0.45 1.1019 -2.79201
-0.448 1.07945 -3.01787
-0.446 0.728245 -3.06669
-0.444 -0.00518399 -3.06481
-0.442 -1.09612 -3.16975
-0.44 -2.43994 -3.53165
-0.438 -3.86826 -4.25137
-0.436 -5.18089 -5.3456
-0.434 -6.18735 -6.72843
-0.432 -6.74921 -8.21593
-0.43 -6.81323 -9.55531
-0.428 -6.42705 -10.4745
-0.426 -5.73256 -10.7429
-0.424 -4.9367 -10.2289
-0.422 -4.26488 -8.94194
-0.42 -3.90621 -7.0457
-0.418 -3.96258 -4.83755
-0.416 -4.41399 -2.69631
-0.414 -5.10983 -1.00755
-0.412 -5.79097 -0.0815994
-0.41 -6.14032 -0.0823408
-0.408 -5.85314 -0.982992
-0.406 -4.71267 -2.56042
-0.404 -2.65437 -4.43157
-0.402 0.197084 -6.12632
-0.4 3.52904 -7.18287
-0.398 6.88427 -7.24538
-0.396 9.74121 -6.14272
-0.394 11.617 -3.93013
-0.392 12.1724 -0.883931
-0.39 11.2951 2.55073
-0.388 9.14165 5.84835
-0.386 6.12466 8.5093
-0.384 2.84517 10.1615
-0.382 -0.0191762 10.6356
-0.38 -1.84881 9.99876
-0.378 -2.21289 8.53713
-0.376 -0.968241 6.69318
-0.374 1.69594 4.96882
-0.372 5.28072 3.81655
-0.37 9.06687 3.54222
-0.368 12.2561 4.24092
-0.366 14.1366 5.77983
-0.364 14.238 7.83084
-0.362 12.4409 9.94469
-0.36 9.01638 11.6494
-0.358 4.58253 12.5511
-0.356 -0.0132833 12.4157
-0.354 -3.86481 11.2148
-0.352 -6.19499 9.12663
-0.35 -6.52297 6.49298
-0.348 -4.77396 3.74357
-0.346 -1.30722 1.30402
-0.344 3.14702 -0.490603
-0.342 7.63072 -1.45831
-0.34 11.1529 -1.59584
-0.338 12.8953 -1.06421
-0.336 12.3833 -0.14052
-0.334 9.58642 0.850582
-0.332 4.92323 1.60857
-0.33 -0.827873 1.91569
-0.328 -6.69474 1.67074
-0.326 -11.7173 0.892939
-0.324 -15.149 -0.301733
-0.322 -16.6092 -1.74301
-0.32 -16.154 -3.25445
-0.318 -14.2486 -4.69369
-0.316 -11.6477 -5.97442
-0.314 -9.21099 -7.06587
-0.312 -7.6952 -7.97287
-0.31 -7.57152 -8.70548
-0.308 -8.91046 -9.24998
-0.306 -11.3624 -9.55216
-0.304 -14.2399 -9.51985
-0.302 -16.6832 -9.04558
-0.3 -17.8729 -8.044
-0.298 -17.2381 -6.49416
-0.296 -14.6121 -4.47349
-0.294 -10.2957 -2.17123
-0.292 -5.01029 0.126972
-0.29 0.250602 2.08471
-0.288 4.44093 3.38294
-0.286 6.70274 3.79558
-0.284 6.57346 3.2532
-0.282 4.11091 1.87679
-0.28 -0.0953372 -0.0299219
-0.278 -5.03312 -2.03163
-0.276 -9.47741 -3.64725
-0.274 -12.2572 -4.4534
-0.272 -12.5217 -4.18309
-0.27 -9.94536 -2.79718
-0.268 -4.82334 -0.509956
-0.266 1.96777 2.24052
-0.264 9.13985 4.87509
-0.262 15.2593 6.79404
-0.26 19.0524 7.51033
-0.258 19.6848 6.76526
-0.256 16.9515 4.59908
-0.254 11.3364 1.35844
-0.252 3.92489 -2.36332
-0.25 -3.814 -5.84189
-0.248 -10.3306 -8.37015
-0.246 -14.319 -9.40773
-0.244 -14.9924 -8.69994
-0.242 -12.251 -6.33984
-0.24 -6.70265 -2.75832
-0.238 0.465766 1.35781
-0.236 7.74217 5.20379
-0.234 13.6117 8.02226
-0.232 16.8795 9.26027
-0.23 16.924 8.68405
-0.228 13.826 6.42652
-0.226 8.34665 2.95768
-0.224 1.75838 -1.01507
-0.222 -4.43272 -4.69496
-0.22 -8.81353 -7.36015
-0.218 -10.3677 -8.50939
-0.216 -8.691 -7.95852
-0.214 -4.07296 -5.86805
-0.212 2.57237 -2.69731
-0.21 9.90869 0.903056
-0.208 16.4678 4.23514
-0.206 20.964 6.70185
-0.204 22.5632 7.92656
-0.202 21.0504 7.81938
-0.2 16.8592 6.57802
-0.198 10.9608 4.62579
-0.196 4.63904 2.50292
-0.194 -0.796841 0.737295
-0.192 -4.29652 -0.275791
-0.19 -5.28826 -0.357713
-0.188 -3.78675 0.42336
-0.186 -0.36838 1.78131
-0.184 3.97751 3.29078
-0.182 8.08544 4.4953
-0.18 10.884 5.01839
-0.178 11.638 4.6516
-0.176 10.1091 3.40047
-0.174 6.59832 1.47962
-0.172 1.86471 -0.739771
-0.17 -3.06098 -2.8163
-0.168 -7.12201 -4.33788
-0.166 -9.48376 -5.01129
-0.164 -9.7271 -4.72186
-0.162 -7.94353 -3.55072
-0.16 -4.71146 -1.74777
-0.158 -0.960372 0.330907
-0.156 2.24558 2.30448
-0.154 3.95527 3.84716
-0.152 3.55372 4.74826
-0.15 0.910266 4.94014
-0.148 -3.58198 4.49105
-0.146 -9.08515 3.56799
-0.144 -14.4973 2.38211
-0.142 -18.6951 1.13204
-0.14 -20.7843 -0.0396211
-0.138 -20.3024 -1.06649
-0.136 -17.328 -1.9516
-0.134 -12.4732 -2.73828
-0.132 -6.76079 -3.46956
-0.13 -1.41414 -4.15019
-0.128 2.39646 -4.72441
-0.126 3.79663 -5.07738
-0.124 2.39065 -5.06157
-0.122 -1.65344 -4.54157
-0.12 -7.63317 -3.44555
-0.118 -14.4493 -1.80842
-0.116 -20.823 0.207075
-0.114 -25.5482 2.32059
-0.112 -27.7251 4.17729
-0.11 -26.9286 5.41665
-0.108 -23.2781 5.75234
-0.106 -17.3979 5.04428
-0.104 -10.2808 3.3446
-0.102 -3.08742 0.904517
-0.1 3.07896 -1.86228
-0.098 7.37479 -4.45385
-0.096 9.36081 -6.3774
-0.094 9.06238 -7.24959
-0.092 6.93779 -6.87771
-0.09 3.764 -5.30351
-0.088 0.465994 -2.79849
-0.086 -2.0731 0.189587
-0.084 -3.18134 3.12851
-0.082 -2.51362 5.51182
-0.08 -0.0946318 6.96308
-0.078 3.71298 7.31108
-0.076 8.30181 6.61957
-0.074 12.9509 5.1659
-0.072 16.9672 3.3742
-0.07 19.8103 1.71847
-0.068 21.1789 0.616835
-0.066 21.0446 0.339679
-0.064 19.631 0.95127
-0.062 17.3447 2.29713
-0.06 14.6786 4.03962
-0.058 12.1102 5.73383
-0.056 10.0172 6.92684
-0.054 8.62588 7.2587
-0.052 7.99742 6.54266
-0.05 8.0465 4.80726
-0.048 8.58409 2.29171
-0.046 9.37167 -0.603445
-0.044 10.1761 -3.39856
-0.042 10.815 -5.6319
-0.04 11.1843 -6.95113
-0.038 11.2638 -7.1811
-0.036 11.0999 -6.35522
-0.034 10.7739 -4.70583
-0.032 10.3651 -2.6167
-0.03 9.92077 -0.548401
-0.028 9.44352 1.04862
-0.026 8.89535 1.81644
-0.024 8.21713 1.55284
-0.022 7.35467 0.244281
-0.02 6.28385 -1.93546
-0.018 5.02799 -4.65879
-0.016 3.66384 -7.50163
-0.014 2.3142 -10.0127
-0.012 1.12835 -11.7822
-0.01 0.253519 -12.5
-0.008 -0.196886 -11.9956
-0.006 -0.170836 -10.2573
-0.004 0.305774 -7.42972
-0.002 1.12819 -3.79343
0 2.12832 0.27214
0.002 3.10359 4.33559
0.004 3.85359 7.96587
0.006 4.21617 10.7848
0.008 4.09569 12.514
0.01 3.47747 13.0106
0.012 2.42562 12.2882
0.014 1.06537 10.5184
0.016 -0.44557 8.01166
0.018 -1.94956 5.17674
0.02 -3.3181 2.4632
0.022 -4.47173 0.292854
0.024 -5.38718 -1.00903
0.026 -6.09117 -1.27056
0.028 -6.64219 -0.506313
0.03 -7.10471 1.08148
0.032 -7.52215 3.13604
0.034 -7.89712 5.209
0.036 -8.1863 6.8425
0.038 -8.31396 7.65567
0.04 -8.20151 7.41878
0.042 -7.80466 6.10026
0.044 -7.14596 3.87606
0.046 -6.33184 1.09808
0.048 -5.54735 -1.77354
0.05 -5.02839 -4.26166
0.052 -5.0161 -5.96876
0.054 -5.70155 -6.65876
0.056 -7.17101 -6.30589
0.058 -9.36288 -5.09906
0.06 -12.0483 -3.39946
0.062 -14.845 -1.66025
0.064 -17.2695 -0.325617
0.066 -18.8215 0.268459
0.068 -19.0869 -0.0301395
0.07 -17.8357 -1.15431
0.072 -15.0911 -2.83063
0.074 -11.1522 -4.63805
0.076 -6.55976 -6.10002
0.078 -2.00995 -6.79047
0.08 1.7712 -6.43097
0.082 4.17005 -4.95765
0.084 4.81776 -2.54272
0.086 3.68467 0.435252
0.088 1.1131 3.46665
0.09 -2.22494 6.01533
0.092 -5.44322 7.62926
0.094 -7.61116 8.03282
0.096 -7.94464 7.18089
0.098 -5.97815 5.26413
0.1 -1.68055 2.66551
0.102 4.51172 -0.120697
0.104 11.7541 -2.5893
0.106 18.9379 -4.32197
0.108 24.8936 -5.06216
0.11 28.6163 -4.75246
0.112 29.4686 -3.52862
0.114 27.3187 -1.67433
0.116 22.5817 0.450284
0.118 16.1516 2.48843
0.12 9.23388 4.15569
0.122 3.1121 5.2838
0.124 -1.10486 5.83178
0.126 -2.70122 5.86597
0.128 -1.49371 5.51773
0.13 2.13702 4.93281
0.132 7.32966 4.22681
0.134 12.9233 3.45865
0.136 17.6997 2.62862
0.138 20.6357 1.69962
0.14 21.1152 0.634147
0.142 19.0517 -0.566273
0.144 14.8983 -1.83272
0.146 9.5389 -3.02259
0.148 4.08774 -3.9396
0.15 -0.360565 -4.37688
0.152 -2.97294 -4.1726
0.154 -3.35848 -3.26358
0.156 -1.64787 -1.72129
0.158 1.54545 0.241716
0.16 5.27256 2.3002
0.162 8.47139 4.07612
0.164 10.2138 5.21786
0.166 9.92167 5.4807
0.168 7.50285 4.78834
0.17 3.3751 3.25884
0.172 -1.62845 1.18658
0.174 -6.45211 -1.01771
0.176 -10.0653 -2.91639
0.178 -11.7082 -4.14365
0.18 -11.0774 -4.49087
0.182 -8.40856 -3.95786
0.184 -4.43292 -2.75663
0.186 -0.218035 -1.26472
0.188 3.07436 0.0632293
0.19 4.4582 0.806158
0.192 3.35975 0.683918
0.194 -0.233755 -0.365191
0.196 -5.74929 -2.15686
0.198 -12.1359 -4.29199
0.2 -18.084 -6.24154
0.202 -22.3102 -7.46698
0.204 -23.8439 -7.54925
0.206 -22.2527 -6.29665
0.208 -17.7537 -3.80568
0.21 -11.1835 -0.458996
0.212 -3.8315 3.14202
0.214 2.83012 6.29768
0.216 7.46079 8.35824
0.218 9.14248 8.86773
0.22 7.58283 7.67066
0.222 3.18469 4.95678
0.224 -3.03478 1.2324
0.226 -9.65946 -2.77703
0.228 -15.1784 -6.27318
0.23 -18.3131 -8.5492
0.232 -18.2962 -9.13738
0.234 -15.0419 -7.90819
0.236 -9.16885 -5.09891
0.238 -1.87208 -1.26529
0.24 5.32999 2.83389
0.242 10.9185 6.39417
0.244 13.6975 8.73068
0.246 13.0489 9.41563
0.248 9.06334 8.35945
0.25 2.52058 5.8199
0.252 -5.27623 2.33923
0.254 -12.7753 -1.37517
0.256 -18.5002 -4.60041
0.258 -21.3539 -6.74595
0.26 -20.8377 -7.46867
0.262 -17.1408 -6.73178
0.264 -11.0837 -4.79667
0.266 -3.92938 -2.15162
0.268 2.89344 0.604014
0.27 8.09535 2.89298
0.272 10.7922 4.28018
0.274 10.6759 4.55459
0.276 8.05598 3.75814
0.278 3.76649 2.15937
0.28 -1.03654 0.181492
0.282 -5.13893 -1.69637
0.284 -7.53365 -3.04233
0.286 -7.63 -3.55696
0.288 -5.36324 -3.12349
0.29 -1.18473 -1.81467
0.292 4.06094 0.141685
0.294 9.34064 2.42679
0.296 13.6711 4.7064
0.298 16.3363 6.69854
0.3 17.035 8.21843
0.302 15.9279 9.19302
0.304 13.575 9.64674
0.306 10.7822 9.66686
0.308 8.39549 9.36095
0.31 7.09122 8.81945
0.312 7.21239 8.09349
0.314 8.68796 7.19308
0.316 11.0527 6.10467
0.318 13.5614 4.82087
0.32 15.37 3.37144
0.322 15.7408 1.84337
0.324 14.2248 0.381193
0.326 10.7779 -0.835504
0.328 5.78731 -1.63303
0.33 -0.000841421 -1.89243
0.332 -5.63387 -1.59252
0.334 -10.1528 -0.83394
0.336 -12.7964 0.164694
0.338 -13.1641 1.10084
0.34 -11.3035 1.64717
0.342 -7.70174 1.52383
0.344 -3.18421 0.567614
0.346 1.25769 -1.21937
0.348 4.67194 -3.65504
0.35 6.33964 -6.40321
0.352 5.91636 -9.03638
0.354 3.49277 -11.1229
0.356 -0.435659 -12.3194
0.358 -5.08074 -12.4471
0.36 -9.52992 -11.5351
0.362 -12.935 -9.81914
0.364 -14.6821 -7.69544
0.366 -14.5084 -5.63864
0.368 -12.5439 -4.10029
0.37 -9.26985 -3.40982
0.372 -5.408 -3.70012
0.374 -1.7638 -4.87471
0.376 0.939576 -6.6251
0.378 2.20272 -8.49536
0.38 1.83888 -9.97997
0.382 -0.00441702 -10.6335
0.384 -2.89129 -10.168
0.386 -6.1977 -8.51631
0.388 -9.24306 -5.84909
0.39 -11.4255 -2.54127
0.392 -12.3333 0.904022
0.394 -11.8125 3.95773
0.396 -9.97829 6.17187
0.398 -7.17209 7.26854
0.4 -3.87751 7.19241
0.402 -0.61461 6.1161
0.404 2.16324 4.39818
0.406 4.14932 2.50392
0.408 5.22613 0.906939
0.41 5.46558 -0.00673224
0.412 5.09067 -0.0121152
0.414 4.41006 0.918057
0.416 3.74169 2.61904
0.418 3.34208 4.77856
0.42 3.35598 7.00858
0.422 3.79516 8.92773
0.424 4.54826 10.2366
0.426 5.41689 10.7704
0.428 6.16784 10.5193
0.43 6.58889 9.61544
0.432 6.53604 8.29044
0.434 5.96266 6.81739
0.436 4.92575 5.44976
0.438 3.56937 4.3715
0.44 2.09032 3.66776
0.442 0.694758 3.32045
0.444 -0.444393 3.227
0.446 -1.21991 3.23568
0.448 -1.60659 3.18798
0.45 -1.65924 2.95752
0.452 -1.49416 2.47694
0.454 -1.25913 1.74758
0.456 -1.09886 0.831924
0.458 -1.12315 -0.167363
0.46 -1.38422 -1.1347
0.462 -1.86762 -1.96758
0.464 -2.4981 -2.59528
0.466 -3.15854 -2.98695
0.468 -3.71702 -3.14942
0.47 -4.05581 -3.11706
0.472 -4.09583 -2.93802
0.474 -3.81196 -2.66118
0.476 -3.23666 -2.32733
0.478 -2.4522 -1.96655
0.48 -1.57337 -1.60167
0.482 -0.724719 -1.25522
0.484 -0.0167251 -0.956501
0.486 0.47402 -0.744533
0.488 0.716501 -0.664715
0.49 0.726555 -0.758924
0.492 0.55794 -1.05167
0.494 0.286026 -1.5366
0.496 -0.011392 -2.16815
0.498 -0.27125 -2.86193
0.5 -0.456382 -3.5052
0.502 -0.558506 -3.97625
0.504 -0.592937 -4.16901
0.506 -0.586836 -4.01748
0.508 -0.564379 -3.51419
0.51 -0.533098 -2.71785
0.512 -0.475724 -1.74707
0.514 -0.350729 -0.760633
0.516 -0.102628 0.0723933
0.518 0.319711 0.606356
0.52 0.941139 0.749286
0.522 1.74068 0.482844
0.524 2.64048 -0.132656
0.526 3.50789 -0.969503
0.528 4.17242 -1.85789
0.53 4.45604 -2.61988
0.532 4.21169 -3.10485
0.534 3.36224 -3.2187
0.536 1.93071 -2.94092
0.538 0.0535407 -2.32608
0.54 -2.02874 -1.49024
0.542 -4.00459 -0.585901
0.544 -5.54381 0.228718
0.546 -6.3603 0.819337
0.548 -6.27272 1.09869
0.55 -5.25017 1.03907
0.552 -3.43173 0.673128
0.554 -1.11336 0.0838163
0.556 1.29797 -0.613226
0.558 3.35626 -1.29064
0.56 4.66159 -1.82912
0.562 4.94179 -2.13249
0.564 4.11352 -2.13645
0.566 2.30907 -1.8112
0.568 -0.138446 -1.16026
0.57 -2.75061 -0.2176
0.572 -4.9907 0.954895
0.574 -6.36605 2.26949
0.576 -6.52586 3.61527
0.578 -5.33458 4.86346
0.58 -2.90516 5.87718
0.582 0.416012 6.52648
0.584 4.11064 6.70775
0.586 7.58511 6.36504
0.588 10.2829 5.50896
0.59 11.7906 4.22821
0.592 11.9154 2.68884
0.594 10.7197 1.11827
0.596 8.50483 -0.226235
0.598 5.74787 -1.10073
0.6 3.00479 -1.32226
0.602 0.798894 -0.811353
0.604 -0.481999 0.38068
0.606 -0.658911 2.06744
0.608 0.20908 3.94988
0.61 1.84488 5.66365
0.612 3.8172 6.84398
0.614 5.63365 7.19621
0.616 6.8428 6.55772
0.618 7.12396 4.93776
0.62 6.34673 2.52564
0.622 4.58937 -0.336523
0.624 2.11405 -3.21243
0.626 -0.693999 -5.65133
0.628 -3.40896 -7.27332
0.63 -5.64992 -7.84328
0.632 -7.15106 -7.31824
0.634 -7.80243 -5.85762
0.636 -7.65457 -3.79355
0.638 -6.88905 -1.56631
0.64 -5.76426 0.362244
0.642 -4.55108 1.59984
0.644 -3.47402 1.90058
0.646 -2.67095 1.21161
0.648 -2.17907 -0.319592
0.65 -1.94804 -2.37826
0.652 -1.87407 -4.54825
0.654 -1.84424 -6.39657
0.656 -1.77779 -7.55912
0.658 -1.65299 -7.80999
0.66 -1.51225 -7.10096
0.662 -1.4446 -5.56376
0.664 -1.55118 -3.47606
0.666 -1.90384 -1.19965
0.668 -2.50954 0.895214
0.67 -3.29168 2.50253
0.672 -4.0952 3.4354
0.674 -4.71634 3.65251
0.676 -4.95069 3.25268
0.678 -4.64801 2.44088
0.68 -3.75947 1.47519
0.682 -2.3642 0.607536
0.684 -0.666315 0.0315303
0.686 1.03913 -0.151554
0.688 2.42551 0.0572489
0.69 3.20677 0.568802
0.692 3.20654 1.23855
0.694 2.40745 1.90797
0.696 0.968188 2.4439
0.698 -0.798254 2.76621
0.7 -2.4825 2.85826
0.702 -3.66208 2.75935
0.704 -3.99251 2.54302
0.706 -3.28605 2.28829
0.708 -1.56023 2.05254
0.71 0.955544 1.85358
0.712 3.85775 1.66594
0.714 6.64384 1.43229
0.716 8.80968 1.0865
0.718 9.94947 0.581362
0.72 9.83758 -0.087549
0.722 8.4752 -0.869544
0.724 6.09179 -1.66253
0.726 3.10068 -2.3328
0.728 0.0181467 -2.74639
0.73 -2.63699 -2.80422
0.732 -4.44215 -2.47192
0.734 -5.1479 -1.79622
0.736 -4.71814 -0.902726
0.738 -3.32662 0.0256407
0.74 -1.31264 0.785733
0.742 0.893662 1.19897
0.744 2.8598 1.15362
0.746 4.23476 0.634489
0.748 4.81118 -0.267695
0.75 4.55426 -1.37026
0.752 3.59354 -2.43381
0.754 2.18195 -3.21155
0.756 0.63364 -3.5019
0.758 -0.744359 -3.19317
0.76 -1.7115 -2.29012
0.762 -2.13268 -0.916586
0.764 -1.99091 0.706648
0.766 -1.37413 2.30416
0.768 -0.442088 3.59958
0.77 0.617128 4.36931
0.772 1.62975 4.4855
0.774 2.46823 3.93932
0.776 3.06591 2.84057
0.778 3.41315 1.39415
0.78 3.53882 -0.141025
0.782 3.48489 -1.50179
0.784 3.28315 -2.46879
0.786 2.94157 -2.90335
0.788 2.44388 -2.76685
0.79 1.76194 -2.11994
0.792 0.876291 -1.10363
0.794 -0.202087 0.0923218
0.796 -1.41606 1.26652
0.798 -2.65886 2.24084
0.8 -3.78575 2.88696
0.802 -4.63982 3.14073
0.804 -5.08653 3.00348
0.806 -5.04865 2.53198
0.808 -4.53208 1.82122
0.81 -3.63464 0.984426
0.812 -2.53405 0.134813
0.814 -1.45607 -0.628161
0.816 -0.629038 -1.22719
0.818 -0.234612 -1.6109
0.82 -0.365671 -1.75462
0.822 -1.00152 -1.65994
0.824 -2.00694 -1.3538
0.826 -3.15651 -0.88711
0.828 -4.1801 -0.332167
0.83 -4.81992 0.222366
0.832 -4.88697 0.679795
0.834 -4.30414 0.947314
0.836 -3.12636 0.95066
0.838 -1.53304 0.649341
0.84 0.205834 0.0491493
0.842 1.783 -0.791778
0.844 2.91555 -1.76638
0.846 3.40225 -2.73275
0.848 3.1644 -3.53739
0.85 2.26178 -4.04351
0.852 0.880345 -4.15855
0.854 -0.705615 -3.85476
0.856 -2.18837 -3.17782
0.858 -3.28697 -2.24077
0.86 -3.80021 -1.20376
0.862 -3.64188 -0.242902
0.864 -2.85223 0.485638
0.866 -1.58463 0.878671
0.868 -0.0712427 0.908668
0.87 1.42421 0.630319
0.872 2.65684 0.168817
0.874 3.44395 -0.308103
0.876 3.69328 -0.628261
0.878 3.41177 -0.654652
0.88 2.69494 -0.317463
0.882 1.70095 0.368913
0.884 0.616543 1.30784
0.886 -0.377697 2.34113
0.888 -1.13593 3.28382
0.89 -1.56531 3.96536
0.892 -1.63222 4.26769
0.894 -1.3577 4.1514
0.896 -0.804809 3.66376
0.898 -0.0622065 2.92671
0.9 0.772071 2.10769
0.902 1.60342 1.38015
0.904 2.34865 0.883405
0.906 2.93949 0.691186
0.908 3.32365 0.796473
0.91 3.4655 1.11613
0.912 3.34797 1.51414
0.914 2.97598 1.83763
0.916 2.3801 1.95686
0.918 1.61839 1.79891
0.92 0.774467 1.36674
0.922 -0.0496647 0.738539
0.924 -0.746188 0.0476425
0.926 -1.21794 -0.552035
0.928 -1.39609 -0.926279
0.93 -1.25518 -0.996485
0.932 -0.821653 -0.762096
0.934 -0.172758 -0.303673
0.936 0.575132 0.234718
0.938 1.28743 0.680123
0.94 1.83747 0.874259
0.942 2.13232 0.715373
0.944 2.13245 0.187669
0.946 1.86047 -0.62972
0.948 1.39659 -1.57733
0.95 0.861241 -2.45072
0.952 0.388457 -3.04848
0.954 0.0956813 -3.22145
0.956 0.0568459 -2.91126
0.958 0.285021 -2.16876
0.96 0.728913 -1.14722
0.962 1.28437 -0.0712408
0.964 1.81847 0.812302
0.966 2.20089 1.29052
0.968 2.33509 1.23494
0.97 2.1821 0.634171
0.972 1.77102 -0.399635
0.974 1.19335 -1.65261
0.976 0.582264 -2.85501
0.978 0.0811811 -3.74068
0.98 -0.190893 -4.10664
0.982 -0.169285 -3.85922
0.984 0.138492 -3.03598
0.986 0.651421 -1.79867
0.988 1.23098 -0.398203
0.99 1.71121 0.880345
0.992 1.93646 1.7808
0.994 1.79832 2.13269
0.996 1.26344 1.88899
0.998 0.38575 1.13603
1 -0.700304 0.0733476
1.002 -1.8042 -1.03184
1.004 -2.7166 -1.90506
1.006 -3.25146 -2.32604
1.008 -3.284 -2.17727
1.01 -2.77666 -1.46908
1.012 -1.78783 -0.33583
1.014 -0.461792 0.995282
1.016 0.997735 2.25549
1.018 2.36481 3.19398
1.02 3.43168 3.6322
1.022 4.04414 3.50076
1.024 4.12537 2.85108
1.026 3.68388 1.83985
1.028 2.8054 0.690516
1.03 1.63166 -0.35851
1.032 0.331566 -1.10671
1.034 -0.928784 -1.43332
1.036 -2.01122 -1.31915
1.038 -2.82185 -0.844186
1.04 -3.31702 -0.162689
1.042 -3.49942 0.537451
1.044 -3.40729 1.0809
1.046 -3.10033 1.34541
1.048 -2.64632 1.28732
1.05 -2.11137 0.946495
1.052 -1.55518 0.430575
1.054 -1.03072 -0.116685
1.056 -0.585924 -0.554377
1.058 -0.264893 -0.780634
1.06 -0.106274 -0.757104
1.062 -0.138088 -0.515975
1.064 -0.369937 -0.148358
1.066 -0.784863 0.22246
1.068 -1.33387 0.475687
1.07 -1.93593 0.526509
1.072 -2.48542 0.349675
1.074 -2.86712 -0.012933
1.076 -2.97709 -0.46276
1.078 -2.74552 -0.870379
1.08 -2.15625 -1.10998
1.082 -1.25781 -1.09366
1.084 -0.161912 -0.796457
1.086 0.971618 -0.265806
1.088 1.96172 0.387556
1.09 2.63969 1.01498
1.092 2.88298 1.46566
1.094 2.64195 1.62396
1.096 1.95385 1.43919
1.098 0.940045 0.940339
1.1 -0.213662 0.231783
1.102 -1.29073 -0.529303
1.104 -2.08501 -1.1688
1.106 -2.4411 -1.53628
1.108 -2.2851 -1.54086
1.11 -1.63926 -1.17336
1.112 -0.61718 -0.509694
1.114 0.599398 0.305708
1.116 1.79731 1.09251
1.118 2.77456 1.67548
1.12 3.38005 1.92436
1.122 3.54237 1.78336
1.124 3.2818 1.28355
1.126 2.70302 0.53515
1.128 1.97041 -0.298101
1.13 1.27122 -1.03673
1.132 0.774829 -1.5264
1.134 0.597107 -1.67244
1.136 0.777224 -1.46002
1.138 1.27163 -0.955404
1.14 1.96578 -0.288599
1.142 2.70044 0.37839
1.144 3.30671 0.889731
1.146 3.64207 1.1314
1.148 3.61996 1.05601
1.15 3.22683 0.69142
1.152 2.52333 0.131482
1.154 1.6298 -0.488329
1.156 0.699718 -1.02431
1.158 -0.112807 -1.35877
1.16 -0.68427 -1.42684
1.162 -0.945313 -1.22972
1.164 -0.892125 -0.831378
1.166 -0.584154 -0.340167
1.168 -0.129352 0.119729
1.17 0.3394 0.439659
1.172 0.69159 0.552888
1.174 0.824514 0.449641
1.176 0.681939 0.177432
1.178 0.262698 -0.173062
1.18 -0.381784 -0.492756
1.182 -1.15966 -0.683168
1.184 -1.95731 -0.682296
1.186 -2.66024 -0.480825
1.188 -3.17238 -0.12455
1.19 -3.43045 0.297517
1.192 -3.41179 0.676295
1.194 -3.13511 0.911094
1.196 -2.65488 0.936154
1.198 -2.05108 0.738551
1.2 -1.41622 0.362926
1.202 -0.841941 -0.0982651
1.204 -0.40692 -0.526762
1.206 -0.167421 -0.80752
1.208 -0.151078 -0.857706
1.21 -0.354072 -0.648519
1.212 -0.741706 -0.214276
1.214 -1.25235 0.353718
1.216 -1.80466 0.927297
1.218 -2.30784 1.3709
1.22 -2.67404 1.57342
1.222 -2.8317 1.47486
1.224 -2.73771 1.08161
1.226 -2.38661 0.466605
1.228 -1.81452 -0.24578
1.23 -1.09656 -0.906675
1.232 -0.337264 -1.37564
1.234 0.345383 -1.55202
1.236 0.839928 -1.39764
1.238 1.06224 -0.945586
1.24 0.972993 -0.293012
1.242 0.588032 0.420174
1.244 -0.0212221 1.0419
1.246 -0.738211 1.4407
1.248 -1.42125 1.53337
1.25 -1.9297 1.30156
1.252 -2.15138 0.794041
1.254 -2.02558 0.114544
1.256 -1.55686 -0.601689
1.258 -0.816156 -1.21731
1.26 0.0715584 -1.62157
1.262 0.950983 -1.7521
1.264 1.66711 -1.6052
1.266 2.09647 -1.23291
1.268 2.17248 -0.728096
1.27 1.89934 -0.201818
1.272 1.35146 0.241722
1.274 0.657977 0.526689
1.276 -0.0243395 0.619189
1.278 -0.544348 0.53049
1.28 -0.788848 0.309996
1.282 -0.706921 0.030361
1.284 -0.320886 -0.231264
1.286 0.278607 -0.411209
1.288 0.952408 -0.472329
1.29 1.54333 -0.409395
1.292 1.91066 -0.246193
1.294 1.96111 -0.0258705
1.296 1.66969 0.202359
1.298 1.08566 0.396339
1.3 0.322506 0.530537
1.302 -0.466199 0.599903
1.304 -1.11964 0.617559
1.306 -1.50436 0.607483
1.308 -1.54295 0.594623
1.31 -1.23066 0.595429
1.312 -0.63634 0.611632
1.314 0.112398 0.629143
1.316 0.85647 0.622481
1.318 1.439 0.563508
1.32 1.73809 0.431899
1.322 1.69175 0.224176
1.324 1.30967 -0.0415266
1.326 0.669816 -0.326645
1.328 -0.0992985 -0.57937
1.33 -0.846352 -0.74625
1.332 -1.4289 -0.78544
1.334 -1.74214 -0.678317
1.336 -1.73882 -0.436424
1.338 -1.43635 -0.101719
1.34 -0.91027 0.260425
1.342 -0.275889 0.574251
1.344 0.337322 0.769917
1.346 0.81285 0.799343
1.348 1.06988 0.647809
1.35 1.07704 0.338436
1.352 0.854766 -0.0716853
1.354 0.46665 -0.502967
1.356 0.00238261 -0.869904
1.358 -0.443225 -1.0991
1.36 -0.790319 -1.14477
1.362 -0.98886 -0.998409
1.364 -1.02551 -0.690319
1.366 -0.92174 -0.282918
1.368 -0.724479 0.142889
1.37 -0.492092 0.5051
1.372 -0.279514 0.737899
1.374 -0.12615 0.804985
1.376 -0.0492472 0.70607
1.378 -0.0438043 0.475334
1.38 -0.0882928 0.172458
1.382 -0.154008 -0.131502
1.384 -0.215092 -0.370083
1.386 -0.256368 -0.495677
1.388 -0.276948 -0.489028
1.39 -0.288878 -0.362066
1.392 -0.311465 -0.15371
1.394 -0.363125 0.0801561
1.396 -0.453255 0.280044
1.398 -0.576685 0.396379
1.4 -0.712559 0.400103
1.402 -0.828286 0.288095
1.404 -0.887732 0.0825016
1.406 -0.861498 -0.175479
1.408 -0.736475 -0.435589
1.41 -0.521918 -0.649774
1.412 -0.250148 -0.782143
1.414 0.0286726 -0.815517
1.416 0.256758 -0.753371
1.418 0.381713 -0.617092
1.42 0.369364 -0.439521
1.422 0.213298 -0.256562
1.424 -0.0613884 -0.0989798
1.426 -0.401419 0.0136826
1.428 -0.735359 0.0757917
1.43 -0.988303 0.0946229
1.432 -1.09799 0.0863256
1.434 -1.02868 0.0702378
1.436 -0.779482 0.0632068
1.438 -0.385392 0.0753938
1.44 0.0895021 0.108498
1.442 0.565026 0.156612
1.444 0.961437 0.209213
1.446 1.21587 0.255281
1.448 1.29518 0.287258
1.45 1.20228 0.303692
1.452 0.974696 0.309763
1.454 0.675558 0.31555
1.456 0.379198 0.33253
1.458 0.154638 0.369394
1.46 0.0507094 0.428449
1.462 0.0860754 0.50376
1.464 0.246224 0.581686
1.466 0.487876 0.64376
1.468 0.749627 0.671225
1.47 0.966293 0.650077
1.472 1.08371 0.575279
1.474 1.07064 0.453023
1.476 0.925233 0.300341
1.478 0.674558 0.141999
1.48 0.367666 0.00526856
1.482 0.0637949 -0.0862528
1.484 -0.181327 -0.118306
1.486 -0.327927 -0.0896968
1.488 -0.360574 -0.0130801
1.49 -0.290773 0.0874785
1.492 -0.153363 0.181679
1.494 0.00227173 0.239734
1.496 0.124067 0.23914
1.498 0.169454 0.169958
1.5 0.11508 0.0373898
1.502 -0.0380972 -0.138938
1.504 -0.265414 -0.328868
1.506 -0.524501 -0.497962
1.508 -0.765172 -0.61477
1.51 -0.940806 -0.657502
1.512 -1.01862 -0.618638
1.514 -0.986588 -0.506458
1.516 -0.855504 -0.343212
1.518 -0.656038 -0.160396
1.52 -0.431444 0.00774071
1.522 -0.227763 0.13104
1.524 -0.0837382 0.189189
1.526 -0.0227014 0.17526
1.528 -0.0481833 0.0964122
1.53 -0.144072 -0.0282534
1.532 -0.279085 -0.172139
1.534 -0.414361 -0.306848
1.536 -0.512327 -0.40788
1.538 -0.544855 -0.459119
1.54 -0.498942 -0.45523
1.542 -0.378799 -0.40165
1.544 -0.204054 -0.312408
1.546 -0.00461468 -0.20645
1.548 0.186497 -0.103413
1.55 0.340664 -0.0197453
1.552 0.439795 0.0341029
1.554 0.47974 0.0549737
1.556 0.470352 0.0467048
1.558 0.432373 0.0184633
1.56 0.392025 -0.0177907
1.562 0.374613 -0.0500683
1.564 0.398599 -0.068712
1.566 0.471412 -0.0678948
1.568 0.587828 -0.0460834
1.57 0.731189 -0.00557726
1.572 0.877136 0.0485599
1.574 0.998946 0.109804
1.576 1.07326 0.171393
1.578 1.08494 0.227267
1.58 1.03001 0.272664
1.582 0.916189 0.304375
1.584 0.76096 0.320747
1.586 0.587805 0.321532
1.588 0.421408 0.307695
1.59 0.282882 0.281257
1.592 0.185945 0.245175
1.594 0.134784 0.203207
1.596 0.123939 0.159648
1.598 0.140147 0.118867
1.6 0.165672 0.0846538
1.602 0.182349 0.0595037
1.604 0.175464 0.0440256
1.606 0.136684 0.0366884
1.608 0.0654994 0.0340327
1.61 -0.0310116 0.0313676
1.612 -0.139955 0.0238394
1.614 -0.245493 0.00765501
1.616 -0.332212 -0.0188189
1.618 -0.388299 -0.0543681
1.62 -0.407918 -0.0948746
1.622 -0.392297 -0.133984
1.624 -0.349369 -0.164405
1.626 -0.292039 -0.179585
1.628 -0.235467 -0.175348
1.63 -0.193936 -0.151105
1.632 -0.177917 -0.110289
1.634 -0.191923 -0.0598709
1.636 -0.233547 -0.00902421
1.638 -0.293879 0.0327837
1.64 -0.359246 0.0578594
1.642 -0.413925 0.0620318
1.644 -0.44336 0.0456581
1.646 -0.437217 0.0136193
1.648 -0.391702 -0.0257292
1.65 -0.310649 -0.0624335
1.652 -0.205127 -0.0872111
1.654 -0.0916008 -0.0935788
1.656 0.0110583 -0.0793337
1.658 0.0851569 -0.0470407
1.66 0.117695 -0.00342041
1.662 0.103108 0.0422107
1.664 0.044668 0.0800752
1.666 -0.0457865 0.102146
1.668 -0.149799 0.103918
1.67 -0.245588 0.0853146
1.672 -0.312082 0.0505438
1.674 -0.332933 0.00692641
1.676 -0.299736 -0.0369712
1.678 -0.213806 -0.0734243
1.68 -0.0861606 -0.0973206
1.682 0.0643617 -0.107175
1.684 0.214486 -0.105154
1.686 0.340774 -0.0961499
1.688 0.423951 -0.0861608
1.69 0.452443 -0.0804344
1.692 0.424433 -0.0818624
1.694 0.348052 -0.0900601
1.696 0.239694 -0.101391
1.698 0.120802 -0.109949
1.7 0.0137807 -0.109259
1.702 -0.0621524 -0.0942511
1.704 -0.0943843 -0.0629662
1.706 -0.0789307 -0.017518
1.708 -0.0207278 0.0359962
1.71 0.0677989 0.088658
1.712 0.16952 0.130712
1.714 0.266112 0.153897
1.716 0.341547 0.153557
1.718 0.384874 0.129989
1.72 0.391791 0.088663
1.722 0.364798 0.0392164
1.724 0.312007 -0.00660789
1.726 0.244966 -0.0376128
1.728 0.176042 -0.0457844
1.73 0.115942 -0.0282774
1.732 0.0719018 0.0117493
1.734 0.0468611 0.0656796
1.736 0.0396842 0.121277
1.738 0.0462326 0.165405
1.74 0.060911 0.18701
1.742 0.0782406 0.179684
1.744 0.0940672 0.143205
1.746 0.106154 0.0837055
1.748 0.114095 0.012399
1.75 0.118667 -0.0568367
1.752 0.120881 -0.110498
1.754 0.121067 -0.138426
1.756 0.118307 -0.13603
1.758 0.110416 -0.105276
1.76 0.0945179 -0.0542068
1.762 0.0680533 0.00488959
1.764 0.0299217 0.0582274
1.766 -0.0186062 0.0935662
1.768 -0.0735181 0.102858
1.77 -0.128405 0.0839174
1.772 -0.175505 0.0407598
1.774 -0.20725 -0.0174251
1.776 -0.217965 -0.0784093
1.778 -0.205329 -0.129662
1.78 -0.171219 -0.161063
1.782 -0.121692 -0.166997
1.784 -0.0660322 -0.147377
1.786 -0.0150405 -0.107425
1.788 0.0211083 -0.0562969
1.79 0.0349569 -0.00491685
1.792 0.0233471 0.0364622
1.794 -0.0118698 0.0604093
1.796 -0.0641594 0.0637151
1.798 -0.123602 0.0477729
1.8 -0.17889 0.0179182
1.802 -0.219593 -0.0180554
1.804 -0.238214 -0.0518149
1.806 -0.231608 -0.076374
1.808 -0.201456 -0.0875195
1.81 -0.153733 -0.084484
1.812 -0.0973096 -0.0697646
1.814 -0.0420173 -0.0481994
1.816 0.00336894 -0.0255799
1.818 0.0327982 -0.00717039
1.82 0.0439195 0.00350036
1.822 0.038202 0.00530435
1.824 0.0202309 -0.000480869
1.826 -0.00360529 -0.0107725
1.828 -0.0267024 -0.0216871
1.83 -0.0437212 -0.0296609
1.832 -0.0516284 -0.0323884
1.834 -0.0500871 -0.0293435
1.836 -0.041155 -0.0217719
1.838 -0.0284216 -0.012186
1.84 -0.0158483 -0.00352663
1.842 -0.0066294 0.00176217
1.844 -0.00236697 0.0024828
1.846 -0.00275262 -0.000945573
1.848 -0.00580735 -0.00659172
1.85 -0.00858694 -0.0115563
1.852 -0.008145 -0.0128034
1.854 -0.00248581 -0.00805369
1.856 0.00875287 0.00349931
1.858 0.0240736 0.0208423
1.86 0.0404157 0.0412637
1.862 0.0539025 0.0609217
1.864 0.0608472 0.0757265
1.866 0.0587572 0.0823183
1.868 0.0470757 0.0789011
1.87 0.0274644 0.0657226
1.872 0.00354832 0.0450807
1.874 -0.0198264 0.0208521
1.876 -0.0376514 -0.00234426
1.878 -0.0458862 -0.0201526
1.88 -0.0423948 -0.0294206
1.882 -0.0274708 -0.0288617
1.884 -0.00382429 -0.019294
1.886 0.0239657 -0.00341075
1.888 0.0504123 0.0148552
1.89 0.0702758 0.0312201
1.892 0.0796537 0.0419839
1.894 0.0767684 0.0448001
1.896 0.062286 0.0391159
1.898 0.0391122 0.0262
1.9 0.0117252 0.0087734
1.902 -0.0147924 -0.0096523
1.904 -0.0358031 -0.0255655
1.906 -0.0480194 -0.0361927
1.908 -0.050077 -0.0400266
1.91 -0.0426748 -0.0370431
1.912 -0.028279 -0.0285845
1.914 -0.0104831 -0.0169574
1.916 0.00681419 -0.00486021
1.918 0.0202247 0.00522228
1.92 0.027507 0.0115182
1.922 0.0279038 0.0132622
1.924 0.0221347 0.0107392
1.926 0.0120814 0.0050947
1.928 0.000261428 -0.00201847
1.93 -0.0107711 -0.00886079
1.932 -0.0189619 -0.0139915
1.934 -0.023119 -0.0165375
1.936 -0.0230434 -0.0163006
1.938 -0.0194284 -0.0137002
1.94 -0.013579 -0.00958645
1.942 -0.00703853 -0.00498545
1.944 -0.00121779 -0.000844778
1.946 0.00288853 0.00216092
1.948 0.00484763 0.00372823
1.95 0.00478289 0.00391976
1.952 0.00324148 0.00307467
1.954 0.000986704 0.00167164
1.956 -0.00122334 0.000186728
1.958 -0.00281496 -0.0010179
1.96 -0.00349945 -0.00175232
1.962 -0.00328416 -0.00200032
1.964 -0.00240718 -0.00187522
1.966 -0.00122646 -0.00155187
1.968 -0.000100232 -0.00119867
1.97 0.00070814 -0.000929157
1.972 0.00108019 -0.000783038
1.974 0.00104217 -0.000735731
1.976 0.000724563 -0.00072701
1.978 0.000300563 -0.000694927
1.98 -7.42974e-05 -0.000602299
1.982 -0.000303746 -0.000447884
1.984 -0.000364724 -0.000261159
1.986 -0.000295033 -8.56339e-05
1.988 -0.000164087 4.09372e-05
1.99 -3.99932e-05 0.00010113
1.992 3.49488e-05 0.000102022
1.994 5.31602e-05 6.85036e-05
1.996 3.47007e-05 2.98204e-05
1.998 9.80679e-06 5.92825e-06
0.5 0.381873 0.323237
1 0.377421 0.318574
1.5 0.367989 0.308752
2 0.350158 0.292613
2.5 0.32026 0.270864
3 0.278014 0.246068
3.5 0.231257 0.221412
4 0.198563 0.199204
4.5 0.206279 0.180212
5 0.278763 0.164236
5.5 0.424714 0.151267
6 0.626246 0.142095
6.5 0.838042 0.137668
7 1.00023 0.137559
7.5 1.06177 0.13883
8 1.00443 0.136478
8.5 0.855284 0.125666
9 0.67953 0.1046
9.5 0.554983 0.0762409
10 0.538854 0.0475949
10.5 0.642343 0.0267229
11 0.825276 0.0190183
11.5 1.01339 0.0247733
12 1.12974 0.0392925
12.5 1.12531 0.0553352
13 0.995117 0.0664113
13.5 0.774565 0.0691535
14 0.520561 0.0637293
14.5 0.288503 0.0524708
15 0.115931 0.0378289
15.5 0.0179347 0.0209088
16 -0.00781439 0.00128225
16.5 0.0272561 -0.0220457
17 0.108357 -0.0492085
17.5 0.218613 -0.0783831
18 0.33809 -0.105548
18.5 0.44425 -0.125221
19 0.515748 -0.131977
19.5 0.538227 -0.122315
20 0.508701 -0.0963064
20.5 0.435629 -0.0583663
21 0.334431 -0.0166553
21.5 0.221079 0.0189882
22 0.107318 0.0400404
22.5 -0.000281685 0.0421281
23 -0.0979338 0.0265095
23.5 -0.181491 -0.000518367
24 -0.245221 -0.0300908
24.5 -0.283449 -0.0540575
25 -0.293736 -0.0676414
25.5 -0.279091 -0.0704092
26 -0.247379 -0.0653633
26.5 -0.208019 -0.0568752
27 -0.167931 -0.0486106
27.5 -0.129201 -0.0423868
28 -0.0898116 -0.0382371
28.5 -0.0468424 -0.0352771
29 5.43416e-07 -0.0326559
29.5 0.0467478 -0.0300373
30 0.0864031 -0.0275044
30.5 0.11222 -0.0251802
31 0.12101 -0.0229649
31.5 0.114573 -0.0205999
32 0.0985902 -0.0179607
32.5 0.0798361 -0.0152893
33 0.0634315 -0.0131318
33.5 0.0516086 -0.0119724
34 0.0443425 -0.011793
34.5 0.0410152 -0.0118626
35 0.0417646 -0.0109358
35.5 0.0475858 -0.0077977
36 0.0592502 -0.00189221
36.5 0.0759726 0.00629121
37 0.094929 0.0152785
37.5 0.112119 0.0231174
38 0.124121 0.0281241
38.5 0.129638 0.0295543
39 0.12985 0.027911
39.5 0.127308 0.024738
40 0.124061 0.0219555
40.5 0.1202 0.0209918
41 0.11375 0.0220799
41.5 0.102042 0.0240527
42 0.0837626 0.0247836
42.5 0.0604539 0.022131
43 0.0365218 0.0149898
43.5 0.0176133 0.00396346
44 0.00814134 -0.00869182
44.5 0.00920255 -0.0198649
45 0.0179561 -0.0267895
45.5 0.0288072 -0.0281017
46 0.0358575 -0.0242764
46.5 0.0354866 -0.0172715
47 0.0278811 -0.00958951
47.5 0.0168374 -0.00323512
48 0.00795687 0.00094519
48.5 0.00607526 0.00328009
49 0.0130828 0.00472772
49.5 0.0270832 0.00611499
50 0.0432136 0.00758084
50.5 0.0556984 0.00849924
51 0.0601834 0.00789165
51.5 0.0553195 0.00508725
52 0.0429695 0.000271001
52.5 0.0270724 -0.00537993
53 0.0118076 -0.010068
53.5 -4.06041e-05 -0.0121028
54 -0.0078118 -0.0106493
54.5 -0.0125941 -0.00613631
55 -0.0161086 -0.000107055
55.5 -0.0195325 0.00544378
56 -0.0228769 0.00894966
56.5 -0.0251626 0.00995162
57 -0.0251762 0.00924489
57.5 -0.0222957 0.0084176
58 -0.0168904 0.00900917
58.5 -0.0100985 0.0117078
59 -0.00317104 0.0159828
59.5 0.00317568 0.0203224
60 0.00897654 0.0229431
60.5 0.0146657 0.0226168
61 0.0203861 0.0192279
61.5 0.0254275 0.0138347
62 0.0282151 0.00825065
62.5 0.0269565 0.00436336
63 0.0206516 0.00347697
63.5 0.00991408 0.00590429
64 -0.00289572 0.0109061
64.5 -0.0143787 0.0169546
65 -0.0213503 0.0222191
65.5 -0.0220519 0.0251365
66 -0.0167593 0.0249066
66.5 -0.00755825 0.021759
67 0.00252173 0.016876
67.5 0.0105503 0.0119628
68 0.0144679 0.00859408
68.5 0.0133957 0.00758936
69 0.00758554 0.00868737
69.5 -0.00175841 0.0106804
70 -0.012648 0.0119619
70.5 -0.0225342 0.0112419
71 -0.028755 0.00809816
71.5 -0.0292675 0.0031131
72 -0.0234539 -0.0024532
72.5 -0.0125731 -0.00727855
73 0.000521273 -0.0105825
73.5 0.012424 -0.0124434
74 0.0205452 -0.0137053
74.5 0.0240976 -0.015544
75 0.0241477 -0.0189025
75.5 0.0226943 -0.0240359
76 0.0213265 -0.0303376
76.5 0.020289 -0.0364941
77 0.01854 -0.0408918
77.5 0.0147619 -0.0421272
78 0.00865797 -0.0394497
78.5 0.00165346 -0.0330036
79 -0.00352713 -0.0238008
79.5 -0.00422809 -0.0134418
80 0.000620778 -0.00367675
80.5 0.00976255 0.00404917
81 0.020121 0.00892694
81.5 0.0282853 0.0108976
82 0.0321242 0.0105409
82.5 0.0316289 0.00880982
83 0.0285735 0.00672478
83.5 0.0252872 0.00513043
84 0.0233163 0.00456578
84.5 0.0227382 0.00523874
85 0.0224195 0.00706134
85.5 0.0209258 0.00970583
86 0.0174465 0.0126694
86.5 0.0121868 0.0153594
87 0.00608951 0.0172104
87.5 0.000176669 0.0178148
88 -0.0050161 0.0170251
88.5 -0.00958995 0.0149768
89 -0.0140214 0.012015
89.5 -0.0187553 0.00855554
90 -0.0239502 0.00495046
90.5 -0.0294941 0.00142354
91 -0.0351806 -0.00189945
91.5 -0.0408392 -0.00490039
92 -0.0463017 -0.00738982
92.5 -0.0512752 -0.00910249
93 -0.0553027 -0.00978271
93.5 -0.0579327 -0.00931619
94 -0.059025 -0.00783292
94.5 -0.0589407 -0.00571735
95 -0.0583746 -0.00351023
95.5 -0.0578039 -0.00174086
96 -0.0568355 -0.000760173
96.5 -0.0539134 -0.000640021
97 -0.0467369 -0.0011712
97.5 -0.0333573 -0.00195244
98 -0.0134739 -0.00253357
98.5 0.0107872 -0.00256566
99 0.0351705 -0.00191439
99.5 0.0547114 -0.000704769
100 0.0657243 0.000718633
100.5 0.0674408 0.00190861
101 0.0624822 0.00247504
101.5 0.0558802 0.00222992
102 0.0530435 0.00125674
102.5 0.0575556 -0.000130579
103 0.0697346 -0.00152439
103.5 0.0865046 -0.00259077
104 0.102537 -0.00318256
104.5 0.112138 -0.00334036
105 0.111161 -0.00318724
105.5 0.0983523 -0.00278907
106 0.0758061 -0.00207691
106.5 0.0484933 -0.000892668
107 0.0230085 0.000860552
107.5 0.00582269 0.00305862
108 0.00145491 0.00530377
108.5 0.011085 0.0070432
109 0.0321238 0.00782001
109.5 0.0590207 0.00752645
110 0.0851421 0.00650808
110.5 0.105058 0.00543774
111 0.116316 0.00500395
111.5 0.119944 0.00556794
112 0.119467 0.00697096
112.5 0.11892 0.00859773
113 0.120789 0.00966572
113.5 0.124797 0.00958965
114 0.128023 0.00823621
114.5 0.126208 0.0059515
115 0.115633 0.00337066
115.5 0.0947868 0.00112955
116 0.0652444 -0.000368215
116.5 0.0314788 -0.00103024
117 -0.000296868 -0.00100155
117.5 -0.0239256 -0.000519692
118 -0.0352139 0.000202464
118.5 -0.0333265 0.00101355
119 -0.0211006 0.0017953
119.5 -0.00401588 0.00242573
120 0.0119161 0.00278212
120.5 0.0225199 0.00278792
121 0.0269988 0.002465
121.5 0.0278528 0.00194402
122 0.0291527 0.00141466
122.5 0.0340472 0.00104014
123 0.0428625 0.00088556
123.5 0.0528718 0.000900055
124 0.0598751 0.000957648
124.5 0.0606644 0.000927492
125 0.0549025 0.00073283
125.5 0.045289 0.000373625
126 0.0359217 -8.50407e-05
126.5 0.0298677 -0.000538757
127 0.0274395 -0.000865605
127.5 0.0262248 -0.000941491
128 0.0228316 -0.000660046
128.5 0.0152553 3.28727e-05
129 0.00441152 0.00109509
129.5 -0.00608762 0.00235676
130 -0.0117624 0.00352908
130.5 -0.00960171 0.00426771
131 0.000434448 0.00427971
131.5 0.0155283 0.00343846
132 0.0315314 0.00185984
132.5 0.044914 -9.86135e-05
133 0.0540019 -0.00192765
133.5 0.0588967 -0.00312352
134 0.0603138 -0.00336028
134.5 0.0581997 -0.0026119
135 0.05106 -0.00117044
135.5 0.0364605 0.000456412
136 0.0124615 0.00173645
136.5 -0.020771 0.00231982
137 -0.0600274 0.00217762
137.5 -0.0992978 0.00161426
138 -0.131157 0.00114816
138.5 -0.14878 0.00130923
139 -0.147867 0.00243095
139.5 -0.127847 0.00451013
140 -0.0920163 0.00717602
140.5 -0.0466463 0.00977404
141 0.000627249 0.0115412
141.5 0.0426296 0.0118338
142 0.0741687 0.0103542
142.5 0.0928631 0.00730732
143 0.0991218 0.003416
143.5 0.0954079 -0.000254181
144 0.0851356 -0.00263968
144.5 0.0716336 -0.00308662
145 0.057499 -0.00165065
145.5 0.0444367 0.000869931
146 0.0334329 0.0032239
146.5 0.0249942 0.00422213
147 0.0192384 0.00325497
147.5 0.0158212 0.000568389
148 0.0138698 -0.00283852
148.5 0.0121456 -0.0056502
149 0.00951912 -0.00679991
149.5 0.00558831 -0.00590491
150 0.0010845 -0.00339034
150.5 -0.00226177 -0.00027914
151 -0.0024574 0.0022257
151.5 0.00172292 0.00317421
152 0.00996279 0.00215836
152.5 0.02037 -0.000610873
153 0.0302845 -0.00441704
153.5 0.0375353 -0.00827346
154 0.0414468 -0.0112059
154.5 0.0429852 -0.0125182
155 0.0439191 -0.0119828
155.5 0.0454678 -0.00990102
156 0.047268 -0.00700276
156.5 0.0473578 -0.00420408
157 0.043294 -0.00230643
157.5 0.0338132 -0.00175476
158 0.0200537 -0.0025501
158.5 0.00553019 -0.00433615
159 -0.00526526 -0.00659319
159.5 -0.0089577 -0.00882982
160 -0.00495528 -0.0106884
160.5 0.00424939 -0.0119534
161 0.0143421 -0.0125161
161.5 0.0213491 -0.0123632
162 0.0235371 -0.0116106
162.5 0.0220497 -0.0105401
163 0.0199912 -0.00957339
163.5 0.0205242 -0.00915017
164 0.0250524 -0.00955038
164.5 0.0324536 -0.010757
165 0.0397008 -0.0124468
165.5 0.0434431 -0.014126
166 0.0416437 -0.0153406
166.5 0.0344343 -0.0158457
167 0.0238391 -0.0156467
167.5 0.0126551 -0.0149059
168 0.00316812 -0.0137919
168.5 -0.00363154 -0.0123711
169 -0.00803422 -0.0106038
169.5 -0.0109682 -0.00843199
170 -0.0132026 -0.00588809
170.5 -0.0148711 -0.00314897
171 -0.0155385 -0.00050234
171.5 -0.0146889 0.00175013
172 -0.0122867 0.00339542
172.5 -0.00904112 0.0043669
173 -0.00618964 0.00474042
173.5 -0.00488777 0.00468477
174 -0.00551559 0.00439583
174.5 -0.00727868 0.00403681
175 -0.00836202 0.00369364
175.5 -0.00664082 0.00334976
176 -0.000676078 0.0028876
176.5 0.00944826 0.0021258
177 0.0218627 0.000892115
177.5 0.0334093 -0.000887385
178 0.0407447 -0.00311819
178.5 0.0415997 -0.00552148
179 0.0356575 -0.00768717
179.5 0.0246689 -0.00918119
180 0.011773 -0.00966983
180.5 0.000343963 -0.00901988
181 -0.00712895 -0.00734556
181.5 -0.00969186 -0.00499171
182 -0.00794044 -0.00245792
182.5 -0.00353637 -0.000278763
183 0.00146171 0.00111484
183.5 0.00516682 0.00151725
184 0.00621042 0.00101088
184.5 0.00390858 -6.11382e-05
185 -0.0016645 -0.00121294
185.5 -0.00968053 -0.00198349
186 -0.0187192 -0.00208478
186.5 -0.0271644 -0.00146757
187 -0.0337719 -0.00028456
187.5 -0.0381606 0.00121414
188 -0.0409111 0.00278388
188.5 -0.0431084 0.00422935
189 -0.0454984 0.00538226
189.5 -0.047734 0.00605975
190 -0.0482467 0.00606935
190.5 -0.0449823 0.00529245
191 -0.036726 0.00381276
191.5 -0.0243019 0.00200401
192 -0.0108764 0.000492894
192.5 -0.00100222 -2.6835e-05
193 0.00128048 0.000933028
193.5 -0.00560476 0.00341726
194 -0.0197642 0.00694131
194.5 -0.036337 0.0106086
195 -0.0493163 0.0133912
195.5 -0.0538442 0.0144652
196 -0.0479348 0.0134788
196.5 -0.0329198 0.0106644
197 -0.0125747 0.00676756
197.5 0.00851691 0.00282644
198 0.0265593 -0.000128817
198.5 0.0394875 -0.001365
199 0.0470742 -0.000633915
199.5 0.0504156 0.00180477
200 0.051179 0.00533696
200.5 0.0509277 0.00926237
201 0.0506609 0.0130553
201.5 0.0505848 0.016486
202 0.0501095 0.019535
202.5 0.0480975 0.0221503
203 0.0433666 0.024006
203.5 0.0353337 0.0244455
204 0.0245496 0.0227038
204.5 0.0128248 0.0183361
205 0.00278039 0.0116285
205.5 -0.00307837 0.00373596
206 -0.0033984 -0.00358796
206.5 0.00134654 -0.00858968
207 0.00888796 -0.0101696
207.5 0.0159391 -0.00827401
208 0.0194189 -0.00383827
208.5 0.0176264 0.00167021
209 0.0108821 0.00685357
209.5 0.00137591 0.0108233
210 -0.00772417 0.0132951
210.5 -0.0135509 0.0143742
211 -0.0146943 0.0142418
211.5 -0.0117601 0.0129765
212 -0.00707775 0.010615
212.5 -0.00365461 0.0073661
213 -0.00380693 0.0037715
213.5 -0.0080705 0.000639434
214 -0.0149026 -0.0012628
214.5 -0.0213387 -0.0015927
215 -0.0243126 -0.000652426
215.5 -0.0220181 0.000712727
216 -0.0146563 0.00150438
216.5 -0.00422527 0.00104117
217 0.00650753 -0.000748182
217.5 0.0153009 -0.00335709
218 0.0213512 -0.0060116
218.5 0.0254061 -0.0080569
219 0.029107 -0.00919715
219.5 0.0339654 -0.00948517
220 0.0405082 -0.00913136
220.5 0.0479661 -0.00830869
221 0.0545652 -0.00710397
221.5 0.058203 -0.0056324
222 0.0571846 -0.00419062
222.5 0.0507646 -0.00328084
223 0.0393794 -0.00342604
223.5 0.0245741 -0.00485698
224 0.00867034 -0.00726946
224.5 -0.00576212 -0.00983789
225 -0.0165341 -0.0115276
225.5 -0.0224023 -0.0115625
226 -0.0233696 -0.00979871
226.5 -0.0205744 -0.00679879
227 -0.0157855 -0.00357079
227.5 -0.0107165 -0.00112342
228 -0.00647577 -7.89693e-05
228.5 -0.00339986 -0.000528148
229 -0.00129727 -0.00215157
229.5 0.000104116 -0.00447738
230 0.000818846 -0.0070905
230.5 0.000589986 -0.0096788
231 -0.000819014 -0.0119365
231.5 -0.00326021 -0.0134489
232 -0.00605172 -0.0136893
232.5 -0.00818781 -0.0121683
233 -0.00881188 -0.00866304
233.5 -0.00767605 -0.00338809
234 -0.00530759 0.00300096
234.5 -0.00277529 0.00958311
235 -0.00118241 0.0154409
235.5 -0.00116229 0.0198961
236 -0.00263396 0.0226195
236.5 -0.00491357 0.0236037
237 -0.00708161 0.0230533
237.5 -0.00839171 0.0212731
238 -0.00852461 0.0186014
238.5 -0.00760797 0.0153901
239 -0.00605394 0.0119996
239.5 -0.00433752 0.00877477
240 -0.00282715 0.00599715
240.5 -0.00171488 0.0038336
241 -0.00103048 0.00231122
241.5 -0.000694797 0.00133524
242 -0.000576538 0.000742362
242.5 -0.000538401 0.00036505
243 -0.000472721 8.02415e-05
243.5 -0.000325876 -0.000171966
244 -0.000105168 -0.000398004
244.5 0.000136777 -0.000576189
245 0.000334682 -0.000682909
245.5 0.000444108 -0.000709624
246 0.000458559 -0.000667723
246.5 0.000403875 -0.000583851
247 0.000318161 -0.000490867
247.5 0.000232768 -0.000419244
248 0.000165114 -0.000391623
248.5 0.000122647 -0.000420509
249 0.000108982 -0.00050734
249.5 0.000124353 -0.00064134
250 0.000160688 -0.000798514
250.5 0.000198661 -0.000943331
251 0.000213394 -0.00103575
251.5 0.000187719 -0.00104346
252 0.000124094 -0.000954997
252.5 4.5415e-05 -0.000786676
253 -1.75491e-05 -0.000578305
253.5 -4.44721e-05 -0.000378117
254 -3.72913e-05 -0.000223901
254.5 -1.76993e-05 -0.000129879
255 -1.24576e-05 -8.57396e-05
255.5 -3.67701e-05 -6.72118e-05
256 -8.6427e-05 -5.11233e-05
256.5 -0.000142562 -2.6218e-05
257 -0.000184204 5.24817e-06
257.5 -0.000199594 3.38472e-05
258 -0.00018972 5.1533e-05
258.5 -0.000163915 5.66618e-05
259 -0.000132483 5.33834e-05
259.5 -0.00010184 4.74975e-05
260 -7.42744e-05 4.26537e-05
260.5 -5.04741e-05 3.94185e-05
261 -3.15641e-05 3.69228e-05
261.5 -1.89466e-05 3.49288e-05
262 -1.27707e-05 3.44257e-05
262.5 -1.10196e-05 3.65866e-05
263 -1.03043e-05 4.14032e-05
263.5 -7.6928e-06 4.73811e-05
264 -2.03676e-06 5.25321e-05
264.5 6.08308e-06 5.57215e-05
265 1.53317e-05 5.72298e-05
265.5 2.43883e-05 5.81948e-05
266 3.1934e-05 5.95637e-05
266.5 3.6354e-05 6.1459e-05
267 3.60669e-05 6.33155e-05
267.5 3.07091e-05 6.44047e-05
268 2.22841e-05 6.41204e-05
268.5 1.49904e-05 6.18236e-05
269 1.32961e-05 5.6631e-05
269.5 1.92873e-05 4.76615e-05
270 3.11287e-05 3.4787e-05
270.5 4.38661e-05 1.93223e-05
271 5.21807e-05 3.93671e-06
271.5 5.33141e-05 -8.39706e-06
272 4.8299e-05 -1.58272e-05
272.5 4.08599e-05 -1.84576e-05
273 3.4909e-05 -1.80131e-05
273.5 3.23198e-05 -1.6597e-05
274 3.2189e-05 -1.54418e-05
274.5 3.16571e-05 -1.44959e-05
275 2.74736e-05 -1.30125e-05
275.5 1.73987e-05 -1.05658e-05
276 1.02832e-06 -7.67595e-06
276.5 -1.99148e-05 -5.60919e-06
277 -4.17334e-05 -5.56907e-06
277.5 -5.94779e-05 -7.90409e-06
278 -6.83809e-05 -1.1858e-05
278.5 -6.5739e-05 -1.59523e-05
279 -5.24092e-05 -1.86898e-05
279.5 -3.29428e-05 -1.91688e-05
280 -1.39468e-05 -1.73783e-05
280.5 -1.28482e-06 -1.41679e-05
281 2.49512e-06 -1.09867e-05
281.5 -8.3956e-07 -9.45195e-06
282 -6.26891e-06 -1.08023e-05
282.5 -8.02479e-06 -1.53725e-05
283 -2.24322e-06 -2.23406e-05
283.5 1.14347e-05 -2.99652e-05
284 2.98475e-05 -3.6294e-05
284.5 4.76647e-05 -4.00117e-05
285 5.94221e-05 -4.09536e-05
285.5 6.14716e-05 -3.99792e-05
286 5.32194e-05 -3.83027e-05
286.5 3.72764e-05 -3.6717e-05
287 1.8462e-05 -3.51968e-05
287.5 1.9998e-06 -3.30844e-05
288 -8.39908e-06 -2.96659e-05
288.5 -1.17614e-05 -2.47211e-05
289 -9.87302e-06 -1.8706e-05
289.5 -6.17016e-06 -1.25101e-05
290 -4.12256e-06 -7.00256e-06
290.5 -5.8943e-06 -2.65488e-06
291 -1.17792e-05 5.80864e-07
291.5 -2.04115e-05 3.14518e-06
292 -2.94154e-05 5.61111e-06
292.5 -3.61547e-05 8.41407e-06
293 -3.84481e-05 1.1651e-05
293.5 -3.52417e-05 1.50007e-05
294 -2.71324e-05 1.78081e-05
294.5 -1.64556e-05 1.93439e-05
295 -6.66251e-06 1.91608e-05
295.5 -1.05381e-06 1.73785e-05
296 -1.40311e-06 1.47147e-05
296.5 -7.21607e-06 1.21961e-05
297 -1.60775e-05 1.06719e-05
297.5 -2.48885e-05 1.03924e-05
298 -3.12416e-05 1.089e-05
298.5 -3.41454e-05 1.12279e-05
299 -3.38088e-05 1.04711e-05
299.5 -3.08592e-05 8.12341e-06
300 -2.56827e-05 4.32952e-06
300.5 -1.83476e-05 -2.03878e-07
301 -9.02247e-06 -4.46914e-06
301.5 1.59662e-06 -7.45565e-06
302 1.22806e-05 -8.3864e-06
302.5 2.16976e-05 -6.86754e-06
303 2.89002e-05 -2.96157e-06
303.5 3.3459e-05 2.81351e-06
304 3.51778e-05 9.57098e-06
304.5 3.37223e-05 1.62257e-05
305 2.85959e-05 2.17088e-05
305.5 1.96075e-05 2.51643e-05
306 7.52713e-06 2.60833e-05
306.5 -5.60731e-06 2.4372e-05
307 -1.69031e-05 2.03789e-05
307.5 -2.36553e-05 1.48853e-05
308 -2.45105e-05 9.02941e-06
308.5 -2.01314e-05 4.11508e-06
309 -1.29958e-05 1.30126e-06
309.5 -6.39235e-06 1.24994e-06
310 -3.05247e-06 3.86881e-06
310.5 -4.00491e-06 8.27481e-06
311 -8.14516e-06 1.30198e-05
311.5 -1.27298e-05 1.65134e-05
312 -1.46327e-05 1.75038e-05
312.5 -1.1854e-05 1.54662e-05
313 -4.60038e-06 1.07798e-05
313.5 4.61929e-06 4.62764e-06
314 1.20004e-05 -1.37742e-06
314.5 1.411e-05 -5.75372e-06
315 9.40142e-06 -7.71101e-06
315.5 -1.16794e-06 -7.46902e-06
316 -1.46613e-05 -6.14509e-06
316.5 -2.74448e-05 -5.20374e-06
317 -3.64886e-05 -5.69878e-06
317.5 -4.00725e-05 -7.69134e-06
318 -3.77737e-05 -1.01734e-05
318.5 -3.00715e-05 -1.1567e-05
319 -1.80261e-05 -1.05444e-05
319.5 -3.22169e-06 -6.72874e-06
320 1.22101e-05 -9.04076e-07
320.5 2.58163e-05 5.34645e-06
321 3.54197e-05 1.03416e-05
321.5 3.98366e-05 1.29545e-05
322 3.92616e-05 1.29167e-05
322.5 3.50235e-05 1.07115e-05
323 2.88346e-05 7.21334e-06
323.5 2.20024e-05 3.30244e-06
324 1.50894e-05 -3.94852e-07
324.5 8.1713e-06 -3.61018e-06
325 1.42118e-06 -6.42347e-06
325.5 -4.45515e-06 -9.16716e-06
326 -8.26575e-06 -1.2239e-05
326.5 -8.83417e-06 -1.58367e-05
327 -5.62643e-06 -1.97032e-05
327.5 8.81348e-07 -2.30388e-05
328 9.2917e-06 -2.47018e-05
328.5 1.7761e-05 -2.36742e-05
329 2.46193e-05 -1.95922e-05
329.5 2.88821e-05 -1.30561e-05
330 3.04926e-05 -5.52311e-06
330.5 3.02514e-05 1.19729e-06
331 2.94729e-05 5.60757e-06
331.5 2.9477e-05 7.02923e-06
332 3.10776e-05 5.734e-06
332.5 3.42486e-05 2.69028e-06
333 3.80946e-05 -8.97111e-07
333.5 4.11342e-05 -4.01248e-06
334 4.17771e-05 -6.05393e-06
334.5 3.88201e-05 -6.83265e-06
335 3.18233e-05 -6.43705e-06
335.5 2.13156e-05 -5.08256e-06
336 8.81997e-06 -3.0223e-06
336.5 -3.32841e-06 -5.23741e-07
337 -1.24258e-05 2.12761e-06
337.5 -1.61046e-05 4.63623e-06
338 -1.31428e-05 6.72571e-06
338.5 -4.05785e-06 8.17223e-06
339 8.85719e-06 8.8221e-06
339.5 2.21921e-05 8.59155e-06
340 3.25696e-05 7.46794e-06
340.5 3.78035e-05 5.53465e-06
341 3.75566e-05 3.01941e-06
341.5 3.3241e-05 3.3153e-07
342 2.72851e-05 -1.96622e-06
342.5 2.21562e-05 -3.28739e-06
343 1.95661e-05 -3.23275e-06
343.5 2.00947e-05 -1.79605e-06
344 2.32372e-05 5.50924e-07
344.5 2.77258e-05 2.97173e-06
345 3.19642e-05 4.55781e-06
345.5 3.44653e-05 4.67846e-06
346 3.42181e-05 3.22335e-06
346.5 3.09127e-05 6.23393e-07
347 2.49573e-05 -2.34674e-06
347.5 1.72768e-05 -4.86824e-06
348 8.97459e-06 -6.32671e-06
348.5 1.00561e-06 -6.41381e-06
349 -6.01046e-06 -5.09131e-06
349.5 -1.17973e-05 -2.50418e-06
350 -1.63101e-05 1.07206e-06
350.5 -1.95965e-05 5.2306e-06
351 -2.1691e-05 9.43024e-06
351.5 -2.2553e-05 1.30552e-05
352 -2.20486e-05 1.55514e-05
352.5 -2.00007e-05 1.65828e-05
353 -1.63336e-05 1.61178e-05
353.5 -1.12806e-05 1.43969e-05
354 -5.53172e-06 1.18031e-05
354.5 -1.64349e-07 8.7151e-06
355 3.70682e-06 5.41509e-06
355.5 5.42939e-06 2.07284e-06
356 5.17914e-06 -1.22585e-06
356.5 3.92874e-06 -4.44833e-06
357 2.97656e-06 -7.59343e-06
357.5 3.27907e-06 -1.0658e-05
358 4.98027e-06 -1.3575e-05
358.5 7.42416e-06 -1.61484e-05
359 9.63265e-06 -1.80467e-05
359.5 1.09359e-05 -1.89034e-05
360 1.13571e-05 -1.85047e-05
360.5 1.15297e-05 -1.6963e-05
361 1.22354e-05 -1.47552e-05
361.5 1.3879e-05 -1.25681e-05
362 1.62263e-05 -1.10131e-05
362.5 1.85368e-05 -1.03624e-05
363 1.99753e-05 -1.04532e-05
363.5 2.0045e-05 -1.08086e-05
364 1.8809e-05 -1.08913e-05
364.5 1.6822e-05 -1.03385e-05
365 1.48551e-05 -9.05589e-06
365.5 1.35849e-05 -7.15994e-06
366 1.33982e-05 -4.8545e-06
366.5 1.43781e-05 -2.35116e-06
367 1.64248e-05 1.21085e-07
367.5 1.93938e-05 2.26685e-06
368 2.31289e-05 3.73287e-06
368.5 2.73429e-05 4.22987e-06
369 3.14231e-05 3.72209e-06
369.5 3.43352e-05 2.55383e-06
370 3.4792e-05 1.38524e-06
370.5 3.17172e-05 9.12764e-07
371 2.48229e-05 1.49403e-06
371.5 1.49826e-05 2.88864e-06
372 4.12695e-06 4.29423e-06
372.5 -5.37543e-06 4.70658e-06
373 -1.15899e-05 3.44301e-06
373.5 -1.37165e-05 5.54517e-07
374 -1.2277e-05 -3.11045e-06
374.5 -8.73114e-06 -6.24911e-06
375 -4.76893e-06 -7.68928e-06
375.5 -1.65887e-06 -6.91272e-06
376 7.01356e-08 -4.24441e-06
376.5 5.71341e-07 -6.21343e-07
377 4.02323e-07 2.91225e-06
377.5 2.21503e-07 5.693e-06
378 5.58661e-07 7.64847e-06
378.5 1.648e-06 9.1458e-06
379 3.29121e-06 1.06093e-05
379.5 4.78841e-06 1.21582e-05
380 5.04231e-06 1.34787e-05
380.5 2.90725e-06 1.39873e-05
381 -2.28757e-06 1.31692e-05
381.5 -1.02646e-05 1.08933e-05
382 -1.96379e-05 7.54219e-06
382.5 -2.8207e-05 3.91139e-06
383 -3.36206e-05 9.44645e-07
383.5 -3.41465e-05 -5.78107e-07
384 -2.92345e-05 -2.97162e-07
384.5 -1.96751e-05 1.5893e-06
385 -7.33118e-06 4.33836e-06
385.5 5.42279e-06 6.83951e-06
386 1.63501e-05 7.93881e-06
386.5 2.3894e-05 6.83691e-06
387 2.74714e-05 3.42592e-06
387.5 2.74572e-05 -1.58872e-06
388 2.48893e-05 -6.87277e-06
388.5 2.10178e-05 -1.09144e-05
389 1.68832e-05 -1.25679e-05
389.5 1.30853e-05 -1.14599e-05
390 9.80789e-06 -8.08845e-06
390.5 7.02643e-06 -3.59269e-06
391 4.73669e-06 6.80505e-07
391.5 3.05582e-06 3.61496e-06
392 2.15634e-06 4.60688e-06
392.5 2.11761e-06 3.63062e-06
393 2.8332e-06 1.13044e-06
393.5 4.062e-06 -2.17389e-06
394 5.59635e-06 -5.49308e-06
394.5 7.42796e-06 -8.14863e-06
395 9.78554e-06 -9.71246e-06
395.5 1.29989e-05 -1.00869e-05
396 1.72547e-05 -9.49666e-06
396.5 2.23815e-05 -8.3775e-06
397 2.77901e-05 -7.19231e-06
397.5 3.26205e-05 -6.25073e-06
398 3.604e-05 -5.62285e-06
398.5 3.75622e-05 -5.19202e-06
399 3.72388e-05 -4.80863e-06
399.5 3.56257e-05 -4.43809e-06
400 3.353e-05 -4.19142e-06
400.5 3.16478e-05 -4.20056e-06
401 3.02698e-05 -4.41265e-06
401.5 2.9202e-05 -4.45508e-06
402 2.79442e-05 -3.70789e-06
402.5 2.60293e-05 -1.60479e-06
403 2.33366e-05 1.96965e-06
403.5 2.02098e-05 6.41684e-06
404 1.73233e-05 1.04935e-05
404.5 1.53759e-05 1.27506e-05
405 1.47788e-05 1.2169e-05
405.5 1.54806e-05 8.68002e-06
406 1.69896e-05 3.28581e-06
406.5 1.85573e-05 -2.31797e-06
407 1.94446e-05 -6.45951e-06
407.5 1.91884e-05 -8.20651e-06
408 1.78019e-05 -7.73353e-06
408.5 1.58432e-05 -6.16918e-06
409 1.4293e-05 -5.01104e-06
409.5 1.42302e-05 -5.40044e-06
410 1.63958e-05 -7.59627e-06
410.5 2.0835e-05 -1.08667e-05
411 2.68145e-05 -1.38088e-05
411.5 3.30961e-05 -1.49222e-05
412 3.84367e-05 -1.31818e-05
412.5 4.20365e-05 -8.39762e-06
413 4.36726e-05 -1.26224e-06
413.5 4.34621e-05 6.88733e-06
414 4.14552e-05 1.44809e-05
414.5 3.7393e-05 2.01545e-05
415 3.08593e-05 2.30871e-05
415.5 2.17738e-05 2.31495e-05
416 1.09065e-05 2.08438e-05
416.5 2.66088e-08 1.70761e-05
417 -8.50576e-06 1.28542e-05
417.5 -1.25678e-05 9.01348e-06
418 -1.11249e-05 6.04751e-06
418.5 -4.6859e-06 4.06964e-06
419 4.84717e-06 2.88229e-06
419.5 1.48382e-05 2.10815e-06
420 2.2771e-05 1.33943e-06
420.5 2.69512e-05 2.74665e-07
421 2.68425e-05 -1.18254e-06
421.5 2.30116e-05 -2.8913e-06
422 1.67948e-05 -4.53311e-06
422.5 9.84554e-06 -5.76111e-06
423 3.69847e-06 -6.38863e-06
423.5 -5.63292e-07 -6.52637e-06
424 -2.48728e-06 -6.58074e-06
424.5 -2.25752e-06 -7.08685e-06
425 -5.36815e-07 -8.44282e-06
425.5 1.80913e-06 -1.06821e-05
426 4.02896e-06 -1.34176e-05
426.5 5.75182e-06 -1.60074e-05
427 7.11728e-06 -1.78674e-05
427.5 8.71462e-06 -1.87663e-05
428 1.13296e-05 -1.8937e-05
428.5 1.55649e-05 -1.89336e-05
429 2.14672e-05 -1.93001e-05
429.5 2.83224e-05 -2.02295e-05
430 3.47432e-05 -2.13991e-05
430.5 3.90627e-05 -2.2082e-05
431 3.99033e-05 -2.14859e-05
431.5 3.66926e-05 -1.91488e-05
432 2.99023e-05 -1.5187e-05
432.5 2.09071e-05 -1.02661e-05
433 1.15261e-05 -5.31284e-06
433.5 3.44616e-06 -1.1182e-06
434 -2.24907e-06 1.96042e-06
434.5 -5.29463e-06 4.05295e-06
435 -6.17579e-06 5.57505e-06
435.5 -5.84824e-06 6.9001e-06
436 -5.36298e-06 8.095e-06
436.5 -5.50977e-06 8.86395e-06
437 -6.57126e-06 8.72086e-06
437.5 -8.25536e-06 7.28315e-06
438 -9.83612e-06 4.52149e-06
438.5 -1.04702e-05 8.36433e-07
439 -9.57965e-06 -3.0656e-06
439.5 -7.14135e-06 -6.42215e-06
440 -3.74304e-06 -8.66725e-06
440.5 -3.64244e-07 -9.5844e-06
441 2.0268e-06 -9.32049e-06
441.5 2.87373e-06 -8.28341e-06
442 2.24175e-06 -6.97903e-06
442.5 7.43299e-07 -5.8454e-06
443 -7.73891e-07 -5.12998e-06
443.5 -1.61884e-06 -4.84166e-06
444 -1.54311e-06 -4.79304e-06
444.5 -7.94518e-07 -4.72176e-06
445 7.23034e-08 -4.44391e-06
445.5 5.25308e-07 -3.96663e-06
446 3.58464e-07 -3.49401e-06
446.5 -1.82254e-07 -3.31065e-06
447 -5.14725e-07 -3.59798e-06
447.5 -2.15989e-08 -4.28823e-06
448 1.61789e-06 -5.05106e-06
448.5 4.23949e-06 -5.43749e-06
449 7.24907e-06 -5.11165e-06
449.5 9.88866e-06 -4.04137e-06
450 1.15655e-05 -2.53408e-06
450.5 1.20674e-05 -1.08933e-06
451 1.15642e-05 -1.45137e-07
451.5 1.04281e-05 1.4056e-07
452 9.00515e-06 -5.0503e-08
452.5 7.47797e-06 -3.30621e-07
453 5.87516e-06 -3.56415e-07
453.5 4.17466e-06 -5.07699e-08
454 2.39678e-06 3.34899e-07
454.5 6.14926e-07 3.60596e-07
455 -1.10403e-06 -3.3238e-07
455.5 -2.75589e-06 -1.77071e-06
456 -4.38547e-06 -3.56189e-06
456.5 -6.00331e-06 -5.03006e-06
457 -7.49941e-06 -5.51476e-06
457.5 -8.63218e-06 -4.68378e-06
458 -9.11779e-06 -2.70244e-06
458.5 -8.77129e-06 -1.76193e-07
459 -7.61308e-06 2.09908e-06
459.5 -5.87844e-06 3.45171e-06
460 -3.9313e-06 3.56467e-06
460.5 -2.13728e-06 2.53017e-06
461 -7.60292e-07 7.35088e-07
461.5 8.37783e-08 -1.33631e-06
462 4.22681e-07 -3.27391e-06
462.5 3.96554e-07 -4.81928e-06
463 2.15592e-07 -5.84828e-06
463.5 1.07415e-07 -6.30967e-06
464 2.53492e-07 -6.17903e-06
464.5 7.28048e-07 -5.45763e-06
465 1.46598e-06 -4.20495e-06
465.5 2.28151e-06 -2.5687e-06
466 2.93605e-06 -7.80268e-07
466.5 3.22789e-06 8.92158e-07
467 3.0663e-06 2.2145e-06
467.5 2.50266e-06 3.05033e-06
468 1.71159e-06 3.3903e-06
468.5 9.31524e-07 3.3371e-06
469 3.83252e-07 3.05488e-06
469.5 1.89424e-07 2.7061e-06
470 3.22535e-07 2.40209e-06
470.5 6.07796e-07 2.18584e-06
471 7.91306e-07 2.04822e-06
471.5 6.52722e-07 1.96153e-06
472 1.11294e-07 1.90561e-06
472.5 -7.31303e-07 1.86929e-06
473 -1.63716e-06 1.82996e-06
473.5 -2.34167e-06 1.73314e-06
474 -2.66284e-06 1.49778e-06
474.5 -2.55114e-06 1.05604e-06
475 -2.06415e-06 4.08725e-07
475.5 -1.30158e-06 -3.41112e-07
476 -3.56232e-07 -1.00714e-06
476.5 6.87816e-07 -1.39231e-06
477 1.72487e-06 -1.38098e-06
477.5 2.60939e-06 -1.00022e-06
478 3.18327e-06 -4.14941e-07
478.5 3.34107e-06 1.42596e-07
479 3.08998e-06 4.7187e-07
479.5 2.56038e-06 4.82171e-07
480 1.95599e-06 2.15059e-07
480.5 1.47289e-06 -1.9149e-07
481 1.23267e-06 -5.71921e-07
481.5 1.2584e-06 -7.99645e-07
482 1.49099e-06 -8.25265e-07
482.5 1.82369e-06 -6.78902e-07
483 2.1356e-06 -4.44975e-07
483.5 2.32035e-06 -2.24896e-07
484 2.31369e-06 -1.02182e-07
484.5 2.11667e-06 -1.19557e-07
485 1.7995e-06 -2.71883e-07
485.5 1.473e-06 -5.13625e-07
486 1.23449e-06 -7.75593e-07
486.5 1.11752e-06 -9.84211e-07
487 1.07897e-06 -1.07813e-06
487.5 1.03427e-06 -1.0205e-06
488 9.17444e-07 -8.07502e-07
488.5 7.24272e-07 -4.7291e-07
489 5.10154e-07 -8.53761e-08
489.5 3.48145e-07 2.6593e-07
490 2.80886e-07 4.97266e-07
490.5 3.0025e-07 5.59697e-07
491 3.63024e-07 4.57882e-07
491.5 4.22793e-07 2.46842e-07
492 4.50632e-07 6.62952e-09
492.5 4.33654e-07 -1.92064e-07
493 3.63253e-07 -3.12907e-07
493.5 2.32321e-07 -3.57689e-07
494 4.73659e-08 -3.51111e-07
494.5 -1.58131e-07 -3.20036e-07
495 -3.28245e-07 -2.81189e-07
495.5 -4.1117e-07 -2.41865e-07
496 -3.90287e-07 -2.07364e-07
496.5 -2.94715e-07 -1.8525e-07
497 -1.79273e-07 -1.82178e-07
497.5 -8.87459e-08 -1.976e-07
498 -3.42561e-08 -2.22172e-07
498.5 1.37845e-09 -2.4394e-07
499 3.74675e-08 -2.5742e-07
499.5 7.36287e-08 -2.67111e-07
500 9.16412e-08 -2.81605e-07
