-1.998 -1.47097e-05 -8.83629e-06
-1.996 -4.68591e-05 -3.31567e-05
-1.994 -6.84556e-05 -6.51827e-05
-1.992 -4.12875e-05 -9.38493e-05
-1.99 7.34506e-05 -0.000110269
-1.988 0.000301678 -0.00011377
-1.986 0.000644336 -0.000115773
-1.984 0.00107229 -0.000139112
-1.982 0.00153206 -0.000211744
-1.98 0.00196269 -0.000355792
-1.978 0.00231988 -0.000574831
-1.976 0.00259972 -0.000843713
-1.974 0.00285285 -0.00110536
-1.972 0.00318094 -0.00127764
-1.97 0.00371155 -0.00127094
-1.968 0.00455419 -0.00101363
-1.966 0.00574696 -0.000479728
-1.964 0.00720885 0.000288988
-1.962 0.00871436 0.00117435
-1.96 0.00990405 0.00199217
-1.958 0.0103372 0.00252307
-1.956 0.00958153 0.00255988
-1.954 0.00732438 0.00196224
-1.952 0.00347952 0.000705714
-1.95 -0.00173835 -0.00108831
-1.948 -0.0077974 -0.00315294
-1.946 -0.0139056 -0.0051114
-1.944 -0.01914 -0.00654507
-1.942 -0.0226283 -0.00708245
-1.94 -0.0237469 -0.0064906
-1.938 -0.022288 -0.0047475
-1.936 -0.0185502 -0.00207489
-1.934 -0.0133174 0.00108146
-1.932 -0.00771627 0.0041267
-1.93 -0.00296785 0.00643647
-1.928 -8.14611e-05 0.0074987
-1.926 0.000443956 0.00704721
-1.924 -0.00116423 0.00515508
-1.922 -0.003884 0.00226113
-1.92 -0.00601691 -0.000884099
-1.918 -0.00549304 -0.0033501
-1.916 -0.000318437 -0.00421498
-1.914 0.0109187 -0.00277534
-1.912 0.028593 0.00126682
-1.91 0.0517495 0.00768435
-1.908 0.0780653 0.0157068
-1.906 0.104106 0.0241194
-1.904 0.125864 0.0314703
-1.902 0.139486 0.0363509
-1.9 0.14207 0.0376968
-1.898 0.13235 0.0350451
-1.896 0.111131 0.0286906
-1.894 0.0813339 0.0196977
-1.892 0.0476188 0.00975403
-1.89 0.0156168 0.000880743
-1.888 -0.00910164 -0.00495096
-1.886 -0.0221303 -0.00622764
-1.884 -0.0211809 -0.00224376
-1.882 -0.00667744 0.00668128
-1.88 0.0181582 0.0191735
-1.878 0.0477823 0.0329819
-1.876 0.0753089 0.0453431
-1.874 0.0938231 0.0534723
-1.872 0.0977789 0.0550922
-1.87 0.0841992 0.0488979
-1.868 0.0534192 0.0348643
-1.866 0.00919482 0.0143279
-1.864 -0.0418758 -0.0101829
-1.862 -0.0915327 -0.0353466
-1.86 -0.13142 -0.0576121
-1.858 -0.15473 -0.0738243
-1.856 -0.157605 -0.0817995
-1.854 -0.139987 -0.0807414
-1.852 -0.105748 -0.0714174
-1.85 -0.0620348 -0.0560573
-1.848 -0.0179455 -0.037984
-1.846 0.0172175 -0.0210393
-1.844 0.0357772 -0.00890251
-1.842 0.0332227 -0.00442625
-1.84 0.0091398 -0.00910955
-1.838 -0.0326708 -0.022806
-1.836 -0.0849259 -0.043721
-1.834 -0.138299 -0.068698
-1.832 -0.183275 -0.0937413
-1.83 -0.212036 -0.11468
-1.828 -0.219995 -0.127854
-1.826 -0.206657 -0.130716
-1.824 -0.175643 -0.12224
-1.822 -0.133888 -0.10309
-1.82 -0.0901705 -0.0755205
-1.818 -0.0532947 -0.0430232
-1.816 -0.0303035 -0.00978447
-1.814 -0.02508 0.0199629
-1.812 -0.0376293 0.0425865
-1.81 -0.0641718 0.0555974
-1.808 -0.0980097 0.0580048
-1.806 -0.130961 0.0504323
-1.804 -0.155039 0.0349882
-1.802 -0.164008 0.0149176
-1.8 -0.154501 -0.00590167
-1.798 -0.12647 -0.0235471
-1.796 -0.0829368 -0.0346408
-1.794 -0.0291308 -0.0368666
-1.792 0.0287319 -0.029344
-1.79 0.0847362 -0.0128045
-1.788 0.13432 0.0104647
-1.786 0.174867 0.0369149
-1.784 0.205732 0.0622381
-1.782 0.227756 0.0820155
-1.78 0.242427 0.0924211
-1.778 0.250972 0.0908779
-1.776 0.253657 0.076562
-1.774 0.249508 0.0506693
-1.772 0.23658 0.0163857
-1.77 0.212692 -0.0214621
-1.768 0.176444 -0.0570553
-1.766 0.128216 -0.0844595
-1.764 0.0708377 -0.0986078
-1.762 0.00967004 -0.0962286
-1.76 -0.0479989 -0.0765459
-1.758 -0.0941983 -0.0416003
-1.756 -0.121922 0.00390402
-1.754 -0.126824 0.053243
-1.752 -0.108548 0.0987324
-1.75 -0.0713263 0.133043
-1.748 -0.0236011 0.150551
-1.746 0.0233373 0.148477
-1.744 0.0574941 0.127585
-1.742 0.0686705 0.0922859
-1.74 0.0507832 0.0500761
-1.738 0.00347134 0.0103579
-1.736 -0.0674105 -0.0171796
-1.734 -0.150585 -0.0243602
-1.732 -0.231326 -0.00617294
-1.73 -0.29425 0.038042
-1.728 -0.326377 0.104134
-1.726 -0.319814 0.183552
-1.724 -0.2735 0.264609
-1.722 -0.193593 0.334429
-1.72 -0.0923837 0.381227
-1.718 0.0140755 0.396518
-1.716 0.109146 0.376808
-1.714 0.178903 0.324426
-1.712 0.214846 0.247308
-1.71 0.215425 0.157728
-1.708 0.186045 0.0701846
-1.706 0.137589 -0.00119597
-1.704 0.0838033 -0.0452838
-1.702 0.0381623 -0.0561034
-1.7 0.0109367 -0.034115
-1.698 0.00710734 0.0136683
-1.696 0.0255829 0.0748076
-1.694 0.0598654 0.133655
-1.692 0.0999788 0.174277
-1.69 0.135179 0.183543
-1.688 0.156776 0.153762
-1.686 0.160357 0.0843528
-1.684 0.146837 -0.0178107
-1.682 0.122042 -0.139469
-1.68 0.0948781 -0.263283
-1.678 0.074552 -0.370968
-1.676 0.0675393 -0.446675
-1.674 0.0751523 -0.480011
-1.672 0.0924205 -0.468104
-1.67 0.108709 -0.416305
-1.668 0.110058 -0.33732
-1.666 0.082763 -0.248897
-1.664 0.0173876 -0.170455
-1.662 -0.0878146 -0.119286
-1.66 -0.224974 -0.107068
-1.658 -0.376813 -0.137384
-1.656 -0.519143 -0.204763
-1.654 -0.625298 -0.295447
-1.652 -0.67165 -0.389793
-1.65 -0.643031 -0.465879
-1.648 -0.536813 -0.503668
-1.646 -0.364587 -0.488956
-1.644 -0.150861 -0.416367
-1.642 0.0711657 -0.290805
-1.64 0.266009 -0.127026
-1.638 0.403192 0.052634
-1.636 0.463842 0.222018
-1.634 0.445077 0.355712
-1.632 0.361103 0.433576
-1.63 0.240585 0.444394
-1.628 0.120723 0.387959
-1.626 0.0391613 0.275198
-1.624 0.0254236 0.126302
-1.622 0.0937417 -0.0328017
-1.62 0.238943 -0.175013
-1.618 0.436484 -0.276833
-1.616 0.646841 -0.322487
-1.614 0.823515 -0.306645
-1.612 0.92303 -0.235236
-1.61 0.914784 -0.124235
-1.608 0.788547 0.00335797
-1.606 0.557813 0.121753
-1.604 0.258097 0.207019
-1.602 -0.059687 0.241279
-1.6 -0.339506 0.215706
-1.598 -0.532056 0.1318
-1.596 -0.605623 0.000764402
-1.594 -0.553545 -0.158828
-1.592 -0.396459 -0.324597
-1.59 -0.178629 -0.474396
-1.588 0.0411096 -0.590068
-1.586 0.202001 -0.660185
-1.584 0.254993 -0.681342
-1.582 0.174351 -0.657836
-1.58 -0.0353936 -0.599934
-1.578 -0.338888 -0.521184
-1.576 -0.676194 -0.43541
-1.574 -0.974722 -0.35401
-1.572 -1.16448 -0.284119
-1.57 -1.1934 -0.227889
-1.568 -1.03947 -0.18297
-1.566 -0.716777 -0.14395
-1.564 -0.274054 -0.104361
-1.562 0.214288 -0.0587271
-1.56 0.662943 -0.00412079
-1.558 0.993279 0.0591556
-1.556 1.14999 0.12792
-1.554 1.11316 0.197343
-1.552 0.903071 0.262653
-1.55 0.576374 0.320796
-1.548 0.214296 0.371497
-1.546 -0.0947965 0.417404
-1.544 -0.274857 0.463186
-1.542 -0.279437 0.513814
-1.54 -0.102951 0.572456
-1.538 0.216715 0.638567
-1.536 0.605083 0.706756
-1.534 0.966302 0.766832
-1.532 1.20366 0.805212
-1.53 1.24117 0.807567
-1.528 1.04158 0.762197
-1.526 0.616698 0.663457
-1.524 0.0277036 0.514358
-1.522 -0.625217 0.327591
-1.52 -1.22188 0.124504
-1.518 -1.64608 -0.0680353
-1.516 -1.80957 -0.222414
-1.514 -1.67105 -0.315794
-1.512 -1.24591 -0.335214
-1.51 -0.604659 -0.281071
-1.508 0.140096 -0.168054
-1.506 0.855503 -0.0230979
-1.504 1.4148 0.119483
-1.502 1.72275 0.224811
-1.5 1.73484 0.264901
-1.498 1.4662 0.225143
-1.496 0.988237 0.108328
-1.494 0.413535 -0.0648483
-1.492 -0.127938 -0.259167
-1.49 -0.516405 -0.431679
-1.488 -0.66792 -0.540666
-1.486 -0.552663 -0.554983
-1.484 -0.201964 -0.461775
-1.482 0.297559 -0.270763
-1.48 0.82167 -0.0139225
-1.478 1.23443 0.259761
-1.476 1.41696 0.493654
-1.474 1.29311 0.635237
-1.472 0.846501 0.647859
-1.47 0.1255 0.51993
-1.468 -0.765065 0.269371
-1.466 -1.68366 -0.0579686
-1.464 -2.47923 -0.395989
-1.462 -3.02017 -0.670878
-1.46 -3.21925 -0.816158
-1.458 -3.04958 -0.787233
-1.456 -2.54832 -0.572381
-1.454 -1.80783 -0.19769
-1.452 -0.955947 0.275465
-1.45 -0.129896 0.760315
-1.448 0.550975 1.1604
-1.446 1.00777 1.38817
-1.444 1.21543 1.38281
-1.442 1.20435 1.12372
-1.44 1.05026 0.636524
-1.438 0.854915 -0.00970311
-1.436 0.72209 -0.713938
-1.434 0.734101 -1.36131
-1.432 0.93397 -1.84439
-1.43 1.31681 -2.0836
-1.428 1.83196 -2.04246
-1.426 2.39506 -1.73476
-1.424 2.90707 -1.22204
-1.422 3.27588 -0.601688
-1.42 3.43578 0.0118494
-1.418 3.36048 0.509262
-1.416 3.06709 0.807408
-1.414 2.61061 0.865007
-1.412 2.07028 0.689821
-1.41 1.53149 0.335861
-1.408 1.06717 -0.108756
-1.406 0.72323 -0.540763
-1.404 0.511048 -0.863516
-1.402 0.408453 -1.00704
-1.4 0.368703 -0.942107
-1.398 0.334927 -0.685519
-1.396 0.25634 -0.295412
-1.394 0.10214 0.142179
-1.392 -0.13037 0.53263
-1.39 -0.415413 0.793669
-1.388 -0.706157 0.873406
-1.386 -0.947999 0.761539
-1.384 -1.09432 0.491322
-1.382 -1.1207 0.131886
-1.38 -1.03376 -0.227384
-1.378 -0.87227 -0.496979
-1.376 -0.6998 -0.607462
-1.374 -0.590368 -0.52528
-1.372 -0.610345 -0.260654
-1.37 -0.800847 0.134259
-1.368 -1.16494 0.576612
-1.366 -1.66296 0.971124
-1.364 -2.21764 1.23134
-1.362 -2.72817 1.29916
-1.36 -3.09077 1.15836
-1.358 -3.22106 0.83884
-1.356 -3.07362 0.410845
-1.354 -2.65386 -0.0298361
-1.352 -2.0195 -0.382365
-1.35 -1.27071 -0.562632
-1.348 -0.5308 -0.521562
-1.346 0.0785782 -0.255958
-1.344 0.462342 0.190502
-1.342 0.571645 0.736376
-1.34 0.413846 1.27971
-1.338 0.0505138 1.71974
-1.336 -0.416236 1.97819
-1.334 -0.86617 2.0156
-1.332 -1.18724 1.83893
-1.33 -1.29992 1.49882
-1.328 -1.17417 1.07713
-1.326 -0.835147 0.66763
-1.324 -0.35635 0.354304
-1.322 0.158202 0.192082
-1.32 0.598768 0.194487
-1.318 0.875943 0.330926
-1.316 0.942001 0.534296
-1.314 0.802539 0.717238
-1.312 0.515642 0.793429
-1.31 0.178556 0.699057
-1.308 -0.0952739 0.409533
-1.306 -0.20369 -0.0525704
-1.304 -0.0815022 -0.620439
-1.302 0.281771 -1.1964
-1.3 0.83661 -1.67298
-1.298 1.48245 -1.95688
-1.296 2.0894 -1.99049
-1.294 2.52807 -1.76599
-1.292 2.70104 -1.3286
-1.29 2.56833 -0.768056
-1.288 2.16106 -0.200009
-1.286 1.57914 0.258895
-1.284 0.973034 0.516694
-1.282 0.512615 0.526912
-1.28 0.349439 0.299676
-1.278 0.580297 -0.0995563
-1.276 1.22015 -0.563666
-1.274 2.19087 -0.967153
-1.272 3.32929 -1.19404
-1.27 4.41382 -1.16423
-1.268 5.20531 -0.852535
-1.266 5.49411 -0.295911
-1.264 5.14408 0.412812
-1.262 4.12429 1.14363
-1.26 2.5215 1.75664
-1.258 0.530185 2.13209
-1.256 -1.57868 2.19658
-1.254 -3.50457 1.93945
-1.252 -4.97125 1.41572
-1.25 -5.77731 0.734479
-1.248 -5.83352 0.0352664
-1.246 -5.17965 -0.542566
-1.244 -3.97744 -0.890736
-1.242 -2.48091 -0.956363
-1.24 -0.989586 -0.754247
-1.238 0.206211 -0.364204
-1.236 0.877853 0.0862391
-1.234 0.898546 0.450228
-1.232 0.263814 0.595018
-1.23 -0.911183 0.433133
-1.228 -2.41646 -0.0557501
-1.226 -3.98878 -0.81728
-1.224 -5.36164 -1.73128
-1.222 -6.31366 -2.63531
-1.22 -6.70655 -3.3581
-1.218 -6.50567 -3.75557
-1.216 -5.78044 -3.74194
-1.214 -4.68544 -3.3089
-1.212 -3.42683 -2.52878
-1.21 -2.22137 -1.54067
-1.208 -1.25619 -0.522267
-1.206 -0.657001 0.346871
-1.204 -0.470361 0.922583
-1.202 -0.662396 1.12597
-1.2 -1.13296 0.959154
-1.198 -1.74106 0.503432
-1.196 -2.33549 -0.0997467
-1.194 -2.78411 -0.680799
-1.192 -2.99635 -1.07991
-1.19 -2.93505 -1.18248
-1.188 -2.61683 -0.944409
-1.186 -2.102 -0.401669
-1.184 -1.47736 0.337968
-1.182 -0.836033 1.1193
-1.18 -0.259035 1.77495
-1.178 0.197751 2.16381
-1.176 0.50879 2.20392
-1.174 0.676193 1.89234
-1.172 0.721002 1.3071
-1.17 0.671848 0.590569
-1.168 0.554704 -0.082264
-1.166 0.386666 -0.543541
-1.164 0.175043 -0.671527
-1.162 -0.0787154 -0.42002
-1.16 -0.372192 0.168571
-1.158 -0.694851 0.969809
-1.156 -1.02312 1.80257
-1.154 -1.31957 2.46811
-1.152 -1.53702 2.79452
-1.15 -1.62717 2.67688
-1.148 -1.55211 2.10383
-1.146 -1.29598 1.16428
-1.144 -0.873521 0.0319907
-1.142 -0.332624 -1.06909
-1.14 0.250986 -1.91164
-1.138 0.786589 -2.31398
-1.136 1.18654 -2.18067
-1.134 1.38561 -1.5258
-1.132 1.35694 -0.4735
-1.13 1.12078 0.765037
-1.128 0.743382 1.93372
-1.126 0.325641 2.78443
-1.124 -0.0167043 3.12945
-1.122 -0.17791 2.88225
-1.12 -0.0872021 2.07756
-1.118 0.271372 0.866045
-1.116 0.849004 -0.515694
-1.114 1.53529 -1.7936
-1.112 2.17516 -2.71313
-1.11 2.59733 -3.09267
-1.108 2.64901 -2.86221
-1.106 2.23018 -2.07891
-1.104 1.32008 -0.916171
-1.102 -0.00970167 0.371923
-1.1 -1.59918 1.50365
-1.098 -3.22092 2.22906
-1.096 -4.61521 2.38317
-1.094 -5.53385 1.92139
-1.092 -5.78507 0.929365
-1.09 -5.27145 -0.394991
-1.088 -4.01351 -1.78347
-1.086 -2.15341 -2.95438
-1.084 0.0628741 -3.67198
-1.082 2.32308 -3.79569
-1.08 4.29956 -3.30868
-1.078 5.70483 -2.31987
-1.076 6.34177 -1.03896
-1.074 6.13951 0.27008
-1.072 5.16844 1.34691
-1.07 3.63144 1.99186
-1.068 1.83209 2.10953
-1.066 0.124651 1.72923
-1.064 -1.14641 0.997614
-1.062 -1.70734 0.144833
-1.06 -1.40577 -0.568293
-1.058 -0.241808 -0.910311
-1.056 1.62664 -0.732912
-1.054 3.90604 -0.00640038
-1.052 6.2136 1.17108
-1.05 8.13982 2.59268
-1.048 9.3169 3.98623
-1.046 9.48133 5.07251
-1.044 8.52027 5.62578
-1.042 6.49422 5.52325
-1.04 3.63158 4.77248
-1.038 0.295685 3.51044
-1.036 -3.07122 1.97402
-1.034 -6.01796 0.448348
-1.032 -8.15697 -0.795835
-1.03 -9.22668 -1.56152
-1.028 -9.13297 -1.76831
-1.026 -7.96232 -1.46893
-1.024 -5.96471 -0.835664
-1.022 -3.50929 -0.11947
-1.02 -1.02096 0.409169
-1.018 1.09134 0.524559
-1.016 2.50224 0.100791
-1.014 3.0222 -0.85531
-1.012 2.62542 -2.20147
-1.01 1.44908 -3.68893
-1.008 -0.235748 -5.01728
-1.006 -2.07599 -5.90288
-1.004 -3.70153 -6.1454
-1.002 -4.79149 -5.6769
-1 -5.12979 -4.58192
-0.998 -4.64025 -3.08326
-0.996 -3.39549 -1.49598
-0.994 -1.59868 -0.158911
-0.992 0.457627 0.641679
-0.99 2.44718 0.739696
-0.988 4.06926 0.132571
-0.986 5.09991 -1.01042
-0.984 5.42582 -2.37841
-0.982 5.05536 -3.58284
-0.98 4.10604 -4.24193
-0.978 2.77267 -4.06761
-0.976 1.28362 -2.93546
-0.974 -0.145523 -0.921555
-0.972 -1.35156 1.70265
-0.97 -2.24936 4.51769
-0.968 -2.83877 7.03672
-0.966 -3.19224 8.8034
-0.964 -3.42641 9.48713
-0.962 -3.66465 8.95541
-0.96 -3.99983 7.30732
-0.958 -4.46642 4.85971
-0.956 -5.02862 2.08732
-0.954 -5.58712 -0.471656
-0.952 -6.00209 -2.32546
-0.95 -6.12659 -3.13109
-0.948 -5.8421 -2.76717
-0.946 -5.08837 -1.36163
-0.944 -3.88077 0.731921
-0.942 -2.31158 3.00494
-0.94 -0.534449 4.89762
-0.938 1.26493 5.91456
-0.936 2.90599 5.72899
-0.934 4.24995 4.25375
-0.932 5.22751 1.66381
-0.93 5.85088 -1.6349
-0.928 6.20729 -5.08469
-0.926 6.43572 -8.08694
-0.924 6.6927 -10.1218
-0.922 7.11543 -10.8514
-0.92 7.79053 -10.186
-0.918 8.73527 -8.29921
-0.916 9.89475 -5.58911
-0.914 11.1551 -2.59539
-0.912 12.3694 0.111859
-0.91 13.3899 2.04786
-0.908 14.0989 2.90975
-0.906 14.4309 2.63462
-0.904 14.3801 1.40717
-0.902 13.9923 -0.383825
-0.9 13.343 -2.23054
-0.898 12.5086 -3.61433
-0.896 11.538 -4.11401
-0.894 10.434 -3.49187
-0.892 9.14953 -1.74003
-0.89 7.60184 0.921536
-0.888 5.70234 4.09323
-0.886 3.39511 7.27943
-0.884 0.694728 9.989
-0.882 -2.28735 11.8317
-0.88 -5.33661 12.5906
-0.878 -8.15399 12.2566
-0.876 -10.3982 11.019
-0.874 -11.7451 9.21519
-0.872 -11.9526 7.25163
-0.87 -10.9185 5.51457
-0.868 -8.71716 4.28903
-0.866 -5.60569 3.70415
-0.864 -1.99522 3.71553
-0.862 1.61004 4.12673
-0.86 4.69629 4.64328
-0.858 6.83034 4.94569
-0.856 7.73892 4.76471
-0.854 7.36013 3.94235
-0.852 5.85605 2.46652
-0.85 3.58247 0.472723
-0.848 1.02118 -1.78634
-0.846 -1.31304 -3.9962
-0.844 -2.9728 -5.84858
-0.842 -3.66646 -7.10657
-0.84 -3.31654 -7.65245
-0.838 -2.07584 -7.50734
-0.836 -0.296778 -6.81905
-0.834 1.54055 -5.82202
-0.832 2.9274 -4.78044
-0.83 3.43205 -3.92859
-0.828 2.79042 -3.42236
-0.826 0.96295 -3.31171
-0.824 -1.85331 -3.53831
-0.822 -5.25958 -3.95697
-0.82 -8.72978 -4.37471
-0.818 -11.7097 -4.59862
-0.816 -13.7212 -4.48199
-0.814 -14.4505 -3.95885
-0.812 -13.8033 -3.05908
-0.81 -11.9159 -1.9008
-0.808 -9.1211 -0.662294
-0.806 -5.87706 0.459157
-0.804 -2.6756 1.29049
-0.802 0.0506214 1.71743
-0.8 2.00304 1.70266
-0.798 3.05987 1.28523
-0.796 3.27953 0.563551
-0.794 2.86594 -0.331763
-0.792 2.10473 -1.26777
-0.79 1.28557 -2.13477
-0.788 0.629017 -2.86249
-0.786 0.235149 -3.42407
-0.784 0.0661119 -3.82844
-0.782 -0.0341352 -4.10432
-0.78 -0.288913 -4.28147
-0.778 -0.920379 -4.37565
-0.776 -2.08072 -4.38264
-0.774 -3.79934 -4.28329
-0.772 -5.95796 -4.05797
-0.77 -8.29966 -3.70482
-0.768 -10.4706 -3.25494
-0.766 -12.0874 -2.77806
-0.764 -12.8155 -2.37489
-0.762 -12.4435 -2.15607
-0.76 -10.9336 -2.21135
-0.758 -8.43682 -2.57611
-0.756 -5.2669 -3.20422
-0.754 -1.83979 -3.95632
-0.752 1.40866 -4.60994
-0.75 4.10736 -4.89375
-0.748 6.0194 -4.54135
-0.746 7.0826 -3.35455
-0.744 7.41414 -1.26178
-0.742 7.27883 1.64324
-0.74 7.02719 5.09405
-0.738 7.01544 8.68046
-0.736 7.52385 11.9114
-0.734 8.6913 14.3016
-0.732 10.4813 15.4655
-0.73 12.6872 15.2007
-0.728 14.9751 13.5422
-0.726 16.9532 10.7741
-0.724 18.2514 7.39208
-0.722 18.5937 4.02119
-0.72 17.849 1.30087
-0.718 16.0517 -0.240693
-0.716 13.39 -0.29752
-0.714 10.164 1.14204
-0.712 6.72444 3.77947
-0.71 3.40461 7.05256
-0.708 0.459998 10.2369
-0.706 -1.96928 12.5835
-0.704 -3.86612 13.4656
-0.702 -5.31394 12.5054
-0.7 -6.45206 9.65626
-0.698 -7.42245 5.22343
-0.696 -8.32213 -0.181709
-0.694 -9.17289 -5.7461
-0.692 -9.91478 -10.6001
-0.69 -10.4243 -13.9762
-0.688 -10.5525 -15.3509
-0.686 -10.174 -14.5419
-0.684 -9.23416 -11.7405
-0.682 -7.78222 -7.47229
-0.68 -5.97866 -2.49536
-0.678 -4.07342 2.3433
-0.676 -2.35742 6.26304
-0.674 -1.09784 8.68632
-0.672 -0.472103 9.33156
-0.67 -0.515809 8.24699
-0.668 -1.09727 5.78203
-0.666 -1.92594 2.50462
-0.664 -2.59576 -0.917895
-0.662 -2.65748 -3.85019
-0.66 -1.7078 -5.80694
-0.658 0.52169 -6.53448
-0.656 4.09439 -6.04129
-0.654 8.83312 -4.57354
-0.652 14.3281 -2.54426
-0.65 19.988 -0.434589
-0.648 25.1256 1.30954
-0.646 29.0615 2.36288
-0.644 31.2299 2.57212
-0.642 31.2671 1.96593
-0.64 29.0701 0.725998
-0.638 24.814 -0.870179
-0.636 18.9265 -2.51984
-0.634 12.0229 -3.96229
-0.632 4.81271 -5.02896
-0.63 -2.0031 -5.66699
-0.628 -7.829 -5.93327
-0.626 -12.2481 -5.96312
-0.624 -15.0634 -5.9231
-0.622 -16.3052 -5.96099
-0.62 -16.2063 -6.16594
-0.618 -15.1528 -6.54918
-0.616 -13.6198 -7.04947
-0.614 -12.099 -7.56102
-0.612 -11.0314 -7.97433
-0.61 -10.7502 -8.21668
-0.608 -11.4441 -8.27861
-0.606 -13.1402 -8.2173
-0.604 -15.7088 -8.13504
-0.602 -18.8842 -8.13898
-0.6 -22.2982 -8.29421
-0.598 -25.5223 -8.58417
-0.596 -28.1145 -8.89049
-0.594 -29.6682 -8.99946
-0.592 -29.8596 -8.63632
-0.59 -28.4881 -7.52248
-0.588 -25.5065 -5.44543
-0.586 -21.035 -2.32714
-0.584 -15.3577 1.72569
-0.582 -8.89749 6.4044
-0.58 -2.1731 11.2237
-0.578 4.26143 15.59
-0.576 9.88677 18.9016
-0.574 14.2886 20.6628
-0.572 17.2163 20.5852
-0.57 18.619 18.6563
-0.568 18.6503 15.1574
-0.566 17.6383 10.6267
-0.564 16.0248 5.77362
-0.562 14.2839 1.35971
-0.56 12.8327 -1.93261
-0.558 11.9516 -3.61823
-0.556 11.7302 -3.49322
-0.554 12.0495 -1.66812
-0.552 12.6049 1.45559
-0.55 12.9678 5.26149
-0.548 12.6745 9.03195
-0.546 11.327 12.0776
-0.544 8.6865 13.8578
-0.542 4.74257 14.068
-0.54 -0.25782 12.6796
-0.538 -5.82974 9.9253
-0.536 -11.3184 6.23586
-0.534 -16.0064 2.145
-0.532 -19.2405 -1.81586
-0.53 -20.5544 -5.21009
-0.528 -19.7614 -7.75767
-0.526 -16.9999 -9.35781
-0.524 -12.7207 -10.0729
-0.522 -7.62146 -10.0825
-0.52 -2.53531 -9.61985
-0.518 1.7046 -8.9066
-0.516 4.4057 -8.10028
-0.514 5.13713 -7.26612
-0.512 3.80932 -6.38
-0.51 0.695452 -5.36109
-0.508 -3.61236 -4.12434
-0.506 -8.30516 -2.63608
-0.504 -12.4983 -0.954143
-0.502 -15.3847 0.761804
-0.5 -16.3711 2.27425
-0.498 -15.1772 3.31966
-0.496 -11.8809 3.67376
-0.494 -6.90713 3.21334
-0.492 -0.960567 1.95934
-0.49 5.08824 0.0908365
-0.488 10.3473 -2.07494
-0.486 14.055 -4.1353
-0.484 15.7114 -5.67946
-0.482 15.1651 -6.37602
-0.48 12.6375 -6.05057
-0.478 8.68408 -4.73323
-0.476 4.09978 -2.66137
-0.474 -0.210364 -0.233724
-0.472 -3.37557 2.07461
-0.47 -4.69734 3.81714
-0.468 -3.76222 4.67715
-0.466 -0.512879 4.54347
-0.464 4.73543 3.54494
-0.462 11.3384 2.03512
-0.46 18.4215 0.527506
-0.458 25.0174 -0.409959
-0.456 30.2184 -0.282403
-0.454 33.3173 1.20894
-0.452 33.9147 4.07813
-0.45 31.9777 8.02508
-0.448 27.8439 12.4766
-0.446 22.169 16.6909
-0.444 15.8256 19.9024
-0.442 9.76489 21.4759
-0.44 4.8629 21.0379
-0.438 1.77743 18.5604
-0.436 0.841919 14.381
-0.434 2.01697 9.15396
-0.432 4.90806 3.73815
-0.43 8.84444 -0.960524
-0.428 13.0028 -4.16421
-0.426 16.5529 -5.38103
-0.424 18.7988 -4.51148
-0.422 19.2939 -1.87855
-0.42 17.9084 1.82677
-0.418 14.8373 5.67418
-0.416 10.548 8.67124
-0.414 5.67424 9.95424
-0.412 0.8783 8.95633
-0.41 -3.29078 5.52084
-0.408 -6.51347 -0.0621578
-0.406 -8.76454 -7.10415
-0.404 -10.3113 -14.6426
-0.402 -11.6437 -21.6168
-0.4 -13.3498 -27.0602
-0.398 -15.9625 -30.27
-0.396 -19.812 -30.9226
-0.394 -24.9185 -29.1181
-0.392 -30.9524 -25.3508
-0.39 -37.2727 -20.4141
-0.388 -43.0385 -15.2586
-0.386 -47.3711 -10.8238
-0.384 -49.5338 -7.87215
-0.382 -49.0936 -6.85448
-0.38 -46.0313 -7.83598
-0.378 -40.7755 -10.4978
-0.376 -34.1468 -14.213
-0.374 -27.2169 -18.1765
-0.372 -21.1045 -21.5558
-0.37 -16.7477 -23.6287
-0.368 -14.7029 -23.8863
-0.366 -15.0172 -22.0903
-0.364 -17.2074 -18.2885
-0.362 -20.3526 -12.7948
-0.36 -23.2842 -6.13682
-0.358 -24.8307 1.02086
-0.356 -24.0703 7.973
-0.354 -20.5359 14.0729
-0.352 -14.3332 18.8167
-0.35 -6.1431 21.8958
-0.348 2.89711 23.2111
-0.346 11.413 22.854
-0.344 18.0724 21.0688
-0.342 21.8659 18.21
-0.34 22.3258 14.7015
-0.338 19.6327 10.9977
-0.336 14.5824 7.54347
-0.334 8.41852 4.72875
-0.332 2.56357 2.84337
-0.33 -1.6933 2.03783
-0.328 -3.48549 2.29933
-0.326 -2.57042 3.4507
-0.324 0.604694 5.17571
-0.322 4.99377 7.07014
-0.32 9.18618 8.71221
-0.318 11.7382 9.74219
-0.316 11.5302 9.93735
-0.314 8.06821 9.26746
-0.312 1.65896 7.91767
-0.31 -6.5896 6.27063
-0.308 -14.9499 4.84668
-0.306 -21.4096 4.20869
-0.304 -24.0963 4.84458
-0.302 -21.705 7.04513
-0.3 -13.8376 10.8
-0.298 -1.17152 15.7379
-0.296 14.5914 21.1357
-0.294 31.0014 26.0118
-0.292 45.3158 29.298
-0.29 55.0437 30.0591
-0.288 58.4644 27.7128
-0.286 55.0098 22.1958
-0.284 45.4256 14.0349
-0.282 31.6753 4.30612
-0.28 16.6002 -5.51512
-0.278 3.39644 -13.7878
-0.276 -4.99544 -18.9902
-0.274 -6.47248 -20.0118
-0.272 -0.208064 -16.4039
-0.27 13.1479 -8.5369
-0.268 31.56 2.38195
-0.266 51.9827 14.455
-0.264 70.9496 25.3974
-0.262 85.2521 32.9462
-0.26 92.5605 35.2945
-0.258 91.8528 31.4572
-0.256 83.5613 21.49
-0.254 69.4147 6.52052
-0.252 52.0179 -11.4144
-0.25 34.2636 -29.6951
-0.248 18.6986 -45.5574
-0.246 6.97674 -56.5743
-0.244 -0.486528 -61.0989
-0.242 -4.57819 -58.5869
-0.24 -7.24411 -49.725
-0.238 -10.9797 -36.3286
-0.236 -18.1625 -21.0155
-0.234 -30.3797 -6.71613
-0.232 -47.9176 3.88378
-0.23 -69.5401 8.85482
-0.228 -92.624 7.38952
-0.226 -113.627 -0.0466842
-0.224 -128.794 -11.8045
-0.222 -134.962 -25.3633
-0.22 -130.282 -37.8128
-0.218 -114.725 -46.4183
-0.216 -90.2396 -49.1635
-0.214 -60.5059 -45.16
-0.212 -30.3124 -34.8346
-0.21 -4.65518 -19.8533
-0.208 12.2573 -2.79742
-0.206 17.8836 13.3376
-0.204 11.9126 25.7208
-0.202 -3.61665 32.2305
-0.2 -24.6726 31.8688
-0.198 -45.9949 24.9726
-0.196 -62.1169 13.176
-0.194 -68.4533 -0.879358
-0.192 -62.248 -14.0487
-0.19 -43.199 -23.3124
-0.188 -13.6228 -26.4
-0.186 21.9003 -22.2707
-0.184 57.3555 -11.3411
-0.182 86.4457 4.58931
-0.18 103.832 22.689
-0.178 106.199 39.6381
-0.176 92.9183 52.2515
-0.174 66.1873 58.0685
-0.172 30.6166 55.818
-0.17 -7.62386 45.6874
-0.168 -41.9406 29.3467
-0.166 -66.5219 9.70238
-0.164 -77.3971 -9.59782
-0.162 -73.1521 -24.8346
-0.16 -55.1554 -32.9288
-0.158 -27.2362 -32.0424
-0.156 5.12868 -21.9378
-0.154 35.9459 -4.02972
-0.152 59.9054 18.866
-0.15 73.3865 43.0199
-0.148 75.0673 64.4166
-0.146 66.0345 79.4175
-0.144 49.4073 85.3552
-0.142 29.5774 80.9743
-0.14 11.231 66.6447
-0.138 -1.65524 44.307
-0.136 -6.64327 17.1496
-0.134 -3.32104 -10.9277
-0.132 6.66168 -35.9639
-0.13 20.0193 -54.5774
-0.128 32.621 -64.4884
-0.126 40.4594 -64.8442
-0.124 40.5734 -56.3173
-0.122 31.7228 -40.9711
-0.12 14.6824 -21.9142
-0.118 -7.89057 -2.78681
-0.116 -31.9809 12.8456
-0.114 -53.0297 22.0828
-0.112 -66.8835 23.153
-0.11 -70.685 15.6659
-0.108 -63.5046 0.628676
-0.106 -46.5599 -19.7502
-0.104 -22.9621 -42.4144
-0.102 2.94237 -63.9089
-0.1 26.4678 -80.8748
-0.098 43.506 -90.5432
-0.096 51.2715 -91.1711
-0.094 48.754 -82.3473
-0.092 36.8365 -65.0896
-0.09 18.0907 -41.69
-0.088 -3.70756 -15.3204
-0.086 -24.2769 10.5169
-0.084 -39.6411 32.5747
-0.082 -46.9008 48.3645
-0.08 -44.7886 56.5054
-0.078 -33.8641 56.8901
-0.076 -16.297 50.6686
-0.074 4.68492 40.0619
-0.072 25.5142 28.0118
-0.07 42.9735 17.6912
-0.068 54.7082 11.9308
-0.066 59.4948 12.6641
-0.064 57.2748 20.5142
-0.062 48.9978 34.6215
-0.06 36.3285 52.7572
-0.058 21.2716 71.7001
-0.056 5.78426 87.8031
-0.054 -8.54315 97.64
-0.052 -20.6571 98.6147
-0.05 -30.0281 89.4289
-0.048 -36.4843 70.3402
-0.046 -39.985 43.1768
-0.044 -40.4383 11.0984
-0.042 -37.6418 -21.8803
-0.04 -31.3595 -51.544
-0.038 -21.4929 -74.2052
-0.036 -8.27957 -87.3609
-0.034 7.54369 -90.1434
-0.032 24.6576 -83.4709
-0.03 41.1867 -69.8696
-0.028 54.8606 -52.9965
-0.026 63.3217 -36.9378
-0.024 64.5578 -25.4136
-0.022 57.383 -21.054
-0.02 41.8432 -24.905
-0.018 19.4175 -36.2538
-0.016 -7.07168 -52.7797
-0.014 -33.8465 -70.9777
-0.012 -56.7876 -86.7734
-0.01 -72.149 -96.2422
-0.008 -77.2319 -96.3356
-0.006 -70.8949 -85.4991
-0.004 -53.8048 -64.0488
-0.002 -28.3785 -34.2022
0 1.58478 0.277064
0.002 31.5246 34.7591
0.004 56.8853 64.6137
0.006 73.8801 86.0758
0.008 80.1092 96.926
0.01 74.9234 96.8453
0.012 59.4786 87.3858
0.014 36.483 71.5929
0.016 9.68661 53.3887
0.018 -16.7919 36.8453
0.02 -39.1797 25.4666
0.022 -54.6623 21.5731
0.024 -61.7704 25.8792
0.026 -60.4673 37.3414
0.028 -51.9447 53.3326
0.03 -38.2143 70.1358
0.032 -21.6256 83.6678
0.034 -4.43512 90.2738
0.036 11.4984 87.4296
0.038 24.8691 74.219
0.04 34.9455 51.5114
0.042 41.4833 21.8116
0.044 44.5628 -11.1912
0.046 44.3923 -43.2807
0.048 41.1416 -70.441
0.05 34.8698 -89.5122
0.052 25.5901 -98.6654
0.054 13.4546 -97.6428
0.056 -1.0147 -87.7436
0.058 -16.7585 -71.5665
0.06 -32.1666 -52.5425
0.062 -45.2499 -34.3268
0.064 -53.9638 -20.1504
0.066 -56.6023 -12.2529
0.068 -52.1791 -11.5037
0.07 -40.7266 -17.2861
0.072 -23.4566 -27.668
0.074 -2.72686 -39.8147
0.076 18.2293 -50.5438
0.078 35.8195 -56.8995
0.08 46.7875 -56.6446
0.082 48.9377 -48.6121
0.084 41.693 -32.8943
0.086 26.3139 -10.8612
0.088 5.70609 15.003
0.09 -16.1371 41.4474
0.092 -34.9103 64.9582
0.094 -46.8122 82.3453
0.096 -49.2517 91.2952
0.098 -41.337 90.7691
0.1 -24.0841 81.1614
0.102 -0.299147 64.2053
0.104 25.8756 42.6683
0.106 49.7123 19.9161
0.108 66.8205 -0.583237
0.11 74.0502 -15.7553
0.112 70.1586 -23.3724
0.114 56.068 -22.4095
0.116 34.6496 -13.2443
0.118 10.0903 2.35675
0.12 -13.0035 21.4907
0.122 -30.5624 40.5821
0.124 -39.8773 55.9755
0.126 -40.1317 64.5461
0.128 -32.5403 64.2168
0.13 -20.058 54.3076
0.132 -6.70543 35.6704
0.134 3.35712 10.5927
0.136 6.80346 -17.5317
0.138 1.93946 -44.7264
0.14 -10.863 -67.078
0.142 -29.1948 -81.3888
0.144 -49.0912 -85.7163
0.146 -65.8606 -79.6963
0.148 -75.0896 -64.5974
0.15 -73.6279 -43.1044
0.152 -60.3547 -18.8746
0.154 -36.5626 4.06105
0.156 -5.85351 21.9638
0.158 26.4683 32.0167
0.16 54.402 32.8134
0.162 72.4533 24.6069
0.164 76.7704 9.25598
0.166 65.963 -10.1393
0.168 41.4291 -29.8419
0.17 7.13346 -46.1931
0.172 -31.1068 -56.2842
0.174 -66.683 -58.4528
0.176 -93.4038 -52.5267
0.178 -106.637 -39.7975
0.18 -104.172 -22.7475
0.182 -86.6337 -4.58049
0.184 -57.3511 11.372
0.186 -21.691 22.2758
0.188 14.0108 26.3381
0.19 43.6977 23.1571
0.192 62.7529 13.7927
0.194 68.8361 0.535781
0.196 62.2435 -13.5771
0.198 45.7456 -25.3902
0.2 23.9612 -32.2589
0.202 2.40451 -32.5535
0.204 -13.6093 -25.948
0.206 -19.9942 -13.4548
0.208 -14.666 2.78952
0.21 2.09452 19.9413
0.212 27.7551 34.9981
0.214 58.0952 45.3778
0.216 88.0862 49.4207
0.218 112.894 46.7112
0.22 128.786 38.1509
0.222 133.767 25.767
0.224 127.833 12.2993
0.226 112.815 0.655042
0.228 91.8809 -6.65668
0.23 68.8042 -8.00475
0.232 47.1548 -2.94458
0.234 29.5852 7.69717
0.236 17.3542 21.9778
0.238 10.1877 37.2071
0.24 6.49562 50.4603
0.242 3.88372 59.1349
0.244 -0.171528 61.4386
0.246 -7.64978 56.7118
0.248 -19.4697 45.5255
0.25 -35.2373 29.5483
0.252 -53.3031 11.22
0.254 -71.1036 -6.69391
0.256 -85.7106 -21.5848
0.258 -94.4684 -31.4366
0.26 -95.592 -35.1483
0.262 -88.5967 -32.6913
0.264 -74.4642 -25.0735
0.266 -55.5025 -14.116
0.268 -34.9199 -2.08557
0.27 -16.2038 8.73944
0.272 -2.43891 16.4765
0.274 4.28721 19.9387
0.276 3.26715 18.7778
0.278 -4.72714 13.4621
0.28 -17.6368 5.11631
0.282 -32.5487 -4.73137
0.284 -46.2752 -14.4421
0.286 -55.9647 -22.55
0.288 -59.6282 -27.9939
0.29 -56.4848 -30.2637
0.292 -47.0634 -29.4374
0.294 -33.0468 -26.107
0.296 -16.8944 -21.21
0.298 -1.32586 -15.8102
0.3 11.221 -10.8787
0.302 19.0457 -7.12531
0.304 21.4624 -4.90916
0.306 18.8533 -4.23263
0.308 12.5034 -4.80368
0.31 4.26354 -6.14073
0.312 -3.87419 -7.69385
0.314 -10.1999 -8.96015
0.316 -13.6196 -9.57556
0.318 -13.8368 -9.37099
0.32 -11.3504 -8.38689
0.322 -7.2794 -6.84775
0.324 -3.05965 -5.10564
0.326 -0.0862389 -3.56593
0.328 0.617554 -2.6103
0.33 -1.36722 -2.53016
0.332 -5.76758 -3.48015
0.334 -11.6883 -5.45694
0.336 -17.8179 -8.30312
0.338 -22.7212 -11.7321
0.34 -25.1544 -15.3664
0.342 -24.335 -18.7804
0.344 -20.108 -21.5422
0.346 -12.9764 -23.2502
0.348 -3.98996 -23.5692
0.35 5.48001 -22.2674
0.352 14.0261 -19.2576
0.354 20.4895 -14.6337
0.356 24.1823 -8.69004
0.358 25.0072 -1.90952
0.36 23.4527 5.08513
0.362 20.4708 11.6114
0.364 17.2651 17.0226
0.366 15.0321 20.8011
0.368 14.7089 22.6346
0.37 16.7812 22.4687
0.372 21.1889 20.528
0.374 27.3497 17.3035
0.376 34.2916 13.4965
0.378 40.8608 9.91959
0.38 45.9561 7.36086
0.382 48.7406 6.43593
0.384 48.7877 7.45958
0.386 46.139 10.3699
0.388 41.2692 14.7254
0.39 34.9703 19.7778
0.392 28.1812 24.6039
0.394 21.798 28.2694
0.396 16.5021 29.9953
0.398 12.6424 29.2988
0.4 10.1934 26.0861
0.402 8.7968 20.6816
0.404 7.87371 13.7831
0.406 6.78 6.34681
0.408 4.96875 -0.581756
0.41 2.1239 -6.05712
0.412 -1.76227 -9.40776
0.414 -6.38278 -10.358
0.416 -11.1801 -9.07382
0.418 -15.4656 -6.1249
0.42 -18.5689 -2.37004
0.422 -19.9847 1.2107
0.424 -19.4872 3.70548
0.426 -17.1904 4.44521
0.428 -13.5426 3.12873
0.43 -9.25865 -0.126597
0.432 -5.20139 -4.81835
0.434 -2.23327 -10.1677
0.436 -1.06322 -15.2776
0.438 -2.115 -19.3068
0.44 -5.44171 -21.6246
0.442 -10.7039 -21.9188
0.444 -17.2174 -20.2404
0.446 -24.0623 -16.9798
0.448 -30.2323 -12.7792
0.45 -34.7972 -8.40032
0.452 -37.0496 -4.56999
0.454 -36.6141 -1.83774
0.456 -33.5049 -0.475281
0.458 -28.124 -0.440597
0.46 -21.2013 -1.4124
0.462 -13.6825 -2.88284
0.464 -6.58268 -4.28286
0.466 -0.826094 -5.10987
0.468 2.89734 -5.03138
0.47 4.23568 -3.94612
0.472 3.22108 -1.99469
0.474 0.253547 0.479828
0.476 -3.97152 3.01212
0.478 -8.57851 5.11903
0.48 -12.6521 6.40598
0.482 -15.3833 6.65125
0.484 -16.2006 5.84887
0.486 -14.8639 4.20129
0.488 -11.5035 2.06629
0.49 -6.59538 -0.125822
0.492 -0.874707 -1.96328
0.494 4.79508 -3.13183
0.496 9.57189 -3.46633
0.498 12.7766 -2.96758
0.5 14.0034 -1.78367
0.502 13.1831 -0.161756
0.504 10.5918 1.61808
0.506 6.80281 3.31125
0.508 2.58914 4.7617
0.51 -1.21083 5.92497
0.512 -3.84143 6.85525
0.514 -4.76423 7.66112
0.516 -3.75286 8.44533
0.518 -0.929447 9.24789
0.52 3.26228 10.0102
0.522 8.13952 10.5706
0.524 12.9005 10.6933
0.526 16.7602 10.1234
0.528 19.0784 8.6566
0.53 19.4608 6.20727
0.532 17.8173 2.85919
0.534 14.3667 -1.11507
0.536 9.58834 -5.27536
0.538 4.12916 -9.0765
0.54 -1.31596 -11.9635
0.542 -6.12538 -13.4808
0.544 -9.85084 -13.3723
0.546 -12.2782 -11.6482
0.548 -13.441 -8.60273
0.55 -13.5871 -4.77625
0.552 -13.1095 -0.866768
0.554 -12.4549 2.39201
0.556 -12.0282 4.36316
0.558 -12.11 4.62378
0.56 -12.802 3.04443
0.562 -14.0091 -0.184338
0.564 -15.4598 -4.5834
0.566 -16.7611 -9.4683
0.568 -17.4743 -14.0687
0.57 -17.1983 -17.6617
0.572 -15.6446 -19.6939
0.574 -12.6895 -19.8703
0.576 -8.39834 -18.1933
0.578 -3.017 -14.9455
0.58 3.06381 -10.6214
0.582 9.36337 -5.82485
0.584 15.3747 -1.15407
0.586 20.6268 2.89994
0.588 24.7373 6.02274
0.59 27.4511 8.10266
0.592 28.661 9.21409
0.594 28.412 9.56742
0.596 26.8894 9.44044
0.598 24.3927 9.10783
0.6 21.3007 8.78328
0.602 18.0293 8.58476
0.604 14.9874 8.52807
0.606 12.5325 8.54746
0.608 10.9296 8.536
0.61 10.3162 8.39305
0.612 10.677 8.06464
0.614 11.8357 7.56454
0.616 13.4659 6.9701
0.618 15.1261 6.39478
0.62 16.3141 5.94705
0.622 16.5369 5.68917
0.624 15.3858 5.60948
0.626 12.607 5.61725
0.628 8.15546 5.56256
0.63 2.22374 5.27667
0.632 -4.76262 4.6227
0.634 -12.1871 3.54338
0.636 -19.3189 2.09287
0.638 -25.4136 0.44286
0.64 -29.8236 -1.14143
0.642 -32.0964 -2.35226
0.644 -32.0444 -2.9082
0.646 -29.7738 -2.62623
0.648 -25.6661 -1.48034
0.65 -20.3175 0.369078
0.652 -14.4442 2.5857
0.654 -8.77098 4.71013
0.656 -3.92003 6.24767
0.658 -0.32043 6.77422
0.66 1.84622 6.03728
0.662 2.65433 4.02824
0.664 2.39661 1.00724
0.666 1.50977 -2.52819
0.668 0.479766 -5.9266
0.67 -0.253512 -8.50321
0.672 -0.37439 -9.67409
0.674 0.261132 -9.07788
0.676 1.61517 -6.66072
0.678 3.49434 -2.70615
0.68 5.60504 2.1986
0.682 7.62434 7.2567
0.684 9.26996 11.6012
0.686 10.3538 14.4537
0.688 10.8079 15.2723
0.69 10.6788 13.8558
0.692 10.0954 10.3857
0.694 9.22011 5.39303
0.696 8.1971 -0.339739
0.698 7.11077 -5.92388
0.7 5.9639 -10.5267
0.702 4.68086 -13.5199
0.704 3.13538 -14.5868
0.706 1.19665 -13.7692
0.708 -1.21759 -11.4467
0.71 -4.09551 -8.25405
0.712 -7.30673 -4.95191
0.714 -10.6078 -2.27797
0.716 -13.678 -0.806595
0.718 -16.1782 -0.844832
0.72 -17.819 -2.38427
0.722 -18.4214 -5.11628
0.724 -17.9591 -8.50484
0.726 -16.57 -11.8995
0.728 -14.5352 -14.6636
0.73 -12.2279 -16.292
0.732 -10.0404 -16.4953
0.734 -8.30409 -15.2385
0.736 -7.22076 -12.729
0.738 -6.82017 -9.36179
0.74 -6.95571 -5.63487
0.742 -7.33909 -2.05278
0.744 -7.60623 0.96207
0.746 -7.39925 3.13441
0.748 -6.4469 4.3665
0.75 -4.62687 4.73107
0.752 -1.99809 4.43182
0.754 1.20376 3.74352
0.756 4.60708 2.94683
0.758 7.77464 2.2729
0.76 10.2893 1.86811
0.762 11.837 1.78357
0.764 12.2676 1.98706
0.766 11.6201 2.39063
0.768 10.1067 2.8843
0.77 8.06085 3.36702
0.772 5.86235 3.76776
0.774 3.85809 4.05319
0.776 2.29529 4.22215
0.778 1.2807 4.29062
0.78 0.773402 4.27345
0.782 0.611714 4.16986
0.784 0.567875 3.9583
0.786 0.418085 3.60287
0.788 0.0112775 3.06924
0.79 -0.680652 2.34481
0.792 -1.54462 1.45621
0.794 -2.34591 0.477904
0.796 -2.78173 -0.471792
0.798 -2.5563 -1.24798
0.8 -1.45992 -1.70681
0.802 0.566347 -1.73777
0.804 3.39573 -1.29319
0.806 6.71943 -0.406848
0.808 10.0905 0.804548
0.81 13.0006 2.15967
0.812 14.976 3.44815
0.814 15.6724 4.47565
0.816 14.9485 5.10759
0.818 12.9014 5.30007
0.82 9.85509 5.11028
0.822 6.30318 4.68319
0.824 2.81778 4.21763
0.826 -0.0579236 3.91907
0.828 -1.91174 3.94928
0.83 -2.539 4.38382
0.832 -1.97851 5.18701
0.834 -0.500633 6.21138
0.836 1.4507 7.22345
0.838 3.3505 7.9521
0.84 4.70105 8.14973
0.842 5.13389 7.65194
0.844 4.48445 6.42126
0.846 2.82466 4.56311
0.848 0.447707 2.30928
0.85 -2.19092 -0.0282149
0.852 -4.56325 -2.12256
0.854 -6.1715 -3.70236
0.856 -6.64348 -4.61081
0.858 -5.80266 -4.84078
0.86 -3.70011 -4.53725
0.862 -0.603087 -3.96584
0.864 3.05608 -3.45287
0.866 6.75951 -3.3093
0.868 9.99492 -3.7548
0.87 12.3402 -4.85938
0.872 13.5257 -6.51686
0.874 13.4647 -8.45789
0.876 12.2483 -10.3013
0.878 10.11 -11.6334
0.88 7.36904 -12.0993
0.882 4.36596 -11.4845
0.884 1.40289 -9.77029
0.886 -1.29933 -7.14847
0.888 -3.62085 -3.9919
0.89 -5.53804 -0.785364
0.892 -7.09853 1.96925
0.894 -8.38473 3.85428
0.896 -9.47622 4.62297
0.898 -10.4207 4.25269
0.9 -11.22 2.95278
0.902 -11.8331 1.1238
0.904 -12.194 -0.724213
0.906 -12.238 -2.07829
0.908 -11.9287 -2.53162
0.91 -11.2775 -1.87209
0.912 -10.3504 -0.131026
0.914 -9.25995 2.41859
0.916 -8.14316 5.31467
0.918 -7.13206 7.99869
0.92 -6.32299 9.92949
0.922 -5.75272 10.6948
0.924 -5.38748 10.0974
0.926 -5.12793 8.19832
0.928 -4.83007 5.30692
0.93 -4.33778 1.92079
0.932 -3.52015 -1.37357
0.934 -2.30481 -4.01817
0.936 -0.699277 -5.59469
0.938 1.20506 -5.90634
0.94 3.24779 -5.01355
0.942 5.22966 -3.21679
0.944 6.95122 -0.990653
0.946 8.25123 1.11638
0.948 9.03635 2.59566
0.95 9.29629 3.0823
0.952 9.10133 2.4284
0.954 8.58316 0.730842
0.956 7.90321 -1.69152
0.958 7.21531 -4.36615
0.96 6.63105 -6.76579
0.962 6.19612 -8.41684
0.964 5.88331 -8.99435
0.966 5.60443 -8.3839
0.968 5.23818 -6.69879
0.97 4.66737 -4.25039
0.972 3.8164 -1.47942
0.974 2.67985 1.1363
0.976 1.33548 3.17824
0.978 -0.0620543 4.368
0.98 -1.30603 4.61639
0.982 -2.17684 4.03176
0.984 -2.48784 2.8866
0.986 -2.12881 1.55086
0.988 -1.09722 0.407174
0.99 0.490011 -0.232905
0.992 2.40852 -0.193484
0.994 4.36127 0.533674
0.996 6.03016 1.79515
0.998 7.1348 3.31684
1 7.48695 4.76935
1.002 7.0297 5.84284
1.004 5.8535 6.31481
1.006 4.1852 6.09637
1.008 2.35133 5.24769
1.01 0.721549 3.95989
1.012 -0.357925 2.50813
1.014 -0.628862 1.18694
1.016 0.0282942 0.242834
1.018 1.56725 -0.180357
1.02 3.77751 -0.0712638
1.022 6.31506 0.450356
1.024 8.75703 1.16499
1.026 10.6711 1.80698
1.028 11.6883 2.12778
1.03 11.5658 1.95472
1.032 10.2306 1.23202
1.034 7.79454 0.0351586
1.036 4.53961 -1.44446
1.038 0.874474 -2.94109
1.04 -2.72975 -4.17301
1.042 -5.81369 -4.90447
1.044 -8.00158 -4.99739
1.046 -9.05861 -4.44137
1.048 -8.92488 -3.35553
1.05 -7.72046 -1.96207
1.052 -5.72159 -0.537817
1.054 -3.31199 0.645621
1.056 -0.917829 1.37983
1.058 1.06266 1.5633
1.06 2.32314 1.22147
1.062 2.69596 0.498697
1.064 2.17428 -0.375925
1.066 0.906575 -1.14154
1.068 -0.834594 -1.56538
1.07 -2.70344 -1.49601
1.072 -4.34223 -0.898219
1.074 -5.44248 0.138394
1.076 -5.79613 1.4187
1.078 -5.3283 2.68471
1.08 -4.10675 3.67207
1.082 -2.32671 4.16811
1.084 -0.274342 4.05879
1.086 1.72458 3.35472
1.088 3.36101 2.19046
1.09 4.39407 0.797183
1.092 4.6886 -0.545496
1.094 4.23288 -1.56851
1.096 3.13443 -2.07037
1.098 1.59582 -1.9599
1.1 -0.124364 -1.27552
1.102 -1.75798 -0.176663
1.104 -3.07279 1.09039
1.106 -3.90923 2.24496
1.108 -4.20233 3.03119
1.11 -3.98566 3.27142
1.112 -3.37731 2.90265
1.114 -2.55142 1.98877
1.116 -1.70131 0.70629
1.118 -1.00183 -0.693112
1.12 -0.578172 -1.93537
1.122 -0.486824 -2.78097
1.124 -0.711299 -3.0741
1.126 -1.1723 -2.77373
1.128 -1.74903 -1.96034
1.13 -2.30659 -0.817021
1.132 -2.72379 0.410243
1.134 -2.91601 1.46463
1.136 -2.84921 2.13139
1.138 -2.54295 2.28061
1.14 -2.06264 1.89125
1.142 -1.50313 1.05197
1.144 -0.967691 -0.0607642
1.146 -0.547262 -1.22213
1.148 -0.304263 -2.20734
1.15 -0.2642 -2.83855
1.152 -0.415884 -3.02026
1.154 -0.719034 -2.75591
1.156 -1.11639 -2.14263
1.158 -1.54689 -1.34598
1.16 -1.95677 -0.560997
1.162 -2.3065 0.0315561
1.164 -2.57269 0.304094
1.166 -2.74558 0.208028
1.168 -2.82341 -0.218567
1.17 -2.80609 -0.862525
1.172 -2.69046 -1.56337
1.174 -2.46912 -2.15088
1.176 -2.13365 -2.48404
1.178 -1.68154 -2.48259
1.18 -1.12455 -2.1443
1.182 -0.495405 -1.54409
1.184 0.150318 -0.815438
1.186 0.738916 -0.118708
1.188 1.18998 0.396335
1.19 1.43257 0.625034
1.192 1.42265 0.531748
1.194 1.15773 0.158011
1.196 0.684772 -0.386646
1.198 0.0985158 -0.94903
1.2 -0.470644 -1.36642
1.202 -0.878273 -1.50309
1.204 -0.99356 -1.28121
1.206 -0.72788 -0.699431
1.208 -0.0581445 0.16512
1.21 0.960764 1.17186
1.212 2.19839 2.14565
1.214 3.46689 2.91317
1.216 4.55267 3.33888
1.218 5.25577 3.35279
1.22 5.42968 2.96407
1.222 5.0133 2.25783
1.224 4.04819 1.37606
1.226 2.67688 0.487003
1.228 1.12157 -0.250265
1.23 -0.353702 -0.718418
1.232 -1.49054 -0.864776
1.234 -2.08479 -0.709791
1.236 -2.02662 -0.339622
1.238 -1.32429 0.115268
1.24 -0.106214 0.51056
1.242 1.39947 0.720849
1.244 2.90467 0.667598
1.246 4.11314 0.336301
1.248 4.77455 -0.220749
1.25 4.73052 -0.896531
1.252 3.94364 -1.5534
1.254 2.50409 -2.05378
1.256 0.612522 -2.29048
1.258 -1.45716 -2.21007
1.26 -3.40787 -1.82402
1.262 -4.97245 -1.20558
1.264 -5.95971 -0.473209
1.266 -6.28486 0.235399
1.268 -5.97898 0.792923
1.27 -5.17642 1.10908
1.272 -4.08339 1.14881
1.274 -2.93453 0.938145
1.276 -1.94645 0.556931
1.278 -1.27775 0.119959
1.28 -1.00302 -0.249121
1.282 -1.10542 -0.445408
1.284 -1.48842 -0.405809
1.286 -2.00297 -0.122523
1.288 -2.48396 0.35589
1.29 -2.78759 0.935889
1.292 -2.82188 1.50003
1.294 -2.56419 1.93286
1.296 -2.06241 2.14586
1.298 -1.42042 2.09592
1.3 -0.771614 1.79354
1.302 -0.246855 1.29911
1.304 0.0556253 0.708493
1.306 0.0917922 0.131238
1.308 -0.119789 -0.333581
1.31 -0.504083 -0.618488
1.312 -0.948354 -0.701053
1.314 -1.32895 -0.606859
1.316 -1.53985 -0.401542
1.318 -1.5166 -0.17393
1.32 -1.25038 -0.0142189
1.322 -0.789222 0.00780582
1.324 -0.226252 -0.14045
1.326 0.322268 -0.446405
1.328 0.744075 -0.854896
1.33 0.956981 -1.28073
1.332 0.927938 -1.62829
1.334 0.680779 -1.81372
1.336 0.290992 -1.78458
1.338 -0.131131 -1.53253
1.34 -0.464997 -1.09619
1.342 -0.60633 -0.553517
1.344 -0.490044 -0.00545243
1.346 -0.104485 0.445495
1.348 0.505843 0.717101
1.35 1.24949 0.764894
1.352 2.00709 0.591464
1.354 2.65594 0.245599
1.356 3.0949 -0.188554
1.358 3.26416 -0.609917
1.36 3.15576 -0.922447
1.362 2.81286 -1.05583
1.364 2.3183 -0.980381
1.366 1.77528 -0.712858
1.368 1.2848 -0.31207
1.37 0.924959 0.134741
1.372 0.736454 0.5316
1.374 0.717257 0.795208
1.376 0.827005 0.873319
1.378 0.999591 0.7561
1.38 1.16065 0.478012
1.382 1.24569 0.109844
1.384 1.21463 -0.257295
1.386 1.05961 -0.532473
1.388 0.804384 -0.645376
1.39 0.495826 -0.562163
1.392 0.18998 -0.293261
1.394 -0.0638046 0.108634
1.396 -0.236474 0.559914
1.398 -0.327189 0.964311
1.4 -0.363557 1.23409
1.402 -0.394127 1.30963
1.404 -0.475034 1.17305
1.406 -0.654124 0.853079
1.408 -0.95652 0.419775
1.41 -1.37529 -0.0296293
1.412 -1.8697 -0.391002
1.414 -2.3718 -0.575365
1.416 -2.80007 -0.528102
1.418 -3.07726 -0.241262
1.42 -3.14829 0.24364
1.422 -2.994 0.842919
1.424 -2.63724 1.44664
1.426 -2.1395 1.93992
1.428 -1.5885 2.22531
1.43 -1.07939 2.24177
1.432 -0.693527 1.97656
1.434 -0.479856 1.4677
1.436 -0.443149 0.796591
1.438 -0.541995 0.0724357
1.44 -0.697318 -0.588441
1.442 -0.809862 -1.08418
1.444 -0.783029 -1.34569
1.446 -0.546199 -1.3481
1.448 -0.0733686 -1.11356
1.45 0.607209 -0.704838
1.452 1.41489 -0.211669
1.454 2.23008 0.267488
1.456 2.91682 0.64434
1.458 3.34998 0.856677
1.46 3.44129 0.878379
1.462 3.15889 0.721897
1.464 2.53586 0.433178
1.466 1.66595 0.0804627
1.468 0.687038 -0.260525
1.47 -0.244497 -0.521877
1.472 -0.983272 -0.656271
1.474 -1.42244 -0.644859
1.476 -1.51359 -0.498987
1.478 -1.27504 -0.255794
1.48 -0.786744 0.0310665
1.482 -0.173017 0.303378
1.484 0.423437 0.51039
1.486 0.87078 0.618458
1.488 1.07459 0.616492
1.49 0.996328 0.51641
1.492 0.659945 0.348898
1.494 0.14557 0.155664
1.496 -0.4284 -0.0199761
1.498 -0.930861 -0.142168
1.5 -1.24581 -0.189443
1.502 -1.29657 -0.158238
1.504 -1.0615 -0.062515
1.506 -0.577957 0.0702011
1.508 0.0659473 0.205312
1.51 0.749942 0.308666
1.512 1.34647 0.353469
1.514 1.74657 0.325198
1.516 1.88142 0.223657
1.518 1.7352 0.0619971
1.52 1.34686 -0.13683
1.522 0.800589 -0.345211
1.524 0.207329 -0.536397
1.526 -0.318676 -0.689254
1.528 -0.683306 -0.791364
1.53 -0.831052 -0.840034
1.532 -0.754852 -0.841253
1.534 -0.495469 -0.807057
1.536 -0.130841 -0.752038
1.538 0.242039 -0.689862
1.54 0.528709 -0.630559
1.542 0.657646 -0.579104
1.544 0.595228 -0.535449
1.546 0.352234 -0.495815
1.548 -0.0192935 -0.454755
1.55 -0.437916 -0.407385
1.552 -0.810684 -0.351139
1.554 -1.05309 -0.28664
1.556 -1.10681 -0.217476
1.558 -0.951573 -0.149043
1.56 -0.608751 -0.0868132
1.562 -0.136287 -0.0345456
1.564 0.383831 0.00702348
1.566 0.862623 0.0406367
1.568 1.22203 0.0719338
1.57 1.40997 0.107935
1.572 1.40947 0.154942
1.574 1.24033 0.216378
1.576 0.953049 0.291137
1.578 0.61681 0.37291
1.58 0.304026 0.450738
1.582 0.0749987 0.510786
1.584 -0.0341424 0.539038
1.586 -0.0177727 0.524368
1.588 0.0997413 0.461353
1.59 0.271006 0.35217
1.592 0.437258 0.207102
1.594 0.542022 0.0434427
1.596 0.543757 -0.117098
1.598 0.424813 -0.252041
1.6 0.194899 -0.342166
1.602 -0.111479 -0.375144
1.604 -0.442839 -0.348023
1.606 -0.741956 -0.268056
1.608 -0.95796 -0.151668
1.61 -1.05671 -0.0216991
1.612 -1.02729 0.0965835
1.614 -0.883434 0.180002
1.616 -0.659726 0.211679
1.618 -0.40368 0.184164
1.62 -0.165459 0.100886
1.622 0.0124727 -0.024364
1.624 0.103614 -0.169838
1.626 0.101975 -0.309707
1.628 0.022117 -0.418684
1.63 -0.105119 -0.476528
1.632 -0.240115 -0.471607
1.634 -0.343454 -0.402874
1.636 -0.384401 -0.279908
1.638 -0.347105 -0.121074
1.64 -0.233316 0.0498558
1.642 -0.0612529 0.207963
1.644 0.13894 0.331539
1.646 0.331968 0.405754
1.648 0.484852 0.424992
1.65 0.57345 0.393451
1.652 0.586749 0.323962
1.654 0.528152 0.235264
1.656 0.413708 0.148279
1.658 0.267878 0.0820962
1.66 0.117902 0.0504297
1.662 -0.0119093 0.0592005
1.664 -0.104732 0.105674
1.666 -0.153724 0.179259
1.668 -0.162103 0.263768
1.67 -0.140988 0.340671
1.672 -0.105707 0.392695
1.674 -0.0715623 0.407109
1.676 -0.0500868 0.37807
1.678 -0.0466389 0.307626
1.68 -0.0598023 0.20522
1.682 -0.0825952 0.0858211
1.684 -0.105062 -0.0329378
1.686 -0.117508 -0.134049
1.688 -0.113519 -0.204222
1.69 -0.0919909 -0.236197
1.692 -0.0576688 -0.229862
1.694 -0.0200663 -0.192003
1.696 0.00894973 -0.134785
1.698 0.018296 -0.0732987
1.7 0.000739505 -0.0226483
1.702 -0.044878 0.00485134
1.704 -0.112825 0.00187376
1.706 -0.191297 -0.0327111
1.708 -0.264702 -0.0938102
1.71 -0.316903 -0.171232
1.712 -0.334708 -0.251719
1.714 -0.310817 -0.321485
1.716 -0.245581 -0.368749
1.718 -0.1472 -0.385806
1.72 -0.0302824 -0.370254
1.722 0.0869142 -0.325197
1.724 0.185992 -0.258455
1.726 0.251939 -0.18096
1.728 0.275933 -0.104702
1.73 0.256859 -0.04059
1.732 0.20125 0.00335991
1.734 0.121714 0.0232364
1.736 0.0342282 0.0196455
1.738 -0.0450937 -0.00269624
1.74 -0.103072 -0.0360797
1.742 -0.131755 -0.0713921
1.744 -0.129528 -0.0998617
1.746 -0.100884 -0.114626
1.748 -0.0550224 -0.111847
1.75 -0.00363458 -0.091207
1.752 0.0416064 -0.0557444
1.754 0.0713179 -0.0111168
1.756 0.0799962 0.0355399
1.758 0.0666508 0.0769255
1.76 0.0344407 0.106829
1.762 -0.0105087 0.121113
1.764 -0.0607575 0.118288
1.766 -0.109246 0.0996022
1.768 -0.150639 0.0686782
1.77 -0.18205 0.0307821
1.772 -0.20306 -0.00811793
1.774 -0.215122 -0.0423285
1.776 -0.22059 -0.0672813
1.778 -0.221675 -0.0801355
1.78 -0.219626 -0.0800677
1.782 -0.214343 -0.0682407
1.784 -0.204496 -0.0474881
1.786 -0.188103 -0.0217836
1.788 -0.163379 0.00441714
1.79 -0.129608 0.0268641
1.792 -0.0877805 0.0421353
1.794 -0.0407917 0.048109
1.796 0.0069 0.044228
1.798 0.0500919 0.0315251
1.8 0.083956 0.0124193
1.802 0.105178 -0.00967808
1.804 0.112822 -0.0308838
1.806 0.108676 -0.0474158
1.808 0.0969778 -0.056143
1.81 0.0835469 -0.0550421
1.812 0.0745096 -0.0435034
1.814 0.0749035 -0.0224424
1.816 0.087471 0.00580588
1.818 0.111924 0.037805
1.82 0.144856 0.0695114
1.822 0.180355 0.096878
1.824 0.211193 0.116473
1.826 0.230363 0.126014
1.828 0.232633 0.124726
1.83 0.215779 0.113461
1.832 0.181225 0.0945519
1.834 0.133915 0.0714244
1.836 0.0814599 0.0480316
1.838 0.0326903 0.0281953
1.84 -0.00405961 0.0149709
1.842 -0.0225981 0.0101412
1.844 -0.020106 0.0139291
1.846 0.00229949 0.0249827
1.848 0.0397788 0.0406381
1.85 0.0847122 0.0574118
1.852 0.128174 0.0716346
1.854 0.161639 0.0801081
1.856 0.178587 0.0806679
1.858 0.175681 0.0725513
1.86 0.153315 0.0565097
1.862 0.115417 0.0346482
1.864 0.0685832 0.010027
1.866 0.0207217 -0.0138971
1.868 -0.0205128 -0.0338852
1.87 -0.0491696 -0.0474699
1.872 -0.0620578 -0.0533526
1.874 -0.0592128 -0.0515736
1.876 -0.0437066 -0.0434362
1.878 -0.0208745 -0.0312058
1.88 0.00285887 -0.0176518
1.882 0.021298 -0.00552317
1.884 0.0296746 0.00294061
1.886 0.0254988 0.00637528
1.888 0.00892022 0.00447418
1.89 -0.0174387 -0.00203517
1.892 -0.0491141 -0.0116037
1.894 -0.0807442 -0.0222115
1.896 -0.107123 -0.031783
1.898 -0.124156 -0.0385807
1.9 -0.129533 -0.0415055
1.902 -0.123022 -0.0402495
1.904 -0.106344 -0.0352856
1.906 -0.0826917 -0.0277086
1.908 -0.056025 -0.0189725
1.91 -0.0302857 -0.0105845
1.912 -0.00870351 -0.00381809
1.914 0.00668988 0.000501614
1.916 0.0152617 0.00210532
1.918 0.0176896 0.00126955
1.92 0.0156327 -0.0012987
1.922 0.0112577 -0.00465025
1.924 0.00672885 -0.00781071
1.926 0.00377007 -0.00997967
1.928 0.00337668 -0.0106728
1.93 0.0057163 -0.00978332
1.932 0.0102151 -0.00755927
1.934 0.0157877 -0.0045099
1.936 0.0211441 -0.0012697
1.938 0.0250988 0.00154709
1.94 0.0268181 0.00347048
1.942 0.0259596 0.00425428
1.944 0.0226913 0.00390039
1.946 0.0176008 0.0026296
1.948 0.0115301 0.00081118
1.95 0.00538128 -0.00112929
1.952 -6.22938e-05 -0.0028021
1.954 -0.00426244 -0.00392636
1.956 -0.00698275 -0.00437038
1.958 -0.00827386 -0.00415526
1.96 -0.00840289 -0.00342565
1.962 -0.0077523 -0.00239923
1.964 -0.00671616 -0.00130889
1.966 -0.00561785 -0.000352053
1.968 -0.00466332 0.000343108
1.97 -0.00393334 0.000729728
1.972 -0.00340762 0.000833966
1.974 -0.00300761 0.000732155
1.976 -0.00264254 0.00052152
1.978 -0.00224583 0.000292657
1.98 -0.00179404 0.000110005
1.982 -0.00130688 3.45443e-06
1.984 -0.000832528 -2.90922e-05
1.986 -0.000425844 -1.1227e-05
1.988 -0.000127893 2.58193e-05
1.99 4.67207e-05 5.56677e-05
1.992 0.000111756 6.44362e-05
1.994 0.000101531 5.21682e-05
1.996 5.77138e-05 2.89321e-05
1.998 1.63469e-05 8.11886e-06
0.5 0.144216 0.0273245
1 0.0967853 -0.0103617
1.5 0.0254308 -0.0633234
2 -0.0591082 -0.117599
2.5 -0.141592 -0.156582
3 -0.20011 -0.165524
3.5 -0.204317 -0.136912
4 -0.117666 -0.0742733
4.5 0.0935678 0.00799223
5 0.444983 0.0894372
5.5 0.917591 0.151246
6 1.44836 0.183143
6.5 1.93537 0.186069
7 2.26042 0.169367
7.5 2.32468 0.144322
8 2.08597 0.118051
8.5 1.58337 0.0914829
9 0.937045 0.0626106
9.5 0.31917 0.0326742
10 -0.0972485 0.0106637
10.5 -0.195264 0.0120646
11 0.044185 0.051073
11.5 0.53249 0.129837
12 1.10133 0.23104
12.5 1.55937 0.319427
13 1.75683 0.353625
13.5 1.63349 0.303933
14 1.23279 0.167719
14.5 0.678699 -0.0257442
15 0.12735 -0.224517
15.5 -0.28576 -0.373905
16 -0.483304 -0.438051
16.5 -0.457966 -0.413126
17 -0.260313 -0.326053
17.5 0.0268962 -0.219901
18 0.315773 -0.133462
18.5 0.533631 -0.0849788
19 0.634519 -0.0671963
19.5 0.603817 -0.0548366
20 0.458027 -0.0195022
20.5 0.239996 0.0558511
21 0.00863714 0.16935
21.5 -0.17656 0.301706
22 -0.272755 0.42442
22.5 -0.266769 0.509932
23 -0.178322 0.539495
23.5 -0.0516557 0.506852
24 0.0612032 0.418194
24.5 0.118669 0.289892
25 0.10228 0.14514
25.5 0.0198782 0.00976093
26 -0.100306 -0.092838
26.5 -0.220943 -0.146994
27 -0.307575 -0.148898
27.5 -0.337652 -0.107643
28 -0.304943 -0.042257
28.5 -0.219256 0.0245578
29 -0.102322 0.0736227
29.5 0.0188119 0.0946058
30 0.119097 0.0875658
30.5 0.181556 0.0606412
31 0.200391 0.025485
31.5 0.180485 -0.00728439
32 0.133993 -0.0308709
32.5 0.0758196 -0.042825
33 0.0197862 -0.0439583
33.5 -0.0235931 -0.0367837
34 -0.0479898 -0.0243428
34.5 -0.051651 -0.00964647
35 -0.0377929 0.00455465
35.5 -0.0146095 0.0160273
36 0.00603789 0.0234291
36.5 0.0117671 0.0265661
37 -0.00604053 0.0262359
37.5 -0.0486577 0.0235942
38 -0.109102 0.0193377
38.5 -0.174696 0.0131909
39 -0.232036 0.00404698
39.5 -0.271915 -0.00926409
40 -0.291772 -0.0269885
40.5 -0.29467 -0.0477775
41 -0.285813 -0.0686774
41.5 -0.268935 -0.0857623
42 -0.244767 -0.0951119
42.5 -0.212303 -0.0937816
43 -0.171758 -0.0805595
43.5 -0.127005 -0.0564521
44 -0.0856155 -0.0248449
44.5 -0.0561594 0.00883795
45 -0.0441481 0.0381948
45.5 -0.0489746 0.0576156
46 -0.0637409 0.0642612
46.5 -0.0782859 0.0593253
47 -0.0839143 0.0476867
47.5 -0.0773215 0.0357409
48 -0.061612 0.0282576
48.5 -0.0438952 0.0259007
49 -0.0308487 0.0249485
49.5 -0.0247792 0.0196468
50 -0.0224238 0.0060582
50.5 -0.0171673 -0.0147933
51 -0.00337576 -0.0364842
51.5 0.0196965 -0.0499856
52 0.046754 -0.0482835
52.5 0.068814 -0.0302222
53 0.0777913 -0.00130452
53.5 0.0707329 0.0290868
54 0.0513046 0.0524797
54.5 0.0277024 0.0653707
55 0.00819492 0.0702701
55.5 -0.00318136 0.0732705
56 -0.00840587 0.0797238
56.5 -0.0138595 0.0906414
57 -0.0263619 0.101882
57.5 -0.0491462 0.106466
58 -0.0799392 0.0985403
58.5 -0.111996 0.0767013
59 -0.137277 0.0449305
59.5 -0.149907 0.0108678
60 -0.148174 -0.0174079
60.5 -0.134383 -0.0343163
61 -0.113112 -0.0381154
61.5 -0.0891496 -0.0304044
62 -0.0661794 -0.0145448
62.5 -0.0465072 0.00589487
63 -0.0313844 0.0279045
63.5 -0.0212414 0.0489389
64 -0.0155205 0.0664491
64.5 -0.0123787 0.0776435
65 -0.00882765 0.0797976
65.5 -0.00163613 0.0710016
66 0.0112702 0.0509526
66.5 0.0296559 0.0213867
67 0.0507968 -0.014048
67.5 0.0704619 -0.0504366
68 0.0845567 -0.0825594
68.5 0.0905602 -0.105938
69 0.0880845 -0.117751
69.5 0.0784701 -0.117437
70 0.0638694 -0.106796
70.5 0.0464014 -0.0894776
71 0.0276678 -0.0698834
71.5 0.00852767 -0.0517475
72 -0.0110897 -0.0368778
72.5 -0.0322985 -0.0245818
73 -0.056916 -0.0121038
73.5 -0.0862978 0.00400718
74 -0.119528 0.0261161
74.5 -0.151932 0.0540685
75 -0.175269 0.0847655
75.5 -0.180394 0.112979
76 -0.161794 0.133085
76.5 -0.121919 0.14098
77 -0.072693 0.135378
77.5 -0.0325982 0.118019
78 -0.0199506 0.0928448
78.5 -0.0451511 0.0646532
79 -0.105607 0.0378968
79.5 -0.185929 0.0160814
80 -0.26348 0.00177486
80.5 -0.316758 -0.00314362
81 -0.332852 0.00252618
81.5 -0.310903 0.0188301
82 -0.260625 0.0438855
82.5 -0.197246 0.0733522
83 -0.135459 0.100734
83.5 -0.0848149 0.118759
84 -0.0478405 0.121514
84.5 -0.0208401 0.106532
85 0.00339108 0.0759033
85.5 0.0319462 0.0358185
86 0.0682526 -0.00536038
86.5 0.109624 -0.0397534
87 0.146997 -0.0622589
87.5 0.16753 -0.0716044
88 0.159685 -0.0698658
88.5 0.118923 -0.0608801
89 0.0512674 -0.0484279
89.5 -0.0276325 -0.0350438
90 -0.0982618 -0.0218671
90.5 -0.145517 -0.00933993
91 -0.165423 0.0018726
91.5 -0.166589 0.0104056
92 -0.165344 0.0144841
92.5 -0.176924 0.0128027
93 -0.20744 0.00545062
93.5 -0.250994 -0.00570547
94 -0.293394 -0.0174689
94.5 -0.320095 -0.0264325
95 -0.32359 -0.0302522
95.5 -0.305949 -0.028477
96 -0.27533 -0.0225617
96.5 -0.239091 -0.0150888
97 -0.198234 -0.00859307
97.5 -0.147004 -0.00454048
98 -0.0780725 -0.00289991
98.5 0.00999425 -0.00243581
99 0.107958 -0.00150515
99.5 0.197369 0.00106815
100 0.258095 0.00545394
100.5 0.278006 0.0108143
101 0.259495 0.0157597
101.5 0.219156 0.0189798
102 0.180729 0.0197359
102.5 0.164991 0.0180343
103 0.181633 0.0145009
103.5 0.226676 0.0101098
104 0.285761 0.00592913
104.5 0.34073 0.00294797
105 0.375932 0.00194101
105.5 0.381834 0.00330157
106 0.355716 0.00684873
106.5 0.300875 0.0117224
107 0.225807 0.0165167
107.5 0.143647 0.0197082
108 0.0708496 0.0202519
108.5 0.0238989 0.0180677
109 0.0141155 0.0141356
109.5 0.0423959 0.0101
110 0.0967343 0.00754752
110.5 0.154639 0.00732029
111 0.190308 0.0092171
111.5 0.183914 0.0122245
112 0.129075 0.015124
112.5 0.0352958 0.0171214
113 -0.0754922 0.0181548
113.5 -0.176545 0.0187485
114 -0.24475 0.0195523
114.5 -0.266742 0.0208759
115 -0.241031 0.0224965
115.5 -0.176365 0.0238284
116 -0.0878118 0.0243107
116.5 0.0077184 0.0237497
117 0.0952805 0.0224046
117.5 0.164507 0.0207772
118 0.210934 0.0192542
118.5 0.236035 0.0178271
119 0.245918 0.0160579
119.5 0.248783 0.0133041
120 0.251592 0.00907505
120.5 0.256916 0.00332839
121 0.261167 -0.00343037
121.5 0.255242 -0.010277
122 0.227873 -0.0161503
122.5 0.170803 -0.0201634
123 0.0838835 -0.0218375
123.5 -0.0223098 -0.0211991
124 -0.128122 -0.0187363
124.5 -0.210796 -0.0152423
125 -0.252694 -0.0115975
125.5 -0.24813 -0.00855395
126 -0.205316 -0.00659147
126.5 -0.142085 -0.00589239
127 -0.0772627 -0.00643316
127.5 -0.0221544 -0.00812649
128 0.0232123 -0.0109111
128.5 0.0670017 -0.0147109
129 0.117662 -0.0192717
129.5 0.176301 -0.0239834
130 0.234467 -0.0278416
130.5 0.27908 -0.0296436
131 0.301507 -0.0283837
131.5 0.30462 -0.0236734
132 0.302535 -0.0159698
132.5 0.31221 -0.00647844
133 0.34158 0.00323302
133.5 0.381724 0.0117264
134 0.408727 0.0180617
134.5 0.39521 0.0219007
135 0.325471 0.0233546
135.5 0.205639 0.0227043
136 0.0628279 0.0201489
136.5 -0.0664883 0.0156889
137 -0.152557 0.00917175
137.5 -0.184345 0.000480979
138 -0.171646 -0.0101737
138.5 -0.137294 -0.0219424
139 -0.104779 -0.0331383
139.5 -0.0882024 -0.041346
140 -0.0891281 -0.0439733
140.5 -0.100259 -0.0391828
141 -0.112216 -0.0268618
141.5 -0.118845 -0.0091151
142 -0.118534 0.0101319
142.5 -0.112096 0.0264177
143 -0.0998128 0.0363854
143.5 -0.0801949 0.0389442
144 -0.0513351 0.0352842
144.5 -0.0137871 0.0277027
145 0.0270617 0.0179267
145.5 0.0608187 0.00598834
146 0.0746131 -0.00957647
146.5 0.057539 -0.0302513
147 0.00538649 -0.0556877
147.5 -0.0762031 -0.08272
148 -0.171687 -0.106041
148.5 -0.259297 -0.12034
149 -0.317684 -0.122766
149.5 -0.333277 -0.114325
150 -0.305269 -0.0993813
150.5 -0.245681 -0.0835347
151 -0.174008 -0.0710585
151.5 -0.108736 -0.0632833
152 -0.0598674 -0.0586919
152.5 -0.0263632 -0.0544709
153 0.000244435 -0.0484796
153.5 0.0283455 -0.040499
154 0.0595368 -0.032188
154.5 0.086981 -0.0259851
155 0.100016 -0.0237337
155.5 0.0921923 -0.0257954
156 0.0675384 -0.0309726
156.5 0.0406531 -0.0370565
157 0.0298925 -0.0415698
157.5 0.0471898 -0.0423851
158 0.0903618 -0.0381539
158.5 0.142607 -0.0286384
159 0.17994 -0.0149604
159.5 0.182829 0.000400916
160 0.145949 0.0141039
160.5 0.0809667 0.0229791
161 0.0110689 0.0252888
161.5 -0.0397639 0.021613
162 -0.0572564 0.014818
162.5 -0.0421461 0.00898058
163 -0.00833628 0.00770366
163.5 0.0244318 0.0126182
164 0.0393693 0.0227908
164.5 0.0288304 0.035282
165 -0.00425177 0.0465025
165.5 -0.0492853 0.0536478
166 -0.0930977 0.0555384
166.5 -0.124629 0.0525922
167 -0.137606 0.0461427
167.5 -0.130921 0.037599
168 -0.107415 0.0279101
168.5 -0.0720582 0.0175112
169 -0.0302714 0.00661614
169.5 0.0132426 -0.00444339
170 0.0550168 -0.0150708
170.5 0.0926557 -0.0245031
171 0.124112 -0.0320311
171.5 0.146814 -0.0371696
172 0.157286 -0.0396813
172.5 0.151823 -0.039492
173 0.128201 -0.0366175
173.5 0.0876829 -0.0312023
174 0.0360699 -0.0236753
174.5 -0.0171452 -0.0149148
175 -0.0615235 -0.00627038
175.5 -0.0891641 0.000660954
176 -0.0972155 0.00448751
176.5 -0.0881641 0.00455572
177 -0.0678913 0.00134
177.5 -0.0427495 -0.00351102
178 -0.0173465 -0.00755607
178.5 0.00592061 -0.0082887
179 0.0258188 -0.00397849
179.5 0.0409631 0.00567671
180 0.0495136 0.0193465
180.5 0.0502403 0.0344186
181 0.0441149 0.0478032
181.5 0.0350103 0.0569051
182 0.028576 0.060394
182.5 0.0295802 0.058473
183 0.0391296 0.0525507
183.5 0.0534107 0.0444846
184 0.0647887 0.0357661
184.5 0.0647832 0.0270492
185 0.0474545 0.0182439
185.5 0.0116462 0.00909053
186 -0.0387277 -0.000161103
186.5 -0.09613 -0.00842862
187 -0.151683 -0.0141076
187.5 -0.197333 -0.0159095
188 -0.227341 -0.0137545
188.5 -0.239008 -0.00913541
189 -0.232761 -0.00461428
189.5 -0.211718 -0.00261412
190 -0.180826 -0.00413139
190.5 -0.145699 -0.00812321
191 -0.111453 -0.0119936
191.5 -0.0818512 -0.0129783
192 -0.0589301 -0.0096706
192.5 -0.0430221 -0.00280386
193 -0.0329377 0.00518988
193.5 -0.0261777 0.0116012
194 -0.019297 0.015004
194.5 -0.00867135 0.0160187
195 0.00827461 0.0168258
195.5 0.031769 0.0197444
196 0.05906 0.0257714
196.5 0.0850732 0.0339868
197 0.104343 0.0421778
197.5 0.113403 0.0482578
198 0.112382 0.0515579
198.5 0.10488 0.0531622
199 0.0960986 0.0550718
199.5 0.0901736 0.0587221
200 0.0880753 0.0637672
200.5 0.0870769 0.0678577
201 0.0819213 0.0675194
201.5 0.0670118 0.0595968
202 0.0386496 0.0424739
202.5 -0.00341623 0.0165315
203 -0.0554094 -0.016153
203.5 -0.109908 -0.0524213
204 -0.157143 -0.0884734
204.5 -0.187179 -0.119983
205 -0.192724 -0.142175
205.5 -0.171849 -0.150343
206 -0.129477 -0.141007
206.5 -0.0766702 -0.113424
207 -0.0275003 -0.0706916
207.5 0.00549457 -0.019683
208 0.0154555 0.0304673
208.5 0.00318227 0.0708881
209 -0.0238207 0.0955149
209.5 -0.0546162 0.102621
210 -0.0788333 0.0947864
210.5 -0.0897416 0.0774866
211 -0.0855007 0.0570556
211.5 -0.0686744 0.0388926
212 -0.044705 0.0264625
212.5 -0.0200572 0.0211245
213 -0.000411442 0.0224459
213.5 0.010928 0.0286168
214 0.014143 0.0368025
214.5 0.0130332 0.0435394
215 0.0137374 0.0453603
215.5 0.0221802 0.0396697
216 0.0412043 0.0256064
216.5 0.0688283 0.0044755
217 0.0987188 -0.0205579
217.5 0.122838 -0.0454667
218 0.134967 -0.0666316
218.5 0.133234 -0.0817985
219 0.120348 -0.0903152
219.5 0.1016 -0.0926455
220 0.0819912 -0.089562
220.5 0.0642324 -0.081575
221 0.0486153 -0.0689667
221.5 0.0344403 -0.0523879
222 0.0217014 -0.0335886
222.5 0.0117443 -0.0157155
223 0.00652952 -0.00281399
223.5 0.00722604 0.00140438
224 0.0133413 -0.00495605
224.5 0.0231196 -0.0209138
225 0.0349236 -0.0425059
225.5 0.0485184 -0.0637808
226 0.0652135 -0.0785667
226.5 0.0866364 -0.0823786
227 0.112927 -0.0737819
227.5 0.141602 -0.0547636
228 0.167923 -0.0300482
228.5 0.186628 -0.0056639
229 0.194009 0.0127226
229.5 0.189156 0.0211958
230 0.173777 0.0183796
230.5 0.150927 0.00554967
231 0.123558 -0.0138104
231.5 0.0937404 -0.0348073
232 0.0627828 -0.0521066
232.5 0.0318431 -0.0609472
233 0.00235602 -0.0580905
233.5 -0.024099 -0.0425674
234 -0.0463376 -0.0160344
234.5 -0.0640048 0.0174289
235 -0.0774711 0.0521302
235.5 -0.0871933 0.0820349
236 -0.0929893 0.102159
236.5 -0.0938004 0.109679
237 -0.0882197 0.104432
237.5 -0.0755529 0.0887109
238 -0.0567946 0.0664875
238.5 -0.034896 0.0423465
239 -0.0140775 0.02046
239.5 0.00154722 0.00382233
240 0.00939993 -0.00614354
240.5 0.00926781 -0.00960415
241 0.00319435 -0.00800779
241.5 -0.00546012 -0.00353815
242 -0.0133237 0.00154366
242.5 -0.0181168 0.00550078
243 -0.019149 0.00749121
243.5 -0.0171209 0.0075957
244 -0.0134501 0.00651935
244.5 -0.00950274 0.00512167
245 -0.00608075 0.00400039
245.5 -0.00332803 0.00331099
246 -0.000988737 0.00286545
246.5 0.00120809 0.00240044
247 0.00328061 0.00182588
247.5 0.00497288 0.00130214
248 0.00594388 0.00111803
248.5 0.00601227 0.00146909
249 0.0052923 0.00228948
249.5 0.00414714 0.00324445
250 0.00300811 0.00388376
250.5 0.00218264 0.00385993
251 0.00176113 0.00308721
251.5 0.00165364 0.00176386
252 0.001704 0.000263794
252.5 0.00179476 -0.00103041
253 0.00188527 -0.0018667
253.5 0.00198404 -0.00218185
254 0.00209973 -0.00207677
254.5 0.00221534 -0.00174303
255 0.00229827 -0.00138192
255.5 0.00232579 -0.00114324
256 0.00229774 -0.00109255
256.5 0.00222709 -0.00120548
257 0.00212243 -0.00138598
257.5 0.00198353 -0.00150539
258 0.00181612 -0.00145422
258.5 0.00165087 -0.00119087
259 0.00154386 -0.000767292
259.5 0.00154927 -0.000317388
260 0.00167882 -8.72045e-06
260.5 0.00187671 2.47349e-05
261 0.00203133 -0.000259047
261.5 0.00202153 -0.000786185
262 0.00177258 -0.00138899
262.5 0.00129128 -0.00186653
263 0.000663262 -0.00205998
263.5 1.79049e-05 -0.00191213
264 -0.000518417 -0.0014869
264.5 -0.000858924 -0.000940278
265 -0.000971762 -0.000454977
265.5 -0.000875577 -0.000166603
266 -0.000623758 -0.000113324
266.5 -0.000285661 -0.000230236
267 7.00499e-05 -0.000389109
267.5 0.000387281 -0.000463059
268 0.00062797 -0.000384862
268.5 0.000771023 -0.000172326
269 0.000807558 8.82901e-05
269.5 0.000737767 0.000288872
270 0.000573755 0.000350804
270.5 0.000347469 0.000256306
271 0.000116459 4.77453e-05
271.5 -4.1839e-05 -0.000199884
272 -5.15203e-05 -0.000415858
272.5 0.000130602 -0.000560835
273 0.000488605 -0.000633311
273.5 0.000941281 -0.000656993
274 0.00136322 -0.000660239
274.5 0.00162687 -0.000660598
275 0.00164861 -0.000661885
275.5 0.00141933 -0.000662107
276 0.00100688 -0.000663779
276.5 0.000529739 -0.000677459
277 0.000112696 -0.000714862
277.5 -0.000157821 -0.000775834
278 -0.000262051 -0.000838676
278.5 -0.000248534 -0.000862226
279 -0.000209011 -0.000801238
279.5 -0.000236758 -0.000628202
280 -0.000385147 -0.000350068
280.5 -0.000643521 -1.05502e-05
281 -0.000940751 0.000323584
281.5 -0.00117542 0.000585401
282 -0.00126005 0.000728866
282.5 -0.0011606 0.000739453
283 -0.000914108 0.000632318
283.5 -0.000616862 0.000442434
284 -0.000387737 0.000213357
284.5 -0.000321692 -1.10026e-05
285 -0.000452127 -0.000191377
285.5 -0.000736936 -0.000297235
286 -0.0010735 -0.000311529
286.5 -0.00133654 -0.000234988
287 -0.00142395 -8.70436e-05
287.5 -0.00129296 9.8589e-05
288 -0.00097304 0.00028268
288.5 -0.000551544 0.000429954
289 -0.000139203 0.000515584
289.5 0.000169463 0.000527518
290 0.000324552 0.000466358
290.5 0.000327829 0.000345331
291 0.000218657 0.00019091
291.5 4.8592e-05 4.17066e-05
292 -0.000141556 -5.78627e-05
292.5 -0.000331517 -7.01604e-05
293 -0.000515756 2.05191e-05
293.5 -0.000688281 0.000197707
294 -0.000828944 0.000414463
294.5 -0.000900637 0.00060884
295 -0.000860378 0.000727483
295.5 -0.000679522 0.000746576
296 -0.000363067 0.000679774
296.5 4.22508e-05 0.000568997
297 0.000456675 0.000462786
297.5 0.000791052 0.000393325
298 0.00097656 0.000363774
298.5 0.000988496 0.000351815
299 0.000854051 0.00032648
299.5 0.000640482 0.0002683
300 0.000428425 0.000181354
300.5 0.0002815 9.06046e-05
301 0.000224972 2.62853e-05
301.5 0.000242134 4.29583e-06
302 0.000288999 1.37772e-05
302.5 0.000319625 1.90492e-05
303 0.000309725 -2.46926e-05
303.5 0.000267478 -0.000149816
304 0.000227013 -0.000359639
304.5 0.000228718 -0.000624765
305 0.000296996 -0.00089369
305.5 0.000427015 -0.00111213
306 0.000586861 -0.00124202
306.5 0.000733004 -0.00127213
307 0.000829784 -0.00121715
307.5 0.000861877 -0.00110711
308 0.000833499 -0.0009732
308.5 0.000756695 -0.000836011
309 0.000638066 -0.000700821
309.5 0.000474161 -0.000560623
310 0.00025956 -0.000404741
310.5 2.31975e-06 -0.000228771
311 -0.000264969 -4.13359e-05
311.5 -0.000488863 0.000135427
312 -0.000615082 0.000272184
312.5 -0.000615566 0.000343135
313 -0.000507389 0.000336758
313.5 -0.000351688 0.000261928
314 -0.000231487 0.000146544
314.5 -0.000218903 2.89396e-05
315 -0.000347618 -5.46675e-05
315.5 -0.000602724 -8.18668e-05
316 -0.000930051 -5.05488e-05
316.5 -0.00125752 2.19323e-05
317 -0.00151737 0.000106243
317.5 -0.00166116 0.000172166
318 -0.00166625 0.000199164
318.5 -0.00153649 0.000182599
319 -0.00130052 0.000133479
319.5 -0.00100768 7.20219e-05
320 -0.000719352 1.78721e-05
320.5 -0.000494619 -1.86801e-05
321 -0.000373272 -4.04051e-05
321.5 -0.000362953 -6.00021e-05
322 -0.000436965 -9.17664e-05
322.5 -0.000544746 -0.000142473
323 -0.000630567 -0.000206388
323.5 -0.000651998 -0.000267098
324 -0.000590521 -0.000305013
324.5 -0.00045158 -0.000306351
325 -0.000256954 -0.000268795
325.5 -3.51617e-05 -0.000201352
326 0.000185386 -0.00011944
326.5 0.000379257 -3.87462e-05
327 0.000524641 2.87512e-05
327.5 0.000604297 7.54434e-05
328 0.000607916 9.69592e-05
328.5 0.000534995 9.17134e-05
329 0.000396345 6.23112e-05
329.5 0.000212901 1.75804e-05
330 1.18158e-05 -2.74513e-05
330.5 -0.000179057 -5.54717e-05
331 -0.000336828 -5.38128e-05
331.5 -0.000448083 -2.0863e-05
332 -0.000511104 3.21057e-05
332.5 -0.000534919 8.55192e-05
333 -0.000534872 0.00012059
333.5 -0.000525663 0.000128174
334 -0.000514321 0.00011262
334.5 -0.000496381 8.86226e-05
335 -0.000457609 7.30797e-05
335.5 -0.000381087 7.65716e-05
336 -0.000256546 9.89449e-05
336.5 -8.73024e-05 0.000130799
337 0.000108798 0.000159276
337.5 0.000304795 0.000174517
338 0.000473308 0.000173431
338.5 0.000593752 0.000159552
339 0.000654637 0.000140116
339.5 0.000650882 0.000122576
340 0.000579424 0.00011234
340.5 0.000437479 0.000112062
341 0.000225909 0.000121775
341.5 -4.36634e-05 0.000139032
342 -0.000342614 0.000159004
342.5 -0.000625257 0.000175153
343 -0.000837656 0.000181024
343.5 -0.000933475 0.000172812
344 -0.000890926 0.000151425
344.5 -0.000723458 0.0001226
345 -0.000478792 9.46438e-05
345.5 -0.000225503 7.47929e-05
346 -3.1381e-05 6.61458e-05
346.5 5.87383e-05 6.67748e-05
347 3.75045e-05 7.12507e-05
347.5 -6.36019e-05 7.33551e-05
348 -0.000186862 6.82748e-05
348.5 -0.00027036 5.33466e-05
349 -0.00027119 2.77746e-05
349.5 -0.000180817 -7.45764e-06
350 -2.65024e-05 -4.86871e-05
350.5 0.000141547 -8.8206e-05
351 0.000271416 -0.000114039
351.5 0.000329469 -0.000112287
352 0.000310218 -7.19416e-05
352.5 0.000232443 9.80131e-06
353 0.000125007 0.000124527
353.5 1.09204e-05 0.00025373
354 -0.000101604 0.000373771
354.5 -0.000217119 0.000462357
355 -0.00034275 0.000503741
355.5 -0.000477324 0.000491054
356 -0.000606978 0.000426068
356.5 -0.000709622 0.000317826
357 -0.00076466 0.000181292
357.5 -0.000761282 3.58765e-05
358 -0.000700337 -9.72052e-05
358.5 -0.000589809 -0.000199322
359 -0.000438501 -0.000259521
359.5 -0.000253458 -0.000277767
360 -4.32111e-05 -0.000263924
360.5 0.000176137 -0.000232193
361 0.0003779 -0.000193624
361.5 0.000529297 -0.000151011
362 0.000602705 -9.94722e-05
362.5 0.00058784 -3.26131e-05
363 0.000497402 4.94416e-05
363.5 0.000362133 0.000135417
364 0.000217449 0.000205086
364.5 8.898e-05 0.000237591
365 -1.49079e-05 0.000221285
365.5 -9.98014e-05 0.000159441
366 -0.000173859 6.86048e-05
366.5 -0.000236 -2.92175e-05
367 -0.000271499 -0.00011576
367.5 -0.000258257 -0.000181904
368 -0.000180429 -0.0002269
368.5 -4.13519e-05 -0.000253168
369 0.000132287 -0.000261073
369.5 0.000298418 -0.000247622
370 0.000416209 -0.000209808
370.5 0.000462798 -0.000149835
371 0.000441276 -7.78813e-05
371.5 0.000375715 -9.73198e-06
372 0.00029622 3.99011e-05
372.5 0.000222631 6.44325e-05
373 0.000156231 6.84276e-05
373.5 8.41556e-05 6.46084e-05
374 -6.44183e-06 6.65921e-05
374.5 -0.000113477 8.16984e-05
375 -0.000214153 0.000107963
375.5 -0.00027306 0.00013673
376 -0.000260576 0.000158713
376.5 -0.000171384 0.000169534
377 -3.20191e-05 0.000171444
377.5 0.000107969 0.000170721
378 0.000197613 0.000173026
378.5 0.000207914 0.000180113
379 0.000144756 0.000189988
379.5 4.45664e-05 0.000200032
380 -4.4909e-05 0.000210507
380.5 -8.85956e-05 0.000225568
381 -8.0536e-05 0.00025068
381.5 -4.4794e-05 0.000287801
382 -2.09736e-05 0.000331387
382.5 -4.21196e-05 0.000368049
383 -0.000116069 0.000380765
383.5 -0.000219126 0.000356004
384 -0.00030482 0.000290495
384.5 -0.000323644 0.000194362
385 -0.000245107 8.89875e-05
385.5 -7.27567e-05 3.31375e-07
386 0.000154091 -4.96517e-05
386.5 0.000372842 -5.01346e-05
387 0.00051972 -4.41933e-06
387.5 0.000553092 7.21081e-05
388 0.000469041 0.000158
388.5 0.000303059 0.000233207
389 0.000117136 0.000285031
389.5 -2.25959e-05 0.000310439
390 -6.87164e-05 0.00031424
390.5 -6.91537e-06 0.000304438
391 0.000143012 0.000287171
391.5 0.0003385 0.000263673
392 0.000531654 0.000230527
392.5 0.000684801 0.0001828
393 0.000778431 0.00011825
393.5 0.000810456 4.03369e-05
394 0.000790071 -4.15567e-05
394.5 0.00073116 -0.000114915
395 0.000648657 -0.000168694
395.5 0.0005581 -0.000197745
396 0.000476015 -0.000205156
396.5 0.000418472 -0.000201454
397 0.000397065 -0.000200814
397.5 0.000414134 -0.000215527
398 0.000460345 -0.000250663
398.5 0.000516868 -0.000300903
399 0.000561904 -0.00035088
399.5 0.000578815 -0.000379284
400 0.000562178 -0.000365621
400.5 0.000519135 -0.000297503
401 0.000465788 -0.000176002
401.5 0.000420609 -1.71231e-05
402 0.000397848 0.000151278
402.5 0.000403393 0.000296355
403 0.000434042 0.000388948
403.5 0.000479633 0.000411638
404 0.000526557 0.000363883
404.5 0.0005612 0.000262666
405 0.00057244 0.000138125
405.5 0.000553083 2.49726e-05
406 0.000500657 -4.80672e-05
406.5 0.000417988 -6.74159e-05
407 0.000313638 -3.88323e-05
407.5 0.000201668 1.56094e-05
408 9.99504e-05 6.72318e-05
408.5 2.65103e-05 9.34521e-05
409 -5.65758e-06 8.78145e-05
409.5 6.30195e-06 6.2385e-05
410 5.23263e-05 4.09622e-05
410.5 0.000110828 4.61947e-05
411 0.000154567 8.7043e-05
411.5 0.000159338 0.000153053
412 0.000112388 0.000218387
412.5 1.74265e-05 0.0002534
413 -0.000105666 0.000237648
413.5 -0.000226345 0.000167891
414 -0.000312374 5.78017e-05
414.5 -0.000339649 -6.9193e-05
415 -0.000300189 -0.000189265
415.5 -0.000206029 -0.000284963
416 -8.73798e-05 -0.000347334
416.5 1.54583e-05 -0.000374566
417 6.50938e-05 -0.000369958
417.5 4.12862e-05 -0.000341035
418 -4.90057e-05 -0.000299381
418.5 -0.000170929 -0.000259203
419 -0.000272449 -0.000233339
419.5 -0.000303446 -0.000227769
420 -0.000235538 -0.000237956
420.5 -7.36474e-05 -0.000250233
421 0.000146355 -0.000248798
421.5 0.00037294 -0.0002251
422 0.000559628 -0.000184194
422.5 0.000680975 -0.000143732
423 0.000736678 -0.000125356
423.5 0.00074343 -0.000142787
424 0.000720897 -0.000193168
424.5 0.00068073 -0.00025661
425 0.000624592 -0.000304409
425.5 0.000550776 -0.000311713
426 0.0004634 -0.000268247
426.5 0.00037681 -0.000182143
427 0.000311495 -7.57876e-05
427.5 0.000283828 2.34377e-05
428 0.000296252 9.28274e-05
428.5 0.000334406 0.000120576
429 0.000373305 0.000107188
429.5 0.00038908 6.30714e-05
430 0.000369623 4.30189e-06
430.5 0.000318535 -5.18549e-05
431 0.000251148 -9.09991e-05
431.5 0.000185924 -0.000104976
432 0.000136528 -9.40321e-05
432.5 0.000108306 -6.6754e-05
433 9.94755e-05 -3.70295e-05
433.5 0.000104526 -1.85185e-05
434 0.000116947 -1.87176e-05
434.5 0.00013017 -3.55284e-05
435 0.000137757 -5.84259e-05
435.5 0.00013449 -7.40282e-05
436 0.000118768 -7.33436e-05
436.5 9.4726e-05 -5.67817e-05
437 7.17718e-05 -3.40615e-05
437.5 6.05719e-05 -1.8961e-05
438 6.71868e-05 -2.18138e-05
438.5 8.898e-05 -4.39691e-05
439 0.000115418 -7.72511e-05
439.5 0.000133961 -0.000108477
440 0.000137735 -0.000126145
440.5 0.00013009 -0.000125315
441 0.00012274 -0.000108082
441.5 0.000128213 -7.99821e-05
442 0.000151109 -4.52533e-05
442.5 0.000183825 -4.3712e-06
443 0.000209821 4.44712e-05
443.5 0.000212958 0.000101165
444 0.000187531 0.000159999
444.5 0.000143007 0.000209509
445 0.000100447 0.000236583
445.5 8.23375e-05 0.000232676
446 0.00010131 0.00019842
446.5 0.000153692 0.000143767
447 0.000221046 8.34185e-05
447.5 0.000278517 3.01355e-05
448 0.000305448 -1.02987e-05
448.5 0.000293146 -3.9815e-05
449 0.000246753 -6.44901e-05
449.5 0.000181427 -8.91762e-05
450 0.000115601 -0.000113676
450.5 6.46979e-05 -0.000132606
451 3.74971e-05 -0.000138715
451.5 3.55103e-05 -0.000127419
452 5.43591e-05 -9.98039e-05
452.5 8.59041e-05 -6.25011e-05
453 0.000120414 -2.48095e-05
453.5 0.000148687 5.09277e-06
454 0.000164148 2.27652e-05
454.5 0.000164563 2.78963e-05
455 0.000152617 2.28825e-05
455.5 0.000134712 1.09794e-05
456 0.000118093 -4.65918e-06
456.5 0.000107375 -2.06783e-05
457 0.000102129 -3.26806e-05
457.5 9.68021e-05 -3.50915e-05
458 8.32088e-05 -2.25486e-05
458.5 5.45165e-05 7.46311e-06
459 8.88318e-06 5.20807e-05
459.5 -4.8925e-05 0.000102332
460 -0.000108668 0.000145198
460.5 -0.000158015 0.000168061
461 -0.000186785 0.000163731
461.5 -0.000190392 0.00013372
462 -0.000171323 8.80668e-05
462.5 -0.000138208 4.16152e-05
463 -0.000102934 8.34383e-06
463.5 -7.6838e-05 -3.73827e-06
464 -6.72464e-05 5.05881e-06
464.5 -7.55009e-05 2.72932e-05
465 -9.70295e-05 5.22058e-05
465.5 -0.0001233 7.01549e-05
466 -0.000144785 7.56809e-05
466.5 -0.000153759 6.82011e-05
467 -0.000145974 5.06563e-05
467.5 -0.000120919 2.73247e-05
468 -8.1106e-05 2.08281e-06
468.5 -3.11383e-05 -2.22419e-05
469 2.28915e-05 -4.36059e-05
469.5 7.37339e-05 -6.02392e-05
470 0.000113586 -7.04923e-05
470.5 0.000135474 -7.31964e-05
471 0.000135311 -6.82462e-05
471.5 0.000113809 -5.69565e-05
472 7.70475e-05 -4.1918e-05
472.5 3.49952e-05 -2.63919e-05
473 -1.7363e-06 -1.34979e-05
473.5 -2.5571e-05 -5.47358e-06
474 -3.44074e-05 -3.16896e-06
474.5 -3.17053e-05 -5.84411e-06
475 -2.42903e-05 -1.13129e-05
475.5 -1.90606e-05 -1.64816e-05
476 -2.02046e-05 -1.82558e-05
476.5 -2.80857e-05 -1.46076e-05
477 -3.99624e-05 -5.40808e-06
477.5 -5.17994e-05 7.39346e-06
478 -6.00724e-05 2.04255e-05
478.5 -6.27752e-05 3.01625e-05
479 -5.94819e-05 3.42397e-05
479.5 -5.08737e-05 3.21978e-05
480 -3.82725e-05 2.53416e-05
480.5 -2.34712e-05 1.58751e-05
481 -8.7508e-06 5.84399e-06
481.5 3.25045e-06 -3.54337e-06
482 1.0062e-05 -1.19448e-05
482.5 1.02187e-05 -1.94082e-05
483 4.01353e-06 -2.58158e-05
483.5 -6.31479e-06 -3.06465e-05
484 -1.72082e-05 -3.31833e-05
484.5 -2.50605e-05 -3.29787e-05
485 -2.7594e-05 -3.02381e-05
485.5 -2.47023e-05 -2.58689e-05
486 -1.83587e-05 -2.1173e-05
486.5 -1.16403e-05 -1.73679e-05
487 -7.3456e-06 -1.51892e-05
487.5 -6.85934e-06 -1.47329e-05
488 -9.75174e-06 -1.55496e-05
488.5 -1.4207e-05 -1.68916e-05
489 -1.79698e-05 -1.79949e-05
489.5 -1.93022e-05 -1.83171e-05
490 -1.75332e-05 -1.76909e-05
490.5 -1.3066e-05 -1.63671e-05
491 -7.00308e-06 -1.49201e-05
491.5 -6.80279e-07 -1.40135e-05
492 4.664e-06 -1.40862e-05
492.5 8.03754e-06 -1.50863e-05
493 8.76099e-06 -1.6392e-05
493.5 6.57096e-06 -1.69974e-05
494 1.77682e-06 -1.59104e-05
494.5 -4.63612e-06 -1.25995e-05
495 -1.11082e-05 -7.28474e-06
495.5 -1.58817e-05 -9.3586e-07
496 -1.75627e-05 5.02761e-06
496.5 -1.56434e-05 9.20843e-06
497 -1.07336e-05 1.06829e-05
497.5 -4.36254e-06 9.26199e-06
498 1.59341e-06 5.48404e-06
498.5 5.62164e-06 3.72556e-07
499 7.11624e-06 -4.9233e-06
499.5 6.52173e-06 -9.46093e-06
500 5.03483e-06 -1.26982e-05
