-1.998 -4.23436e-06 -2.74678e-07
-1.996 -1.84015e-05 -2.14816e-06
-1.994 -4.25473e-05 -7.24456e-06
-1.992 -7.43646e-05 -1.67138e-05
-1.99 -0.0001107 -3.08178e-05
-1.988 -0.000149519 -4.89704e-05
-1.986 -0.000191521 -7.02014e-05
-1.984 -0.000240669 -9.38148e-05
-1.982 -0.000303276 -0.000119897
-1.98 -0.000385752 -0.000149354
-1.978 -0.000491645 -0.000183317
-1.976 -0.000618935 -0.000222023
-1.974 -0.000758595 -0.000263523
-1.972 -0.00089521 -0.000302747
-1.97 -0.0010099 -0.000331444
-1.968 -0.00108511 -0.00033932
-1.966 -0.00111029 -0.000316313
-1.964 -0.00108691 -0.000255573
-1.962 -0.00103133 -0.000156341
-1.96 -0.000974451 -2.58042e-05
-1.958 -0.000957598 0.000120893
-1.956 -0.00102529 0.000262892
-1.954 -0.00121624 0.000377974
-1.952 -0.00155468 0.00044821
-1.95 -0.00204412 0.000465575
-1.948 -0.00266527 0.000435939
-1.946 -0.00337891 0.000380007
-1.944 -0.00413311 0.000330396
-1.942 -0.0048733 0.000324968
-1.94 -0.00555246 0.000397595
-1.938 -0.00613867 0.000568424
-1.936 -0.00661757 0.000836137
-1.934 -0.00698865 0.00117451
-1.932 -0.00725557 0.00153476
-1.93 -0.00741301 0.00185391
-1.928 -0.00743361 0.00206784
-1.926 -0.00725941 0.00212645
-1.924 -0.00680177 0.00200749
-1.922 -0.00595235 0.0017255
-1.92 -0.00460503 0.00133288
-1.918 -0.00268592 0.000912016
-1.916 -0.000185942 0.000559014
-1.914 0.00281145 0.000362094
-1.912 0.00611494 0.000379281
-1.91 0.00942892 0.000620777
-1.908 0.0123789 0.00104086
-1.906 0.0145584 0.0015423
-1.904 0.015591 0.00199362
-1.902 0.0151986 0.00225643
-1.9 0.0132634 0.00221742
-1.898 0.00987108 0.00181824
-1.896 0.00532438 0.00107608
-1.894 0.000121443 8.93937e-05
-1.892 -0.00510061 -0.000974111
-1.89 -0.00965013 -0.0019064
-1.888 -0.0128806 -0.00250024
-1.886 -0.014289 -0.00259454
-1.884 -0.0135958 -0.00211433
-1.882 -0.0107916 -0.00109581
-1.88 -0.00614137 0.000310257
-1.878 -0.000145106 0.00185931
-1.876 0.00654053 0.00325523
-1.874 0.0132042 0.00420646
-1.872 0.0191879 0.00448483
-1.87 0.0239809 0.00397503
-1.868 0.0272824 0.00270398
-1.866 0.0290208 0.000842851
-1.864 0.0293297 -0.00131988
-1.862 0.0284843 -0.00343036
-1.86 0.0268174 -0.0051368
-1.858 0.0246315 -0.00615918
-1.856 0.0221296 -0.00634686
-1.854 0.0193804 -0.00571152
-1.852 0.016326 -0.00442753
-1.85 0.0128317 -0.00279884
-1.848 0.0087669 -0.00119837
-1.846 0.00409686 7.58169e-06
-1.844 -0.00103625 0.000534419
-1.842 -0.00626723 0.000238057
-1.84 -0.011013 -0.000854793
-1.838 -0.0145361 -0.00255115
-1.836 -0.0160602 -0.00453025
-1.834 -0.0149202 -0.00640812
-1.832 -0.010717 -0.00781507
-1.83 -0.00344597 -0.00846996
-1.828 0.00643161 -0.00823574
-1.826 0.0179954 -0.0071444
-1.824 0.0299583 -0.00538601
-1.822 0.0408348 -0.00326436
-1.82 0.049161 -0.00112945
-1.818 0.05373 0.000698176
-1.816 0.053801 0.00199399
-1.814 0.049241 0.00267252
-1.812 0.0405711 0.00279783
-1.81 0.0289029 0.00256002
-1.808 0.0157701 0.00222384
-1.806 0.00288384 0.00206172
-1.804 -0.0081495 0.00228645
-1.802 -0.0160958 0.00299892
-1.8 -0.0202975 0.00416279
-1.798 -0.020777 0.00561193
-1.796 -0.0182155 0.00708895
-1.794 -0.0138125 0.0083057
-1.792 -0.00904547 0.00901126
-1.79 -0.00537531 0.009051
-1.788 -0.00394929 0.00840199
-1.786 -0.00535767 0.00717642
-1.784 -0.00949092 0.00559213
-1.782 -0.0155273 0.00391792
-1.78 -0.022057 0.00240731
-1.778 -0.0273241 0.00123729
-1.776 -0.0295449 0.000467423
-1.774 -0.0272469 3.00148e-05
-1.772 -0.0195666 -0.000245521
-1.77 -0.00645246 -0.000579246
-1.768 0.0112664 -0.00117095
-1.766 0.0319606 -0.00213172
-1.764 0.0534212 -0.00343535
-1.762 0.0731844 -0.00490425
-1.76 0.08891 -0.00623672
-1.758 0.0987488 -0.00707205
-1.756 0.101641 -0.00707986
-1.754 0.0974915 -0.00605292
-1.752 0.0871996 -0.00398005
-1.75 0.0725287 -0.00107926
-1.748 0.0558458 0.00222107
-1.746 0.039766 0.00535344
-1.744 0.0267616 0.00772322
-1.742 0.0187931 0.00883947
-1.74 0.0170205 0.00843611
-1.738 0.0216341 0.00655482
-1.736 0.0318291 0.00356685
-1.734 0.0459256 0.000122757
-1.732 0.061611 -0.00296509
-1.73 0.0762703 -0.00488698
-1.728 0.0873529 -0.00501438
-1.726 0.0927257 -0.00305388
-1.724 0.0909634 0.000859162
-1.722 0.0815405 0.00615225
-1.72 0.0649025 0.0119004
-1.718 0.042414 0.016992
-1.716 0.0161928 0.0203464
-1.714 -0.0111428 0.02114
-1.712 -0.0367808 0.0189949
-1.71 -0.0580379 0.0140873
-1.708 -0.0726593 0.00714922
-1.706 -0.0790624 -0.000644179
-1.704 -0.0764991 -0.00788393
-1.702 -0.0651217 -0.0131957
-1.7 -0.0459461 -0.0155144
-1.698 -0.0207216 -0.0143081
-1.696 0.00827776 -0.00970312
-1.694 0.0385158 -0.00248051
-1.692 0.0674791 0.00606111
-1.69 0.0929536 0.0143521
-1.688 0.113259 0.0208612
-1.686 0.127418 0.0244073
-1.684 0.135235 0.0244074
-1.682 0.137283 0.0210109
-1.68 0.134795 0.0150871
-1.678 0.129482 0.00806482
-1.676 0.123282 0.00165286
-1.674 0.118094 -0.0025053
-1.672 0.115514 -0.00317381
-1.67 0.116608 0.000206201
-1.668 0.121764 0.00737695
-1.666 0.130632 0.0172859
-1.664 0.14217 0.0282691
-1.662 0.154781 0.0383616
-1.66 0.166541 0.0456766
-1.658 0.17546 0.0487758
-1.656 0.179768 0.0469582
-1.654 0.178167 0.0404066
-1.652 0.170032 0.0301623
-1.65 0.155521 0.0179303
-1.648 0.13559 0.00575335
-1.646 0.111906 -0.00437981
-1.644 0.0866631 -0.0109164
-1.642 0.0623322 -0.013034
-1.64 0.0413626 -0.010791
-1.638 0.0258844 -0.00510245
-1.636 0.0174428 0.00245169
-1.634 0.0168 0.00994779
-1.632 0.02383 0.0155032
-1.63 0.037514 0.0176471
-1.628 0.0560371 0.0156041
-1.626 0.0769713 0.00943474
-1.624 0.0975238 9.64959e-06
-1.622 0.114823 -0.0111744
-1.62 0.126214 -0.0222938
-1.618 0.129532 -0.0315496
-1.616 0.123325 -0.0374997
-1.614 0.107002 -0.0393079
-1.612 0.0808943 -0.0368626
-1.61 0.0462136 -0.0307491
-1.608 0.00492934 -0.022089
-1.606 -0.0404303 -0.0122852
-1.604 -0.087022 -0.00273207
-1.602 -0.131949 0.00544738
-1.6 -0.172514 0.0115825
-1.598 -0.20644 0.015521
-1.596 -0.232042 0.0175748
-1.594 -0.248337 0.0183679
-1.592 -0.255089 0.0186304
-1.59 -0.252784 0.0189915
-1.588 -0.242551 0.0198219
-1.586 -0.226028 0.0211587
-1.584 -0.205202 0.0227252
-1.582 -0.182239 0.0240351
-1.58 -0.159308 0.0245472
-1.578 -0.138431 0.0238307
-1.576 -0.121341 0.0216947
-1.574 -0.109377 0.0182488
-1.572 -0.103396 0.0138769
-1.57 -0.103723 0.00913055
-1.568 -0.110128 0.00457005
-1.566 -0.121847 0.000596226
-1.564 -0.137636 -0.0026785
-1.562 -0.155881 -0.0054805
-1.56 -0.174736 -0.00832707
-1.558 -0.192308 -0.0118864
-1.556 -0.206848 -0.0167771
-1.554 -0.216959 -0.0233567
-1.552 -0.221767 -0.0315547
-1.55 -0.22105 -0.0407996
-1.548 -0.215282 -0.0500667
-1.546 -0.205584 -0.058049
-1.544 -0.193577 -0.0634217
-1.542 -0.181145 -0.0651453
-1.54 -0.170136 -0.0627381
-1.538 -0.16205 -0.0564498
-1.536 -0.157759 -0.0472841
-1.534 -0.157309 -0.0368496
-1.532 -0.159839 -0.0270585
-1.53 -0.163661 -0.0197274
-1.528 -0.166482 -0.0161646
-1.526 -0.165771 -0.0168347
-1.524 -0.159202 -0.0211814
-1.522 -0.145113 -0.0276631
-1.52 -0.12291 -0.0340068
-1.518 -0.09332 -0.037646
-1.516 -0.0584573 -0.0362602
-1.514 -0.0216669 -0.02831
-1.512 0.012845 -0.0134523
-1.51 0.0405441 0.00726094
-1.508 0.0571941 0.0314579
-1.506 0.0594827 0.0557982
-1.504 0.0455505 0.0765456
-1.502 0.0153377 0.0902559
-1.5 -0.0293154 0.0944473
-1.498 -0.0848399 0.0881175
-1.496 -0.146364 0.0719977
-1.494 -0.208336 0.0484844
-1.492 -0.265244 0.0212505
-1.49 -0.312327 -0.0053965
-1.488 -0.346163 -0.0272928
-1.486 -0.365045 -0.0411831
-1.484 -0.369101 -0.0453239
-1.482 -0.360135 -0.039806
-1.48 -0.34124 -0.0265284
-1.478 -0.316242 -0.00882915
-1.476 -0.289064 0.00915759
-1.474 -0.263138 0.0232918
-1.472 -0.240932 0.0302111
-1.47 -0.223692 0.0279561
-1.468 -0.211414 0.0163194
-1.466 -0.203046 -0.00314462
-1.464 -0.196866 -0.0274464
-1.462 -0.190953 -0.0527542
-1.46 -0.183661 -0.0751319
-1.458 -0.174003 -0.0912768
-1.456 -0.161878 -0.0991093
-1.454 -0.148117 -0.0981053
-1.452 -0.134327 -0.089313
-1.45 -0.12259 -0.0750636
-1.448 -0.115059 -0.0584467
-1.446 -0.113536 -0.042668
-1.444 -0.119107 -0.0304227
-1.442 -0.131902 -0.0234088
-1.44 -0.151018 -0.0220701
-1.438 -0.174606 -0.0256065
-1.436 -0.200118 -0.0322335
-1.434 -0.22463 -0.0396255
-1.432 -0.245217 -0.0454426
-1.43 -0.259293 -0.047827
-1.428 -0.264887 -0.04577
-1.426 -0.260821 -0.039278
-1.424 -0.246789 -0.0293166
-1.422 -0.223342 -0.0175571
-1.42 -0.191806 -0.00599349
-1.418 -0.154166 0.00348045
-1.416 -0.112936 0.00944263
-1.414 -0.0710424 0.0111902
-1.412 -0.0316998 0.00882505
-1.41 0.0017141 0.00317586
-1.408 0.025832 -0.00440981
-1.406 0.0375371 -0.0123484
-1.404 0.0342858 -0.0191136
-1.402 0.0144989 -0.0234815
-1.4 -0.0220172 -0.0246875
-1.398 -0.0736913 -0.0224785
-1.396 -0.136931 -0.0170729
-1.394 -0.20608 -0.00905831
-1.392 -0.273652 0.000730315
-1.39 -0.330893 0.0113156
-1.388 -0.368641 0.0216454
-1.386 -0.378442 0.030625
-1.384 -0.353765 0.0371349
-1.382 -0.291171 0.0400675
-1.38 -0.191233 0.0384101
-1.378 -0.0590139 0.0313869
-1.376 0.0960059 0.0186491
-1.374 0.260638 0.0004748
-1.372 0.419285 -0.0220721
-1.37 0.555706 -0.0470861
-1.368 0.655033 -0.0719147
-1.366 0.705776 -0.0934281
-1.364 0.701511 -0.108449
-1.362 0.641993 -0.114291
-1.36 0.533488 -0.109302
-1.358 0.388215 -0.0933166
-1.356 0.222959 -0.0678857
-1.354 0.056984 -0.0362149
-1.352 -0.0904324 -0.00277551
-1.35 -0.202522 0.0273717
-1.348 -0.267223 0.0494387
-1.346 -0.278726 0.0598046
-1.344 -0.238149 0.0567697
-1.342 -0.153218 0.0410091
-1.34 -0.0370292 0.0156112
-1.338 0.0939562 -0.0143352
-1.336 0.222351 -0.0425596
-1.334 0.332362 -0.0626989
-1.332 0.411995 -0.0694653
-1.33 0.454614 -0.0596689
-1.328 0.459626 -0.0328922
-1.326 0.432207 0.00832807
-1.324 0.38214 0.0588647
-1.322 0.32199 0.111857
-1.32 0.264917 0.159908
-1.318 0.222513 0.196401
-1.316 0.202979 0.216692
-1.314 0.209947 0.218926
-1.312 0.242094 0.204354
-1.31 0.293576 0.177039
-1.308 0.355193 0.143049
-1.306 0.416036 0.109257
-1.304 0.46534 0.0820079
-1.302 0.494217 0.0659039
-1.3 0.496986 0.0629467
-1.298 0.471912 0.0722092
-1.296 0.421255 0.0900925
-1.294 0.350695 0.111112
-1.292 0.268264 0.129048
-1.29 0.183016 0.13823
-1.288 0.103675 0.134696
-1.286 0.0374963 0.116992
-1.284 -0.0105002 0.0864683
-1.282 -0.0378431 0.0470066
-1.28 -0.0444709 0.00425291
-1.278 -0.0322363 -0.035491
-1.276 -0.0041999 -0.0664861
-1.274 0.0361123 -0.0846409
-1.272 0.0853261 -0.0882534
-1.27 0.140592 -0.0782715
-1.268 0.19966 -0.0580378
-1.266 0.260691 -0.0325843
-1.264 0.321881 -0.00762929
-1.262 0.381054 0.0115195
-1.26 0.435354 0.0209421
-1.258 0.481163 0.0187818
-1.256 0.5143 0.00550418
-1.254 0.530497 -0.0162903
-1.252 0.52606 -0.0424406
-1.25 0.498587 -0.0680549
-1.248 0.447595 -0.0884209
-1.246 0.374898 -0.0998214
-1.244 0.28465 -0.100112
-1.242 0.183011 -0.0889757
-1.24 0.0774674 -0.067847
-1.238 -0.0240868 -0.0395528
-1.236 -0.114357 -0.00777131
-1.234 -0.187567 0.0235777
-1.232 -0.240122 0.0509012
-1.23 -0.270897 0.0713772
-1.228 -0.281089 0.0832301
-1.226 -0.273673 0.0858276
-1.224 -0.252568 0.0796271
-1.222 -0.221686 0.0660142
-1.22 -0.184056 0.047084
-1.218 -0.141209 0.0254059
-1.216 -0.0929552 0.00379083
-1.214 -0.0376003 -0.0149364
-1.212 0.027419 -0.0281733
-1.21 0.104607 -0.0337948
-1.208 0.195362 -0.0304242
-1.206 0.299022 -0.0176925
-1.204 0.412207 0.00356494
-1.202 0.528616 0.0312405
-1.2 0.639363 0.0620713
-1.198 0.733849 0.091975
-1.196 0.80106 0.116591
-1.194 0.831106 0.131963
-1.192 0.816768 0.135255
-1.19 0.754804 0.125359
-1.188 0.646784 0.103261
-1.186 0.499303 0.0720452
-1.184 0.323517 0.0365051
-1.182 0.134018 0.00237852
-1.18 -0.0527837 -0.0246734
-1.178 -0.220573 -0.0401651
-1.176 -0.355063 -0.0417461
-1.174 -0.445693 -0.0298142
-1.172 -0.486841 -0.00762462
-1.17 -0.478412 0.0191689
-1.168 -0.425708 0.0434947
-1.166 -0.338616 0.0582029
-1.164 -0.230234 0.0575157
-1.162 -0.115126 0.0382971
-1.16 -0.00744781 0.000868309
-1.158 0.0807966 -0.0508248
-1.156 0.141147 -0.109763
-1.154 0.16955 -0.167047
-1.152 0.166609 -0.213526
-1.15 0.137213 -0.241544
-1.148 0.0896425 -0.246473
-1.146 0.0343018 -0.227705
-1.144 -0.0177391 -0.188893
-1.142 -0.0561784 -0.137366
-1.14 -0.0727205 -0.0827927
-1.138 -0.0619739 -0.0353473
-1.136 -0.0219254 -0.00371872
-1.134 0.0460323 0.00663548
-1.132 0.137476 -0.00536522
-1.13 0.245636 -0.0361233
-1.128 0.362253 -0.0779817
-1.126 0.478471 -0.12065
-1.124 0.585642 -0.153159
-1.122 0.675962 -0.16597
-1.12 0.742905 -0.152816
-1.118 0.781475 -0.111926
-1.116 0.78832 -0.0464087
-1.114 0.761775 0.0362952
-1.112 0.701877 0.12575
-1.11 0.610398 0.21041
-1.108 0.49089 0.279665
-1.106 0.348727 0.325668
-1.104 0.191097 0.344571
-1.102 0.0268703 0.336981
-1.1 -0.133727 0.307551
-1.098 -0.279668 0.263846
-1.096 -0.399943 0.214745
-1.094 -0.484566 0.168713
-1.092 -0.525668 0.132287
-1.09 -0.518505 0.109077
-1.088 -0.462212 0.0994025
-1.086 -0.360122 0.100628
-1.084 -0.219578 0.108039
-1.082 -0.0511981 0.116052
-1.08 0.132322 0.119479
-1.078 0.31771 0.114567
-1.076 0.492707 0.0996102
-1.074 0.647492 0.0750548
-1.072 0.775706 0.0431229
-1.07 0.874888 0.00710696
-1.068 0.946241 -0.0294545
-1.066 0.993756 -0.0635067
-1.064 1.02286 -0.0929457
-1.062 1.03884 -0.116744
-1.06 1.04537 -0.134751
-1.058 1.04343 -0.147265
-1.056 1.0309 -0.15454
-1.054 1.00284 -0.156381
-1.052 0.952572 -0.151979
-1.05 0.873325 -0.140048
-1.048 0.760092 -0.11923
-1.046 0.611443 -0.0886873
-1.044 0.430825 -0.0486744
-1.042 0.227073 -0.000915308
-1.04 0.0139365 0.0513706
-1.038 -0.191375 0.103859
-1.036 -0.370428 0.15187
-1.034 -0.506232 0.191324
-1.032 -0.585875 0.219657
-1.03 -0.602657 0.236472
-1.028 -0.557343 0.243723
-1.026 -0.458262 0.245348
-1.024 -0.320227 0.246386
-1.022 -0.162404 0.251747
-1.02 -0.00549148 0.264883
-1.018 0.131338 0.2867
-1.016 0.233196 0.314965
-1.014 0.291461 0.344431
-1.012 0.304631 0.367712
-1.01 0.277923 0.376783
-1.008 0.221716 0.364818
-1.006 0.149167 0.327964
-1.004 0.0734779 0.266633
-1.002 0.00534845 0.185976
-1 -0.0489016 0.0953638
-0.998 -0.088192 0.00690296
-0.996 -0.116386 -0.0667719
-0.994 -0.140922 -0.115001
-0.992 -0.170688 -0.131397
-0.99 -0.213578 -0.115429
-0.988 -0.274275 -0.0729186
-0.986 -0.352735 -0.0152594
-0.984 -0.443723 0.0425539
-0.982 -0.537514 0.084754
-0.98 -0.621647 0.0979523
-0.978 -0.683368 0.0739831
-0.976 -0.712279 0.0118449
-0.974 -0.702622 -0.0816955
-0.972 -0.654738 -0.193011
-0.97 -0.575366 -0.303909
-0.968 -0.476681 -0.394896
-0.966 -0.374233 -0.448815
-0.964 -0.284151 -0.454122
-0.962 -0.220157 -0.407183
-0.96 -0.190969 -0.313106
-0.958 -0.19865 -0.184918
-0.956 -0.238227 -0.0412342
-0.954 -0.298696 0.0971536
-0.952 -0.365227 0.211102
-0.95 -0.422118 0.286619
-0.948 -0.455926 0.317351
-0.946 -0.458121 0.305582
-0.944 -0.426733 0.261562
-0.942 -0.366628 0.201304
-0.94 -0.288333 0.143316
-0.938 -0.20562 0.104917
-0.936 -0.132312 0.098858
-0.934 -0.0789497 0.130907
-0.932 -0.0500448 0.198857
-0.93 -0.0425163 0.29312
-0.928 -0.0457278 0.398747
-0.926 -0.0432003 0.498461
-0.924 -0.0157447 0.576047
-0.922 0.0545526 0.619449
-0.92 0.180247 0.622937
-0.918 0.365161 0.587972
-0.916 0.60243 0.522634
-0.914 0.874408 0.439786
-0.912 1.15458 0.354392
-0.91 1.41126 0.280559
-0.908 1.61241 0.228886
-0.906 1.73092 0.204645
-0.904 1.74926 0.20709
-0.902 1.66273 0.229994
-0.9 1.48061 0.263239
-0.898 1.225 0.295077
-0.896 0.927461 0.314595
-0.894 0.62395 0.313854
-0.892 0.349059 0.289317
-0.89 0.130423 0.242303
-0.888 -0.0156387 0.178472
-0.886 -0.0865232 0.106496
-0.884 -0.0933472 0.0362604
-0.882 -0.0585622 -0.0230027
-0.88 -0.011595 -0.0642923
-0.878 0.0167211 -0.0838373
-0.876 -5.95298e-05 -0.0813948
-0.874 -0.0790048 -0.0598728
-0.872 -0.224512 -0.0244389
-0.87 -0.427304 0.0186392
-0.868 -0.665883 0.0631516
-0.866 -0.910193 0.103873
-0.864 -1.12681 0.137117
-0.862 -1.28473 0.160887
-0.86 -1.36078 0.174695
-0.858 -1.34363 0.179195
-0.856 -1.2358 0.175776
-0.854 -1.05335 0.166263
-0.852 -0.82325 0.152763
-0.85 -0.579041 0.137641
-0.848 -0.355433 0.123554
-0.846 -0.182856 0.1134
-0.844 -0.0828498 0.110119
-0.842 -0.0650617 0.11627
-0.84 -0.126298 0.133444
-0.838 -0.251703 0.161608
-0.836 -0.417772 0.198562
-0.834 -0.596577 0.239705
-0.832 -0.760434 0.278266
-0.83 -0.886198 0.306074
-0.828 -0.958488 0.314816
-0.826 -0.97139 0.297596
-0.824 -0.928465 0.25051
-0.822 -0.841225 0.173874
-0.82 -0.726454 0.0728024
-0.818 -0.602984 -0.0430862
-0.816 -0.488542 -0.160892
-0.814 -0.397234 -0.266427
-0.812 -0.338074 -0.346655
-0.81 -0.314689 -0.392128
-0.808 -0.32609 -0.398911
-0.806 -0.368199 -0.369589
-0.804 -0.435656 -0.313064
-0.802 -0.523455 -0.243119
-0.8 -0.628012 -0.175959
-0.798 -0.747446 -0.127157
-0.796 -0.88104 -0.108588
-0.794 -1.02807 -0.125972
-0.792 -1.18633 -0.177516
-0.79 -1.35073 -0.254004
-0.788 -1.51249 -0.340347
-0.786 -1.65909 -0.418344
-0.784 -1.77521 -0.470149
-0.782 -1.84461 -0.481772
-0.78 -1.85254 -0.44592
-0.778 -1.78836 -0.3636
-0.776 -1.6478 -0.24415
-0.774 -1.43444 -0.103663
-0.772 -1.15998 0.0379024
-0.77 -0.843405 0.160381
-0.768 -0.508798 0.247107
-0.766 -0.182465 0.287963
-0.764 0.110443 0.281159
-0.762 0.349153 0.233425
-0.76 0.519863 0.158547
-0.758 0.617277 0.0745798
-0.756 0.644864 0.000270597
-0.754 0.613807 -0.0485832
-0.752 0.540869 -0.0621228
-0.75 0.445547 -0.0381834
-0.748 0.347014 0.0175029
-0.746 0.261357 0.0926613
-0.744 0.199512 0.171073
-0.742 0.166196 0.235873
-0.74 0.159908 0.272882
-0.738 0.173925 0.273318
-0.736 0.198041 0.235383
-0.734 0.220732 0.164449
-0.732 0.231357 0.0718537
-0.73 0.222069 -0.0274161
-0.728 0.18916 -0.117652
-0.726 0.133682 -0.185367
-0.724 0.0613212 -0.221664
-0.722 -0.0183984 -0.22359
-0.72 -0.0934054 -0.19425
-0.718 -0.150656 -0.14174
-0.716 -0.177765 -0.0771781
-0.714 -0.16451 -0.0123043
-0.712 -0.104054 0.0428526
-0.71 0.00619478 0.0817669
-0.708 0.164132 0.102358
-0.706 0.36293 0.106961
-0.704 0.591423 0.101408
-0.702 0.834872 0.0934796
-0.7 1.07608 0.0910837
-0.698 1.29677 0.100559
-0.696 1.47918 0.125432
-0.694 1.60771 0.165854
-0.692 1.67049 0.21877
-0.69 1.66074 0.278724
-0.688 1.57767 0.339068
-0.686 1.42682 0.393264
-0.684 1.21972 0.436012
-0.682 0.972809 0.46397
-0.68 0.705798 0.476001
-0.678 0.439535 0.472963
-0.676 0.193774 0.4572
-0.674 -0.0148673 0.431913
-0.672 -0.17446 0.400573
-0.67 -0.278565 0.366516
-0.668 -0.326212 0.332742
-0.666 -0.321076 0.301896
-0.664 -0.270064 0.276334
-0.662 -0.181596 0.258161
-0.66 -0.0639483 0.249148
-0.658 0.0760074 0.250468
-0.656 0.233375 0.262286
-0.654 0.405003 0.283294
-0.652 0.588488 0.310369
-0.65 0.780652 0.338526
-0.648 0.975888 0.361303
-0.646 1.16483 0.371644
-0.644 1.3338 0.363166
-0.642 1.46532 0.331605
-0.64 1.5398 0.276117
-0.638 1.53826 0.20011
-0.636 1.44569 0.111334
-0.634 1.25445 0.0210893
-0.632 0.967114 -0.0574057
-0.63 0.598043 -0.111259
-0.628 0.173303 -0.130379
-0.626 -0.271318 -0.109708
-0.624 -0.694071 -0.0507351
-0.622 -1.05231 0.0380984
-0.62 -1.30815 0.142281
-0.618 -1.43379 0.243362
-0.616 -1.41573 0.322004
-0.614 -1.25695 0.361438
-0.612 -0.976839 0.35067
-0.61 -0.608652 0.2868
-0.608 -0.19486 0.175953
-0.606 0.218844 0.0325962
-0.604 0.590003 -0.122719
-0.602 0.885251 -0.266801
-0.6 1.0846 -0.377847
-0.598 1.18346 -0.439311
-0.596 1.19211 -0.442875
-0.594 1.13274 -0.38994
-0.592 1.03458 -0.291325
-0.59 0.92811 -0.165225
-0.588 0.839304 -0.0337923
-0.586 0.784966 0.0809952
-0.584 0.76996 0.161384
-0.582 0.786816 0.197037
-0.58 0.817738 0.186746
-0.578 0.838639 0.138365
-0.576 0.824434 0.0669889
-0.574 0.754623 -0.00824492
-0.572 0.618098 -0.0680736
-0.57 0.416298 -0.0969803
-0.568 0.164072 -0.086246
-0.566 -0.111929 -0.0355894
-0.564 -0.377089 0.0469161
-0.562 -0.594261 0.146609
-0.56 -0.72986 0.245306
-0.558 -0.759578 0.325032
-0.556 -0.672741 0.371631
-0.554 -0.474551 0.377534
-0.552 -0.185817 0.343109
-0.55 0.159803 0.276372
-0.548 0.520605 0.191109
-0.546 0.852932 0.10386
-0.544 1.11756 0.0303661
-0.542 1.28537 -0.0177602
-0.54 1.34145 -0.0354865
-0.538 1.28697 -0.0254232
-0.536 1.1386 0.00270648
-0.534 0.925641 0.0340867
-0.532 0.685245 0.0519105
-0.53 0.456711 0.0409384
-0.528 0.275545 -0.00920712
-0.526 0.168332 -0.101678
-0.524 0.149114 -0.231442
-0.522 0.217785 -0.385927
-0.52 0.360666 -0.547122
-0.518 0.553092 -0.694723
-0.516 0.763534 -0.809715
-0.514 0.958588 -0.877686
-0.512 1.10804 -0.891288
-0.51 1.18923 -0.851386
-0.508 1.19016 -0.76674
-0.506 1.11086 -0.652303
-0.504 0.962912 -0.526493
-0.502 0.767394 -0.407962
-0.5 0.551457 -0.312464
-0.498 0.344227 -0.250377
-0.496 0.1726 -0.225297
-0.494 0.0575508 -0.233887
-0.492 0.011483 -0.266927
-0.49 0.0369565 -0.311311
-0.488 0.126929 -0.352541
-0.486 0.266419 -0.377271
-0.484 0.435271 -0.375437
-0.482 0.611571 -0.341657
-0.48 0.775138 -0.275725
-0.478 0.910572 -0.182232
-0.476 1.0094 -0.0694572
-0.474 1.07105 0.0521778
-0.472 1.10246 0.171789
-0.47 1.11656 0.27954
-0.468 1.12966 0.367774
-0.466 1.15838 0.431647
-0.464 1.2164 0.46926
-0.462 1.31174 0.481378
-0.46 1.44491 0.470885
-0.458 1.60836 0.442116
-0.456 1.78716 0.400223
-0.454 1.96108 0.350652
-0.452 2.10748 0.298761
-0.45 2.20469 0.249554
-0.448 2.2353 0.207465
-0.446 2.18886 0.176141
-0.444 2.06353 0.158195
-0.442 1.86648 0.154943
-0.44 1.61286 0.166182
-0.438 1.3236 0.190093
-0.436 1.02232 0.223328
-0.434 0.731767 0.261323
-0.432 0.470647 0.298832
-0.43 0.251068 0.330609
-0.428 0.0772994 0.352168
-0.426 -0.0540451 0.360465
-0.424 -0.152413 0.354392
-0.422 -0.23061 0.334958
-0.42 -0.301491 0.305086
-0.418 -0.374677 0.269051
-0.416 -0.45392 0.231646
-0.414 -0.535659 0.197253
-0.412 -0.609094 0.169017
-0.41 -0.657845 0.1483
-0.408 -0.662985 0.134532
-0.406 -0.606953 0.125463
-0.404 -0.477669 0.117767
-0.402 -0.272081 0.107843
-0.4 0.00155875 0.0926631
-0.398 0.323222 0.0704656
-0.396 0.662664 0.0411674
-0.394 0.982903 0.0063804
-0.392 1.24516 -0.0309765
-0.39 1.41452 -0.0673915
-0.388 1.46543 -0.0996371
-0.386 1.3861 -0.125592
-0.384 1.18107 -0.144799
-0.382 0.871341 -0.158601
-0.38 0.492104 -0.169823
-0.378 0.0881098 -0.182055
-0.376 -0.292482 -0.198697
-0.374 -0.604968 -0.221987
-0.372 -0.814564 -0.252214
-0.37 -0.901467 -0.287305
-0.368 -0.86368 -0.322901
-0.366 -0.717175 -0.352927
-0.364 -0.493337 -0.370601
-0.362 -0.234116 -0.369684
-0.36 0.0143599 -0.34574
-0.358 0.208711 -0.297142
-0.356 0.314688 -0.225591
-0.354 0.31204 -0.136047
-0.352 0.197133 -0.0360571
-0.35 -0.0170461 0.0653748
-0.348 -0.303431 0.159171
-0.346 -0.6255 0.237544
-0.344 -0.943187 0.295097
-0.342 -1.2191 0.329479
-0.34 -1.42407 0.34149
-0.338 -1.54116 0.334646
-0.336 -1.56766 0.314308
-0.334 -1.51473 0.286567
-0.332 -1.405 0.257113
-0.33 -1.26852 0.23031
-0.328 -1.13777 0.208635
-0.326 -1.04253 0.192556
-0.324 -1.00551 0.18082
-0.322 -1.03918 0.171015
-0.32 -1.14432 0.160264
-0.318 -1.3104 0.145866
-0.316 -1.51743 0.125746
-0.314 -1.73907 0.0986737
-0.312 -1.94635 0.0642252
-0.31 -2.11142 0.0225871
-0.308 -2.21092 -0.0256969
-0.306 -2.22851 -0.0799138
-0.304 -2.15648 -0.139215
-0.302 -1.99621 -0.202465
-0.3 -1.75772 -0.267951
-0.298 -1.45841 -0.33305
-0.296 -1.12113 -0.394004
-0.294 -0.771995 -0.44593
-0.292 -0.437951 -0.483153
-0.29 -0.144409 -0.499881
-0.288 0.0870508 -0.491126
-0.286 0.240733 -0.453724
-0.284 0.308542 -0.387232
-0.282 0.291179 -0.294482
-0.28 0.198632 -0.181616
-0.278 0.0497506 -0.0575081
-0.276 -0.12923 0.0673851
-0.274 -0.307228 0.182581
-0.272 -0.451761 0.279256
-0.27 -0.532971 0.351728
-0.268 -0.527739 0.398419
-0.266 -0.423325 0.42207
-0.264 -0.21994 0.429121
-0.262 0.0682391 0.428361
-0.26 0.413933 0.429089
-0.258 0.779569 0.439143
-0.256 1.12181 0.463209
-0.254 1.39728 0.501738
-0.252 1.56866 0.550733
-0.25 1.61031 0.602453
-0.248 1.51237 0.646926
-0.246 1.28273 0.673968
-0.244 0.946282 0.67532
-0.242 0.541567 0.646422
-0.24 0.115243 0.587448
-0.238 -0.284846 0.503357
-0.236 -0.616848 0.402919
-0.234 -0.851192 0.296926
-0.232 -0.974936 0.195983
-0.23 -0.993455 0.108353
-0.228 -0.929142 0.0383711
-0.226 -0.817327 -0.014249
-0.224 -0.700036 -0.054033
-0.222 -0.618637 -0.0883743
-0.22 -0.606556 -0.125458
-0.218 -0.683307 -0.171935
-0.216 -0.850819 -0.230864
-0.214 -1.09268 -0.300421
-0.212 -1.37643 -0.373711
-0.21 -1.65852 -0.439827
-0.208 -1.89108 -0.485964
-0.206 -2.02942 -0.500207
-0.204 -2.03913 -0.47436
-0.202 -1.90148 -0.406186
-0.2 -1.61663 -0.300513
-0.198 -1.20402 -0.168882
-0.196 -0.699985 -0.0277636
-0.194 -0.153175 0.10438
-0.192 0.38157 0.210596
-0.19 0.849935 0.278814
-0.188 1.20445 0.304383
-0.186 1.40961 0.291194
-0.184 1.44522 0.251093
-0.182 1.30776 0.201629
-0.18 1.00981 0.162519
-0.178 0.577876 0.15154
-0.176 0.0491793 0.180675
-0.174 -0.532183 0.253343
-0.172 -1.11917 0.36332
-0.17 -1.6655 0.495616
-0.168 -2.12897 0.629188
-0.166 -2.47422 0.740963
-0.164 -2.67498 0.810392
-0.162 -2.71577 0.82362
-0.16 -2.59298 0.7764
-0.158 -2.31533 0.675154
-0.156 -1.90352 0.535902
-0.154 -1.38896 0.381262
-0.152 -0.811615 0.236094
-0.15 -0.216708 0.122678
-0.148 0.349239 0.0564137
-0.146 0.842947 0.042917
-0.144 1.22888 0.0771164
-0.142 1.48312 0.144528
-0.14 1.59593 0.224447
-0.138 1.57267 0.294402
-0.136 1.43252 0.334953
-0.134 1.20545 0.333827
-0.132 0.927545 0.288522
-0.13 0.635611 0.206809
-0.128 0.361869 0.105011
-0.126 0.129582 0.00442092
-0.124 -0.0496054 -0.0733673
-0.122 -0.176212 -0.111227
-0.12 -0.261255 -0.100321
-0.118 -0.322688 -0.042175
-0.116 -0.380625 0.0514499
-0.114 -0.452262 0.160865
-0.112 -0.547539 0.262468
-0.11 -0.666464 0.333648
-0.108 -0.798721 0.357549
-0.106 -0.925705 0.326707
-0.104 -1.02463 0.244759
-0.102 -1.07389 0.125824
-0.1 -1.05856 -0.00832648
-0.098 -0.974959 -0.132748
-0.096 -0.83316 -0.224506
-0.094 -0.657003 -0.267458
-0.092 -0.48127 -0.255617
-0.09 -0.346449 -0.1944
-0.088 -0.291826 -0.0994823
-0.086 -0.348088 0.00649028
-0.084 -0.53075 0.0986428
-0.082 -0.835691 0.15509
-0.08 -1.23773 0.161536
-0.078 -1.6926 0.114298
-0.076 -2.14212 0.0211158
-0.074 -2.52165 -0.100437
-0.072 -2.76871 -0.226584
-0.07 -2.8313 -0.332263
-0.068 -2.67488 -0.396285
-0.066 -2.28693 -0.405649
-0.064 -1.67867 -0.358101
-0.062 -0.883797 -0.262451
-0.06 0.0453107 -0.136561
-0.058 1.04333 -0.00347962
-0.056 2.03854 0.113483
-0.054 2.95924 0.195675
-0.052 3.73904 0.232979
-0.05 4.32072 0.225833
-0.048 4.65854 0.184939
-0.046 4.71953 0.128766
-0.044 4.48434 0.0793792
-0.042 3.94845 0.0575265
-0.04 3.12393 0.0780608
-0.038 2.0418 0.146685
-0.036 0.754539 0.258721
-0.034 -0.662239 0.400139
-0.032 -2.10973 0.550611
-0.03 -3.46872 0.687894
-0.028 -4.60578 0.792597
-0.026 -5.38317 0.852286
-0.024 -5.67192 0.864058
-0.022 -5.36683 0.835035
-0.02 -4.40162 0.780696
-0.018 -2.76197 0.721405
-0.016 -0.494289 0.6779
-0.014 2.29144 0.666713
-0.012 5.42591 0.696509
-0.01 8.69198 0.766141
-0.008 11.8429 0.864854
-0.006 14.6254 0.974611
-0.004 16.8058 1.07406
-0.002 18.1951 1.14326
0 18.6706 1.16814
0.002 18.1902 1.14368
0.004 16.797 1.07504
0.006 14.6149 0.976406
0.008 11.8336 0.867848
0.01 8.68709 0.770845
0.012 5.42858 0.703517
0.014 2.30432 0.676635
0.016 -0.469468 0.691256
0.018 -2.7247 0.738497
0.02 -4.35281 0.801473
0.022 -5.30885 0.858982
0.024 -5.60838 0.890136
0.026 -5.31858 0.878954
0.028 -4.54496 0.817928
0.03 -3.41622 0.709792
0.032 -2.06922 0.567086
0.034 -0.636011 0.409617
0.036 0.765833 0.260318
0.038 2.03923 0.140406
0.04 3.11008 0.0648694
0.042 3.92708 0.0392626
0.044 4.45985 0.0585196
0.046 4.69634 0.108062
0.048 4.6405 0.166982
0.05 4.31057 0.212628
0.052 3.73804 0.225595
0.054 2.96703 0.194049
0.056 2.05321 0.116421
0.058 1.06178 0.00189087
0.06 0.0637874 -0.131448
0.062 -0.869087 -0.260352
0.064 -1.67092 -0.361316
0.066 -2.28824 -0.415548
0.068 -2.68594 -0.412985
0.07 -2.85134 -0.354502
0.072 -2.79569 -0.251855
0.074 -2.55261 -0.125344
0.076 -2.17366 0.000324962
0.078 -1.72143 0.101109
0.08 -1.26111 0.158578
0.082 -0.851829 0.163677
0.084 -0.539016 0.118516
0.086 -0.349065 0.0358086
0.088 -0.287181 -0.0639071
0.09 -0.338639 -0.156656
0.092 -0.473137 -0.220091
0.094 -0.651318 -0.238169
0.096 -0.832197 -0.204471
0.098 -0.980168 -0.123501
0.1 -1.0704 -0.00968395
0.102 -1.09178 0.115695
0.104 -1.04715 0.228974
0.106 -0.950807 0.309068
0.108 -0.82407 0.341838
0.11 -0.689785 0.322953
0.112 -0.566937 0.258649
0.114 -0.466476 0.164248
0.116 -0.389169 0.0607955
0.118 -0.325872 -0.0294463
0.12 -0.260078 -0.0876723
0.122 -0.172151 -0.102386
0.124 -0.0443471 -0.071639
0.126 0.134421 -0.00320074
0.128 0.364993 0.0873381
0.13 0.636246 0.180126
0.132 0.92556 0.255494
0.134 1.2014 0.298336
0.136 1.42757 0.301465
0.138 1.56842 0.267241
0.14 1.59414 0.207097
0.142 1.48532 0.139083
0.144 1.23605 0.0839567
0.146 0.855245 0.0606481
0.148 0.365946 0.082088
0.15 -0.197073 0.152262
0.152 -0.79101 0.265119
0.154 -1.36946 0.405559
0.156 -1.88693 0.55229
0.158 -2.30294 0.681959
0.16 -2.58536 0.7737
0.162 -2.71268 0.813173
0.164 -2.67541 0.795267
0.166 -2.47652 0.72495
0.168 -2.13116 0.616102
0.17 -1.66567 0.488617
0.172 -1.11596 0.364373
0.174 -0.525224 0.262893
0.176 0.0590588 0.197591
0.178 0.588691 0.173325
0.18 1.01879 0.18575
0.182 1.31192 0.222547
0.184 1.44202 0.266244
0.186 1.39751 0.298002
0.188 1.18327 0.301571
0.19 0.820974 0.266597
0.192 0.347509 0.190633
0.194 -0.188589 0.0794862
0.196 -0.732422 -0.0540766
0.198 -1.2292 -0.192966
0.2 -1.63105 -0.319142
0.202 -1.9031 -0.417037
0.204 -2.02791 -0.476316
0.206 -2.00749 -0.493475
0.208 -1.8625 -0.471972
0.21 -1.62867 -0.420945
0.212 -1.35105 -0.352841
0.214 -1.07688 -0.280526
0.216 -0.848209 -0.214505
0.218 -0.695355 -0.160885
0.22 -0.632339 -0.120448
0.222 -0.654957 -0.0890138
0.224 -0.741891 -0.0589161
0.226 -0.858689 -0.0212286
0.228 -0.963937 0.031785
0.23 -1.01661 0.104544
0.232 -0.983328 0.196808
0.234 -0.844248 0.30339
0.236 -0.596733 0.414999
0.238 -0.256113 0.52
0.24 0.146449 0.606721
0.242 0.568604 0.665806
0.244 0.963187 0.69209
0.246 1.28526 0.68561
0.248 1.49869 0.651528
0.25 1.58135 0.599011
0.252 1.52793 0.539311
0.254 1.35031 0.483477
0.256 1.07531 0.440152
0.258 0.740312 0.413921
0.26 0.387692 0.404518
0.262 0.0588499 0.407017
0.264 -0.211196 0.412956
0.266 -0.397908 0.412145
0.268 -0.489575 0.394778
0.27 -0.487774 0.353432
0.272 -0.406068 0.28458
0.274 -0.267327 0.189316
0.276 -0.100178 0.0732203
0.278 0.0648672 -0.0545941
0.28 0.199082 -0.183005
0.282 0.278573 -0.300669
0.284 0.286458 -0.397718
0.286 0.214053 -0.467078
0.288 0.0611408 -0.505203
0.29 -0.164548 -0.512173
0.292 -0.44844 -0.491201
0.294 -0.770635 -0.447737
0.296 -1.10769 -0.388362
0.298 -1.4346 -0.319739
0.3 -1.72688 -0.247778
0.302 -1.96277 -0.177146
0.304 -2.12522 -0.111125
0.306 -2.20383 -0.0517497
0.308 -2.19616 -9.10887e-05
0.31 -2.10843 0.0434375
0.312 -1.95525 0.0788702
0.314 -1.75831 0.106612
0.316 -1.5441 0.12748
0.318 -1.34073 0.142798
0.32 -1.17423 0.154452
0.322 -1.06487 0.164822
0.324 -1.02409 0.176534
0.326 -1.05236 0.19203
0.328 -1.13877 0.213012
0.33 -1.26213 0.239862
0.332 -1.39398 0.271211
0.334 -1.50271 0.303779
0.336 -1.55858 0.332608
0.338 -1.53866 0.351717
0.34 -1.43087 0.355069
0.342 -1.23661 0.337712
0.344 -0.971164 0.296828
0.346 -0.662053 0.2325
0.348 -0.345188 0.147997
0.35 -0.0595909 0.0495147
0.352 0.158636 -0.0546087
0.354 0.282111 -0.155072
0.356 0.2968 -0.242996
0.358 0.204703 -0.311269
0.36 0.0240903 -0.355599
0.362 -0.212789 -0.375091
0.364 -0.464255 -0.372199
0.366 -0.685307 -0.352082
0.368 -0.834356 -0.321491
0.37 -0.879542 -0.287406
0.372 -0.803629 -0.255738
0.374 -0.606717 -0.230331
0.376 -0.306373 -0.21247
0.378 0.064846 -0.200945
0.38 0.464043 -0.192634
0.382 0.844099 -0.183446
0.384 1.1603 -0.169408
0.386 1.37647 -0.14767
0.388 1.4697 -0.117207
0.39 1.43302 -0.0790837
0.392 1.27565 -0.0362203
0.394 1.0209 0.00728061
0.396 0.702146 0.0470864
0.398 0.357627 0.0796443
0.4 0.0248821 0.103014
0.402 -0.264239 0.11733
0.404 -0.487288 0.12479
0.406 -0.633155 0.129174
0.408 -0.702079 0.135002
0.41 -0.703867 0.146511
0.412 -0.654769 0.166671
0.414 -0.573618 0.196456
0.416 -0.477954 0.234511
0.418 -0.380806 0.277313
0.42 -0.288657 0.319772
0.422 -0.200882 0.356171
0.424 -0.110685 0.381233
0.426 -0.00726156 0.391117
0.428 0.121263 0.384136
0.43 0.284699 0.361091
0.432 0.488055 0.325152
0.434 0.729698 0.281358
0.436 1.00073 0.235838
0.438 1.28569 0.194899
0.44 1.56451 0.164155
0.442 1.8153 0.147828
0.444 2.01757 0.148295
0.446 2.15532 0.165928
0.448 2.21937 0.199173
0.45 2.20877 0.244817
0.452 2.13085 0.298347
0.454 2.00002 0.354347
0.456 1.83555 0.406878
0.458 1.65863 0.449871
0.46 1.48919 0.477515
0.462 1.34308 0.484715
0.464 1.2299 0.467589
0.466 1.15188 0.424017
0.468 1.10407 0.354159
0.47 1.07568 0.260844
0.472 1.05233 0.149703
0.474 1.01899 0.0289189
0.476 0.962871 -0.0914713
0.478 0.876045 -0.200729
0.48 0.757184 -0.288901
0.482 0.612216 -0.348425
0.484 0.453761 -0.375577
0.486 0.299384 -0.371445
0.488 0.16893 -0.342182
0.49 0.0813161 -0.298396
0.492 0.0512842 -0.253674
0.494 0.0866503 -0.22243
0.496 0.186516 -0.217392
0.498 0.340783 -0.24718
0.5 0.531098 -0.314407
0.502 0.733143 -0.414742
0.504 0.919957 -0.537156
0.506 1.06582 -0.665416
0.508 1.15014 -0.780614
0.51 1.16074 -0.864324
0.512 1.09601 -0.90182
0.514 0.965606 -0.884768
0.516 0.78942 -0.812859
0.518 0.594895 -0.694048
0.52 0.413073 -0.54331
0.522 0.273862 -0.380099
0.524 0.201281 -0.224964
0.526 0.209417 -0.0959396
0.528 0.299802 -0.00539999
0.53 0.460666 0.0420075
0.532 0.668248 0.0499388
0.534 0.890028 0.0293197
0.536 1.08943 -0.00409663
0.538 1.23128 -0.0330946
0.54 1.28727 -0.0426118
0.542 1.24045 -0.0228809
0.544 1.08819 0.0285328
0.546 0.842979 0.106212
0.548 0.530911 0.197999
0.55 0.188095 0.287524
0.552 -0.144559 0.357649
0.554 -0.427303 0.39412
0.556 -0.627342 0.388682
0.558 -0.723507 0.340987
0.56 -0.709058 0.258891
0.562 -0.592181 0.157035
0.564 -0.394137 0.0539894
0.566 -0.14539 -0.0314661
0.568 0.119593 -0.0841739
0.57 0.367995 -0.0957504
0.572 0.573782 -0.0664069
0.574 0.721445 -0.00504943
0.576 0.807726 0.0723876
0.578 0.841063 0.146064
0.58 0.838882 0.196211
0.582 0.823285 0.207172
0.584 0.815946 0.170717
0.586 0.833196 0.0879396
0.588 0.882212 -0.0306366
0.59 0.959045 -0.166806
0.592 1.04886 -0.297949
0.594 1.12836 -0.401194
0.596 1.17004 -0.45768
0.598 1.14741 -0.456085
0.6 1.04043 -0.394759
0.602 0.839952 -0.282062
0.604 0.55058 -0.134869
0.606 0.191223 0.0244648
0.608 -0.206726 0.172063
0.61 -0.603339 0.286681
0.612 -0.955595 0.353275
0.614 -1.22341 0.365349
0.616 -1.37529 0.325708
0.618 -1.39271 0.245524
0.62 -1.27252 0.141986
0.622 -1.02716 0.0350108
0.624 -0.682599 -0.0563252
0.626 -0.274481 -0.116961
0.628 0.156827 -0.13809
0.63 0.571544 -0.118113
0.632 0.93526 -0.0622424
0.634 1.22251 0.0190582
0.636 1.41872 0.112395
0.638 1.52035 0.20403
0.64 1.53347 0.282228
0.642 1.4712 0.33895
0.644 1.35054 0.370676
0.646 1.18939 0.378309
0.648 1.00401 0.366319
0.65 0.807613 0.341396
0.652 0.609845 0.310955
0.654 0.417318 0.2818
0.656 0.234737 0.25919
0.658 0.0662803 0.246385
0.66 -0.0831666 0.24468
0.662 -0.207283 0.25377
0.664 -0.298269 0.272273
0.666 -0.347534 0.298229
0.668 -0.346982 0.329428
0.67 -0.290619 0.36352
0.672 -0.176145 0.397953
0.674 -0.00617695 0.429846
0.676 0.211187 0.455951
0.678 0.462616 0.472805
0.68 0.730602 0.477136
0.682 0.995162 0.466462
0.684 1.23593 0.439755
0.686 1.43431 0.397986
0.688 1.57536 0.344357
0.69 1.64925 0.284083
0.692 1.65199 0.223694
0.694 1.58557 0.16994
0.696 1.45745 0.128481
0.698 1.2795 0.102658
0.7 1.06668 0.0926091
0.702 0.835529 0.0950214
0.704 0.602664 0.103612
0.706 0.383501 0.110339
0.708 0.191146 0.107119
0.71 0.0355907 0.0877177
0.712 -0.0768453 0.0493969
0.714 -0.143796 -0.00608135
0.716 -0.166869 -0.0723582
0.718 -0.151359 -0.139385
0.72 -0.105644 -0.195211
0.722 -0.0402559 -0.228331
0.724 0.0333308 -0.230135
0.726 0.104078 -0.196954
0.728 0.162786 -0.131232
0.73 0.203311 -0.041526
0.732 0.223423 0.0587554
0.734 0.225107 0.153681
0.736 0.214224 0.227774
0.738 0.199492 0.269042
0.74 0.190901 0.271431
0.742 0.197748 0.236173
0.744 0.22662 0.171708
0.746 0.279667 0.092161
0.748 0.353509 0.0146316
0.75 0.439033 -0.044172
0.752 0.522198 -0.0713121
0.754 0.585781 -0.0603311
0.756 0.611834 -0.0127393
0.758 0.584479 0.0620515
0.76 0.492595 0.148376
0.762 0.331933 0.227255
0.764 0.106283 0.280073
0.766 -0.172529 0.292261
0.768 -0.485863 0.256251
0.77 -0.81052 0.173092
0.772 -1.12168 0.0524087
0.774 -1.39603 -0.0893114
0.776 -1.61464 -0.231745
0.778 -1.76499 -0.35448
0.78 -1.84209 -0.440755
0.782 -1.84829 -0.48046
0.784 -1.79219 -0.471848
0.786 -1.6866 -0.421646
0.788 -1.54633 -0.343567
0.79 -1.38588 -0.255528
0.792 -1.21774 -0.176146
0.794 -1.05141 -0.121179
0.796 -0.893304 -0.100616
0.798 -0.747354 -0.116961
0.8 -0.616145 -0.165005
0.802 -0.502112 -0.233085
0.804 -0.408461 -0.305518
0.806 -0.339519 -0.365697
0.808 -0.300345 -0.399227
0.81 -0.295675 -0.396494
0.812 -0.328401 -0.354229
0.814 -0.397963 -0.275835
0.816 -0.499088 -0.170483
0.818 -0.621258 -0.0512458
0.82 -0.749227 0.06734
0.822 -0.864639 0.171787
0.824 -0.948611 0.251773
0.826 -0.984878 0.301506
0.828 -0.962948 0.320159
0.83 -0.880621 0.311383
0.832 -0.74532 0.282111
0.834 -0.57385 0.240963
0.836 -0.390474 0.196618
0.838 -0.223521 0.15646
0.84 -0.101007 0.125698
0.842 -0.0459807 0.107035
0.844 -0.0723883 0.10082
0.846 -0.182217 0.105534
0.848 -0.364491 0.118431
0.85 -0.596399 0.136159
0.852 -0.846458 0.155248
0.854 -1.07926 0.172417
0.856 -1.261 0.184725
0.858 -1.36495 0.189644
0.86 -1.37576 0.185153
0.862 -1.29193 0.169913
0.864 -1.12606 0.143558
0.866 -0.902547 0.107042
0.868 -0.653407 0.062921
0.87 -0.412719 0.0154399
0.872 -0.210739 -0.0297119
0.874 -0.0687002 -0.0660287
0.876 0.0047813 -0.0871596
0.878 0.015051 -0.0880723
0.88 -0.0197391 -0.0661813
0.882 -0.0720857 -0.0221744
0.884 -0.11028 0.0396945
0.886 -0.104332 0.111991
0.888 -0.0316225 0.185175
0.89 0.118713 0.249217
0.892 0.343436 0.295481
0.894 0.625311 0.318497
0.896 0.935646 0.317242
0.898 1.23882 0.295597
0.9 1.49801 0.261836
0.902 1.68115 0.227154
0.904 1.76601 0.203481
0.906 1.7436 0.20101
0.908 1.61929 0.22592
0.91 1.41156 0.278799
0.912 1.14854 0.354139
0.914 0.863244 0.441057
0.916 0.588097 0.525171
0.918 0.350012 0.591289
0.92 0.166636 0.626404
0.922 0.0444571 0.622401
0.924 -0.0210423 0.577886
0.926 -0.043308 0.498754
0.928 -0.0412009 0.397288
0.93 -0.0347624 0.289954
0.932 -0.041088 0.194269
0.934 -0.0710875 0.12536
0.936 -0.127716 0.092914
0.938 -0.205949 0.0991365
0.94 -0.294419 0.138169
0.942 -0.378302 0.197106
0.944 -0.442823 0.258439
0.946 -0.476621 0.303468
0.948 -0.47432 0.316026
0.95 -0.437796 0.285766
0.952 -0.375924 0.210377
0.954 -0.302884 0.0962587
0.956 -0.235384 -0.0424825
0.958 -0.189372 -0.18655
0.96 -0.176892 -0.314991
0.962 -0.203708 -0.40906
0.964 -0.268169 -0.455666
0.966 -0.361504 -0.449716
0.968 -0.469491 -0.394933
0.97 -0.575118 -0.303003
0.972 -0.661716 -0.191245
0.974 -0.715928 -0.0792949
0.976 -0.729973 0.0145546
0.978 -0.702776 0.076634
0.98 -0.639793 0.100199
0.982 -0.551617 0.0863328
0.984 -0.45165 0.0433287
0.986 -0.353363 -0.0152744
0.988 -0.267679 -0.0735659
0.99 -0.201024 -0.116445
0.992 -0.154427 -0.132473
0.994 -0.123826 -0.115849
0.996 -0.101478 -0.0671848
0.998 -0.0781609 0.00701919
1 -0.0456719 0.0959845
1.002 0.000917183 0.186979
1.004 0.0617183 0.267837
1.006 0.131539 0.329173
1.008 0.200568 0.365858
1.01 0.256112 0.377544
1.012 0.285079 0.368171
1.014 0.276704 0.344663
1.016 0.225005 0.315136
1.018 0.130465 0.287039
1.02 0.000601432 0.265638
1.022 -0.150718 0.253129
1.024 -0.305096 0.248521
1.026 -0.44225 0.248245
1.028 -0.543024 0.247276
1.03 -0.59223 0.240476
1.032 -0.580855 0.223845
1.034 -0.50727 0.195402
1.036 -0.377262 0.155558
1.038 -0.202921 0.106917
1.04 -0.000612124 0.0536249
1.042 0.211589 0.000443155
1.044 0.416527 -0.048212
1.046 0.60021 -0.0890299
1.048 0.753312 -0.120209
1.05 0.871714 -0.141443
1.052 0.956092 -0.153557
1.054 1.01071 -0.157929
1.056 1.04174 -0.155903
1.058 1.05542 -0.148364
1.06 1.05649 -0.135588
1.062 1.04718 -0.117395
1.064 1.02684 -0.0935406
1.066 0.992329 -0.0641984
1.068 0.939056 -0.030386
1.07 0.862329 0.00583248
1.072 0.758859 0.0414642
1.074 0.628022 0.0730428
1.076 0.472657 0.0973454
1.078 0.299257 0.112205
1.08 0.117501 0.117209
1.082 -0.0607567 0.11407
1.084 -0.222885 0.106522
1.086 -0.356994 0.0997081
1.088 -0.453335 0.0991422
1.09 -0.505374 0.109458
1.092 -0.510389 0.133209
1.094 -0.469556 0.170002
1.096 -0.387557 0.216192
1.098 -0.271831 0.265243
1.1 -0.13163 0.308738
1.102 0.0229517 0.337883
1.104 0.181841 0.345212
1.106 0.335652 0.326169
1.108 0.47612 0.280224
1.11 0.596338 0.211256
1.112 0.690832 0.127099
1.114 0.75558 0.0382994
1.116 0.788026 -0.0437051
1.118 0.787149 -0.108615
1.12 0.753587 -0.149128
1.122 0.689803 -0.162256
1.124 0.600204 -0.149831
1.126 0.49114 -0.11811
1.128 0.370684 -0.0765421
1.13 0.248153 -0.0359347
1.132 0.133355 -0.00637673
1.134 0.0356239 0.00468159
1.136 -0.0372472 -0.00618443
1.138 -0.0800255 -0.0377882
1.14 -0.0908519 -0.0846544
1.142 -0.0716962 -0.138171
1.144 -0.0283445 -0.188327
1.146 0.03013 -0.225677
1.148 0.09239 -0.243141
1.15 0.146246 -0.237297
1.152 0.180288 -0.208921
1.154 0.185506 -0.162719
1.156 0.156688 -0.106312
1.158 0.0933504 -0.0487145
1.16 7.99559e-05 0.00140022
1.162 -0.113817 0.0372831
1.164 -0.235317 0.05526
1.166 -0.349231 0.0552343
1.168 -0.440115 0.0404787
1.17 -0.494278 0.0167917
1.172 -0.501628 -0.00877888
1.174 -0.457074 -0.0293704
1.176 -0.361305 -0.0396084
1.178 -0.220809 -0.0365368
1.18 -0.0471318 -0.0200236
1.182 0.144513 0.00739384
1.184 0.337084 0.0411514
1.186 0.513758 0.0756299
1.188 0.659881 0.105245
1.19 0.764578 0.125446
1.192 0.821813 0.133438
1.194 0.830767 0.128528
1.196 0.795509 0.112066
1.198 0.724033 0.0870376
1.2 0.626842 0.0574265
1.202 0.515304 0.0274988
1.204 0.40006 0.00114171
1.206 0.289727 -0.0186357
1.208 0.190087 -0.0299886
1.21 0.10384 -0.0323079
1.212 0.0309267 -0.0261177
1.214 -0.0306997 -0.0128586
1.216 -0.0840256 0.00537896
1.218 -0.131868 0.0261194
1.22 -0.175921 0.0467376
1.222 -0.216132 0.0646612
1.224 -0.250532 0.0775538
1.226 -0.275533 0.0835005
1.228 -0.286636 0.0812046
1.23 -0.279396 0.0701884
1.232 -0.250454 0.0509607
1.234 -0.19841 0.0251002
1.236 -0.12439 -0.00480081
1.238 -0.0321682 -0.0353688
1.24 0.0721557 -0.0628589
1.242 0.180872 -0.0836986
1.244 0.285641 -0.0950842
1.246 0.378563 -0.0955187
1.248 0.453153 -0.0851793
1.25 0.505071 -0.0660174
1.252 0.53248 -0.041539
1.254 0.536001 -0.0162694
1.256 0.518297 0.00502401
1.258 0.483393 0.0182187
1.26 0.435894 0.0206637
1.262 0.380266 0.0117703
1.264 0.320331 -0.00677086
1.266 0.259036 -0.0312153
1.268 0.198542 -0.0564093
1.27 0.14053 -0.0767428
1.272 0.0866298 -0.0872284
1.274 0.0388188 -0.0844952
1.276 -0.000344903 -0.0674943
1.278 -0.0277471 -0.0377679
1.28 -0.0400388 0.000785312
1.282 -0.0342147 0.042618
1.284 -0.00834333 0.0815842
1.286 0.03771 0.112131
1.288 0.101747 0.130392
1.29 0.179049 0.134957
1.292 0.262642 0.127151
1.294 0.344027 0.11076
1.296 0.414297 0.0912534
1.298 0.465477 0.0746519
1.3 0.491835 0.0662749
1.302 0.490956 0.0696166
1.304 0.464325 0.0855785
1.306 0.417309 0.112216
1.308 0.358461 0.145057
1.31 0.298254 0.177926
1.312 0.247391 0.204133
1.314 0.214993 0.217778
1.316 0.206951 0.214921
1.318 0.224754 0.194387
1.32 0.265016 0.158036
1.322 0.319829 0.110469
1.324 0.377908 0.0581984
1.326 0.426373 0.00848423
1.328 0.452886 -0.0319627
1.33 0.447796 -0.0581514
1.332 0.405942 -0.0676437
1.334 0.327797 -0.0609036
1.336 0.21976 -0.0411132
1.338 0.0935055 -0.0135058
1.34 -0.0355128 0.015645
1.342 -0.150209 0.0401779
1.344 -0.234333 0.055121
1.346 -0.27489 0.057496
1.348 -0.26413 0.0467174
1.35 -0.200809 0.0245397
1.352 -0.0905183 -0.00540627
1.354 0.0549573 -0.0383691
1.356 0.219155 -0.0693638
1.358 0.383088 -0.0940175
1.36 0.527718 -0.109228
1.362 0.636381 -0.113534
1.364 0.696836 -0.107171
1.366 0.702662 -0.0918326
1.368 0.653838 -0.0702211
1.37 0.556468 -0.0454997
1.372 0.421731 -0.0207573
1.374 0.26424 0.00141879
1.376 0.100082 0.0192031
1.378 -0.0551862 0.0316137
1.38 -0.188299 0.0384409
1.382 -0.289596 0.0400769
1.384 -0.35375 0.0373079
1.386 -0.379886 0.0311248
1.388 -0.371147 0.0225843
1.39 -0.333829 0.0127323
1.392 -0.276269 0.00257509
1.394 -0.207648 -0.00692824
1.396 -0.136885 -0.0148847
1.398 -0.071741 -0.0205187
1.4 -0.018206 -0.0232611
1.402 0.0197964 -0.0228614
1.404 0.0404238 -0.0194887
1.406 0.043704 -0.0137835
1.408 0.0311828 -0.00682506
1.41 0.00551198 1.32721e-06
1.412 -0.0299539 0.00522574
1.414 -0.0715143 0.00756773
1.416 -0.115417 0.00620618
1.418 -0.158097 0.000982421
1.42 -0.196371 -0.0075174
1.422 -0.227606 -0.0180322
1.424 -0.249868 -0.0288484
1.426 -0.262034 -0.0381386
1.428 -0.26388 -0.0443534
1.43 -0.256094 -0.0465794
1.432 -0.240231 -0.0447817
1.434 -0.21857 -0.039864
1.436 -0.193886 -0.0335194
1.438 -0.169142 -0.0278915
1.44 -0.147145 -0.0251082
1.442 -0.130192 -0.0267881
1.444 -0.11978 -0.0336267
1.446 -0.11643 -0.0451595
1.448 -0.119658 -0.0597624
1.45 -0.128115 -0.0749034
1.452 -0.139872 -0.0876041
1.454 -0.152805 -0.0950269
1.456 -0.165011 -0.0950697
1.458 -0.175176 -0.0868463
1.46 -0.182827 -0.0709443
1.462 -0.188422 -0.0493965
1.464 -0.193244 -0.0253576
1.466 -0.199122 -0.00254046
1.468 -0.208016 0.0154822
1.47 -0.221545 0.0259717
1.472 -0.240537 0.027572
1.474 -0.264698 0.0205997
1.476 -0.292465 0.00701274
1.478 -0.321081 -0.00994095
1.48 -0.346909 -0.0263286
1.482 -0.365916 -0.0382767
1.484 -0.374292 -0.042711
1.486 -0.369064 -0.0379479
1.488 -0.348636 -0.0240236
1.49 -0.313141 -0.0026973
1.492 -0.264546 0.022872
1.494 -0.206491 0.0487101
1.496 -0.143867 0.0707577
1.498 -0.0822162 0.0856037
1.5 -0.0270169 0.0910801
1.502 0.0170066 0.0866088
1.504 0.0464715 0.0732406
1.506 0.0597224 0.053391
1.508 0.0569696 0.0303353
1.51 0.0401666 0.00757067
1.512 0.0126533 -0.0118269
1.514 -0.0213723 -0.0257251
1.516 -0.0574703 -0.0332426
1.518 -0.0915666 -0.0347945
1.52 -0.120463 -0.0318821
1.522 -0.142177 -0.0266864
1.524 -0.156074 -0.0215594
1.526 -0.162788 -0.0185237
1.528 -0.163952 -0.0188807
1.53 -0.161813 -0.0229999
1.532 -0.15879 -0.0303189
1.534 -0.157048 -0.0395375
1.536 -0.15817 -0.0489505
1.538 -0.162937 -0.0568384
1.54 -0.171272 -0.0618294
1.542 -0.182312 -0.0631562
1.544 -0.194602 -0.0607623
1.546 -0.206362 -0.0552463
1.548 -0.215788 -0.0476697
1.55 -0.221335 -0.0392831
1.552 -0.221938 -0.031238
1.554 -0.217155 -0.0243515
1.556 -0.207212 -0.0189725
1.558 -0.19296 -0.0149737
1.56 -0.17575 -0.0118584
1.562 -0.157269 -0.00895077
1.564 -0.139349 -0.00561395
1.566 -0.123776 -0.00144126
1.568 -0.112131 0.00362756
1.57 -0.105641 0.00929074
1.572 -0.105089 0.0149692
1.574 -0.110737 0.0199655
1.576 -0.122308 0.023652
1.578 -0.138989 0.0256393
1.58 -0.15948 0.0258791
1.582 -0.182075 0.0246764
1.584 -0.204772 0.0226067
1.586 -0.225415 0.0203598
1.588 -0.24185 0.0185485
1.59 -0.252096 0.0175312
1.592 -0.254516 0.017296
1.594 -0.24797 0.0174397
1.596 -0.231947 0.0172528
1.598 -0.20665 0.0158956
1.6 -0.173021 0.0126271
1.602 -0.132706 0.00703111
1.604 -0.0879482 -0.000815802
1.606 -0.0414193 -0.0102817
1.608 0.00400351 -0.0202427
1.61 0.0454867 -0.0292677
1.612 0.0804993 -0.0358879
1.614 0.107051 -0.0388984
1.616 0.123888 -0.0376266
1.618 0.13062 -0.0321068
1.62 0.127765 -0.0231203
1.622 0.116703 -0.0120842
1.624 0.0995439 -0.000804078
1.626 0.0789129 0.00886278
1.628 0.0576849 0.0153674
1.63 0.038688 0.0177787
1.632 0.0244115 0.0159761
1.634 0.016748 0.010683
1.636 0.0168003 0.0033314
1.638 0.0247736 -0.00421727
1.64 0.0399688 -0.0100406
1.642 0.0608796 -0.0125395
1.644 0.0853826 -0.0107613
1.646 0.110999 -0.00459868
1.648 0.135198 0.00517928
1.65 0.155699 0.0170683
1.652 0.170741 0.0291175
1.654 0.179281 0.0393065
1.656 0.181097 0.0459363
1.658 0.176785 0.047955
1.66 0.167648 0.0451526
1.662 0.1555 0.0381886
1.664 0.142394 0.0284494
1.666 0.130337 0.0177661
1.668 0.121003 0.00805334
1.67 0.115499 0.000940131
1.672 0.114219 -0.00253436
1.674 0.116789 -0.00210137
1.676 0.12213 0.00171291
1.678 0.128605 0.00772087
1.68 0.134259 0.0143351
1.682 0.137087 0.0199031
1.684 0.135323 0.0230457
1.686 0.127689 0.0229303
1.688 0.113593 0.0194254
1.69 0.0932338 0.0131082
1.692 0.0676168 0.00513019
1.694 0.0384626 -0.00302881
1.696 0.0080333 -0.00986322
1.698 -0.0211128 -0.0141392
1.7 -0.0464044 -0.0151288
1.702 -0.0655487 -0.0127369
1.704 -0.0767967 -0.00749999
1.706 -0.0791517 -0.000461729
1.708 -0.0724969 0.00704587
1.71 -0.0576257 0.0136691
1.712 -0.0361675 0.0182917
1.714 -0.0104175 0.0202354
1.716 0.0169156 0.019364
1.718 0.0430139 0.016075
1.72 0.0652741 0.011187
1.722 0.0816111 0.00575078
1.724 0.0907057 0.000828517
1.726 0.0921615 -0.00271515
1.728 0.0865495 -0.0043674
1.73 0.0753292 -0.00404068
1.732 0.0606521 -0.00205599
1.734 0.0450687 0.000954756
1.736 0.0311764 0.00420202
1.738 0.0212563 0.00691268
1.74 0.0169484 0.00848742
1.742 0.0190149 0.00860988
1.744 0.0272272 0.00728816
1.746 0.0403969 0.00482489
1.748 0.0565477 0.00172793
1.75 0.0732063 -0.00141421
1.752 0.0877699 -0.00406248
1.754 0.0978951 -0.00583436
1.756 0.101849 -0.00656657
1.758 0.0987658 -0.0063237
1.76 0.0887704 -0.00535559
1.762 0.0729464 -0.00401722
1.764 0.053156 -0.00267229
1.766 0.0317407 -0.00160391
1.768 0.0111537 -0.000952846
1.77 -0.00641576 -0.0006962
1.772 -0.0193639 -0.000669365
1.774 -0.0268884 -0.000623469
1.776 -0.0290653 -0.000302317
1.778 -0.0267767 0.00048129
1.78 -0.021506 0.00178902
1.782 -0.015039 0.00353387
1.784 -0.00912495 0.00549535
1.786 -0.00515914 0.00736854
1.788 -0.00394281 0.0088345
1.79 -0.00556159 0.0096347
1.792 -0.00940108 0.00963175
1.794 -0.014293 0.00884213
1.796 -0.0187613 0.00743338
1.798 -0.0213211 0.00568642
1.8 -0.0207746 0.00393194
1.802 -0.0164496 0.00247544
1.804 -0.00834103 0.00152856
1.806 0.0028716 0.0011625
1.808 0.0159288 0.00129442
1.81 0.029199 0.00171015
1.812 0.0409496 0.0021177
1.814 0.0496328 0.0022193
1.816 0.0541335 0.00178514
1.818 0.0539385 0.000711799
1.82 0.0491995 -0.000948009
1.822 0.0406835 -0.00299135
1.824 0.0296264 -0.00510538
1.826 0.0175193 -0.0069332
1.828 0.00586903 -0.00815094
1.83 -0.00402487 -0.00853906
1.832 -0.0112403 -0.00803222
1.834 -0.0153249 -0.00673675
1.836 -0.0163021 -0.00491157
1.838 -0.0145968 -0.00291654
1.84 -0.0109039 -0.00113914
1.842 -0.00602803 8.47707e-05
1.844 -0.000728797 0.000539308
1.846 0.0043992 0.000171637
1.848 0.00899219 -0.000899045
1.85 0.0129223 -0.002408
1.852 0.0162484 -0.00400091
1.854 0.0191311 -0.00530717
1.856 0.0217349 -0.0060153
1.858 0.0241425 -0.00593494
1.86 0.026301 -0.00503323
1.862 0.028012 -0.00343868
1.864 0.0289657 -0.0014127
1.866 0.0288121 0.000704708
1.868 0.0272512 0.0025631
1.87 0.024122 0.0038694
1.872 0.0194695 0.00444172
1.874 0.0135743 0.00423888
1.876 0.00693576 0.00336105
1.878 0.000211438 0.00202279
1.88 -0.00587721 0.000505569
1.882 -0.010655 -0.00089975
1.884 -0.0135989 -0.00194823
1.886 -0.0144197 -0.00248337
1.888 -0.0131066 -0.00245911
1.89 -0.00992538 -0.00193851
1.892 -0.00537418 -0.00107101
1.894 -0.000103408 -5.45586e-05
1.896 0.00518367 0.000908353
1.898 0.00983312 0.00165139
1.9 0.0133281 0.00207358
1.902 0.0153486 0.0021522
1.904 0.0157959 0.00193812
1.906 0.0147809 0.00153645
1.908 0.0125814 0.00107795
1.91 0.00957979 0.000688109
1.912 0.00619305 0.000460697
1.914 0.00280857 0.000440882
1.916 -0.000264937 0.000620637
1.918 -0.00282505 0.000946183
1.92 -0.00478068 0.00133468
1.922 -0.00613771 0.00169553
1.924 -0.00697135 0.00195118
1.926 -0.00739297 0.00205275
1.928 -0.00751883 0.00198757
1.93 -0.00744659 0.00177798
1.932 -0.00724272 0.00147252
1.934 -0.0069411 0.00113241
1.936 -0.00655079 0.000817011
1.938 -0.00606876 0.000571405
1.94 -0.00549347 0.000418689
1.942 -0.00483522 0.000358085
1.944 -0.00412091 0.000368573
1.946 -0.00339247 0.000416582
1.948 -0.00270018 0.0004655
1.95 -0.00209296 0.000484594
1.952 -0.00160869 0.000455338
1.954 -0.00126689 0.000373995
1.956 -0.0010657 0.000250349
1.958 -0.000983439 0.000103446
1.96 -0.000984339 -4.41682e-05
1.962 -0.00102661 -0.00017209
1.964 -0.00107098 -0.000266227
1.966 -0.00108769 -0.000320752
1.968 -0.00106052 -0.000337759
1.97 -0.000987345 -0.000325149
1.972 -0.000877503 -0.000293591
1.974 -0.000747099 -0.000253514
1.976 -0.000613647 -0.000212893
1.978 -0.000491496 -0.000176249
1.98 -0.000389046 -0.000144859
1.982 -0.000308168 -0.000117858
1.984 -0.000245574 -9.36548e-05
1.986 -0.000195387 -7.11316e-05
1.988 -0.000151921 -5.02387e-05
1.99 -0.000111749 -3.18939e-05
1.992 -7.45055e-05 -1.73655e-05
1.994 -4.23024e-05 -7.50093e-06
1.996 -1.81619e-05 -2.18147e-06
1.998 -4.15087e-06 -2.58451e-07
0.5 0.617592 0.39365
1 0.541272 0.345036
1.5 0.432992 0.275287
2 0.314719 0.198355
2.5 0.207674 0.128841
3 0.127972 0.0788895
3.5 0.0841346 0.0559089
4 0.0755491 0.0613871
4.5 0.0914827 0.0908533
5 0.112055 0.134918
5.5 0.113669 0.181316
6 0.0797894 0.217735
6.5 0.0138235 0.234899
7 -0.0531722 0.229009
7.5 -0.0674721 0.202646
8 0.0274138 0.163578
8.5 0.262512 0.121817
9 0.620596 0.0860428
9.5 1.03279 0.0609101
10 1.40007 0.0463541
10.5 1.63205 0.0390263
11 1.6846 0.034903
11.5 1.57716 0.0315489
12 1.38004 0.0288131
12.5 1.17822 0.0277378
13 1.03078 0.0285912
13.5 0.947409 0.0295116
14 0.89363 0.0269039
14.5 0.820039 0.0176199
15 0.697624 0.00173657
15.5 0.538521 -0.0158467
16 0.390699 -0.0263154
16.5 0.310466 -0.0203646
17 0.329219 0.00730585
17.5 0.433573 0.0546405
18 0.569837 0.111836
18.5 0.669909 0.16432
19 0.684149 0.197845
19.5 0.603786 0.203441
20 0.462058 0.180078
20.5 0.315147 0.134147
21 0.214297 0.0763677
21.5 0.183958 0.0178462
22 0.216128 -0.0329411
22.5 0.281627 -0.0712464
23 0.350164 -0.0953831
23.5 0.407533 -0.10522
24 0.461206 -0.100873
24.5 0.532855 -0.0821711
25 0.643431 -0.0489041
25.5 0.799605 -0.0014821
26 0.988372 0.0583263
26.5 1.18121 0.126781
27 1.34399 0.197802
27.5 1.44672 0.263084
28 1.46912 0.312994
28.5 1.40202 0.338467
29 1.24715 0.333586
29.5 1.01829 0.298007
30 0.743414 0.238109
30.5 0.464692 0.166007
31 0.232485 0.0964806
31.5 0.0925202 0.0427799
32 0.0703013 0.0128936
32.5 0.160142 0.00770325
33 0.325342 0.0216253
33.5 0.510821 0.045286
34 0.662877 0.0689957
34.5 0.746798 0.0856314
35 0.75428 0.0919904
35.5 0.698541 0.0884711
36 0.60182 0.0776492
36.5 0.483651 0.0626712
37 0.356586 0.0462693
37.5 0.230337 0.0307252
38 0.119358 0.0185166
38.5 0.046578 0.0129594
39 0.0386431 0.0181196
39.5 0.113924 0.0376709
40 0.269841 0.0730373
40.5 0.477449 0.121736
41 0.687847 0.176968
41.5 0.848724 0.229022
42 0.923845 0.268187
42.5 0.906485 0.288001
43 0.820633 0.287397
43.5 0.709729 0.270761
44 0.618467 0.245907
44.5 0.576173 0.220951
45 0.588863 0.201487
45.5 0.642361 0.189159
46 0.713318 0.18191
46.5 0.781419 0.175438
47 0.836369 0.165024
47.5 0.876999 0.147077
48 0.904813 0.120125
48.5 0.917552 0.0852699
49 0.907931 0.0461461
49.5 0.868856 0.00831211
50 0.801603 -0.0219825
50.5 0.720802 -0.0394679
51 0.651536 -0.0414167
51.5 0.618736 -0.0284056
52 0.634286 -0.00385402
52.5 0.68941 0.027485
53 0.75733 0.0613261
53.5 0.805269 0.0950318
54 0.809291 0.127633
54.5 0.763731 0.158829
55 0.68035 0.187659
55.5 0.57861 0.211646
56 0.473765 0.226843
56.5 0.370309 0.228725
57 0.264362 0.213501
57.5 0.152501 0.179429
58 0.040266 0.127824
58.5 -0.056009 0.0635786
59 -0.115845 -0.00509332
59.5 -0.12578 -0.0680098
60 -0.0880209 -0.115588
60.5 -0.0210281 -0.142138
61 0.0485213 -0.14865
61.5 0.0977551 -0.143504
62 0.116835 -0.140026
62.5 0.110723 -0.151161
63 0.0935685 -0.183154
63.5 0.0800756 -0.231122
64 0.0793133 -0.278993
64.5 0.0940219 -0.304598
65 0.12436 -0.288264
65.5 0.172111 -0.221459
66 0.241484 -0.111679
66.5 0.335507 0.0187289
67 0.450515 0.139574
67.5 0.572942 0.222887
68 0.681371 0.252035
68.5 0.753455 0.22643
69 0.774259 0.160365
69.5 0.741611 0.0770058
70 0.665945 0.00039024
70.5 0.565309 -0.0513466
71 0.458734 -0.0693239
71.5 0.361386 -0.0535
72 0.283066 -0.00981133
72.5 0.229155 0.0530817
73 0.201875 0.125829
73.5 0.200374 0.198817
74 0.21993 0.261842
74.5 0.251815 0.304408
75 0.285058 0.317576
75.5 0.30963 0.29707
76 0.319089 0.246208
76.5 0.310734 0.176765
77 0.283242 0.106583
77.5 0.234063 0.054255
78 0.159724 0.032811
78.5 0.0603692 0.045065
79 -0.0535509 0.0827447
79.5 -0.157344 0.129839
80 -0.21554 0.168662
80.5 -0.193639 0.185932
81 -0.0738154 0.17633
81.5 0.133232 0.142429
82 0.38719 0.0917411
82.5 0.629682 0.0328745
83 0.803853 -0.027179
83.5 0.873274 -0.0837259
84 0.832071 -0.133549
84.5 0.702982 -0.173946
85 0.526096 -0.202732
85.5 0.344734 -0.219247
86 0.194623 -0.225353
86.5 0.0989904 -0.225185
87 0.0682867 -0.223205
87.5 0.101424 -0.221454
88 0.186517 -0.217716
88.5 0.301634 -0.206075
89 0.417737 -0.180014
89.5 0.505294 -0.13658
90 0.543458 -0.0793017
90.5 0.528121 -0.0180573
91 0.474626 0.0342932
91.5 0.413036 0.0669304
92 0.377511 0.0752666
92.5 0.394184 0.0623207
93 0.472517 0.0368251
93.5 0.603138 0.00926166
94 0.762061 -0.0121154
94.5 0.918844 -0.0235329
95 1.04553 -0.0256302
95.5 1.12402 -0.0216949
96 1.15077 -0.0154589
96.5 1.13789 -0.00955472
97 1.11022 -0.00505988
97.5 1.09762 -0.00188987
98 1.12377 0.000512721
98.5 1.19442 0.00264347
99 1.29066 0.0047129
99.5 1.37164 0.00665749
100 1.38828 0.00825055
100.5 1.30373 0.00923941
101 1.11208 0.00948953
101.5 0.846146 0.00910138
102 0.569242 0.00842551
102.5 0.353386 0.00791683
103 0.253039 0.00786874
103.5 0.285917 0.00818268
104 0.429047 0.00835288
104.5 0.630822 0.00773206
105 0.832398 0.00595353
105.5 0.988229 0.00325442
106 1.07745 0.000476711
106.5 1.10345 -0.00128968
107 1.08501 -0.00123636
107.5 1.04506 0.000756234
108 1.00254 0.00405437
108.5 0.968831 0.00756675
109 0.94764 0.0102202
109.5 0.93583 0.0113616
110 0.924353 0.010914
110.5 0.900017 0.0092743
111 0.849447 0.00707478
111.5 0.765141 0.00495553
112 0.651284 0.00343171
112.5 0.525879 0.00284511
113 0.416851 0.00334095
113.5 0.352805 0.00483018
114 0.352208 0.00695426
114.5 0.415986 0.009108
115 0.527074 0.0105635
115.5 0.657119 0.010682
116 0.777081 0.00914011
116.5 0.866797 0.00607598
117 0.919263 0.00208875
117.5 0.938159 -0.00191438
118 0.930454 -0.00496979
118.5 0.898436 -0.00632554
119 0.835952 -0.00564959
119.5 0.731786 -0.0031296
120 0.579466 0.000552748
120.5 0.388892 0.00436632
121 0.193004 0.0071697
121.5 0.043821 0.00800184
122 -0.0031727 0.00635967
122.5 0.0889033 0.00238221
123 0.319687 -0.00313356
123.5 0.646225 -0.00891957
124 0.995332 -0.0135922
124.5 1.28949 -0.0160697
125 1.47496 -0.0159036
125.5 1.53927 -0.0133973
126 1.5104 -0.00946615
126.5 1.43926 -0.00529817
127 1.37527 -0.00196162
127.5 1.34707 -0.000115829
128 1.35646 7.91975e-05
128.5 1.38557 -0.00113661
129 1.41071 -0.0033161
129.5 1.41436 -0.00597166
130 1.39019 -0.0086456
130.5 1.34125 -0.0108967
131 1.27539 -0.0122773
131.5 1.20196 -0.0123747
132 1.13105 -0.0109344
132.5 1.07384 -0.00800834
133 1.04159 -0.00403661
133.5 1.04258 0.000206885
134 1.07865 0.00380324
134.5 1.14358 0.00594323
135 1.22479 0.00614968
135.5 1.3071 0.00439336
136 1.37647 0.00108016
136.5 1.42207 -0.00306506
137 1.43686 -0.00717291
137.5 1.41812 -0.0104209
138 1.3689 -0.0122096
138.5 1.29961 -0.0122929
139 1.22715 -0.0108276
139.5 1.17022 -0.00831995
140 1.14136 -0.00547429
140.5 1.13995 -0.00299027
141 1.15056 -0.00138038
141.5 1.14899 -0.000867781
142 1.11388 -0.00138454
142.5 1.03827 -0.00264624
143 0.934884 -0.00425926
143.5 0.832129 -0.00582742
144 0.762693 -0.00704526
144.5 0.750018 -0.00777
145 0.798744 -0.00805004
145.5 0.892762 -0.00807862
146 1.00087 -0.0080668
146.5 1.08724 -0.0080912
147 1.12277 -0.00802276
147.5 1.09386 -0.00762362
148 1.00621 -0.00678872
148.5 0.882635 -0.00576599
149 0.755016 -0.00512838
149.5 0.652844 -0.00538225
150 0.59215 -0.00635747
150.5 0.569657 -0.00677894
151 0.565309 -0.00446299
151.5 0.552796 0.00269336
152 0.513477 0.0152586
152.5 0.446856 0.0311098
153 0.371977 0.0453887
153.5 0.318636 0.0519402
154 0.312663 0.0458254
154.5 0.362782 0.0258148
155 0.455698 -0.00440518
155.5 0.561687 -0.0370781
156 0.647483 -0.0630758
156.5 0.68978 -0.075322
157 0.682918 -0.0714174
157.5 0.637859 -0.0543062
158 0.574187 -0.0307417
158.5 0.510055 -0.00832484
159 0.4553 0.00752268
159.5 0.410508 0.0153635
160 0.371376 0.0177003
160.5 0.334991 0.019316
161 0.304075 0.0248914
161.5 0.286761 0.0369759
162 0.292132 0.0550926
162.5 0.324154 0.0761788
163 0.377513 0.0959857
163.5 0.437826 0.110718
164 0.486369 0.118192
164.5 0.507079 0.118101
165 0.49246 0.11141
165.5 0.445741 0.0993323
166 0.37876 0.0824835
166.5 0.30719 0.0607108
167 0.245732 0.0336837
167.5 0.205162 0.00191842
168 0.191479 -0.0323771
168.5 0.206031 -0.0651995
169 0.245544 -0.091595
169.5 0.302138 -0.107172
170 0.364597 -0.109644
170.5 0.421936 -0.0997072
171 0.468559 -0.0808672
171.5 0.508121 -0.0582799
172 0.552619 -0.0370971
172.5 0.615352 -0.0209763
173 0.700397 -0.0112808
173.5 0.79468 -0.00717133
174 0.868759 -0.00642908
174.5 0.888292 -0.00660566
175 0.831753 -0.00603553
175.5 0.705146 -0.00435924
176 0.544623 -0.00242265
176.5 0.403689 -0.00165911
177 0.330038 -0.00325214
177.5 0.343333 -0.00745063
178 0.425419 -0.0133369
178.5 0.528261 -0.0191453
179 0.595682 -0.0229776
179.5 0.587957 -0.0235764
180 0.497328 -0.0207967
180.5 0.347871 -0.0155737
181 0.181495 -0.00944378
181.5 0.0384783 -0.00388585
182 -0.0576376 0.000191451
182.5 -0.104731 0.00261249
183 -0.116575 0.00375399
183.5 -0.112234 0.00419787
184 -0.106676 0.00443445
184.5 -0.106561 0.00474241
185 -0.111329 0.00523387
185.5 -0.117045 0.00596056
186 -0.120085 0.0069776
186.5 -0.119129 0.00832732
187 -0.115595 0.00997694
187.5 -0.113299 0.0117709
188 -0.117662 0.0134385
188.5 -0.134142 0.0146607
189 -0.165614 0.0151689
189.5 -0.209431 0.0148422
190 -0.255931 0.0137594
190.5 -0.29015 0.0121722
191 -0.296985 0.0103831
191.5 -0.267801 0.00856843
192 -0.204983 0.00664623
192.5 -0.121524 0.00430027
193 -0.0353214 0.00119882
193.5 0.039037 -0.00269831
194 0.0964684 -0.00696196
194.5 0.142076 -0.0108321
195 0.185999 -0.0136576
195.5 0.235634 -0.0153648
196 0.289985 -0.0165772
196.5 0.33956 -0.018191
197 0.371708 -0.0206268
197.5 0.377956 -0.0233313
198 0.358774 -0.0250804
198.5 0.322954 -0.0251236
199 0.282278 -0.0244819
199.5 0.244972 -0.0262778
200 0.211957 -0.0343068
200.5 0.177821 -0.0501154
201 0.135361 -0.0700939
201.5 0.0805576 -0.0846501
202 0.0150538 -0.0808414
202.5 -0.0546762 -0.0480525
203 -0.120039 0.0156566
203.5 -0.172655 0.0998532
204 -0.205064 0.183173
204.5 -0.210426 0.240036
205 -0.182901 0.250084
205.5 -0.119798 0.20621
206 -0.0247553 0.117568
206.5 0.0903382 0.00623827
207 0.206858 -0.100816
207.5 0.304643 -0.180867
208 0.368672 -0.221841
208.5 0.393718 -0.223918
209 0.384497 -0.196583
209.5 0.351418 -0.15328
210 0.304666 -0.106325
210.5 0.250179 -0.0639428
211 0.18959 -0.0298109
211.5 0.123567 -0.00434114
212 0.0558008 0.0135482
212.5 -0.00527612 0.025103
213 -0.0483356 0.0311702
213.5 -0.063542 0.0322304
214 -0.0470462 0.0286906
214.5 -0.00332731 0.0211907
215 0.0555074 0.0108183
215.5 0.112886 -0.000813126
216 0.152112 -0.011688
216.5 0.160738 -0.0197709
217 0.134178 -0.023601
217.5 0.0778776 -0.022891
218 0.00712315 -0.0188227
218.5 -0.0563123 -0.0137855
219 -0.0905583 -0.0105384
219.5 -0.0813355 -0.0110665
220 -0.0278863 -0.015612
220.5 0.0558311 -0.0223467
221 0.145809 -0.027906
221.5 0.216813 -0.0286173
222 0.25148 -0.0219169
222.5 0.245636 -0.00732464
223 0.20779 0.0134555
223.5 0.153807 0.0373155
224 0.0999558 0.0609624
224.5 0.0577983 0.0819251
225 0.0326904 0.098876
225.5 0.0253121 0.111261
226 0.0341842 0.118703
226.5 0.0572283 0.120778
227 0.0917524 0.117449
227.5 0.13363 0.109843
228 0.176939 0.100656
228.5 0.214753 0.0935525
229 0.24077 0.0915703
229.5 0.250849 0.0953505
230 0.243703 0.102344
230.5 0.220685 0.107747
231 0.185168 0.106872
231.5 0.142017 0.0977143
232 0.0971891 0.0821652
232.5 0.0570774 0.0651218
233 0.0272803 0.051992
233.5 0.0110145 0.0461482
234 0.00793963 0.0478928
234.5 0.0142148 0.055469
235 0.0240155 0.0672223
235.5 0.0318702 0.0831883
236 0.0346477 0.104755
236.5 0.0322256 0.132428
237 0.0266708 0.163198
237.5 0.0206146 0.189558
238 0.0158513 0.201378
238.5 0.0128551 0.190121
239 0.0111946 0.153298
239.5 0.0102692 0.096709
240 0.00973911 0.0330658
240.5 0.00943261 -0.0225141
241 0.00899997 -0.0580178
241.5 0.00777058 -0.0685225
242 0.00504405 -0.0570345
242.5 0.000632834 -0.0322109
243 -0.00477934 -0.00440575
243.5 -0.00979469 0.0180284
244 -0.0129372 0.0307867
244.5 -0.013385 0.0336685
245 -0.0113489 0.0292441
245.5 -0.00789061 0.0211045
246 -0.0043353 0.0124727
246.5 -0.00165755 0.00548538
247 -0.000177212 0.00106322
247.5 0.000344835 -0.000872396
248 0.000372696 -0.00103294
248.5 0.000280113 -0.000360071
249 0.000222265 0.00033789
249.5 0.000193281 0.000625549
250 0.000151562 0.0004854
250.5 9.59316e-05 0.00017017
251 5.8409e-05 -3.83695e-05
251.5 5.85468e-05 -1.85116e-05
252 8.03778e-05 0.00015373
252.5 9.20334e-05 0.0003091
253 8.05369e-05 0.000330914
253.5 6.36879e-05 0.00023107
254 6.90306e-05 0.000114755
254.5 0.000103592 8.1125e-05
255 0.000145016 0.000146892
255.5 0.000161807 0.000247539
256 0.000142292 0.000301981
256.5 0.000105041 0.000279394
257 8.21964e-05 0.000215069
257.5 9.21844e-05 0.000170961
258 0.000126404 0.000181403
258.5 0.000160084 0.000230131
259 0.000175294 0.000272317
259.5 0.000174624 0.000276513
260 0.000174592 0.000248686
260.5 0.000187085 0.000220862
261 0.000207187 0.000218935
261.5 0.000218299 0.000239933
262 0.000208632 0.000257228
262.5 0.000182958 0.000246194
263 0.000158661 0.000206107
263.5 0.000150064 0.000159803
264 0.000155683 0.000133421
264.5 0.000159938 0.000135258
265 0.000147516 0.000151615
265.5 0.000117362 0.00016132
266 8.40714e-05 0.000154623
266.5 6.59698e-05 0.00013988
267 7.07268e-05 0.000133564
267.5 9.0791e-05 0.000143824
268 0.000111676 0.0001625
268.5 0.00012485 0.000171985
269 0.000133695 0.000160176
269.5 0.000147973 0.00013044
270 0.000172714 9.87798e-05
270.5 0.000201972 8.16492e-05
271 0.0002229 8.50628e-05
271.5 0.000226129 0.000103261
272 0.000213087 0.000126207
272.5 0.00019411 0.000148057
273 0.000179606 0.000169214
273.5 0.000172392 0.000191395
274 0.000167669 0.000211632
274.5 0.000159853 0.000221569
275 0.000149453 0.000213064
275.5 0.000143599 0.000185099
276 0.000149927 0.000145855
276.5 0.000169567 0.000108098
277 0.000195578 8.17141e-05
277.5 0.000218115 6.92211e-05
278 0.000231659 6.70003e-05
278.5 0.000238097 7.00165e-05
279 0.000243388 7.53723e-05
279.5 0.000251259 8.20389e-05
280 0.000259635 8.82161e-05
280.5 0.000262719 8.99998e-05
281 0.000256475 8.34272e-05
281.5 0.000242488 6.82442e-05
282 0.000227033 4.95829e-05
282.5 0.000216553 3.52649e-05
283 0.000213714 3.03449e-05
283.5 0.00021711 3.32313e-05
284 0.000224027 3.67549e-05
284.5 0.000232978 3.36225e-05
285 0.000243457 2.2123e-05
285.5 0.000253591 7.71996e-06
286 0.000258805 -5.83887e-07
286.5 0.000253844 3.7465e-06
287 0.000237141 2.07917e-05
287.5 0.000213803 4.46897e-05
288 0.000194042 6.7611e-05
288.5 0.000187513 8.39504e-05
289 0.000197483 9.20648e-05
289.5 0.000219163 9.33179e-05
290 0.000243318 9.01659e-05
290.5 0.00026223 8.50518e-05
291 0.000273547 8.03728e-05
291.5 0.000279634 7.84841e-05
292 0.000283815 8.08535e-05
292.5 0.000287107 8.67669e-05
293 0.000288042 9.29547e-05
293.5 0.000285117 9.50481e-05
294 0.000279133 9.0206e-05
294.5 0.000273148 7.90436e-05
295 0.000270179 6.53223e-05
295.5 0.000270908 5.35592e-05
296 0.000273518 4.63359e-05
296.5 0.000275639 4.32571e-05
297 0.000276449 4.20975e-05
297.5 0.00027691 4.09305e-05
298 0.00027806 3.94114e-05
298.5 0.000279232 3.8339e-05
299 0.000278211 3.82054e-05
299.5 0.000273488 3.82452e-05
300 0.00026664 3.68936e-05
300.5 0.000262487 3.31847e-05
301 0.000266409 2.77512e-05
301.5 0.000280658 2.24823e-05
302 0.000302495 1.91206e-05
302.5 0.000325597 1.8008e-05
303 0.000343697 1.80096e-05
303.5 0.000353778 1.75695e-05
304 0.000356737 1.59038e-05
304.5 0.00035555 1.33329e-05
305 0.000352788 1.06433e-05
305.5 0.00034945 8.27204e-06
306 0.000345563 6.18937e-06
306.5 0.000341448 4.57902e-06
307 0.000338214 4.54028e-06
307.5 0.000337072 7.91591e-06
308 0.000338332 1.61192e-05
308.5 0.000341204 2.88042e-05
309 0.000344608 4.35009e-05
309.5 0.000348149 5.66409e-05
310 0.000352183 6.53093e-05
310.5 0.00035688 6.84959e-05
311 0.000361234 6.70542e-05
311.5 0.000363195 6.26095e-05
312 0.000361061 5.64111e-05
312.5 0.000355041 4.89993e-05
313 0.000347555 4.07387e-05
313.5 0.000341801 3.25052e-05
314 0.000339618 2.57518e-05
314.5 0.000340302 2.18154e-05
315 0.000341313 2.10476e-05
315.5 0.000340282 2.25221e-05
316 0.000336677 2.45791e-05
316.5 0.000331884 2.57835e-05
317 0.000327818 2.55929e-05
317.5 0.000325343 2.43552e-05
318 0.00032384 2.28306e-05
318.5 0.000322093 2.17335e-05
319 0.000319561 2.16014e-05
319.5 0.000316805 2.28673e-05
320 0.000314764 2.58003e-05
320.5 0.00031363 3.01928e-05
321 0.000312455 3.50686e-05
321.5 0.000309915 3.88389e-05
322 0.000305593 4.00324e-05
322.5 0.000300677 3.82044e-05
323 0.00029745 3.43674e-05
323.5 0.000298004 3.05566e-05
324 0.000303161 2.87585e-05
324.5 0.000312331 2.9904e-05
325 0.000324181 3.35617e-05
325.5 0.000337388 3.84361e-05
326 0.000350885 4.32097e-05
326.5 0.000363669 4.71178e-05
327 0.000374697 4.99709e-05
327.5 0.000383217 5.18219e-05
328 0.000389292 5.2692e-05
328.5 0.000393872 5.25893e-05
329 0.000398078 5.16959e-05
329.5 0.000402106 5.04234e-05
330 0.000404676 4.91963e-05
330.5 0.000403659 4.81322e-05
331 0.000397599 4.69346e-05
331.5 0.000387035 4.51445e-05
332 0.000374605 4.25686e-05
332.5 0.000363764 3.95234e-05
333 0.000357017 3.66833e-05
333.5 0.000354848 3.46582e-05
334 0.000355933 3.36545e-05
334.5 0.000358248 3.34815e-05
335 0.000360109 3.38458e-05
335.5 0.000360483 3.46266e-05
336 0.000358724 3.58629e-05
336.5 0.00035435 3.748e-05
337 0.000347343 3.90448e-05
337.5 0.000338736 3.98347e-05
338 0.000330784 3.92293e-05
338.5 0.000326242 3.71345e-05
339 0.000326986 3.4102e-05
339.5 0.000332858 3.10463e-05
340 0.000341552 2.87818e-05
340.5 0.000349639 2.77175e-05
341 0.000354076 2.78755e-05
341.5 0.000353292 2.91085e-05
342 0.000347398 3.12475e-05
342.5 0.000337728 3.40366e-05
343 0.000326278 3.69729e-05
343.5 0.000315331 3.93014e-05
344 0.000307186 4.02942e-05
344.5 0.000303672 3.96639e-05
345 0.000305466 3.77906e-05
345.5 0.000311587 3.55458e-05
346 0.000319608 3.38014e-05
346.5 0.000326652 3.29655e-05
347 0.000330663 3.28637e-05
347.5 0.000331158 3.30163e-05
348 0.000329002 3.30621e-05
348.5 0.000325474 3.30004e-05
349 0.000321367 3.31061e-05
349.5 0.000316755 3.36507e-05
350 0.00031149 3.46877e-05
350.5 0.000305876 3.6061e-05
351 0.000300942 3.75684e-05
351.5 0.000298098 3.90891e-05
352 0.000298516 4.05488e-05
352.5 0.000302686 4.1784e-05
353 0.00031037 4.24807e-05
353.5 0.00032074 4.23011e-05
354 0.000332424 4.11324e-05
354.5 0.000343423 3.92686e-05
355 0.00035118 3.73749e-05
355.5 0.000353138 3.62531e-05
356 0.000347702 3.65631e-05
356.5 0.000335119 3.86502e-05
357 0.000317644 4.24988e-05
357.5 0.000298789 4.77278e-05
358 0.000282024 5.35601e-05
358.5 0.000269661 5.88279e-05
359 0.000262422 6.21543e-05
359.5 0.000259685 6.23811e-05
360 0.000259989 5.91049e-05
360.5 0.000261413 5.30167e-05
361 0.000261809 4.57755e-05
361.5 0.000259176 3.93998e-05
362 0.000252337 3.54643e-05
362.5 0.000241668 3.45208e-05
363 0.000229306 3.60276e-05
363.5 0.00021843 3.87656e-05
364 0.00021179 4.14647e-05
364.5 0.000210293 4.33027e-05
365 0.000212502 4.40913e-05
365.5 0.000215415 4.41632e-05
366 0.000216024 4.40996e-05
366.5 0.000212741 4.44386e-05
367 0.000205859 4.54433e-05
367.5 0.000196976 4.69795e-05
368 0.000187863 4.85486e-05
368.5 0.000179564 4.95001e-05
369 0.000172171 4.93628e-05
369.5 0.000165223 4.81304e-05
370 0.000158351 4.63106e-05
370.5 0.000151743 4.46644e-05
371 0.00014623 4.37677e-05
371.5 0.000142996 4.36702e-05
372 0.000143044 4.38864e-05
372.5 0.000146644 4.37306e-05
373 0.000152983 4.27667e-05
373.5 0.000160268 4.10636e-05
374 0.000166345 3.90897e-05
374.5 0.000169617 3.73438e-05
375 0.000169752 3.59997e-05
375.5 0.000167714 3.4813e-05
376 0.000165002 3.33306e-05
376.5 0.000162546 3.12284e-05
377 0.000160012 2.85315e-05
377.5 0.000156036 2.55847e-05
378 0.000149295 2.28351e-05
378.5 0.00013967 2.06052e-05
379 0.000128689 1.90073e-05
379.5 0.000118872 1.80211e-05
380 0.000112415 1.76388e-05
380.5 0.000110072 1.79497e-05
381 0.000110953 1.91043e-05
381.5 0.00011328 2.1182e-05
382 0.000115518 2.40442e-05
382.5 0.000117101 2.72575e-05
383 0.000118344 3.01393e-05
383.5 0.000119757 3.19387e-05
384 0.000121337 3.21098e-05
384.5 0.000122359 3.05781e-05
385 0.000121775 2.786e-05
385.5 0.000118911 2.49249e-05
386 0.000114024 2.28023e-05
386.5 0.000108388 2.20933e-05
387 0.000103891 2.26433e-05
387.5 0.000102309 2.35825e-05
388 0.000104532 2.37518e-05
388.5 0.000110041 2.23055e-05
389 0.000116846 1.91711e-05
389.5 0.000122026 1.51229e-05
390 0.000122728 1.14484e-05
390.5 0.000117288 9.39761e-06
391 0.000105965 9.69359e-06
391.5 9.09279e-05 1.22999e-05
392 7.54815e-05 1.6479e-05
392.5 6.29105e-05 2.10485e-05
393 5.54702e-05 2.47085e-05
393.5 5.39086e-05 2.63538e-05
394 5.75564e-05 2.53276e-05
394.5 6.47526e-05 2.15793e-05
395 7.33401e-05 1.56788e-05
395.5 8.11233e-05 8.65406e-06
396 8.63209e-05 1.68904e-06
396.5 8.80178e-05 -4.20762e-06
397 8.64653e-05 -8.42794e-06
397.5 8.29885e-05 -1.08073e-05
398 7.93974e-05 -1.15119e-05
398.5 7.71168e-05 -1.08716e-05
399 7.64992e-05 -9.2532e-06
399.5 7.67422e-05 -7.00228e-06
400 7.64703e-05 -4.41705e-06
400.5 7.46175e-05 -1.71324e-06
401 7.10538e-05 1.01417e-06
401.5 6.65922e-05 3.78381e-06
402 6.24297e-05 6.64131e-06
402.5 5.94217e-05 9.52595e-06
403 5.76302e-05 1.2183e-05
403.5 5.6345e-05 1.42053e-05
404 5.44645e-05 1.52054e-05
404.5 5.09671e-05 1.50226e-05
405 4.52541e-05 1.38375e-05
405.5 3.72974e-05 1.21272e-05
406 2.76256e-05 1.04976e-05
406.5 1.7186e-05 9.50126e-06
407 7.09718e-06 9.53031e-06
407.5 -1.66461e-06 1.07953e-05
408 -8.53059e-06 1.33304e-05
408.5 -1.34173e-05 1.69643e-05
409 -1.65744e-05 2.12632e-05
409.5 -1.83207e-05 2.55188e-05
410 -1.88758e-05 2.88663e-05
410.5 -1.84056e-05 3.0537e-05
411 -1.71934e-05 3.01539e-05
411.5 -1.57048e-05 2.79168e-05
412 -1.43854e-05 2.4562e-05
412.5 -1.32874e-05 2.10896e-05
413 -1.18424e-05 1.83738e-05
413.5 -9.07067e-06 1.68347e-05
414 -4.20787e-06 1.63224e-05
414.5 2.62341e-06 1.62689e-05
415 1.01867e-05 1.60348e-05
415.5 1.65771e-05 1.52852e-05
416 2.01085e-05 1.42075e-05
416.5 2.00976e-05 1.34453e-05
417 1.7073e-05 1.37552e-05
417.5 1.23476e-05 1.55362e-05
418 7.31827e-06 1.84675e-05
418.5 2.98464e-06 2.14621e-05
419 -6.93064e-08 2.30023e-05
419.5 -1.38768e-06 2.17302e-05
420 -4.27353e-07 1.70328e-05
420.5 3.32395e-06 9.34969e-06
421 9.97103e-06 6.75752e-08
421.5 1.89116e-05 -8.94426e-06
422 2.89187e-05 -1.59448e-05
422.5 3.86189e-05 -1.98282e-05
423 4.70719e-05 -2.03534e-05
423.5 5.40722e-05 -1.80586e-05
424 5.99897e-05 -1.39479e-05
424.5 6.52848e-05 -9.09908e-06
425 7.00361e-05 -4.33905e-06
425.5 7.37792e-05 -8.84888e-08
426 7.57383e-05 3.59623e-06
426.5 7.52917e-05 6.82948e-06
427 7.24088e-05 9.65811e-06
427.5 6.78368e-05 1.19033e-05
428 6.29474e-05 1.31666e-05
428.5 5.92913e-05 1.2994e-05
429 5.80129e-05 1.11042e-05
429.5 5.93428e-05 7.5488e-06
430 6.23944e-05 2.72323e-06
430.5 6.54108e-05 -2.75942e-06
431 6.6424e-05 -8.23752e-06
431.5 6.40764e-05 -1.31137e-05
432 5.82276e-05 -1.68786e-05
432.5 5.00407e-05 -1.90949e-05
433 4.14969e-05 -1.94253e-05
433.5 3.45847e-05 -1.77386e-05
434 3.05771e-05 -1.42483e-05
434.5 2.97308e-05 -9.58065e-06
435 3.14882e-05 -4.69402e-06
435.5 3.49832e-05 -6.47169e-07
436 3.95226e-05 1.69865e-06
436.5 4.47826e-05 1.9315e-06
437 5.06627e-05 2.11073e-07
437.5 5.69408e-05 -2.76289e-06
438 6.29745e-05 -5.91599e-06
438.5 6.76621e-05 -8.05956e-06
439 6.97407e-05 -8.19878e-06
439.5 6.83226e-05 -5.82296e-06
440 6.34239e-05 -1.09111e-06
440.5 5.61971e-05 5.16723e-06
441 4.86781e-05 1.1661e-05
441.5 4.30902e-05 1.69938e-05
442 4.09985e-05 2.00375e-05
442.5 4.27278e-05 2.01947e-05
443 4.73476e-05 1.74893e-05
443.5 5.32143e-05 1.25114e-05
444 5.87419e-05 6.2811e-06
444.5 6.29567e-05 7.31917e-08
445 6.55654e-05 -4.8042e-06
445.5 6.66175e-05 -7.29569e-06
446 6.61162e-05 -6.91119e-06
446.5 6.39278e-05 -3.9483e-06
447 6.00653e-05 5.1635e-07
447.5 5.50946e-05 4.92859e-06
448 5.02797e-05 7.76231e-06
448.5 4.72555e-05 8.01757e-06
449 4.73557e-05 5.49439e-06
449.5 5.09745e-05 7.49548e-07
450 5.73268e-05 -5.1861e-06
450.5 6.47175e-05 -1.11511e-05
451 7.11373e-05 -1.61071e-05
451.5 7.4878e-05 -1.92696e-05
452 7.49405e-05 -2.01864e-05
452.5 7.11952e-05 -1.88377e-05
453 6.43652e-05 -1.57407e-05
453.5 5.5886e-05 -1.19459e-05
454 4.76169e-05 -8.80558e-06
454.5 4.13763e-05 -7.51671e-06
455 3.83821e-05 -8.60332e-06
455.5 3.88145e-05 -1.16033e-05
456 4.17459e-05 -1.51631e-05
456.5 4.55238e-05 -1.75481e-05
457 4.84461e-05 -1.73575e-05
457.5 4.93975e-05 -1.4111e-05
458 4.81484e-05 -8.43657e-06
458.5 4.52277e-05 -1.78017e-06
459 4.15201e-05 4.20737e-06
459.5 3.78483e-05 8.31458e-06
460 3.47328e-05 1.01597e-05
460.5 3.23648e-05 1.01865e-05
461 3.07006e-05 9.31977e-06
461.5 2.9573e-05 8.48326e-06
462 2.87697e-05 8.2184e-06
462.5 2.80887e-05 8.56134e-06
463 2.73838e-05 9.18494e-06
463.5 2.65901e-05 9.68009e-06
464 2.57064e-05 9.79983e-06
464.5 2.47465e-05 9.54213e-06
465 2.37042e-05 9.0623e-06
465.5 2.25761e-05 8.51017e-06
466 2.14295e-05 7.91786e-06
466.5 2.04448e-05 7.21009e-06
467 1.98642e-05 6.31283e-06
467.5 1.98482e-05 5.26758e-06
468 2.03303e-05 4.26106e-06
468.5 2.09834e-05 3.54687e-06
469 2.13383e-05 3.31315e-06
469.5 2.09891e-05 3.58471e-06
470 1.97529e-05 4.21838e-06
470.5 1.76965e-05 4.9846e-06
471 1.50433e-05 5.67667e-06
471.5 1.2057e-05 6.1834e-06
472 8.99108e-06 6.49828e-06
472.5 6.1072e-06 6.68299e-06
473 3.69512e-06 6.82326e-06
473.5 2.02489e-06 7.00264e-06
474 1.23952e-06 7.29369e-06
474.5 1.26989e-06 7.75055e-06
475 1.85445e-06 8.39274e-06
475.5 2.66703e-06 9.18644e-06
476 3.4664e-06 1.00381e-05
476.5 4.1629e-06 1.08099e-05
477 4.76682e-06 1.13509e-05
477.5 5.28147e-06 1.15316e-05
478 5.64281e-06 1.12693e-05
478.5 5.75631e-06 1.05427e-05
479 5.58804e-06 9.39809e-06
479.5 5.21687e-06 7.94572e-06
480 4.79228e-06 6.342e-06
480.5 4.43089e-06 4.75456e-06
481 4.14229e-06 3.31978e-06
481.5 3.84864e-06 2.11176e-06
482 3.47714e-06 1.13945e-06
482.5 3.03951e-06 3.72667e-07
483 2.62599e-06 -2.20773e-07
483.5 2.32176e-06 -6.51046e-07
484 2.12491e-06 -9.08245e-07
484.5 1.94345e-06 -9.83341e-07
485 1.67596e-06 -8.88898e-07
485.5 1.30299e-06 -6.64232e-07
486 9.06941e-07 -3.64688e-07
486.5 6.02879e-07 -4.67302e-08
487 4.43533e-07 2.40215e-07
487.5 3.83503e-07 4.54798e-07
488 3.32064e-07 5.65804e-07
488.5 2.42426e-07 5.60927e-07
489 1.53148e-07 4.57271e-07
489.5 1.43425e-07 3.01464e-07
490 2.45135e-07 1.52327e-07
490.5 3.95669e-07 5.34957e-08
491 4.78722e-07 1.39891e-08
491.5 4.19339e-07 1.09618e-08
492 2.48845e-07 1.23426e-08
492.5 8.11815e-08 1.5517e-09
493 2.10344e-08 -1.45303e-08
493.5 8.41844e-08 -1.85494e-08
494 1.97754e-07 -3.16791e-09
494.5 2.75102e-07 1.97886e-08
495 2.94005e-07 2.91528e-08
495.5 3.07117e-07 1.33806e-08
496 3.78608e-07 -1.91182e-08
496.5 5.09643e-07 -4.76447e-08
497 6.24785e-07 -5.74837e-08
497.5 6.33694e-07 -5.17672e-08
498 5.11839e-07 -4.61398e-08
498.5 3.25626e-07 -5.16215e-08
499 1.78173e-07 -6.22009e-08
499.5 1.24614e-07 -5.94392e-08
500 1.33355e-07 -3.0546e-08
