-1.998 -2.00392e-05 -5.27338e-07
-1.996 -6.25638e-05 -6.09394e-07
-1.994 -8.88664e-05 3.45152e-06
-1.992 -6.53826e-05 1.54289e-05
-1.99 9.69192e-06 3.5765e-05
-1.988 9.10714e-05 5.87701e-05
-1.986 9.16076e-05 7.26065e-05
-1.984 -8.99127e-05 6.32034e-05
-1.982 -0.000525222 2.14724e-05
-1.98 -0.00121151 -4.86488e-05
-1.978 -0.00204233 -0.000124944
-1.976 -0.00280929 -0.000167946
-1.974 -0.00324135 -0.00013012
-1.972 -0.00307655 2.76224e-05
-1.97 -0.00214925 0.000316052
-1.968 -0.000467652 0.000700696
-1.966 0.00174486 0.00109493
-1.964 0.00406476 0.00136847
-1.962 0.00594568 0.00137299
-1.96 0.0068466 0.000981032
-1.958 0.00638234 0.000129749
-1.956 0.00445681 -0.00114296
-1.954 0.00133853 -0.00268229
-1.952 -0.00235203 -0.00422953
-1.95 -0.00575313 -0.00546687
-1.948 -0.00795481 -0.00608782
-1.946 -0.00823393 -0.0058791
-1.944 -0.00627409 -0.00479353
-1.942 -0.00230988 -0.00299252
-1.94 0.00285293 -0.000841334
-1.938 0.00796281 0.00114973
-1.936 0.0115802 0.00243165
-1.934 0.0124178 0.00254991
-1.932 0.00968626 0.00127455
-1.93 0.00335933 -0.00130691
-1.928 -0.0057186 -0.00476215
-1.926 -0.0159261 -0.00836838
-1.924 -0.0251586 -0.011246
-1.922 -0.0312714 -0.0125492
-1.92 -0.0325796 -0.011675
-1.918 -0.0283006 -0.00844026
-1.916 -0.018826 -0.00318091
-1.914 -0.00574289 0.0032623
-1.912 0.00842546 0.00968078
-1.91 0.0207217 0.0147388
-1.908 0.0284025 0.0172713
-1.906 0.0295911 0.0165732
-1.904 0.0237798 0.0126118
-1.902 0.0120552 0.00610463
-1.9 -0.00303003 -0.00156756
-1.898 -0.0179321 -0.00860772
-1.896 -0.0288554 -0.0131686
-1.894 -0.0326034 -0.0137648
-1.892 -0.0273572 -0.00964072
-1.89 -0.0131975 -0.00100575
-1.888 0.00776406 0.0109289
-1.886 0.0317017 0.0241365
-1.884 0.0537942 0.0361588
-1.882 0.06921 0.0446138
-1.88 0.0741506 0.0477214
-1.878 0.0667225 0.044729
-1.876 0.0474386 0.0361379
-1.874 0.0192213 0.0236672
-1.872 -0.0131112 0.00994848
-1.87 -0.0437819 -0.00199746
-1.868 -0.0672278 -0.00939964
-1.866 -0.0792616 -0.0103567
-1.864 -0.0779697 -0.00429892
-1.862 -0.0641443 0.0078172
-1.86 -0.0411465 0.0236383
-1.858 -0.0142176 0.0398508
-1.856 0.0106156 0.0528404
-1.854 0.0278051 0.0594384
-1.852 0.0334404 0.0575962
-1.85 0.0260468 0.0468412
-1.848 0.00685108 0.0284114
-1.846 -0.0205392 0.00503144
-1.844 -0.0509678 -0.0196304
-1.842 -0.0788825 -0.0417135
-1.84 -0.0995454 -0.0579639
-1.838 -0.110024 -0.0664051
-1.836 -0.109738 -0.0667328
-1.834 -0.100436 -0.0603444
-1.832 -0.0856281 -0.0500009
-1.83 -0.0696134 -0.0391985
-1.828 -0.0563519 -0.0313921
-1.826 -0.0484643 -0.0292417
-1.824 -0.0466052 -0.0340451
-1.822 -0.0493677 -0.0454778
-1.82 -0.053748 -0.0616941
-1.818 -0.0560578 -0.0797643
-1.816 -0.0530608 -0.0963436
-1.814 -0.0430366 -0.108416
-1.812 -0.026483 -0.113933
-1.81 -0.00624235 -0.112205
-1.808 0.0130216 -0.103943
-1.806 0.0259046 -0.0909726
-1.804 0.027656 -0.0756914
-1.802 0.0155503 -0.0604265
-1.8 -0.0101136 -0.0468522
-1.798 -0.0456644 -0.035617
-1.796 -0.0844987 -0.0262682
-1.794 -0.118275 -0.0174926
-1.792 -0.138643 -0.00761114
-1.79 -0.139158 0.00480388
-1.788 -0.11693 0.020356
-1.786 -0.0736168 0.0384656
-1.784 -0.0154572 0.0573428
-1.782 0.0477379 0.0743275
-1.78 0.104471 0.0865292
-1.778 0.14395 0.0916109
-1.776 0.158482 0.088514
-1.774 0.145325 0.0779214
-1.772 0.107571 0.0623162
-1.77 0.05382 0.0455819
-1.768 -0.00337193 0.0322057
-1.766 -0.0499825 0.0262424
-1.764 -0.0734856 0.0302734
-1.762 -0.06566 0.0446142
-1.76 -0.0246239 0.06699
-1.758 0.0443964 0.0928024
-1.756 0.12979 0.115977
-1.754 0.215684 0.130238
-1.752 0.285062 0.130543
-1.75 0.323238 0.114352
-1.748 0.320966 0.082425
-1.746 0.276528 0.0389372
-1.744 0.196327 -0.0091687
-1.742 0.0938285 -0.0534884
-1.74 -0.0129915 -0.0858762
-1.738 -0.105195 -0.100219
-1.736 -0.166711 -0.0938678
-1.734 -0.187641 -0.0683845
-1.732 -0.166331 -0.0293988
-1.73 -0.109742 0.0144402
-1.728 -0.0320385 0.0532227
-1.726 0.0483247 0.0778878
-1.724 0.112414 0.0822298
-1.722 0.144723 0.0643595
-1.72 0.136374 0.0272823
-1.718 0.0869353 -0.0215636
-1.716 0.00448743 -0.071749
-1.714 -0.0960916 -0.112002
-1.712 -0.196249 -0.132621
-1.71 -0.277622 -0.127647
-1.708 -0.325803 -0.0962901
-1.706 -0.333201 -0.0432983
-1.704 -0.300383 0.0218626
-1.702 -0.235652 0.0868565
-1.7 -0.152986 0.138974
-1.698 -0.0688231 0.167751
-1.696 0.00156592 0.167163
-1.694 0.0473172 0.136909
-1.692 0.0641172 0.0825309
-1.69 0.0547838 0.0143168
-1.688 0.0281833 -0.0547945
-1.686 -0.00323536 -0.111868
-1.684 -0.0266846 -0.146633
-1.682 -0.0322697 -0.153572
-1.68 -0.0154259 -0.132991
-1.678 0.0220244 -0.0908298
-1.676 0.0724427 -0.0372789
-1.674 0.124426 0.0155006
-1.672 0.165833 0.0560305
-1.67 0.187047 0.0759714
-1.668 0.183648 0.0718558
-1.666 0.157825 0.0457401
-1.664 0.118113 0.00464997
-1.662 0.0774599 -0.0410523
-1.66 0.0500375 -0.0800204
-1.658 0.0475473 -0.102481
-1.656 0.0759197 -0.102434
-1.654 0.133265 -0.0790081
-1.652 0.209655 -0.0366702
-1.65 0.288907 0.0157414
-1.648 0.352047 0.0669427
-1.646 0.381733 0.105647
-1.644 0.366631 0.122989
-1.642 0.304687 0.11442
-1.64 0.204455 0.0806779
-1.638 0.084013 0.0276568
-1.636 -0.03242 -0.0347867
-1.634 -0.11955 -0.0948296
-1.632 -0.156672 -0.141061
-1.63 -0.132683 -0.164756
-1.628 -0.0492294 -0.161571
-1.626 0.0788113 -0.132347
-1.624 0.225812 -0.0828758
-1.622 0.360439 -0.0227223
-1.62 0.452277 0.0366018
-1.618 0.478645 0.0837375
-1.616 0.430077 0.109433
-1.614 0.313183 0.108018
-1.612 0.150107 0.0781803
-1.61 -0.0254646 0.0229818
-1.608 -0.175034 -0.0508177
-1.606 -0.263416 -0.13394
-1.604 -0.266538 -0.216027
-1.602 -0.177191 -0.287072
-1.6 -0.00742167 -0.338646
-1.598 0.213139 -0.364773
-1.596 0.442778 -0.362426
-1.594 0.636025 -0.331682
-1.592 0.753101 -0.275605
-1.59 0.768508 -0.199929
-1.588 0.676865 -0.112571
-1.586 0.494672 -0.0229627
-1.584 0.257468 0.0588053
-1.582 0.0128752 0.123047
-1.58 -0.189111 0.161688
-1.578 -0.306584 0.1695
-1.576 -0.314724 0.145181
-1.574 -0.211368 0.0920471
-1.572 -0.0179162 0.018118
-1.57 0.224744 -0.0645675
-1.568 0.464499 -0.141441
-1.566 0.648779 -0.197578
-1.564 0.735619 -0.220245
-1.562 0.702658 -0.201404
-1.56 0.552167 -0.139658
-1.558 0.31098 -0.0411793
-1.556 0.0252685 0.0806842
-1.554 -0.248804 0.207216
-1.552 -0.456624 0.317339
-1.55 -0.556432 0.391365
-1.548 -0.528009 0.414796
-1.546 -0.376898 0.381445
-1.544 -0.133301 0.295182
-1.542 0.154084 0.169882
-1.54 0.427958 0.0274324
-1.538 0.633954 -0.105899
-1.536 0.731421 -0.204141
-1.534 0.70124 -0.246471
-1.532 0.549102 -0.221327
-1.53 0.303656 -0.128938
-1.528 0.00999324 0.0182462
-1.526 -0.280013 0.197411
-1.524 -0.51837 0.379205
-1.522 -0.670302 0.53288
-1.52 -0.720283 0.631763
-1.518 -0.673658 0.658042
-1.516 -0.553708 0.605945
-1.514 -0.395098 0.482724
-1.512 -0.235331 0.307283
-1.51 -0.106214 0.106739
-1.508 -0.0272646 -0.0884044
-1.506 -0.00245598 -0.249558
-1.504 -0.0209205 -0.354848
-1.502 -0.0612723 -0.392556
-1.5 -0.0983234 -0.362637
-1.498 -0.11039 -0.276106
-1.496 -0.0852633 -0.152528
-1.494 -0.0233146 -0.0161737
-1.492 0.0630168 0.108368
-1.49 0.153138 0.200276
-1.488 0.224545 0.24559
-1.486 0.259731 0.238865
-1.484 0.251948 0.183272
-1.482 0.208221 0.0893192
-1.48 0.148684 -0.0274272
-1.478 0.102119 -0.149118
-1.476 0.0986191 -0.258405
-1.474 0.161049 -0.340801
-1.472 0.297485 -0.386351
-1.47 0.496686 -0.390483
-1.468 0.728019 -0.354095
-1.466 0.946201 -0.283027
-1.464 1.10008 -0.18712
-1.462 1.14361 -0.0790248
-1.46 1.04679 0.0271518
-1.458 0.803861 0.117341
-1.456 0.437094 0.179138
-1.454 -0.00525943 0.203485
-1.452 -0.45665 0.186255
-1.45 -0.844314 0.129438
-1.448 -1.10341 0.0416181
-1.446 -1.19024 -0.0625489
-1.444 -1.09174 -0.164012
-1.442 -0.829028 -0.242106
-1.44 -0.454142 -0.278139
-1.438 -0.040596 -0.259242
-1.436 0.330517 -0.181775
-1.434 0.586044 -0.0534858
-1.432 0.67486 0.106256
-1.43 0.577714 0.268551
-1.428 0.31084 0.399337
-1.426 -0.0774154 0.465467
-1.424 -0.516258 0.441448
-1.422 -0.926399 0.315516
-1.42 -1.2354 0.093693
-1.418 -1.39127 -0.199252
-1.416 -1.37167 -0.522474
-1.414 -1.18707 -0.825194
-1.412 -0.877525 -1.05542
-1.41 -0.50398 -1.16972
-1.408 -0.136122 -1.14218
-1.406 0.160787 -0.970619
-1.404 0.337469 -0.678657
-1.402 0.368447 -0.312819
-1.4 0.254874 0.0650512
-1.398 0.0222062 0.388833
-1.396 -0.286312 0.60063
-1.394 -0.618603 0.662266
-1.392 -0.923112 0.563428
-1.39 -1.15671 0.324639
-1.388 -1.28995 -0.00577473
-1.386 -1.30917 -0.360344
-1.384 -1.21588 -0.665239
-1.382 -1.02408 -0.854702
-1.38 -0.756729 -0.884274
-1.378 -0.442284 -0.740081
-1.376 -0.112052 -0.442192
-1.374 0.201479 -0.0412257
-1.372 0.465673 0.391269
-1.37 0.648886 0.776822
-1.368 0.722472 1.04569
-1.366 0.664145 1.15098
-1.364 0.462514 1.07827
-1.362 0.121976 0.848822
-1.36 -0.333417 0.515342
-1.358 -0.858599 0.151394
-1.356 -1.38989 -0.163672
-1.354 -1.85168 -0.361035
-1.352 -2.16701 -0.396648
-1.35 -2.27064 -0.260425
-1.348 -2.12233 0.0215434
-1.346 -1.71755 0.392214
-1.344 -1.09286 0.775226
-1.342 -0.32414 1.09055
-1.34 0.483178 1.27094
-1.338 1.21052 1.27578
-1.336 1.74676 1.09941
-1.334 2.00901 0.772293
-1.332 1.95946 0.354583
-1.33 1.61444 -0.0762846
-1.328 1.04349 -0.441538
-1.326 0.357908 -0.6771
-1.324 -0.309523 -0.74639
-1.322 -0.829875 -0.647288
-1.32 -1.10368 -0.411876
-1.318 -1.08142 -0.0991318
-1.316 -0.774585 0.217818
-1.314 -0.254351 0.467139
-1.312 0.362006 0.593163
-1.31 0.934765 0.567558
-1.308 1.33073 0.394534
-1.306 1.45158 0.109079
-1.304 1.2556 -0.231223
-1.302 0.768081 -0.558901
-1.3 0.0777996 -0.811011
-1.298 -0.679902 -0.942134
-1.296 -1.35028 -0.933245
-1.294 -1.79108 -0.794684
-1.292 -1.90256 -0.562786
-1.29 -1.6493 -0.291065
-1.288 -1.06899 -0.038036
-1.286 -0.266079 0.145606
-1.284 0.608626 0.227645
-1.282 1.38847 0.200585
-1.28 1.92522 0.0822369
-1.278 2.11988 -0.0892803
-1.276 1.9435 -0.264854
-1.274 1.44347 -0.395798
-1.272 0.733717 -0.444766
-1.27 -0.0291643 -0.393776
-1.268 -0.67904 -0.247633
-1.266 -1.07565 -0.032181
-1.264 -1.13491 0.21204
-1.262 -0.84764 0.43916
-1.26 -0.282648 0.608149
-1.258 0.426638 0.691509
-1.256 1.10938 0.680612
-1.254 1.59278 0.58663
-1.252 1.73838 0.437026
-1.25 1.47167 0.268602
-1.248 0.798867 0.118826
-1.246 -0.192722 0.0175185
-1.244 -1.3507 -0.0191866
-1.242 -2.48678 0.00869094
-1.24 -3.41331 0.0864609
-1.238 -3.97956 0.189601
-1.236 -4.10073 0.290567
-1.234 -3.77371 0.365775
-1.232 -3.07658 0.401012
-1.23 -2.15225 0.394021
-1.228 -1.17976 0.353719
-1.226 -0.339175 0.296418
-1.224 0.222676 0.240144
-1.222 0.418959 0.198627
-1.22 0.237148 0.17667
-1.218 -0.261473 0.168234
-1.216 -0.956435 0.157873
-1.214 -1.69343 0.125242
-1.212 -2.31501 0.0514964
-1.21 -2.69042 -0.0741111
-1.208 -2.73881 -0.249321
-1.206 -2.44153 -0.457088
-1.204 -1.84205 -0.667655
-1.202 -1.03397 -0.844255
-1.2 -0.140794 -0.951296
-1.198 0.708426 -0.963201
-1.196 1.40226 -0.871788
-1.194 1.86485 -0.690234
-1.192 2.06574 -0.452298
-1.19 2.02048 -0.206572
-1.188 1.78297 -0.00669748
-1.186 1.43172 0.100425
-1.184 1.05353 0.0857835
-1.182 0.727865 -0.0538966
-1.18 0.514838 -0.293592
-1.178 0.448354 -0.583572
-1.176 0.534666 -0.858649
-1.174 0.755452 -1.05133
-1.172 1.07383 -1.10622
-1.17 1.44161 -0.992549
-1.168 1.80644 -0.71214
-1.166 2.11787 -0.300691
-1.164 2.33206 0.178102
-1.162 2.41514 0.64467
-1.16 2.3458 1.01952
-1.158 2.1173 1.23969
-1.156 1.73939 1.27207
-1.154 1.23956 1.1208
-1.152 0.663112 0.826859
-1.15 0.0707283 0.45993
-1.148 -0.46706 0.104074
-1.146 -0.878783 -0.159835
-1.144 -1.10336 -0.271228
-1.142 -1.10196 -0.202839
-1.14 -0.867996 0.0332652
-1.138 -0.432626 0.388003
-1.136 0.136105 0.785523
-1.134 0.741395 1.13922
-1.132 1.27259 1.3701
-1.13 1.62476 1.42362
-1.128 1.71956 1.28129
-1.126 1.52309 0.964742
-1.124 1.05663 0.53119
-1.122 0.39703 0.0614093
-1.12 -0.334257 -0.357335
-1.118 -0.992316 -0.649657
-1.116 -1.43643 -0.767763
-1.114 -1.559 -0.70107
-1.112 -1.30993 -0.477709
-1.11 -0.711061 -0.15767
-1.108 0.142869 0.18077
-1.106 1.09799 0.458259
-1.104 1.96795 0.611433
-1.102 2.56894 0.606152
-1.1 2.75634 0.444127
-1.098 2.45565 0.161602
-1.096 1.68108 -0.17949
-1.094 0.537517 -0.505864
-1.092 -0.795225 -0.749419
-1.09 -2.09317 -0.862206
-1.088 -3.12852 -0.826411
-1.086 -3.71186 -0.657145
-1.084 -3.72812 -0.397552
-1.082 -3.1593 -0.107577
-1.08 -2.08914 0.150812
-1.078 -0.68877 0.328404
-1.076 0.814225 0.400046
-1.074 2.17736 0.369875
-1.072 3.18735 0.269327
-1.07 3.69837 0.148408
-1.068 3.65712 0.0623172
-1.066 3.11035 0.0565998
-1.064 2.19357 0.154465
-1.062 1.10365 0.349459
-1.06 0.06079 0.605495
-1.058 -0.732736 0.864493
-1.056 -1.12905 1.06003
-1.054 -1.05966 1.13386
-1.052 -0.544787 1.05141
-1.05 0.314075 0.812454
-1.048 1.35576 0.45414
-1.046 2.39036 0.0454323
-1.044 3.23308 -0.326274
-1.042 3.73476 -0.573638
-1.04 3.80402 -0.629095
-1.038 3.41798 -0.461488
-1.036 2.62089 -0.0857885
-1.034 1.51215 0.436585
-1.032 0.227205 1.00742
-1.03 -1.08458 1.50974
-1.028 -2.28068 1.83072
-1.026 -3.24167 1.88477
-1.024 -3.88135 1.63198
-1.022 -4.15082 1.08773
-1.02 -4.03809 0.321576
-1.018 -3.56494 -0.554709
-1.016 -2.78286 -1.40746
-1.014 -1.76881 -2.10584
-1.012 -0.620943 -2.54608
-1.01 0.546695 -2.67052
-1.008 1.61136 -2.47769
-1.006 2.45176 -2.02156
-1.004 2.96133 -1.40022
-1.002 3.06376 -0.736165
-1 2.72856 -0.152483
-0.998 1.98329 0.250339
-0.996 0.918913 0.412227
-0.994 -0.314981 0.322672
-0.992 -1.52627 0.0198179
-0.99 -2.50679 -0.419748
-0.988 -3.06563 -0.897942
-0.986 -3.06365 -1.31517
-0.984 -2.44282 -1.58932
-0.982 -1.24397 -1.6701
-0.98 0.39163 -1.54621
-0.978 2.23896 -1.24437
-0.976 4.02263 -0.820861
-0.974 5.46208 -0.347869
-0.972 6.32071 0.102003
-0.97 6.44946 0.469648
-0.968 5.81637 0.718977
-0.966 4.51546 0.840605
-0.964 2.75275 0.849706
-0.962 0.811303 0.779325
-0.96 -0.998478 0.671192
-0.958 -2.39429 0.566306
-0.956 -3.17253 0.497285
-0.954 -3.24439 0.48389
-0.952 -2.65007 0.532245
-0.95 -1.54823 0.637332
-0.948 -0.182624 0.787488
-0.946 1.16735 0.969124
-0.944 2.2419 1.16998
-0.942 2.85071 1.37993
-0.94 2.90744 1.58926
-0.938 2.44227 1.78552
-0.936 1.59076 1.95041
-0.934 0.561718 2.05838
-0.932 -0.408724 2.07798
-0.93 -1.10717 1.97638
-0.928 -1.38675 1.72631
-0.926 -1.1955 1.31425
-0.924 -0.583487 0.747859
-0.922 0.312229 0.0605981
-0.92 1.30101 -0.688294
-0.918 2.18239 -1.41949
-0.916 2.79004 -2.04472
-0.914 3.02626 -2.4817
-0.912 2.87972 -2.67007
-0.91 2.42319 -2.58486
-0.908 1.79241 -2.24434
-0.906 1.15146 -1.71005
-0.904 0.652513 -1.07847
-0.902 0.399425 -0.465299
-0.9 0.423319 0.0149027
-0.898 0.67593 0.270068
-0.896 1.04212 0.248939
-0.894 1.36849 -0.0473797
-0.892 1.50114 -0.56317
-0.89 1.32353 -1.19603
-0.888 0.785521 -1.81387
-0.886 -0.0831903 -2.27813
-0.884 -1.17826 -2.46879
-0.882 -2.34321 -2.30684
-0.88 -3.40415 -1.76948
-0.878 -4.20854 -0.895652
-0.876 -4.65931 0.21953
-0.874 -4.73598 1.44016
-0.872 -4.49801 2.61198
-0.87 -4.06938 3.58783
-0.868 -3.60773 4.25155
-0.866 -3.26556 4.5363
-0.864 -3.15224 4.43407
-0.862 -3.30603 3.99514
-0.86 -3.68267 3.31749
-0.858 -4.16363 2.52848
-0.856 -4.58259 1.7621
-0.854 -4.76434 1.13587
-0.852 -4.56754 0.731519
-0.85 -3.9214 0.582477
-0.848 -2.8476 0.669967
-0.846 -1.46204 0.927963
-0.844 0.0445435 1.25575
-0.842 1.44302 1.53587
-0.84 2.51184 1.65453
-0.838 3.08257 1.52126
-0.836 3.07536 1.08485
-0.834 2.51657 0.342961
-0.832 1.53466 -0.655995
-0.83 0.334883 -1.81908
-0.828 -0.841954 -3.022
-0.826 -1.76797 -4.12723
-0.824 -2.27329 -5.0041
-0.822 -2.27801 -5.54827
-0.82 -1.80439 -5.69751
-0.818 -0.967071 -5.44183
-0.816 0.0556411 -4.82612
-0.814 1.06265 -3.94459
-0.812 1.87371 -2.9275
-0.81 2.3664 -1.92165
-0.808 2.49857 -1.06769
-0.806 2.31176 -0.477805
-0.804 1.91536 -0.217447
-0.802 1.45555 -0.294482
-0.8 1.07664 -0.657638
-0.798 0.884444 -1.20493
-0.796 0.920305 -1.80099
-0.794 1.1523 -2.3007
-0.792 1.48525 -2.57516
-0.79 1.78697 -2.53552
-0.788 1.92401 -2.14988
-0.786 1.7981 -1.45006
-0.784 1.37437 -0.52638
-0.782 0.694194 0.488658
-0.78 -0.131047 1.44499
-0.778 -0.944356 2.20327
-0.776 -1.58052 2.66149
-0.774 -1.90777 2.77449
-0.772 -1.86369 2.56255
-0.77 -1.47613 2.10659
-0.768 -0.863639 1.53093
-0.766 -0.214015 0.976711
-0.764 0.254847 0.57157
-0.762 0.343859 0.402164
-0.76 -0.0791617 0.495553
-0.758 -1.04306 0.813635
-0.756 -2.45742 1.26193
-0.754 -4.12189 1.71098
-0.752 -5.7603 2.02603
-0.75 -7.07321 2.09869
-0.748 -7.7983 1.87394
-0.746 -7.76585 1.36608
-0.744 -6.93731 0.65967
-0.742 -5.41849 -0.105706
-0.74 -3.444 -0.764184
-0.738 -1.33561 -1.15994
-0.736 0.557937 -1.183
-0.734 1.92793 -0.796382
-0.732 2.56626 -0.0481232
-0.73 2.40707 0.934948
-0.728 1.54041 1.97082
-0.726 0.194659 2.85877
-0.724 -1.30907 3.42133
-0.722 -2.62118 3.54299
-0.72 -3.43323 3.19714
-0.718 -3.53914 2.45494
-0.716 -2.87563 1.47326
-0.714 -1.5347 0.463514
-0.712 0.254264 -0.352587
-0.71 2.16906 -0.791037
-0.708 3.85723 -0.746787
-0.706 5.00443 -0.219098
-0.704 5.39517 0.684863
-0.702 4.95351 1.76948
-0.7 3.75607 2.78957
-0.698 2.01516 3.501
-0.696 0.0363389 3.71253
-0.694 -1.8401 3.32806
-0.692 -3.30198 2.36988
-0.69 -4.12021 0.977591
-0.688 -4.18615 -0.617754
-0.686 -3.52525 -2.13907
-0.684 -2.28529 -3.31895
-0.682 -0.702492 -3.95392
-0.68 0.947051 -3.94593
-0.678 2.40042 -3.3223
-0.676 3.4545 -2.23024
-0.674 3.99729 -0.906979
-0.672 4.01876 0.368307
-0.67 3.60106 1.33067
-0.668 2.89211 1.78212
-0.666 2.06945 1.62985
-0.664 1.30261 0.902258
-0.662 0.721577 -0.260402
-0.66 0.397208 -1.63805
-0.658 0.336643 -2.97818
-0.656 0.493415 -4.04804
-0.654 0.788577 -4.6804
-0.652 1.13668 -4.80333
-0.65 1.46951 -4.44841
-0.648 1.7516 -3.73652
-0.646 1.98397 -2.8453
-0.644 2.19619 -1.96617
-0.642 2.42947 -1.26114
-0.64 2.71588 -0.829138
-0.638 3.0594 -0.689178
-0.636 3.4239 -0.783603
-0.634 3.73214 -0.999648
-0.632 3.87708 -1.20337
-0.63 3.744 -1.27709
-0.628 3.23919 -1.15103
-0.626 2.31827 -0.821246
-0.624 1.00717 -0.34973
-0.622 -0.590488 0.153279
-0.62 -2.30249 0.560124
-0.618 -3.91293 0.761855
-0.616 -5.19895 0.700308
-0.614 -5.97233 0.38765
-0.612 -6.11829 -0.0921461
-0.61 -5.62345 -0.600996
-0.608 -4.58671 -0.979843
-0.606 -3.20945 -1.08945
-0.604 -1.76525 -0.848871
-0.602 -0.55337 -0.261652
-0.6 0.155638 0.577411
-0.598 0.172253 1.49799
-0.596 -0.572264 2.28997
-0.594 -2.00666 2.75191
-0.592 -3.92525 2.74134
-0.59 -6.01788 2.21515
-0.588 -7.91958 1.24952
-0.586 -9.27163 0.0336673
-0.584 -9.78349 -1.16323
-0.582 -9.28491 -2.04587
-0.58 -7.75831 -2.35673
-0.578 -5.34542 -1.93626
-0.576 -2.32614 -0.765981
-0.574 0.926958 1.01603
-0.572 4.01023 3.13198
-0.57 6.55588 5.21183
-0.568 8.29196 6.86268
-0.566 9.08493 7.74668
-0.564 8.95765 7.65129
-0.562 8.07972 6.53711
-0.56 6.73256 4.55239
-0.558 5.25539 2.01032
-0.556 3.98206 -0.667116
-0.554 3.18009 -3.02806
-0.552 3.00311 -4.67667
-0.55 3.4652 -5.3489
-0.548 4.44174 -4.96304
-0.546 5.69611 -3.63488
-0.544 6.92684 -1.65463
-0.542 7.82582 0.569817
-0.54 8.13684 2.59184
-0.538 7.70364 4.01161
-0.536 6.49928 4.55104
-0.534 4.63194 4.10359
-0.532 2.32668 2.74932
-0.53 -0.113432 0.733147
-0.528 -2.3595 -1.58834
-0.526 -4.11294 -3.8196
-0.524 -5.15539 -5.60314
-0.522 -5.38361 -6.68506
-0.52 -4.82341 -6.95666
-0.518 -3.62102 -6.46495
-0.516 -2.01428 -5.3917
-0.514 -0.289551 -4.00682
-0.512 1.26751 -2.60709
-0.51 2.41892 -1.45354
-0.508 3.01141 -0.720781
-0.506 2.99789 -0.468289
-0.504 2.44028 -0.638676
-0.502 1.49411 -1.08152
-0.5 0.377906 -1.59586
-0.498 -0.666675 -1.9805
-0.496 -1.41696 -2.08053
-0.494 -1.70659 -1.81965
-0.492 -1.45229 -1.21255
-0.49 -0.666438 -0.355644
-0.488 0.545851 0.600019
-0.486 2.00422 1.48674
-0.484 3.48219 2.15979
-0.482 4.74351 2.5295
-0.48 5.58013 2.57886
-0.478 5.84607 2.36278
-0.476 5.48182 1.99025
-0.474 4.5255 1.59442
-0.472 3.10899 1.29874
-0.47 1.43944 1.18777
-0.468 -0.231542 1.28986
-0.466 -1.64679 1.57497
-0.464 -2.58515 1.96748
-0.462 -2.8994 2.36954
-0.46 -2.54406 2.68868
-0.458 -1.58772 2.86248
-0.456 -0.206587 2.87408
-0.454 1.34079 2.75492
-0.452 2.7546 2.57383
-0.45 3.74436 2.41556
-0.448 4.08115 2.35426
-0.446 3.64245 2.42942
-0.444 2.44121 2.63093
-0.442 0.632547 2.8982
-0.44 -1.50504 3.13405
-0.438 -3.61285 3.23019
-0.436 -5.31305 3.09803
-0.434 -6.27719 2.6965
-0.432 -6.28919 2.04937
-0.43 -5.29035 1.24684
-0.428 -3.39677 0.429722
-0.426 -0.884802 -0.240989
-0.424 1.85423 -0.622687
-0.422 4.38275 -0.629076
-0.42 6.29703 -0.25805
-0.418 7.30368 0.398
-0.416 7.27688 1.16331
-0.414 6.28379 1.81043
-0.412 4.57117 2.10681
-0.41 2.51454 1.86682
-0.408 0.539195 0.998008
-0.406 -0.970905 -0.469286
-0.404 -1.75749 -2.37679
-0.402 -1.74733 -4.46064
-0.4 -1.07317 -6.39811
-0.398 -0.0501757 -7.86995
-0.396 0.889216 -8.62556
-0.394 1.29024 -8.53697
-0.392 0.781505 -7.62963
-0.39 -0.831252 -6.08318
-0.388 -3.50486 -4.20113
-0.386 -6.94718 -2.35538
-0.384 -10.6593 -0.915842
-0.382 -14.0252 -0.178686
-0.38 -16.4308 -0.307087
-0.378 -17.3897 -1.29617
-0.376 -16.6482 -2.96984
-0.374 -14.248 -5.011
-0.372 -10.5313 -7.02
-0.37 -6.08433 -8.58995
-0.368 -1.62946 -9.38363
-0.366 2.11518 -9.19648
-0.364 4.57878 -7.99319
-0.362 5.45401 -5.91142
-0.36 4.76031 -3.23326
-0.358 2.83968 -0.331089
-0.356 0.284726 2.4008
-0.354 -2.18684 4.61573
-0.352 -3.88525 6.07253
-0.35 -4.29728 6.6717
-0.348 -3.19882 6.46404
-0.346 -0.706814 5.63109
-0.344 2.74165 4.44239
-0.342 6.47991 3.19889
-0.34 9.75355 2.17453
-0.338 11.8832 1.56753
-0.336 12.4132 1.47053
-0.334 11.212 1.86362
-0.332 8.50395 2.62968
-0.33 4.82219 3.5867
-0.328 0.894111 4.52903
-0.326 -2.51679 5.26861
-0.324 -4.77808 5.66838
-0.322 -5.5275 5.66259
-0.32 -4.7523 5.26192
-0.318 -2.78984 4.54477
-0.316 -0.247989 3.63826
-0.314 2.13792 2.69384
-0.312 3.67984 1.86246
-0.31 3.9037 1.27319
-0.308 2.66964 1.01789
-0.306 0.216944 1.14307
-0.304 -2.87852 1.64832
-0.302 -5.82735 2.48959
-0.3 -7.80489 3.58537
-0.298 -8.14617 4.82367
-0.296 -6.51346 6.06936
-0.294 -2.99679 7.17256
-0.292 1.87876 7.97997
-0.29 7.24463 8.35066
-0.288 12.0626 8.17655
-0.286 15.3443 7.40489
-0.284 16.3695 6.05785
-0.282 14.8537 4.24333
-0.28 11.0284 2.15206
-0.278 5.61282 0.0384664
-0.276 -0.31926 -1.81355
-0.274 -5.55214 -3.13584
-0.272 -8.97837 -3.72522
-0.27 -9.8334 -3.48815
-0.268 -7.86421 -2.4717
-0.266 -3.39342 -0.872617
-0.264 2.73756 0.981112
-0.262 9.33674 2.67675
-0.26 15.1057 3.78604
-0.258 18.9075 3.94574
-0.256 19.9996 2.93378
-0.254 18.1819 0.724632
-0.252 13.8277 -2.48937
-0.25 7.7915 -6.31771
-0.248 1.2143 -10.2309
-0.246 -4.7313 -13.6499
-0.244 -9.10064 -16.05
-0.242 -11.3839 -17.0597
-0.24 -11.6134 -16.5358
-0.238 -10.3461 -14.5988
-0.236 -8.52242 -11.6188
-0.234 -7.23324 -8.15261
-0.232 -7.44605 -4.84235
-0.23 -9.75431 -2.29322
-0.228 -14.2088 -0.954892
-0.226 -20.2718 -1.03038
-0.224 -26.908 -2.43175
-0.222 -32.795 -4.79302
-0.22 -36.6097 -7.53907
-0.218 -37.3285 -9.998
-0.216 -34.4753 -11.5352
-0.214 -28.26 -11.6827
-0.212 -19.5728 -10.2374
-0.21 -9.82774 -7.30806
-0.208 -0.686427 -3.2999
-0.206 6.28376 1.16032
-0.204 9.94269 5.34536
-0.202 9.82881 8.57056
-0.2 6.27172 10.3305
-0.198 0.338671 10.4021
-0.196 -6.37709 8.89235
-0.194 -12.0842 6.22125
-0.192 -15.1709 3.04058
-0.19 -14.5541 0.104789
-0.188 -9.92747 -1.88179
-0.186 -1.85185 -2.41044
-0.184 8.33309 -1.27631
-0.182 18.7641 1.3735
-0.18 27.4259 5.06291
-0.178 32.5634 9.077
-0.176 33.0475 12.6016
-0.174 28.6181 14.8848
-0.172 19.9519 15.3889
-0.17 8.54124 13.9035
-0.168 -3.59076 10.597
-0.166 -14.2814 5.99726
-0.164 -21.6465 0.902728
-0.162 -24.4421 -3.76037
-0.16 -22.2972 -7.10875
-0.158 -15.7727 -8.46883
-0.156 -6.23213 -7.50725
-0.154 4.4447 -4.29966
-0.152 14.2472 0.675617
-0.15 21.4359 6.61758
-0.148 24.8776 12.5406
-0.146 24.2453 17.4448
-0.144 20.0466 20.4871
-0.142 13.479 21.1246
-0.14 6.14939 19.2041
-0.138 -0.282051 14.985
-0.136 -4.45491 9.09152
-0.134 -5.58688 2.40372
-0.132 -3.61989 -4.09333
-0.13 0.793576 -9.47498
-0.128 6.45699 -13.0284
-0.126 11.9097 -14.3638
-0.124 15.7567 -13.4684
-0.122 16.9762 -10.6955
-0.12 15.1393 -6.69322
-0.118 10.4966 -2.28804
-0.116 3.91747 1.6578
-0.114 -3.30319 4.38971
-0.112 -9.72633 5.38219
-0.11 -14.0775 4.41911
-0.108 -15.5156 1.62094
-0.106 -13.8056 -2.5831
-0.104 -9.35696 -7.53144
-0.102 -3.12638 -12.4409
-0.1 3.59367 -16.5332
-0.098 9.44873 -19.1579
-0.096 13.2992 -19.8928
-0.094 14.4428 -18.6079
-0.092 12.7395 -15.4825
-0.09 8.61908 -10.9729
-0.088 2.97419 -5.73535
-0.086 -3.03537 -0.517268
-0.084 -8.22474 3.96646
-0.082 -11.6218 7.14994
-0.08 -12.6513 8.70696
-0.078 -11.2286 8.60113
-0.076 -7.7463 7.0879
-0.074 -2.96467 4.66827
-0.072 2.16526 2.00171
-0.07 6.70132 -0.208918
-0.068 9.88842 -1.3425
-0.066 11.2806 -0.974794
-0.064 10.7877 1.03698
-0.062 8.64656 4.51632
-0.06 5.33034 8.98552
-0.058 1.42341 13.7386
-0.056 -2.50741 17.9578
-0.054 -6.01548 20.8544
-0.052 -8.82989 21.809
-0.05 -10.8566 20.4863
-0.048 -12.1336 16.9032
-0.046 -12.7594 11.4372
-0.044 -12.8225 4.77271
-0.042 -12.3519 -2.20857
-0.04 -11.3065 -8.57324
-0.038 -9.60203 -13.4951
-0.036 -7.16875 -16.3984
-0.034 -4.02133 -17.0586
-0.032 -0.31837 -15.6414
-0.03 3.60938 -12.6703
-0.028 7.27732 -8.92676
-0.026 10.116 -5.30141
-0.024 11.5808 -2.62309
-0.022 11.2785 -1.49954
-0.02 9.08005 -2.20046
-0.018 5.18875 -4.60552
-0.016 0.142146 -8.22642
-0.014 -5.25822 -12.2982
-0.012 -10.0786 -15.9223
-0.01 -13.4216 -18.2361
-0.008 -14.5987 -18.5775
-0.006 -13.2711 -16.616
-0.004 -9.52944 -12.4243
-0.002 -3.89292 -6.47499
0 2.77522 0.439563
0.002 9.42121 7.3495
0.004 14.9935 13.2855
0.006 18.6355 17.4568
0.008 19.8379 19.3932
0.01 18.5219 19.025
0.012 15.0387 16.685
0.014 10.0877 13.0373
0.016 4.57519 8.94562
0.018 -0.559806 5.30834
0.02 -4.51396 2.88942
0.022 -6.75161 2.17545
0.024 -7.07446 3.28484
0.026 -5.61859 5.94617
0.028 -2.78531 9.55069
0.03 0.872926 13.2695
0.032 4.78044 16.2129
0.034 8.44872 17.6012
0.036 11.5458 16.9135
0.038 13.9146 13.9865
0.04 15.544 9.04693
0.042 16.5085 2.67178
0.044 16.8975 -4.31268
0.046 16.7565 -10.9743
0.048 16.0594 -16.4334
0.05 14.7188 -20.0089
0.052 12.6349 -21.3261
0.054 9.76676 -20.3709
0.056 6.20421 -17.4806
0.058 2.21318 -13.2751
0.06 -1.76438 -8.54244
0.062 -5.1654 -4.09848
0.064 -7.40762 -0.646318
0.066 -8.01809 1.33957
0.068 -6.75835 1.68575
0.07 -3.71499 0.537298
0.072 0.670638 -1.68031
0.074 5.64864 -4.34611
0.076 10.2818 -6.75854
0.078 13.6231 -8.26043
0.08 14.9151 -8.35344
0.082 13.766 -6.78476
0.084 10.2601 -3.59281
0.086 4.9709 0.895068
0.088 -1.1322 6.11289
0.09 -6.8672 11.3466
0.092 -11.0769 15.8505
0.094 -12.8705 18.97
0.096 -11.8191 20.2506
0.098 -8.06234 19.5138
0.1 -2.30131 16.8901
0.102 4.32622 12.8009
0.104 10.4676 7.89504
0.106 14.8316 2.94913
0.108 16.4619 -1.25533
0.11 14.9476 -4.05785
0.112 10.5216 -5.02937
0.114 4.02142 -4.04845
0.116 -3.28238 -1.32932
0.118 -9.95447 2.60522
0.12 -14.7026 7.00346
0.122 -16.6587 11.0057
0.124 -15.5708 13.7873
0.126 -11.8647 14.7003
0.128 -6.55637 13.3901
0.13 -1.0337 9.86683
0.132 3.25045 4.51606
0.134 5.10688 -1.95394
0.136 3.88874 -8.62292
0.138 -0.342965 -14.5093
0.14 -6.80635 -18.7348
0.142 -14.145 -20.6754
0.144 -20.7059 -20.0694
0.146 -24.8919 -17.0662
0.148 -25.5161 -12.2038
0.15 -22.0817 -6.31982
0.152 -14.9246 -0.409313
0.154 -5.18419 4.54564
0.156 5.39766 7.74564
0.158 14.812 8.71178
0.16 21.1846 7.36564
0.162 23.1605 4.03618
0.164 20.1898 -0.60834
0.166 12.6544 -5.68999
0.168 1.80899 -10.287
0.17 -10.4539 -13.6038
0.172 -21.9658 -15.1132
0.174 -30.7014 -14.6453
0.176 -35.169 -12.4071
0.178 -34.6951 -8.93126
0.18 -29.545 -4.96427
0.182 -20.8539 -1.31509
0.184 -10.3833 1.30537
0.186 -0.154562 2.42325
0.188 7.96347 1.89159
0.19 12.6264 -0.0866981
0.192 13.2694 -3.00642
0.194 10.1954 -6.16775
0.196 4.48426 -8.8209
0.198 -2.25465 -10.318
0.2 -8.23191 -10.2419
0.202 -11.8551 -8.48613
0.204 -12.0561 -5.27277
0.206 -8.50243 -1.10447
0.208 -1.65006 3.33794
0.21 7.36885 7.33132
0.212 16.9969 10.2525
0.214 25.5837 11.6984
0.216 31.7261 11.5609
0.218 34.5431 10.0416
0.22 33.8311 7.60542
0.222 30.0676 4.88292
0.224 24.273 2.5415
0.226 17.7621 1.15228
0.228 11.8444 1.07853
0.23 7.5399 2.40727
0.232 5.37008 4.93662
0.234 5.2694 8.21992
0.236 6.63308 11.6564
0.238 8.48739 14.609
0.24 9.7412 16.5257
0.242 9.45958 17.0399
0.244 7.09645 16.0332
0.246 2.63365 13.6481
0.248 -3.40344 10.2538
0.25 -10.0556 6.37098
0.252 -16.1388 2.57369
0.254 -20.5053 -0.613608
0.256 -22.2994 -2.80454
0.258 -21.1521 -3.80933
0.26 -17.2721 -3.65404
0.262 -11.4135 -2.55917
0.264 -4.72611 -0.884632
0.266 1.48029 0.945795
0.268 6.00484 2.52415
0.27 8.00134 3.52663
0.272 7.1467 3.7594
0.274 3.69768 3.17645
0.276 -1.57433 1.87051
0.278 -7.55326 0.0422339
0.28 -13.0147 -2.0439
0.282 -16.8773 -4.10816
0.284 -18.4166 -5.89994
0.286 -17.3992 -7.23137
0.288 -14.1102 -7.99592
0.29 -9.27277 -8.17111
0.292 -3.87983 -7.80791
0.294 1.02564 -7.0115
0.296 4.57103 -5.9195
0.298 6.22867 -4.68222
0.3 5.90791 -3.44737
0.302 3.94769 -2.34922
0.304 1.01554 -1.50022
0.306 -2.06079 -0.98359
0.308 -4.4892 -0.845833
0.31 -5.69239 -1.09017
0.312 -5.4315 -1.67263
0.314 -3.8489 -2.50319
0.316 -1.42301 -3.45357
0.318 1.15258 -4.37243
0.32 3.13669 -5.1068
0.322 3.91642 -5.52734
0.324 3.15116 -5.55306
0.326 0.852968 -5.17085
0.328 -2.61366 -4.44462
0.33 -6.61127 -3.51032
0.332 -10.3691 -2.55574
0.334 -13.1511 -1.78696
0.336 -14.4154 -1.3869
0.338 -13.9298 -1.4738
0.34 -11.8196 -2.06871
0.342 -8.53741 -3.08
0.344 -4.76215 -4.31013
0.346 -1.25077 -5.48562
0.348 1.3251 -6.30578
0.35 2.5218 -6.50128
0.352 2.21513 -5.89094
0.354 0.622295 -4.42456
0.356 -1.74923 -2.20249
0.358 -4.21366 0.533074
0.36 -6.05526 3.43456
0.362 -6.68144 6.1071
0.364 -5.74864 8.17833
0.366 -3.23479 9.36682
0.368 0.555844 9.53622
0.37 5.05541 8.72364
0.372 9.54806 7.13563
0.374 13.313 5.11131
0.376 15.7642 3.05903
0.378 16.5591 1.37916
0.38 15.6549 0.388594
0.382 13.3034 0.262335
0.384 9.98955 1.0034
0.386 6.32558 2.44637
0.388 2.92634 4.29285
0.39 0.289712 6.17121
0.392 -1.29275 7.70864
0.394 -1.77813 8.60169
0.396 -1.36055 8.67177
0.398 -0.41082 7.89522
0.4 0.617404 6.40231
0.402 1.29344 4.44602
0.404 1.30461 2.34771
0.406 0.521426 0.431652
0.408 -0.978903 -1.03758
0.41 -2.93366 -1.90189
0.412 -4.95433 -2.13189
0.414 -6.6115 -1.82154
0.416 -7.52664 -1.15816
0.418 -7.45173 -0.375853
0.42 -6.32074 0.296793
0.422 -4.26335 0.683402
0.424 -1.57956 0.691477
0.426 1.31789 0.32341
0.428 3.98078 -0.334017
0.43 6.0066 -1.13769
0.432 7.10868 -1.92623
0.434 7.16284 -2.55867
0.436 6.22325 -2.94496
0.438 4.50594 -3.06167
0.44 2.34419 -2.95038
0.442 0.125298 -2.70023
0.444 -1.7788 -2.41989
0.446 -3.0741 -2.20671
0.448 -3.58946 -2.1212
0.45 -3.29748 -2.17319
0.452 -2.30967 -2.32286
0.454 -0.848843 -2.49579
0.456 0.794766 -2.60718
0.458 2.31552 -2.58839
0.46 3.4436 -2.40841
0.462 3.9874 -2.0846
0.464 3.86067 -1.6799
0.466 3.09121 -1.28707
0.468 1.81078 -1.00394
0.47 0.229159 -0.905774
0.472 -1.4024 -1.02192
0.474 -2.83218 -1.3232
0.476 -3.84707 -1.72424
0.478 -4.30433 -2.10112
0.48 -4.15162 -2.32067
0.482 -3.43281 -2.27448
0.484 -2.27878 -1.90877
0.486 -0.884855 -1.24208
0.488 0.521679 -0.365681
0.49 1.71877 0.574266
0.492 2.52586 1.40916
0.494 2.83349 1.9878
0.496 2.62188 2.2145
0.498 1.96512 2.07619
0.5 1.02005 1.65137
0.502 0.000750404 1.09755
0.504 -0.857768 0.618283
0.506 -1.34116 0.416379
0.508 -1.29549 0.643157
0.51 -0.658165 1.35585
0.512 0.526012 2.49382
0.514 2.10684 3.88059
0.516 3.84934 5.25288
0.518 5.47012 6.31178
0.52 6.68392 6.78573
0.522 7.25281 6.49219
0.524 7.02942 5.38437
0.526 5.98625 3.57222
0.528 4.2249 1.31171
0.53 1.96268 -1.03711
0.532 -0.501766 -3.07615
0.534 -2.83813 -4.44672
0.536 -4.7406 -4.90262
0.538 -5.98036 -4.36351
0.54 -6.44491 -2.93665
0.542 -6.15698 -0.901631
0.544 -5.26938 1.33972
0.546 -4.03621 3.33867
0.548 -2.76512 4.68543
0.55 -1.75905 5.08837
0.552 -1.25779 4.43088
0.554 -1.39065 2.7945
0.556 -2.14919 0.443598
0.558 -3.38574 -2.22537
0.56 -4.83828 -4.75985
0.562 -6.17745 -6.7374
0.564 -7.06689 -7.84463
0.566 -7.22618 -7.93349
0.568 -6.48475 -7.04378
0.57 -4.81701 -5.38854
0.572 -2.35227 -3.30605
0.574 0.642731 -1.18933
0.576 3.806 0.591712
0.578 6.73978 1.7598
0.58 9.07693 2.17756
0.582 10.5421 1.86422
0.584 10.9968 0.979953
0.586 10.46 -0.21747
0.588 9.10184 -1.43294
0.59 7.2107 -2.39791
0.592 5.14173 -2.92414
0.594 3.25514 -2.93646
0.596 1.85571 -2.47888
0.598 1.14371 -1.6943
0.6 1.18546 -0.784056
0.602 1.90835 0.0424759
0.604 3.12047 0.616214
0.606 4.55068 0.8439
0.608 5.90096 0.7235
0.61 6.90074 0.337163
0.612 7.35284 -0.175281
0.614 7.16319 -0.654907
0.616 6.34983 -0.964472
0.618 5.03133 -1.02135
0.62 3.39814 -0.814896
0.622 1.67354 -0.404601
0.624 0.071862 0.0998177
0.626 -1.23794 0.570714
0.628 -2.15675 0.898694
0.63 -2.66368 1.02332
0.632 -2.8078 0.950486
0.634 -2.68641 0.751927
0.636 -2.41603 0.546802
0.638 -2.10333 0.469688
0.64 -1.82301 0.632856
0.642 -1.60684 1.0923
0.644 -1.44547 1.82636
0.646 -1.30132 2.73292
0.648 -1.12851 3.64677
0.65 -0.894522 4.37389
0.652 -0.597538 4.73518
0.654 -0.274615 4.60965
0.656 0.00240699 3.96703
0.658 0.143021 2.88178
0.66 0.0627144 1.52439
0.662 -0.290052 0.131058
0.664 -0.911779 -1.04266
0.666 -1.73313 -1.77453
0.668 -2.62316 -1.92337
0.67 -3.40904 -1.46117
0.672 -3.90809 -0.482275
0.674 -3.96628 0.812987
0.676 -3.49544 2.15704
0.678 -2.50067 3.26833
0.68 -1.09108 3.9079
0.682 0.530645 3.92775
0.684 2.09946 3.30067
0.686 3.335 2.12557
0.688 3.99547 0.607122
0.69 3.92717 -0.986104
0.692 3.09953 -2.37625
0.694 1.61767 -3.33208
0.696 -0.290582 -3.71444
0.698 -2.31203 -3.50192
0.7 -4.1034 -2.79164
0.702 -5.3549 -1.7756
0.704 -5.84981 -0.698093
0.706 -5.50793 0.196431
0.708 -4.40335 0.713984
0.71 -2.75206 0.749763
0.712 -0.871292 0.307191
0.714 0.881653 -0.506218
0.716 2.17865 -1.50479
0.718 2.78456 -2.46645
0.72 2.60301 -3.1809
0.722 1.69537 -3.4939
0.724 0.269079 -3.33805
0.726 -1.36268 -2.74426
0.728 -2.84246 -1.83217
0.73 -3.83913 -0.782402
0.732 -4.11343 0.202693
0.734 -3.5651 0.941355
0.736 -2.25201 1.30888
0.738 -0.377749 1.26089
0.74 1.74922 0.838894
0.742 3.77598 0.157422
0.744 5.37265 -0.623921
0.746 6.29365 -1.33699
0.748 6.42092 -1.84181
0.75 5.78101 -2.05539
0.752 4.53346 -1.96659
0.754 2.93342 -1.63458
0.756 1.27686 -1.17203
0.758 -0.159671 -0.71727
0.76 -1.17201 -0.401893
0.762 -1.66325 -0.320719
0.764 -1.65421 -0.510324
0.766 -1.26865 -0.940595
0.768 -0.697991 -1.52093
0.77 -0.153998 -2.11963
0.772 0.179562 -2.59219
0.774 0.185985 -2.81218
0.776 -0.162793 -2.69825
0.778 -0.806086 -2.23137
0.78 -1.61487 -1.45925
0.782 -2.42708 -0.487299
0.784 -3.08877 0.541663
0.786 -3.49124 1.47468
0.788 -3.59531 2.17749
0.79 -3.43765 2.55944
0.792 -3.11805 2.58977
0.794 -2.77148 2.30252
0.796 -2.53166 1.7892
0.798 -2.49523 1.18127
0.8 -2.69538 0.625683
0.802 -3.09138 0.258551
0.804 -3.5772 0.181296
0.806 -4.00703 0.443472
0.808 -4.23194 1.03472
0.81 -4.13861 1.88683
0.812 -3.68068 2.88524
0.814 -2.89508 3.88779
0.816 -1.89932 4.74731
0.818 -0.869608 5.33452
0.82 -0.00462686 5.55727
0.822 0.517679 5.37348
0.824 0.580692 4.79623
0.826 0.157974 3.8905
0.828 -0.676562 2.76268
0.83 -1.76008 1.54445
0.832 -2.87186 0.373302
0.834 -3.77748 -0.627483
0.836 -4.2764 -1.36655
0.838 -4.24268 -1.79726
0.84 -3.64995 -1.9235
0.842 -2.5757 -1.79751
0.844 -1.18391 -1.51014
0.846 0.309657 -1.17497
0.848 1.68223 -0.908867
0.85 2.74904 -0.811818
0.852 3.39894 -0.949317
0.854 3.61313 -1.33999
0.856 3.46304 -1.95078
0.858 3.08838 -2.70075
0.86 2.66081 -3.47344
0.862 2.3418 -4.136
0.864 2.24444 -4.5619
0.866 2.40781 -4.65351
0.868 2.78947 -4.36037
0.87 3.27735 -3.68964
0.872 3.71818 -2.70704
0.874 3.95544 -1.52751
0.876 3.86814 -0.297307
0.878 3.40116 0.829597
0.88 2.58016 1.71679
0.882 1.50762 2.26783
0.884 0.34099 2.44187
0.886 -0.741878 2.25947
0.888 -1.58195 1.79769
0.89 -2.07388 1.17513
0.892 -2.18851 0.530048
0.894 -1.97792 -0.00458409
0.896 -1.56162 -0.324311
0.898 -1.09722 -0.370474
0.9 -0.742156 -0.138632
0.902 -0.615597 0.323105
0.904 -0.76954 0.925053
0.906 -1.17612 1.55382
0.908 -1.73416 2.09344
0.91 -2.29356 2.44577
0.912 -2.69173 2.54646
0.914 -2.79382 2.37379
0.916 -2.52742 1.94929
0.918 -1.90362 1.33048
0.92 -1.01918 0.597932
0.922 -0.0387881 -0.160305
0.924 0.839537 -0.863618
0.926 1.42839 -1.4502
0.928 1.59465 -1.88324
0.93 1.29266 -2.15156
0.932 0.57904 -2.26562
0.934 -0.394967 -2.25068
0.936 -1.41227 -2.13889
0.938 -2.23422 -1.9624
0.94 -2.65104 -1.74874
0.942 -2.52807 -1.519
0.944 -1.83787 -1.28871
0.946 -0.671195 -1.07045
0.948 0.77591 -0.876415
0.95 2.23725 -0.71987
0.952 3.427 -0.614174
0.954 4.09573 -0.569644
0.956 4.08047 -0.589156
0.958 3.33856 -0.664099
0.96 1.95857 -0.772375
0.962 0.145982 -0.879617
0.964 -1.81308 -0.94396
0.966 -3.603 -0.923797
0.968 -4.93468 -0.787107
0.97 -5.59603 -0.520386
0.972 -5.48754 -0.134967
0.974 -4.63686 0.331234
0.976 -3.19025 0.817755
0.978 -1.38321 1.25135
0.98 0.503108 1.56
0.982 2.19124 1.68827
0.984 3.45291 1.61077
0.986 4.14281 1.34027
0.988 4.21568 0.928336
0.99 3.7251 0.457935
0.992 2.80596 0.0288775
0.994 1.64541 -0.261161
0.996 0.448377 -0.33652
0.998 -0.595577 -0.160284
1 -1.33866 0.255775
1.002 -1.69084 0.850558
1.004 -1.62437 1.52299
1.006 -1.16836 2.14997
1.008 -0.396362 2.60947
1.01 0.589211 2.80431
1.012 1.67247 2.68157
1.014 2.73702 2.24368
1.016 3.67565 1.549
1.018 4.39687 0.701575
1.02 4.82945 -0.167961
1.022 4.926 -0.926501
1.024 4.66655 -1.46306
1.026 4.06219 -1.70892
1.028 3.15806 -1.64932
1.03 2.0341 -1.32452
1.032 0.801529 -0.819945
1.034 -0.406323 -0.247812
1.036 -1.44914 0.275856
1.038 -2.19925 0.65396
1.04 -2.5627 0.826108
1.042 -2.49767 0.778015
1.044 -2.02612 0.541014
1.046 -1.23532 0.182259
1.048 -0.267719 -0.211863
1.05 0.700223 -0.555298
1.052 1.48736 -0.780592
1.054 1.9405 -0.852006
1.056 1.96424 -0.770868
1.058 1.54182 -0.572317
1.06 0.74214 -0.31454
1.062 -0.289414 -0.0632942
1.064 -1.35541 0.124506
1.066 -2.24194 0.214208
1.068 -2.75877 0.200792
1.07 -2.77625 0.108616
1.072 -2.25184 -0.0161194
1.074 -1.24079 -0.118173
1.076 0.1115 -0.148092
1.078 1.59424 -0.0754696
1.08 2.96887 0.102537
1.082 4.01231 0.359456
1.084 4.5576 0.644977
1.086 4.52407 0.896457
1.088 3.93121 1.05382
1.09 2.89374 1.07439
1.092 1.59914 0.944021
1.094 0.272126 0.681867
1.096 -0.866809 0.337356
1.098 -1.64095 -0.0200441
1.1 -1.94746 -0.316006
1.102 -1.7726 -0.488046
1.104 -1.18967 -0.499923
1.106 -0.34064 -0.350455
1.108 0.594227 -0.0747191
1.11 1.43229 0.262757
1.112 2.02271 0.581434
1.114 2.27247 0.802032
1.116 2.15969 0.863913
1.118 1.73259 0.738756
1.12 1.0953 0.437432
1.122 0.384109 0.00844748
1.124 -0.260749 -0.471826
1.126 -0.72186 -0.915043
1.128 -0.925034 -1.23946
1.13 -0.849786 -1.38715
1.132 -0.528753 -1.33618
1.134 -0.0372018 -1.10517
1.136 0.52427 -0.749203
1.138 1.04977 -0.348136
1.14 1.44682 0.0103752
1.142 1.65039 0.249401
1.144 1.63056 0.318929
1.146 1.39311 0.206269
1.148 0.974246 -0.0615204
1.15 0.431135 -0.42362
1.152 -0.169148 -0.798481
1.154 -0.760069 -1.10105
1.156 -1.28372 -1.26052
1.158 -1.69579 -1.23479
1.16 -1.96774 -1.01887
1.162 -2.08692 -0.645322
1.164 -2.05576 -0.177053
1.166 -1.89073 0.306061
1.168 -1.6211 0.72365
1.17 -1.28723 1.01092
1.172 -0.937841 1.13096
1.174 -0.625564 1.08082
1.176 -0.400814 0.890391
1.178 -0.304241 0.614656
1.18 -0.358759 0.321163
1.182 -0.562697 0.0756352
1.184 -0.885904 -0.0712844
1.186 -1.27055 -0.0934532
1.188 -1.63765 0.00698593
1.19 -1.8991 0.201971
1.192 -1.97367 0.445214
1.194 -1.80397 0.68324
1.196 -1.37087 0.867162
1.198 -0.701924 0.962514
1.2 0.128733 0.955148
1.202 1.00991 0.852191
1.204 1.81129 0.678306
1.206 2.40701 0.468487
1.208 2.70039 0.259345
1.21 2.64501 0.0809379
1.212 2.25715 -0.0489987
1.214 1.61651 -0.127289
1.216 0.854143 -0.163742
1.218 0.129182 -0.17644
1.22 -0.401266 -0.185312
1.222 -0.613351 -0.205814
1.224 -0.442437 -0.244424
1.226 0.101661 -0.297109
1.228 0.933699 -0.351078
1.23 1.90702 -0.389198
1.232 2.84026 -0.395793
1.234 3.55188 -0.362155
1.236 3.8956 -0.290239
1.238 3.78965 -0.193454
1.24 3.23376 -0.0942145
1.242 2.31008 -0.0187424
1.244 1.16776 0.0096504
1.246 -0.00588342 -0.0228822
1.248 -1.02176 -0.116074
1.25 -1.72569 -0.254151
1.252 -2.02794 -0.408262
1.254 -1.91954 -0.54237
1.256 -1.47225 -0.621319
1.258 -0.822047 -0.61923
1.26 -0.139711 -0.526184
1.262 0.405369 -0.351513
1.264 0.680607 -0.122765
1.266 0.617421 0.119619
1.268 0.224644 0.33087
1.27 -0.41455 0.471827
1.272 -1.16136 0.518026
1.274 -1.8516 0.465772
1.276 -2.33107 0.333681
1.278 -2.4885 0.159144
1.28 -2.27922 -0.0096665
1.282 -1.73465 -0.124576
1.284 -0.955697 -0.148605
1.286 -0.0916981 -0.0650114
1.288 0.690673 0.117951
1.29 1.24176 0.367804
1.292 1.45938 0.634159
1.294 1.30904 0.859321
1.296 0.829954 0.990941
1.298 0.125706 0.99395
1.3 -0.658048 0.859094
1.302 -1.36415 0.606066
1.304 -1.85621 0.280378
1.306 -2.04597 -0.0555425
1.308 -1.91019 -0.33526
1.31 -1.49381 -0.502536
1.312 -0.899079 -0.523765
1.314 -0.263216 -0.395867
1.316 0.270567 -0.147807
1.318 0.582552 0.164756
1.32 0.600501 0.470665
1.322 0.313424 0.698022
1.324 -0.227317 0.789404
1.326 -0.919342 0.714318
1.328 -1.63028 0.476198
1.33 -2.22395 0.112412
1.332 -2.58628 -0.312855
1.334 -2.64595 -0.721433
1.336 -2.38613 -1.03709
1.338 -1.8454 -1.20124
1.34 -1.10843 -1.18512
1.342 -0.288763 -0.995832
1.344 0.492402 -0.675001
1.346 1.12728 -0.290232
1.348 1.53833 0.0787536
1.35 1.68815 0.356484
1.352 1.58139 0.487178
1.354 1.2592 0.446111
1.356 0.788324 0.244567
1.358 0.24751 -0.0726014
1.36 -0.285914 -0.4363
1.362 -0.746881 -0.767448
1.364 -1.08947 -0.993216
1.366 -1.28936 -1.06189
1.368 -1.34246 -0.953293
1.37 -1.26084 -0.682744
1.372 -1.06772 -0.297707
1.374 -0.792695 0.131942
1.376 -0.468217 0.528039
1.378 -0.127515 0.819683
1.38 0.196576 0.957077
1.382 0.472606 0.92095
1.384 0.672115 0.725759
1.386 0.772207 0.4162
1.388 0.758948 0.0578737
1.39 0.630909 -0.275898
1.392 0.401825 -0.518377
1.394 0.10131 -0.622013
1.396 -0.227245 -0.566908
1.398 -0.531891 -0.363688
1.4 -0.760042 -0.0504273
1.402 -0.867899 0.315508
1.404 -0.829517 0.668881
1.406 -0.643454 0.948931
1.408 -0.335221 1.11022
1.41 0.045449 1.13001
1.412 0.43241 1.01098
1.414 0.754722 0.779087
1.416 0.949971 0.477322
1.418 0.976674 0.156823
1.42 0.823223 -0.132735
1.422 0.511374 -0.351653
1.424 0.093298 -0.476151
1.426 -0.357522 -0.500856
1.428 -0.75994 -0.437738
1.43 -1.04067 -0.312022
1.432 -1.14856 -0.156178
1.434 -1.06462 -0.00332228
1.436 -0.805837 0.118676
1.438 -0.421904 0.19137
1.44 0.0143678 0.207663
1.442 0.421041 0.171467
1.444 0.722642 0.0955101
1.446 0.864271 -0.00201021
1.448 0.821447 -0.101168
1.45 0.603779 -0.183733
1.452 0.251841 -0.235788
1.454 -0.171906 -0.249268
1.456 -0.59609 -0.222393
1.458 -0.954423 -0.159179
1.46 -1.19782 -0.0682939
1.462 -1.30224 0.0384129
1.464 -1.27098 0.147461
1.466 -1.13128 0.245225
1.468 -0.926404 0.319316
1.47 -0.705031 0.35987
1.472 -0.510534 0.360743
1.474 -0.372335 0.320511
1.476 -0.301216 0.243111
1.478 -0.289355 0.137896
1.48 -0.314742 0.0189049
1.482 -0.348585 -0.0966963
1.484 -0.363659 -0.190943
1.486 -0.341477 -0.247872
1.488 -0.27657 -0.256378
1.49 -0.177026 -0.212606
1.492 -0.0613722 -0.121366
1.494 0.0472433 0.003842
1.496 0.127981 0.142391
1.498 0.16853 0.269574
1.5 0.168973 0.3607
1.502 0.142211 0.395554
1.504 0.110754 0.362351
1.506 0.100633 0.260389
1.508 0.133972 0.100793
1.51 0.22217 -0.0948927
1.512 0.361499 -0.29809
1.514 0.532369 -0.477997
1.516 0.702606 -0.606949
1.518 0.834129 -0.66535
1.52 0.891597 -0.645233
1.522 0.851109 -0.551754
1.524 0.706907 -0.402299
1.526 0.474423 -0.223357
1.528 0.188732 -0.0457443
1.53 -0.1015 0.100916
1.532 -0.343429 0.1934
1.534 -0.490849 0.218816
1.536 -0.514056 0.176549
1.538 -0.406563 0.0779122
1.54 -0.187142 -0.0563427
1.542 0.103341 -0.200137
1.544 0.409719 -0.326958
1.546 0.673378 -0.414597
1.548 0.843964 -0.44887
1.55 0.889527 -0.425678
1.552 0.802953 -0.351119
1.554 0.603338 -0.239758
1.556 0.331961 -0.111497
1.558 0.0437076 0.0122808
1.56 -0.204253 0.112521
1.562 -0.364146 0.17559
1.564 -0.40718 0.19514
1.566 -0.329081 0.172545
1.568 -0.150475 0.115979
1.57 0.0878555 0.0384378
1.572 0.333792 -0.0448195
1.574 0.534864 -0.118894
1.576 0.649087 -0.17149
1.578 0.653399 -0.194462
1.58 0.547999 -0.184525
1.582 0.355749 -0.143167
1.584 0.116895 -0.0759188
1.586 -0.119687 0.00878258
1.588 -0.306805 0.100903
1.59 -0.408623 0.190085
1.592 -0.407695 0.266756
1.594 -0.307975 0.323016
1.596 -0.133296 0.35329
1.598 0.0782198 0.354782
1.6 0.282515 0.327727
1.602 0.43888 0.275444
1.604 0.518196 0.20412
1.606 0.50845 0.122265
1.608 0.416481 0.0398305
1.61 0.265743 -0.0330002
1.612 0.0907048 -0.0871991
1.614 -0.0707986 -0.116268
1.616 -0.185575 -0.117355
1.618 -0.231759 -0.0918738
1.62 -0.202807 -0.0454636
1.622 -0.108115 0.012791
1.624 0.0297484 0.0718011
1.626 0.180407 0.120375
1.628 0.312396 0.149248
1.63 0.399732 0.152848
1.632 0.426963 0.130417
1.634 0.391702 0.0862227
1.636 0.304265 0.0287631
1.638 0.184647 -0.0308957
1.64 0.0576519 -0.0813305
1.642 -0.0526598 -0.113069
1.644 -0.127969 -0.120513
1.646 -0.159077 -0.103081
1.648 -0.147044 -0.0653091
1.65 -0.101979 -0.0158826
1.652 -0.039915 0.0342175
1.654 0.0213933 0.0740814
1.656 0.0667301 0.0952415
1.658 0.0867615 0.0935277
1.66 0.0797427 0.0699861
1.662 0.0512919 0.0306422
1.664 0.0123937 -0.014849
1.666 -0.0237952 -0.0553705
1.668 -0.0455034 -0.0808492
1.67 -0.04538 -0.0845478
1.672 -0.0222811 -0.0646397
1.674 0.0185868 -0.0247198
1.676 0.0671537 0.0268703
1.678 0.111197 0.0787733
1.68 0.139583 0.119044
1.682 0.145242 0.137756
1.684 0.127129 0.129227
1.686 0.0906925 0.0933489
1.688 0.046713 0.0357373
1.69 0.00877201 -0.0333507
1.692 -0.0100522 -0.101101
1.694 -0.000475445 -0.154774
1.696 0.0405055 -0.184317
1.698 0.108532 -0.184411
1.7 0.192489 -0.155524
1.702 0.27668 -0.103769
1.704 0.34412 -0.0395948
1.706 0.380215 0.0243938
1.708 0.376034 0.0760363
1.71 0.330421 0.106078
1.712 0.250479 0.109976
1.714 0.150253 0.0886833
1.716 0.0479081 0.0482554
1.718 -0.0380303 -0.00159393
1.72 -0.0925417 -0.0496562
1.722 -0.107253 -0.0856263
1.724 -0.0821848 -0.102225
1.726 -0.0257343 -0.0966107
1.728 0.0470903 -0.0708142
1.73 0.117811 -0.0311389
1.732 0.168336 0.0133118
1.734 0.184727 0.0526415
1.736 0.160088 0.0782613
1.738 0.0959875 0.0846316
1.74 0.00210016 0.0702918
1.742 -0.105817 0.0379854
1.744 -0.209174 -0.00610008
1.746 -0.290322 -0.0537723
1.748 -0.336045 -0.096609
1.75 -0.340074 -0.127675
1.752 -0.304126 -0.142824
1.754 -0.237317 -0.141337
1.756 -0.154097 -0.125802
1.758 -0.0711901 -0.101312
1.76 -0.0041716 -0.0741869
1.762 0.0355934 -0.0505445
1.764 0.0430267 -0.0350184
1.766 0.0200326 -0.0299138
1.768 -0.0252795 -0.0349398
1.77 -0.080613 -0.0475331
1.772 -0.132258 -0.0636475
1.774 -0.168005 -0.0787928
1.776 -0.179582 -0.0890687
1.778 -0.16415 -0.0919626
1.78 -0.124599 -0.0867525
1.782 -0.0686407 -0.0744546
1.784 -0.00695915 -0.0573672
1.786 0.0491605 -0.0383523
1.788 0.0901867 -0.0200565
1.79 0.110184 -0.00427299
1.792 0.107772 0.00839966
1.794 0.0860584 0.0185345
1.796 0.0516187 0.0275231
1.798 0.0128325 0.0370112
1.8 -0.0220221 0.048288
1.802 -0.0464812 0.0617981
1.804 -0.0570605 0.0769035
1.806 -0.0536637 0.0919567
1.808 -0.0392034 0.104669
1.81 -0.0185794 0.112684
1.812 0.00270595 0.114211
1.814 0.0199436 0.108557
1.816 0.0302916 0.0964165
1.818 0.0332848 0.0798176
1.82 0.0306944 0.0617444
1.822 0.0258122 0.0455017
1.824 0.0223781 0.0339807
1.826 0.02344 0.0289984
1.828 0.0304417 0.0308677
1.83 0.0427624 0.0382996
1.832 0.0578173 0.0486623
1.834 0.0716882 0.0585438
1.836 0.0801269 0.0644974
1.838 0.0796813 0.0638086
1.84 0.0686623 0.0551141
1.842 0.0477081 0.0387338
1.844 0.0197962 0.0166386
1.846 -0.0103093 -0.00794234
1.848 -0.0370547 -0.0311867
1.85 -0.055308 -0.0494696
1.852 -0.0615101 -0.0601059
1.854 -0.0545001 -0.0618853
1.856 -0.0358285 -0.0552922
1.858 -0.00948212 -0.0423688
1.86 0.0189221 -0.0262623
1.862 0.0433 -0.0105555
1.864 0.0583668 0.00147226
1.866 0.0607308 0.00749659
1.868 0.0495787 0.0065789
1.87 0.0268098 -0.000708454
1.872 -0.00339855 -0.0124766
1.874 -0.0354897 -0.0259792
1.876 -0.0636878 -0.0382265
1.878 -0.083167 -0.0466171
1.88 -0.0909849 -0.0494552
1.882 -0.086592 -0.046251
1.884 -0.0718257 -0.0377549
1.886 -0.0504101 -0.0257329
1.888 -0.0270882 -0.0125446
1.89 -0.00658644 -0.000622796
1.892 0.00735833 0.00802806
1.894 0.0127059 0.0122114
1.896 0.00941709 0.011722
1.898 -0.000685036 0.00730853
1.9 -0.0144406 0.000440417
1.902 -0.0281278 -0.00705638
1.904 -0.038306 -0.0134068
1.906 -0.0425411 -0.017248
1.908 -0.0398664 -0.0178731
1.91 -0.0308939 -0.0153163
1.912 -0.0175774 -0.0102754
1.914 -0.00270019 -0.0039016
1.916 0.0107807 0.00248633
1.918 0.0203797 0.00769614
1.92 0.0245778 0.0108995
1.922 0.0230693 0.011767
1.924 0.0167272 0.0104814
1.926 0.00731804 0.00764026
1.928 -0.00295072 0.00407976
1.93 -0.0119376 0.000669127
1.932 -0.0180117 -0.00187785
1.934 -0.0203444 -0.00313459
1.936 -0.0189965 -0.00301505
1.938 -0.0148024 -0.00174658
1.94 -0.00909675 0.000222098
1.942 -0.00336065 0.00234927
1.944 0.00112432 0.00413176
1.946 0.00353644 0.00520968
1.948 0.00363929 0.00542432
1.95 0.00175903 0.00482277
1.952 -0.00136411 0.00361585
1.954 -0.00480039 0.00210619
1.956 -0.0076701 0.000607579
1.958 -0.00933983 -0.000624549
1.96 -0.00953484 -0.0014373
1.962 -0.00835176 -0.00179322
1.964 -0.00618186 -0.00175443
1.966 -0.00357559 -0.00144706
1.968 -0.0010897 -0.00101817
1.97 0.000843166 -0.000597351
1.972 0.00199333 -0.000271411
1.974 0.00234981 -7.58253e-05
1.976 0.00207896 -1.38381e-06
1.978 0.00144609 -1.067e-05
1.98 0.000727058 -5.74961e-05
1.982 0.000135316 -0.000103094
1.984 -0.000218402 -0.000125203
1.986 -0.000328417 -0.000119227
1.988 -0.000265138 -9.32713e-05
1.99 -0.000129738 -6.04461e-05
1.992 -1.00692e-05 -3.19265e-05
1.994 4.77556e-05 -1.31676e-05
1.996 4.51299e-05 -3.87426e-06
1.998 1.59422e-05 -6.17035e-07
0.5 0.209213 0.179449
1 0.201263 0.174
1.5 0.193013 0.166384
2 0.18825 0.159555
2.5 0.188004 0.157857
3 0.191239 0.165377
3.5 0.198252 0.183324
4 0.21403 0.207885
4.5 0.247869 0.230226
5 0.307454 0.239265
5.5 0.389825 0.226292
6 0.475526 0.189242
6.5 0.532672 0.134374
7 0.532991 0.0743462
7.5 0.473904 0.0234875
8 0.394028 -0.00752603
8.5 0.369406 -0.0151674
9 0.485996 -0.00336043
9.5 0.79745 0.0191548
10 1.28811 0.0428124
10.5 1.86247 0.0606325
11 2.37121 0.0697605
11.5 2.66572 0.0709883
12 2.65695 0.0670768
12.5 2.35086 0.0610314
13 1.84338 0.0551487
13.5 1.27797 0.0509847
14 0.787604 0.049819
14.5 0.448882 0.053004
15 0.268086 0.0617868
15.5 0.200528 0.0766046
16 0.187819 0.096214
16.5 0.190761 0.117163
17 0.201704 0.134009
17.5 0.234249 0.140422
18 0.301233 0.130954
18.5 0.396868 0.103006
19 0.493917 0.0583391
19.5 0.556245 0.00349527
20 0.557801 -0.0512294
20.5 0.496245 -0.0942284
21 0.393784 -0.115851
21.5 0.285721 -0.111473
22 0.203893 -0.0832397
22.5 0.163946 -0.0396632
23 0.162141 0.00697553
23.5 0.181628 0.044602
24 0.203361 0.0652325
24.5 0.215348 0.0672586
25 0.215986 0.0552544
25.5 0.211042 0.037481
26 0.207264 0.022254
26.5 0.206817 0.0147678
27 0.205613 0.0156487
27.5 0.195995 0.0216069
28 0.171754 0.0275748
28.5 0.132368 0.0291444
29 0.0840518 0.0242044
29.5 0.0371671 0.0132788
30 0.00151975 -0.00121601
30.5 -0.0178969 -0.0161523
31 -0.0226156 -0.0286892
31.5 -0.0192633 -0.0368101
32 -0.0160273 -0.0394779
32.5 -0.0189534 -0.0366232
33 -0.0297879 -0.0290858
33.5 -0.0460341 -0.0184562
34 -0.0627237 -0.00671907
34.5 -0.0747449 0.00426804
35 -0.0786351 0.013251
35.5 -0.0733109 0.019754
36 -0.0598365 0.0238729
36.5 -0.0406861 0.0258859
37 -0.018955 0.0260376
37.5 0.00222603 0.0247274
38 0.0200423 0.0229734
38.5 0.0322105 0.0226967
39 0.0371857 0.0263519
39.5 0.0344483 0.0358114
40 0.0248579 0.050982
40.5 0.0109185 0.0690032
41 -0.00331905 0.084729
41.5 -0.0129734 0.0925486
42 -0.0136918 0.0887887
42.5 -0.00328483 0.07349
43 0.0170612 0.0505694
43.5 0.0427045 0.0261965
44 0.066894 0.00618105
44.5 0.0831486 -0.00629991
45 0.0876865 -0.0115078
45.5 0.0807992 -0.0121923
46 0.0665225 -0.0115593
46.5 0.0507744 -0.0113741
47 0.0388582 -0.011231
47.5 0.0334828 -0.0092732
48 0.0341099 -0.00378464
48.5 0.0377316 0.00537642
49 0.0405122 0.0163595
49.5 0.0394335 0.0261261
50 0.0332539 0.0319693
50.5 0.0225595 0.0328753
51 0.00914867 0.0300018
51.5 -0.00478498 0.0260699
52 -0.0172706 0.0240346
52.5 -0.0268327 0.0257183
53 -0.0325119 0.0310342
53.5 -0.0338306 0.0380858
54 -0.0308366 0.0440207
54.5 -0.0242082 0.0462196
55 -0.015291 0.0433196
55.5 -0.00593013 0.0356805
56 0.00193323 0.025142
56.5 0.00678379 0.0141907
57 0.00796346 0.00488817
57.5 0.00581839 -0.00197728
58 0.00149189 -0.00712061
58.5 -0.00354574 -0.0122293
59 -0.00802413 -0.0188848
59.5 -0.0112404 -0.0274461
60 -0.0131422 -0.0364801
60.5 -0.0141405 -0.0430981
61 -0.0147792 -0.0441216
61.5 -0.0154278 -0.0375634
62 -0.0161236 -0.0237207
62.5 -0.0166003 -0.00533227
63 -0.0164515 0.0133009
63.5 -0.015329 0.0278417
64 -0.0130756 0.0354121
64.5 -0.00974532 0.0354349
65 -0.00553429 0.0295396
65.5 -0.000698281 0.0206882
66 0.00446189 0.0119826
66.5 0.00952895 0.00566416
67 0.0138847 0.00263494
67.5 0.0167437 0.00254314
68 0.0173972 0.00424483
68.5 0.0156172 0.00636525
69 0.0120041 0.0077391
69.5 0.00799136 0.00763738
70 0.00535111 0.00580556
70.5 0.00533095 0.00239509
71 0.0078502 -0.00213816
71.5 0.0112665 -0.00713457
72 0.012988 -0.0118331
72.5 0.0107345 -0.0154876
73 0.00381456 -0.0174925
73.5 -0.00632063 -0.0174928
74 -0.0166447 -0.0154383
74.5 -0.0240104 -0.0115629
75 -0.0267105 -0.00629984
75.5 -0.0252526 -0.000178454
76 -0.0218805 0.00624253
76.5 -0.0191082 0.0123801
77 -0.0181222 0.0175944
77.5 -0.0179959 0.0211847
78 -0.0161771 0.0224807
78.5 -0.00994971 0.0210425
79 0.00198923 0.0169037
79.5 0.0187281 0.0107318
80 0.0374976 0.00378481
80.5 0.0548676 -0.00237591
81 0.0680133 -0.00633701
81.5 0.0753511 -0.00727356
82 0.0763538 -0.00518806
82.5 0.0709391 -0.000840134
83 0.0590808 0.00460048
83.5 0.0410546 0.0100157
84 0.0181814 0.0147039
84.5 -0.00654575 0.0184912
85 -0.0286076 0.0215629
85.5 -0.043106 0.0241303
86 -0.0464968 0.0261283
86.5 -0.0380584 0.0271125
87 -0.020318 0.0264209
87.5 0.0018107 0.0235202
88 0.0227403 0.0183588
88.5 0.0379348 0.0115402
89 0.044906 0.00421922
89.5 0.0432419 -0.00224293
90 0.0339906 -0.00671193
90.5 0.0189882 -0.00861588
91 0.000550381 -0.00805514
91.5 -0.018488 -0.00567509
92 -0.0347641 -0.00239808
92.5 -0.0448163 0.00084764
93 -0.0460237 0.00330175
93.5 -0.0376743 0.00443325
94 -0.0215376 0.00394636
94.5 -0.00147797 0.00180145
95 0.0178662 -0.00172623
95.5 0.0327767 -0.00599736
96 0.0417226 -0.0100532
96.5 0.0455949 -0.0128086
97 0.0468337 -0.0133661
97.5 0.0479446 -0.0113353
98 0.0501878 -0.00701211
98.5 0.0530952 -0.00132026
99 0.055001 0.00447902
99.5 0.0542233 0.00919091
100 0.050206 0.0120386
100.5 0.0439727 0.012827
101 0.0376435 0.0118786
101.5 0.0332832 0.00980463
102 0.0317319 0.00723771
102.5 0.0320897 0.00464365
103 0.032181 0.0022691
103.5 0.0297766 0.000204202
104 0.0239122 -0.00150988
104.5 0.0155513 -0.00280169
105 0.00718106 -0.00355605
105.5 0.00151976 -0.00365838
106 3.09471e-05 -0.00305953
106.5 0.00207506 -0.00182302
107 0.00519212 -0.000135665
107.5 0.00637974 0.00171628
108 0.00366984 0.00339343
108.5 -0.0028595 0.00456279
109 -0.0111771 0.00496613
109.5 -0.0184152 0.00448959
110 -0.022369 0.00321557
110.5 -0.0225582 0.00142872
111 -0.0203042 -0.000445117
111.5 -0.0178344 -0.00196089
112 -0.016937 -0.00279627
112.5 -0.0178947 -0.00285171
113 -0.0192404 -0.00225851
113.5 -0.018443 -0.00128814
114 -0.013171 -0.000208258
114.5 -0.00252714 0.000838596
115 0.0123287 0.0018691
115.5 0.0284641 0.00299103
116 0.0422605 0.00427647
116.5 0.0508354 0.00565338
117 0.0531713 0.00688146
117.5 0.0504339 0.00762942
118 0.0453206 0.0076146
118.5 0.040747 0.00673385
119 0.0385116 0.00512298
119.5 0.0386079 0.00312243
120 0.0395152 0.00117234
120.5 0.0392776 -0.000312829
121 0.0367472 -0.00104356
121.5 0.0322954 -0.000904864
122 0.0276171 4.10212e-05
122.5 0.0247839 0.00158319
123 0.0251062 0.00340825
123.5 0.0284172 0.00515907
124 0.0330871 0.00650515
124.5 0.0366477 0.00721709
125 0.036644 0.0072264
125.5 0.0313519 0.00664573
126 0.0202295 0.00573129
126.5 0.00415897 0.00479068
127 -0.0144664 0.00406513
127.5 -0.0319079 0.00363256
128 -0.0436992 0.00337622
128.5 -0.0457812 0.00303974
129 -0.0358728 0.002352
129.5 -0.0144889 0.00117019
130 0.0149736 -0.000425107
130.5 0.0472404 -0.00213278
131 0.0768158 -0.00353912
131.5 0.0994728 -0.00428589
132 0.112893 -0.00421971
132.5 0.116357 -0.00344832
133 0.110027 -0.00227374
133.5 0.0945586 -0.00103652
134 0.0714283 4.52092e-05
134.5 0.0436217 0.000954491
135 0.0158457 0.00183034
135.5 -0.00642883 0.00282968
136 -0.0190122 0.00398326
136.5 -0.021136 0.00513722
137 -0.0163274 0.006019
137.5 -0.0111709 0.00638819
138 -0.0122899 0.00617744
138.5 -0.0230098 0.00553358
139 -0.0415082 0.00473324
139.5 -0.0615433 0.00403056
140 -0.0754516 0.00354132
140.5 -0.0778433 0.00324375
141 -0.0680488 0.00309469
141.5 -0.0500933 0.00317189
142 -0.0303709 0.00372294
142.5 -0.0144247 0.00505343
143 -0.00462703 0.00729668
143.5 8.61182e-05 0.0102033
144 0.00251688 0.0131052
144.5 0.004746 0.0151228
145 0.0064698 0.0155408
145.5 0.00513769 0.0141638
146 -0.00221298 0.0114463
146.5 -0.0165417 0.00830347
147 -0.0352866 0.00567785
147.5 -0.0527442 0.00407858
148 -0.0623151 0.00333705
148.5 -0.0595552 0.00271384
149 -0.0445035 0.00130992
149.5 -0.0220837 -0.00142507
150 -0.00032886 -0.00534547
150.5 0.0127643 -0.00959784
151 0.0123134 -0.0129507
151.5 -0.00176198 -0.0143071
152 -0.0250167 -0.0131617
152.5 -0.050337 -0.00980296
153 -0.0703618 -0.00518949
153.5 -0.0794214 -0.000574402
154 -0.0744606 0.00294609
154.5 -0.0550647 0.00477356
155 -0.0230942 0.00491722
155.5 0.0176496 0.00386003
156 0.061705 0.00226745
156.5 0.102494 0.00067756
157 0.133437 -0.000696473
157.5 0.149566 -0.00197962
158 0.149055 -0.00347542
158.5 0.133916 -0.00541951
159 0.109374 -0.00776849
159.5 0.0820885 -0.0101294
160 0.0579799 -0.0118715
160.5 0.0406307 -0.0123762
161 0.0308476 -0.0113161
161.5 0.02734 -0.00883246
162 0.0279106 -0.00552815
162.5 0.030436 -0.00227123
163 0.033244 0.000104564
163.5 0.034996 0.0010741
164 0.0344975 0.000557386
164.5 0.0308002 -0.0011248
165 0.0236027 -0.0034338
165.5 0.0136228 -0.00583464
166 0.00254565 -0.00795312
166.5 -0.00757394 -0.00961347
167 -0.0151752 -0.010771
167.5 -0.0198066 -0.0114063
168 -0.0220952 -0.0114552
168.5 -0.0230824 -0.0108173
169 -0.0233601 -0.00942943
169.5 -0.0225936 -0.00735366
170 -0.019776 -0.00482155
170.5 -0.0140757 -0.00220351
171 -0.00572193 8.61353e-05
171.5 0.00369693 0.00170648
172 0.0118062 0.00248101
172.5 0.0166237 0.00243145
173 0.0176591 0.0017512
173.5 0.0162307 0.000737809
174 0.0147217 -0.000288024
174.5 0.0151248 -0.00105414
175 0.0176849 -0.00138593
175.5 0.020463 -0.00122734
176 0.0201686 -0.000633373
176.5 0.0139065 0.000261965
177 0.000944312 0.00129244
177.5 -0.0164589 0.00230559
178 -0.0336632 0.00319197
178.5 -0.045467 0.0038898
179 -0.048289 0.00437021
179.5 -0.0416928 0.00461925
180 -0.0285684 0.00463278
180.5 -0.0139325 0.00442841
181 -0.00292087 0.00406236
181.5 0.0011561 0.00363102
182 -0.00206061 0.00324342
182.5 -0.010025 0.00297061
183 -0.0183833 0.00279679
183.5 -0.0226507 0.00260222
184 -0.0198497 0.00219475
184.5 -0.00955171 0.0013814
185 0.00603201 5.15306e-05
185.5 0.0229485 -0.00176129
186 0.0370712 -0.00385791
186.5 0.0457259 -0.00589304
187 0.0486683 -0.00742433
187.5 0.0479362 -0.00798188
188 0.0465954 -0.00715763
188.5 0.0469739 -0.00471456
189 0.0492992 -0.000700514
189.5 0.0515049 0.00447285
190 0.0503709 0.0100388
190.5 0.0434148 0.0150086
191 0.030491 0.018416
191.5 0.0141761 0.0196003
192 -0.00131781 0.0184199
192.5 -0.0121264 0.0152988
193 -0.0165272 0.011081
193.5 -0.0155748 0.00674903
194 -0.0122786 0.00312625
194.5 -0.00984657 0.000683946
195 -0.0100051 -0.000489194
195.5 -0.0122886 -0.000581619
196 -0.0145804 9.32758e-05
196.5 -0.0144658 0.00120433
197 -0.0105659 0.00242626
197.5 -0.00313842 0.00341198
198 0.00624783 0.0037858
198.5 0.0156114 0.00321117
199 0.0234092 0.00152344
199.5 0.0288738 -0.0011461
200 0.0317825 -0.00434624
200.5 0.0319923 -0.007427
201 0.0291854 -0.00976754
201.5 0.0230684 -0.011003
202 0.0139001 -0.011135
202.5 0.00294848 -0.010473
203 -0.00753128 -0.00944696
203.5 -0.0149358 -0.00840305
204 -0.0173277 -0.0074932
204.5 -0.0143195 -0.0067046
205 -0.00733537 -0.0059845
205.5 0.000946071 -0.00536125
206 0.0077451 -0.0049759
206.5 0.011391 -0.00500755
207 0.0120025 -0.00555075
207.5 0.0113099 -0.00653398
208 0.0117129 -0.00773494
208.5 0.015044 -0.00887777
209 0.021636 -0.00974125
209.5 0.0301248 -0.0102045
210 0.038041 -0.0102086
210.5 0.0428693 -0.00967864
211 0.0430609 -0.00848509
211.5 0.038565 -0.0064929
212 0.0307185 -0.00368208
212.5 0.0216485 -0.000261314
213 0.0135268 0.00331205
213.5 0.0079967 0.00644196
214 0.0059226 0.00859294
214.5 0.00741022 0.00948512
215 0.0119345 0.00919468
215.5 0.0184406 0.00812273
216 0.0254042 0.00686075
216.5 0.0309468 0.00601649
217 0.0331249 0.00605726
217.5 0.0304145 0.00719565
218 0.0222628 0.00932123
218.5 0.00947017 0.0119868
219 -0.00582682 0.0144779
219.5 -0.0206564 0.0159954
220 -0.0320673 0.015938
220.5 -0.0380303 0.0141993
221 -0.0380343 0.0113349
221.5 -0.0331395 0.0084686
222 -0.0254868 0.00690733
222.5 -0.0174916 0.00758359
223 -0.0110649 0.0105674
223.5 -0.00715389 0.0148985
224 -0.00570818 0.0188688
224.5 -0.00597742 0.0206746
225 -0.00692596 0.0191703
225.5 -0.0075761 0.0143828
226 -0.00720844 0.00754323
226.5 -0.00546457 0.000608537
227 -0.0024262 -0.00451355
227.5 0.00132277 -0.0066891
228 0.00473778 -0.0059134
228.5 0.00656536 -0.0031623
229 0.00581313 0.000153719
229.5 0.00227744 0.0028452
230 -0.00315003 0.00438959
230.5 -0.00863588 0.00497577
231 -0.0120487 0.00517272
231.5 -0.0118485 0.00543979
232 -0.00780239 0.00576487
232.5 -0.0011543 0.00563064
233 0.0058675 0.00431962
233.5 0.0109849 0.00138053
234 0.0128027 -0.00300724
234.5 0.0113058 -0.0079749
235 0.00771734 -0.0122486
235.5 0.00383858 -0.014635
236 0.00122398 -0.014472
236.5 0.000582228 -0.0118411
237 0.00163668 -0.00747272
237.5 0.00343252 -0.0024273
238 0.00487809 0.00227668
238.5 0.00524256 0.00592807
239 0.00440526 0.00820993
239.5 0.0028001 0.00913751
240 0.00113834 0.00893264
240.5 6.56476e-05 0.00791196
241 -9.65246e-05 0.00641756
241.5 0.000561755 0.00477469
242 0.00162898 0.0032502
242.5 0.00257775 0.00200762
243 0.00298935 0.00108137
243.5 0.00270587 0.000396597
244 0.00185738 -0.000163409
244.5 0.000768178 -0.000674793
245 -0.000202743 -0.00112369
245.5 -0.000809475 -0.00142048
246 -0.000992215 -0.00146838
246.5 -0.000856102 -0.00124154
247 -0.000584048 -0.000822233
247.5 -0.000338602 -0.000373298
248 -0.000202039 -6.3277e-05
248.5 -0.000173218 1.05915e-05
249 -0.000205565 -0.000141446
249.5 -0.000252692 -0.000421409
250 -0.000293802 -0.000701008
250.5 -0.000331404 -0.000880847
251 -0.000373294 -0.000921829
251.5 -0.000417163 -0.000841014
252 -0.000448898 -0.0006852
252.5 -0.000452732 -0.000503066
253 -0.000423108 -0.000329866
253.5 -0.000368891 -0.00018583
254 -0.000307824 -8.08832e-05
254.5 -0.000256261 -1.82239e-05
255 -0.000221415 5.23941e-06
255.5 -0.000200207 -1.1569e-06
256 -0.000183839 -2.44173e-05
256.5 -0.000164048 -5.26673e-05
257 -0.000137232 -7.89489e-05
257.5 -0.000105077 -0.000101301
258 -7.26031e-05 -0.000119531
258.5 -4.54564e-05 -0.000131839
259 -2.77925e-05 -0.000134345
259.5 -2.11692e-05 -0.000123828
260 -2.43484e-05 -0.000101088
260.5 -3.37993e-05 -7.18808e-05
261 -4.47338e-05 -4.44444e-05
261.5 -5.24196e-05 -2.5451e-05
262 -5.33937e-05 -1.72947e-05
262.5 -4.62251e-05 -1.82931e-05
263 -3.16781e-05 -2.49825e-05
263.5 -1.23499e-05 -3.43077e-05
264 8.05776e-06 -4.41573e-05
264.5 2.57027e-05 -5.25273e-05
265 3.76557e-05 -5.68536e-05
265.5 4.27719e-05 -5.46707e-05
266 4.20062e-05 -4.52224e-05
266.5 3.79173e-05 -3.04926e-05
267 3.34974e-05 -1.44395e-05
267.5 3.08815e-05 -7.38066e-07
268 3.06029e-05 9.30346e-06
268.5 3.17363e-05 1.70079e-05
269 3.27228e-05 2.4554e-05
269.5 3.23015e-05 3.25745e-05
270 3.00345e-05 3.90439e-05
270.5 2.62975e-05 4.03484e-05
271 2.19734e-05 3.37521e-05
271.5 1.81469e-05 1.94657e-05
272 1.58877e-05 9.16414e-07
272.5 1.59993e-05 -1.68255e-05
273 1.86416e-05 -2.92983e-05
273.5 2.29805e-05 -3.42206e-05
274 2.72012e-05 -3.17896e-05
274.5 2.91033e-05 -2.40638e-05
275 2.71042e-05 -1.41414e-05
275.5 2.11098e-05 -5.50206e-06
276 1.26867e-05 -1.34668e-06
276.5 4.36468e-06 -3.6719e-06
277 -1.57377e-06 -1.22505e-05
277.5 -4.14273e-06 -2.41821e-05
278 -3.98842e-06 -3.46505e-05
278.5 -2.89192e-06 -3.88476e-05
279 -2.77022e-06 -3.41744e-05
279.5 -4.71056e-06 -2.14909e-05
280 -8.47665e-06 -4.68228e-06
280.5 -1.26579e-05 1.11939e-05
281 -1.53582e-05 2.21049e-05
281.5 -1.51282e-05 2.64332e-05
282 -1.17529e-05 2.50227e-05
282.5 -6.52891e-06 2.01697e-05
283 -1.83492e-06 1.4312e-05
283.5 -1.15144e-07 9.09265e-06
284 -2.72672e-06 5.05595e-06
284.5 -9.25074e-06 1.85945e-06
285 -1.76741e-05 -1.24974e-06
285.5 -2.53787e-05 -4.89761e-06
286 -3.04016e-05 -9.13652e-06
286.5 -3.22656e-05 -1.32556e-05
287 -3.19569e-05 -1.60005e-05
287.5 -3.11488e-05 -1.61942e-05
288 -3.12047e-05 -1.34782e-05
288.5 -3.25483e-05 -8.71768e-06
289 -3.46777e-05 -3.73769e-06
289.5 -3.66681e-05 -4.60611e-07
290 -3.77544e-05 6.56396e-08
290.5 -3.76437e-05 -1.85097e-06
291 -3.64633e-05 -4.84659e-06
291.5 -3.44973e-05 -7.35575e-06
292 -3.19468e-05 -8.44209e-06
292.5 -2.88577e-05 -8.09357e-06
293 -2.522e-05 -6.88535e-06
293.5 -2.11326e-05 -5.35378e-06
294 -1.69052e-05 -3.57369e-06
294.5 -1.29998e-05 -1.21367e-06
295 -9.79245e-06 2.03696e-06
295.5 -7.25029e-06 6.02625e-06
296 -4.72955e-06 1.00045e-05
296.5 -1.12651e-06 1.28731e-05
297 4.53561e-06 1.36503e-05
297.5 1.22955e-05 1.1903e-05
298 2.06999e-05 7.96795e-06
298.5 2.69987e-05 2.91106e-06
299 2.82271e-05 -1.74472e-06
299.5 2.27542e-05 -4.4681e-06
300 1.14691e-05 -4.24875e-06
300.5 -2.15015e-06 -1.0397e-06
301 -1.32744e-05 4.10404e-06
301.5 -1.77101e-05 9.34079e-06
302 -1.36375e-05 1.27573e-05
302.5 -2.2465e-06 1.31906e-05
303 1.2951e-05 1.07561e-05
303.5 2.76507e-05 6.80533e-06
304 3.83017e-05 3.33068e-06
304.5 4.30113e-05 2.12367e-06
305 4.16302e-05 4.09105e-06
305.5 3.52786e-05 9.00622e-06
306 2.57205e-05 1.57204e-05
306.5 1.48593e-05 2.26488e-05
307 4.40916e-06 2.82848e-05
307.5 -4.31424e-06 3.15654e-05
308 -1.05175e-05 3.20297e-05
308.5 -1.39418e-05 2.97921e-05
309 -1.47504e-05 2.53884e-05
309.5 -1.33559e-05 1.95649e-05
310 -1.03015e-05 1.30878e-05
310.5 -6.25682e-06 6.64112e-06
311 -2.05552e-06 8.34485e-07
311.5 1.37402e-06 -3.73696e-06
312 3.27069e-06 -6.4856e-06
312.5 3.40023e-06 -6.95265e-06
313 2.27276e-06 -5.0303e-06
313.5 1.00642e-06 -1.1539e-06
314 8.34314e-07 3.6826e-06
314.5 2.49877e-06 8.14341e-06
315 5.87752e-06 1.09175e-05
315.5 1.00584e-05 1.10743e-05
316 1.38083e-05 8.27698e-06
316.5 1.61517e-05 2.82931e-06
317 1.6737e-05 -4.39095e-06
317.5 1.58243e-05 -1.20576e-05
318 1.39688e-05 -1.85922e-05
318.5 1.16344e-05 -2.24789e-05
319 8.9742e-06 -2.2687e-05
319.5 5.88333e-06 -1.90734e-05
320 2.25761e-06 -1.25532e-05
320.5 -1.72382e-06 -4.88317e-06
321 -5.47909e-06 1.9117e-06
321.5 -8.16227e-06 6.23581e-06
322 -9.01021e-06 7.43431e-06
322.5 -7.72409e-06 5.90598e-06
323 -4.67282e-06 2.81725e-06
323.5 -7.8314e-07 -4.01555e-07
324 2.85525e-06 -2.54558e-06
324.5 5.48014e-06 -2.95571e-06
325 6.99178e-06 -1.63315e-06
325.5 7.9638e-06 8.18109e-07
326 9.33693e-06 3.3835e-06
326.5 1.19581e-05 4.93987e-06
327 1.61727e-05 4.61867e-06
327.5 2.16059e-05 2.12468e-06
328 2.71677e-05 -2.12574e-06
328.5 3.12587e-05 -7.13093e-06
329 3.21701e-05 -1.16551e-05
329.5 2.86639e-05 -1.46485e-05
330 2.06331e-05 -1.5553e-05
330.5 9.58297e-06 -1.43953e-05
331 -1.41083e-06 -1.16903e-05
331.5 -8.48508e-06 -8.25766e-06
332 -8.37033e-06 -5.03342e-06
332.5 1.75876e-07 -2.8905e-06
333 1.56036e-05 -2.44397e-06
333.5 3.39539e-05 -3.85107e-06
334 5.03075e-05 -6.69159e-06
334.5 6.06424e-05 -1.00408e-05
335 6.32162e-05 -1.27732e-05
335.5 5.88532e-05 -1.39944e-05
336 5.01065e-05 -1.33897e-05
336.5 3.9832e-05 -1.13026e-05
337 2.99308e-05 -8.50138e-06
337.5 2.08166e-05 -5.77829e-06
338 1.17202e-05 -3.61506e-06
338.5 1.53517e-06 -2.08904e-06
339 -1.02754e-05 -1.03062e-06
339.5 -2.31169e-05 -2.87644e-07
340 -3.52452e-05 9.37851e-08
340.5 -4.42627e-05 -1.15045e-07
341 -4.79338e-05 -1.13771e-06
341.5 -4.50183e-05 -2.96198e-06
342 -3.58052e-05 -5.21283e-06
342.5 -2.21143e-05 -7.2119e-06
343 -6.73308e-06 -8.20835e-06
343.5 7.49508e-06 -7.68398e-06
344 1.85394e-05 -5.59898e-06
344.5 2.56354e-05 -2.46083e-06
345 2.91705e-05 8.35873e-07
345.5 3.01466e-05 3.35427e-06
346 2.95641e-05 4.5059e-06
346.5 2.80518e-05 4.30444e-06
347 2.58646e-05 3.34408e-06
347.5 2.31333e-05 2.49108e-06
348 2.01246e-05 2.42885e-06
348.5 1.73262e-05 3.28585e-06
349 1.53245e-05 4.5443e-06
349.5 1.45837e-05 5.28502e-06
350 1.52731e-05 4.64867e-06
350.5 1.72277e-05 2.28336e-06
351 2.00405e-05 -1.43976e-06
351.5 2.32198e-05 -5.54153e-06
352 2.63354e-05 -8.82218e-06
352.5 2.90929e-05 -1.03463e-05
353 3.13138e-05 -9.81971e-06
353.5 3.2839e-05 -7.7067e-06
354 3.34231e-05 -5.0439e-06
354.5 3.27162e-05 -3.0251e-06
355 3.04038e-05 -2.52274e-06
355.5 2.64806e-05 -3.74117e-06
356 2.15142e-05 -6.14817e-06
356.5 1.67003e-05 -8.71346e-06
357 1.35826e-05 -1.0345e-05
357.5 1.34913e-05 -1.03241e-05
358 1.69467e-05 -8.54919e-06
358.5 2.33341e-05 -5.50742e-06
359 3.10423e-05 -2.03214e-06
359.5 3.80244e-05 1.00326e-06
360 4.25242e-05 2.91554e-06
360.5 4.36416e-05 3.31485e-06
361 4.15173e-05 2.12344e-06
361.5 3.71103e-05 -4.19962e-07
362 3.17183e-05 -3.74937e-06
362.5 2.64639e-05 -7.00682e-06
363 2.19396e-05 -9.1989e-06
363.5 1.81119e-05 -9.48848e-06
364 1.44891e-05 -7.52825e-06
364.5 1.04715e-05 -3.66971e-06
365 5.74565e-06 1.09289e-06
365.5 5.60681e-07 5.4618e-06
366 -4.23327e-06 8.32554e-06
366.5 -7.41454e-06 9.17737e-06
367 -7.79834e-06 8.26617e-06
367.5 -4.66242e-06 6.41057e-06
368 1.96292e-06 4.56959e-06
368.5 1.12156e-05 3.379e-06
369 2.15233e-05 2.87899e-06
369.5 3.08783e-05 2.56726e-06
370 3.72315e-05 1.7539e-06
370.5 3.8976e-05 3.89513e-08
371 3.54448e-05 -2.34292e-06
371.5 2.72568e-05 -4.51754e-06
372 1.63026e-05 -5.34703e-06
372.5 5.25542e-06 -4.0183e-06
373 -3.28688e-06 -5.3701e-07
373.5 -7.68547e-06 4.15908e-06
374 -7.75248e-06 8.56467e-06
374.5 -4.6028e-06 1.12841e-05
375 4.00796e-08 1.16716e-05
375.5 4.68599e-06 1.0093e-05
376 8.60357e-06 7.67716e-06
376.5 1.17869e-05 5.70646e-06
377 1.44848e-05 4.99443e-06
377.5 1.66814e-05 5.58119e-06
378 1.79098e-05 6.87571e-06
378.5 1.75283e-05 8.10841e-06
379 1.52524e-05 8.79533e-06
379.5 1.15628e-05 8.94253e-06
380 7.68518e-06 8.90342e-06
380.5 5.11135e-06 9.01762e-06
381 4.91296e-06 9.27721e-06
381.5 7.22251e-06 9.22804e-06
382 1.11569e-05 8.16058e-06
382.5 1.52181e-05 5.47692e-06
383 1.79655e-05 1.03198e-06
383.5 1.8636e-05 -4.72475e-06
384 1.74373e-05 -1.08675e-05
384.5 1.54037e-05 -1.63019e-05
385 1.39017e-05 -2.01112e-05
385.5 1.40056e-05 -2.17921e-05
386 1.60038e-05 -2.13049e-05
386.5 1.92284e-05 -1.89589e-05
387 2.22705e-05 -1.52315e-05
387.5 2.35086e-05 -1.06257e-05
388 2.17701e-05 -5.62401e-06
388.5 1.68984e-05 -7.19838e-07
389 1.00193e-05 3.54579e-06
389.5 3.37379e-06 6.61408e-06
390 -2.88579e-07 8.02297e-06
390.5 1.39002e-06 7.56063e-06
391 9.46687e-06 5.37885e-06
391.5 2.31256e-05 2.00572e-06
392 3.97102e-05 -1.7506e-06
392.5 5.54236e-05 -4.96927e-06
393 6.6473e-05 -6.80531e-06
393.5 7.02331e-05 -6.66749e-06
394 6.59799e-05 -4.37182e-06
394.5 5.49437e-05 -2.49526e-07
395 3.97356e-05 4.83932e-06
395.5 2.34597e-05 9.64643e-06
396 8.88919e-06 1.28505e-05
396.5 -2.04381e-06 1.34781e-05
397 -8.40893e-06 1.12725e-05
397.5 -1.02015e-05 6.831e-06
398 -8.15826e-06 1.41368e-06
398.5 -3.51306e-06 -3.52185e-06
399 2.31787e-06 -6.86011e-06
399.5 8.1034e-06 -8.19768e-06
400 1.31079e-05 -7.88218e-06
400.5 1.71871e-05 -6.7274e-06
401 2.05899e-05 -5.56944e-06
401.5 2.35602e-05 -4.89045e-06
402 2.59863e-05 -4.67557e-06
402.5 2.73388e-05 -4.5291e-06
403 2.69627e-05 -3.9433e-06
403.5 2.45416e-05 -2.55854e-06
404 2.04227e-05 -2.94026e-07
404.5 1.55647e-05 2.67275e-06
405 1.11123e-05 6.01207e-06
405.5 7.84351e-06 9.34003e-06
406 5.81634e-06 1.22564e-05
406.5 4.41757e-06 1.43409e-05
407 2.77258e-06 1.51715e-05
407.5 2.76441e-07 1.44168e-05
408 -3.04028e-06 1.19857e-05
408.5 -6.48416e-06 8.15381e-06
409 -8.99962e-06 3.56339e-06
409.5 -9.63831e-06 -9.46557e-07
410 -7.98385e-06 -4.62517e-06
410.5 -4.35786e-06 -7.07148e-06
411 2.71373e-07 -8.33045e-06
411.5 4.64245e-06 -8.76584e-06
412 7.67912e-06 -8.77964e-06
412.5 8.89667e-06 -8.53977e-06
413 8.55453e-06 -7.87501e-06
413.5 7.47565e-06 -6.399e-06
414 6.60892e-06 -3.79162e-06
414.5 6.54426e-06 -7.70412e-08
415 7.21924e-06 4.25904e-06
415.5 7.95627e-06 8.38167e-06
416 7.79449e-06 1.13989e-05
416.5 5.93518e-06 1.2701e-05
417 2.08685e-06 1.21992e-05
417.5 -3.41708e-06 1.03655e-05
418 -9.72195e-06 8.05841e-06
418.5 -1.56811e-05 6.19974e-06
419 -2.01115e-05 5.42088e-06
419.5 -2.20313e-05 5.8166e-06
420 -2.08748e-05 6.91048e-06
420.5 -1.66706e-05 7.86033e-06
421 -1.01191e-05 7.8292e-06
421.5 -2.48779e-06 6.36375e-06
422 4.70565e-06 3.60541e-06
422.5 1.01432e-05 2.32035e-07
423 1.31086e-05 -2.8398e-06
423.5 1.36553e-05 -4.84073e-06
424 1.24547e-05 -5.4329e-06
424.5 1.04027e-05 -4.77075e-06
425 8.18957e-06 -3.3467e-06
425.5 6.05319e-06 -1.74093e-06
426 3.83303e-06 -4.19218e-07
426.5 1.27119e-06 3.42942e-07
427 -1.62735e-06 4.31212e-07
427.5 -4.39658e-06 -1.59957e-07
428 -6.20567e-06 -1.33656e-06
428.5 -6.21925e-06 -2.87195e-06
429 -4.04077e-06 -4.39073e-06
429.5 -5.61083e-10 -5.42986e-06
430 4.88065e-06 -5.58232e-06
430.5 9.25735e-06 -4.66085e-06
431 1.19862e-05 -2.79299e-06
431.5 1.25605e-05 -3.90875e-07
432 1.12491e-05 1.99381e-06
432.5 8.8948e-06 3.86388e-06
433 6.50313e-06 4.94145e-06
433.5 4.8424e-06 5.25117e-06
434 4.23558e-06 5.10767e-06
434.5 4.59238e-06 5.0175e-06
435 5.59416e-06 5.51507e-06
435.5 6.88942e-06 6.96171e-06
436 8.20121e-06 9.35836e-06
436.5 9.3388e-06 1.22461e-05
437 1.01709e-05 1.47675e-05
437.5 1.06151e-05 1.59133e-05
438 1.06486e-05 1.48954e-05
438.5 1.0304e-05 1.15038e-05
439 9.62224e-06 6.28146e-06
439.5 8.58409e-06 4.11306e-07
440 7.08397e-06 -4.6686e-06
440.5 5.00005e-06 -7.7757e-06
441 2.35031e-06 -8.40722e-06
441.5 -5.49401e-07 -6.90012e-06
442 -3.03763e-06 -4.26775e-06
442.5 -4.23859e-06 -1.79817e-06
443 -3.35085e-06 -5.96727e-07
443.5 1.39669e-08 -1.25969e-06
444 5.58409e-06 -3.7819e-06
444.5 1.23842e-05 -7.68071e-06
445 1.89332e-05 -1.22276e-05
445.5 2.36367e-05 -1.66621e-05
446 2.52544e-05 -2.03195e-05
446.5 2.32926e-05 -2.26806e-05
447 1.81807e-05 -2.34059e-05
447.5 1.11531e-05 -2.23943e-05
448 3.86259e-06 -1.98537e-05
448.5 -2.14464e-06 -1.63143e-05
449 -5.89988e-06 -1.25197e-05
449.5 -7.253e-06 -9.19752e-06
450 -6.80474e-06 -6.7972e-06
450.5 -5.58001e-06 -5.3265e-06
451 -4.59067e-06 -4.38128e-06
451.5 -4.46252e-06 -3.36179e-06
452 -5.25255e-06 -1.76498e-06
452.5 -6.49514e-06 5.96415e-07
453 -7.4331e-06 3.54736e-06
453.5 -7.33758e-06 6.67194e-06
454 -5.80423e-06 9.50777e-06
454.5 -2.92527e-06 1.16973e-05
455 7.24647e-07 1.3032e-05
455.5 4.28867e-06 1.34068e-05
456 6.94047e-06 1.27587e-05
456.5 8.18271e-06 1.10535e-05
457 8.0048e-06 8.33653e-06
457.5 6.83735e-06 4.80273e-06
458 5.33946e-06 8.2638e-07
458.5 4.13146e-06 -3.08718e-06
459 3.59591e-06 -6.41521e-06
459.5 3.81234e-06 -8.74789e-06
460 4.60992e-06 -9.8819e-06
460.5 5.67323e-06 -9.84741e-06
461 6.64348e-06 -8.87041e-06
461.5 7.19864e-06 -7.29434e-06
462 7.12653e-06 -5.48912e-06
462.5 6.39554e-06 -3.77015e-06
463 5.19387e-06 -2.34161e-06
463.5 3.89108e-06 -1.273e-06
464 2.90462e-06 -5.12743e-07
464.5 2.51696e-06 6.52169e-08
465 2.73723e-06 5.96032e-07
465.5 3.29218e-06 1.16263e-06
466 3.76067e-06 1.76178e-06
466.5 3.78166e-06 2.31181e-06
467 3.22277e-06 2.69929e-06
467.5 2.2249e-06 2.84404e-06
468 1.11416e-06 2.75087e-06
468.5 2.42879e-07 2.51906e-06
469 -1.55468e-07 2.29903e-06
469.5 -3.99323e-08 2.21327e-06
470 4.44781e-07 2.28243e-06
470.5 1.0319e-06 2.40115e-06
471 1.4226e-06 2.38651e-06
471.5 1.38026e-06 2.08076e-06
472 8.09973e-07 1.45487e-06
472.5 -1.99856e-07 6.51297e-07
473 -1.39732e-06 -6.52236e-08
473.5 -2.45317e-06 -4.28531e-07
474 -3.0857e-06 -2.99677e-07
474.5 -3.17117e-06 2.66767e-07
475 -2.7885e-06 1.05361e-06
475.5 -2.17959e-06 1.78864e-06
476 -1.6482e-06 2.26739e-06
476.5 -1.44589e-06 2.42673e-06
477 -1.68984e-06 2.33917e-06
477.5 -2.33399e-06 2.14423e-06
478 -3.1917e-06 1.96343e-06
478.5 -3.99653e-06 1.8442e-06
479 -4.48521e-06 1.75285e-06
479.5 -4.48317e-06 1.60732e-06
480 -3.9665e-06 1.3243e-06
480.5 -3.07297e-06 8.57397e-07
481 -2.05021e-06 2.15143e-07
481.5 -1.15908e-06 -5.40865e-07
482 -5.76957e-07 -1.31199e-06
482.5 -3.47105e-07 -1.98633e-06
483 -3.93502e-07 -2.46439e-06
483.5 -5.81497e-07 -2.68033e-06
484 -7.8231e-07 -2.61414e-06
484.5 -9.07957e-07 -2.29259e-06
485 -9.12782e-07 -1.78152e-06
485.5 -7.82316e-07 -1.17343e-06
486 -5.30541e-07 -5.72631e-07
486.5 -2.06484e-07 -7.76963e-08
487 1.07467e-07 2.39018e-07
487.5 3.20667e-07 3.50217e-07
488 3.75934e-07 2.82071e-07
488.5 2.8064e-07 1.0435e-07
489 1.01918e-07 -9.69605e-08
489.5 -7.39275e-08 -2.52785e-07
490 -1.89855e-07 -3.33122e-07
490.5 -2.40337e-07 -3.4759e-07
491 -2.54989e-07 -3.27237e-07
491.5 -2.62112e-07 -3.01622e-07
492 -2.64731e-07 -2.85841e-07
492.5 -2.47459e-07 -2.82291e-07
493 -2.03521e-07 -2.90121e-07
493.5 -1.53551e-07 -3.11057e-07
494 -1.36537e-07 -3.46219e-07
494.5 -1.79752e-07 -3.88663e-07
495 -2.74315e-07 -4.21186e-07
495.5 -3.7847e-07 -4.24267e-07
496 -4.46334e-07 -3.89294e-07
496.5 -4.58036e-07 -3.26445e-07
497 -4.27046e-07 -2.60083e-07
497.5 -3.81579e-07 -2.14424e-07
498 -3.39313e-07 -1.9999e-07
498.5 -2.98423e-07 -2.10389e-07
499 -2.50612e-07 -2.30445e-07
499.5 -2.0034e-07 -2.48028e-07
500 -1.69157e-07 -2.60328e-07
