-1.998 -7.46667e-06 -5.86211e-06
-1.996 -2.91228e-05 -2.32797e-05
-1.994 -5.81161e-05 -5.36198e-05
-1.992 -7.95759e-05 -0.000104541
-1.99 -7.52645e-05 -0.000193443
-1.988 -3.2343e-05 -0.000346285
-1.986 4.79877e-05 -0.000590038
-1.984 0.000146715 -0.00093949
-1.982 0.00023131 -0.0013819
-1.98 0.000268126 -0.00186508
-1.978 0.000239313 -0.00229507
-1.976 0.000157856 -0.00254769
-1.974 7.37123e-05 -0.00249477
-1.972 6.59326e-05 -0.00204083
-1.97 0.000219948 -0.00116115
-1.968 0.000594529 7.07251e-05
-1.966 0.00118767 0.00147775
-1.964 0.00191307 0.00280416
-1.962 0.00259804 0.00377028
-1.96 0.0030089 0.00414824
-1.958 0.00290292 0.00384085
-1.956 0.00209712 0.00294155
-1.954 0.0005375 0.00175401
-1.952 -0.00165152 0.000757517
-1.95 -0.00415534 0.000516826
-1.948 -0.0065057 0.00155012
-1.946 -0.0081639 0.00418236
-1.944 -0.00863635 0.00841972
-1.942 -0.00759704 0.0138812
-1.94 -0.00498646 0.0198138
-1.938 -0.00105913 0.0252018
-1.936 0.0036378 0.0289556
-1.934 0.00835644 0.0301472
-1.932 0.0122942 0.0282403
-1.93 0.0147627 0.0232575
-1.928 0.0153399 0.015838
-1.926 0.0139673 0.00715947
-1.924 0.0109655 -0.00127439
-1.922 0.0069587 -0.00794057
-1.92 0.00272511 -0.0116365
-1.918 -0.000994588 -0.0117742
-1.916 -0.00368091 -0.00855512
-1.914 -0.00516372 -0.00297523
-1.912 -0.00565819 0.00335511
-1.91 -0.00569432 0.00854676
-1.908 -0.00595401 0.0108547
-1.906 -0.00705557 0.00909317
-1.904 -0.00934318 0.00294491
-1.902 -0.0127426 -0.00691652
-1.9 -0.0167309 -0.0189294
-1.898 -0.0204416 -0.0309597
-1.896 -0.0228881 -0.0407667
-1.894 -0.0232571 -0.0465143
-1.892 -0.0211955 -0.0472102
-1.89 -0.01701 -0.0429634
-1.888 -0.0117105 -0.034991
-1.886 -0.00686227 -0.0253599
-1.884 -0.00426202 -0.0165152
-1.882 -0.00549602 -0.0106998
-1.88 -0.0114828 -0.00940383
-1.878 -0.0221152 -0.0129806
-1.876 -0.0361061 -0.0205297
-1.874 -0.0511044 -0.030089
-1.872 -0.0640877 -0.0391005
-1.87 -0.0719717 -0.0450468
-1.868 -0.0723197 -0.04611
-1.866 -0.063995 -0.0416867
-1.864 -0.0475973 -0.0326262
-1.862 -0.0255589 -0.0211151
-1.86 -0.00183856 -0.0102187
-1.858 0.0187581 -0.0031749
-1.856 0.0315192 -0.00260213
-1.854 0.0328436 -0.0098138
-1.852 0.0211162 -0.024415
-1.85 -0.00276293 -0.0442953
-1.848 -0.0353407 -0.0660399
-1.846 -0.0711101 -0.0856778
-1.844 -0.103477 -0.0996007
-1.842 -0.126019 -0.105435
-1.84 -0.133783 -0.102652
-1.838 -0.124355 -0.092744
-1.836 -0.0984521 -0.0789142
-1.834 -0.0599069 -0.065306
-1.832 -0.0150045 -0.0559544
-1.83 0.0286984 -0.0536933
-1.828 0.0638542 -0.0592939
-1.826 0.0848037 -0.0710627
-1.824 0.0887531 -0.0850313
-1.822 0.0763988 -0.0957326
-1.82 0.0518617 -0.0974147
-1.818 0.0219293 -0.085431
-1.816 -0.00525232 -0.0574858
-1.814 -0.0217777 -0.0144312
-1.812 -0.0215504 0.0396004
-1.81 -0.00150426 0.0978068
-1.808 0.0377703 0.151975
-1.806 0.0921158 0.194143
-1.804 0.154588 0.218316
-1.802 0.216758 0.221839
-1.8 0.270257 0.206103
-1.798 0.308257 0.176387
-1.796 0.326583 0.140837
-1.794 0.324252 0.108759
-1.792 0.303369 0.0886007
-1.79 0.268432 0.0860541
-1.788 0.22523 0.102699
-1.786 0.179595 0.135509
-1.784 0.13627 0.177346
-1.782 0.0981476 0.218362
-1.78 0.0659964 0.248028
-1.778 0.0387007 0.257371
-1.776 0.0139066 0.240934
-1.774 -0.0111261 0.198045
-1.772 -0.0386969 0.133099
-1.77 -0.0700743 0.0547575
-1.768 -0.105268 -0.02575
-1.766 -0.143192 -0.0968984
-1.764 -0.182124 -0.149197
-1.762 -0.22032 -0.177075
-1.76 -0.256558 -0.179913
-1.758 -0.290468 -0.161995
-1.756 -0.322507 -0.13142
-1.754 -0.353584 -0.0982215
-1.752 -0.384432 -0.0721154
-1.75 -0.414888 -0.060387
-1.748 -0.443334 -0.0663562
-1.746 -0.466498 -0.0887517
-1.744 -0.479775 -0.122114
-1.742 -0.478065 -0.158126
-1.74 -0.45701 -0.187556
-1.738 -0.414351 -0.202384
-1.736 -0.351061 -0.197603
-1.734 -0.271922 -0.172295
-1.732 -0.185321 -0.129742
-1.73 -0.102187 -0.07655
-1.728 -0.0342151 -0.0210353
-1.726 0.00832438 0.02874
-1.724 0.0187614 0.0667966
-1.722 -0.00428324 0.0905039
-1.72 -0.056097 0.100995
-1.718 -0.126227 0.10265
-1.716 -0.200033 0.101773
-1.714 -0.261232 0.104792
-1.712 -0.295014 0.116397
-1.71 -0.291104 0.138064
-1.708 -0.246142 0.167329
-1.706 -0.164804 0.198036
-1.704 -0.0593416 0.221527
-1.702 0.0524797 0.228563
-1.7 0.150714 0.21153
-1.698 0.217235 0.166432
-1.696 0.239622 0.0941906
-1.694 0.214129 0.000933939
-1.692 0.147069 -0.10284
-1.69 0.0542401 -0.204064
-1.688 -0.0416195 -0.2895
-1.686 -0.114972 -0.348256
-1.684 -0.14247 -0.373873
-1.682 -0.107835 -0.365574
-1.68 -0.00564144 -0.32839
-1.678 0.156855 -0.27213
-1.676 0.360323 -0.209402
-1.674 0.576405 -0.153068
-1.672 0.772716 -0.113667
-1.67 0.918866 -0.0973297
-1.668 0.992349 -0.104634
-1.666 0.98312 -0.130614
-1.664 0.895919 -0.165938
-1.662 0.749817 -0.198979
-1.66 0.574968 -0.218346
-1.658 0.407079 -0.215339
-1.656 0.280605 -0.185808
-1.654 0.221938 -0.131062
-1.652 0.243942 -0.0576312
-1.65 0.342987 0.0240513
-1.648 0.499193 0.101765
-1.646 0.679945 0.164
-1.644 0.846095 0.202305
-1.642 0.959667 0.213017
-1.64 0.991535 0.197987
-1.638 0.92752 0.164151
-1.636 0.771639 0.12202
-1.634 0.545804 0.0833988
-1.632 0.285944 0.0588152
-1.63 0.0352458 0.055199
-1.628 -0.164222 0.0742949
-1.626 -0.279876 0.112158
-1.624 -0.295305 0.159851
-1.622 -0.213906 0.205235
-1.62 -0.0586275 0.235504
-1.618 0.132202 0.239986
-1.616 0.312217 0.212608
-1.614 0.436062 0.15352
-1.612 0.468345 0.0694898
-1.61 0.390641 -0.0270615
-1.608 0.205138 -0.12025
-1.606 -0.0658064 -0.193744
-1.604 -0.384088 -0.234041
-1.602 -0.703341 -0.233336
-1.6 -0.977949 -0.19139
-1.598 -1.17177 -0.115949
-1.596 -1.26477 -0.0215231
-1.594 -1.25632 0.073307
-1.592 -1.16441 0.149587
-1.59 -1.0211 0.191962
-1.588 -0.865237 0.19206
-1.586 -0.733883 0.150525
-1.584 -0.654542 0.0771736
-1.582 -0.639753 -0.0108509
-1.58 -0.685298 -0.0926035
-1.578 -0.772379 -0.147879
-1.576 -0.873187 -0.161854
-1.574 -0.958466 -0.12886
-1.572 -1.00522 -0.0544326
-1.57 -1.00268 0.0449196
-1.568 -0.955062 0.144394
-1.566 -0.880432 0.215652
-1.564 -0.805964 0.232824
-1.562 -0.760586 0.178586
-1.56 -0.766775 0.0489564
-1.558 -0.833426 -0.144336
-1.556 -0.95159 -0.37463
-1.554 -1.09434 -0.604327
-1.552 -1.2211 -0.791471
-1.55 -1.28579 -0.8977
-1.548 -1.24708 -0.896016
-1.546 -1.07849 -0.776799
-1.544 -0.775919 -0.550756
-1.542 -0.360549 -0.248037
-1.54 0.12381 0.0865344
-1.538 0.618599 0.401404
-1.536 1.06211 0.647956
-1.534 1.40236 0.790038
-1.532 1.60836 0.811358
-1.53 1.67733 0.719133
-1.528 1.63604 0.543093
-1.526 1.53562 0.32992
-1.524 1.44085 0.134123
-1.522 1.41569 0.00714364
-1.52 1.50823 -0.0131776
-1.518 1.73819 0.0893445
-1.516 2.09004 0.305323
-1.514 2.51349 0.600897
-1.512 2.93169 0.923741
-1.51 3.25579 1.21291
-1.508 3.40294 1.41061
-1.506 3.31406 1.47354
-1.504 2.96748 1.38147
-1.502 2.38554 1.14138
-1.5 1.63222 0.786175
-1.498 0.80227 0.368364
-1.496 0.00358272 -0.0500575
-1.494 -0.663544 -0.40939
-1.492 -1.12612 -0.663328
-1.49 -1.35298 -0.787146
-1.488 -1.361 -0.781417
-1.486 -1.21153 -0.670633
-1.484 -0.997519 -0.497151
-1.482 -0.823907 -0.311867
-1.48 -0.785168 -0.163601
-1.478 -0.944635 -0.0894436
-1.476 -1.31993 -0.107975
-1.474 -1.87766 -0.216641
-1.472 -2.53863 -0.393624
-1.47 -3.1927 -0.603557
-1.468 -3.72028 -0.805682
-1.466 -4.01629 -0.962532
-1.464 -4.01154 -1.04724
-1.462 -3.68729 -1.04801
-1.46 -3.0799 -0.968898
-1.458 -2.27466 -0.827132
-1.456 -1.39 -0.647775
-1.454 -0.555178 -0.457206
-1.452 0.113925 -0.277041
-1.45 0.53622 -0.119902
-1.448 0.679744 0.0120831
-1.446 0.566236 0.125911
-1.444 0.265226 0.234011
-1.442 -0.120964 0.349345
-1.44 -0.478156 0.480636
-1.438 -0.702919 0.629008
-1.436 -0.722349 0.786883
-1.434 -0.507225 0.939399
-1.432 -0.076159 1.06794
-1.43 0.509736 1.15477
-1.428 1.16023 1.18752
-1.426 1.77438 1.16233
-1.424 2.26003 1.08475
-1.422 2.55057 0.96823
-1.42 2.61577 0.8306
-1.418 2.46509 0.689555
-1.416 2.14328 0.558285
-1.414 1.71981 0.442506
-1.412 1.27453 0.339674
-1.41 0.88265 0.24062
-1.408 0.601934 0.133237
-1.406 0.464336 0.00729239
-1.404 0.473339 -0.14091
-1.402 0.60683 -0.305311
-1.4 0.824278 -0.469365
-1.398 1.07617 -0.608261
-1.396 1.31344 -0.693825
-1.394 1.49497 -0.701102
-1.392 1.59207 -0.615074
-1.39 1.58961 -0.435852
-1.388 1.48459 -0.180961
-1.386 1.28308 0.115973
-1.384 0.997036 0.410044
-1.382 0.641817 0.652523
-1.38 0.235184 0.799512
-1.378 -0.202371 0.820139
-1.376 -0.646483 0.702675
-1.374 -1.06798 0.457385
-1.372 -1.43325 0.115535
-1.37 -1.70669 -0.275297
-1.368 -1.85545 -0.658711
-1.366 -1.8558 -0.978386
-1.364 -1.69988 -1.18672
-1.362 -1.40107 -1.25173
-1.36 -0.996468 -1.16113
-1.358 -0.544983 -0.923247
-1.356 -0.120941 -0.565132
-1.354 0.196482 -0.128377
-1.352 0.336317 0.33629
-1.35 0.24915 0.774949
-1.348 -0.0818294 1.13628
-1.346 -0.634412 1.37684
-1.344 -1.3472 1.46547
-1.342 -2.12622 1.38684
-1.34 -2.85765 1.14384
-1.338 -3.42473 0.758571
-1.336 -3.72627 0.27174
-1.334 -3.69348 -0.260202
-1.332 -3.30226 -0.770377
-1.33 -2.57866 -1.18938
-1.328 -1.59622 -1.45528
-1.326 -0.465573 -1.52438
-1.324 0.682113 -1.38094
-1.322 1.71498 -1.04358
-1.32 2.5203 -0.566305
-1.318 3.02098 -0.0328908
-1.316 3.18613 0.455304
-1.314 3.0343 0.796873
-1.312 2.62887 0.910385
-1.31 2.06668 0.753122
-1.308 1.46159 0.334372
-1.306 0.925616 -0.280387
-1.304 0.550823 -0.976567
-1.302 0.394742 -1.60874
-1.3 0.471885 -2.02749
-1.298 0.75264 -2.10998
-1.296 1.16966 -1.78814
-1.294 1.63056 -1.06825
-1.292 2.03478 -0.0369433
-1.29 2.29163 1.14876
-1.288 2.33678 2.28691
-1.286 2.14404 3.16763
-1.284 1.73066 3.6149
-1.282 1.15499 3.52482
-1.28 0.506801 2.89185
-1.278 -0.108314 1.81645
-1.276 -0.587673 0.49113
-1.274 -0.850367 -0.833704
-1.272 -0.852811 -1.89781
-1.27 -0.598097 -2.48378
-1.268 -0.137175 -2.46322
-1.266 0.438767 -1.8266
-1.264 1.01374 -0.689752
-1.262 1.46761 0.725197
-1.26 1.69829 2.13164
-1.258 1.64117 3.23529
-1.256 1.2821 3.79474
-1.254 0.661294 3.67304
-1.252 -0.132688 2.86901
-1.25 -0.977905 1.52068
-1.248 -1.74039 -0.120718
-1.246 -2.29799 -1.74143
-1.244 -2.56234 -3.03015
-1.242 -2.49461 -3.74346
-1.24 -2.11182 -3.75774
-1.238 -1.48241 -3.09612
-1.236 -0.711692 -1.92451
-1.234 0.0796799 -0.516933
-1.232 0.779679 0.802703
-1.23 1.30633 1.73038
-1.228 1.62209 2.04832
-1.226 1.7383 1.67332
-1.224 1.70909 0.676078
-1.222 1.61625 -0.733195
-1.22 1.5486 -2.25027
-1.218 1.58058 -3.54359
-1.216 1.75501 -4.32748
-1.214 2.07401 -4.42563
-1.212 2.50005 -3.81058
-1.21 2.96664 -2.61037
-1.208 3.3958 -1.08066
-1.206 3.71767 0.451583
-1.204 3.88729 1.66077
-1.202 3.89449 2.29551
-1.2 3.76414 2.23538
-1.198 3.54677 1.51863
-1.196 3.3016 0.33424
-1.194 3.07627 -1.02041
-1.192 2.88868 -2.20681
-1.19 2.71659 -2.92262
-1.188 2.49863 -2.9712
-1.186 2.14803 -2.30756
-1.184 1.57654 -1.05003
-1.182 0.723103 0.545247
-1.18 -0.420131 2.14149
-1.178 -1.79152 3.39717
-1.176 -3.25897 4.04358
-1.174 -4.63629 3.94645
-1.172 -5.71524 3.13742
-1.17 -6.30769 1.80807
-1.168 -6.28939 0.267603
-1.166 -5.6354 -1.12656
-1.164 -4.43815 -2.04947
-1.162 -2.90152 -2.28243
-1.16 -1.30994 -1.76273
-1.158 0.0232445 -0.597997
-1.156 0.818281 0.958425
-1.154 0.889507 2.56541
-1.152 0.190579 3.87201
-1.15 -1.16616 4.59749
-1.148 -2.92178 4.59473
-1.146 -4.71374 3.88242
-1.144 -6.14284 2.63841
-1.142 -6.85198 1.15593
-1.14 -6.60119 -0.227035
-1.138 -5.32314 -1.20851
-1.136 -3.14635 -1.59438
-1.134 -0.379623 -1.34433
-1.132 2.54084 -0.580859
-1.13 5.13167 0.441025
-1.128 6.9541 1.39641
-1.126 7.69836 1.97088
-1.124 7.24367 1.93943
-1.122 5.6813 1.22503
-1.12 3.29587 -0.0780209
-1.118 0.508315 -1.72201
-1.116 -2.20817 -3.36182
-1.114 -4.42214 -4.63611
-1.112 -5.82846 -5.25461
-1.11 -6.30563 -5.07077
-1.108 -5.93361 -4.12181
-1.106 -4.96862 -2.62585
-1.104 -3.78046 -0.935797
-1.102 -2.76651 0.540232
-1.1 -2.2612 1.43416
-1.098 -2.46074 1.5067
-1.096 -3.37935 0.708623
-1.094 -4.84617 -0.800851
-1.092 -6.54331 -2.68421
-1.09 -8.07649 -4.49884
-1.088 -9.06253 -5.7975
-1.086 -9.21428 -6.23317
-1.084 -8.40412 -5.64377
-1.082 -6.69221 -4.09634
-1.08 -4.31337 -1.87906
-1.078 -1.62614 0.558364
-1.076 0.964223 2.70323
-1.074 3.0913 4.09563
-1.072 4.5025 4.43522
-1.07 5.10673 3.65439
-1.068 4.98462 1.94045
-1.066 4.35943 -0.299711
-1.064 3.53624 -2.52593
-1.062 2.82414 -4.18405
-1.06 2.46025 -4.83204
-1.058 2.55363 -4.24451
-1.056 3.06238 -2.47112
-1.054 3.80884 0.165412
-1.052 4.52893 3.13298
-1.05 4.94348 5.80235
-1.048 4.83447 7.58376
-1.046 4.10772 8.05782
-1.044 2.82636 7.07141
-1.042 1.20638 4.77683
-1.04 -0.426132 1.60467
-1.038 -1.70664 -1.82436
-1.036 -2.31639 -4.83008
-1.034 -2.05903 -6.81774
-1.032 -0.911066 -7.40554
-1.03 0.966759 -6.5065
-1.028 3.26064 -4.34673
-1.026 5.57101 -1.41561
-1.024 7.5009 1.64122
-1.022 8.74502 4.16257
-1.02 9.15892 5.61536
-1.018 8.79142 5.70957
-1.016 7.8719 4.45936
-1.014 6.75413 2.17695
-1.012 5.82884 -0.599025
-1.01 5.42474 -3.22466
-1.008 5.72138 -5.09424
-1.006 6.69507 -5.77393
-1.004 8.11188 -5.09615
-1.002 9.57143 -3.19413
-1 10.5933 -0.469642
-0.998 10.7276 2.4981
-0.996 9.66609 5.0817
-0.994 7.32657 6.74413
-0.992 3.89235 7.15608
-0.99 -0.206552 6.26646
-0.988 -4.36785 4.31069
-0.986 -7.93341 1.75541
-0.984 -10.3236 -0.807588
-0.982 -11.161 -2.79396
-0.98 -10.3558 -3.75574
-0.978 -8.13468 -3.47766
-0.976 -5.00394 -2.01986
-0.974 -1.65466 0.301307
-0.972 1.17268 2.98839
-0.97 2.83643 5.47576
-0.968 2.9245 7.25444
-0.966 1.34078 7.98116
-0.964 -1.67118 7.54814
-0.962 -5.57242 6.09889
-0.96 -9.63204 3.98768
-0.958 -13.069 1.69237
-0.956 -15.2033 -0.298446
-0.954 -15.5862 -1.59765
-0.952 -14.0831 -2.0049
-0.95 -10.8943 -1.54548
-0.948 -6.50971 -0.454921
-0.946 -1.61059 0.885521
-0.944 3.06206 2.04584
-0.942 6.84315 2.65307
-0.94 9.25702 2.48101
-0.938 10.0876 1.5036
-0.936 9.39428 -0.100189
-0.934 7.47424 -1.99053
-0.932 4.78269 -3.74999
-0.93 1.83019 -4.9864
-0.928 -0.919778 -5.43127
-0.926 -3.13162 -5.01005
-0.924 -4.64101 -3.86691
-0.922 -5.45478 -2.33727
-0.92 -5.71197 -0.873809
-0.918 -5.61974 0.0573681
-0.916 -5.38322 0.0865688
-0.914 -5.14781 -0.968637
-0.912 -4.96763 -3.05231
-0.91 -4.80562 -5.8706
-0.908 -4.56254 -8.94445
-0.906 -4.12492 -11.7038
-0.904 -3.41817 -13.6038
-0.902 -2.44978 -14.2386
-0.9 -1.32973 -13.4284
-0.898 -0.260428 -11.2615
-0.896 0.50381 -8.08098
-0.894 0.719087 -4.41959
-0.892 0.220561 -0.895327
-0.89 -1.02124 1.91075
-0.888 -2.8726 3.56923
-0.886 -5.04626 3.88623
-0.884 -7.14837 2.9396
-0.882 -8.75315 1.06057
-0.88 -9.48993 -1.23501
-0.878 -9.12436 -3.35109
-0.876 -7.61649 -4.73021
-0.874 -5.14227 -4.96309
-0.872 -2.07172 -3.86784
-0.87 1.09436 -1.52437
-0.868 3.81796 1.74141
-0.866 5.62867 5.41974
-0.864 6.21719 8.91309
-0.862 5.49738 11.6477
-0.86 3.62382 13.1798
-0.858 0.962443 13.2767
-0.856 -1.97855 11.9577
-0.854 -4.64286 9.48837
-0.852 -6.52707 6.33056
-0.85 -7.26971 3.05742
-0.848 -6.71217 0.251188
-0.846 -4.92006 -1.59876
-0.844 -2.16108 -2.17965
-0.842 1.15557 -1.4075
-0.84 4.56492 0.560095
-0.838 7.63782 3.35214
-0.836 10.059 6.44806
-0.834 11.6761 9.26656
-0.832 12.5125 11.2646
-0.83 12.7434 12.0298
-0.828 12.6448 11.3513
-0.826 12.524 9.25718
-0.824 12.6494 6.01199
-0.822 13.1896 2.0763
-0.82 14.1759 -1.96707
-0.818 15.4942 -5.50762
-0.816 16.9061 -8.00796
-0.814 18.0957 -9.09437
-0.812 18.7289 -8.6217
-0.81 18.5164 -6.70083
-0.808 17.2664 -3.683
-0.806 14.9214 -0.102745
-0.804 11.5733 3.41123
-0.802 7.45434 6.24221
-0.8 2.90724 7.89033
-0.798 -1.66316 8.05794
-0.796 -5.8476 6.70026
-0.794 -9.29069 4.03182
-0.792 -11.7404 0.486684
-0.79 -13.0812 -3.36124
-0.788 -13.3485 -6.90347
-0.786 -12.721 -9.60784
-0.784 -11.4962 -11.1133
-0.782 -10.0472 -11.2894
-0.78 -8.76792 -10.2497
-0.778 -8.01051 -8.31555
-0.776 -8.02456 -5.94102
-0.774 -8.90811 -3.61326
-0.772 -10.5806 -1.75066
-0.77 -12.7848 -0.61926
-0.768 -15.119 -0.284687
-0.766 -17.097 -0.609329
-0.764 -18.2276 -1.29505
-0.762 -18.1022 -1.96194
-0.76 -16.477 -2.2455
-0.758 -13.3344 -1.88983
-0.756 -8.90995 -0.814806
-0.754 -3.67521 0.859482
-0.752 1.7234 2.83735
-0.75 6.56299 4.71605
-0.748 10.1627 6.08205
-0.746 12.0016 6.61189
-0.744 11.814 6.1536
-0.742 9.64513 4.76844
-0.74 5.85371 2.7223
-0.738 1.05899 0.427515
-0.736 -3.96184 -1.65226
-0.734 -8.40949 -3.11247
-0.732 -11.6065 -3.70728
-0.73 -13.1204 -3.41399
-0.728 -12.8407 -2.44519
-0.726 -10.9931 -1.20324
-0.724 -8.08721 -0.185409
-0.722 -4.81108 0.139803
-0.72 -1.89184 -0.543818
-0.718 0.0488064 -2.30713
-0.716 0.616952 -4.93764
-0.714 -0.276747 -7.96915
-0.712 -2.40169 -10.7756
-0.71 -5.25754 -12.7108
-0.708 -8.18098 -13.2622
-0.706 -10.487 -12.1843
-0.704 -11.614 -9.57657
-0.702 -11.2407 -5.88518
-0.7 -9.34832 -1.82314
-0.698 -6.2162 1.7778
-0.696 -2.35356 4.15268
-0.694 1.6166 4.78584
-0.692 5.0945 3.54875
-0.69 7.63209 0.759007
-0.688 9.02506 -2.85747
-0.686 9.34842 -6.29871
-0.684 8.92735 -8.49023
-0.682 8.24951 -8.51947
-0.68 7.83896 -5.85158
-0.678 8.12142 -0.477761
-0.676 9.31323 7.04033
-0.674 11.3612 15.6462
-0.672 13.948 23.9742
-0.67 16.5639 30.61
-0.668 18.627 34.3731
-0.666 19.6269 34.5634
-0.664 19.257 31.1173
-0.662 17.5049 24.641
-0.66 14.6755 16.3104
-0.658 11.3409 7.65505
-0.656 8.22219 0.266776
-0.654 6.02991 -4.51029
-0.652 5.29733 -5.84643
-0.65 6.2444 -3.59464
-0.648 8.70485 1.67583
-0.646 12.1354 8.78931
-0.644 15.7093 16.1957
-0.642 18.4781 22.2766
-0.64 19.571 25.6626
-0.638 18.3884 25.4963
-0.636 14.7497 21.59
-0.634 8.95723 14.4487
-0.632 1.76215 5.15813
-0.63 -5.76757 -4.83591
-0.628 -12.4494 -14.0103
-0.626 -17.2198 -21.0534
-0.624 -19.3503 -25.1016
-0.622 -18.6037 -25.8796
-0.62 -15.2957 -23.7187
-0.618 -10.247 -19.4542
-0.616 -4.63298 -14.2287
-0.614 0.244423 -9.24737
-0.612 3.21655 -5.53768
-0.61 3.48851 -3.76426
-0.608 0.80882 -4.13294
-0.606 -4.46798 -6.3971
-0.604 -11.4399 -9.95639
-0.602 -18.8258 -14.0186
-0.6 -25.2094 -17.7835
-0.598 -29.3116 -20.6075
-0.596 -30.2383 -22.1121
-0.594 -27.6563 -22.2212
-0.592 -21.8645 -21.1231
-0.59 -13.745 -19.1769
-0.588 -4.60159 -16.7915
-0.586 4.08342 -14.3101
-0.584 10.9275 -11.9303
-0.582 14.9066 -9.67675
-0.58 15.5425 -7.43112
-0.578 12.9832 -5.0088
-0.576 7.9627 -2.2587
-0.574 1.64998 0.843771
-0.572 -4.58008 4.14058
-0.57 -9.40897 7.29237
-0.568 -11.8201 9.84183
-0.566 -11.2823 11.3252
-0.564 -7.83873 11.403
-0.562 -2.08659 9.9738
-0.56 4.94621 7.23951
-0.558 12.0016 3.70166
-0.556 17.829 0.0848965
-0.554 21.4144 -2.79885
-0.552 22.1561 -4.21918
-0.55 19.9578 -3.69397
-0.548 15.2243 -1.11714
-0.546 8.76729 3.1847
-0.544 1.64199 8.48596
-0.542 -5.04916 13.7869
-0.54 -10.3497 18.0081
-0.538 -13.604 20.2147
-0.536 -14.5487 19.8213
-0.534 -13.3267 16.7307
-0.532 -10.4264 11.3755
-0.53 -6.56163 4.65152
-0.528 -2.51809 -2.24384
-0.526 0.998702 -8.03856
-0.524 3.48486 -11.6333
-0.522 4.70579 -12.3218
-0.52 4.70286 -9.93923
-0.518 3.74576 -4.90627
-0.516 2.24825 1.84383
-0.514 0.669295 9.04282
-0.512 -0.5803 15.3344
-0.51 -1.21011 19.5394
-0.508 -1.091 20.8849
-0.506 -0.25979 19.1514
-0.504 1.11167 14.7106
-0.502 2.77492 8.44996
-0.5 4.47526 1.59916
-0.498 6.01403 -4.50677
-0.496 7.2849 -8.6828
-0.494 8.27512 -10.1188
-0.492 9.03599 -8.53012
-0.49 9.63735 -4.20523
-0.488 10.1248 2.05931
-0.486 10.4941 9.11961
-0.484 10.6883 15.7068
-0.482 10.6152 20.6646
-0.48 10.1773 23.1571
-0.478 9.30762 22.8083
-0.476 8.00271 19.7527
-0.474 6.34564 14.591
-0.472 4.50946 8.26104
-0.47 2.73356 1.85126
-0.468 1.27187 -3.60752
-0.466 0.322545 -7.3308
-0.464 -0.0415536 -8.91327
-0.462 0.0819197 -8.38298
-0.46 0.421917 -6.17181
-0.458 0.579407 -3.01454
-0.456 0.112664 0.199168
-0.454 -1.35675 2.59035
-0.452 -4.04115 3.44535
-0.45 -7.90996 2.33498
-0.448 -12.6574 -0.8196
-0.446 -17.7267 -5.74362
-0.444 -22.3937 -11.8671
-0.442 -25.9016 -18.4322
-0.44 -27.6227 -24.6278
-0.438 -27.214 -29.7239
-0.436 -24.7274 -33.1797
-0.434 -20.6396 -34.7117
-0.432 -15.7878 -34.3127
-0.43 -11.2173 -32.2283
-0.428 -7.96888 -28.8993
-0.426 -6.8518 -24.8818
-0.424 -8.24859 -20.7569
-0.422 -11.9961 -17.0455
-0.42 -17.3717 -14.139
-0.418 -23.1948 -12.2581
-0.416 -28.0339 -11.4426
-0.414 -30.4852 -11.5689
-0.412 -29.4727 -12.3873
-0.41 -24.5069 -13.5681
-0.408 -15.8423 -14.7483
-0.406 -4.48988 -15.5747
-0.404 7.93299 -15.7392
-0.402 19.4922 -15.0059
-0.4 28.3131 -13.2271
-0.398 32.9636 -10.3515
-0.396 32.7643 -6.42444
-0.394 27.9542 -1.58502
-0.392 19.6759 3.93721
-0.39 9.77611 9.82816
-0.388 0.457362 15.7024
-0.386 -6.15618 21.1306
-0.384 -8.45375 25.6853
-0.382 -5.68551 29
-0.38 1.85467 30.8327
-0.378 12.8597 31.1197
-0.376 25.257 30.0061
-0.374 36.6308 27.8484
-0.372 44.7296 25.1815
-0.37 47.9529 22.6523
-0.368 45.7054 20.9194
-0.366 38.5445 20.5326
-0.364 28.0839 21.8086
-0.362 16.6718 24.7322
-0.36 6.90674 28.9089
-0.358 1.08726 33.5908
-0.356 0.707328 37.7791
-0.354 6.10639 40.3908
-0.352 16.3556 40.4619
-0.35 29.4152 37.3501
-0.348 42.5402 30.8988
-0.346 52.8516 21.529
-0.344 57.9509 10.2306
-0.342 56.4414 -1.55668
-0.34 48.2393 -12.1662
-0.338 34.6032 -20.0005
-0.336 17.8727 -23.8462
-0.334 0.969958 -23.1435
-0.332 -13.2324 -18.1482
-0.33 -22.5399 -9.94706
-0.328 -25.9241 -0.311796
-0.326 -23.7577 8.58885
-0.324 -17.7382 14.574
-0.322 -10.5084 15.8677
-0.32 -5.05308 11.4711
-0.318 -4.00002 1.4146
-0.316 -8.98057 -13.1718
-0.314 -20.1923 -30.1998
-0.312 -36.2683 -46.9626
-0.31 -54.4947 -60.6155
-0.308 -71.3447 -68.7049
-0.306 -83.2282 -69.6408
-0.304 -87.2982 -63.0182
-0.302 -82.1366 -49.724
-0.3 -68.1546 -31.8051
-0.298 -47.6041 -12.1179
-0.296 -24.1815 6.18247
-0.294 -2.2999 20.2215
-0.292 13.8204 27.9449
-0.29 21.0487 28.5075
-0.288 18.0378 22.4298
-0.286 5.56657 11.481
-0.284 -13.5516 -1.68698
-0.282 -34.9851 -14.0816
-0.28 -53.7346 -22.9735
-0.278 -65.1536 -26.4397
-0.276 -65.9296 -23.7381
-0.274 -54.82 -15.4424
-0.272 -32.9766 -3.31072
-0.27 -3.78024 10.0865
-0.268 27.7926 21.9084
-0.266 56.1453 29.6451
-0.264 76.1805 31.6519
-0.262 84.332 27.4977
-0.26 79.2914 18.0506
-0.258 62.2768 5.28196
-0.256 36.782 -8.16382
-0.254 7.85739 -19.5338
-0.252 -18.9248 -26.5419
-0.25 -38.6022 -27.8335
-0.248 -47.8119 -23.2486
-0.246 -45.4348 -13.8348
-0.244 -32.7669 -1.61101
-0.242 -13.1912 10.8681
-0.24 8.57638 21.0569
-0.238 27.5092 26.9577
-0.236 39.351 27.5358
-0.234 41.53 22.9176
-0.232 33.7094 14.3288
-0.23 17.8503 3.79014
-0.228 -2.234 -6.35532
-0.226 -21.7353 -13.9694
-0.224 -35.9269 -17.5781
-0.222 -41.214 -16.662
-0.22 -35.9224 -11.721
-0.218 -20.6594 -4.10897
-0.216 1.82318 4.31727
-0.214 27.2226 11.6484
-0.212 50.6028 16.3702
-0.21 67.4424 17.7041
-0.208 74.5942 15.7658
-0.206 70.9545 11.5058
-0.204 57.6952 6.45178
-0.202 38.0027 2.31087
-0.2 16.3729 0.527737
-0.198 -2.38428 1.90242
-0.196 -14.2076 6.36215
-0.194 -16.6758 12.9463
-0.192 -9.5279 20.0125
-0.19 5.29746 25.6158
-0.188 24.106 27.9719
-0.186 42.2711 25.8939
-0.184 55.2552 19.0981
-0.182 59.6129 8.30878
-0.18 53.7587 -4.86676
-0.178 38.338 -18.2618
-0.176 16.1141 -29.601
-0.174 -8.60869 -36.9749
-0.172 -30.9084 -39.2368
-0.17 -46.3156 -36.2356
-0.168 -51.7977 -28.8359
-0.166 -46.4385 -18.7193
-0.164 -31.6617 -8.00923
-0.162 -10.9509 1.19977
-0.16 10.8747 7.2966
-0.158 28.672 9.4889
-0.156 38.0601 7.94057
-0.154 36.3552 3.68198
-0.152 23.1591 -1.68385
-0.15 0.477489 -6.40594
-0.148 -27.6635 -9.03399
-0.146 -56.0308 -8.77683
-0.144 -79.2615 -5.68234
-0.142 -92.974 -0.600667
-0.14 -94.6751 5.05213
-0.138 -84.2634 9.6675
-0.136 -64.0287 11.8649
-0.134 -38.1596 10.8601
-0.132 -11.8794 6.69404
-0.13 9.60518 0.267828
-0.128 22.1309 -6.83023
-0.126 23.3907 -12.6724
-0.124 13.3825 -15.4449
-0.122 -5.59236 -13.9068
-0.12 -29.3931 -7.7437
-0.118 -52.8846 2.28244
-0.116 -70.9971 14.4377
-0.114 -79.769 26.3627
-0.112 -77.1392 35.5793
-0.11 -63.3139 40.0368
-0.108 -40.6521 38.5673
-0.106 -13.1272 31.1492
-0.104 14.4867 18.9286
-0.102 37.5292 3.99913
-0.1 52.3088 -11.0106
-0.098 56.7678 -23.461
-0.096 50.8548 -31.2346
-0.094 36.5275 -33.169
-0.092 17.3586 -29.29
-0.09 -2.20265 -20.7875
-0.088 -17.765 -9.72966
-0.086 -25.904 1.422
-0.084 -24.8232 10.3835
-0.082 -14.6211 15.5607
-0.08 2.85561 16.3718
-0.078 24.4819 13.3071
-0.076 46.4989 7.72731
-0.074 65.1955 1.47522
-0.072 77.527 -3.59401
-0.07 81.6034 -6.05274
-0.068 76.9861 -5.21816
-0.066 64.7311 -1.28654
-0.064 47.143 4.73302
-0.062 27.2698 11.2599
-0.06 8.25506 16.5042
-0.058 -7.27872 18.8827
-0.056 -17.6533 17.4101
-0.054 -22.2834 11.9776
-0.052 -21.5729 3.43213
-0.05 -16.6538 -6.58473
-0.048 -9.07 -16.0118
-0.046 -0.473245 -22.8594
-0.044 7.64215 -25.6866
-0.042 14.1547 -23.941
-0.04 18.4586 -18.0746
-0.038 20.4988 -9.41135
-0.036 20.6742 0.186677
-0.034 19.6215 8.75206
-0.032 17.9443 14.626
-0.03 15.9834 16.7659
-0.028 13.7132 14.9086
-0.026 10.7968 9.58676
-0.024 6.76949 2.00456
-0.022 1.27219 -6.21649
-0.02 -5.74502 -13.3895
-0.018 -13.9073 -18.1432
-0.016 -22.4118 -19.7347
-0.014 -30.1354 -18.2029
-0.012 -35.8307 -14.3084
-0.01 -38.37 -9.27672
-0.008 -36.9813 -4.42627
-0.006 -31.4233 -0.797177
-0.004 -22.0594 1.1102
-0.002 -9.82005 1.42362
0 3.93218 0.806321
0.002 17.6057 0.22287
0.004 29.619 0.630001
0.006 38.6359 2.66953
0.008 43.7655 6.43891
0.01 44.691 11.4053
0.012 41.7012 16.5011
0.014 35.6096 20.391
0.016 27.576 21.847
0.018 18.8668 20.1207
0.02 10.6104 15.1974
0.022 3.6016 7.85116
0.024 -1.80441 -0.514963
0.026 -5.68547 -8.18827
0.028 -8.43263 -13.5327
0.03 -10.5421 -15.3438
0.032 -12.3775 -13.1034
0.034 -13.9839 -7.10068
0.036 -15.0319 1.58975
0.038 -14.9224 11.2782
0.04 -13.0194 19.9741
0.042 -8.9221 25.8049
0.044 -2.68229 27.4509
0.046 5.09988 24.4778
0.048 13.313 17.4647
0.05 20.4783 7.88297
0.052 24.9651 -2.25037
0.054 25.254 -10.8551
0.056 20.2378 -16.2828
0.058 9.53434 -17.6929
0.06 -6.25393 -15.213
0.062 -25.4381 -9.85524
0.064 -45.3921 -3.23221
0.066 -62.9767 2.84115
0.068 -75.1577 6.76922
0.07 -79.6538 7.54142
0.072 -75.4408 4.97381
0.074 -62.9943 -0.22781
0.076 -44.2407 -6.60748
0.078 -22.2558 -12.2828
0.08 -0.771582 -15.391
0.082 16.4442 -14.5623
0.084 26.2692 -9.31101
0.086 26.8693 -0.235257
0.088 18.1667 11.0456
0.09 1.98513 22.2192
0.092 -18.218 30.7983
0.094 -38.0142 34.697
0.096 -52.9156 32.7198
0.098 -59.3133 24.8488
0.1 -55.2205 12.2667
0.102 -40.6697 -2.88144
0.104 -17.7101 -17.9267
0.106 9.96571 -30.2161
0.108 37.6886 -37.6426
0.11 60.6692 -39.0605
0.112 74.9121 -34.5051
0.114 78.0287 -25.1693
0.116 69.774 -13.1341
0.118 52.1639 -0.906654
0.12 29.1107 9.13092
0.122 5.6376 15.2341
0.124 -13.1588 16.6439
0.126 -23.1628 13.6922
0.128 -22.083 7.64771
0.13 -9.91467 0.358281
0.132 11.0571 -6.2151
0.134 36.7046 -10.4582
0.136 61.8671 -11.4569
0.138 81.3749 -9.17319
0.14 91.0954 -4.40982
0.142 88.7921 1.42201
0.144 74.6121 6.67714
0.146 51.083 9.90426
0.148 22.6062 10.2262
0.15 -5.45024 7.58134
0.152 -27.8628 2.76241
0.154 -40.6288 -2.76442
0.156 -41.7772 -7.22183
0.158 -31.7497 -8.97545
0.16 -13.2785 -6.96472
0.162 9.20613 -1.00225
0.164 30.5144 8.13232
0.166 45.7859 18.8281
0.168 51.5031 28.9786
0.17 46.2178 36.4402
0.172 30.8334 39.5068
0.174 8.38276 37.2914
0.176 -16.6485 29.9295
0.178 -39.3059 18.5618
0.18 -55.2374 5.1022
0.182 -61.6217 -8.16045
0.184 -57.7515 -19.0412
0.186 -45.1547 -25.9139
0.188 -27.2324 -28.0398
0.19 -8.49602 -25.6956
0.192 6.43024 -20.0709
0.194 13.8308 -12.9616
0.196 11.7239 -6.33073
0.198 0.310369 -1.84177
0.2 -18.0576 -0.473848
0.202 -39.387 -2.31177
0.204 -58.9243 -6.55824
0.206 -72.2088 -11.7613
0.208 -76.0602 -16.1977
0.21 -69.2813 -18.3182
0.212 -52.9221 -17.1482
0.214 -30.0554 -12.5501
0.216 -5.11916 -5.28575
0.218 17.0303 3.13912
0.22 32.154 10.8139
0.222 37.5386 15.8704
0.224 32.5836 16.9357
0.226 18.9363 13.4862
0.228 0.135017 6.01801
0.23 -19.1734 -4.01377
0.232 -34.272 -14.482
0.234 -41.4374 -23.0461
0.236 -38.7834 -27.6796
0.238 -26.6964 -27.1459
0.24 -7.76564 -21.3054
0.242 13.7684 -11.1805
0.244 32.9239 1.24106
0.246 45.0501 13.4199
0.248 46.8395 22.8036
0.25 37.0705 27.3718
0.252 16.9256 26.0733
0.254 -10.1871 19.0636
0.256 -39.2819 7.69377
0.258 -64.7847 -5.75091
0.26 -81.6606 -18.5156
0.262 -86.4436 -27.9519
0.264 -77.9479 -32.084
0.266 -57.5132 -30.0414
0.268 -28.7326 -22.256
0.27 3.27626 -10.3776
0.272 32.9017 3.07508
0.274 55.1557 15.2504
0.276 66.6466 23.5667
0.278 66.2096 26.2565
0.28 55.0711 22.741
0.282 36.5233 13.7627
0.284 15.1907 1.25095
0.286 -3.94778 -12.0533
0.288 -16.5734 -23.1428
0.29 -19.8729 -29.3502
0.292 -13.0514 -28.8928
0.294 2.57826 -21.2409
0.296 23.9349 -7.23505
0.298 46.8578 11.0696
0.3 66.9963 30.7933
0.302 80.7104 48.7717
0.304 85.7909 62.1373
0.306 81.8492 68.832
0.308 70.3007 67.9596
0.31 53.9637 59.9198
0.312 36.3769 46.3014
0.314 20.9993 29.5612
0.316 10.4715 12.5495
0.318 6.09208 -2.0211
0.32 7.60979 -12.0583
0.322 13.361 -16.4311
0.324 20.7092 -15.1107
0.326 26.6829 -9.09955
0.328 28.6703 -0.17731
0.33 25.0158 9.47233
0.332 15.3924 17.6798
0.334 0.871016 22.6752
0.336 -16.3213 23.3765
0.338 -33.2929 19.5348
0.34 -47.1176 11.7187
0.342 -55.464 1.14983
0.344 -57.0893 -10.5688
0.346 -52.0941 -21.7695
0.348 -41.8868 -31.0173
0.35 -28.8685 -37.333
0.352 -15.9103 -40.3111
0.354 -5.74063 -40.1252
0.356 -0.377904 -37.433
0.358 -0.730793 -33.2096
0.36 -6.4464 -28.5414
0.362 -16.0288 -24.423
0.364 -27.1918 -21.591
0.366 -37.3629 -20.4228
0.368 -44.2309 -20.9152
0.37 -46.2246 -22.7336
0.372 -42.8267 -25.3148
0.374 -34.6637 -27.9936
0.376 -23.3533 -30.1248
0.378 -11.1458 -31.1834
0.38 -0.438809 -30.8287
0.382 6.72856 -28.9345
0.384 9.09174 -25.5828
0.386 6.40233 -21.0289
0.388 -0.54871 -15.6449
0.39 -10.1199 -9.85569
0.392 -20.1713 -4.07977
0.394 -28.5009 1.31354
0.396 -33.2781 6.02817
0.398 -33.3874 9.85091
0.4 -28.6223 12.654
0.402 -19.6934 14.3969
0.404 -8.05584 15.1279
0.406 4.40389 14.9849
0.408 15.7537 14.1901
0.41 24.3901 13.036
0.412 29.3245 11.8628
0.414 30.327 11.0257
0.416 27.9086 10.8542
0.418 23.1587 11.6052
0.42 17.4827 13.4154
0.422 12.3016 16.2609
0.424 8.77475 19.9362
0.426 7.59605 24.0603
0.428 8.89678 28.1165
0.43 12.2643 31.5198
0.432 16.8661 33.7037
0.434 21.6483 34.2114
0.436 25.5657 32.7791
0.438 27.7944 29.3965
0.44 27.8821 24.3342
0.442 25.8087 18.1268
0.444 21.9509 11.5065
0.446 16.967 5.29458
0.448 11.6381 0.265303
0.45 6.70362 -2.99216
0.452 2.72658 -4.18503
0.454 0.0109119 -3.37906
0.456 -1.42099 -0.997809
0.458 -1.79386 2.24238
0.46 -1.50061 5.45258
0.462 -0.997503 7.72834
0.464 -0.696688 8.3188
0.466 -0.879933 6.77826
0.468 -1.65301 3.07003
0.47 -2.94905 -2.40229
0.472 -4.57487 -8.8489
0.474 -6.2816 -15.2282
0.476 -7.836 -20.438
0.478 -9.07246 -23.5271
0.48 -9.91579 -23.8853
0.482 -10.376 -21.3744
0.484 -10.5233 -16.3739
0.486 -10.4525 -9.7305
0.488 -10.2468 -2.61556
0.49 -9.948 3.68544
0.492 -9.54069 8.01454
0.494 -8.95804 9.56703
0.496 -8.10989 8.05463
0.498 -6.92794 3.77067
0.5 -5.41326 -2.45827
0.502 -3.66735 -9.42591
0.504 -1.89205 -15.7751
0.506 -0.353806 -20.2577
0.508 0.679087 -21.975
0.51 1.00892 -20.5546
0.512 0.570519 -16.2259
0.514 -0.53344 -9.78151
0.516 -2.03274 -2.42567
0.518 -3.52758 4.45906
0.52 -4.55954 9.58265
0.522 -4.70547 11.9987
0.524 -3.678 11.2846
0.526 -1.41182 7.61426
0.528 1.88657 1.71206
0.53 5.74306 -5.29909
0.532 9.48111 -12.1228
0.534 12.3398 -17.5413
0.536 13.6234 -20.646
0.538 12.8513 -21.0022
0.54 9.87745 -18.7158
0.542 4.95044 -14.3898
0.544 -1.29927 -8.98198
0.546 -7.94827 -3.59451
0.548 -13.9323 0.755157
0.55 -18.2359 3.33284
0.552 -20.0859 3.81424
0.554 -19.1102 2.3183
0.556 -15.4289 -0.652241
0.558 -9.65492 -4.34274
0.56 -2.79952 -7.91846
0.562 3.90505 -10.6382
0.564 9.23292 -11.9939
0.566 12.1998 -11.7891
0.568 12.2593 -10.1422
0.57 9.42141 -7.41823
0.572 4.26594 -4.11029
0.574 -2.15191 -0.702617
0.576 -8.49065 2.44629
0.578 -13.3714 5.17102
0.58 -15.6409 7.50208
0.582 -14.5987 9.60877
0.584 -10.1434 11.703
0.586 -2.80705 13.9347
0.588 6.33166 16.3095
0.59 15.8413 18.6531
0.592 24.2015 20.6341
0.594 30.0858 21.8416
0.596 32.6073 21.9007
0.598 31.4802 20.5967
0.6 27.0671 17.9743
0.602 20.3036 14.3808
0.604 12.5156 10.4361
0.606 5.16474 6.92702
0.608 -0.429879 4.64524
0.61 -3.34018 4.20217
0.612 -3.19881 5.8645
0.614 -0.256768 9.4516
0.616 4.68181 14.3247
0.618 10.433 19.4783
0.62 15.6769 23.7218
0.622 19.2207 25.9166
0.624 20.2287 25.2208
0.626 18.3741 21.2875
0.628 13.8866 14.3707
0.63 7.48978 5.31267
0.632 0.243686 -4.59212
0.634 -6.67475 -13.8301
0.636 -12.2074 -20.9562
0.638 -15.6191 -24.8776
0.64 -16.6286 -25.077
0.642 -15.441 -21.7273
0.644 -12.6791 -15.6719
0.646 -9.23157 -8.26941
0.648 -6.05341 -1.13267
0.65 -3.96397 4.18728
0.652 -3.48324 6.50765
0.654 -4.73923 5.24733
0.656 -7.46232 0.539567
0.658 -11.0641 -6.79824
0.66 -14.7805 -15.4298
0.662 -17.8469 -23.7651
0.664 -19.6645 -30.2701
0.666 -19.9233 -33.7603
0.668 -18.6546 -33.6192
0.67 -16.2056 -29.9009
0.672 -13.1432 -23.2992
0.674 -10.1136 -14.9913
0.676 -7.68873 -6.39269
0.678 -6.23636 1.12679
0.68 -5.84184 6.50423
0.682 -6.29855 9.17072
0.684 -7.16787 9.12879
0.686 -7.89354 6.90993
0.688 -7.94257 3.42771
0.69 -6.93913 -0.237524
0.692 -4.76032 -3.07399
0.694 -1.57243 -4.34431
0.696 2.19987 -3.72081
0.698 5.96379 -1.32626
0.7 9.08816 2.32346
0.702 11.0445 6.45699
0.704 11.5286 10.2315
0.706 10.5349 12.9206
0.708 8.36617 14.0651
0.71 5.57413 13.5556
0.712 2.84293 11.6322
0.714 0.842101 8.80764
0.716 0.0811581 5.73458
0.718 0.797877 3.0502
0.72 2.90346 1.23477
0.722 5.99475 0.514782
0.724 9.43005 0.830306
0.726 12.4534 1.87043
0.728 14.3439 3.16501
0.73 14.5604 4.20848
0.732 12.8555 4.58533
0.734 9.33266 4.06786
0.736 4.4357 2.66466
0.738 -1.1272 0.611217
0.74 -6.50991 -1.6927
0.742 -10.8781 -3.78175
0.744 -13.5527 -5.23566
0.746 -14.1217 -5.77569
0.748 -12.5011 -5.32518
0.75 -8.93798 -4.02125
0.752 -3.95878 -2.17603
0.754 1.7273 -0.197653
0.756 7.35053 1.50954
0.758 12.2064 2.64168
0.76 15.7628 3.06568
0.762 17.7302 2.84655
0.764 18.086 2.22583
0.766 17.0522 1.55701
0.768 15.0353 1.2141
0.77 12.543 1.49525
0.772 10.0924 2.54382
0.774 8.12423 4.30467
0.776 6.93721 6.52513
0.778 6.64899 8.80068
0.78 7.18978 10.656
0.782 8.3264 11.6449
0.784 9.71051 11.4485
0.786 10.9411 9.95102
0.788 11.6299 7.27628
0.79 11.4611 3.7766
0.792 10.2379 -0.0251897
0.794 7.91091 -3.52903
0.796 4.58705 -6.16753
0.798 0.515225 -7.51079
0.8 -3.94879 -7.34591
0.802 -8.39454 -5.71699
0.804 -12.4178 -2.91912
0.806 -15.6801 0.551694
0.808 -17.9563 4.08294
0.81 -19.1639 7.04978
0.812 -19.3688 8.92072
0.814 -18.7684 9.3469
0.816 -17.6525 8.21963
0.818 -16.3496 5.6866
0.82 -15.1641 2.12459
0.822 -14.3171 -1.92599
0.824 -13.9019 -5.85267
0.826 -13.8651 -9.07285
0.828 -14.0187 -11.129
0.83 -14.0815 -11.762
0.832 -13.7424 -10.9514
0.834 -12.7335 -8.91544
0.836 -10.8977 -6.07327
0.838 -8.23774 -2.97251
0.84 -4.93491 -0.196424
0.842 -1.33166 1.73535
0.844 2.12219 2.45574
0.846 4.9503 1.81379
0.848 6.74251 -0.097905
0.85 7.23978 -2.9574
0.852 6.39268 -6.26745
0.854 4.38043 -9.44126
0.856 1.5859 -11.9057
0.858 -1.46884 -13.204
0.86 -4.21453 -13.0793
0.862 -6.13744 -11.523
0.864 -6.87353 -8.77828
0.866 -6.2761 -5.29631
0.868 -4.44244 -1.65415
0.87 -1.6931 1.55227
0.872 1.49303 3.81949
0.874 4.57416 4.83167
0.876 7.05101 4.52123
0.878 8.55952 3.08264
0.88 8.93216 0.935835
0.882 8.21706 -1.3553
0.884 6.65384 -3.19399
0.886 4.61343 -4.07002
0.888 2.51606 -3.66337
0.89 0.744721 -1.91093
0.892 -0.427633 0.977959
0.894 -0.882114 4.56076
0.896 -0.660425 8.2481
0.898 0.0658899 11.42
0.9 1.05378 13.5479
0.902 2.05802 14.2982
0.904 2.89279 13.5957
0.906 3.46992 11.6337
0.908 3.80561 8.83019
0.91 3.9961 5.73847
0.912 4.17064 2.93181
0.914 4.43532 0.886737
0.916 4.82341 -0.110616
0.918 5.26644 -0.0155816
0.92 5.59592 0.976938
0.922 5.57832 2.48614
0.924 4.97707 4.03828
0.926 3.62744 5.17778
0.928 1.50468 5.5711
0.93 -1.23437 5.0798
0.932 -4.25033 3.78642
0.934 -7.06597 1.96793
0.936 -9.14996 0.0237568
0.938 -10.0234 -1.62394
0.94 -9.36644 -2.63393
0.942 -7.10174 -2.82931
0.944 -3.43407 -2.24103
0.946 1.16468 -1.10164
0.948 6.02629 0.209818
0.95 10.4014 1.25931
0.952 13.5981 1.6649
0.954 15.1155 1.19416
0.956 14.7455 -0.171841
0.958 12.6195 -2.22446
0.96 9.18769 -4.56811
0.962 5.13559 -6.70728
0.964 1.25125 -8.16004
0.966 -1.72854 -8.57175
0.968 -3.26236 -7.80221
0.97 -3.10916 -5.96568
0.972 -1.37247 -3.41387
0.974 1.52445 -0.664591
0.976 4.92719 1.70895
0.978 8.08356 3.20438
0.98 10.2945 3.50385
0.982 11.0515 2.54924
0.984 10.1333 0.560633
0.986 7.64188 -2.00759
0.988 3.97316 -4.56447
0.99 -0.272245 -6.51268
0.992 -4.41659 -7.3821
0.994 -7.84365 -6.93633
0.996 -10.1184 -5.22795
0.998 -11.0627 -2.58977
1 -10.7734 0.436462
1.002 -9.58043 3.21834
1.004 -7.95773 5.17227
1.006 -6.40865 5.89341
1.008 -5.35118 5.24716
1.01 -5.02869 3.40138
1.012 -5.46445 0.791395
1.014 -6.46844 -1.97513
1.016 -7.69304 -4.25269
1.018 -8.72335 -5.50191
1.02 -9.18056 -5.41082
1.022 -8.81426 -3.9663
1.024 -7.56275 -1.45955
1.026 -5.56842 1.57572
1.028 -3.14574 4.4787
1.03 -0.710493 6.6054
1.032 1.31295 7.46926
1.034 2.58459 6.84776
1.036 2.92089 4.83157
1.038 2.33018 1.80575
1.04 1.00399 -1.63302
1.042 -0.732478 -4.80447
1.044 -2.49799 -7.09
1.046 -3.94239 -8.06328
1.048 -4.82234 -7.57773
1.05 -5.04882 -5.79262
1.052 -4.69606 -3.13257
1.054 -3.97154 -0.190535
1.056 -3.15515 2.40382
1.058 -2.52279 4.12095
1.06 -2.27297 4.64322
1.062 -2.47395 3.92763
1.064 -3.0442 2.20671
1.066 -3.77082 -0.071156
1.068 -4.36187 -2.34718
1.07 -4.51976 -4.07899
1.072 -4.01828 -4.86022
1.074 -2.76432 -4.50673
1.076 -0.829395 -3.09126
1.078 1.55709 -0.920138
1.08 4.05168 1.54123
1.082 6.26839 3.77641
1.084 7.8617 5.33436
1.086 8.60246 5.92814
1.088 8.42906 5.49372
1.09 7.46197 4.19693
1.092 5.97771 2.38794
1.094 4.3477 0.515531
1.096 2.95546 -0.978467
1.098 2.11062 -1.75945
1.1 1.97903 -1.67258
1.102 2.54459 -0.771762
1.104 3.61138 0.699943
1.106 4.84607 2.37263
1.108 5.85161 3.83893
1.11 6.25651 4.74937
1.112 5.80026 4.89161
1.114 4.39639 4.23584
1.116 2.15908 2.93642
1.118 -0.612785 1.29047
1.12 -3.49097 -0.336079
1.122 -6.00093 -1.59688
1.124 -7.71526 -2.24688
1.126 -8.33808 -2.19803
1.128 -7.76315 -1.53639
1.13 -6.09439 -0.497151
1.132 -3.6248 0.595502
1.134 -0.778802 1.40895
1.136 1.97023 1.68365
1.138 4.18993 1.29628
1.14 5.56827 0.289812
1.142 5.9664 -1.13619
1.144 5.43542 -2.6727
1.146 4.19523 -3.97436
1.148 2.58187 -4.7414
1.15 0.975324 -4.79112
1.152 -0.276633 -4.10203
1.154 -0.923737 -2.82047
1.156 -0.855538 -1.22794
1.158 -0.113836 0.322936
1.16 1.12553 1.48915
1.162 2.59618 2.01583
1.164 3.99977 1.7945
1.166 5.06642 0.887652
1.168 5.6047 -0.485795
1.17 5.53125 -2.0008
1.172 4.87606 -3.30045
1.174 3.76463 -4.07716
1.176 2.38324 -4.14219
1.178 0.936389 -3.46787
1.18 -0.394067 -2.19298
1.182 -1.47988 -0.590387
1.184 -2.2622 0.995493
1.186 -2.75058 2.2271
1.188 -3.0071 2.85011
1.19 -3.12104 2.75058
1.192 -3.18085 1.97994
1.194 -3.25062 0.742432
1.196 -3.35655 -0.652029
1.198 -3.48554 -1.85876
1.2 -3.59519 -2.57668
1.202 -3.63115 -2.61642
1.204 -3.54675 -1.94277
1.206 -3.31935 -0.68228
1.208 -2.95937 0.905528
1.21 -2.50991 2.48631
1.212 -2.03721 3.7253
1.214 -1.6145 4.3613
1.216 -1.30325 4.26391
1.218 -1.13678 3.46172
1.22 -1.11044 2.13526
1.222 -1.18123 0.576709
1.224 -1.27702 -0.874807
1.226 -1.31335 -1.90779
1.228 -1.21379 -2.30634
1.23 -0.929064 -1.99658
1.232 -0.450501 -1.06161
1.234 0.185278 0.277941
1.236 0.901681 1.71293
1.238 1.59643 2.91322
1.24 2.16188 3.5988
1.242 2.50718 3.59937
1.244 2.57739 2.88981
1.246 2.36572 1.59449
1.248 1.91594 -0.0400219
1.25 1.31475 -1.69769
1.252 0.675426 -3.05953
1.254 0.116297 -3.86965
1.256 -0.261831 -3.98682
1.258 -0.394752 -3.41117
1.26 -0.26685 -2.28093
1.262 0.0862699 -0.841069
1.264 0.5849 0.608965
1.266 1.12064 1.77672
1.268 1.57698 2.43476
1.27 1.85119 2.46363
1.272 1.87312 1.87176
1.274 1.61787 0.78921
1.276 1.10983 -0.562477
1.278 0.417962 -1.91726
1.28 -0.356876 -3.01831
1.282 -1.09992 -3.66732
1.284 -1.70268 -3.75957
1.286 -2.08167 -3.29873
1.288 -2.19245 -2.38955
1.29 -2.03669 -1.21155
1.292 -1.66114 0.0197927
1.294 -1.14898 1.09579
1.296 -0.605098 1.8528
1.298 -0.137946 2.19902
1.3 0.159199 2.12543
1.302 0.224484 1.70029
1.304 0.0386508 1.04937
1.306 -0.370754 0.327042
1.308 -0.932968 -0.315312
1.31 -1.54495 -0.757215
1.312 -2.0879 -0.928349
1.314 -2.44673 -0.816383
1.316 -2.5291 -0.463262
1.318 -2.28101 0.0479751
1.32 -1.69639 0.612238
1.322 -0.819142 1.1231
1.324 0.262577 1.49126
1.326 1.42897 1.65789
1.328 2.54619 1.60108
1.33 3.48612 1.3354
1.332 4.14529 0.905611
1.334 4.4597 0.376586
1.336 4.41337 -0.178181
1.338 4.03912 -0.68741
1.34 3.41164 -1.09075
1.342 2.63427 -1.34479
1.344 1.82192 -1.42628
1.346 1.08309 -1.33298
1.348 0.504148 -1.0825
1.35 0.138322 -0.709371
1.352 0.000969469 -0.260808
1.354 0.0714907 0.208705
1.356 0.300964 0.643474
1.358 0.623619 0.992877
1.36 0.969693 1.21728
1.362 1.27718 1.29297
1.364 1.50045 1.21545
1.366 1.61454 1.00053
1.368 1.61493 0.682522
1.37 1.51365 0.309778
1.372 1.33298 -0.0623832
1.374 1.09879 -0.380124
1.376 0.834948 -0.599573
1.378 0.560104 -0.693713
1.38 0.287134 -0.656318
1.382 0.0248195 -0.502148
1.384 -0.219376 -0.26341
1.386 -0.436754 0.0167568
1.388 -0.616272 0.292428
1.39 -0.745514 0.523039
1.392 -0.813737 0.679962
1.394 -0.816208 0.750322
1.396 -0.758565 0.737411
1.398 -0.659637 0.657823
1.4 -0.551387 0.536114
1.402 -0.475196 0.398309
1.404 -0.474646 0.26583
1.406 -0.585972 0.15122
1.408 -0.828187 0.0565813
1.41 -1.19533 -0.02507
1.412 -1.65304 -0.106075
1.414 -2.14097 -0.19913
1.416 -2.58115 -0.312427
1.418 -2.89123 -0.446242
1.42 -3.00024 -0.591882
1.422 -2.86374 -0.733219
1.424 -2.47511 -0.850388
1.426 -1.87038 -0.924609
1.428 -1.12498 -0.942866
1.43 -0.342309 -0.901195
1.432 0.363923 -0.805712
1.434 0.890657 -0.671104
1.436 1.16546 -0.516959
1.438 1.16148 -0.362854
1.44 0.904035 -0.223497
1.442 0.467284 -0.10521
1.444 -0.0388828 -0.00471115
1.446 -0.489234 0.0894003
1.448 -0.767107 0.192749
1.45 -0.787113 0.31983
1.452 -0.512101 0.478576
1.454 0.0390784 0.666324
1.456 0.794661 0.868416
1.458 1.64337 1.06004
1.46 2.45549 1.21106
1.462 3.10743 1.29288
1.464 3.50485 1.2857
1.466 3.59983 1.1844
1.468 3.3987 1.00144
1.47 2.95907 0.766026
1.472 2.37678 0.51924
1.474 1.76545 0.306193
1.476 1.23301 0.16668
1.478 0.859862 0.126345
1.48 0.683299 0.190335
1.482 0.69122 0.340982
1.484 0.826328 0.540249
1.486 0.999736 0.73667
1.488 1.11098 0.875509
1.49 1.07012 0.910083
1.492 0.817413 0.811863
1.494 0.336321 0.577169
1.496 -0.342439 0.228966
1.498 -1.14667 -0.186732
1.5 -1.97684 -0.609183
1.502 -2.72548 -0.974324
1.504 -3.29793 -1.22699
1.506 -3.62995 -1.33147
1.508 -3.6989 -1.27833
1.51 -3.52625 -1.08609
1.512 -3.1713 -0.797378
1.514 -2.71774 -0.47047
1.516 -2.25604 -0.167768
1.518 -1.86548 0.0563349
1.52 -1.5994 0.165802
1.522 -1.47663 0.149466
1.524 -1.4804 0.0224861
1.526 -1.56461 -0.177411
1.528 -1.66586 -0.398041
1.53 -1.71839 -0.58351
1.532 -1.66871 -0.68542
1.534 -1.48682 -0.672316
1.536 -1.17184 -0.535579
1.538 -0.751181 -0.290687
1.54 -0.273678 0.0262357
1.542 0.201416 0.365768
1.544 0.617064 0.674841
1.546 0.929846 0.906693
1.548 1.11777 1.02918
1.55 1.18303 1.02992
1.552 1.14951 0.917422
1.554 1.05582 0.718347
1.556 0.945767 0.471493
1.558 0.858468 0.220007
1.56 0.820246 0.00332491
1.562 0.840032 -0.149607
1.564 0.909085 -0.224627
1.566 1.00487 -0.223511
1.568 1.098 -0.161994
1.57 1.16046 -0.0652546
1.572 1.17306 0.0380409
1.574 1.13037 0.121846
1.576 1.04195 0.167748
1.578 0.929718 0.167983
1.58 0.82219 0.125989
1.582 0.747063 0.0546217
1.584 0.724021 -0.0274199
1.586 0.759427 -0.100084
1.588 0.844151 -0.146383
1.59 0.955055 -0.155863
1.592 1.05983 -0.126501
1.594 1.12413 -0.0647387
1.596 1.11953 0.0162141
1.598 1.03033 0.0993945
1.6 0.857887 0.167715
1.602 0.621172 0.207439
1.604 0.353531 0.210802
1.606 0.0961364 0.177282
1.608 -0.110399 0.113347
1.61 -0.23448 0.0308069
1.612 -0.260246 -0.0558044
1.614 -0.191129 -0.132248
1.616 -0.0495181 -0.187359
1.618 0.127424 -0.215059
1.62 0.294944 -0.215223
1.622 0.409477 -0.193308
1.624 0.437256 -0.158857
1.626 0.361063 -0.123237
1.628 0.183739 -0.097088
1.63 -0.0722309 -0.0880217
1.632 -0.368989 -0.0990281
1.634 -0.660549 -0.127912
1.636 -0.90155 -0.167853
1.638 -1.05578 -0.208955
1.64 -1.10283 -0.240429
1.642 -1.04156 -0.252946
1.644 -0.889903 -0.240661
1.646 -0.681046 -0.202497
1.648 -0.456813 -0.142431
1.65 -0.259652 -0.0687321
1.652 -0.124742 0.00770047
1.654 -0.0737377 0.0755513
1.656 -0.111294 0.125407
1.658 -0.224935 0.151691
1.66 -0.388169 0.153802
1.662 -0.566124 0.136213
1.664 -0.722536 0.107501
1.666 -0.826667 0.0784975
1.668 -0.858864 0.0599498
1.67 -0.813737 0.0601699
1.672 -0.700471 0.0831658
1.674 -0.540334 0.127642
1.676 -0.362001 0.187087
1.678 -0.195684 0.250955
1.68 -0.0672658 0.306707
1.682 0.0064312 0.342314
1.684 0.0203768 0.348692
1.686 -0.0183614 0.321569
1.688 -0.0926815 0.26238
1.69 -0.179354 0.178028
1.692 -0.253916 0.0795605
1.694 -0.295538 -0.0199466
1.696 -0.290917 -0.107856
1.698 -0.236496 -0.174276
1.7 -0.138669 -0.213736
1.702 -0.012067 -0.225905
1.704 0.123655 -0.215218
1.706 0.24781 -0.189519
1.708 0.342639 -0.158056
1.71 0.396483 -0.129283
1.712 0.405583 -0.108987
1.714 0.374264 -0.0991416
1.716 0.313564 -0.0977536
1.718 0.238696 -0.0996694
1.72 0.165918 -0.0981366
1.722 0.109496 -0.0867209
1.724 0.0793152 -0.0611198
1.726 0.0795767 -0.0204521
1.728 0.108694 0.0322816
1.73 0.16029 0.0906831
1.732 0.224968 0.146291
1.734 0.292423 0.190468
1.736 0.353445 0.216407
1.738 0.401425 0.220767
1.74 0.433111 0.204537
1.742 0.448566 0.172907
1.744 0.45041 0.13414
1.746 0.442614 0.0977319
1.748 0.429179 0.0722467
1.75 0.413034 0.0633509
1.752 0.395416 0.0724761
1.754 0.375843 0.0964172
1.756 0.352624 0.127963
1.758 0.323709 0.157433
1.76 0.287608 0.174789
1.762 0.244094 0.171881
1.764 0.194523 0.144326
1.766 0.141666 0.0925959
1.768 0.0891307 0.0220717
1.77 0.0405136 -0.0579704
1.772 -0.00147968 -0.136216
1.774 -0.0357217 -0.201605
1.776 -0.0629583 -0.245566
1.778 -0.0856191 -0.263695
1.78 -0.107166 -0.256542
1.782 -0.13112 -0.229351
1.784 -0.16001 -0.190819
1.786 -0.194493 -0.151174
1.788 -0.232905 -0.119982
1.79 -0.271368 -0.10416
1.792 -0.304473 -0.10661
1.794 -0.326408 -0.125753
1.796 -0.332276 -0.156038
1.798 -0.319314 -0.189287
1.8 -0.287725 -0.21656
1.802 -0.240901 -0.230106
1.804 -0.184992 -0.224995
1.806 -0.127852 -0.200071
1.808 -0.0776037 -0.158071
1.81 -0.0410961 -0.104909
1.812 -0.0225765 -0.0483201
1.814 -0.0228647 0.0037991
1.816 -0.039198 0.0449924
1.818 -0.0657899 0.0714378
1.82 -0.0949922 0.0824997
1.822 -0.118827 0.0805587
1.824 -0.130574 0.0702006
1.826 -0.126099 0.056985
1.828 -0.104641 0.0460974
1.83 -0.0689214 0.041195
1.832 -0.0245479 0.043698
1.834 0.0211437 0.0526577
1.836 0.0605648 0.0651964
1.838 0.0873566 0.0773805
1.84 0.0975808 0.0852943
1.842 0.0903883 0.0860514
1.844 0.0680589 0.0785031
1.846 0.0354322 0.0634934
1.848 -0.00112578 0.0436187
1.85 -0.0349895 0.0225758
1.852 -0.0605127 0.00426928
1.854 -0.0739971 -0.0080964
1.856 -0.0742179 -0.0127268
1.858 -0.0624349 -0.00959033
1.86 -0.0419237 -0.000346148
1.862 -0.0171575 0.0121173
1.864 0.00716734 0.0244098
1.866 0.0270523 0.0334512
1.868 0.0398775 0.0371731
1.87 0.0447263 0.034951
1.872 0.0423221 0.0276758
1.874 0.0346354 0.0174636
1.876 0.0242837 0.00708826
1.878 0.0138791 -0.00071903
1.88 0.00547173 -0.00393147
1.882 0.000199124 -0.00169647
1.884 -0.00180822 0.00548913
1.886 -0.00127734 0.0159274
1.888 0.000535064 0.0271435
1.89 0.00225076 0.0364765
1.892 0.0027527 0.0416937
1.894 0.00145328 0.0414862
1.896 -0.00160505 0.035737
1.898 -0.00582496 0.0255082
1.9 -0.0102696 0.0127647
1.902 -0.0139501 -9.39262e-05
1.904 -0.0161063 -0.0107758
1.906 -0.0164056 -0.0175882
1.908 -0.0150161 -0.0197719
1.91 -0.0125401 -0.0176095
1.912 -0.00983484 -0.0123006
1.914 -0.00777253 -0.00564168
1.916 -0.00700627 0.000403883
1.918 -0.00780241 0.00414455
1.92 -0.00997932 0.00451111
1.922 -0.0129632 0.00124788
1.924 -0.015941 -0.00508558
1.926 -0.0180668 -0.0132886
1.928 -0.018669 -0.0218177
1.93 -0.0174073 -0.029134
1.932 -0.0143451 -0.0340202
1.934 -0.00992567 -0.0358005
1.936 -0.00486309 -0.0344258
1.938 2.18196e-05 -0.03042
1.94 0.00397908 -0.0247119
1.942 0.00648023 -0.018404
1.944 0.00730964 -0.0125335
1.946 0.00658055 -0.00787714
1.948 0.00467854 -0.0048383
1.95 0.00215188 -0.00342743
1.952 -0.000420687 -0.00332876
1.954 -0.00255219 -0.00402582
1.956 -0.00393272 -0.0049498
1.958 -0.00446327 -0.00561426
1.96 -0.00423765 -0.00570806
1.962 -0.00348444 -0.00513215
1.964 -0.00248906 -0.00398093
1.966 -0.00151745 -0.00248225
1.968 -0.000759511 -0.000917538
1.97 -0.000302426 0.000455062
1.972 -0.000134987 0.00145661
1.974 -0.000175933 0.00201284
1.976 -0.000314132 0.00214935
1.978 -0.000447378 0.00196403
1.98 -0.000509285 0.00158858
1.982 -0.000479069 0.00115114
1.984 -0.000375062 0.000749215
1.986 -0.000237572 0.000437425
1.988 -0.000108966 0.000229446
1.99 -1.81719e-05 0.000109995
1.992 2.60726e-05 5.06419e-05
1.994 3.27949e-05 2.37049e-05
1.996 2.01911e-05 1.04761e-05
1.998 5.77535e-06 2.85326e-06
0.5 0.332036 0.266955
1 0.312145 0.251584
1.5 0.289159 0.233944
2 0.274131 0.221863
2.5 0.274717 0.219917
3 0.289748 0.226963
3.5 0.306791 0.237026
4 0.305389 0.243782
4.5 0.266172 0.246644
5 0.182403 0.254745
5.5 0.0680927 0.285375
6 -0.0424997 0.356047
6.5 -0.105229 0.473252
7 -0.0824359 0.623852
7.5 0.0418067 0.774748
8 0.254248 0.882729
8.5 0.515763 0.910916
9 0.77358 0.84427
9.5 0.977384 0.696493
10 1.09368 0.5048
10.5 1.11434 0.315074
11 1.0574 0.164596
11.5 0.960053 0.0703156
12 0.865493 0.02732
12.5 0.807211 0.0168253
13 0.796238 0.0185632
13.5 0.817311 0.0210845
14 0.837355 0.0254334
14.5 0.824193 0.0414647
15 0.767277 0.0796569
15.5 0.68933 0.143
16 0.640865 0.222964
16.5 0.67789 0.301298
17 0.832639 0.356617
17.5 1.09217 0.372674
18 1.39682 0.344562
18.5 1.66067 0.280131
19 1.80505 0.196151
19.5 1.78915 0.111197
20 1.62389 0.0387256
20.5 1.36365 -0.0164358
21 1.0815 -0.0569234
21.5 0.84053 -0.0882835
22 0.673777 -0.114091
22.5 0.579665 -0.133689
23 0.531658 -0.143608
23.5 0.495251 -0.141296
24 0.443975 -0.128325
24.5 0.368601 -0.110714
25 0.277775 -0.0960628
25.5 0.191805 -0.0893425
26 0.133152 -0.090124
26.5 0.11734 -0.0930269
27 0.147221 -0.0910568
27.5 0.212141 -0.0796738
28 0.291861 -0.0591008
28.5 0.363442 -0.0336746
29 0.40826 -0.00899548
29.5 0.416531 0.0110803
30 0.38815 0.0257312
30.5 0.330574 0.036252
31 0.255745 0.0439819
31.5 0.177794 0.0487894
32 0.111863 0.0492264
32.5 0.0728545 0.0441296
33 0.0726506 0.0343628
33.5 0.115692 0.0232978
34 0.194801 0.0155283
34.5 0.290279 0.0145461
35 0.374367 0.0208171
35.5 0.420432 0.031446
36 0.413236 0.0416086
36.5 0.355387 0.0468648
37 0.266495 0.045023
37.5 0.175105 0.0366355
38 0.107108 0.0241338
38.5 0.0760646 0.0104177
39 0.0796953 -0.00212476
39.5 0.103544 -0.0117087
40 0.129242 -0.0166883
40.5 0.142928 -0.0153391
41 0.139945 -0.00648548
41.5 0.124349 0.00917166
42 0.104533 0.0279329
42.5 0.0879222 0.0432873
43 0.0775258 0.0479134
43.5 0.0715826 0.036912
44 0.0657177 0.0107558
44.5 0.0558647 -0.0236952
45 0.0402517 -0.0549602
45.5 0.0196701 -0.0709668
46 -0.00363007 -0.0636563
46.5 -0.027409 -0.0321509
47 -0.0503198 0.0168532
47.5 -0.0718414 0.0715125
48 -0.0915593 0.118916
48.5 -0.108434 0.149111
49 -0.120589 0.157649
49.5 -0.12575 0.146054
50 -0.122101 0.120469
50.5 -0.109118 0.0892972
51 -0.0880447 0.0606892
51.5 -0.0618594 0.0405663
52 -0.0347465 0.0315204
52.5 -0.0112067 0.0327145
53 0.00501731 0.0406787
53.5 0.011928 0.0506984
54 0.00983422 0.0583181
54.5 0.00118807 0.0604458
55 -0.0103528 0.0557272
55.5 -0.0213002 0.0442215
56 -0.0294995 0.0267747
56.5 -0.0344557 0.00460738
57 -0.0366393 -0.0205841
57.5 -0.0362411 -0.0461699
58 -0.0323004 -0.0683175
58.5 -0.0230124 -0.0824991
59 -0.00730659 -0.0849521
59.5 0.0131362 -0.0746137
60 0.0328055 -0.0545315
60.5 0.0433149 -0.0317421
61 0.0364361 -0.015212
61.5 0.0080027 -0.0124106
62 -0.0392422 -0.0259246
62.5 -0.0954676 -0.0517468
63 -0.14662 -0.0802594
63.5 -0.179195 -0.0997216
64 -0.184834 -0.100842
64.5 -0.162776 -0.080414
65 -0.119318 -0.0423867
65.5 -0.0648693 0.00404823
66 -0.0101929 0.0483215
66.5 0.0365013 0.0823905
67 0.0707083 0.102892
67.5 0.0911966 0.110811
68 0.0988703 0.109314
68.5 0.0958204 0.101287
69 0.0849034 0.0880767
69.5 0.069557 0.0699854
70 0.0533392 0.047883
70.5 0.0390059 0.0245969
71 0.0275436 0.00491628
71.5 0.0179186 -0.00601252
72 0.00803731 -0.00506508
72.5 -0.00337793 0.00707598
73 -0.0150902 0.0257938
73.5 -0.0230881 0.0442117
74 -0.0223036 0.0558458
74.5 -0.00957819 0.0569537
75 0.0138588 0.0475464
75.5 0.0421216 0.030788
76 0.0671358 0.0112906
76.5 0.0826465 -0.00676741
77 0.0874103 -0.0208731
77.5 0.0854834 -0.0303954
78 0.083185 -0.0359578
78.5 0.0844285 -0.0384817
79 0.0873005 -0.0384547
79.5 0.0841969 -0.0357692
80 0.0657342 -0.0301328
80.5 0.0263188 -0.0217545
81 -0.0318445 -0.0118547
81.5 -0.098664 -0.00262691
82 -0.160056 0.00344459
82.5 -0.203606 0.00464608
83 -0.222925 0.000944305
83.5 -0.218653 -0.00577858
84 -0.196227 -0.0123836
84.5 -0.162299 -0.0157779
85 -0.122093 -0.0142452
85.5 -0.0788507 -0.00814797
86 -0.0348804 0.000328953
86.5 0.00725816 0.00821022
87 0.0445538 0.0129663
87.5 0.0743086 0.0133406
88 0.0948729 0.00946324
88.5 0.105418 0.00239106
89 0.10483 -0.00650385
89.5 0.0909162 -0.0159045
90 0.0612321 -0.024572
90.5 0.0157651 -0.0312194
91 -0.0400067 -0.0345347
91.5 -0.0940837 -0.0334948
92 -0.130681 -0.0278345
92.5 -0.136329 -0.0183569
93 -0.106603 -0.00683319
93.5 -0.049745 0.0045152
94 0.0153586 0.0136994
94.5 0.066562 0.0194798
95 0.0879504 0.0215173
95.5 0.0768632 0.0202004
96 0.044936 0.0163522
96.5 0.0125856 0.0110112
97 -0.000423048 0.00532674
97.5 0.016152 0.000462016
98 0.0587804 -0.00261521
98.5 0.112267 -0.00344437
99 0.156967 -0.00231389
99.5 0.177659 -0.00021354
100 0.17015 0.00158648
100.5 0.142914 0.00217121
101 0.113316 0.00148971
101.5 0.100164 0.000414387
102 0.115681 0.000262295
102.5 0.160029 0.00200622
103 0.220501 0.00560648
103.5 0.275763 0.00985319
104 0.303743 0.0128386
104.5 0.290373 0.0128353
105 0.235903 0.0091356
105.5 0.156041 0.00242671
106 0.0769253 -0.00547517
106.5 0.0252437 -0.0123874
107 0.0171282 -0.016642
107.5 0.0505456 -0.0176813
108 0.105061 -0.0161322
108.5 0.149991 -0.0133846
109 0.158095 -0.0109168
109.5 0.118853 -0.00968495
110 0.0448494 -0.00982303
110.5 -0.0325146 -0.0107258
111 -0.0767358 -0.0114184
111.5 -0.0632604 -0.0110133
112 0.00834894 -0.00905623
112.5 0.113294 -0.00564425
113 0.212269 -0.00131789
113.5 0.26887 0.0031792
114 0.265191 0.00714213
114.5 0.208188 0.0100504
115 0.124338 0.0115938
115.5 0.046061 0.0116293
116 -0.00285644 0.0101509
116.5 -0.015903 0.00732651
117 -0.00346865 0.00358442
117.5 0.0147359 -0.0003349
118 0.0195038 -0.00345904
118.5 -0.000727213 -0.00483643
119 -0.0477407 -0.00389586
119.5 -0.115586 -0.00075651
120 -0.194246 0.00368406
120.5 -0.27272 0.00797445
121 -0.340924 0.0105928
121.5 -0.391083 0.0105038
122 -0.419345 0.00755735
122.5 -0.427258 0.00256384
123 -0.421844 -0.00297858
123.5 -0.413163 -0.00738359
124 -0.409742 -0.00930739
124.5 -0.413995 -0.00813088
125 -0.420341 -0.0040972
125.5 -0.41758 0.00179636
126 -0.394605 0.00809006
126.5 -0.346422 0.0132532
127 -0.27702 0.0160933
127.5 -0.197461 0.0161026
128 -0.120433 0.0136591
128.5 -0.0546791 0.0100094
129 -0.00272482 0.00700073
129.5 0.0369423 0.00660016
130 0.0652056 0.0103114
130.5 0.0789989 0.0186466
131 0.0724607 0.0308075
131.5 0.0426153 0.0446843
132 -0.00391884 0.0572159
132.5 -0.048342 0.0650766
133 -0.0646842 0.06557
133.5 -0.0314937 0.0575185
134 0.0553676 0.0418606
134.5 0.176334 0.0216701
135 0.293232 0.00144286
135.5 0.365008 -0.0142359
136 0.366953 -0.0222245
136.5 0.303387 -0.0219442
137 0.20638 -0.0155504
137.5 0.120161 -0.00698594
138 0.0787653 -0.000268041
138.5 0.0885525 0.00223279
139 0.125048 0.000709964
139.5 0.146041 -0.00241266
140 0.114101 -0.00389216
140.5 0.0166027 -0.0014357
141 -0.127128 0.00506605
141.5 -0.274815 0.0134362
142 -0.380958 0.0202299
142.5 -0.416551 0.0222935
143 -0.378903 0.0180554
143.5 -0.287796 0.00796363
144 -0.171846 -0.00600755
144.5 -0.05362 -0.0213639
145 0.0583876 -0.0359983
145.5 0.167757 -0.048565
146 0.280925 -0.0582971
146.5 0.39723 -0.0646062
147 0.504262 -0.0669077
147.5 0.580909 -0.0649012
148 0.606056 -0.0591608
148.5 0.568215 -0.0515863
149 0.471484 -0.0452413
149.5 0.335501 -0.043383
150 0.189946 -0.0479558
150.5 0.0661073 -0.0582098
151 -0.0113996 -0.0702147
151.5 -0.0303022 -0.0777504
152 0.0075794 -0.0744672
152.5 0.0886116 -0.0565661
153 0.192686 -0.0248672
153.5 0.299798 0.0147641
154 0.395612 0.0530471
154.5 0.474083 0.0804924
155 0.536285 0.0909357
155.5 0.586236 0.083897
156 0.625875 0.0647022
156.5 0.651754 0.0422732
157 0.655171 0.025541
157.5 0.625774 0.0200529
158 0.556965 0.0262099
158.5 0.450526 0.0397656
159 0.318269 0.0541491
159.5 0.179797 0.0633971
160 0.057094 0.064354
160.5 -0.0320706 0.0573309
161 -0.0795324 0.045254
161.5 -0.0889816 0.0320158
162 -0.0742718 0.0209336
162.5 -0.0543854 0.0139234
163 -0.0468645 0.0114615
163.5 -0.0620848 0.0129931
164 -0.100427 0.0173593
164.5 -0.15323 0.0230229
165 -0.206854 0.028163
165.5 -0.247927 0.0308598
166 -0.267555 0.0295047
166.5 -0.263041 0.0233465
167 -0.23709 0.0129007
167.5 -0.195695 -5.46146e-05
168 -0.146228 -0.0129812
168.5 -0.0965464 -0.0234068
169 -0.0547927 -0.0297266
169.5 -0.0287854 -0.0316418
170 -0.0242119 -0.0300778
170.5 -0.0419486 -0.0266648
171 -0.0760499 -0.0230405
171.5 -0.114233 -0.0202784
172 -0.141659 -0.0186455
172.5 -0.146894 -0.017725
173 -0.127338 -0.0167851
173.5 -0.0911157 -0.0151916
174 -0.0539591 -0.0126855
174.5 -0.0321372 -0.00943835
175 -0.0346827 -0.00591497
175.5 -0.0587728 -0.00264909
176 -0.0906597 -4.8855e-05
176.5 -0.111794 0.00170365
177 -0.107174 0.00266248
177.5 -0.0718872 0.00307872
178 -0.0128284 0.00334042
178.5 0.0549258 0.00388074
179 0.114973 0.0050259
179.5 0.156172 0.00679247
180 0.175952 0.0087175
180.5 0.179262 0.00985513
181 0.174376 0.00903718
181.5 0.16813 0.00536485
182 0.163041 -0.00125913
182.5 0.157388 -0.00983056
183 0.147619 -0.0183814
183.5 0.131346 -0.0245626
184 0.109218 -0.0264544
184.5 0.0848978 -0.0232639
185 0.0635192 -0.0156188
185.5 0.0496672 -0.00536041
186 0.045883 0.00504369
186.5 0.0520916 0.0132055
187 0.0657814 0.0173872
187.5 0.0825605 0.0167892
188 0.0969171 0.0115506
188.5 0.103288 0.00255028
189 0.0975451 -0.00887109
189.5 0.0786393 -0.02117
190 0.0497056 -0.0327887
190.5 0.0177979 -0.0422718
191 -0.00810592 -0.0483543
191.5 -0.0203207 -0.0500827
192 -0.0156031 -0.0469991
192.5 0.00322943 -0.0393414
193 0.0280648 -0.0281257
193.5 0.0484071 -0.0149711
194 0.0552073 -0.00163877
194.5 0.0440303 0.0105395
195 0.0163723 0.0210152
195.5 -0.0211772 0.0298712
196 -0.0593826 0.0371575
196.5 -0.0894043 0.0420935
197 -0.105422 0.0427373
197.5 -0.106137 0.0365666
198 -0.0948173 0.021891
198.5 -0.0779253 -0.00059454
199 -0.0626947 -0.0270859
199.5 -0.0543873 -0.051443
200 -0.0542031 -0.0673298
200.5 -0.0587497 -0.0707579
201 -0.0614653 -0.061727
201.5 -0.0555538 -0.0440684
202 -0.0372265 -0.023571
202.5 -0.00779094 -0.00541608
203 0.0263998 0.00770481
203.5 0.0561379 0.0158881
204 0.0727075 0.0208178
204.5 0.0709392 0.0240276
205 0.0507901 0.0257983
205.5 0.017031 0.0253247
206 -0.0225679 0.0218667
206.5 -0.0597028 0.0159431
207 -0.0877903 0.00963298
207.5 -0.103411 0.00570068
208 -0.106646 0.00608307
208.5 -0.100259 0.0107238
209 -0.0879601 0.0175212
209.5 -0.0723203 0.0234423
210 -0.0532654 0.0261242
210.5 -0.0280674 0.0250034
211 0.00678765 0.0213404
211.5 0.0525014 0.0172084
212 0.105247 0.0141357
212.5 0.155673 0.0122633
213 0.191584 0.0105198
213.5 0.203024 0.00767541
214 0.187396 0.00359351
214.5 0.151767 -0.000134111
215 0.110663 -0.000648476
215.5 0.0799499 0.00474777
216 0.0696236 0.0168817
216.5 0.0791242 0.03363
217 0.0976906 0.0501374
217.5 0.109709 0.0604098
218 0.102445 0.0596765
218.5 0.0723494 0.0464754
219 0.0268897 0.0234568
219.5 -0.018799 -0.00356217
220 -0.0486525 -0.0279439
220.5 -0.0525296 -0.0449331
221 -0.030167 -0.0534534
221.5 0.00913821 -0.0561435
222 0.0504505 -0.0576361
222.5 0.0786587 -0.0619517
223 0.0831966 -0.0703146
223.5 0.0605438 -0.0804619
224 0.0142302 -0.0877455
224.5 -0.0469827 -0.0874251
225 -0.111725 -0.0770047
225.5 -0.168599 -0.0575108
226 -0.208267 -0.0331912
226.5 -0.224872 -0.00987784
227 -0.216758 0.00717976
227.5 -0.186421 0.0150775
228 -0.139724 0.0139683
228.5 -0.0844941 0.00657374
229 -0.0288832 -0.00319106
229.5 0.0200986 -0.0118982
230 0.0575287 -0.0179705
230.5 0.0809047 -0.0222534
231 0.0900085 -0.0275945
231.5 0.0865508 -0.0375623
232 0.0737637 -0.0547595
232.5 0.0559375 -0.0793807
233 0.0377888 -0.108625
233.5 0.0236022 -0.13727
234 0.0162844 -0.159243
234.5 0.0166573 -0.169569
235 0.0233429 -0.165937
235.5 0.0333804 -0.149269
236 0.0433708 -0.123176
236.5 0.0506675 -0.0926426
237 0.0540987 -0.062573
237.5 0.0539559 -0.0367355
238 0.0513729 -0.0173583
238.5 0.0475169 -0.00524997
239 0.0430509 -0.000136525
239.5 0.0380935 -0.000951107
240 0.0325652 -0.00600449
240.5 0.0265898 -0.0131443
241 0.0206407 -0.0200473
241.5 0.0153474 -0.0246777
242 0.0111396 -0.0257806
242.5 0.00801336 -0.0231945
243 0.00560267 -0.0178183
243.5 0.00350569 -0.0112275
244 0.00162949 -0.00509647
244.5 0.000301796 -0.000662498
245 6.33273e-05 0.00157669
245.5 0.00127571 0.00186353
246 0.00380453 0.000938255
246.5 0.00698521 -0.000311173
247 0.00989393 -0.00116758
247.5 0.011756 -0.00127738
248 0.0122521 -0.000685073
248.5 0.0115658 0.000270025
249 0.0101814 0.00113911
249.5 0.00858567 0.00155898
250 0.00705474 0.00138784
250.5 0.00562457 0.000737871
251 0.00421607 -9.82026e-05
251.5 0.00279837 -0.000785598
252 0.00147484 -0.00108558
252.5 0.000447429 -0.000934356
253 -9.89185e-05 -0.000438372
253.5 -0.000106632 0.000196174
254 0.000318137 0.0007552
254.5 0.000956388 0.0010867
255 0.00157443 0.00112838
255.5 0.00200994 0.000899356
256 0.00220522 0.000475805
256.5 0.00218481 -3.31619e-05
257 0.00200569 -0.000506046
257.5 0.00171568 -0.000831206
258 0.001341 -0.000933619
258.5 0.000899887 -0.000799225
259 0.000422923 -0.000483112
259.5 -4.03605e-05 -9.17988e-05
260 -0.000435527 0.000256468
260.5 -0.000728378 0.000475601
261 -0.000922647 0.000537975
261.5 -0.00105599 0.000471021
262 -0.00117437 0.000329251
262.5 -0.00129956 0.000160471
263 -0.00140978 -1.36552e-05
263.5 -0.00144602 -0.000193829
264 -0.00134063 -0.000383214
264.5 -0.00105209 -0.000568523
265 -0.000586424 -0.000717115
265.5 4.48076e-06 -0.000792948
266 0.000643656 -0.000780516
266.5 0.00125471 -0.000699906
267 0.00177836 -0.000601433
267.5 0.0021744 -0.000541375
268 0.00241408 -0.00055241
268.5 0.0024725 -0.000625857
269 0.00232867 -0.000715813
269.5 0.0019736 -0.0007625
270 0.00142184 -0.000721592
270.5 0.00071993 -0.000584164
271 -5.23995e-05 -0.000378538
271.5 -0.000789661 -0.00015592
272 -0.00137617 3.05336e-05
272.5 -0.00170816 0.000142699
273 -0.001719 0.000165133
273.5 -0.00140112 0.000104579
274 -0.000816193 -1.41523e-05
274.5 -8.70169e-05 -0.000152834
275 0.000629857 -0.00026563
275.5 0.00118351 -0.000308683
276 0.00146742 -0.000254031
276.5 0.00144485 -0.000103566
277 0.00115367 0.000104824
277.5 0.00069084 0.000305434
278 0.000183269 0.000427053
278.5 -0.000245953 0.000420913
279 -0.000507027 0.000281129
279.5 -0.000561981 4.71056e-05
280 -0.000428404 -0.00021374
280.5 -0.000168158 -0.000434284
281 0.000134881 -0.000572813
281.5 0.000400397 -0.00062316
282 0.000571985 -0.000606942
282.5 0.000626691 -0.000554989
283 0.000573527 -0.000490108
283.5 0.000445181 -0.000420815
284 0.000287975 -0.000347497
284.5 0.00015235 -0.000274086
285 8.29195e-05 -0.000215108
285.5 0.000106966 -0.000191759
286 0.000223666 -0.000218743
286.5 0.000400209 -0.000290582
287 0.000580692 -0.000377276
287.5 0.000707463 -0.000433795
288 0.00074588 -0.000419339
288.5 0.000698822 -0.000316107
289 0.000601472 -0.000137386
289.5 0.00049853 7.90785e-05
290 0.000417642 0.000288151
290.5 0.000355971 0.000455292
291 0.000288439 0.000566566
291.5 0.000191397 0.00062746
292 6.45914e-05 0.000653877
292.5 -6.47488e-05 0.000662116
293 -0.000159237 0.000663217
293.5 -0.000198025 0.000662661
294 -0.000193386 0.000662481
294.5 -0.000184116 0.000662224
295 -0.000208769 0.000657705
295.5 -0.00027653 0.000639806
296 -0.000356413 0.000596633
296.5 -0.000394163 0.000520112
297 -0.000347896 0.000414117
297.5 -0.000220385 0.000298595
298 -6.67459e-05 0.000205192
298.5 2.92528e-05 0.000164484
299 -1.99904e-06 0.000190364
299.5 -0.000177977 0.000269929
300 -0.000452198 0.000365268
300.5 -0.00073489 0.000427612
301 -0.000934407 0.000417673
301.5 -0.000997092 0.000322351
302 -0.000925654 0.000159584
302.5 -0.000769133 -3.08839e-05
303 -0.00059293 -0.000205836
303.5 -0.000446585 -0.000336557
304 -0.000345681 -0.000417618
304.5 -0.000274481 -0.00046297
305 -0.000204092 -0.000492799
305.5 -0.000113647 -0.000519377
306 -2.5513e-06 -0.000540069
306.5 0.000111344 -0.000541029
307 0.000204188 -0.000508657
307.5 0.000260426 -0.00044149
308 0.000280351 -0.000355192
308.5 0.000277279 -0.000277649
309 0.000267004 -0.000236948
309.5 0.000256411 -0.000248885
310 0.000238206 -0.000310395
310.5 0.000195012 -0.000401594
311 0.000110875 -0.000494338
311.5 -1.59005e-05 -0.000562398
312 -0.000165606 -0.000588712
312.5 -0.000300143 -0.000567886
313 -0.000375894 -0.000504957
313.5 -0.000361281 -0.000412638
314 -0.000251278 -0.00030846
314.5 -7.20501e-05 -0.000211734
315 0.000126925 -0.00013964
315.5 0.000290308 -0.000102567
316 0.000376553 -0.00010039
316.5 0.000371339 -0.000122025
317 0.000289243 -0.00014952
317.5 0.000163644 -0.000165481
318 3.02932e-05 -0.000160434
318.5 -8.74059e-05 -0.000136361
319 -0.000184777 -0.00010451
319.5 -0.000271959 -7.86855e-05
320 -0.000363031 -6.76346e-05
320.5 -0.000464681 -7.04596e-05
321 -0.00057046 -7.7169e-05
321.5 -0.000663004 -7.36635e-05
322 -0.000722146 -4.83496e-05
322.5 -0.000733931 2.79966e-06
323 -0.000695841 7.46547e-05
323.5 -0.000616366 0.000154822
324 -0.000510667 0.000227635
324.5 -0.000396015 0.000278526
325 -0.000289925 0.000297577
325.5 -0.000211123 0.000281748
326 -0.000180656 0.000235657
326.5 -0.000219694 0.000170689
327 -0.00034259 0.000102268
327.5 -0.000547481 4.54368e-05
328 -0.00080957 9.79426e-06
328.5 -0.00108233 -4.34769e-06
329 -0.00130848 -6.63733e-06
329.5 -0.00143767 -1.3231e-05
330 -0.00144381 -4.01156e-05
330.5 -0.00133447 -9.58639e-05
331 -0.00114826 -0.000177112
331.5 -0.000941137 -0.00026901
332 -0.000767359 -0.000350574
332.5 -0.000662443 -0.000402505
333 -0.000633908 -0.00041381
333.5 -0.000661995 -0.000384344
334 -0.000709006 -0.000322591
334.5 -0.000733528 -0.000240478
335 -0.000705023 -0.000148351
335.5 -0.000614458 -5.27704e-05
336 -0.000477602 4.21698e-05
336.5 -0.000329336 0.000131458
337 -0.000210131 0.00020638
337.5 -0.000149141 0.000254603
338 -0.000150804 0.000263724
338.5 -0.000191536 0.00022687
339 -0.000229301 0.000147681
339.5 -0.000222765 4.20055e-05
340 -0.000151351 -6.5107e-05
340.5 -2.61546e-05 -0.000146598
341 0.000114468 -0.000182398
341.5 0.000223161 -0.00016683
342 0.000266886 -0.000111215
342.5 0.000243472 -4.01247e-05
343 0.000182785 1.78233e-05
343.5 0.000131736 4.11908e-05
344 0.000130632 2.43149e-05
344.5 0.000192715 -2.0625e-05
345 0.000296979 -6.92036e-05
345.5 0.000397516 -9.55956e-05
346 0.000444517 -8.36942e-05
346.5 0.000406719 -3.34005e-05
347 0.000285023 4.05167e-05
347.5 0.000111805 0.000115788
348 -6.26889e-05 0.000172043
348.5 -0.000190002 0.00019757
349 -0.000240567 0.000190888
349.5 -0.000211932 0.000157951
350 -0.000126317 0.000108069
350.5 -2.01208e-05 5.15757e-05
351 6.96887e-05 -3.01491e-08
351.5 0.000117425 -3.33474e-05
352 0.000115647 -3.45581e-05
352.5 7.61578e-05 5.62981e-06
353 2.55284e-05 8.54551e-05
353.5 -3.42065e-06 0.000188197
354 1.79875e-05 0.000284739
354.5 0.000104813 0.00034317
355 0.000252954 0.000341669
355.5 0.000439726 0.000278282
356 0.000630687 0.000172176
356.5 0.000790286 5.52302e-05
357 0.000892115 -4.19539e-05
357.5 0.000924799 -0.000102547
358 0.000891791 -0.00012831
358.5 0.000806431 -0.00013491
359 0.000685645 -0.000141027
359.5 0.000545547 -0.00015759
360 0.000400166 -0.000182749
360.5 0.000262193 -0.000204505
361 0.000143613 -0.000208551
361.5 5.49207e-05 -0.000186405
362 3.38699e-06 -0.000139484
362.5 -8.09336e-06 -7.76056e-05
363 1.93861e-05 -1.37137e-05
363.5 8.1978e-05 4.16672e-05
364 0.000173283 8.32355e-05
364.5 0.000282291 0.000110072
365 0.000390159 0.00012255
365.5 0.000469164 0.000119523
366 0.000487253 9.78577e-05
366.5 0.000418734 5.47366e-05
367 0.000257285 -8.66186e-06
367.5 2.44088e-05 -8.4459e-05
368 -0.000232746 -0.000158421
368.5 -0.000455518 -0.000213954
369 -0.000594795 -0.000238433
369.5 -0.000629698 -0.000229085
370 -0.000575023 -0.000195406
370.5 -0.000473772 -0.00015643
371 -0.000378217 -0.00013346
371.5 -0.000328328 -0.000141196
372 -0.000337253 -0.000181287
372.5 -0.000389669 -0.000241372
373 -0.000452535 -0.00030021
373.5 -0.000492185 -0.000336503
374 -0.00048944 -0.000337276
374.5 -0.000446173 -0.000302014
375 -0.00038132 -0.000241093
375.5 -0.000319386 -0.000169971
376 -0.000277705 -0.000102531
376.5 -0.000258832 -4.68831e-05
377 -0.000251499 -5.04835e-06
377.5 -0.000239062 2.4487e-05
378 -0.000210582 4.37867e-05
378.5 -0.000168351 5.41937e-05
379 -0.000127731 5.72467e-05
379.5 -0.000109482 5.64554e-05
380 -0.000128999 5.79108e-05
380.5 -0.000188714 6.85695e-05
381 -0.000278061 9.28368e-05
381.5 -0.000380863 0.00012954
382 -0.000485421 0.000171483
382.5 -0.000590702 0.000208366
383 -0.000704218 0.000231763
383.5 -0.000832185 0.000239454
384 -0.000967553 0.000236565
384.5 -0.00108344 0.000232723
385 -0.00113713 0.00023674
385.5 -0.00108442 0.000251794
386 -0.000898531 0.000273838
386.5 -0.000585181 0.000294069
387 -0.000186525 0.000303964
387.5 0.000228324 0.000299906
388 0.000583147 0.000284756
388.5 0.000817517 0.000265615
389 0.000904406 0.000249309
389.5 0.000856298 0.000238451
390 0.000717943 0.000230476
390.5 0.000548859 0.000220117
391 0.00040241 0.000203578
391.5 0.000309532 0.000181564
392 0.000273068 0.000158974
392.5 0.000274053 0.000141147
393 0.000285961 0.000128829
393.5 0.00028939 0.000115085
394 0.00028002 8.66101e-05
394.5 0.000266718 2.95851e-05
395 0.0002624 -6.2381e-05
395.5 0.000274199 -0.000182162
396 0.000299334 -0.000308345
396.5 0.000328796 -0.000410943
397 0.000355482 -0.000461736
397.5 0.000380323 -0.000445054
398 0.000411508 -0.00036439
398.5 0.000457084 -0.000241934
399 0.000516398 -0.000111122
399.5 0.000577221 -5.33505e-06
400 0.000621747 5.26084e-05
400.5 0.000638263 5.6105e-05
401 0.000630555 1.39065e-05
401.5 0.000617755 -5.59433e-05
402 0.00062318 -0.000133973
402.5 0.000658265 -0.000205294
403 0.000711791 -0.000261631
403.5 0.00075225 -0.000299632
404 0.000743458 -0.000317563
404.5 0.000665177 -0.000312967
405 0.000526848 -0.000282781
405.5 0.000365944 -0.000225601
406 0.000231136 -0.000144422
406.5 0.000159152 -4.78763e-05
407 0.000157791 5.10211e-05
407.5 0.000204072 0.000138185
408 0.000258059 0.000202285
408.5 0.000284461 0.000237391
409 0.000270375 0.000243477
409.5 0.000230157 0.000224919
410 0.000195734 0.000187972
410.5 0.000198268 0.000138397
411 0.000251189 8.00756e-05
411.5 0.000343216 1.49039e-05
412 0.000444349 -5.62329e-05
412.5 0.000521043 -0.000131844
413 0.000552407 -0.00020819
413.5 0.000539241 -0.000278357
414 0.000501868 -0.000332788
414.5 0.000468623 -0.000361696
415 0.000461562 -0.000358963
415.5 0.000486962 -0.000326101
416 0.000535179 -0.000274161
416.5 0.000589044 -0.000221765
417 0.000635198 -0.00018898
417.5 0.00067136 -0.000188964
418 0.000705209 -0.000221078
418.5 0.000745833 -0.000269238
419 0.00079346 -0.000307335
419.5 0.000834387 -0.00031013
420 0.000844995 -0.000264989
420.5 0.000803115 -0.000178848
421 0.000700329 -7.66261e-05
421.5 0.000547983 8.65047e-06
422 0.00037334 4.96386e-05
422.5 0.00020822 3.59454e-05
423 7.68381e-05 -2.23912e-05
423.5 -1.02965e-05 -0.000100602
424 -5.38417e-05 -0.000170921
424.5 -5.7659e-05 -0.000214354
425 -2.21683e-05 -0.000226819
425.5 5.54309e-05 -0.000217134
426 0.000173723 -0.000198698
426.5 0.000317861 -0.000179858
427 0.000456373 -0.0001584
427.5 0.000548822 -0.000123217
428 0.000562422 -6.22729e-05
428.5 0.000489264 2.73734e-05
429 0.00035399 0.000132958
429.5 0.000206034 0.000226754
430 9.87989e-05 0.00027464
430.5 6.56826e-05 0.000249235
431 0.000105132 0.000142015
431.5 0.000182487 -3.0935e-05
432 0.000247585 -0.000232303
432.5 0.000258892 -0.000414974
433 0.000201833 -0.00053703
433.5 9.26499e-05 -0.000574444
434 -3.2831e-05 -0.000526722
434.5 -0.000138245 -0.00041386
435 -0.000202925 -0.000266698
435.5 -0.0002274 -0.000115258
436 -0.000226992 1.9965e-05
436.5 -0.000219035 0.000130743
437 -0.0002121 0.000217948
437.5 -0.000203313 0.000285269
438 -0.00018426 0.00033368
438.5 -0.000150634 0.000359509
439 -0.000108824 0.000356698
439.5 -7.504e-05 0.000321416
440 -6.7505e-05 0.0002561
440.5 -9.65941e-05 0.000170535
441 -0.000158974 7.94124e-05
441.5 -0.000239222 -2.22884e-06
442 -0.000317852 -6.33e-05
442.5 -0.000380913 -9.87253e-05
443 -0.000425652 -0.000108804
443.5 -0.000459286 -9.69457e-05
444 -0.000492128 -6.75524e-05
444.5 -0.000529538 -2.52749e-05
445 -0.000567605 2.43917e-05
445.5 -0.000594975 7.43542e-05
446 -0.000599479 0.000116355
446.5 -0.000575425 0.00014304
447 -0.000527212 0.000150762
447.5 -0.00046721 0.000141332
448 -0.000409297 0.000121307
448.5 -0.000361838 9.87352e-05
449 -0.000324081 7.89326e-05
449.5 -0.000287845 6.16836e-05
450 -0.000243353 4.16137e-05
450.5 -0.000185843 1.17654e-05
451 -0.000119289 -3.15041e-05
451.5 -5.53039e-05 -8.50725e-05
452 -7.88028e-06 -0.000139145
452.5 1.32496e-05 -0.000181075
453 7.29788e-06 -0.000201034
453.5 -1.70372e-05 -0.000196568
454 -4.52503e-05 -0.000173652
454.5 -6.30341e-05 -0.000143678
455 -6.18023e-05 -0.000117971
455.5 -4.13898e-05 -0.000102668
456 -9.05658e-06 -9.65461e-05
456.5 2.43686e-05 -9.27351e-05
457 4.92235e-05 -8.31962e-05
457.5 6.05035e-05 -6.34467e-05
458 5.88085e-05 -3.50067e-05
458.5 4.87556e-05 -4.39924e-06
459 3.6023e-05 2.05336e-05
459.5 2.4666e-05 3.48071e-05
460 1.59713e-05 3.86107e-05
460.5 9.15245e-06 3.65877e-05
461 3.15773e-06 3.46917e-05
461.5 -1.69256e-06 3.66075e-05
462 -3.32613e-06 4.18797e-05
462.5 9.23283e-07 4.67702e-05
463 1.22919e-05 4.71661e-05
463.5 2.89234e-05 4.16268e-05
464 4.56432e-05 3.26388e-05
464.5 5.5473e-05 2.53224e-05
465 5.22405e-05 2.4461e-05
465.5 3.30453e-05 3.17507e-05
466 -5.68029e-07 4.49817e-05
466.5 -4.31863e-05 5.9586e-05
467 -8.74221e-05 7.14778e-05
467.5 -0.000126121 7.93318e-05
468 -0.000153907 8.48783e-05
468.5 -0.000167634 9.11293e-05
469 -0.000166026 9.97917e-05
469.5 -0.000149159 0.000109611
470 -0.000118341 0.000116736
470.5 -7.64483e-05 0.000116849
471 -2.82641e-05 0.000107699
471.5 1.97882e-05 9.04353e-05
472 6.0828e-05 6.89939e-05
472.5 8.93375e-05 4.7982e-05
473 0.00010287 3.04343e-05
473.5 0.000102827 1.6754e-05
474 9.38813e-05 5.31616e-06
474.5 8.22522e-05 -5.85579e-06
475 7.35561e-05 -1.75231e-05
475.5 7.10922e-05 -2.87422e-05
476 7.51507e-05 -3.76225e-05
476.5 8.34348e-05 -4.26828e-05
477 9.22432e-05 -4.38522e-05
477.5 9.78567e-05 -4.24995e-05
478 9.76398e-05 -4.05682e-05
478.5 9.05972e-05 -3.94497e-05
479 7.73666e-05 -3.93052e-05
479.5 5.97891e-05 -3.91657e-05
480 4.0263e-05 -3.76146e-05
480.5 2.10795e-05 -3.35499e-05
481 3.91065e-06 -2.66009e-05
481.5 -1.04373e-05 -1.71032e-05
482 -2.19726e-05 -5.84685e-06
482.5 -3.12273e-05 6.12167e-06
483 -3.88626e-05 1.75374e-05
483.5 -4.53295e-05 2.69225e-05
484 -5.06972e-05 3.27741e-05
484.5 -5.4679e-05 3.40115e-05
485 -5.68019e-05 3.05182e-05
485.5 -5.66258e-05 2.34543e-05
486 -5.39298e-05 1.50831e-05
486.5 -4.88211e-05 8.1009e-06
487 -4.1763e-05 4.73902e-06
487.5 -3.35371e-05 6.02493e-06
488 -2.51507e-05 1.15034e-05
488.5 -1.76956e-05 1.94832e-05
489 -1.21653e-05 2.76504e-05
489.5 -9.25038e-06 3.37787e-05
490 -9.15888e-06 3.6304e-05
490.5 -1.15243e-05 3.46361e-05
491 -1.54568e-05 2.91901e-05
491.5 -1.97578e-05 2.11844e-05
492 -2.32502e-05 1.22772e-05
492.5 -2.51177e-05 4.13402e-06
493 -2.51158e-05 -1.96677e-06
493.5 -2.35608e-05 -5.38738e-06
494 -2.11005e-05 -6.17851e-06
494.5 -1.83779e-05 -4.9306e-06
495 -1.57629e-05 -2.50679e-06
495.5 -1.32839e-05 2.32939e-07
496 -1.07805e-05 2.62762e-06
496.5 -8.16059e-06 4.29624e-06
497 -5.5891e-06 5.11989e-06
497.5 -3.47711e-06 5.16672e-06
498 -2.27254e-06 4.60111e-06
498.5 -2.17825e-06 3.60683e-06
499 -2.97138e-06 2.34278e-06
499.5 -4.03764e-06 9.38794e-07
500 -4.61062e-06 -4.77583e-07
