-1.998 -1.63883e-06 9.47864e-07
-1.996 -7.30798e-06 3.95495e-06
-1.994 -1.84114e-05 8.61851e-06
-1.992 -3.45888e-05 1.61415e-05
-1.99 -5.09054e-05 3.19078e-05
-1.988 -5.58521e-05 6.63219e-05
-1.986 -3.11237e-05 0.000133135
-1.984 4.63297e-05 0.000245358
-1.982 0.000200055 0.00040981
-1.98 0.000448246 0.000622037
-1.978 0.000797275 0.000863507
-1.976 0.00123583 0.00110248
-1.974 0.00173102 0.0012989
-1.972 0.00222789 0.0014125
-1.97 0.00265331 0.00141216
-1.968 0.00292479 0.00128409
-1.966 0.00296349 0.00103645
-1.964 0.00270957 0.000698891
-1.962 0.00213715 0.000316568
-1.96 0.00126586 -6.00875e-05
-1.958 0.000166407 -0.000387552
-1.956 -0.00104161 -0.000640173
-1.954 -0.00220021 -0.000816836
-1.952 -0.00313167 -0.000941224
-1.95 -0.00366363 -0.00105524
-1.948 -0.00365787 -0.00120719
-1.946 -0.00303841 -0.00143799
-1.944 -0.0018134 -0.00176931
-1.942 -8.48772e-05 -0.00219688
-1.94 0.00195833 -0.00269075
-1.938 0.00406607 -0.00320182
-1.936 0.00596804 -0.00367223
-1.934 0.00742353 -0.00404607
-1.932 0.00826945 -0.004277
-1.93 0.00845598 -0.00433113
-1.928 0.00806063 -0.00418486
-1.926 0.00727565 -0.00381958
-1.924 0.00636882 -0.00321608
-1.922 0.00562387 -0.00235171
-1.92 0.00527197 -0.00120337
-1.918 0.00542989 0.000242786
-1.916 0.00606069 0.00197579
-1.914 0.00696938 0.00394176
-1.912 0.00783826 0.00602856
-1.91 0.00829605 0.0080596
-1.908 0.00800531 0.0098025
-1.906 0.00674629 0.010996
-1.904 0.00447552 0.0113936
-1.902 0.00134441 0.0108167
-1.9 -0.00232666 0.00920541
-1.898 -0.00611265 0.00665229
-1.896 -0.00957309 0.00340765
-1.894 -0.0123486 -0.000150507
-1.892 -0.0142454 -0.0035791
-1.89 -0.0152897 -0.00645422
-1.888 -0.0157332 -0.00845938
-1.886 -0.0160045 -0.00945843
-1.884 -0.016607 -0.00953577
-1.882 -0.0179868 -0.00899235
-1.88 -0.0204011 -0.00829372
-1.878 -0.0238218 -0.00797585
-1.876 -0.0279016 -0.00852385
-1.874 -0.032013 -0.010247
-1.872 -0.035351 -0.0131787
-1.87 -0.0370805 -0.0170275
-1.868 -0.0364982 -0.0211985
-1.866 -0.0331772 -0.0248839
-1.864 -0.0270696 -0.0272093
-1.862 -0.0185436 -0.0274048
-1.86 -0.00834718 -0.0249663
-1.858 0.00249724 -0.0197736
-1.856 0.0128503 -0.0121404
-1.854 0.0216362 -0.00278241
-1.852 0.0280139 0.00729343
-1.85 0.0315053 0.0169618
-1.848 0.0320552 0.0251814
-1.846 0.0300129 0.0311876
-1.844 0.0260396 0.034633
-1.842 0.0209663 0.0356452
-1.84 0.0156318 0.0347847
-1.838 0.0107312 0.0329113
-1.836 0.00669874 0.0309871
-1.834 0.00364246 0.0298617
-1.832 0.00133796 0.0300835
-1.83 -0.000717237 0.0317776
-1.828 -0.00319881 0.0346108
-1.826 -0.00681776 0.0378511
-1.824 -0.0121743 0.0405064
-1.822 -0.0196294 0.041518
-1.82 -0.0292167 0.0399703
-1.818 -0.040607 0.0352793
-1.816 -0.0531262 0.0273262
-1.814 -0.0658202 0.0165077
-1.812 -0.0775526 0.00369279
-1.81 -0.0871254 -0.00990761
-1.808 -0.0934128 -0.0229339
-1.806 -0.0954976 -0.034094
-1.804 -0.0927989 -0.0423603
-1.802 -0.0851728 -0.0471142
-1.8 -0.0729712 -0.0482146
-1.798 -0.0570427 -0.0459875
-1.796 -0.0386686 -0.0411415
-1.794 -0.0194336 -0.0346288
-1.792 -0.00104234 -0.0274767
-1.79 0.0148957 -0.020617
-1.788 0.0270805 -0.0147413
-1.786 0.0346972 -0.0102028
-1.784 0.0375176 -0.00697974
-1.782 0.0359029 -0.00470743
-1.78 0.0307014 -0.00277497
-1.778 0.0230582 -0.000471198
-1.776 0.0141738 0.00284748
-1.774 0.00506008 0.00760129
-1.772 -0.0036568 0.013876
-1.77 -0.0118456 0.0213807
-1.768 -0.019866 0.0294848
-1.766 -0.0284448 0.0373277
-1.764 -0.0384464 0.0439772
-1.762 -0.0505825 0.0486022
-1.76 -0.0651226 0.0506212
-1.758 -0.0816823 0.0497961
-1.756 -0.0991496 0.0462516
-1.754 -0.115784 0.0404159
-1.752 -0.129479 0.0328956
-1.75 -0.138146 0.0243119
-1.748 -0.14014 0.0151377
-1.746 -0.134642 0.00558142
-1.744 -0.121915 -0.00444621
-1.742 -0.103372 -0.0152598
-1.74 -0.0814197 -0.0272333
-1.738 -0.0590867 -0.0405822
-1.736 -0.0395173 -0.0551587
-1.734 -0.025416 -0.0703253
-1.732 -0.0185716 -0.0849492
-1.73 -0.0195546 -0.0975292
-1.728 -0.0276389 -0.106435
-1.726 -0.0409403 -0.11022
-1.724 -0.0567256 -0.107934
-1.722 -0.0718291 -0.0993897
-1.72 -0.0831134 -0.0852782
-1.718 -0.0879206 -0.0671114
-1.716 -0.0844555 -0.0469616
-1.714 -0.0720474 -0.0270455
-1.712 -0.0512412 -0.00924202
-1.71 -0.023697 0.00533659
-1.708 0.00809135 0.0166048
-1.706 0.0412063 0.0255125
-1.704 0.0727663 0.0337846
-1.702 0.100348 0.0434411
-1.7 0.122299 0.056206
-1.698 0.13791 0.0729403
-1.696 0.147426 0.093235
-1.694 0.151922 0.11527
-1.692 0.153049 0.136003
-1.69 0.152667 0.151682
-1.688 0.152435 0.158607
-1.686 0.153404 0.15398
-1.684 0.155736 0.136645
-1.682 0.158623 0.107542
-1.68 0.160448 0.0697176
-1.678 0.159181 0.0278836
-1.676 0.152897 -0.012433
-1.674 0.140305 -0.0459554
-1.672 0.121143 -0.0687222
-1.67 0.0963585 -0.0789179
-1.668 0.0680264 -0.0772873
-1.666 0.0390464 -0.0670347
-1.664 0.0126665 -0.0532141
-1.662 -0.0080853 -0.0417109
-1.66 -0.0209707 -0.0380033
-1.658 -0.0250014 -0.0459427
-1.656 -0.0206695 -0.0668098
-1.654 -0.00985872 -0.0988682
-1.652 0.00457421 -0.137542
-1.65 0.0194533 -0.176207
-1.648 0.0319891 -0.207449
-1.646 0.0403285 -0.224508
-1.644 0.0437936 -0.222622
-1.642 0.0427605 -0.199986
-1.64 0.0382466 -0.158151
-1.638 0.0313538 -0.101798
-1.636 0.0227475 -0.0379433
-1.634 0.0123268 0.0252829
-1.632 -0.000810422 0.0800414
-1.63 -0.0180921 0.120127
-1.628 -0.0409612 0.141972
-1.626 -0.0702795 0.14512
-1.624 -0.105831 0.132047
-1.622 -0.146085 0.107418
-1.62 -0.188315 0.0769341
-1.618 -0.22906 0.0460884
-1.616 -0.264825 0.0190983
-1.614 -0.292843 -0.00175198
-1.612 -0.311683 -0.0162669
-1.61 -0.321536 -0.0260147
-1.608 -0.324065 -0.033639
-1.606 -0.321843 -0.0419829
-1.604 -0.317517 -0.0532309
-1.602 -0.312925 -0.0682596
-1.6 -0.308427 -0.0863407
-1.598 -0.302696 -0.105261
-1.596 -0.293039 -0.121836
-1.594 -0.27623 -0.132689
-1.592 -0.249609 -0.135112
-1.59 -0.212155 -0.127762
-1.588 -0.165193 -0.111013
-1.586 -0.112494 -0.0868759
-1.584 -0.0596703 -0.058519
-1.582 -0.0129271 -0.0295452
-1.58 0.0225407 -0.00320019
-1.578 0.0441214 0.0182956
-1.576 0.052876 0.0341486
-1.574 0.0537851 0.0450491
-1.572 0.0549923 0.0528874
-1.57 0.0661351 0.0602071
-1.568 0.0961001 0.069541
-1.566 0.150703 0.082795
-1.564 0.230847 0.100832
-1.562 0.33163 0.123335
-1.56 0.442671 0.148966
-1.558 0.549653 0.175727
-1.556 0.636776 0.20143
-1.554 0.689624 0.22413
-1.552 0.697839 0.242423
-1.55 0.657083 0.255521
-1.548 0.569892 0.26311
-1.546 0.445264 0.265032
-1.544 0.297085 0.260914
-1.542 0.141686 0.249888
-1.54 -0.00494757 0.230566
-1.538 -0.129753 0.20131
-1.536 -0.224412 0.160786
-1.534 -0.286083 0.108611
-1.532 -0.316955 0.0459144
-1.53 -0.32286 -0.0243907
-1.528 -0.311376 -0.0977031
-1.526 -0.28995 -0.168195
-1.524 -0.264491 -0.229566
-1.522 -0.238656 -0.275958
-1.52 -0.213831 -0.30289
-1.518 -0.189658 -0.308011
-1.516 -0.164831 -0.291532
-1.514 -0.137946 -0.256207
-1.512 -0.108185 -0.206849
-1.51 -0.0756878 -0.14946
-1.508 -0.0415137 -0.0901564
-1.506 -0.00722866 -0.0341307
-1.504 0.0257583 0.0151116
-1.502 0.0568665 0.0560772
-1.5 0.0867592 0.089143
-1.498 0.117298 0.116045
-1.496 0.150967 0.139172
-1.494 0.18987 0.160837
-1.492 0.234559 0.182673
-1.49 0.283066 0.205267
-1.488 0.330451 0.228059
-1.486 0.369113 0.249519
-1.484 0.389839 0.267524
-1.482 0.383428 0.279815
-1.48 0.342553 0.284437
-1.478 0.263481 0.280054
-1.476 0.147329 0.266094
-1.474 0.000587403 0.242715
-1.472 -0.165242 0.210627
-1.47 -0.334935 0.170847
-1.468 -0.49165 0.124469
-1.466 -0.619569 0.0725038
-1.464 -0.706623 0.0158284
-1.462 -0.746732 -0.044774
-1.46 -0.741028 -0.108503
-1.458 -0.697653 -0.174437
-1.456 -0.630104 -0.241482
-1.454 -0.554361 -0.308421
-1.452 -0.485431 -0.373979
-1.45 -0.434051 -0.43686
-1.448 -0.404323 -0.495661
-1.446 -0.392836 -0.548657
-1.444 -0.389503 -0.593529
-1.442 -0.379941 -0.627133
-1.44 -0.348897 -0.645446
-1.438 -0.284012 -0.643815
-1.436 -0.179114 -0.61754
-1.434 -0.0363014 -0.562788
-1.432 0.133697 -0.477678
-1.43 0.313102 -0.363315
-1.428 0.480345 -0.224493
-1.426 0.614386 -0.069813
-1.424 0.699099 0.0889604
-1.422 0.726712 0.238285
-1.42 0.699435 0.364791
-1.418 0.628839 0.457449
-1.416 0.533083 0.509519
-1.414 0.432625 0.519855
-1.412 0.345415 0.493262
-1.41 0.282716 0.439767
-1.408 0.24658 0.372873
-1.406 0.22963 0.307074
-1.404 0.217244 0.255089
-1.402 0.191624 0.225347
-1.4 0.136759 0.220296
-1.398 0.0430125 0.23596
-1.396 -0.0898077 0.26289
-1.394 -0.251662 0.288338
-1.392 -0.423976 0.299161
-1.39 -0.583407 0.284778
-1.388 -0.706753 0.239526
-1.386 -0.775804 0.163943
-1.384 -0.780975 0.0647251
-1.382 -0.722894 -0.046545
-1.38 -0.611644 -0.155626
-1.378 -0.463967 -0.248333
-1.376 -0.29916 -0.313212
-1.374 -0.134715 -0.343634
-1.372 0.0172578 -0.338872
-1.37 0.151985 -0.303935
-1.368 0.271966 -0.248189
-1.366 0.385006 -0.183112
-1.364 0.500955 -0.119701
-1.362 0.628088 -0.066131
-1.36 0.770093 -0.0262134
-1.358 0.924407 0.00102007
-1.356 1.08222 0.0205558
-1.354 1.23003 0.0397206
-1.352 1.35218 0.0660249
-1.35 1.43375 0.105008
-1.348 1.46312 0.15851
-1.346 1.43361 0.223703
-1.344 1.34416 0.293094
-1.342 1.19908 0.355577
-1.34 1.00728 0.39838
-1.338 0.781295 0.409554
-1.336 0.53629 0.380488
-1.334 0.289252 0.307921
-1.332 0.0581057 0.194996
-1.33 -0.139392 0.0511063
-1.328 -0.287193 -0.109462
-1.326 -0.372989 -0.269845
-1.324 -0.390574 -0.413445
-1.322 -0.342057 -0.526779
-1.32 -0.239273 -0.601818
-1.318 -0.103649 -0.637333
-1.316 0.0360032 -0.638921
-1.314 0.14786 -0.617614
-1.312 0.203097 -0.587278
-1.31 0.182428 -0.561329
-1.308 0.0816702 -0.54949
-1.306 -0.0851799 -0.555352
-1.304 -0.286504 -0.575313
-1.302 -0.477671 -0.599141
-1.3 -0.609206 -0.612059
-1.298 -0.637075 -0.597907
-1.296 -0.532992 -0.542768
-1.294 -0.292395 -0.438328
-1.292 0.061934 -0.284282
-1.29 0.481798 -0.0892008
-1.288 0.901092 0.130435
-1.286 1.24766 0.352959
-1.284 1.45722 0.555513
-1.282 1.48649 0.71845
-1.28 1.32275 0.829129
-1.278 0.987574 0.884135
-1.276 0.533724 0.889406
-1.274 0.0357797 0.858216
-1.272 -0.423849 0.807611
-1.27 -0.770651 0.754179
-1.268 -0.952341 0.710184
-1.266 -0.948935 0.680876
-1.264 -0.776584 0.663469
-1.262 -0.484476 0.64793
-1.26 -0.145453 0.619416
-1.258 0.15779 0.561908
-1.256 0.348304 0.462335
-1.254 0.369362 0.314244
-1.252 0.195187 0.120108
-1.25 -0.164015 -0.108412
-1.248 -0.663597 -0.352352
-1.246 -1.23225 -0.589015
-1.244 -1.78453 -0.796276
-1.242 -2.23572 -0.956552
-1.24 -2.51642 -1.0595
-1.238 -2.58418 -1.10296
-1.236 -2.43036 -1.09215
-1.234 -2.0812 -1.03743
-1.232 -1.59298 -0.951363
-1.23 -1.04217 -0.845716
-1.228 -0.512291 -0.729027
-1.226 -0.079622 -0.605317
-1.224 0.199643 -0.474187
-1.222 0.298644 -0.332209
-1.22 0.223739 -0.175166
-1.218 0.0123621 -0.000427953
-1.216 -0.274704 0.191222
-1.214 -0.565114 0.394796
-1.212 -0.788534 0.601496
-1.21 -0.88945 0.800124
-1.208 -0.836817 0.979059
-1.206 -0.628849 1.12826
-1.204 -0.292168 1.24078
-1.202 0.124357 1.31349
-1.2 0.559694 1.34689
-1.198 0.952514 1.34408
-1.196 1.25237 1.30926
-1.194 1.42804 1.24616
-1.192 1.47152 1.15686
-1.19 1.39737 1.04149
-1.188 1.23776 0.898787
-1.186 1.03479 0.727428
-1.184 0.831682 0.527636
-1.182 0.664858 0.302569
-1.18 0.558297 0.0589949
-1.178 0.521153 -0.193026
-1.176 0.548679 -0.441399
-1.174 0.625786 -0.673855
-1.172 0.731995 -0.879907
-1.17 0.846382 -1.05235
-1.168 0.951372 -1.18792
-1.166 1.03479 -1.28694
-1.164 1.09028 -1.35211
-1.162 1.11659 -1.3867
-1.16 1.11652 -1.39289
-1.158 1.09595 -1.37046
-1.156 1.06323 -1.31647
-1.154 1.02863 -1.22591
-1.152 1.00367 -1.09332
-1.15 0.999955 -0.91498
-1.148 1.02739 -0.691195
-1.146 1.09179 -0.428039
-1.144 1.19243 -0.137956
-1.142 1.31989 0.161076
-1.14 1.45518 0.447796
-1.138 1.57083 0.700867
-1.136 1.63415 0.902319
-1.134 1.61263 1.04042
-1.132 1.48038 1.11132
-1.13 1.22418 1.1192
-1.128 0.847692 1.07481
-1.126 0.372499 0.992901
-1.124 -0.164506 0.888965
-1.122 -0.717041 0.776177
-1.12 -1.23751 0.663083
-1.118 -1.68541 0.552599
-1.116 -2.0342 0.442453
-1.114 -2.27493 0.32691
-1.112 -2.41585 0.199261
-1.11 -2.47816 0.0543987
-1.108 -2.48902 -0.109197
-1.106 -2.47381 -0.288509
-1.104 -2.44974 -0.476198
-1.102 -2.42247 -0.661832
-1.1 -2.38657 -0.83376
-1.098 -2.32929 -0.981129
-1.096 -2.23635 -1.09555
-1.094 -2.09787 -1.17202
-1.092 -1.91264 -1.20902
-1.09 -1.68949 -1.20778
-1.088 -1.44536 -1.17109
-1.086 -1.20053 -1.102
-1.084 -0.97235 -1.00278
-1.082 -0.76915 -0.874531
-1.08 -0.586233 -0.717343
-1.078 -0.405382 -0.531045
-1.076 -0.198462 -0.316103
-1.074 0.0654071 -0.0744383
-1.072 0.410768 0.189967
-1.07 0.847229 0.47071
-1.068 1.36379 0.758763
-1.066 1.92782 1.04244
-1.064 2.48907 1.30758
-1.062 2.98803 1.53812
-1.06 3.36666 1.71704
-1.058 3.57951 1.82779
-1.056 3.60279 1.85608
-1.054 3.43985 1.79194
-1.052 3.12166 1.63184
-1.05 2.70222 1.38055
-1.048 2.24937 1.05245
-1.046 1.83286 0.671406
-1.044 1.51188 0.269167
-1.042 1.32431 -0.11835
-1.04 1.27988 -0.456333
-1.038 1.35829 -0.717165
-1.036 1.51269 -0.885953
-1.034 1.67821 -0.964032
-1.032 1.78402 -0.96929
-1.03 1.76725 -0.932867
-1.028 1.58639 -0.892603
-1.026 1.23162 -0.884444
-1.024 0.729996 -0.933573
-1.022 0.143717 -1.04726
-1.02 -0.438638 -1.21129
-1.018 -0.916986 -1.39122
-1.016 -1.19828 -1.53866
-1.014 -1.21542 -1.60165
-1.012 -0.942878 -1.53695
-1.01 -0.4058 -1.32145
-1.008 0.319913 -0.959784
-1.006 1.11728 -0.486038
-1.004 1.84686 0.0412637
-1.002 2.37138 0.550229
-1 2.58181 0.970442
-0.998 2.41965 1.24836
-0.996 1.89008 1.35968
-0.994 1.06275 1.31552
-0.992 0.0593216 1.16063
-0.99 -0.9702 0.963612
-0.988 -1.87735 0.800917
-0.986 -2.54505 0.738215
-0.984 -2.91075 0.813399
-0.982 -2.97761 1.02543
-0.98 -2.81116 1.33196
-0.978 -2.52206 1.65678
-0.976 -2.23901 1.90559
-0.974 -2.078 1.98695
-0.972 -2.11523 1.83363
-0.97 -2.37013 1.41957
-0.968 -2.80239 0.768404
-0.966 -3.32368 -0.0487064
-0.964 -3.82055 -0.925699
-0.962 -4.18269 -1.74226
-0.96 -4.32901 -2.38799
-0.958 -4.22525 -2.78466
-0.956 -3.88883 -2.9017
-0.954 -3.38031 -2.76128
-0.952 -2.78424 -2.43188
-0.95 -2.18461 -2.01182
-0.948 -1.6417 -1.60625
-0.946 -1.17621 -1.3029
-0.944 -0.765177 -1.15197
-0.942 -0.350633 -1.15486
-0.94 0.141116 -1.26449
-0.938 0.774785 -1.39712
-0.936 1.58278 -1.45316
-0.934 2.54989 -1.34214
-0.932 3.61056 -1.00608
-0.93 4.65999 -0.435821
-0.928 5.57637 0.323493
-0.926 6.24877 1.17943
-0.924 6.60344 2.01032
-0.922 6.62168 2.69067
-0.92 6.34463 3.11818
-0.918 5.8636 3.2366
-0.916 5.29828 3.04889
-0.914 4.76821 2.61779
-0.912 4.36459 2.05307
-0.91 4.12914 1.48828
-0.908 4.04511 1.05174
-0.906 4.04231 0.838209
-0.904 4.01473 0.887559
-0.902 3.84643 1.17528
-0.9 3.43954 1.61718
-0.898 2.73794 2.08734
-0.896 1.74136 2.44557
-0.894 0.507002 2.56824
-0.892 -0.86134 2.37585
-0.89 -2.23351 1.85127
-0.888 -3.47776 1.04473
-0.886 -4.48436 0.0644895
-0.884 -5.18315 -0.944805
-0.882 -5.55195 -1.83134
-0.88 -5.61487 -2.46672
-0.878 -5.43211 -2.77127
-0.876 -5.08441 -2.72866
-0.874 -4.65586 -2.38667
-0.872 -4.21904 -1.84418
-0.87 -3.82491 -1.22759
-0.868 -3.4985 -0.662251
-0.866 -3.24017 -0.245691
-0.864 -3.03077 -0.0286327
-0.862 -2.83909 -0.00791466
-0.86 -2.62985 -0.132347
-0.858 -2.37108 -0.319573
-0.856 -2.04011 -0.479447
-0.854 -1.62741 -0.538122
-0.852 -1.1383 -0.457062
-0.85 -0.592404 -0.242643
-0.848 -0.0216098 0.0556681
-0.846 0.532964 0.357882
-0.844 1.02462 0.573602
-0.842 1.40565 0.624741
-0.84 1.63323 0.465211
-0.838 1.6765 0.0926599
-0.836 1.52381 -0.450649
-0.834 1.1882 -1.08796
-0.832 0.70892 -1.72641
-0.83 0.147934 -2.27898
-0.828 -0.418347 -2.68425
-0.826 -0.91047 -2.91909
-0.824 -1.25814 -3.00116
-0.822 -1.4111 -2.98098
-0.82 -1.34698 -2.92586
-0.818 -1.07519 -2.90013
-0.816 -0.636036 -2.94645
-0.814 -0.0949486 -3.07311
-0.812 0.467583 -3.25039
-0.81 0.968902 -3.4171
-0.808 1.33768 -3.49574
-0.806 1.52562 -3.41268
-0.804 1.51542 -3.11814
-0.802 1.32368 -2.60059
-0.8 0.998254 -1.89174
-0.798 0.610458 -1.06056
-0.796 0.243074 -0.197614
-0.794 -0.0240921 0.60593
-0.792 -0.128759 1.27945
-0.79 -0.038244 1.78863
-0.788 0.243164 2.14209
-0.786 0.672966 2.3875
-0.784 1.1757 2.59804
-0.782 1.65413 2.85245
-0.78 2.00491 3.21327
-0.778 2.13677 3.70859
-0.776 1.98812 4.32163
-0.774 1.54067 4.99117
-0.772 0.825987 5.62269
-0.77 -0.0773702 6.10801
-0.768 -1.05585 6.34856
-0.766 -1.98021 6.277
-0.764 -2.7282 5.8718
-0.762 -3.20641 5.1616
-0.76 -3.36706 4.21852
-0.758 -3.21653 3.14247
-0.756 -2.81382 2.04071
-0.754 -2.25896 1.00755
-0.752 -1.67366 0.108692
-0.75 -1.17793 -0.626644
-0.748 -0.867878 -1.2048
-0.746 -0.799213 -1.65901
-0.744 -0.979252 -2.03552
-0.742 -1.36827 -2.37828
-0.74 -1.88864 -2.71574
-0.738 -2.43922 -3.05292
-0.736 -2.91172 -3.37039
-0.734 -3.20638 -3.63025
-0.732 -3.24457 -3.78741
-0.73 -2.977 -3.803
-0.728 -2.38753 -3.65637
-0.726 -1.49363 -3.35238
-0.724 -0.345241 -2.92212
-0.722 0.976832 -2.41703
-0.72 2.36349 -1.89799
-0.718 3.6829 -1.42226
-0.716 4.79166 -1.0313
-0.714 5.55282 -0.742353
-0.712 5.85913 -0.545437
-0.71 5.65708 -0.406376
-0.708 4.9656 -0.275156
-0.706 3.8836 -0.0979192
-0.704 2.58243 0.169886
-0.702 1.28248 0.551933
-0.7 0.216268 1.04355
-0.698 -0.416244 1.61006
-0.696 -0.491234 2.19142
-0.694 0.00651658 2.71228
-0.692 0.971752 3.0956
-0.69 2.19302 3.27702
-0.688 3.39258 3.21746
-0.686 4.28468 2.9116
-0.684 4.63931 2.39062
-0.682 4.33645 1.71823
-0.68 3.39712 0.980561
-0.678 1.98263 0.271189
-0.676 0.360877 -0.325824
-0.674 -1.1534 -0.751478
-0.672 -2.27084 -0.982692
-0.67 -2.79461 -1.03606
-0.668 -2.66573 -0.963494
-0.666 -1.9745 -0.840402
-0.664 -0.934686 -0.748476
-0.662 0.173362 -0.756462
-0.66 1.07602 -0.902796
-0.658 1.57701 -1.18398
-0.656 1.60668 -1.55159
-0.654 1.23689 -1.91934
-0.652 0.657123 -2.17945
-0.65 0.11769 -2.22556
-0.648 -0.145329 -1.97764
-0.646 0.0166009 -1.40362
-0.644 0.613195 -0.532635
-0.642 1.5013 0.543551
-0.64 2.41375 1.68198
-0.638 3.02537 2.71121
-0.636 3.03971 3.46136
-0.634 2.27425 3.79579
-0.632 0.721069 3.63853
-0.63 -1.43397 2.99196
-0.628 -3.84056 1.94078
-0.626 -6.05654 0.640692
-0.624 -7.64764 -0.706722
-0.622 -8.29086 -1.88885
-0.62 -7.85632 -2.72008
-0.618 -6.44667 -3.07579
-0.616 -4.383 -2.91579
-0.614 -2.13904 -2.29273
-0.612 -0.238158 -1.3439
-0.61 0.863257 -0.267822
-0.608 0.879394 0.710517
-0.606 -0.237804 1.37987
-0.604 -2.28258 1.58164
-0.602 -4.83357 1.24051
-0.6 -7.33766 0.380703
-0.598 -9.2215 -0.875551
-0.596 -10.0073 -2.32768
-0.594 -9.40897 -3.73116
-0.592 -7.39003 -4.84028
-0.59 -4.17158 -5.45135
-0.588 -0.190882 -5.43866
-0.586 3.9803 -4.77687
-0.584 7.74017 -3.54579
-0.582 10.5636 -1.9166
-0.58 12.0912 -0.12134
-0.578 12.1862 1.5888
-0.576 10.9506 2.98871
-0.574 8.70035 3.91913
-0.572 5.90539 4.31299
-0.57 3.10611 4.20312
-0.568 0.819422 3.71003
-0.566 -0.549779 3.01263
-0.564 -0.778149 2.30834
-0.562 0.13667 1.77096
-0.56 1.97309 1.51517
-0.558 4.32018 1.57482
-0.556 6.64504 1.89937
-0.554 8.38335 2.36856
-0.552 9.03892 2.82164
-0.55 8.27621 3.09427
-0.548 5.98945 3.05478
-0.546 2.33483 2.63205
-0.544 -2.28244 1.8291
-0.542 -7.26655 0.720061
-0.54 -11.9267 -0.568308
-0.538 -15.5944 -1.88552
-0.536 -17.7403 -3.08958
-0.534 -18.0709 -4.07435
-0.532 -16.5839 -4.78575
-0.53 -13.573 -5.22332
-0.528 -9.57968 -5.42839
-0.526 -5.29953 -5.46341
-0.524 -1.46075 -5.38952
-0.522 1.30363 -5.24906
-0.52 2.56586 -5.05742
-0.518 2.17588 -4.80566
-0.516 0.283311 -4.47207
-0.514 -2.69354 -4.03838
-0.512 -6.14452 -3.50572
-0.51 -9.37515 -2.90506
-0.508 -11.7254 -2.29809
-0.506 -12.6796 -1.76686
-0.504 -11.95 -1.39356
-0.502 -9.52143 -1.23526
-0.5 -5.65254 -1.30101
-0.498 -0.834336 -1.53892
-0.496 4.28473 -1.83874
-0.494 8.99546 -2.05114
-0.492 12.6323 -2.02011
-0.49 14.6721 -1.62098
-0.488 14.8146 -0.795033
-0.486 13.034 0.427937
-0.484 9.59401 1.92499
-0.482 5.01997 3.49545
-0.48 0.030586 4.8943
-0.478 -4.5653 5.8776
-0.476 -7.99287 6.25116
-0.474 -9.63832 5.91243
-0.472 -9.15828 4.87668
-0.47 -6.55162 3.28121
-0.468 -2.17794 1.36599
-0.466 3.28595 -0.566251
-0.464 8.94962 -2.20326
-0.462 13.8585 -3.27971
-0.46 17.1644 -3.62599
-0.458 18.2839 -3.19937
-0.456 17.0135 -2.09128
-0.454 13.5759 -0.509165
-0.452 8.58566 1.26301
-0.45 2.93811 2.91742
-0.448 -2.35742 4.17816
-0.446 -6.36965 4.84998
-0.444 -8.42342 4.8519
-0.442 -8.22781 4.2299
-0.44 -5.92741 3.14635
-0.438 -2.0661 1.84739
-0.436 2.52832 0.61382
-0.434 6.91312 -0.295471
-0.432 10.2174 -0.695925
-0.43 11.8074 -0.514644
-0.428 11.3982 0.195544
-0.426 9.09035 1.26829
-0.424 5.32825 2.45935
-0.422 0.790425 3.49792
-0.42 -3.76081 4.14284
-0.418 -7.63696 4.23259
-0.416 -10.3537 3.71908
-0.414 -11.7082 2.67862
-0.412 -11.7911 1.29731
-0.41 -10.9386 -0.166727
-0.408 -9.63879 -1.43729
-0.406 -8.41807 -2.27903
-0.404 -7.72984 -2.54864
-0.402 -7.86657 -2.22627
-0.4 -8.90919 -1.41934
-0.398 -10.7205 -0.336955
-0.396 -12.9804 0.758991
-0.394 -15.2542 1.6141
-0.392 -17.0775 2.03824
-0.39 -18.0418 1.9456
-0.388 -17.8652 1.36926
-0.386 -16.4392 0.448244
-0.384 -13.8477 -0.609476
-0.382 -10.3577 -1.57875
-0.38 -6.38377 -2.27158
-0.378 -2.42852 -2.5806
-0.376 0.995279 -2.50053
-0.374 3.45079 -2.12205
-0.372 4.65829 -1.59973
-0.37 4.55594 -1.10277
-0.368 3.32685 -0.762456
-0.366 1.38458 -0.631573
-0.364 -0.684212 -0.668052
-0.362 -2.21406 -0.748389
-0.36 -2.57949 -0.7077
-0.358 -1.31947 -0.39546
-0.356 1.75555 0.26852
-0.354 6.49821 1.25356
-0.352 12.4197 2.40506
-0.35 18.7541 3.46447
-0.348 24.5851 4.12023
-0.346 29.012 4.07987
-0.344 31.3227 3.14749
-0.342 31.1378 1.28831
-0.34 28.4932 -1.33749
-0.338 23.8427 -4.38368
-0.336 17.9768 -7.37291
-0.334 11.8724 -9.78848
-0.332 6.50377 -11.1832
-0.33 2.65529 -11.2787
-0.328 0.774964 -10.0311
-0.326 0.900266 -7.64692
-0.324 2.66868 -4.54604
-0.322 5.40777 -1.27931
-0.32 8.2831 1.58131
-0.318 10.4722 3.55844
-0.316 11.3296 4.36719
-0.314 10.5095 3.97432
-0.312 8.02253 2.60487
-0.31 4.21358 0.693329
-0.308 -0.329971 -1.21096
-0.306 -4.91805 -2.56373
-0.304 -8.90889 -2.94403
-0.302 -11.8349 -2.14417
-0.3 -13.4759 -0.211605
-0.298 -13.8692 2.56522
-0.296 -13.2623 5.7221
-0.294 -12.0289 8.71949
-0.292 -10.569 11.0558
-0.29 -9.21999 12.3695
-0.288 -8.19391 12.5086
-0.286 -7.55463 11.5543
-0.284 -7.23616 9.79457
-0.282 -7.09511 7.65503
-0.28 -6.98021 5.60454
-0.278 -6.79787 4.05472
-0.276 -6.5537 3.27541
-0.274 -6.35806 3.34263
-0.272 -6.39451 4.12855
-0.27 -6.8604 5.33393
-0.268 -7.89597 6.55399
-0.266 -9.52118 7.36274
-0.264 -11.5974 7.39788
-0.262 -13.8264 6.42973
-0.26 -15.7907 4.40151
-0.258 -17.0305 1.435
-0.256 -17.1423 -2.19681
-0.254 -15.8785 -6.12119
-0.252 -13.2249 -9.92864
-0.25 -9.43705 -13.2345
-0.248 -5.02361 -15.7297
-0.246 -0.673923 -17.2154
-0.244 2.86044 -17.6206
-0.242 4.91109 -17.0008
-0.24 5.03728 -15.5205
-0.238 3.13892 -13.4218
-0.236 -0.48856 -10.9863
-0.234 -5.17342 -8.49575
-0.232 -9.96206 -6.20087
-0.23 -13.7756 -4.29906
-0.228 -15.6037 -2.92195
-0.226 -14.7036 -2.12924
-0.224 -10.7675 -1.90633
-0.222 -4.02455 -2.16553
-0.22 4.74989 -2.75374
-0.218 14.3302 -3.46941
-0.216 23.2317 -4.08939
-0.214 29.9666 -4.40181
-0.212 33.3168 -4.23861
-0.21 32.5719 -3.50137
-0.208 27.6844 -2.17678
-0.206 19.3124 -0.34069
-0.204 8.73815 1.84869
-0.202 -2.32844 4.16776
-0.2 -12.0292 6.354
-0.198 -18.6747 8.14004
-0.196 -21.0426 9.29119
-0.194 -18.602 9.64068
-0.192 -11.6236 9.11721
-0.19 -1.15514 7.76055
-0.188 11.1339 5.72278
-0.186 23.2107 3.25299
-0.184 33.0012 0.666004
-0.182 38.7231 -1.7016
-0.18 39.1794 -3.54079
-0.178 33.963 -4.61549
-0.176 23.54 -4.79579
-0.174 9.19721 -4.07451
-0.172 -7.13765 -2.56734
-0.17 -23.1748 -0.499432
-0.168 -36.5994 1.81948
-0.166 -45.4185 4.0323
-0.164 -48.2701 5.78435
-0.162 -44.6483 6.78133
-0.16 -35.0078 6.84403
-0.158 -20.7256 5.94581
-0.156 -3.91766 4.22244
-0.154 12.8659 1.95265
-0.152 27.024 -0.484856
-0.15 36.3089 -2.668
-0.148 39.1924 -4.1933
-0.146 35.1346 -4.7381
-0.144 24.7097 -4.1194
-0.142 9.55313 -2.34255
-0.14 -7.87405 0.373143
-0.138 -24.6794 3.60671
-0.136 -38.0283 6.79386
-0.134 -45.6388 9.32524
-0.132 -46.1872 10.6631
-0.13 -39.5438 10.4477
-0.128 -26.7949 8.57069
-0.126 -10.0509 5.20329
-0.124 7.92124 0.782656
-0.122 24.1723 -4.04161
-0.12 36.07 -8.49747
-0.118 41.7396 -11.8137
-0.116 40.3738 -13.3627
-0.114 32.361 -12.7962
-0.112 19.2091 -10.139
-0.11 3.27522 -5.81229
-0.108 -12.6537 -0.572626
-0.106 -25.8506 4.62233
-0.104 -34.1171 8.79354
-0.102 -36.1402 11.1275
-0.1 -31.6709 11.1352
-0.098 -21.504 8.75473
-0.096 -7.28305 4.38074
-0.094 8.8073 -1.18843
-0.092 24.3891 -6.88242
-0.09 37.2216 -11.5515
-0.088 45.4838 -14.1875
-0.086 47.9983 -14.1306
-0.084 44.3861 -11.2173
-0.082 35.1328 -5.83614
-0.08 21.538 1.12691
-0.078 5.53505 8.44563
-0.076 -10.6011 14.7862
-0.074 -24.6053 18.9684
-0.072 -34.5641 20.1996
-0.07 -39.1858 18.2322
-0.068 -37.9663 13.4125
-0.066 -31.2471 6.61621
-0.064 -20.1728 -0.913736
-0.062 -6.55781 -7.79173
-0.06 7.34188 -12.7387
-0.058 19.1521 -14.8128
-0.056 26.7739 -13.5831
-0.054 28.7827 -9.21719
-0.052 24.7356 -2.46606
-0.05 15.2971 5.4565
-0.048 2.14054 13.0838
-0.046 -12.3561 18.961
-0.044 -25.5438 21.9125
-0.042 -34.97 21.2547
-0.04 -38.794 16.9131
-0.038 -36.088 9.42717
-0.036 -26.9972 -0.144648
-0.034 -12.7444 -10.3955
-0.032 4.53006 -19.7834
-0.03 22.0958 -26.8559
-0.028 37.1009 -30.4565
-0.026 47.0996 -29.8896
-0.024 50.5159 -25.0245
-0.022 46.9189 -16.3244
-0.02 37.0452 -4.78734
-0.018 22.5881 8.19674
-0.016 5.84328 21.046
-0.014 -10.6839 32.1985
-0.012 -24.6309 40.2953
-0.01 -34.0595 44.3177
-0.008 -37.6712 43.6867
-0.006 -34.9709 38.334
-0.004 -26.3676 28.7398
-0.002 -13.1744 15.9154
0 2.54259 1.30322
0.002 18.2768 -13.4043
0.004 31.5053 -26.4993
0.006 40.1161 -36.4956
0.008 42.7342 -42.3178
0.01 38.8885 -43.4137
0.012 29.0285 -39.7849
0.014 14.4343 -31.9609
0.016 -2.94012 -20.9358
0.018 -20.6816 -8.07266
0.02 -36.2035 5.03673
0.022 -47.1074 16.762
0.024 -51.5883 25.6565
0.026 -48.8051 30.669
0.028 -39.1073 31.2975
0.03 -24.027 27.6554
0.032 -6.01203 20.4456
0.034 12.0366 10.8537
0.036 27.3002 0.376252
0.038 37.5252 -9.396
0.04 41.3689 -17.0134
0.042 38.5777 -21.3899
0.044 29.9965 -21.9794
0.046 17.4167 -18.8718
0.048 3.27546 -12.7844
0.05 -9.76302 -4.93714
0.052 -19.2844 3.16891
0.054 -23.568 10.0289
0.056 -21.9005 14.4063
0.058 -14.6832 15.5481
0.06 -3.31217 13.3051
0.062 10.1281 8.14404
0.064 23.2648 1.05226
0.066 33.8358 -6.6456
0.068 40.0204 -13.5283
0.07 40.6749 -18.3345
0.072 35.4713 -20.1922
0.074 24.9412 -18.7786
0.076 10.4153 -14.381
0.078 -6.14802 -7.83869
0.08 -22.4418 -0.377999
0.082 -36.1597 6.63087
0.084 -45.3538 11.9407
0.086 -48.7305 14.6634
0.088 -45.8308 14.4282
0.09 -37.078 11.4329
0.092 -23.7066 6.38371
0.094 -7.59902 0.338858
0.096 8.94596 -5.50615
0.098 23.5034 -10.0475
0.1 33.8582 -12.4707
0.102 38.3559 -12.3845
0.104 36.2094 -9.87088
0.106 27.6925 -5.45186
0.108 14.1556 0.0203856
0.11 -2.15783 5.52859
0.112 -18.4739 10.0831
0.114 -31.962 12.9055
0.116 -40.2304 13.5656
0.118 -41.7482 12.0425
0.12 -36.118 8.69973
0.122 -24.151 4.18745
0.124 -7.73693 -0.697952
0.126 10.4697 -5.1622
0.128 27.4942 -8.54054
0.13 40.5431 -10.39
0.132 47.4812 -10.542
0.134 47.199 -9.1151
0.136 39.8048 -6.48219
0.138 26.602 -3.19499
0.14 9.85409 0.125162
0.142 -7.61942 2.90544
0.144 -22.936 4.7204
0.146 -33.6371 5.34999
0.148 -38.0804 4.79074
0.15 -35.6752 3.22864
0.152 -26.9352 0.989236
0.154 -13.355 -1.52213
0.156 2.85765 -3.88246
0.158 19.1441 -5.71229
0.16 32.9958 -6.73108
0.162 42.333 -6.79898
0.164 45.8045 -5.93563
0.166 42.9666 -4.31033
0.168 34.3188 -2.20565
0.17 21.1986 0.035516
0.172 5.55833 2.06567
0.174 -10.3389 3.58035
0.176 -24.2597 4.3538
0.178 -34.3306 4.26337
0.18 -39.3098 3.30355
0.182 -38.7608 1.58764
0.184 -33.1016 -0.665996
0.186 -23.5191 -3.16385
0.188 -11.7656 -5.57959
0.19 0.130438 -7.60116
0.192 10.1924 -8.97392
0.194 16.8095 -9.53285
0.196 18.9887 -9.21997
0.198 16.5036 -8.08665
0.2 9.9133 -6.28218
0.202 0.450053 -4.03053
0.204 -10.2072 -1.59854
0.206 -20.2301 0.740236
0.208 -27.9551 2.74098
0.21 -32.1583 4.21806
0.212 -32.2454 5.0678
0.214 -28.326 5.28125
0.216 -21.1646 4.94492
0.218 -12.0198 4.22778
0.22 -2.40328 3.35522
0.222 6.19401 2.57419
0.224 12.5576 2.1161
0.226 15.9392 2.16478
0.228 16.1495 2.83378
0.23 13.5457 4.15356
0.232 8.92479 6.06644
0.234 3.35125 8.4277
0.236 -2.04658 11.0136
0.238 -6.2739 13.5392
0.24 -8.62844 15.6879
0.242 -8.79605 17.1513
0.244 -6.86999 17.6752
0.246 -3.29538 17.1013
0.248 1.2449 15.3984
0.25 5.97658 12.6752
0.252 10.1817 9.17393
0.254 13.3204 5.24453
0.256 15.107 1.30167
0.258 15.5295 -2.23179
0.26 14.8161 -4.98947
0.262 13.3575 -6.72421
0.264 11.6059 -7.35595
0.266 9.97315 -6.99235
0.268 8.7507 -5.91424
0.27 8.06593 -4.52582
0.272 7.88227 -3.27747
0.274 8.03896 -2.57574
0.276 8.31789 -2.69849
0.278 8.51938 -3.73313
0.28 8.52652 -5.55226
0.282 8.34009 -7.83359
0.284 8.07423 -10.1218
0.286 7.91388 -11.9207
0.288 8.04621 -12.7984
0.29 8.58621 -12.4825
0.292 9.51862 -10.9266
0.294 10.6733 -8.33092
0.296 11.743 -5.11031
0.298 12.3411 -1.81519
0.3 12.0898 0.979967
0.302 10.7197 2.7971
0.304 8.15786 3.35827
0.306 4.57981 2.6494
0.308 0.406524 0.928375
0.31 -3.76241 -1.32619
0.312 -7.26909 -3.51553
0.314 -9.54491 -5.04864
0.316 -10.249 -5.46934
0.318 -9.36213 -4.55417
0.32 -7.21095 -2.36043
0.322 -4.41626 0.785039
0.324 -1.77411 4.35276
0.326 -0.0945389 7.71792
0.328 -0.0302229 10.2858
0.33 -1.93014 11.6099
0.332 -5.75019 11.4786
0.334 -11.0425 9.9535
0.336 -17.0287 7.34941
0.338 -22.7451 4.16123
0.34 -27.228 0.954851
0.342 -29.7016 -1.75152
0.344 -29.7266 -3.58725
0.346 -27.2816 -4.38871
0.348 -22.7601 -4.20858
0.35 -16.8878 -3.27836
0.352 -10.5794 -1.93726
0.354 -4.76398 -0.546288
0.356 -0.217128 0.592667
0.358 2.56808 1.29545
0.36 3.44819 1.52087
0.362 2.62667 1.35929
0.364 0.589376 0.989862
0.366 -2.0034 0.618917
0.368 -4.44418 0.416379
0.37 -6.10188 0.467225
0.372 -6.52236 0.750689
0.374 -5.49227 1.15176
0.376 -3.05915 1.50028
0.378 0.492531 1.62533
0.38 4.70181 1.40906
0.382 9.01517 0.824922
0.384 12.8782 -0.0497866
0.386 15.8204 -1.04974
0.388 17.5229 -1.96119
0.39 17.8616 -2.57481
0.392 16.9229 -2.73863
0.394 14.9885 -2.39822
0.396 12.4887 -1.61462
0.398 9.92797 -0.554898
0.4 7.79361 0.543166
0.402 6.4612 1.42468
0.404 6.11756 1.87675
0.406 6.71693 1.7785
0.408 7.98199 1.12975
0.41 9.45234 0.0517611
0.412 10.5741 -1.23947
0.414 10.816 -2.48061
0.416 9.79002 -3.41788
0.418 7.35245 -3.86107
0.42 3.65949 -3.72346
0.422 -0.838419 -3.03966
0.424 -5.46908 -1.95848
0.426 -9.46667 -0.712407
0.428 -12.1299 0.42995
0.43 -12.976 1.21921
0.432 -11.8559 1.47714
0.434 -9.0031 1.13462
0.436 -5.00298 0.247424
0.438 -0.686368 -1.01349
0.44 3.03303 -2.39557
0.442 5.34382 -3.61501
0.444 5.7059 -4.4134
0.446 3.96641 -4.60927
0.448 0.397253 -4.13467
0.45 -4.3543 -3.05014
0.452 -9.39151 -1.53571
0.454 -13.744 0.140428
0.456 -16.5574 1.6701
0.458 -17.2581 2.7617
0.46 -15.6622 3.1949
0.462 -12.0063 2.86307
0.464 -6.89865 1.79496
0.466 -1.20058 0.151007
0.468 4.13474 -1.80518
0.47 8.23392 -3.75483
0.472 10.452 -5.38197
0.474 10.4727 -6.43019
0.476 8.3468 -6.74703
0.478 4.46712 -6.30755
0.48 -0.509887 -5.21293
0.482 -5.77848 -3.66513
0.484 -10.5139 -1.92386
0.486 -13.9973 -0.255183
0.488 -15.7183 1.11771
0.49 -15.4404 2.05216
0.492 -13.2245 2.50541
0.494 -9.40964 2.53288
0.496 -4.55556 2.26667
0.498 0.643131 1.87973
0.5 5.46 1.54454
0.502 9.24368 1.39585
0.504 11.5143 1.5061
0.506 12.0356 1.87819
0.508 10.8513 2.45545
0.51 8.27836 3.14399
0.512 4.85778 3.83986
0.514 1.26727 4.45321
0.516 -1.79018 4.92386
0.518 -3.70539 5.22564
0.52 -4.06967 5.36055
0.522 -2.74989 5.34609
0.524 0.0830915 5.20033
0.526 3.97969 4.92976
0.528 8.28763 4.52391
0.53 12.2654 3.95896
0.532 15.2121 3.20958
0.534 16.5897 2.26559
0.536 16.1146 1.14781
0.538 13.8034 -0.082745
0.54 9.96517 -1.32663
0.542 5.14244 -2.45995
0.544 0.0144933 -3.35803
0.546 -4.72046 -3.92314
0.548 -8.46162 -4.10939
0.55 -10.8006 -3.9378
0.552 -11.5792 -3.49706
0.554 -10.9022 -2.9285
0.556 -9.10459 -2.39793
0.558 -6.68169 -2.05991
0.56 -4.19615 -2.02257
0.562 -2.17784 -2.32078
0.564 -1.03419 -2.90432
0.566 -0.9847 -3.64404
0.568 -2.02913 -4.35539
0.57 -3.95273 -4.83483
0.572 -6.36663 -4.90183
0.574 -8.77623 -4.43806
0.576 -10.6672 -3.41558
0.578 -11.5958 -1.90826
0.58 -11.2688 -0.0836068
0.582 -9.60062 1.824
0.584 -6.73552 3.55339
0.586 -3.02987 4.86241
0.588 1.00453 5.57063
0.59 4.78805 5.59094
0.592 7.77665 4.94459
0.594 9.56193 3.75735
0.596 9.94828 2.2374
0.598 8.9907 0.639001
0.6 6.9846 -0.781764
0.602 4.4078 -1.81108
0.604 1.82531 -2.31318
0.606 -0.224408 -2.25135
0.608 -1.33832 -1.69065
0.61 -1.32943 -0.782745
0.612 -0.261423 0.263897
0.614 1.57106 1.22271
0.616 3.71236 1.89
0.618 5.6505 2.12111
0.62 6.93234 1.85587
0.622 7.26251 1.1285
0.624 6.56342 0.0604086
0.626 4.98351 -1.16318
0.628 2.85357 -2.32809
0.63 0.603112 -3.23097
0.632 -1.34229 -3.71612
0.634 -2.658 -3.70245
0.636 -3.1891 -3.19582
0.638 -2.97539 -2.28504
0.64 -2.22769 -1.12287
0.642 -1.26275 0.103819
0.644 -0.414326 1.20893
0.646 0.0558508 2.04063
0.648 0.0239459 2.50696
0.65 -0.470072 2.58914
0.652 -1.24196 2.34
0.654 -2.02134 1.86855
0.656 -2.53153 1.31406
0.658 -2.56932 0.815408
0.66 -2.06355 0.482206
0.662 -1.09771 0.373411
0.664 0.108806 0.487392
0.666 1.2558 0.764723
0.668 2.03918 1.10247
0.67 2.22996 1.37666
0.672 1.73476 1.46838
0.674 0.622492 1.28854
0.676 -0.889438 0.796833
0.678 -2.48551 0.0113677
0.68 -3.82599 -0.992856
0.682 -4.62598 -2.09645
0.684 -4.72094 -3.15664
0.686 -4.10366 -4.03254
0.688 -2.92522 -4.60952
0.69 -1.46058 -4.81818
0.692 -0.0475654 -4.64472
0.694 0.98627 -4.1313
0.696 1.39227 -3.36677
0.698 1.04978 -2.46964
0.7 -0.0137211 -1.56627
0.702 -1.6335 -0.768428
0.704 -3.54448 -0.154094
0.706 -5.43406 0.244485
0.708 -6.99896 0.443383
0.71 -7.99516 0.499696
0.712 -8.27287 0.496115
0.714 -7.79231 0.520906
0.716 -6.61999 0.647776
0.718 -4.90886 0.919922
0.72 -2.86781 1.34141
0.722 -0.727362 1.87729
0.724 1.29246 2.46204
0.726 3.00807 3.01433
0.728 4.29 3.45494
0.73 5.07236 3.72385
0.732 5.35452 3.7928
0.734 5.19577 3.66994
0.736 4.70379 3.39549
0.738 4.0179 3.0291
0.74 3.28876 2.6324
0.742 2.65668 2.25139
0.744 2.23122 1.90361
0.746 2.07465 1.57362
0.748 2.19207 1.21792
0.75 2.53056 0.778201
0.752 2.98861 0.199368
0.754 3.43529 -0.552078
0.756 3.73636 -1.47382
0.758 3.78187 -2.52134
0.76 3.50953 -3.61135
0.762 2.91833 -4.63475
0.764 2.06961 -5.47678
0.766 1.07547 -6.03992
0.768 0.0772758 -6.26433
0.77 -0.781531 -6.14062
0.772 -1.38296 -5.71153
0.774 -1.657 -5.06213
0.776 -1.59462 -4.30083
0.778 -1.24829 -3.53591
0.78 -0.720088 -2.85346
0.782 -0.140013 -2.30156
0.784 0.36021 -1.88439
0.786 0.672153 -1.5668
0.788 0.729526 -1.2882
0.79 0.517871 -0.981701
0.792 0.0743133 -0.594009
0.794 -0.521618 -0.10103
0.796 -1.16388 0.48464
0.798 -1.73954 1.11622
0.8 -2.14873 1.72467
0.802 -2.32137 2.23678
0.804 -2.22782 2.59454
0.806 -1.88201 2.77034
0.808 -1.33694 2.77388
0.81 -0.674187 2.64905
0.812 0.010368 2.462
0.814 0.622118 2.28351
0.816 1.0822 2.17037
0.818 1.33865 2.15048
0.82 1.3726 2.21542
0.822 1.19854 2.32254
0.824 0.859047 2.40612
0.826 0.415393 2.39512
0.828 -0.0637533 2.2328
0.83 -0.513344 1.89336
0.832 -0.880896 1.39105
0.834 -1.13219 0.779495
0.836 -1.25312 0.141168
0.838 -1.24768 -0.430271
0.84 -1.13279 -0.850638
0.842 -0.931206 -1.06391
0.844 -0.664774 -1.05443
0.846 -0.349656 -0.849753
0.848 0.00514856 -0.513075
0.85 0.396141 -0.127292
0.852 0.821721 0.225626
0.854 1.27837 0.484616
0.856 1.75815 0.623753
0.858 2.24828 0.657071
0.86 2.73278 0.63278
0.862 3.19552 0.618464
0.864 3.62365 0.681088
0.866 4.01024 0.866863
0.868 4.35485 1.18599
0.87 4.66143 1.60618
0.872 4.93342 2.05675
0.874 5.1675 2.44269
0.876 5.3481 2.66567
0.878 5.44522 2.64702
0.88 5.41713 2.3474
0.882 5.21837 1.77824
0.884 4.81147 1.00216
0.886 4.17951 0.121892
0.888 3.33607 -0.739893
0.89 2.32934 -1.46545
0.892 1.23822 -1.96599
0.894 0.160329 -2.19947
0.896 -0.806187 -2.17833
0.898 -1.58311 -1.96533
0.9 -2.12986 -1.65844
0.902 -2.45376 -1.36833
0.904 -2.60964 -1.19339
0.906 -2.68806 -1.19799
0.908 -2.79448 -1.39879
0.91 -3.02373 -1.76169
0.912 -3.43592 -2.21017
0.914 -4.03953 -2.64263
0.916 -4.78605 -2.95505
0.918 -5.57799 -3.0639
0.92 -6.28859 -2.92412
0.922 -6.78897 -2.53842
0.924 -6.97594 -1.95574
0.926 -6.7941 -1.25964
0.928 -6.24676 -0.549225
0.93 -5.3935 0.0827475
0.932 -4.33546 0.569468
0.934 -3.19231 0.882999
0.936 -2.07689 1.03768
0.938 -1.0738 1.08353
0.94 -0.226897 1.09139
0.942 0.461667 1.1335
0.944 1.02143 1.26401
0.946 1.4961 1.50418
0.948 1.92398 1.83567
0.95 2.32208 2.20363
0.952 2.67884 2.52865
0.954 2.95731 2.72501
0.956 3.10808 2.72097
0.958 3.0879 2.47641
0.96 2.8785 1.99369
0.962 2.49953 1.31938
0.964 2.01135 0.536195
0.966 1.5058 -0.252936
0.968 1.08672 -0.945133
0.97 0.844918 -1.45773
0.972 0.834093 -1.74388
0.974 1.05438 -1.80027
0.976 1.44813 -1.66532
0.978 1.90968 -1.40857
0.98 2.30726 -1.11387
0.982 2.51223 -0.860251
0.984 2.42893 -0.704858
0.986 2.01833 -0.671505
0.988 1.30985 -0.747341
0.99 0.398524 -0.888087
0.992 -0.572154 -1.03039
0.994 -1.43826 -1.10822
0.996 -2.04826 -1.06918
0.998 -2.29364 -0.887002
1 -2.1308 -0.567277
1.002 -1.58967 -0.14552
1.004 -0.76744 0.321533
1.006 0.190865 0.768932
1.008 1.12031 1.13756
1.01 1.86649 1.38601
1.012 2.31218 1.49784
1.014 2.39545 1.48293
1.016 2.11647 1.37293
1.018 1.53273 1.21229
1.02 0.744507 1.04709
1.022 -0.125955 0.914405
1.024 -0.957397 0.834678
1.026 -1.65018 0.808555
1.028 -2.14114 0.818804
1.03 -2.41034 0.8364
1.032 -2.47934 0.828928
1.034 -2.40189 0.768932
1.036 -2.24986 0.640077
1.038 -2.09722 0.4399
1.04 -2.00549 0.17901
1.042 -2.01282 -0.122456
1.044 -2.12828 -0.439811
1.046 -2.33182 -0.748818
1.048 -2.57952 -1.02954
1.05 -2.81315 -1.26834
1.052 -2.97213 -1.45793
1.054 -3.00604 -1.59579
1.056 -2.88501 -1.68178
1.058 -2.60609 -1.71568
1.06 -2.19404 -1.69562
1.062 -1.69633 -1.61779
1.064 -1.17335 -1.47768
1.066 -0.685997 -1.27246
1.068 -0.283595 -1.00371
1.07 0.00539047 -0.679703
1.072 0.177853 -0.31623
1.074 0.255153 0.0641528
1.076 0.277238 0.434579
1.078 0.293153 0.767381
1.08 0.349986 1.03793
1.082 0.482606 1.22803
1.084 0.706434 1.32814
1.086 1.01486 1.33819
1.088 1.38185 1.26692
1.09 1.76896 1.13008
1.092 2.13484 0.947916
1.094 2.44467 0.742393
1.096 2.67698 0.534558
1.098 2.82624 0.34228
1.1 2.90076 0.178628
1.102 2.91696 0.0509315
1.104 2.89198 -0.0395065
1.106 2.83687 -0.0971234
1.108 2.75243 -0.131298
1.11 2.6289 -0.15503
1.112 2.44942 -0.183103
1.114 2.19651 -0.229797
1.116 1.85952 -0.30637
1.118 1.44103 -0.418652
1.12 0.960186 -0.565223
1.122 0.451769 -0.73664
1.124 -0.0389926 -0.916014
1.126 -0.464834 -1.081
1.128 -0.786038 -1.20696
1.13 -0.978916 -1.27072
1.132 -1.0411 -1.25442
1.134 -0.992345 -1.14858
1.136 -0.870546 -0.954046
1.138 -0.723883 -0.682333
1.14 -0.600863 -0.354182
1.142 -0.540581 0.00344088
1.144 -0.565435 0.361484
1.146 -0.677793 0.693218
1.148 -0.861097 0.977984
1.15 -1.08469 1.20349
1.152 -1.31094 1.36622
1.154 -1.50272 1.47012
1.156 -1.62995 1.52397
1.158 -1.67388 1.53826
1.16 -1.62901 1.52227
1.162 -1.5028 1.48209
1.164 -1.31351 1.41967
1.166 -1.08707 1.33327
1.168 -0.853256 1.21885
1.17 -0.641967 1.07217
1.172 -0.479803 0.891009
1.174 -0.387241 0.676783
1.176 -0.376485 0.435359
1.178 -0.450023 0.176718
1.18 -0.599873 -0.086305
1.182 -0.807603 -0.339899
1.184 -1.04535 -0.57128
1.186 -1.27811 -0.77037
1.188 -1.46748 -0.930791
1.19 -1.57671 -1.05005
1.192 -1.57665 -1.12902
1.194 -1.45138 -1.17095
1.196 -1.20245 -1.1804
1.198 -0.850498 -1.16223
1.2 -0.433301 -1.12092
1.202 -0.000350439 -1.0603
1.204 0.395317 -0.983672
1.206 0.706503 -0.894022
1.208 0.900538 -0.794215
1.21 0.965497 -0.686892
1.212 0.91265 -0.574023
1.214 0.774663 -0.456234
1.216 0.599891 -0.332215
1.218 0.443818 -0.198585
1.22 0.35914 -0.0505544
1.222 0.386207 0.116569
1.224 0.545465 0.305278
1.226 0.833201 0.513713
1.228 1.22141 0.734101
1.23 1.66184 0.952286
1.232 2.09368 1.14867
1.234 2.45345 1.30055
1.236 2.68554 1.38561
1.238 2.75153 1.38589
1.24 2.6367 1.29177
1.242 2.35265 1.10477
1.244 1.93567 0.838862
1.246 1.441 0.51934
1.248 0.934038 0.179542
1.25 0.479625 -0.144343
1.252 0.131393 -0.419327
1.254 -0.0772164 -0.621304
1.256 -0.138558 -0.739079
1.258 -0.0719277 -0.775874
1.26 0.0801315 -0.747963
1.262 0.259815 -0.680801
1.264 0.404956 -0.603515
1.266 0.460847 -0.542888
1.268 0.390744 -0.518016
1.27 0.183039 -0.536634
1.272 -0.146299 -0.593836
1.274 -0.556474 -0.673459
1.276 -0.989248 -0.75187
1.278 -1.37951 -0.803337
1.28 -1.66699 -0.805778
1.282 -1.80692 -0.745586
1.284 -1.77754 -0.620484
1.286 -1.58307 -0.439866
1.288 -1.25168 -0.222707
1.29 -0.828952 0.00635234
1.292 -0.368648 0.221796
1.294 0.0773073 0.401867
1.296 0.46727 0.532168
1.298 0.77519 0.607621
1.3 0.992057 0.632498
1.302 1.12371 0.6186
1.304 1.18607 0.582042
1.306 1.19924 0.539411
1.308 1.18193 0.50418
1.31 1.14743 0.484157
1.312 1.10174 0.480411
1.314 1.04417 0.487759
1.316 0.969806 0.496534
1.318 0.872983 0.495148
1.32 0.750475 0.472849
1.322 0.603407 0.422162
1.324 0.437357 0.340582
1.326 0.260844 0.231294
1.328 0.0829622 0.102827
1.33 -0.0889029 -0.0322883
1.332 -0.250463 -0.159599
1.334 -0.400659 -0.265173
1.336 -0.540604 -0.337895
1.338 -0.671777 -0.371184
1.34 -0.794107 -0.363847
1.342 -0.904561 -0.319986
1.344 -0.996744 -0.248057
1.346 -1.0617 -0.159296
1.348 -1.08984 -0.065806
1.35 -1.07347 0.0213528
1.352 -1.00938 0.0937401
1.354 -0.900514 0.146513
1.356 -0.756195 0.178674
1.358 -0.590751 0.192607
1.36 -0.420736 0.193027
1.362 -0.261572 0.185592
1.364 -0.124524 0.175463
1.366 -0.0148372 0.166118
1.368 0.0684475 0.158649
1.37 0.131007 0.151663
1.372 0.180539 0.141794
1.374 0.223671 0.124717
1.376 0.263398 0.0964183
1.378 0.297827 0.0543942
1.38 0.320646 -0.0015358
1.382 0.323212 -0.0690237
1.384 0.29768 -0.143607
1.386 0.240227 -0.2196
1.388 0.153357 -0.291217
1.39 0.0465004 -0.353654
1.392 -0.0654164 -0.403892
1.394 -0.165146 -0.441079
1.396 -0.237262 -0.46642
1.398 -0.272186 -0.482637
1.4 -0.268997 -0.493088
1.402 -0.236248 -0.50073
1.404 -0.190451 -0.507167
1.406 -0.15251 -0.512049
1.408 -0.142855 -0.513006
1.41 -0.176374 -0.506136
1.412 -0.258369 -0.486907
1.414 -0.382519 -0.451193
1.416 -0.531398 -0.396155
1.418 -0.679524 -0.320772
1.42 -0.798277 -0.22597
1.422 -0.861639 -0.114433
1.424 -0.85148 0.00974413
1.426 -0.761265 0.14145
1.428 -0.597391 0.274915
1.43 -0.377949 0.404048
1.432 -0.129253 0.522762
1.434 0.119091 0.625275
1.436 0.339532 0.706376
1.438 0.511295 0.761687
1.44 0.62361 0.787965
1.442 0.676867 0.783485
1.444 0.68154 0.748483
1.446 0.655168 0.68552
1.448 0.618118 0.5996
1.45 0.589085 0.497886
1.452 0.581331 0.388922
1.454 0.600411 0.281461
1.456 0.643735 0.183112
1.458 0.70182 0.0991238
1.46 0.760772 0.0316341
1.462 0.80533 -0.0204466
1.464 0.821838 -0.0608729
1.466 0.800681 -0.0949612
1.468 0.737846 -0.128188
1.47 0.635472 -0.164794
1.472 0.501345 -0.206705
1.474 0.347414 -0.252998
1.476 0.18762 -0.30005
1.478 0.0354337 -0.342328
1.48 -0.0983299 -0.373639
1.482 -0.206936 -0.388585
1.484 -0.288088 -0.383878
1.486 -0.343249 -0.359218
1.488 -0.376247 -0.317505
1.49 -0.391645 -0.264314
1.492 -0.393339 -0.206722
1.494 -0.383674 -0.151764
1.496 -0.363167 -0.104901
1.498 -0.330795 -0.068878
1.5 -0.284711 -0.0432729
1.502 -0.223196 -0.0248466
1.504 -0.145685 -0.00859484
1.506 -0.0536264 0.0107739
1.508 0.0490483 0.0373205
1.51 0.156026 0.0726964
1.512 0.259357 0.115574
1.514 0.350724 0.161795
1.516 0.422919 0.205179
1.518 0.471134 0.238767
1.52 0.493682 0.256241
1.522 0.491986 0.253179
1.524 0.469864 0.227935
1.526 0.432392 0.181954
1.528 0.384679 0.119499
1.53 0.330888 0.0468418
1.532 0.273693 -0.0288888
1.534 0.214252 -0.100953
1.536 0.152614 -0.164039
1.538 0.0884065 -0.214893
1.54 0.0216053 -0.252423
1.542 -0.0468451 -0.277336
1.544 -0.114745 -0.291485
1.546 -0.1788 -0.297116
1.548 -0.235227 -0.296249
1.55 -0.280632 -0.290304
1.552 -0.312905 -0.280025
1.554 -0.33181 -0.26563
1.556 -0.339085 -0.247101
1.558 -0.337984 -0.224494
1.56 -0.332406 -0.19819
1.562 -0.325831 -0.169027
1.564 -0.320375 -0.138274
1.566 -0.316217 -0.107466
1.568 -0.311562 -0.0781378
1.57 -0.303166 -0.0515207
1.572 -0.287289 -0.0282864
1.574 -0.260813 -0.00841703
1.576 -0.222235 0.00874557
1.578 -0.172266 0.0242658
1.58 -0.113847 0.0392536
1.582 -0.051584 0.0544889
1.584 0.00927935 0.0701565
1.586 0.064065 0.0857778
1.588 0.109706 0.100351
1.59 0.145342 0.112642
1.592 0.172292 0.121514
1.594 0.193414 0.126203
1.596 0.212024 0.126454
1.598 0.230662 0.122503
1.6 0.250043 0.114928
1.602 0.268502 0.104417
1.604 0.282115 0.0915369
1.606 0.285517 0.0765353
1.608 0.273241 0.0592664
1.61 0.241249 0.0392677
1.612 0.188275 0.016008
1.614 0.116608 -0.0107403
1.616 0.0320962 -0.0405019
1.618 -0.0566483 -0.0718045
1.62 -0.139699 -0.102107
1.622 -0.207602 -0.128017
1.624 -0.253121 -0.145773
1.626 -0.272549 -0.151916
1.628 -0.266296 -0.143987
1.63 -0.238614 -0.121121
1.632 -0.196545 -0.084397
1.634 -0.148338 -0.0368768
1.636 -0.101748 0.0167079
1.638 -0.0626036 0.0705744
1.64 -0.0339372 0.118735
1.642 -0.0158205 0.155929
1.644 -0.00586347 0.17847
1.646 -0.000199608 0.184844
1.648 0.00530066 0.175903
1.65 0.0138718 0.154629
1.652 0.0270094 0.125502
1.654 0.0441263 0.0936346
1.656 0.0627711 0.0638493
1.658 0.079333 0.0398924
1.66 0.090027 0.0239001
1.662 0.0918875 0.0161845
1.664 0.0835143 0.0153443
1.666 0.0653972 0.0186627
1.668 0.0397684 0.0227186
1.67 0.0100508 0.0241033
1.672 -0.0199407 0.0201081
1.674 -0.0468438 0.00923959
1.676 -0.0684448 -0.00854045
1.678 -0.084085 -0.031893
1.68 -0.094706 -0.0584549
1.682 -0.102547 -0.0853624
1.684 -0.110572 -0.109808
1.686 -0.121748 -0.129506
1.688 -0.138327 -0.142984
1.69 -0.16127 -0.149677
1.692 -0.189937 -0.149852
1.694 -0.222095 -0.144397
1.696 -0.254234 -0.134534
1.698 -0.282137 -0.121526
1.7 -0.301568 -0.106429
1.702 -0.308972 -0.0899496
1.704 -0.302064 -0.0724411
1.706 -0.280219 -0.054022
1.708 -0.244623 -0.0347659
1.71 -0.198138 -0.0148927
1.712 -0.144904 0.00510627
1.714 -0.0897263 0.0244512
1.716 -0.0373389 0.042165
1.718 0.00829374 0.0572379
1.72 0.0445186 0.0688119
1.722 0.0702678 0.0763343
1.724 0.0860325 0.0796473
1.726 0.0935662 0.0789952
1.728 0.0953902 0.074953
1.73 0.0942056 0.06829
1.732 0.0923182 0.0598027
1.734 0.0911802 0.0501605
1.736 0.0911325 0.0398057
1.738 0.0913957 0.0289331
1.74 0.0903141 0.0175463
1.742 0.0858017 0.00557323
1.744 0.0758972 -0.00699106
1.746 0.0593042 -0.0199537
1.748 0.035798 -0.0328487
1.75 0.00640718 -0.044949
1.752 -0.0266677 -0.0553692
1.754 -0.0603816 -0.0632332
1.756 -0.0913472 -0.0678587
1.758 -0.116407 -0.0689101
1.76 -0.133158 -0.0664807
1.762 -0.140328 -0.0610894
1.764 -0.137928 -0.0535935
1.766 -0.127167 -0.0450429
1.768 -0.110161 -0.0365079
1.77 -0.0895058 -0.0289135
1.772 -0.0678109 -0.0229071
1.774 -0.0472983 -0.018776
1.776 -0.0295238 -0.0164283
1.778 -0.0152624 -0.0154379
1.78 -0.00454941 -0.0151442
1.782 0.00315541 -0.0147881
1.784 0.00873008 -0.0136577
1.786 0.0131325 -0.0112195
1.788 0.0171723 -0.00721718
1.79 0.0213521 -0.00172218
1.792 0.0258015 0.00486823
1.794 0.0303058 0.0118843
1.796 0.0344073 0.0184779
1.798 0.0375477 0.0237412
1.8 0.0392121 0.0268364
1.802 0.0390437 0.027119
1.804 0.036912 0.0242437
1.806 0.0329284 0.0182361
1.808 0.0274175 0.0095158
1.81 0.0208573 -0.00113846
1.812 0.0138061 -0.0126856
1.814 0.00682712 -0.0239687
1.816 0.00041942 -0.0338884
1.818 -0.00503889 -0.0415699
1.82 -0.00933171 -0.0464921
1.822 -0.0124234 -0.0485546
1.824 -0.0144509 -0.048071
1.826 -0.0156902 -0.0456919
1.828 -0.0165039 -0.0422668
1.83 -0.0172772 -0.0386702
1.832 -0.0183505 -0.0356235
1.834 -0.0199556 -0.0335491
1.836 -0.0221649 -0.0324899
1.838 -0.0248628 -0.0321128
1.84 -0.0277472 -0.0317975
1.842 -0.0303651 -0.0307901
1.844 -0.03218 -0.0283879
1.846 -0.0326616 -0.0241135
1.848 -0.0313855 -0.0178404
1.85 -0.0281271 -0.00984506
1.852 -0.0229313 -0.000776288
1.854 -0.0161423 0.00845158
1.856 -0.00837972 0.0168219
1.858 -0.000459638 0.0234039
1.86 0.0067316 0.0275273
1.862 0.0123894 0.0289074
1.864 0.0159409 0.0276931
1.866 0.0171612 0.0244278
1.868 0.016228 0.0199324
1.87 0.0136991 0.015137
1.872 0.0104116 0.0109007
1.874 0.00732067 0.00785726
1.876 0.0053119 0.00631686
1.878 0.00502471 0.00623806
1.88 0.00672497 0.00726852
1.882 0.0102516 0.00884106
1.884 0.0150466 0.0103032
1.886 0.020263 0.0110552
1.888 0.0249269 0.0106693
1.89 0.028126 0.00896942
1.892 0.0291841 0.0060544
1.894 0.0277898 0.00226494
1.896 0.0240535 -0.00189614
1.898 0.0184798 -0.0058692
1.9 0.0118634 -0.00914405
1.902 0.00513097 -0.0113452
1.904 -0.000836747 -0.0122819
1.906 -0.00536216 -0.0119573
1.908 -0.00807663 -0.0105436
1.91 -0.00895619 -0.00833129
1.912 -0.00828694 -0.00566885
1.914 -0.00657475 -0.00290359
1.916 -0.00442374 -0.000333482
1.918 -0.00241083 0.00182473
1.92 -0.000980508 0.00344924
1.922 -0.000377644 0.00450972
1.924 -0.00062688 0.00505046
1.926 -0.00155825 0.0051656
1.928 -0.00286952 0.00497249
1.93 -0.00420894 0.00458876
1.932 -0.00525844 0.00411616
1.934 -0.00579876 0.00363244
1.936 -0.00574408 0.00318993
1.938 -0.00514257 0.00281828
1.94 -0.00414803 0.00252839
1.942 -0.00297371 0.00231581
1.944 -0.0018413 0.00216329
1.946 -0.000936402 0.00204357
1.948 -0.000378249 0.00192351
1.95 -0.000206777 0.00176991
1.952 -0.000386605 0.00155613
1.954 -0.000824395 0.00126804
1.956 -0.00139432 0.000907815
1.958 -0.0019657 0.000494577
1.96 -0.00242715 6.14679e-05
1.962 -0.00270328 -0.000350201
1.964 -0.00276204 -0.000698673
1.966 -0.00261286 -0.000949769
1.968 -0.00229779 -0.00108351
1.97 -0.00187842 -0.00109792
1.972 -0.00142171 -0.00100891
1.974 -0.000987468 -0.000846383
1.976 -0.000619422 -0.000647291
1.978 -0.000340972 -0.000447639
1.98 -0.000155595 -0.000275501
1.982 -5.10272e-05 -0.000146802
1.984 -5.70394e-06 -6.46615e-05
1.986 4.31952e-06 -2.19601e-05
1.988 -4.12629e-07 -5.96925e-06
1.99 -6.28581e-06 -3.39153e-06
1.992 -7.48351e-06 -4.28508e-06
1.994 -4.45751e-06 -3.85477e-06
1.996 -7.81358e-07 -1.86896e-06
1.998 5.20422e-07 -2.51962e-07
0.5 0.0647131 -0.122356
1 0.0628759 -0.0833248
1.5 0.0658703 -0.0290401
2 0.0842588 0.0296358
2.5 0.131877 0.0848265
3 0.219768 0.133521
3.5 0.347986 0.176227
4 0.500427 0.213713
4.5 0.64739 0.244248
5 0.756389 0.263265
5.5 0.806285 0.265625
6 0.796882 0.248893
6.5 0.748071 0.215411
7 0.688526 0.171798
7.5 0.640293 0.126212
8 0.608122 0.0850916
8.5 0.579551 0.0512857
9 0.535152 0.0244216
9.5 0.462325 0.00287721
10 0.364259 -0.0141809
10.5 0.259159 -0.0260102
11 0.17104 -0.0310042
11.5 0.118313 -0.028071
12 0.106955 -0.0175197
12.5 0.131387 -0.000868707
13 0.180959 0.0200575
13.5 0.246783 0.0438245
14 0.324314 0.0692134
14.5 0.410779 0.0943468
15 0.500417 0.116003
15.5 0.581869 0.130008
16 0.64024 0.132828
16.5 0.662853 0.123495
17 0.645099 0.104589
17.5 0.592709 0.0814275
18 0.519207 0.0597589
18.5 0.440239 0.0432279
19 0.368115 0.0320622
19.5 0.309204 0.0236968
20 0.264695 0.0148599
20.5 0.23313 0.00382244
21 0.21254 -0.00846505
21.5 0.200918 -0.0188185
22 0.195334 -0.0233475
22.5 0.190999 -0.0190497
23 0.181491 -0.00467736
23.5 0.160379 0.0192509
24 0.123567 0.0508454
24.5 0.0713001 0.0871306
25 0.00899559 0.1241
25.5 -0.0534485 0.156885
26 -0.103885 0.180495
26.5 -0.131433 0.191182
27 -0.130585 0.187917
27.5 -0.104581 0.173125
28 -0.066259 0.152074
28.5 -0.034972 0.130995
29 -0.0297296 0.114756
29.5 -0.0608764 0.105166
30 -0.124167 0.100682
30.5 -0.200734 0.0975336
31 -0.263907 0.0916025
31.5 -0.290272 0.080134
32 -0.269747 0.0625955
32.5 -0.209571 0.040542
33 -0.130119 0.016821
33.5 -0.0547873 -0.00536949
34 0.000582372 -0.0231823
34.5 0.0331788 -0.0344671
35 0.0511052 -0.0378574
35.5 0.0656352 -0.0327671
36 0.0829715 -0.0194044
36.5 0.100655 0.0011851
37 0.110676 0.0271087
37.5 0.107052 0.0557482
38 0.0928021 0.0840973
38.5 0.081487 0.109333
39 0.0917231 0.129508
39.5 0.137267 0.144075
40 0.218006 0.15391
40.5 0.316874 0.160578
41 0.404642 0.165004
41.5 0.450425 0.166138
42 0.432983 0.160447
42.5 0.347823 0.142882
43 0.207552 0.109257
43.5 0.036367 0.0591162
44 -0.137988 -0.00235388
44.5 -0.291151 -0.0646179
45 -0.405921 -0.114577
45.5 -0.47305 -0.140885
46 -0.490576 -0.137954
46.5 -0.463039 -0.10786
47 -0.400673 -0.0593134
47.5 -0.317692 -0.0042892
48 -0.228902 0.0460323
48.5 -0.145283 0.084186
49 -0.0706547 0.107171
49.5 -0.00179585 0.115231
50 0.0672465 0.109842
50.5 0.138608 0.0923013
51 0.205824 0.0636641
51.5 0.254512 0.0258459
52 0.269284 -0.017083
52.5 0.243665 -0.0584682
53 0.187143 -0.090064
53.5 0.124238 -0.104205
54 0.0845598 -0.096289
54.5 0.088155 -0.0665395
55 0.133812 -0.0203297
55.5 0.19719 0.0330786
56 0.240815 0.0829464
56.5 0.231612 0.119826
57 0.157414 0.137807
57.5 0.0340641 0.135584
58 -0.100563 0.116077
58.5 -0.202712 0.0848725
59 -0.241202 0.0481662
59.5 -0.20954 0.011072
60 -0.126594 -0.0230565
60.5 -0.0265366 -0.0521615
61 0.0563332 -0.0743734
61.5 0.100599 -0.087132
62 0.103268 -0.087305
62.5 0.0767675 -0.0724954
63 0.0403704 -0.0429757
63.5 0.010954 -0.00317637
64 -0.00276154 0.0382998
64.5 -0.00092524 0.0705467
65 0.0105703 0.0836259
65.5 0.0243301 0.0720316
66 0.0343593 0.0369493
66.5 0.0367172 -0.0136738
67 0.0286852 -0.0673872
67.5 0.00799449 -0.111076
68 -0.0268004 -0.135028
68.5 -0.0749402 -0.135793
69 -0.132259 -0.116814
69.5 -0.191455 -0.0866164
70 -0.244173 -0.0552576
70.5 -0.283927 -0.0304012
71 -0.308062 -0.0146187
71.5 -0.317463 -0.00503883
72 -0.314093 0.00450713
72.5 -0.298054 0.0198396
73 -0.266407 0.0430327
73.5 -0.21505 0.0709537
74 -0.142997 0.0965029
74.5 -0.0566226 0.111937
75 0.0290333 0.112542
75.5 0.0934117 0.0987221
76 0.117213 0.0753867
76.5 0.0898994 0.0490505
77 0.0144924 0.0242965
77.5 -0.0924854 0.00163112
78 -0.205794 -0.0220581
78.5 -0.298851 -0.0507341
79 -0.350864 -0.0857579
79.5 -0.351579 -0.123784
80 -0.302893 -0.157271
80.5 -0.217672 -0.177428
81 -0.116483 -0.178052
81.5 -0.0227596 -0.158269
82 0.0431353 -0.122777
82.5 0.0699594 -0.0795013
83 0.0599096 -0.0358726
83.5 0.0289835 0.00446295
84 0.00205082 0.0429549
84.5 0.00350209 0.0849313
85 0.0468741 0.136429
85.5 0.128172 0.200463
86 0.226573 0.274301
86.5 0.312903 0.348909
87 0.362349 0.410885
87.5 0.365354 0.446306
88 0.33135 0.445202
88.5 0.28352 0.405083
89 0.24755 0.332226
89.5 0.240359 0.240171
90 0.264572 0.145905
90.5 0.310877 0.0650649
91 0.365805 0.00786729
91.5 0.41951 -0.0228452
92 0.468771 -0.0309543
92.5 0.514029 -0.0243651
93 0.553516 -0.0115557
93.5 0.579454 0.00120552
94 0.579726 0.0110638
94.5 0.544349 0.0181123
95 0.472429 0.0238864
95.5 0.374608 0.029749
96 0.268939 0.0359226
96.5 0.172575 0.0414487
97 0.0946138 0.0448603
97.5 0.034597 0.0450711
98 -0.0128368 0.0419866
98.5 -0.0511 0.0365677
99 -0.07813 0.0303728
99.5 -0.0891598 0.0248434
100 -0.0837605 0.0206907
100.5 -0.0713124 0.0176789
101 -0.0694181 0.0149024
101.5 -0.0944386 0.0114239
102 -0.14929 0.00694951
102.5 -0.216686 0.00218487
103 -0.263657 -0.00134991
103.5 -0.256536 -0.00199736
104 -0.178782 0.00117708
104.5 -0.0415268 0.00777243
105 0.119613 0.0160177
105.5 0.260221 0.0233708
106 0.346989 0.0274963
106.5 0.37144 0.0271811
107 0.350955 0.0227875
107.5 0.317839 0.0160628
108 0.303258 0.00942365
108.5 0.324465 0.00503846
109 0.380449 0.00408438
109.5 0.455836 0.00643505
110 0.528888 0.0108394
110.5 0.579001 0.015464
111 0.591382 0.0185624
111.5 0.559269 0.0190273
112 0.48509 0.016654
112.5 0.380918 0.0120629
113 0.267115 0.0063583
113.5 0.167866 0.000691593
114 0.104099 -0.00408464
114.5 0.0866197 -0.00754495
115 0.113202 -0.00959722
115.5 0.17163 -0.0102786
116 0.247108 -0.00960114
116.5 0.329499 -0.00755488
117 0.41577 -0.00425353
117.5 0.50612 -9.5563e-05
118 0.596651 0.00421203
118.5 0.674115 0.00783361
119 0.717274 0.0101104
119.5 0.705228 0.0108104
120 0.628429 0.010157
120.5 0.495998 0.00860928
121 0.334812 0.00653624
121.5 0.180438 0.0040185
122 0.0643929 0.000942546
122.5 0.00384356 -0.0026427
123 -0.00203505 -0.00614199
123.5 0.0313369 -0.00831258
124 0.0814861 -0.00763082
124.5 0.126723 -0.00304011
125 0.15171 0.00527418
125.5 0.150201 0.015533
126 0.12554 0.0247307
126.5 0.0892924 0.0296695
127 0.0577579 0.0282477
127.5 0.0462757 0.0204099
128 0.0626036 0.00828295
128.5 0.102269 -0.0046102
129 0.149011 -0.0147226
129.5 0.181376 -0.0198209
130 0.18305 -0.0196826
130.5 0.151698 -0.0158711
131 0.10118 -0.0107587
131.5 0.0553627 -0.00633219
132 0.0365781 -0.00338243
132.5 0.0550897 -0.00143762
133 0.1055 0.000620477
133.5 0.171901 0.00368157
134 0.238292 0.00780047
134.5 0.297645 0.0121859
135 0.354032 0.0157341
135.5 0.416753 0.0177321
136 0.49053 0.0182792
136.5 0.568317 0.0181757
137 0.631582 0.0183813
137.5 0.658209 0.0194108
138 0.6335 0.0210583
138.5 0.557965 0.0226026
139 0.447731 0.0233288
139.5 0.327825 0.0229948
140 0.222478 0.0219362
140.5 0.147695 0.0207628
141 0.109106 0.0198935
141.5 0.10449 0.0192839
142 0.127771 0.0185547
142.5 0.171251 0.0174391
143 0.225218 0.0162247
143.5 0.276755 0.0158487
144 0.310607 0.0175264
144.5 0.31346 0.0220943
145 0.280028 0.0294427
145.5 0.217126 0.0383667
146 0.142217 0.0469304
146.5 0.0758839 0.0531657
147 0.031599 0.0557832
147.5 0.00843877 0.0546122
148 -0.00863786 0.0506375
148.5 -0.0403448 0.0456545
149 -0.100619 0.0416456
149.5 -0.186972 0.0400112
150 -0.279277 0.0408387
150.5 -0.348186 0.0424691
151 -0.369129 0.0416613
151.5 -0.334761 0.0345387
152 -0.259552 0.018191
152.5 -0.174321 -0.00759625
153 -0.113605 -0.0392653
153.5 -0.102049 -0.0697329
154 -0.145891 -0.0901298
154.5 -0.232567 -0.0925226
155 -0.337353 -0.0726059
155.5 -0.433069 -0.0313171
156 -0.498364 0.0252203
156.5 -0.521825 0.0873152
157 -0.501715 0.144207
157.5 -0.443089 0.186572
158 -0.354614 0.20837
158.5 -0.246621 0.207759
159 -0.130599 0.18709
159.5 -0.0192573 0.152118
160 0.0740799 0.110532
160.5 0.137504 0.0700081
161 0.163783 0.0361633
161.5 0.153604 0.0110921
162 0.117014 -0.00683557
162.5 0.0715651 -0.02158
163 0.0369577 -0.0368332
163.5 0.0277196 -0.0533255
164 0.0469121 -0.0674163
164.5 0.0839831 -0.0719188
165 0.11838 -0.0590901
165.5 0.12788 -0.0246021
166 0.098137 0.0293277
166.5 0.0290733 0.0932374
167 -0.0648757 0.15273
167.5 -0.160667 0.193029
168 -0.235713 0.203995
168.5 -0.27574 0.183585
169 -0.278065 0.138409
169.5 -0.249549 0.0812265
170 -0.201255 0.0264918
170.5 -0.143123 -0.0142824
171 -0.0813122 -0.0356046
171.5 -0.0188234 -0.0385884
172 0.0419797 -0.0291723
172.5 0.0972229 -0.0150233
173 0.141392 -0.00254415
173.5 0.169369 0.00488079
174 0.17935 0.00699422
174.5 0.17479 0.00552334
175 0.16401 0.00264664
175.5 0.157266 -0.000108082
176 0.162388 -0.00216358
176.5 0.180893 -0.00356625
177 0.206512 -0.00451876
177.5 0.227167 -0.00518391
178 0.229977 -0.00582551
178.5 0.207259 -0.00701599
179 0.160723 -0.00957
179.5 0.101461 -0.0140997
180 0.0452233 -0.0204432
180.5 0.00493242 -0.0274057
181 -0.0158757 -0.0331114
181.5 -0.025013 -0.0358639
182 -0.0375219 -0.0350401
182.5 -0.0672375 -0.031462
183 -0.118361 -0.026991
183.5 -0.181698 -0.0235689
184 -0.237928 -0.0222787
184.5 -0.266555 -0.0229723
185 -0.256063 -0.0246317
185.5 -0.210072 -0.026159
186 -0.146347 -0.027038
186.5 -0.0891499 -0.0274426
187 -0.0587549 -0.0277704
187.5 -0.063125 -0.0279772
188 -0.0953833 -0.0272101
188.5 -0.137739 -0.0240271
189 -0.169539 -0.0171081
189.5 -0.175593 -0.00606563
190 -0.151339 0.00807436
190.5 -0.103246 0.0229433
191 -0.0450785 0.035396
191.5 0.00782818 0.0423343
192 0.0437588 0.0415408
192.5 0.0574392 0.0323534
193 0.0499607 0.0160735
193.5 0.0265434 -0.00402035
194 -0.00637409 -0.0232036
194.5 -0.0432434 -0.036454
195 -0.0799297 -0.0400483
195.5 -0.112876 -0.0331311
196 -0.137932 -0.0185939
196.5 -0.150046 -0.00271401
197 -0.144421 0.00656229
197.5 -0.118773 0.00223289
198 -0.0754788 -0.0191563
198.5 -0.0222561 -0.0558941
199 0.0292906 -0.101109
199.5 0.066879 -0.144428
200 0.0812301 -0.17474
200.5 0.0687702 -0.18318
201 0.0324642 -0.165461
201.5 -0.0192178 -0.122971
202 -0.0745286 -0.0624379
202.5 -0.121066 0.0057014
203 -0.148287 0.0698219
203.5 -0.149724 0.119947
204 -0.124713 0.150213
204.5 -0.079167 0.160253
205 -0.0246832 0.154958
205.5 0.0244004 0.14251
206 0.0555119 0.131197
206.5 0.0623613 0.126156
207 0.047385 0.127379
207.5 0.0205946 0.130012
208 -0.00511487 0.127024
208.5 -0.0202771 0.113193
209 -0.0237534 0.0885581
209.5 -0.0235781 0.0595642
210 -0.0329691 0.0370557
210.5 -0.0631778 0.0317995
211 -0.116623 0.0494909
211.5 -0.183846 0.0875908
212 -0.246091 0.135576
212.5 -0.282579 0.178609
213 -0.279196 0.20305
213.5 -0.234546 0.201382
214 -0.160605 0.174516
214.5 -0.0777843 0.130693
215 -0.00690982 0.0817698
215.5 0.0380781 0.0386959
216 0.0535146 0.00807122
216.5 0.0444847 -0.00907632
217 0.019901 -0.0162747
217.5 -0.0127769 -0.0192175
218 -0.0503629 -0.0231825
218.5 -0.0931996 -0.0312048
219 -0.141881 -0.0434227
219.5 -0.193815 -0.05751
220 -0.241845 -0.0698092
220.5 -0.275734 -0.0766804
221 -0.285619 -0.07563
221.5 -0.265508 -0.0658935
222 -0.215206 -0.0483389
222.5 -0.140165 -0.0248151
223 -0.0500065 0.00267751
223.5 0.0431384 0.0325063
224 0.1258 0.0632817
224.5 0.184203 0.0931624
225 0.206044 0.119122
225.5 0.183543 0.136912
226 0.11709 0.142188
226.5 0.0176864 0.132618
227 -0.0938483 0.110013
227.5 -0.191745 0.0812128
228 -0.253078 0.0567899
228.5 -0.265514 0.0476536
229 -0.231616 0.0607732
229.5 -0.167576 0.0959222
230 -0.0967784 0.145081
230.5 -0.0409278 0.194983
231 -0.0125896 0.231803
231.5 -0.0121639 0.245917
232 -0.0301201 0.234666
232.5 -0.0528704 0.20208
233 -0.0692083 0.15608
233.5 -0.07439 0.104868
234 -0.0704606 0.0544266
234.5 -0.0634019 0.00814823
235 -0.0590703 -0.0317513
235.5 -0.0601064 -0.0624838
236 -0.0651047 -0.0801311
236.5 -0.0699729 -0.0809196
237 -0.0703519 -0.0636446
237.5 -0.0636928 -0.0316652
238 -0.0500777 0.00701632
238.5 -0.0317195 0.0420333
239 -0.0117477 0.0643656
239.5 0.00693191 0.0696922
240 0.0222117 0.0597323
240.5 0.0327839 0.0409776
241 0.0379053 0.0215545
241.5 0.0372821 0.00782443
242 0.0311973 0.00229257
242.5 0.0207228 0.00355331
243 0.00774421 0.00791108
243.5 -0.0053658 0.0115792
244 -0.016349 0.012318
244.5 -0.0236758 0.00991424
245 -0.0268889 0.00562431
245.5 -0.0265499 0.00116952
246 -0.0238629 -0.0020961
246.5 -0.0201915 -0.0035336
247 -0.0166716 -0.00314025
247.5 -0.01402 -0.00129936
248 -0.012515 0.00142183
248.5 -0.0120712 0.00437072
249 -0.0123452 0.00687918
249.5 -0.01286 0.00838547
250 -0.0131515 0.00859944
250.5 -0.0129186 0.00761539
251 -0.0121223 0.00587628
251.5 -0.010975 0.00398029
252 -0.00981056 0.00242691
252.5 -0.00889725 0.00144321
253 -0.00829556 0.000980141
253.5 -0.00784299 0.000860328
254 -0.00727061 0.000967887
254.5 -0.00637784 0.00135437
255 -0.00516031 0.00219832
255.5 -0.0038208 0.00365233
256 -0.00266653 0.00567969
256.5 -0.00195911 0.00798415
257 -0.00179978 0.0100778
257.5 -0.00210027 0.0114528
258 -0.00263793 0.0117694
258.5 -0.0031551 0.0109716
259 -0.00345434 0.00928498
259.5 -0.00345608 0.00711392
260 -0.00320619 0.00489636
260.5 -0.00283747 0.00298341
261 -0.00249959 0.00158227
261.5 -0.00228195 0.000761169
262 -0.00216164 0.000486521
262.5 -0.00200505 0.000658519
263 -0.0016317 0.00113072
263.5 -0.00091493 0.00172252
264 0.000131797 0.00224403
264.5 0.00133483 0.00254194
265 0.00242537 0.00255262
265.5 0.00316064 0.00233151
266 0.00343736 0.00203212
266.5 0.00333635 0.00183342
267 0.0030753 0.00184682
267.5 0.00289814 0.00205099
268 0.00296198 0.00229287
268.5 0.00327812 0.00235892
269 0.00372877 0.00208218
269.5 0.00413903 0.00142998
270 0.00435947 0.000526889
270.5 0.00431868 -0.000398343
271 0.00402906 -0.00111365
271.5 0.00355569 -0.00148096
272 0.00297229 -0.00150341
272.5 0.00232767 -0.00130415
273 0.00163532 -0.00105415
273.5 0.000886308 -0.000889709
274 7.69265e-05 -0.000860884
274.5 -0.000762763 -0.000931452
275 -0.00155439 -0.00102157
275.5 -0.00218144 -0.00106319
276 -0.00252476 -0.00103553
276.5 -0.00251057 -0.000963384
277 -0.00214798 -0.000885248
277.5 -0.00153437 -0.00081557
278 -0.000821601 -0.000727394
278.5 -0.000157309 -0.000566953
279 0.000369023 -0.000290869
279.5 0.000747042 9.78718e-05
280 0.00102388 0.000538327
280.5 0.00125531 0.000932712
281 0.0014609 0.00118927
281.5 0.00161064 0.00126382
282 0.00164988 0.00117853
282.5 0.00154477 0.0010099
283 0.00131765 0.000853885
283.5 0.00104919 0.000785934
284 0.000844961 0.000833471
284.5 0.000786834 0.000969636
285 0.000897685 0.00112726
285.5 0.00113899 0.00122513
286 0.00144003 0.00119678
286.5 0.00173893 0.00101305
287 0.00201019 0.000692289
287.5 0.00226375 0.000294779
288 0.00251943 -9.76199e-05
288.5 0.00277555 -0.000410316
289 0.0029939 -0.000602419
289.5 0.00311206 -0.00067941
290 0.00307726 -0.000686026
290.5 0.00288193 -0.000682759
291 0.00257951 -0.000717748
291.5 0.0022692 -0.000808116
292 0.0020552 -0.000939185
292.5 0.00200018 -0.00107966
293 0.00209625 -0.00120198
293.5 0.00226841 -0.00129527
294 0.00240905 -0.00136391
294.5 0.0024266 -0.00141491
295 0.00228404 -0.00144438
295.5 0.00200854 -0.00143399
296 0.00166837 -0.00136115
296.5 0.00133035 -0.00121743
297 0.00102176 -0.00102286
297.5 0.00071795 -0.000825313
298 0.0003632 -0.000682031
298.5 -8.63364e-05 -0.000631671
299 -0.000621955 -0.000671862
299.5 -0.00116809 -0.000756116
300 -0.00160489 -0.00081406
300.5 -0.00181826 -0.000785963
301 -0.0017524 -0.000653675
301.5 -0.00143835 -0.000450892
302 -0.000984082 -0.000246385
302.5 -0.000531994 -0.00010877
303 -0.000204997 -7.19356e-05
303.5 -6.64777e-05 -0.000120037
304 -0.000109468 -0.000199777
304.5 -0.00027428 -0.000252053
305 -0.000480737 -0.000244209
305.5 -0.000657707 -0.000184597
306 -0.000758894 -0.000112391
306.5 -0.000764098 -7.04749e-05
307 -0.000672552 -7.87009e-05
307.5 -0.000495858 -0.000123259
308 -0.000254011 -0.0001671
308.5 2.67675e-05 -0.00017343
309 0.000317339 -0.000127302
309.5 0.000591137 -4.29896e-05
310 0.000829755 4.55238e-05
310.5 0.00102525 0.000103568
311 0.0011774 0.00011265
311.5 0.00128727 7.66381e-05
312 0.00135105 1.63032e-05
312.5 0.0013578 -4.22218e-05
313 0.00129272 -7.76425e-05
313.5 0.00114462 -7.80046e-05
314 0.000914384 -3.9981e-05
314.5 0.000620457 3.35143e-05
315 0.000298794 0.000134244
315.5 -4.06095e-06 0.000247768
316 -0.000243368 0.000353056
316.5 -0.000390132 0.000425273
317 -0.000440899 0.000442368
317.5 -0.000418141 0.00039327
318 -0.000359527 0.000283841
318.5 -0.000299952 0.000137386
319 -0.000254875 -1.10524e-05
319.5 -0.000214157 -0.00012466
320 -0.000150783 -0.000175504
320.5 -4.07625e-05 -0.00015234
321 0.000116338 -6.33373e-05
321.5 0.000288037 6.67449e-05
322 0.00041704 0.00020391
322.5 0.00044376 0.000314674
323 0.000332431 0.000375447
323.5 8.81723e-05 0.000378702
324 -0.000242693 0.000333769
324.5 -0.000588298 0.000261839
325 -0.000874994 0.000187044
325.5 -0.00104912 0.000127423
326 -0.00108951 8.99216e-05
326.5 -0.00100882 7.17126e-05
327 -0.000846033 6.67509e-05
327.5 -0.000654284 7.3366e-05
328 -0.000487411 9.77955e-05
328.5 -0.000387649 0.000150773
329 -0.000376389 0.000238584
329.5 -0.000450182 0.000353941
330 -0.000583637 0.000472997
330.5 -0.0007389 0.000561911
331 -0.00087844 0.000590942
331.5 -0.000975833 0.000549208
332 -0.00101983 0.000452023
332.5 -0.00101059 0.000336068
333 -0.000951352 0.000243954
333.5 -0.000841674 0.000205433
334 -0.000677082 0.000224461
334.5 -0.000455556 0.000278375
335 -0.000186329 0.000329275
335.5 0.000105728 0.000341686
336 0.000384421 0.000297853
336.5 0.000614021 0.000203802
337 0.000772082 8.43455e-05
337.5 0.000855673 -2.94054e-05
338 0.00087718 -0.000113357
338.5 0.000852425 -0.000158469
339 0.000788846 -0.000170778
339.5 0.000681637 -0.000164875
340 0.000520681 -0.000155109
340.5 0.000304083 -0.000149129
341 4.96415e-05 -0.000146347
341.5 -0.000203382 -0.000141088
342 -0.00040405 -0.000127938
342.5 -0.000506202 -0.000106168
343 -0.000483207 -8.11387e-05
343.5 -0.000334455 -6.23529e-05
344 -8.24113e-05 -5.94231e-05
344.5 0.00023584 -7.78866e-05
345 0.000576985 -0.000116534
345.5 0.000896643 -0.000167063
346 0.00115208 -0.000216007
346.5 0.00130549 -0.00024824
347 0.00132973 -0.000251091
347.5 0.00121519 -0.000217935
348 0.000974093 -0.000150255
348.5 0.000639102 -5.7497e-05
349 0.000256333 4.52721e-05
349.5 -0.000123552 0.000141104
350 -0.000452132 0.000215004
350.5 -0.000686521 0.000256648
351 -0.000791815 0.000261459
351.5 -0.000746825 0.000230387
352 -0.000554426 0.000169158
352.5 -0.000252126 8.75115e-05
353 8.58207e-05 -1.77174e-06
353.5 0.000362172 -8.46277e-05
354 0.00048619 -0.000148554
354.5 0.00040873 -0.000185825
355 0.000146565 -0.000195507
355.5 -0.000218 -0.000182763
356 -0.000565327 -0.00015524
356.5 -0.000783645 -0.000118163
357 -0.000811304 -7.09071e-05
357.5 -0.000657064 -7.37896e-06
358 -0.000390216 7.95083e-05
358.5 -0.000107069 0.0001914
359 0.000108935 0.000319603
359.5 0.00021502 0.000444625
360 0.000214483 0.000540813
360.5 0.000141784 0.000584233
361 3.88719e-05 0.000560478
361.5 -6.37172e-05 0.000469446
362 -0.000152924 0.0003257
362.5 -0.0002271 0.00015489
363 -0.000285162 -1.22411e-05
363.5 -0.000319469 -0.000146574
364 -0.00031697 -0.000226758
364.5 -0.000267133 -0.000243744
365 -0.000171054 -0.00020273
365.5 -4.58076e-05 -0.000121642
366 7.86732e-05 -2.59996e-05
366.5 0.000168701 5.8678e-05
367 0.000197521 0.000114448
367.5 0.000152965 0.000135574
368 3.94633e-05 0.000128297
368.5 -0.000125459 0.000106
369 -0.00031799 8.21688e-05
369.5 -0.000515292 6.45415e-05
370 -0.000700906 5.30099e-05
370.5 -0.000867149 4.16718e-05
371 -0.00101436 2.32672e-05
371.5 -0.00114759 -6.7267e-06
372 -0.00127196 -4.83243e-05
372.5 -0.00138803 -9.77769e-05
373 -0.00148915 -0.000149457
373.5 -0.00156199 -0.000197192
374 -0.00159084 -0.00023441
374.5 -0.00156408 -0.000253982
375 -0.00148016 -0.00024936
375.5 -0.00134955 -0.000217814
376 -0.001191 -0.000164687
376.5 -0.00102312 -0.000105868
377 -0.000855859 -6.56214e-05
377.5 -0.000687156 -6.89013e-05
378 -0.000508285 -0.000130446
378.5 -0.000316178 -0.000245505
379 -0.000126066 -0.000387233
379.5 2.43028e-05 -0.000513263
380 8.44536e-05 -0.000579698
380.5 1.31705e-05 -0.000557112
381 -0.000196932 -0.000441853
381.5 -0.000505432 -0.000257893
382 -0.00083034 -4.85633e-05
382.5 -0.00107472 0.000138189
383 -0.0011632 0.000264962
383.5 -0.00107188 0.000314753
384 -0.000837541 0.000292532
384.5 -0.000541551 0.000219184
385 -0.000275902 0.000121369
385.5 -0.000106971 2.18922e-05
386 -5.29452e-05 -6.57764e-05
386.5 -8.36043e-05 -0.000137499
387 -0.000140384 -0.000194191
387.5 -0.000165812 -0.000236241
388 -0.000128518 -0.000259858
388.5 -3.36815e-05 -0.000257372
389 8.34872e-05 -0.000221315
389.5 0.000175863 -0.000150019
390 0.000204515 -5.14791e-05
390.5 0.000151875 5.70486e-05
391 2.37037e-05 0.000154132
391.5 -0.000158399 0.000221829
392 -0.000367913 0.000252317
392.5 -0.000581183 0.000250236
393 -0.000778686 0.000229588
393.5 -0.000941394 0.000206807
394 -0.00104746 0.000193419
394.5 -0.00107448 0.000191746
395 -0.00100857 0.000195219
395.5 -0.000855896 0.000192494
396 -0.000648935 0.000172805
396.5 -0.000440786 0.000130004
397 -0.000287281 6.40152e-05
397.5 -0.000224107 -1.98914e-05
398 -0.000250588 -0.000112687
398.5 -0.000329773 -0.000203037
399 -0.000406405 -0.000278557
399.5 -0.000434614 -0.000327532
400 -0.000401275 -0.000341547
400.5 -0.000332629 -0.000318502
401 -0.000280242 -0.000264571
401.5 -0.000293241 -0.000193611
402 -0.00039089 -0.000123613
402.5 -0.000549378 -7.13474e-05
403 -0.00070938 -4.74024e-05
403.5 -0.000800685 -5.36849e-05
404 -0.000772294 -8.4195e-05
404.5 -0.000614508 -0.000128313
405 -0.000363987 -0.000174878
405.5 -9.07077e-05 -0.000215398
406 0.000126707 -0.000245526
406.5 0.000227005 -0.000264859
407 0.000184134 -0.000275576
407.5 1.17532e-05 -0.000280488
408 -0.000245126 -0.000281
408.5 -0.000526391 -0.000275576
409 -0.000774121 -0.000259458
409.5 -0.000945136 -0.000226198
410 -0.00101615 -0.000170774
410.5 -0.000982529 -9.29898e-05
411 -0.000853989 8.08458e-07
411.5 -0.000650888 9.91729e-05
412 -0.000402553 0.000189976
412.5 -0.000146491 0.000265719
413 7.45161e-05 0.000326706
413.5 0.000219759 0.000379971
414 0.000261857 0.000434261
414.5 0.000197813 0.000493883
415 5.39279e-05 0.000555198
415.5 -0.000119987 0.000608185
416 -0.000267111 0.000642466
416.5 -0.000345272 0.000654284
417 -0.000344576 0.000649974
417.5 -0.000292426 0.000643193
418 -0.000242372 0.000646737
418.5 -0.0002506 0.00066313
419 -0.000350046 0.000679424
419.5 -0.000533901 0.000669913
420 -0.000756501 0.000606568
420.5 -0.000951742 0.000472876
421 -0.00106088 0.000274593
421.5 -0.0010569 4.18987e-05
422 -0.000954061 -0.000178809
422.5 -0.000798369 -0.000340446
423 -0.000644053 -0.000411563
423.5 -0.000528132 -0.000386473
424 -0.000455954 -0.00028511
424.5 -0.000404658 -0.000143369
425 -0.000341777 9.95991e-07
425.5 -0.000248021 0.000120219
426 -0.000131085 0.000201335
426.5 -2.26084e-05 0.000243396
427 3.98053e-05 0.000250658
427.5 3.48656e-05 0.000226932
428 -2.90025e-05 0.000174599
428.5 -0.000117131 9.8042e-05
429 -0.000187047 7.92628e-06
429.5 -0.000211237 -7.79361e-05
430 -0.000191167 -0.000139051
430.5 -0.000154794 -0.000160157
431 -0.000139475 -0.000138091
431.5 -0.000170461 -8.33805e-05
432 -0.000247146 -1.54577e-05
432.5 -0.000344162 4.58492e-05
433 -0.000425531 8.7826e-05
433.5 -0.000462993 0.000107639
434 -0.000448167 0.000109812
434.5 -0.000392829 0.000101083
435 -0.000318915 8.64174e-05
435.5 -0.000245355 6.84428e-05
436 -0.000179591 4.96758e-05
436.5 -0.000117733 3.48133e-05
437 -5.17342e-05 3.04834e-05
437.5 2.18747e-05 4.20121e-05
438 9.73136e-05 6.92918e-05
438.5 0.000161468 0.000104882
439 0.000200795 0.000136245
439.5 0.00020889 0.000151373
440 0.000190346 0.000144752
440.5 0.000158763 0.000120274
441 0.000129963 8.94209e-05
441.5 0.00011389 6.57961e-05
442 0.000109287 5.90412e-05
442.5 0.000103981 7.12221e-05
443 8.09187e-05 9.70612e-05
443.5 2.7415e-05 0.000127109
444 -5.66895e-05 0.000151561
444.5 -0.000155987 0.000162662
445 -0.000243487 0.000155141
445.5 -0.000290334 0.000125688
446 -0.00027724 7.30302e-05
446.5 -0.000202659 -6.32634e-07
447 -8.41576e-05 -8.76669e-05
447.5 4.75694e-05 -0.000174449
448 0.000159345 -0.000243905
448.5 0.000226359 -0.000281146
449 0.000238999 -0.000280043
449.5 0.000203523 -0.000247276
450 0.000137069 -0.000201013
450.5 5.9657e-05 -0.000163837
451 -1.33639e-05 -0.000152649
451.5 -7.55361e-05 -0.000170331
452 -0.000128868 -0.000203589
452.5 -0.000179408 -0.00022864
453 -0.000231144 -0.000222426
453.5 -0.000281332 -0.00017412
454 -0.000319774 -9.12506e-05
454.5 -0.000332727 2.63746e-06
455 -0.000309686 7.77121e-05
455.5 -0.000249535 0.000110284
456 -0.000162596 9.20925e-05
456.5 -6.70911e-05 3.24384e-05
457 1.83136e-05 -4.71165e-05
457.5 8.19322e-05 -0.000122245
458 0.000122349 -0.00017477
458.5 0.000145863 -0.000197283
459 0.000159844 -0.000192478
459.5 0.00016625 -0.000168917
460 0.000159416 -0.000136166
460.5 0.000129583 -0.000101641
461 7.00772e-05 -6.98172e-05
461.5 -1.62024e-05 -4.29787e-05
462 -0.000114901 -2.22094e-05
462.5 -0.000204144 -7.92924e-06
463 -0.000262268 -1.14312e-07
463.5 -0.000275475 1.30632e-06
464 -0.000242012 -4.21268e-06
464.5 -0.000171675 -1.81771e-05
465 -8.18062e-05 -4.22868e-05
465.5 7.86921e-06 -7.64077e-05
466 7.96363e-05 -0.000116261
466.5 0.000120732 -0.000152559
467 0.000125174 -0.000172938
467.5 9.48886e-05 -0.000166546
468 3.98855e-05 -0.000129322
468.5 -2.33331e-05 -6.71575e-05
469 -7.56926e-05 5.17598e-06
469.5 -0.00010123 6.93185e-05
470 -9.26544e-05 0.000110511
470.5 -5.4317e-05 0.000123219
471 -8.98249e-07 0.000112452
471.5 4.80747e-05 9.02694e-05
472 7.57648e-05 6.94259e-05
472.5 7.44365e-05 5.74627e-05
473 4.80016e-05 5.40977e-05
473.5 9.70984e-06 5.2861e-05
474 -2.38251e-05 4.57039e-05
474.5 -3.95228e-05 2.7949e-05
475 -3.26963e-05 1.06827e-06
475.5 -8.04312e-06 -2.78696e-05
476 2.32278e-05 -4.94878e-05
476.5 4.84854e-05 -5.63024e-05
477 5.86191e-05 -4.58202e-05
477.5 5.08815e-05 -2.12868e-05
478 2.88714e-05 9.94327e-06
478.5 2.07129e-07 3.94059e-05
479 -2.67425e-05 6.0463e-05
479.5 -4.565e-05 7.00041e-05
480 -5.36767e-05 6.84771e-05
480.5 -5.14763e-05 5.86147e-05
481 -4.22145e-05 4.37401e-05
481.5 -3.02354e-05 2.65625e-05
482 -1.98493e-05 8.94911e-06
482.5 -1.44426e-05 -7.46862e-06
483 -1.59223e-05 -2.04935e-05
483.5 -2.4465e-05 -2.71057e-05
484 -3.85753e-05 -2.41464e-05
484.5 -5.54759e-05 -9.73602e-06
485 -7.17874e-05 1.5288e-05
485.5 -8.43524e-05 4.67604e-05
486 -9.09812e-05 7.79027e-05
486.5 -9.09136e-05 0.000101223
487 -8.48904e-05 0.000110869
487.5 -7.48552e-05 0.000104458
488 -6.34078e-05 8.36638e-05
488.5 -5.31702e-05 5.33805e-05
489 -4.62157e-05 1.99235e-05
489.5 -4.36775e-05 -1.09413e-05
490 -4.56008e-05 -3.53807e-05
490.5 -5.10466e-05 -5.1896e-05
491 -5.83916e-05 -6.08348e-05
491.5 -6.57256e-05 -6.34634e-05
492 -7.12397e-05 -6.11408e-05
492.5 -7.35389e-05 -5.49571e-05
493 -7.18705e-05 -4.58685e-05
493.5 -6.62849e-05 -3.50616e-05
494 -5.77201e-05 -2.41727e-05
494.5 -4.79328e-05 -1.50987e-05
495 -3.91721e-05 -9.42073e-06
495.5 -3.35561e-05 -7.72874e-06
496 -3.2284e-05 -9.25074e-06
496.5 -3.49931e-05 -1.20578e-05
497 -3.96284e-05 -1.38138e-05
497.5 -4.30384e-05 -1.27293e-05
498 -4.21734e-05 -8.25439e-06
498.5 -3.54166e-05 -1.17622e-06
499 -2.34282e-05 6.88137e-06
499.5 -9.04901e-06 1.42408e-05
500 3.75912e-06 1.97914e-05
