-1.998 -4.29522e-06 -2.41114e-06
-1.996 -7.04295e-06 -9.99219e-06
-1.994 8.48247e-06 -2.2039e-05
-1.992 5.75417e-05 -3.65392e-05
-1.99 0.000149623 -5.10428e-05
-1.988 0.000284983 -6.3823e-05
-1.986 0.000452977 -7.49704e-05
-1.984 0.00063295 -8.70692e-05
-1.982 0.000797936 -0.000105144
-1.98 0.000920487 -0.000135686
-1.978 0.000979055 -0.000184827
-1.976 0.000962985 -0.000256079
-1.974 0.000874587 -0.000348366
-1.972 0.000727789 -0.0004551
-1.97 0.000544084 -0.000564775
-1.968 0.000347185 -0.000663019
-1.966 0.000157822 -0.000735505
-1.964 -1.05669e-05 -0.000770815
-1.962 -0.000155146 -0.000762501
-1.96 -0.000285935 -0.000710059
-1.958 -0.000426376 -0.000618997
-1.956 -0.000611108 -0.000500282
-1.954 -0.000880341 -0.00036927
-1.952 -0.00127169 -0.000243951
-1.95 -0.00181182 -0.000142424
-1.948 -0.00251067 -7.98388e-05
-1.946 -0.00335997 -6.55218e-05
-1.944 -0.0043361 -0.00010121
-1.942 -0.00540572 -0.000181039
-1.94 -0.00653184 -0.000293211
-1.938 -0.00767805 -0.000422419
-1.936 -0.00880917 -0.000551715
-1.934 -0.00988822 -0.000662993
-1.932 -0.0108708 -0.000736499
-1.93 -0.0117 -0.000750734
-1.928 -0.0123045 -0.000684202
-1.926 -0.0126023 -0.000519493
-1.924 -0.0125114 -0.000248924
-1.922 -0.0119646 0.000119918
-1.92 -0.0109265 0.000560676
-1.918 -0.00940986 0.00102815
-1.916 -0.00748771 0.00146201
-1.914 -0.00529901 0.00179378
-1.912 -0.00304691 0.00195579
-1.91 -0.000988332 0.00189119
-1.908 0.000586599 0.00156365
-1.906 0.00138624 0.000965571
-1.904 0.00115934 0.000123216
-1.902 -0.00025801 -0.000902764
-1.9 -0.00290003 -0.00202219
-1.898 -0.00664526 -0.0031255
-1.896 -0.0112159 -0.00409846
-1.894 -0.0162058 -0.0048401
-1.892 -0.0211327 -0.00528135
-1.89 -0.0255059 -0.00539998
-1.888 -0.0288979 -0.00522734
-1.886 -0.0310096 -0.0048443
-1.884 -0.0317207 -0.00436731
-1.882 -0.0311196 -0.00392828
-1.88 -0.0295066 -0.00365273
-1.878 -0.0273654 -0.00364056
-1.876 -0.0252987 -0.00395223
-1.874 -0.0239328 -0.00460186
-1.872 -0.023804 -0.00555608
-1.87 -0.0252494 -0.00673707
-1.868 -0.0283282 -0.00802919
-1.866 -0.0327901 -0.00929083
-1.864 -0.0380973 -0.0103724
-1.862 -0.0434921 -0.0111387
-1.86 -0.0480949 -0.0114899
-1.858 -0.0510175 -0.0113747
-1.856 -0.0514768 -0.0107907
-1.854 -0.0489001 -0.00977249
-1.852 -0.0430102 -0.00837356
-1.85 -0.033879 -0.00665082
-1.848 -0.0219363 -0.00465938
-1.846 -0.00792319 -0.00245869
-1.844 0.00720583 -0.000122817
-1.842 0.0224156 0.00225668
-1.84 0.0367291 0.00458188
-1.838 0.0493424 0.0067689
-1.836 0.0596974 0.00876441
-1.834 0.0675062 0.010546
-1.832 0.0727369 0.0121055
-1.83 0.075572 0.0134252
-1.828 0.0763501 0.0144654
-1.826 0.0754998 0.0151727
-1.824 0.0734694 0.0155098
-1.822 0.0706627 0.0154917
-1.82 0.0673934 0.0152084
-1.818 0.0638766 0.0148198
-1.816 0.0602652 0.0145228
-1.814 0.0567242 0.0145022
-1.812 0.0535191 0.0148863
-1.81 0.0510851 0.0157174
-1.808 0.0500474 0.016945
-1.806 0.0511793 0.0184324
-1.804 0.0553003 0.0199721
-1.802 0.0631317 0.0213021
-1.8 0.0751376 0.0221267
-1.798 0.0913798 0.0221452
-1.796 0.111409 0.0210953
-1.794 0.134207 0.0188065
-1.792 0.158204 0.0152507
-1.79 0.181365 0.010571
-1.788 0.201376 0.00507391
-1.786 0.21591 -0.000818118
-1.784 0.222943 -0.00664017
-1.782 0.221082 -0.0119648
-1.78 0.209847 -0.0164659
-1.778 0.189835 -0.0199522
-1.776 0.162737 -0.0223676
-1.774 0.131166 -0.0237683
-1.772 0.0983393 -0.024289
-1.77 0.0676437 -0.024109
-1.768 0.0421848 -0.0234196
-1.766 0.0243783 -0.0223907
-1.764 0.0156502 -0.0211398
-1.762 0.0162738 -0.0197074
-1.76 0.025357 -0.0180513
-1.758 0.0409813 -0.0160644
-1.756 0.0604801 -0.0136153
-1.754 0.0808327 -0.0106014
-1.752 0.0991228 -0.00700033
-1.75 0.112985 -0.00290015
-1.748 0.120954 0.0015067
-1.746 0.122638 0.00596986
-1.744 0.118703 0.010257
-1.742 0.110662 0.0142331
-1.74 0.100549 0.0179131
-1.738 0.090511 0.0214704
-1.736 0.0823998 0.0252019
-1.734 0.077421 0.0294688
-1.732 0.0758888 0.0346292
-1.73 0.0771387 0.0409699
-1.728 0.0796305 0.0486321
-1.726 0.0812455 0.0575358
-1.724 0.0797448 0.0673209
-1.722 0.0732966 0.0773346
-1.72 0.0609526 0.0866888
-1.718 0.0429528 0.0943866
-1.716 0.0207874 0.0994934
-1.714 -0.00299009 0.101311
-1.712 -0.0251528 0.0995157
-1.71 -0.0423196 0.0942248
-1.708 -0.0515244 0.0859885
-1.706 -0.0507537 0.0757033
-1.704 -0.0393678 0.0644753
-1.702 -0.0183206 0.0534607
-1.7 0.00988436 0.0437064
-1.698 0.0415252 0.0360016
-1.696 0.0722439 0.0307508
-1.694 0.0977873 0.0278913
-1.692 0.114762 0.0268832
-1.69 0.121253 0.0267931
-1.688 0.117172 0.026465
-1.686 0.104302 0.0247445
-1.684 0.086027 0.0206995
-1.682 0.0668407 0.0137845
-1.68 0.0516646 0.00391684
-1.678 0.045061 -0.00853697
-1.676 0.0504114 -0.0228433
-1.674 0.0691833 -0.038022
-1.672 0.100431 -0.0529843
-1.67 0.140661 -0.0666763
-1.668 0.184155 -0.0782168
-1.666 0.223711 -0.0870091
-1.664 0.251714 -0.0928007
-1.662 0.261326 -0.0956678
-1.66 0.247567 -0.0959271
-1.658 0.208134 -0.0939982
-1.656 0.143829 -0.090265
-1.654 0.0586125 -0.0849846
-1.652 -0.0407075 -0.0782688
-1.65 -0.145122 -0.0701357
-1.648 -0.244361 -0.0606043
-1.646 -0.328056 -0.0497976
-1.644 -0.386987 -0.0380231
-1.642 -0.414237 -0.0258044
-1.64 -0.40606 -0.0138524
-1.638 -0.362331 -0.00297783
-1.636 -0.286501 0.00603956
-1.634 -0.185104 0.0126031
-1.632 -0.0668939 0.0164496
-1.63 0.0582426 0.0177688
-1.628 0.180426 0.0172518
-1.626 0.290845 0.0160337
-1.624 0.382608 0.0155145
-1.622 0.451314 0.0170791
-1.62 0.495302 0.0217725
-1.618 0.51557 0.0300053
-1.616 0.515404 0.0413652
-1.614 0.499804 0.0545995
-1.612 0.474794 0.0677934
-1.61 0.446702 0.0787142
-1.608 0.421481 0.0852393
-1.606 0.404089 0.0857675
-1.604 0.397989 0.0795338
-1.602 0.404778 0.0667781
-1.6 0.424023 0.0487545
-1.598 0.45332 0.0275748
-1.596 0.488594 0.00589181
-1.594 0.524615 -0.0135481
-1.592 0.55567 -0.0284162
-1.59 0.576293 -0.0372654
-1.588 0.581957 -0.0398267
-1.586 0.569657 -0.0370546
-1.584 0.538317 -0.0309002
-1.582 0.489003 -0.0238635
-1.58 0.424888 -0.0184335
-1.578 0.350997 -0.0165414
-1.576 0.273712 -0.0191455
-1.574 0.200092 -0.0260169
-1.572 0.137068 -0.0357516
-1.57 0.0905628 -0.0459978
-1.568 0.0646518 -0.0538669
-1.566 0.0608818 -0.0564844
-1.564 0.0779115 -0.0516064
-1.562 0.111599 -0.0381942
-1.56 0.155561 -0.0168077
-1.558 0.202104 0.0103151
-1.556 0.243338 0.0395633
-1.554 0.272268 0.0666091
-1.552 0.283682 0.0872688
-1.55 0.274757 0.0983641
-1.548 0.245333 0.0983798
-1.546 0.197879 0.0877849
-1.544 0.13718 0.0689773
-1.542 0.069731 0.0458939
-1.54 0.00288515 0.0233619
-1.538 -0.0562241 0.00627052
-1.536 -0.10182 -0.00134507
-1.534 -0.130476 0.00282819
-1.532 -0.141728 0.0187564
-1.53 -0.138152 0.0438765
-1.528 -0.124881 0.0734715
-1.526 -0.108694 0.101555
-1.524 -0.0969332 0.12206
-1.522 -0.0964709 0.130024
-1.52 -0.112911 0.122523
-1.518 -0.150025 0.0991787
-1.516 -0.209394 0.0622261
-1.514 -0.290208 0.0161906
-1.512 -0.389258 -0.0327682
-1.51 -0.501204 -0.0777862
-1.508 -0.619151 -0.11241
-1.506 -0.735504 -0.131746
-1.504 -0.842912 -0.133402
-1.502 -0.935095 -0.117989
-1.5 -1.00733 -0.0889959
-1.498 -1.05656 -0.0520277
-1.496 -1.08118 -0.0136033
-1.494 -1.08078 0.020178
-1.492 -1.05598 0.0447518
-1.49 -1.00849 0.0577631
-1.488 -0.941207 0.0592498
-1.486 -0.858154 0.0514117
-1.484 -0.764251 0.0380872
-1.482 -0.664788 0.0240282
-1.48 -0.564876 0.0140391
-1.478 -0.469029 0.0120591
-1.476 -0.380982 0.0203351
-1.474 -0.303708 0.0388773
-1.472 -0.239475 0.0653754
-1.47 -0.18983 0.0956439
-1.468 -0.155431 0.124516
-1.466 -0.135818 0.146952
-1.464 -0.1293 0.159061
-1.462 -0.133123 0.15878
-1.46 -0.143998 0.146099
-1.458 -0.158836 0.122897
-1.456 -0.175431 0.0925071
-1.454 -0.192794 0.0591345
-1.452 -0.211042 0.0271792
-1.45 -0.230939 0.000488755
-1.448 -0.253328 -0.0183656
-1.446 -0.278694 -0.0286274
-1.444 -0.306923 -0.0315156
-1.442 -0.3372 -0.0299017
-1.44 -0.367906 -0.027554
-1.438 -0.396452 -0.0281708
-1.436 -0.41914 -0.0344984
-1.434 -0.43122 -0.0477861
-1.432 -0.427313 -0.0676828
-1.43 -0.402278 -0.0925035
-1.428 -0.35239 -0.119683
-1.426 -0.276534 -0.146232
-1.424 -0.177065 -0.169122
-1.422 -0.0600591 -0.185609
-1.42 0.065087 -0.193554
-1.418 0.186558 -0.191755
-1.416 0.291269 -0.180167
-1.414 0.366071 -0.159909
-1.412 0.398989 -0.132991
-1.41 0.380465 -0.10181
-1.408 0.304622 -0.06862
-1.406 0.170349 -0.0351386
-1.404 -0.0179823 -0.00245756
-1.402 -0.250431 0.0287674
-1.4 -0.512112 0.057966
-1.398 -0.784524 0.0843485
-1.396 -1.04738 0.106821
-1.394 -1.28062 0.124178
-1.392 -1.46637 0.135495
-1.39 -1.59056 0.140527
-1.388 -1.64406 0.139948
-1.386 -1.62339 0.135335
-1.384 -1.53095 0.128909
-1.382 -1.37463 0.123151
-1.38 -1.16708 0.120414
-1.378 -0.924417 0.122604
-1.376 -0.664853 0.130933
-1.374 -0.407156 0.145722
-1.372 -0.16926 0.166228
-1.37 0.0329934 0.190569
-1.368 0.186915 0.215849
-1.366 0.283753 0.238545
-1.364 0.319101 0.255151
-1.362 0.292859 0.262922
-1.36 0.208785 0.260553
-1.358 0.0737916 0.248602
-1.356 -0.102798 0.229558
-1.354 -0.309825 0.207493
-1.352 -0.534622 0.187349
-1.35 -0.763182 0.173983
-1.348 -0.980365 0.171171
-1.346 -1.17036 0.180814
-1.344 -1.31751 0.202559
-1.342 -1.40738 0.233892
-1.34 -1.428 0.270644
-1.338 -1.37113 0.307735
-1.336 -1.23352 0.339977
-1.334 -1.018 0.362818
-1.332 -0.734558 0.37296
-1.33 -0.400732 0.368823
-1.328 -0.0412703 0.350775
-1.326 0.313436 0.321083
-1.324 0.630092 0.283509
-1.322 0.876151 0.24257
-1.32 1.02382 0.202591
-1.318 1.05379 0.166781
-1.316 0.958055 0.136626
-1.314 0.741431 0.111791
-1.312 0.421559 0.0905426
-1.31 0.0274206 0.0705335
-1.308 -0.403498 0.0496391
-1.306 -0.829135 0.026561
-1.304 -1.20748 0.00102734
-1.302 -1.50141 -0.0263807
-1.3 -1.68308 -0.0545854
-1.298 -1.73733 -0.0823338
-1.296 -1.66358 -0.108382
-1.294 -1.47583 -0.131595
-1.292 -1.20068 -0.151082
-1.29 -0.873784 -0.166392
-1.288 -0.534964 -0.177687
-1.286 -0.222892 -0.185728
-1.284 0.0299841 -0.191603
-1.282 0.201492 -0.196256
-1.28 0.282166 -0.199979
-1.278 0.275668 -0.202083
-1.276 0.197192 -0.200906
-1.274 0.0702399 -0.194205
-1.272 -0.077583 -0.17986
-1.27 -0.219007 -0.156682
-1.268 -0.331135 -0.125049
-1.266 -0.398588 -0.0871176
-1.264 -0.415414 -0.0465468
-1.262 -0.385517 -0.00781909
-1.26 -0.321494 0.0246078
-1.258 -0.241981 0.0471169
-1.256 -0.167899 0.0575783
-1.254 -0.118264 0.0557443
-1.252 -0.106392 0.0433311
-1.25 -0.137254 0.0237343
-1.248 -0.206501 0.00137499
-1.246 -0.301253 -0.0192325
-1.244 -0.402385 -0.0345237
-1.242 -0.487777 -0.0428264
-1.24 -0.535911 -0.04498
-1.238 -0.529259 -0.0444175
-1.236 -0.457035 -0.0465646
-1.234 -0.316959 -0.057583
-1.232 -0.115771 -0.0827213
-1.23 0.131687 -0.124718
-1.228 0.40471 -0.182713
-1.226 0.679921 -0.251962
-1.224 0.934796 -0.324403
-1.222 1.15083 -0.389941
-1.22 1.3158 -0.438182
-1.218 1.4247 -0.460348
-1.216 1.47935 -0.451025
-1.214 1.4868 -0.409463
-1.212 1.45688 -0.340147
-1.21 1.39967 -0.252469
-1.208 1.32321 -0.159451
-1.206 1.23209 -0.0756316
-1.204 1.12689 -0.0144088
-1.202 1.00465 0.0146654
-1.2 0.860167 0.00807302
-1.198 0.688107 -0.0305482
-1.196 0.485473 -0.0907002
-1.194 0.254196 -0.156783
-1.192 0.00315981 -0.211007
-1.19 -0.250926 -0.236842
-1.188 -0.484353 -0.222273
-1.186 -0.669139 -0.162172
-1.184 -0.777359 -0.0593745
-1.182 -0.786235 0.0756938
-1.18 -0.682838 0.226646
-1.178 -0.467312 0.373703
-1.176 -0.154012 0.496782
-1.174 0.229525 0.578667
-1.172 0.645428 0.607845
-1.17 1.04972 0.580576
-1.168 1.39744 0.501773
-1.166 1.64826 0.384378
-1.164 1.77197 0.247189
-1.162 1.75313 0.111445
-1.16 1.59398 -0.00311932
-1.158 1.31493 -0.0818547
-1.156 0.952062 -0.117589
-1.154 0.552094 -0.111335
-1.152 0.16546 -0.071297
-1.15 -0.161083 -0.0106225
-1.148 -0.391022 0.0554483
-1.146 -0.502737 0.112383
-1.144 -0.491655 0.148707
-1.142 -0.3698 0.157725
-1.14 -0.162989 0.138507
-1.138 0.0937948 0.0959885
-1.136 0.362153 0.0400039
-1.134 0.606256 -0.0167453
-1.132 0.798085 -0.0614298
-1.13 0.921054 -0.08389
-1.128 0.971468 -0.0787629
-1.126 0.957722 -0.0464195
-1.124 0.89761 0.00743407
-1.122 0.814395 0.0732647
-1.12 0.732357 0.139835
-1.118 0.672498 0.196391
-1.116 0.649033 0.234506
-1.114 0.66716 0.249388
-1.112 0.722544 0.2406
-1.11 0.802689 0.21217
-1.108 0.890054 0.171994
-1.106 0.966351 0.130516
-1.104 1.01708 0.0987905
-1.102 1.03523 0.0862552
-1.1 1.02323 0.0986981
-1.098 0.992743 0.136869
-1.096 0.962424 0.196083
-1.094 0.954492 0.266898
-1.092 0.990846 0.336697
-1.09 1.0895 0.391751
-1.088 1.26172 0.419346
-1.086 1.51002 0.409623
-1.084 1.82711 0.356984
-1.082 2.19616 0.261006
-1.08 2.59223 0.126838
-1.078 2.98534 -0.0350044
-1.076 3.34456 -0.209545
-1.074 3.64257 -0.37902
-1.072 3.85965 -0.525197
-1.07 3.98613 -0.632004
-1.068 4.02276 -0.687958
-1.066 3.97934 -0.687905
-1.064 3.87206 -0.633785
-1.062 3.7205 -0.534369
-1.06 3.54475 -0.404121
-1.058 3.36272 -0.261374
-1.056 3.18795 -0.126019
-1.054 3.02775 -0.0168482
-1.052 2.88237 0.0512034
-1.05 2.74539 0.0695566
-1.048 2.60519 0.0377384
-1.046 2.44739 -0.0360854
-1.044 2.25736 -0.136072
-1.042 2.02265 -0.241098
-1.04 1.73507 -0.328172
-1.038 1.39217 -0.376255
-1.036 0.99815 -0.369782
-1.034 0.563773 -0.301328
-1.032 0.105403 -0.172998
-1.03 -0.356633 0.00365838
-1.028 -0.800007 0.209207
-1.026 -1.20236 0.41915
-1.024 -1.54307 0.607642
-1.022 -1.80461 0.751586
-1.02 -1.97356 0.83443
-1.018 -2.04108 0.848982
-1.016 -2.00338 0.7986
-1.014 -1.86208 0.69641
-1.012 -1.62467 0.562612
-1.01 -1.30467 0.420452
-1.008 -0.92121 0.291763
-1.006 -0.498108 0.193061
-1.004 -0.0625378 0.132937
-1.002 0.356379 0.111128
-1 0.729036 0.11928
-0.998 1.02698 0.143137
-0.996 1.22481 0.165725
-0.994 1.30233 0.171006
-0.992 1.24662 0.147449
-0.99 1.05391 0.0908453
-0.988 0.730743 0.00570494
-0.986 0.294446 -0.0952897
-0.984 -0.227281 -0.193853
-0.982 -0.797623 -0.270216
-0.98 -1.37274 -0.307828
-0.978 -1.90467 -0.29743
-0.976 -2.34501 -0.239481
-0.974 -2.6491 -0.144344
-0.972 -2.78044 -0.0302726
-0.97 -2.71467 0.0802484
-0.968 -2.44268 0.164954
-0.966 -1.97227 0.206142
-0.964 -1.32825 0.194193
-0.962 -0.55086 0.129724
-0.96 0.307137 0.0239529
-0.958 1.18452 -0.102945
-0.956 2.01635 -0.225404
-0.954 2.73916 -0.317344
-0.952 3.2962 -0.357369
-0.95 3.64255 -0.333156
-0.948 3.74914 -0.244042
-0.946 3.60538 -0.101255
-0.944 3.21958 0.0742297
-0.942 2.61727 0.255663
-0.94 1.83799 0.415437
-0.938 0.931166 0.529963
-0.936 -0.047902 0.583665
-0.934 -1.04166 0.571497
-0.932 -1.99346 0.499529
-0.93 -2.85048 0.383406
-0.928 -3.56654 0.244841
-0.926 -4.1048 0.106843
-0.924 -4.43997 -0.0111643
-0.922 -4.55974 -0.0970696
-0.92 -4.46502 -0.147762
-0.918 -4.16921 -0.168464
-0.916 -3.69675 -0.170048
-0.914 -3.08147 -0.165093
-0.912 -2.36494 -0.163752
-0.91 -1.59473 -0.170548
-0.908 -0.822324 -0.182933
-0.906 -0.100284 -0.191923
-0.904 0.521335 -0.184506
-0.902 0.999176 -0.147181
-0.9 1.30072 -0.0698621
-0.898 1.40767 0.0506028
-0.896 1.31799 0.208073
-0.894 1.04622 0.386663
-0.892 0.622158 0.562685
-0.89 0.0879426 0.708909
-0.888 -0.506265 0.800357
-0.886 -1.1077 0.820321
-0.884 -1.6669 0.765111
-0.882 -2.14318 0.646279
-0.88 -2.50881 0.489594
-0.878 -2.75111 0.330791
-0.876 -2.87237 0.208886
-0.874 -2.88778 0.158419
-0.872 -2.82199 0.202207
-0.87 -2.70464 0.34602
-0.868 -2.56565 0.576207
-0.866 -2.43033 0.860825
-0.864 -2.31536 1.15433
-0.862 -2.22608 1.40529
-0.86 -2.15591 1.56588
-0.858 -2.08819 1.60134
-0.856 -2.00031 1.49734
-0.854 -1.86905 1.26361
-0.852 -1.6762 0.932752
-0.85 -1.41291 0.554559
-0.848 -1.08232 0.186753
-0.846 -0.699928 -0.115837
-0.844 -0.292099 -0.311495
-0.842 0.10694 -0.379248
-0.84 0.459155 -0.322489
-0.838 0.727459 -0.167985
-0.836 0.880807 0.0395351
-0.834 0.899087 0.246314
-0.832 0.777027 0.400477
-0.83 0.526204 0.462869
-0.828 0.174454 0.415506
-0.826 -0.237553 0.265641
-0.824 -0.662104 0.0443763
-0.822 -1.05142 -0.19993
-0.82 -1.36439 -0.411943
-0.818 -1.57169 -0.541006
-0.816 -1.65883 -0.551718
-0.814 -1.62695 -0.431332
-0.812 -1.49197 -0.192599
-0.81 -1.28224 0.128401
-0.808 -1.03478 0.478911
-0.806 -0.790165 0.799356
-0.804 -0.586684 1.03462
-0.802 -0.4547 1.14478
-0.8 -0.412434 1.11338
-0.798 -0.464055 0.951221
-0.796 -0.600246 0.694835
-0.794 -0.800724 0.399273
-0.792 -1.03777 0.126818
-0.79 -1.27989 -0.065981
-0.788 -1.49501 -0.140013
-0.786 -1.65346 -0.0815324
-0.784 -1.73078 0.0952053
-0.782 -1.71071 0.350925
-0.78 -1.58775 0.629106
-0.778 -1.36871 0.866912
-0.776 -1.07254 1.00717
-0.774 -0.728146 1.00922
-0.772 -0.370604 0.856711
-0.77 -0.0364838 0.560974
-0.768 0.2407 0.159239
-0.766 0.434209 -0.292025
-0.764 0.526638 -0.727523
-0.762 0.511384 -1.08527
-0.76 0.393293 -1.31802
-0.758 0.188575 -1.40161
-0.756 -0.0762176 -1.33858
-0.754 -0.366428 -1.15645
-0.752 -0.642811 -0.901063
-0.75 -0.86593 -0.626593
-0.748 -1.00071 -0.384487
-0.746 -1.02032 -0.21364
-0.744 -0.908936 -0.133718
-0.742 -0.663192 -0.142691
-0.74 -0.292477 -0.21871
-0.738 0.181715 -0.325718
-0.736 0.727422 -0.421554
-0.734 1.30497 -0.466967
-0.732 1.87088 -0.433729
-0.73 2.38255 -0.310197
-0.728 2.80298 -0.103165
-0.726 3.10469 0.164261
-0.724 3.27212 0.458117
-0.722 3.30233 0.741008
-0.72 3.20427 0.979773
-0.718 2.99696 1.15172
-0.716 2.70688 1.24816
-0.714 2.36495 1.27456
-0.712 2.00327 1.2476
-0.71 1.65186 1.18986
-0.708 1.33573 1.12366
-0.706 1.07272 1.06541
-0.704 0.872285 1.02194
-0.702 0.735475 0.98945
-0.7 0.656078 0.955253
-0.698 0.622628 0.901853
-0.696 0.620938 0.812326
-0.694 0.636746 0.67568
-0.692 0.658182 0.490774
-0.69 0.677733 0.267749
-0.688 0.69342 0.0265375
-0.686 0.70891 -0.207138
-0.684 0.732458 -0.407318
-0.682 0.774912 -0.553636
-0.68 0.847317 -0.636165
-0.678 0.958694 -0.658191
-0.676 1.11436 -0.636186
-0.674 1.31496 -0.596707
-0.672 1.55614 -0.570651
-0.67 1.82908 -0.585913
-0.668 2.12167 -0.660091
-0.666 2.42022 -0.795057
-0.664 2.7113 -0.97493
-0.662 2.98336 -1.16821
-0.66 3.22745 -1.33379
-0.658 3.43701 -1.42954
-0.656 3.6067 -1.42153
-0.654 3.73089 -1.29172
-0.652 3.80257 -1.04262
-0.65 3.81322 -0.697935
-0.648 3.75372 -0.299142
-0.646 3.61573 0.101289
-0.644 3.3931 0.449089
-0.642 3.08307 0.698228
-0.64 2.68768 0.820039
-0.638 2.21544 0.809482
-0.636 1.68298 0.68688
-0.634 1.11639 0.494337
-0.632 0.551061 0.287291
-0.63 0.0297359 0.122988
-0.628 -0.401658 0.0484651
-0.626 -0.699845 0.0907092
-0.624 -0.830584 0.251026
-0.622 -0.774051 0.504635
-0.62 -0.528014 0.805427
-0.618 -0.108386 1.09482
-0.616 0.452399 1.31301
-0.614 1.10841 1.41052
-0.612 1.80415 1.35793
-0.61 2.47932 1.15201
-0.608 3.07443 0.816975
-0.606 3.53705 0.400382
-0.604 3.82784 -0.0358187
-0.602 3.92528 -0.427377
-0.6 3.828 -0.72051
-0.598 3.55412 -0.882514
-0.596 3.13776 -0.907853
-0.594 2.62364 -0.818494
-0.592 2.06094 -0.658651
-0.59 1.49768 -0.485276
-0.588 0.976274 -0.35634
-0.586 0.530326 -0.319135
-0.584 0.182788 -0.400691
-0.582 -0.0546851 -0.602085
-0.58 -0.181208 -0.897761
-0.578 -0.205099 -1.24014
-0.576 -0.141585 -1.56879
-0.574 -0.0101766 -1.82228
-0.572 0.167902 -1.95057
-0.57 0.371896 -1.92499
-0.568 0.58308 -1.74393
-0.566 0.785572 -1.43292
-0.564 0.966442 -1.03929
-0.562 1.11539 -0.6229
-0.56 1.22433 -0.244867
-0.558 1.28715 0.0434493
-0.556 1.29971 0.209353
-0.554 1.25987 0.244172
-0.552 1.16754 0.164193
-0.55 1.02463 0.00697841
-0.548 0.835189 -0.176207
-0.546 0.605373 -0.33038
-0.544 0.343347 -0.407163
-0.542 0.0587919 -0.373392
-0.54 -0.237819 -0.216423
-0.538 -0.535847 0.0546548
-0.536 -0.824619 0.411773
-0.534 -1.09298 0.813711
-0.532 -1.32852 1.21363
-0.53 -1.51694 1.56682
-0.528 -1.64208 1.83737
-0.526 -1.68653 2.00291
-0.524 -1.63312 2.05679
-0.522 -1.46696 2.00751
-0.52 -1.178 1.87563
-0.518 -0.763914 1.68863
-0.516 -0.232827 1.47513
-0.514 0.39471 1.2598
-0.512 1.08513 1.06018
-0.51 1.79312 0.885825
-0.508 2.46509 0.739422
-0.506 3.04446 0.618941
-0.504 3.4783 0.519905
-0.502 3.72397 0.437142
-0.5 3.75486 0.365843
-0.498 3.56403 0.302005
-0.496 3.16554 0.242406
-0.494 2.59318 0.184149
-0.492 1.89669 0.123813
-0.49 1.13587 0.0565009
-0.488 0.373111 -0.024684
-0.486 -0.334496 -0.128106
-0.484 -0.942303 -0.261692
-0.482 -1.42315 -0.429933
-0.48 -1.76932 -0.630739
-0.478 -1.99096 -0.853446
-0.476 -2.11124 -1.07909
-0.474 -2.15954 -1.28326
-0.472 -2.16427 -1.44083
-0.47 -2.1471 -1.53123
-0.468 -2.11956 -1.54257
-0.466 -2.08237 -1.47375
-0.464 -2.02718 -1.33432
-0.462 -1.9401 -1.14266
-0.46 -1.80659 -0.923208
-0.458 -1.61661 -0.702894
-0.456 -1.36938 -0.507173
-0.454 -1.07656 -0.355789
-0.452 -0.76296 -0.259033
-0.45 -0.464211 -0.215544
-0.448 -0.221328 -0.212669
-0.446 -0.0731347 -0.229729
-0.444 -0.0481504 -0.243542
-0.442 -0.158034 -0.234644
-0.44 -0.394248 -0.192291
-0.438 -0.728702 -0.116882
-0.436 -1.11817 -0.0194469
-0.434 -1.51152 0.0810916
-0.432 -1.85849 0.161817
-0.43 -2.11853 0.20001
-0.428 -2.26818 0.177229
-0.426 -2.30585 0.0830908
-0.424 -2.25318 -0.0816102
-0.422 -2.15234 -0.303253
-0.42 -2.05944 -0.556151
-0.418 -2.03473 -0.806291
-0.416 -2.13096 -1.01771
-0.414 -2.38232 -1.16006
-0.412 -2.79633 -1.21534
-0.41 -3.3505 -1.18182
-0.408 -3.99453 -1.07429
-0.406 -4.65759 -0.920725
-0.404 -5.25936 -0.756636
-0.402 -5.72256 -0.618442
-0.4 -5.98477 -0.537005
-0.398 -6.00771 -0.532159
-0.396 -5.78281 -0.608853
-0.394 -5.33285 -0.755564
-0.392 -4.70969 -0.945539
-0.39 -3.98808 -1.14106
-0.388 -3.25606 -1.30032
-0.386 -2.60299 -1.38546
-0.384 -2.10722 -1.37008
-0.382 -1.82585 -1.24408
-0.38 -1.78828 -1.01507
-0.378 -1.99451 -0.706314
-0.376 -2.41791 -0.352157
-0.374 -3.01159 0.00754553
-0.372 -3.71685 0.33312
-0.37 -4.47167 0.590149
-0.368 -5.21788 0.753649
-0.366 -5.90596 0.811038
-0.364 -6.49747 0.763455
-0.362 -6.9657 0.624961
-0.36 -7.29486 0.419503
-0.358 -7.47823 0.176177
-0.356 -7.51547 -0.0760676
-0.354 -7.40964 -0.312946
-0.352 -7.16468 -0.517595
-0.35 -6.78426 -0.681331
-0.348 -6.27245 -0.802913
-0.346 -5.63583 -0.887133
-0.344 -4.88618 -0.943305
-0.342 -4.04272 -0.983738
-0.34 -3.13277 -1.022
-0.338 -2.1906 -1.0709
-0.336 -1.2548 -1.14034
-0.334 -0.364517 -1.23578
-0.332 0.444197 -1.3575
-0.33 1.14153 -1.50104
-0.328 1.7059 -1.65831
-0.326 2.12455 -1.81888
-0.324 2.39304 -1.97097
-0.322 2.5136 -2.10207
-0.32 2.49297 -2.19966
-0.318 2.33988 -2.25245
-0.316 2.06274 -2.25218
-0.314 1.66799 -2.1954
-0.312 1.15984 -2.08445
-0.31 0.541846 -1.92721
-0.308 -0.179836 -1.73561
-0.306 -0.992041 -1.52355
-0.304 -1.87041 -1.30457
-0.302 -2.77694 -1.08974
-0.3 -3.66065 -0.886185
-0.298 -4.46156 -0.696169
-0.296 -5.11742 -0.517203
-0.294 -5.57152 -0.342996
-0.292 -5.78009 -0.165349
-0.29 -5.71807 0.0231834
-0.288 -5.38283 0.226313
-0.286 -4.7957 0.441491
-0.284 -4.0011 0.658744
-0.282 -3.06318 0.861496
-0.28 -2.06016 1.02938
-0.278 -1.07668 1.14231
-0.276 -0.194946 1.18482
-0.274 0.514237 1.14959
-0.272 0.999359 1.03953
-0.27 1.23357 0.868138
-0.268 1.21659 0.658042
-0.266 0.972981 0.437901
-0.264 0.547472 0.237895
-0.262 -0.0016576 0.0844764
-0.26 -0.610003 -0.00475881
-0.258 -1.21452 -0.0248817
-0.256 -1.76031 0.014885
-0.254 -2.20597 0.0925503
-0.252 -2.52687 0.177441
-0.25 -2.71592 0.236225
-0.248 -2.78194 0.239711
-0.246 -2.74632 0.169094
-0.244 -2.63876 0.0203254
-0.242 -2.49301 -0.194469
-0.24 -2.34304 -0.448976
-0.238 -2.21948 -0.707697
-0.236 -2.14626 -0.932836
-0.234 -2.1379 -1.09161
-0.232 -2.19803 -1.16263
-0.23 -2.31996 -1.1401
-0.228 -2.48925 -1.03517
-0.226 -2.68734 -0.873885
-0.224 -2.89488 -0.69218
-0.222 -3.09407 -0.528621
-0.22 -3.2695 -0.416382
-0.218 -3.40822 -0.37603
-0.216 -3.49949 -0.410837
-0.214 -3.53472 -0.505967
-0.212 -3.50767 -0.632035
-0.21 -3.41461 -0.752274
-0.208 -3.25418 -0.831458
-0.206 -3.02664 -0.844343
-0.204 -2.73276 -0.781717
-0.202 -2.37336 -0.652917
-0.2 -1.94974 -0.484429
-0.198 -1.4657 -0.314837
-0.196 -0.930351 -0.186912
-0.194 -0.360882 -0.138243
-0.192 0.215715 -0.192167
-0.19 0.762762 -0.350963
-0.188 1.23606 -0.593012
-0.186 1.5879 -0.875045
-0.184 1.77259 -1.13958
-0.182 1.75266 -1.32635
-0.18 1.50523 -1.38529
-0.178 1.02763 -1.28796
-0.176 0.341193 -1.03459
-0.174 -0.507587 -0.655143
-0.172 -1.44936 -0.204034
-0.17 -2.39762 0.250004
-0.168 -3.25727 0.636946
-0.166 -3.93515 0.898814
-0.164 -4.35096 1.00092
-0.162 -4.44709 0.938916
-0.16 -4.19585 0.740226
-0.158 -3.60287 0.459177
-0.156 -2.7065 0.166458
-0.154 -1.57336 -0.0652903
-0.152 -0.29086 -0.176835
-0.15 1.04253 -0.135358
-0.148 2.32776 0.0578194
-0.146 3.47514 0.366621
-0.144 4.41237 0.727031
-0.142 5.08959 1.06008
-0.14 5.4812 1.28836
-0.138 5.58466 1.35266
-0.136 5.41689 1.22511
-0.134 5.00898 0.915998
-0.132 4.40045 0.472743
-0.13 3.63413 -0.0289783
-0.128 2.75271 -0.500066
-0.126 1.79764 -0.855783
-0.124 0.81011 -1.03284
-0.122 -0.166842 -1.0023
-0.12 -1.08616 -0.775751
-0.118 -1.89594 -0.403419
-0.116 -2.54065 0.0353814
-0.114 -2.965 0.447778
-0.112 -3.11998 0.745984
-0.11 -2.97023 0.865598
-0.108 -2.5013 0.779921
-0.106 -1.72514 0.507099
-0.104 -0.682907 0.108029
-0.102 0.555482 -0.325085
-0.1 1.89513 -0.687368
-0.098 3.22329 -0.883095
-0.096 4.41972 -0.845898
-0.094 5.36961 -0.553074
-0.092 5.97802 -0.031119
-0.09 6.18363 0.648506
-0.088 5.96937 1.38237
-0.086 5.36732 2.05423
-0.084 4.45601 2.55668
-0.082 3.35018 2.81117
-0.08 2.18459 2.78271
-0.078 1.0956 2.48633
-0.076 0.20388 1.98385
-0.074 -0.399127 1.37146
-0.072 -0.660003 0.760377
-0.07 -0.567568 0.254632
-0.068 -0.152771 -0.0693295
-0.066 0.515652 -0.17701
-0.064 1.33992 -0.0812781
-0.062 2.20612 0.162037
-0.06 3.00023 0.467191
-0.058 3.62473 0.737287
-0.056 4.01233 0.884834
-0.054 4.13339 0.85004
-0.052 3.9952 0.613332
-0.05 3.63405 0.199637
-0.048 3.10364 -0.326561
-0.046 2.46368 -0.874556
-0.044 1.77157 -1.34644
-0.042 1.07741 -1.65769
-0.04 0.421152 -1.75485
-0.038 -0.169039 -1.62653
-0.036 -0.677176 -1.30535
-0.034 -1.09738 -0.860591
-0.032 -1.42858 -0.382941
-0.03 -1.66669 0.0351256
-0.028 -1.79706 0.319096
-0.026 -1.79061 0.428022
-0.024 -1.60596 0.362837
-0.022 -1.19762 0.165853
-0.02 -0.527454 -0.0884265
-0.018 0.424211 -0.309398
-0.016 1.65078 -0.410139
-0.014 3.11581 -0.326737
-0.012 4.75305 -0.0330404
-0.01 6.46902 0.452262
-0.008 8.1481 1.06766
-0.006 9.66101 1.71969
-0.004 10.878 2.30069
-0.002 11.6859 2.71017
0 12.0061 2.87523
0.002 11.8087 2.76557
0.004 11.117 2.39938
0.006 10.0018 1.83943
0.008 8.56873 1.17995
0.01 6.94131 0.527726
0.012 5.24639 -0.0188264
0.014 3.60194 -0.388358
0.016 2.10784 -0.549597
0.018 0.838486 -0.516177
0.02 -0.162479 -0.342239
0.022 -0.88388 -0.109585
0.024 -1.34344 0.0910183
0.026 -1.57866 0.180363
0.028 -1.63417 0.108515
0.03 -1.54948 -0.134286
0.032 -1.35113 -0.515846
0.034 -1.05163 -0.96937
0.036 -0.654316 -1.408
0.038 -0.16115 -1.74324
0.04 0.420298 -1.90342
0.042 1.07265 -1.84877
0.044 1.76727 -1.58011
0.046 2.46418 -1.13946
0.048 3.11254 -0.602259
0.05 3.65263 -0.062314
0.052 4.02119 0.387625
0.054 4.16108 0.675713
0.056 4.034 0.76679
0.058 3.63275 0.670312
0.06 2.98869 0.438336
0.062 2.1716 0.153982
0.064 1.28147 -0.0869106
0.066 0.434428 -0.196671
0.068 -0.253354 -0.114707
0.07 -0.680943 0.179306
0.072 -0.775175 0.660299
0.074 -0.500239 1.2616
0.076 0.135763 1.887
0.078 1.07814 2.42897
0.08 2.22852 2.78973
0.082 3.4549 2.9009
0.084 4.60847 2.73769
0.086 5.54467 2.32412
0.088 6.14393 1.72839
0.09 6.32787 1.04923
0.092 6.06813 0.396315
0.094 5.38727 -0.130766
0.096 4.35312 -0.46074
0.098 3.06821 -0.562647
0.1 1.65655 -0.44972
0.102 0.249079 -0.174869
0.104 -1.03079 0.181102
0.106 -2.07986 0.526305
0.108 -2.82476 0.776413
0.11 -3.22696 0.871534
0.112 -3.28257 0.787867
0.114 -3.01766 0.541676
0.116 -2.48043 0.184797
0.118 -1.73248 -0.207197
0.12 -0.840645 -0.551443
0.122 0.129659 -0.775277
0.124 1.11924 -0.831126
0.126 2.07787 -0.705859
0.128 2.96471 -0.422833
0.13 3.74675 -0.0364153
0.132 4.39593 0.37966
0.134 4.8865 0.747534
0.136 5.19369 1.00087
0.138 5.29454 1.09783
0.14 5.17049 1.0288
0.142 4.81108 0.817559
0.144 4.21787 0.515582
0.146 3.40764 0.190905
0.148 2.41446 -0.0862487
0.15 1.29 -0.258057
0.152 0.101596 -0.290997
0.154 -1.07214 -0.182642
0.156 -2.14825 0.0380906
0.158 -3.04794 0.317365
0.16 -3.70545 0.588157
0.162 -4.07572 0.784634
0.164 -4.13947 0.855926
0.166 -3.90484 0.776283
0.168 -3.40571 0.549623
0.17 -2.69735 0.207854
0.172 -1.85015 -0.196233
0.174 -0.942826 -0.599682
0.176 -0.0554989 -0.941368
0.178 0.736894 -1.17303
0.18 1.37061 -1.26751
0.182 1.7982 -1.22294
0.184 1.99212 -1.0621
0.186 1.94624 -0.827029
0.188 1.67506 -0.569768
0.19 1.21081 -0.341331
0.192 0.598836 -0.181335
0.194 -0.107873 -0.110754
0.196 -0.854121 -0.129311
0.198 -1.58734 -0.217838
0.2 -2.26139 -0.34464
0.202 -2.83935 -0.474014
0.204 -3.29545 -0.574712
0.206 -3.61614 -0.626452
0.208 -3.80038 -0.623386
0.21 -3.8587 -0.574277
0.212 -3.81087 -0.499676
0.214 -3.68243 -0.426761
0.216 -3.50063 -0.382771
0.218 -3.29072 -0.388332
0.22 -3.07336 -0.452213
0.222 -2.86376 -0.568809
0.224 -2.6723 -0.718997
0.226 -2.50604 -0.874176
0.228 -2.37032 -1.00255
0.23 -2.26969 -1.07614
0.232 -2.20801 -1.07685
0.234 -2.18769 -1.00016
0.236 -2.20879 -0.855627
0.238 -2.26787 -0.664459
0.24 -2.35709 -0.454806
0.242 -2.4634 -0.256089
0.244 -2.56812 -0.0934492
0.246 -2.64739 0.0166774
0.248 -2.67379 0.0692088
0.25 -2.61942 0.0709099
0.252 -2.46019 0.0386863
0.254 -2.18084 -0.00408771
0.256 -1.77961 -0.0326683
0.258 -1.27176 -0.026531
0.26 -0.690748 0.0258746
0.262 -0.0866734 0.124574
0.264 0.478272 0.258556
0.266 0.936563 0.409106
0.268 1.22349 0.554826
0.27 1.28565 0.676675
0.272 1.08886 0.761573
0.274 0.624175 0.803841
0.276 -0.0887095 0.804608
0.278 -1.00181 0.769869
0.28 -2.04289 0.708056
0.282 -3.12279 0.627718
0.284 -4.1451 0.535562
0.286 -5.01686 0.434877
0.288 -5.65899 0.324503
0.29 -6.01499 0.198711
0.292 -6.0567 0.0484829
0.294 -5.78645 -0.13573
0.296 -5.2353 -0.360304
0.298 -4.45796 -0.624916
0.3 -3.52512 -0.920479
0.302 -2.51423 -1.22941
0.304 -1.50009 -1.52831
0.306 -0.546663 -1.79218
0.308 0.298429 -1.99893
0.31 1.00607 -2.13298
0.312 1.56428 -2.18724
0.314 1.97415 -2.16375
0.316 2.24435 -2.07321
0.318 2.38593 -1.93369
0.32 2.40849 -1.76826
0.322 2.31851 -1.60167
0.324 2.11935 -1.45628
0.326 1.81246 -1.34809
0.328 1.39889 -1.28393
0.33 0.880914 -1.26072
0.332 0.263501 -1.26685
0.334 -0.444189 -1.28558
0.336 -1.2275 -1.29896
0.338 -2.06563 -1.29128
0.34 -2.93222 -1.25106
0.342 -3.79749 -1.17174
0.344 -4.63161 -1.05136
0.346 -5.40797 -0.892091
0.348 -6.105 -0.699782
0.35 -6.70564 -0.483506
0.352 -7.19459 -0.25502
0.354 -7.5552 -0.0280313
0.356 -7.76786 0.182723
0.358 -7.81144 0.362528
0.36 -7.66782 0.497789
0.362 -7.32799 0.577047
0.364 -6.79757 0.591887
0.366 -6.09996 0.537789
0.368 -5.27641 0.415023
0.37 -4.38341 0.229542
0.372 -3.48859 -0.00641439
0.374 -2.66589 -0.274437
0.376 -1.99005 -0.55115
0.378 -1.52968 -0.810632
0.38 -1.33874 -1.02789
0.382 -1.44709 -1.18292
0.384 -1.85213 -1.26455
0.386 -2.51431 -1.27296
0.388 -3.35864 -1.22014
0.39 -4.28299 -1.12755
0.392 -5.17205 -1.02177
0.394 -5.91416 -0.928963
0.396 -6.41757 -0.869655
0.398 -6.62294 -0.855009
0.4 -6.51042 -0.885123
0.402 -6.10067 -0.949462
0.404 -5.45072 -1.02909
0.406 -4.64556 -1.10028
0.408 -3.78667 -1.13902
0.41 -2.97821 -1.12589
0.412 -2.31253 -1.05054
0.414 -1.85663 -0.914735
0.416 -1.64192 -0.732955
0.418 -1.65957 -0.529918
0.42 -1.86255 -0.335324
0.422 -2.17438 -0.177145
0.424 -2.50309 -0.0753436
0.426 -2.75763 -0.0376694
0.428 -2.86371 -0.0583874
0.43 -2.77614 -0.119889
0.432 -2.4858 -0.196572
0.434 -2.02007 -0.260178
0.436 -1.43701 -0.285737
0.438 -0.814658 -0.257211
0.44 -0.237682 -0.171816
0.442 0.216423 -0.0419638
0.444 0.48913 0.105944
0.446 0.549001 0.236108
0.448 0.395026 0.310614
0.45 0.0550388 0.297829
0.452 -0.420011 0.179831
0.454 -0.964579 -0.0430069
0.456 -1.50844 -0.35127
0.458 -1.98678 -0.70951
0.46 -2.34918 -1.07209
0.462 -2.56622 -1.39061
0.464 -2.6323 -1.62175
0.466 -2.56393 -1.73436
0.468 -2.39376 -1.71463
0.47 -2.16184 -1.56857
0.472 -1.90627 -1.32093
0.474 -1.65536 -1.01071
0.476 -1.42287 -0.684014
0.478 -1.20713 -0.385592
0.48 -0.99346 -0.150823
0.482 -0.759099 9.81706e-06
0.484 -0.479256 0.0639946
0.486 -0.13327 0.0541661
0.488 0.289932 -0.00481924
0.49 0.787692 -0.0824939
0.492 1.34144 -0.148471
0.494 1.91709 -0.177449
0.496 2.46826 -0.152819
0.498 2.94216 -0.0686011
0.5 3.28712 0.0704748
0.502 3.46043 0.250789
0.504 3.43492 0.453286
0.506 3.2031 0.657876
0.508 2.77813 0.847748
0.51 2.1921 1.01243
0.512 1.4921 1.14874
0.514 0.735018 1.25928
0.516 -0.0182949 1.3491
0.518 -0.709059 1.42185
0.52 -1.28635 1.47682
0.522 -1.7121 1.50806
0.524 -1.96467 1.50574
0.526 -2.04033 1.45912
0.528 -1.95227 1.36005
0.53 -1.72742 1.20623
0.532 -1.40173 1.00333
0.534 -1.01487 0.765587
0.536 -0.605521 0.514716
0.538 -0.207677 0.276957
0.54 0.151729 0.0785943
0.542 0.454096 -0.0593269
0.544 0.689529 -0.125946
0.546 0.856454 -0.123938
0.548 0.960557 -0.0701836
0.55 1.01307 0.00673773
0.552 1.02846 0.0719411
0.554 1.02161 0.0914054
0.556 1.00494 0.0393025
0.558 0.985916 -0.0961626
0.56 0.965627 -0.309663
0.562 0.938863 -0.579061
0.564 0.895864 -0.869119
0.566 0.825476 -1.13801
0.568 0.719069 -1.34544
0.57 0.574292 -1.46084
0.572 0.397707 -1.46989
0.574 0.20561 -1.37772
0.576 0.0229018 -1.20821
0.578 -0.119725 -0.999061
0.58 -0.189779 -0.793897
0.582 -0.157626 -0.633009
0.584 -0.00128373 -0.544818
0.586 0.289264 -0.539884
0.588 0.70891 -0.608568
0.59 1.23604 -0.722749
0.592 1.83333 -0.841213
0.594 2.45073 -0.917825
0.596 3.03047 -0.911043
0.598 3.5134 -0.793078
0.6 3.84609 -0.556846
0.602 3.98766 -0.219107
0.604 3.91541 0.181236
0.606 3.62839 0.589704
0.608 3.14834 0.946545
0.61 2.51782 1.19862
0.612 1.79581 1.31019
0.614 1.05127 1.27014
0.616 0.355484 1.0941
0.618 -0.225808 0.821281
0.62 -0.639685 0.506848
0.622 -0.851685 0.211563
0.624 -0.849124 -0.00947843
0.626 -0.641644 -0.117118
0.628 -0.258983 -0.0956803
0.63 0.253658 0.0437038
0.632 0.841927 0.264897
0.634 1.44944 0.513595
0.636 2.02476 0.72801
0.638 2.52731 0.851252
0.64 2.93125 0.84284
0.642 3.22685 0.686845
0.644 3.4191 0.394978
0.646 3.52409 0.0040467
0.648 3.5641 -0.431445
0.65 3.56237 -0.849808
0.652 3.5385 -1.19358
0.654 3.50516 -1.41969
0.656 3.46638 -1.50669
0.658 3.41774 -1.45776
0.66 3.3481 -1.29903
0.662 3.24264 -1.07342
0.664 3.08656 -0.831216
0.666 2.86892 -0.619664
0.668 2.5858 -0.473638
0.67 2.24253 -0.409452
0.672 1.85431 -0.422798
0.674 1.44518 -0.490965
0.676 1.04537 -0.578626
0.678 0.687251 -0.645866
0.68 0.400693 -0.656777
0.682 0.208345 -0.586913
0.684 0.121746 -0.428204
0.686 0.139121 -0.190395
0.688 0.245527 0.101261
0.69 0.415508 0.411642
0.692 0.617734 0.703467
0.694 0.820572 0.945218
0.696 0.997467 1.11725
0.698 1.13123 1.2146
0.7 1.21666 1.24609
0.702 1.26105 1.23037
0.704 1.28271 1.19032
0.706 1.30732 1.14714
0.708 1.36296 1.11547
0.71 1.47411 1.10019
0.712 1.65595 1.09566
0.714 1.90985 1.08737
0.716 2.22123 1.05599
0.718 2.56038 0.982903
0.72 2.88608 0.855974
0.722 3.1513 0.673994
0.724 3.30981 0.44837
0.726 3.32282 0.201471
0.728 3.16492 -0.0380912
0.73 2.82881 -0.242053
0.732 2.32807 -0.38922
0.734 1.69749 -0.470575
0.736 0.990124 -0.491507
0.738 0.271179 -0.470695
0.74 -0.390602 -0.436005
0.742 -0.932447 -0.418328
0.744 -1.30611 -0.444611
0.746 -1.48399 -0.53139
0.748 -1.46196 -0.680056
0.75 -1.2592 -0.874946
0.752 -0.915462 -1.08491
0.754 -0.486233 -1.26849
0.756 -0.0361609 -1.38193
0.758 0.369112 -1.38854
0.76 0.671824 -1.26743
0.762 0.830239 -1.0194
0.764 0.824236 -0.668363
0.766 0.657087 -0.257881
0.768 0.353219 0.156663
0.77 -0.0470549 0.518341
0.772 -0.494252 0.779282
0.774 -0.936494 0.909506
0.776 -1.32552 0.902436
0.778 -1.62175 0.776145
0.78 -1.79831 0.570049
0.782 -1.84413 0.337514
0.784 -1.76521 0.135586
0.786 -1.58382 0.0137807
0.788 -1.33494 0.00408479
0.79 -1.0605 0.114269
0.792 -0.802603 0.325991
0.794 -0.597315 0.598295
0.796 -0.470312 0.875954
0.798 -0.434797 1.1009
0.8 -0.491256 1.22426
0.802 -0.628269 1.21627
0.804 -0.823921 1.07218
0.806 -1.04797 0.813014
0.808 -1.26516 0.481317
0.81 -1.43996 0.132879
0.812 -1.5418 -0.173999
0.814 -1.55003 -0.389723
0.816 -1.45685 -0.482975
0.818 -1.26801 -0.446757
0.82 -1.00113 -0.29956
0.822 -0.682712 -0.0813013
0.824 -0.344571 0.155249
0.826 -0.020395 0.355766
0.828 0.257624 0.475903
0.83 0.462147 0.490494
0.832 0.574014 0.398437
0.834 0.585049 0.222439
0.836 0.499455 0.00398609
0.838 0.33295 -0.205174
0.84 0.109445 -0.353287
0.842 -0.143918 -0.398763
0.844 -0.401882 -0.318493
0.846 -0.644894 -0.112803
0.848 -0.861061 0.193973
0.85 -1.04651 0.557572
0.852 -1.20489 0.921933
0.854 -1.34631 1.22989
0.856 -1.4857 1.43423
0.858 -1.64007 1.50676
0.86 -1.82467 1.44322
0.862 -2.04857 1.26321
0.864 -2.31062 1.00525
0.866 -2.59712 0.71853
0.868 -2.88214 0.453326
0.87 -3.13068 0.252015
0.872 -3.30398 0.142193
0.874 -3.36585 0.132809
0.876 -3.28843 0.21368
0.878 -3.05674 0.358319
0.88 -2.67133 0.529563
0.882 -2.14945 0.687095
0.884 -1.52431 0.795444
0.886 -0.842602 0.830877
0.888 -0.160218 0.785601
0.89 0.463632 0.668305
0.892 0.973074 0.500971
0.894 1.32207 0.312923
0.896 1.47962 0.133843
0.898 1.43278 -0.0123885
0.9 1.18716 -0.111667
0.902 0.765066 -0.160905
0.904 0.202102 -0.16679
0.906 -0.45704 -0.142755
0.908 -1.16315 -0.105034
0.91 -1.86703 -0.0686292
0.912 -2.52348 -0.0438849
0.914 -3.09439 -0.034216
0.916 -3.55018 -0.0354624
0.918 -3.86992 -0.0371702
0.92 -4.04013 -0.025714
0.922 -4.05332 0.0113912
0.924 -3.90679 0.0811503
0.926 -3.60213 0.182031
0.928 -3.14565 0.303158
0.93 -2.54951 0.426037
0.932 -1.83291 0.528302
0.934 -1.02306 0.588517
0.936 -0.155215 0.590896
0.938 0.728045 0.528918
0.94 1.57845 0.407119
0.942 2.34442 0.240765
0.944 2.97438 0.0534629
0.946 3.42107 -0.126854
0.948 3.64673 -0.272949
0.95 3.62819 -0.363442
0.952 3.36092 -0.387089
0.954 2.86093 -0.345152
0.956 2.16423 -0.251191
0.958 1.32385 -0.128248
0.96 0.405145 -0.0041219
0.962 -0.520189 0.0941735
0.964 -1.38057 0.145589
0.966 -2.11092 0.138941
0.968 -2.65855 0.0748858
0.97 -2.98778 -0.0343754
0.972 -3.08315 -0.167629
0.974 -2.95047 -0.298946
0.976 -2.61562 -0.402871
0.978 -2.1211 -0.459402
0.98 -1.52083 -0.457759
0.982 -0.874081 -0.398197
0.984 -0.239313 -0.291546
0.986 0.331155 -0.156671
0.988 0.795293 -0.0164569
0.99 1.12403 0.106812
0.992 1.30242 0.1958
0.994 1.32945 0.241421
0.996 1.21649 0.244523
0.998 0.984941 0.215598
1 0.663107 0.172465
1.002 0.282837 0.136336
1.004 -0.12372 0.127054
1.006 -0.526923 0.158616
1.008 -0.901679 0.235978
1.01 -1.22854 0.353837
1.012 -1.49383 0.497525
1.014 -1.68886 0.645677
1.016 -1.80862 0.774025
1.018 -1.85034 0.859592
1.02 -1.81243 0.884677
1.022 -1.69421 0.840063
1.024 -1.49649 0.726962
1.026 -1.22273 0.557298
1.028 -0.880164 0.352095
1.03 -0.480538 0.138121
1.032 -0.0398746 -0.05668
1.034 0.422475 -0.208049
1.036 0.885398 -0.29953
1.038 1.32787 -0.324962
1.04 1.73093 -0.288971
1.042 2.07954 -0.205586
1.044 2.36436 -0.0955127
1.046 2.58308 0.0173108
1.048 2.74113 0.109376
1.05 2.85133 0.161114
1.052 2.93229 0.159895
1.054 3.00538 0.10206
1.056 3.09063 -0.00647935
1.058 3.20244 -0.151301
1.06 3.34606 -0.312039
1.062 3.51583 -0.46585
1.064 3.69544 -0.59101
1.066 3.86036 -0.669976
1.068 3.98176 -0.691531
1.07 4.03132 -0.651965
1.072 3.98616 -0.555343
1.074 3.83309 -0.41295
1.076 3.57154 -0.241884
1.078 3.21468 -0.0628046
1.08 2.78841 0.102988
1.082 2.3283 0.236704
1.084 1.87483 0.324858
1.086 1.46762 0.361104
1.088 1.13942 0.346773
1.09 0.911228 0.290103
1.092 0.789196 0.204492
1.094 0.764157 0.106277
1.096 0.813716 0.012438
1.098 0.906556 -0.0615807
1.1 1.00818 -0.103916
1.102 1.08705 -0.108114
1.104 1.11997 -0.0744288
1.106 1.09566 -0.0101059
1.108 1.01592 0.0717128
1.11 0.894318 0.154433
1.112 0.752934 0.221286
1.114 0.617775 0.258656
1.116 0.51365 0.258653
1.118 0.459155 0.220438
1.12 0.462619 0.150144
1.122 0.519843 0.0596085
1.124 0.614297 -0.0357187
1.126 0.719915 -0.119339
1.128 0.80608 -0.176455
1.13 0.843855 -0.19661
1.132 0.81219 -0.175772
1.134 0.702771 -0.117339
1.136 0.52246 -0.0316834
1.138 0.292847 0.0657888
1.14 0.047084 0.157669
1.142 -0.175332 0.227991
1.144 -0.334889 0.265358
1.146 -0.39854 0.265122
1.148 -0.345416 0.230225
1.15 -0.170974 0.170582
1.152 0.111166 0.101212
1.154 0.470163 0.0394997
1.156 0.861864 0.00203058
1.158 1.23525 0.00149916
1.16 1.54036 0.0441543
1.162 1.73616 0.128285
1.164 1.79673 0.244127
1.166 1.7146 0.375336
1.168 1.50086 0.501772
1.17 1.18243 0.60307
1.172 0.797377 0.662237
1.174 0.389195 0.668574
1.176 0.00107067 0.619418
1.178 -0.329348 0.520447
1.18 -0.574052 0.384618
1.182 -0.717282 0.229984
1.184 -0.756302 0.0767685
1.186 -0.700193 -0.0559074
1.188 -0.566853 -0.153175
1.19 -0.37883 -0.206891
1.192 -0.158983 -0.216909
1.194 0.0730528 -0.190839
1.196 0.302935 -0.142321
1.198 0.522061 -0.0882199
1.2 0.726656 -0.045333
1.202 0.916018 -0.027304
1.204 1.09043 -0.0422956
1.206 1.24923 -0.0918189
1.208 1.38941 -0.170845
1.21 1.50492 -0.269068
1.212 1.58688 -0.372963
1.214 1.62466 -0.46822
1.216 1.60785 -0.542105
1.218 1.52873 -0.585401
1.22 1.38468 -0.593653
1.222 1.17997 -0.567551
1.224 0.926395 -0.512443
1.226 0.642425 -0.437134
1.228 0.351067 -0.352208
1.23 0.0767051 -0.268185
1.232 -0.158382 -0.193837
1.234 -0.337149 -0.134949
1.236 -0.450001 -0.0937639
1.238 -0.495853 -0.069189
1.24 -0.482034 -0.0576856
1.242 -0.423126 -0.0545404
1.244 -0.338825 -0.0551342
1.246 -0.250907 -0.0558591
1.248 -0.17966 -0.0545085
1.25 -0.140409 -0.0501744
1.252 -0.140876 -0.0428579
1.254 -0.179956 -0.0330483
1.256 -0.248133 -0.0214547
1.258 -0.329412 -0.00892336
1.26 -0.404412 0.00354734
1.262 -0.45411 0.0148131
1.264 -0.463554 0.0236643
1.266 -0.424849 0.0289501
1.268 -0.338878 0.029671
1.27 -0.215549 0.0250042
1.272 -0.0726344 0.0143127
1.274 0.0665507 -0.00275026
1.276 0.176398 -0.0259729
1.278 0.232848 -0.0542155
1.28 0.217333 -0.085132
1.282 0.120181 -0.115191
1.284 -0.0571993 -0.140102
1.286 -0.301808 -0.155595
1.288 -0.590359 -0.158329
1.29 -0.892177 -0.146686
1.292 -1.17316 -0.121223
1.294 -1.40017 -0.084671
1.296 -1.54513 -0.0415141
1.298 -1.58838 0.00276343
1.3 -1.52093 0.0426121
1.302 -1.34549 0.0733693
1.304 -1.07619 0.0920763
1.306 -0.737028 0.0980387
1.308 -0.359221 0.0930413
1.31 0.0222481 0.081158
1.312 0.372415 0.0681337
1.314 0.66002 0.0603744
1.316 0.860656 0.06368
1.318 0.95899 0.0819638
1.32 0.949824 0.116259
1.322 0.837884 0.164268
1.324 0.636516 0.220588
1.326 0.365645 0.277579
1.328 0.0494196 0.326725
1.33 -0.286089 0.360201
1.332 -0.614967 0.372353
1.334 -0.91326 0.360782
1.336 -1.16053 0.326853
1.338 -1.34116 0.275536
1.34 -1.44523 0.21464
1.342 -1.46901 0.153584
1.344 -1.41475 0.10188
1.346 -1.29004 0.0675792
1.348 -1.10681 0.0558849
1.35 -0.880326 0.0681851
1.352 -0.628218 0.101706
1.354 -0.369601 0.14993
1.356 -0.124107 0.203768
1.358 0.0892741 0.253281
1.36 0.253575 0.289582
1.362 0.355298 0.306465
1.364 0.385722 0.301402
1.366 0.341807 0.275763
1.368 0.226533 0.234289
1.37 0.0486153 0.184036
1.372 -0.178319 0.133042
1.374 -0.436899 0.0890021
1.376 -0.707399 0.0581255
1.378 -0.969257 0.0442933
1.38 -1.20272 0.0485588
1.382 -1.39053 0.069023
1.384 -1.5194 0.101134
1.386 -1.58114 0.13844
1.388 -1.57304 0.173728
1.39 -1.49774 0.200335
1.392 -1.36248 0.213296
1.394 -1.17825 0.210036
1.396 -0.958687 0.19049
1.398 -0.719097 0.156734
1.4 -0.475352 0.112326
1.402 -0.242813 0.0616119
1.404 -0.035256 0.00914013
1.406 0.136104 -0.0407627
1.408 0.263357 -0.0843017
1.41 0.342311 -0.118485
1.412 0.372526 -0.141378
1.414 0.357001 -0.152296
1.416 0.301606 -0.15184
1.418 0.214393 -0.141734
1.42 0.104916 -0.1245
1.422 -0.0164342 -0.103051
1.424 -0.139102 -0.0803281
1.426 -0.253118 -0.0590177
1.428 -0.349905 -0.0413585
1.43 -0.423023 -0.0289918
1.432 -0.468708 -0.0228189
1.434 -0.486107 -0.022861
1.436 -0.477203 -0.0281602
1.438 -0.446449 -0.0367894
1.44 -0.400145 -0.0460406
1.442 -0.345597 -0.0528173
1.444 -0.290154 -0.0541866
1.446 -0.240269 -0.0479701
1.448 -0.200749 -0.0332289
1.45 -0.174315 -0.0105262
1.452 -0.161526 0.0180784
1.454 -0.161026 0.0492989
1.456 -0.170051 0.0791078
1.458 -0.185071 0.103364
1.46 -0.202478 0.118491
1.462 -0.219222 0.122104
1.464 -0.233371 0.11348
1.466 -0.244522 0.0937791
1.468 -0.253997 0.0659606
1.47 -0.264735 0.0343618
1.472 -0.280859 0.00400086
1.474 -0.306965 -0.0202995
1.476 -0.347293 -0.0348178
1.478 -0.404893 -0.0376932
1.48 -0.480926 -0.0293687
1.482 -0.574177 -0.0125873
1.484 -0.680839 0.0080965
1.486 -0.794646 0.0272048
1.488 -0.907359 0.0394301
1.49 -1.00956 0.0407091
1.492 -1.09166 0.0290712
1.494 -1.14499 0.00511327
1.496 -1.16292 -0.0279918
1.498 -1.14167 -0.0649709
1.5 -1.081 -0.0993432
1.502 -0.984385 -0.124574
1.504 -0.858791 -0.135273
1.506 -0.714083 -0.128196
1.508 -0.56202 -0.102871
1.51 -0.415013 -0.0617423
1.512 -0.284723 -0.00982561
1.514 -0.180664 0.0460701
1.516 -0.10902 0.0984243
1.518 -0.0718786 0.140234
1.52 -0.0669982 0.166192
1.522 -0.08817 0.173621
1.524 -0.12609 0.162963
1.526 -0.169619 0.137695
1.528 -0.207278 0.103641
1.53 -0.228791 0.0678181
1.532 -0.22651 0.0370721
1.534 -0.196525 0.0168143
1.536 -0.139288 0.010112
1.538 -0.0596183 0.017279
1.54 0.0339527 0.0359899
1.542 0.130462 0.0618452
1.544 0.218216 0.0892475
1.546 0.286614 0.112418
1.548 0.327775 0.126387
1.55 0.33768 0.127827
1.552 0.31669 0.115612
1.554 0.269424 0.091004
1.556 0.204066 0.0574109
1.558 0.131236 0.0197119
1.56 0.0625612 -0.0167017
1.562 0.00911122 -0.0469541
1.564 -0.0201248 -0.0675439
1.566 -0.01951 -0.0768728
1.568 0.0124334 -0.0753809
1.57 0.0728436 -0.065304
1.572 0.155021 -0.0501193
1.574 0.249521 -0.0337945
1.576 0.34562 -0.0199891
1.578 0.432899 -0.0113688
1.58 0.502685 -0.00916009
1.582 0.549157 -0.0130126
1.584 0.57 -0.0211777
1.586 0.56651 -0.0309509
1.588 0.543172 -0.0392819
1.59 0.506781 -0.0434229
1.592 0.46528 -0.0414847
1.594 0.426515 -0.0328026
1.596 0.397125 -0.0180553
1.598 0.381697 0.0008737
1.6 0.3823 0.0212676
1.602 0.398416 0.0401119
1.604 0.427207 0.0546891
1.606 0.464034 0.063101
1.608 0.503126 0.0645951
1.61 0.538299 0.0596268
1.612 0.563648 0.0496639
1.614 0.574146 0.0368081
1.616 0.566088 0.0233473
1.618 0.537369 0.0113462
1.62 0.487582 0.00234393
1.622 0.417973 -0.00282051
1.624 0.331306 -0.00406084
1.626 0.231665 -0.00199159
1.628 0.124214 0.00221551
1.63 0.0149152 0.00705258
1.632 -0.0898214 0.0109511
1.634 -0.183575 0.0125712
1.636 -0.260413 0.0110464
1.638 -0.315418 0.00611992
1.64 -0.34518 -0.00187029
1.642 -0.348186 -0.0121471
1.644 -0.325053 -0.023725
1.646 -0.278551 -0.0356209
1.648 -0.213387 -0.0469806
1.65 -0.135768 -0.0571182
1.652 -0.0528013 -0.0655075
1.654 0.028208 -0.0717682
1.656 0.100493 -0.0756568
1.658 0.158531 -0.0770582
1.66 0.19865 -0.0759716
1.662 0.219428 -0.0724916
1.664 0.221803 -0.0667886
1.666 0.208814 -0.0590968
1.668 0.185009 -0.0497233
1.67 0.155651 -0.0390823
1.672 0.125876 -0.0277343
1.674 0.099962 -0.0163909
1.676 0.0808354 -0.00585189
1.678 0.0698276 0.00312205
1.68 0.06669 0.00995999
1.682 0.0698151 0.0143993
1.684 0.0766136 0.0165389
1.686 0.083996 0.0168249
1.688 0.0889114 0.0159864
1.69 0.088888 0.0149351
1.692 0.0824992 0.0146367
1.694 0.0696543 0.0159677
1.696 0.0516169 0.0195731
1.698 0.030721 0.0257496
1.7 0.00984759 0.034375
1.702 -0.00818721 0.0449009
1.704 -0.021159 0.0564179
1.706 -0.0277581 0.0677864
1.708 -0.0276798 0.0778095
1.71 -0.0215309 0.0854186
1.712 -0.0106244 0.0898354
1.714 0.00327537 0.0906833
1.716 0.0182314 0.0880311
1.718 0.0324285 0.0823617
1.72 0.0444691 0.0744761
1.722 0.0536261 0.0653555
1.724 0.0599804 0.0560107
1.726 0.0643728 0.0473454
1.728 0.0681467 0.0400501
1.73 0.0727346 0.0345311
1.732 0.0792125 0.0308781
1.734 0.0879603 0.028873
1.736 0.0985245 0.0280389
1.738 0.1097 0.0277288
1.74 0.119782 0.0272414
1.742 0.126904 0.0259498
1.744 0.129395 0.0234165
1.746 0.126105 0.0194681
1.748 0.116668 0.0142094
1.75 0.101658 0.00797699
1.752 0.0826156 0.00125437
1.754 0.0618882 -0.00542221
1.756 0.042306 -0.0115438
1.758 0.0267416 -0.0166873
1.76 0.0176525 -0.0205544
1.762 0.016706 -0.0229957
1.764 0.0245527 -0.0240182
1.766 0.0407649 -0.0237749
1.768 0.0639182 -0.0225322
1.77 0.0917823 -0.0206193
1.772 0.121594 -0.0183663
1.774 0.150394 -0.0160438
1.776 0.175392 -0.0138191
1.778 0.194334 -0.01174
1.78 0.205783 -0.00974921
1.782 0.209287 -0.00772025
1.784 0.205359 -0.00550052
1.786 0.195298 -0.00295153
1.788 0.180876 1.88806e-05
1.79 0.164009 0.00343259
1.792 0.14645 0.00722573
1.794 0.129596 0.0112434
1.796 0.11438 0.0152468
1.798 0.101266 0.0189361
1.8 0.0903003 0.0219896
1.802 0.0812108 0.0241168
1.804 0.0735446 0.0251155
1.806 0.0668265 0.0249187
1.808 0.0607152 0.0236188
1.81 0.0551212 0.0214597
1.812 0.0502518 0.0187985
1.814 0.0465582 0.0160466
1.816 0.0445923 0.0136057
1.818 0.0448157 0.0118074
1.82 0.0474233 0.010866
1.822 0.0522367 0.0108463
1.824 0.0586865 0.0116494
1.826 0.0658703 0.0130222
1.828 0.0726563 0.0145906
1.83 0.0778102 0.015917
1.832 0.0801396 0.0165715
1.834 0.0786517 0.0162063
1.836 0.0727171 0.0146181
1.838 0.06221 0.0117868
1.84 0.0475888 0.00788127
1.842 0.0298811 0.00323245
1.844 0.0105621 -0.00172045
1.846 -0.00865819 -0.00649639
1.848 -0.0260922 -0.0106391
1.85 -0.040317 -0.0137747
1.852 -0.0503542 -0.0156561
1.854 -0.055764 -0.0161919
1.856 -0.0566571 -0.0154584
1.858 -0.0536425 -0.0136886
1.86 -0.0477268 -0.0112386
1.862 -0.0401729 -0.00853207
1.864 -0.0323264 -0.00599122
1.866 -0.0254267 -0.00396927
1.868 -0.020431 -0.00269804
1.87 -0.0178865 -0.0022627
1.872 -0.0178752 -0.00260538
1.874 -0.0200433 -0.00355189
1.876 -0.0237013 -0.00485117
1.878 -0.0279688 -0.00621893
1.88 -0.0319294 -0.0073797
1.882 -0.0347717 -0.00810473
1.884 -0.0358969 -0.00824302
1.886 -0.0349906 -0.00774203
1.888 -0.0320537 -0.0066534
1.89 -0.0273905 -0.0051207
1.892 -0.0215514 -0.00334989
1.894 -0.0152362 -0.00156895
1.896 -0.00917343 1.32263e-05
1.898 -0.00400176 0.0012388
1.9 -0.00017911 0.0020187
1.902 0.00206494 0.00233597
1.904 0.0027303 0.00223773
1.906 0.00201063 0.00181965
1.908 0.000235794 0.00120642
1.91 -0.00219293 0.000530977
1.912 -0.00486426 -8.4993e-05
1.914 -0.00740937 -0.000547831
1.916 -0.0095425 -0.00080418
1.918 -0.0110872 -0.000846695
1.92 -0.0119851 -0.000711277
1.922 -0.0122845 -0.000465651
1.924 -0.0121102 -0.000191829
1.926 -0.0116213 3.28844e-05
1.928 -0.0109689 0.000151588
1.93 -0.0102657 0.000137121
1.932 -0.00957289 -5.93726e-06
1.934 -0.0089043 -0.000245944
1.936 -0.00824093 -0.00053384
1.938 -0.00754911 -0.000815185
1.94 -0.00679682 -0.00104166
1.942 -0.00596578 -0.0011797
1.944 -0.00505854 -0.00121498
1.946 -0.00410027 -0.00115289
1.948 -0.00313543 -0.00101534
1.95 -0.00221958 -0.00083518
1.952 -0.00140786 -0.000649099
1.954 -0.000742834 -0.000490385
1.956 -0.000245353 -0.000382715
1.958 8.88556e-05 -0.000336111
1.96 0.000285918 -0.000345927
1.962 0.000385546 -0.000395196
1.964 0.000430891 -0.000459861
1.966 0.000459556 -0.000515443
1.968 0.000497567 -0.00054312
1.97 0.000556671 -0.000533478
1.972 0.000634605 -0.000487166
1.974 0.000717828 -0.000412878
1.976 0.000786286 -0.000323767
1.978 0.000819498 -0.000233637
1.98 0.000802734 -0.000153882
1.982 0.000731667 -9.16813e-05
1.984 0.000614057 -4.94691e-05
1.986 0.000467889 -2.54471e-05
1.988 0.000316556 -1.48759e-05
1.99 0.000182699 -1.18345e-05
1.992 8.25842e-05 -1.10412e-05
1.994 2.25425e-05 -9.23316e-06
1.996 -1.78401e-06 -5.69211e-06
1.998 -3.4327e-06 -1.81486e-06
0.5 -0.532307 -0.158066
1 -0.584239 -0.224067
1.5 -0.6444 -0.303651
2 -0.68576 -0.364168
2.5 -0.684864 -0.37949
3 -0.621146 -0.33817
3.5 -0.471483 -0.244567
4 -0.209673 -0.113706
4.5 0.181578 0.0364438
5 0.689166 0.191001
5.5 1.25341 0.340036
6 1.77496 0.476633
6.5 2.15171 0.593668
7 2.33254 0.682127
7.5 2.35812 0.732327
8 2.35898 0.737344
8.5 2.5005 0.696623
9 2.89521 0.617769
9.5 3.52591 0.515645
10 4.22368 0.409223
10.5 4.72008 0.317325
11 4.75474 0.254374
11.5 4.18921 0.22695
12 3.07311 0.231785
12.5 1.63187 0.255946
13 0.183711 0.279858
13.5 -0.973682 0.283062
14 -1.65625 0.251207
14.5 -1.83135 0.181563
15 -1.59518 0.0842826
15.5 -1.11218 -0.0217173
16 -0.54973 -0.11671
16.5 -0.0344055 -0.188163
17 0.361528 -0.234711
17.5 0.611029 -0.264068
18 0.71539 -0.286208
18.5 0.691445 -0.305809
19 0.566934 -0.31836
19.5 0.38096 -0.312157
20 0.183684 -0.275004
20.5 0.0306371 -0.201883
21 -0.0294372 -0.0994632
21.5 0.0296739 0.0147087
22 0.198466 0.117698
22.5 0.428492 0.188619
23 0.644392 0.214956
23.5 0.770301 0.195855
24 0.761512 0.141984
24.5 0.626423 0.0725536
25 0.425394 0.0102639
25.5 0.243471 -0.0250576
26 0.148633 -0.0229868
26.5 0.157308 0.0127489
27 0.227011 0.0637028
27.5 0.281291 0.101905
28 0.252909 0.100094
28.5 0.119466 0.0434021
29 -0.0899069 -0.0627627
29.5 -0.319738 -0.193018
30 -0.527206 -0.311353
30.5 -0.707523 -0.385876
31 -0.887524 -0.402227
31.5 -1.09153 -0.369113
32 -1.30394 -0.313079
32.5 -1.45746 -0.264957
33 -1.46021 -0.244636
33.5 -1.24902 -0.251675
34 -0.837063 -0.266338
34.5 -0.324358 -0.260416
35 0.139739 -0.212395
35.5 0.424261 -0.11955
36 0.478559 -0.001254
36.5 0.354956 0.107848
37 0.180611 0.171416
37.5 0.0947108 0.165526
38 0.184399 0.087393
38.5 0.450757 -0.0443144
39 0.817637 -0.19669
39.5 1.17321 -0.333581
40 1.41965 -0.425838
40.5 1.50685 -0.457641
41 1.43877 -0.428
41.5 1.25669 -0.348435
42 1.01394 -0.238563
42.5 0.756602 -0.120971
43 0.517575 -0.0161266
43.5 0.321347 0.0621386
44 0.190989 0.109728
44.5 0.148795 0.132787
45 0.207351 0.144871
45.5 0.355118 0.161362
46 0.545934 0.193265
46.5 0.702214 0.243273
47 0.736304 0.305986
47.5 0.585138 0.371912
48 0.244448 0.432587
48.5 -0.214816 0.483445
49 -0.660283 0.522691
49.5 -0.941816 0.547346
50 -0.949688 0.549985
50.5 -0.662415 0.519597
51 -0.161425 0.447237
51.5 0.396305 0.333454
52 0.837063 0.192392
52.5 1.03504 0.0487556
53 0.954678 -0.0719444
53.5 0.654142 -0.15493
54 0.252256 -0.202768
54.5 -0.122057 -0.23276
55 -0.373685 -0.266192
55.5 -0.4617 -0.315503
56 -0.394009 -0.376737
56.5 -0.2069 -0.431507
57 0.0555423 -0.456876
57.5 0.352218 -0.437055
58 0.645491 -0.370207
58.5 0.898024 -0.267325
59 1.07337 -0.145294
59.5 1.14283 -0.019501
60 1.09512 0.0993969
60.5 0.942506 0.203717
61 0.719167 0.285082
61.5 0.472344 0.333071
62 0.250382 0.338101
62.5 0.092269 0.296684
63 0.0207747 0.214928
63.5 0.0387021 0.107185
64 0.127268 -0.00955769
64.5 0.247372 -0.12163
65 0.346256 -0.22057
65.5 0.371298 -0.299652
66 0.288791 -0.348115
66.5 0.10076 -0.348559
67 -0.149188 -0.281318
67.5 -0.386823 -0.134782
68 -0.533244 0.0842163
68.5 -0.535872 0.347024
69 -0.390587 0.610409
69.5 -0.144257 0.831709
70 0.124176 0.98416
70.5 0.335706 1.06416
71 0.441916 1.0868
71.5 0.440985 1.07267
72 0.373298 1.03398
72.5 0.300746 0.967856
73 0.280816 0.860245
73.5 0.347383 0.69741
74 0.504918 0.47805
74.5 0.734948 0.219159
75 1.00757 -0.047059
75.5 1.28993 -0.282868
76 1.54778 -0.455848
76.5 1.74267 -0.545968
77 1.83179 -0.547107
77.5 1.776 -0.464707
78 1.55629 -0.312819
78.5 1.19075 -0.112814
79 0.741188 0.106551
79.5 0.301113 0.310114
80 -0.0335623 0.46085
80.5 -0.199446 0.528491
81 -0.189588 0.499747
81.5 -0.0536761 0.385659
82 0.126537 0.22182
82.5 0.274582 0.0598025
83 0.350603 -0.0480841
83.5 0.361427 -0.0654062
84 0.346163 0.0167163
84.5 0.347574 0.177453
85 0.386439 0.374473
85.5 0.452737 0.559222
86 0.516276 0.693176
86.5 0.547596 0.758845
87 0.534883 0.761728
87.5 0.486883 0.723391
88 0.422131 0.669512
88.5 0.354004 0.618523
89 0.283244 0.575644
89.5 0.203561 0.534171
90 0.115985 0.482419
90.5 0.0407255 0.41224
91 0.0160235 0.324778
91.5 0.0817292 0.2309
92 0.255713 0.146582
92.5 0.517248 0.0859279
93 0.809003 0.0553528
93.5 1.05938 0.0515466
94 1.21519 0.0637542
94.5 1.26792 0.0788607
95 1.25905 0.0866845
95.5 1.26034 0.083165
96 1.33815 0.070437
96.5 1.51942 0.0543374
97 1.77635 0.0409248
97.5 2.03752 0.033715
98 2.21928 0.0326722
98.5 2.26129 0.0349954
99 2.14866 0.0369467
99.5 1.9111 0.0356854
100 1.60252 0.0303152
100.5 1.27462 0.0218832
101 0.959633 0.0125725
101.5 0.670252 0.00460141
102 0.412851 -0.000675475
102.5 0.201619 -0.00317317
103 0.0612507 -0.00394767
103.5 0.0142609 -0.00467916
104 0.0603547 -0.00699858
104.5 0.161988 -0.0118903
105 0.247806 -0.0193505
105.5 0.235423 -0.0283953
106 0.0634537 -0.0374006
106.5 -0.282907 -0.0446493
107 -0.76481 -0.0488775
107.5 -1.30295 -0.0496189
108 -1.80252 -0.0472283
108.5 -2.17734 -0.042615
109 -2.36429 -0.0368424
109.5 -2.32723 -0.0307894
110 -2.05599 -0.0250056
110.5 -1.56659 -0.0197577
111 -0.904167 -0.0151572
111.5 -0.144635 -0.0112348
112 0.611185 -0.0079075
112.5 1.25359 -0.00489605
113 1.68698 -0.00171655
113.5 1.85195 0.00216618
114 1.73893 0.00705267
114.5 1.38994 0.0127351
115 0.889908 0.0184107
115.5 0.351263 0.0228739
116 -0.105758 0.0249261
116.5 -0.376595 0.0238237
117 -0.398498 0.0195666
117.5 -0.174071 0.012924
118 0.21789 0.00522775
118.5 0.634995 -0.0019433
119 0.911078 -0.00707296
119.5 0.914125 -0.00896663
120 0.600965 -0.00698022
120.5 0.0436699 -0.00123457
121 -0.588295 0.0072431
121.5 -1.08721 0.0165797
122 -1.28479 0.024431
122.5 -1.11573 0.0286492
123 -0.639643 0.0280338
123.5 -0.0127227 0.0228369
124 0.576793 0.0147443
124.5 0.980044 0.00627721
125 1.13524 -0.000152462
125.5 1.07416 -0.00311276
126 0.889853 -0.00255771
126.5 0.684836 0.000386893
127 0.525432 0.0041006
127.5 0.422027 0.00723743
128 0.340914 0.00921416
128.5 0.238264 0.0102382
129 0.0973392 0.0109569
129.5 -0.0501574 0.0119878
130 -0.129532 0.0135935
130.5 -0.0535743 0.015631
131 0.2353 0.0177215
131.5 0.730426 0.0194872
132 1.35045 0.0207037
132.5 1.95988 0.0213081
133 2.41414 0.0212976
133.5 2.61159 0.0206011
134 2.53123 0.0190018
134.5 2.2404 0.0161543
135 1.86926 0.011711
135.5 1.56276 0.00553792
136 1.42987 -0.00203928
136.5 1.5095 -0.010074
137 1.76421 -0.0170564
137.5 2.1007 -0.0212718
138 2.40553 -0.0213974
138.5 2.58133 -0.0171052
139 2.57144 -0.00935849
139.5 2.36815 -0.000176686
140 2.00646 0.00809948
140.5 1.54887 0.0137275
141 1.06744 0.0162106
141.5 0.627955 0.016331
142 0.279255 0.0155511
142.5 0.0491752 0.015116
143 -0.0531697 0.0153601
143.5 -0.0315489 0.0156023
144 0.102365 0.0146792
144.5 0.329121 0.011813
145 0.616251 0.00733236
145.5 0.91219 0.00284023
146 1.14714 0.000694034
146.5 1.24692 0.00297477
147 1.15856 0.010351
147.5 0.877659 0.021324
148 0.462227 0.032264
148.5 0.0215317 0.0384257
149 -0.320244 0.035782
149.5 -0.471761 0.0231111
150 -0.412023 0.00347756
150.5 -0.199071 -0.0157262
151 0.0552085 -0.0245475
151.5 0.232628 -0.0136272
152 0.256389 0.0224253
152.5 0.117703 0.082853
153 -0.12834 0.160696
153.5 -0.392049 0.244778
154 -0.587457 0.322672
154.5 -0.662488 0.38327
155 -0.611031 0.418121
155.5 -0.467027 0.421734
156 -0.287616 0.391793
156.5 -0.133645 0.330119
157 -0.0530005 0.2442
157.5 -0.0689311 0.147964
158 -0.174331 0.060128
158.5 -0.333492 -0.000566832
159 -0.492758 -0.0219965
159.5 -0.59888 -0.00428402
160 -0.619319 0.038728
160.5 -0.555476 0.0836584
161 -0.441077 0.106166
161.5 -0.324531 0.090312
162 -0.242838 0.0345517
162.5 -0.200518 -0.048205
163 -0.16581 -0.136106
163.5 -0.0879167 -0.206573
164 0.0723648 -0.243483
164.5 0.314397 -0.240703
165 0.58754 -0.201553
165.5 0.806214 -0.135693
166 0.884579 -0.0555384
166.5 0.774912 0.0263724
167 0.491359 0.0988783
167.5 0.107441 0.15319
168 -0.271881 0.183934
168.5 -0.550796 0.190135
169 -0.677542 0.175435
169.5 -0.658576 0.146982
170 -0.547349 0.113091
170.5 -0.415098 0.0806361
171 -0.318846 0.0533765
171.5 -0.281651 0.0319267
172 -0.292496 0.0151353
172.5 -0.322506 0.00186662
173 -0.346181 -0.00791389
173.5 -0.355207 -0.0132619
174 -0.358269 -0.0132634
174.5 -0.369401 -0.00808953
175 -0.394105 0.000657374
175.5 -0.422988 0.0105005
176 -0.436935 0.0191267
176.5 -0.419808 0.0252206
177 -0.369562 0.0286184
177.5 -0.299833 0.029795
178 -0.230559 0.0291187
178.5 -0.173845 0.0264105
179 -0.124803 0.0210983
179.5 -0.0642569 0.0128502
180 0.0274817 0.00226003
180.5 0.154026 -0.0088899
181 0.294283 -0.0180384
181.5 0.408285 -0.0228093
182 0.45547 -0.0220969
182.5 0.415766 -0.0167319
183 0.301724 -0.00935107
183.5 0.154674 -0.00345461
184 0.0266321 -0.00202914
184.5 -0.0426047 -0.00633857
185 -0.0413699 -0.0154219
185.5 0.01254 -0.0265045
186 0.0845963 -0.0361065
186.5 0.142415 -0.041336
187 0.170228 -0.0408434
187.5 0.17169 -0.035139
188 0.160852 -0.0262886
188.5 0.147886 -0.0171986
189 0.128798 -0.010725
189.5 0.085667 -0.00877682
190 -0.00246575 -0.011572
190.5 -0.144303 -0.0172879
191 -0.325582 -0.0224078
191.5 -0.509582 -0.0229092
192 -0.649357 -0.0160043
192.5 -0.705897 -0.0016494
193 -0.663265 0.0171297
193.5 -0.533589 0.035588
194 -0.350222 0.0497849
194.5 -0.153346 0.0588155
195 0.0245142 0.0650747
195.5 0.16673 0.0718021
196 0.272343 0.0788891
196.5 0.349772 0.0794656
197 0.409051 0.0600392
197.5 0.456446 0.00544667
198 0.492616 -0.092805
198.5 0.513237 -0.228649
199 0.510549 -0.378495
199.5 0.475409 -0.505876
200 0.400596 -0.572864
200.5 0.285742 -0.553934
201 0.142432 -0.446357
201.5 -0.00383715 -0.272459
202 -0.118029 -0.0725794
202.5 -0.166638 0.108337
203 -0.131642 0.235002
203.5 -0.020656 0.291345
204 0.132668 0.282275
204.5 0.279579 0.228066
205 0.374329 0.154672
205.5 0.39147 0.0843532
206 0.334745 0.0300043
206.5 0.234227 -0.00564066
207 0.133923 -0.0269817
207.5 0.0757885 -0.0410385
208 0.0864697 -0.0537186
208.5 0.170514 -0.0680786
209 0.310543 -0.0844656
209.5 0.472793 -0.101539
210 0.616085 -0.117098
210.5 0.702619 -0.128233
211 0.708846 -0.131162
211.5 0.633712 -0.121545
212 0.500825 -0.0959148
212.5 0.352136 -0.0539933
213 0.233874 -0.000801276
213.5 0.179514 0.0529894
214 0.196994 0.0934881
214.5 0.266235 0.108514
215 0.348405 0.0932137
215.5 0.40267 0.0537244
216 0.402494 0.00667043
216.5 0.34417 -0.0259997
217 0.244644 -0.0251273
217.5 0.131255 0.0179058
218 0.029539 0.0972047
218.5 -0.0449605 0.194021
219 -0.0882838 0.283417
219.5 -0.104489 0.343099
220 -0.100632 0.360778
220.5 -0.0834826 0.33731
221 -0.058833 0.284965
221.5 -0.0320479 0.222317
222 -0.00793892 0.168387
222.5 0.0107444 0.138329
223 0.025157 0.141589
223.5 0.0406622 0.181912
224 0.0645151 0.25785
224.5 0.101675 0.362748
225 0.15102 0.48431
225.5 0.204337 0.604799
226 0.248993 0.703119
226.5 0.27312 0.759117
227 0.270679 0.759047
227.5 0.243891 0.700065
228 0.201939 0.591664
228.5 0.156833 0.453133
229 0.118606 0.307998
229.5 0.0920892 0.177783
230 0.0764138 0.0776471
230.5 0.0669316 0.0153707
231 0.0581627 -0.00674887
231.5 0.0462095 0.0110137
232 0.0297032 0.0674822
232.5 0.00931587 0.159809
233 -0.0134031 0.280835
233.5 -0.0369529 0.416606
234 -0.0600589 0.546324
234.5 -0.0812242 0.645871
235 -0.0982409 0.694109
235.5 -0.108266 0.679535
236 -0.108672 0.604404
236.5 -0.0983248 0.484404
237 -0.0785813 0.343904
237.5 -0.0533547 0.208662
238 -0.028061 0.0988009
238.5 -0.00784262 0.0245123
239 0.00414115 -0.014434
239.5 0.00759933 -0.0259154
240 0.00483061 -0.0210795
240.5 -0.000497479 -0.0102565
241 -0.00489013 -0.00046001
241.5 -0.0062133 0.00518378
242 -0.00412335 0.00656491
242.5 0.000263898 0.00513699
243 0.00515324 0.00263893
243.5 0.00888971 0.000368245
244 0.01051 -0.00100588
244.5 0.00991155 -0.00131712
245 0.00769563 -0.00070243
245.5 0.00482557 0.000545214
246 0.00225456 0.00206465
246.5 0.00064079 0.00349899
247 0.000217509 0.00457721
247.5 0.000826801 0.00518311
248 0.00207031 0.00536822
248.5 0.00349428 0.00528795
249 0.00472953 0.00508919
249.5 0.0055488 0.00481363
250 0.00585893 0.00437622
250.5 0.00567513 0.00363347
251 0.00511078 0.00249988
251.5 0.00437508 0.00104015
252 0.00374148 -0.000520438
252.5 0.00346296 -0.0018757
253 0.0036577 -0.00276325
253.5 0.00423161 -0.00306571
254 0.00490083 -0.00283833
254.5 0.00532112 -0.0022584
255 0.00525932 -0.00153486
255.5 0.00470744 -0.000831093
256 0.00387084 -0.000235956
256.5 0.00304064 0.00021725
257 0.00243161 0.000512067
257.5 0.00208402 0.000623848
258 0.0018802 0.000525194
258.5 0.00165114 0.000214336
259 0.00129632 -0.000256799
259.5 0.00084299 -0.000777446
260 0.000420068 -0.00120424
260.5 0.000178611 -0.00140949
261 0.000216926 -0.0013299
261.5 0.000552604 -0.000993033
262 0.00114392 -0.000507646
262.5 0.00192993 -2.03268e-05
263 0.0028532 0.000343758
263.5 0.00384963 0.000529155
264 0.00481895 0.000564526
264.5 0.00560628 0.000536477
265 0.00602038 0.00053756
265.5 0.00589245 0.000617702
266 0.00515351 0.000766227
266.5 0.00389271 0.000932795
267 0.00236153 0.00107103
267.5 0.000910387 0.00117443
268 -0.000124765 0.00128002
268.5 -0.000541246 0.00143773
269 -0.000341708 0.00166689
269.5 0.000274867 0.00193008
270 0.00100038 0.00214213
270.5 0.00154266 0.00220851
271 0.00173067 0.0020689
271.5 0.00155553 0.00172093
272 0.00113822 0.00121468
272.5 0.000651773 0.000627456
273 0.000242615 3.76998e-05
273.5 -1.4679e-05 -0.000489831
274 -0.000121132 -0.000908604
274.5 -0.000130999 -0.00119412
275 -0.00012454 -0.00135272
275.5 -0.000186544 -0.00142967
276 -0.000387002 -0.00150303
276.5 -0.00075641 -0.00165509
277 -0.00125803 -0.00192889
277.5 -0.00177345 -0.00229292
278 -0.0021218 -0.00263869
278.5 -0.00211931 -0.00282035
279 -0.00166122 -0.00272134
279.5 -0.000787419 -0.00231492
280 0.000306957 -0.00168647
280.5 0.00133212 -0.00100416
281 0.00201578 -0.00045124
281.5 0.00221806 -0.000152125
282 0.00199462 -0.000126192
282.5 0.001575 -0.000288331
283 0.00126342 -0.000492665
283.5 0.00130676 -0.000597266
284 0.00179113 -0.000520836
284.5 0.00261464 -0.000268733
285 0.0035459 7.91627e-05
285.5 0.00433543 0.00040953
286 0.00482233 0.000625198
286.5 0.00498458 0.000681262
287 0.00491435 0.000593893
287.5 0.00474114 0.000421845
288 0.00455094 0.000233298
288.5 0.00434674 7.60086e-05
289 0.00406624 -3.56557e-05
289.5 0.00363836 -0.000114188
290 0.00303969 -0.000181202
290.5 0.00231797 -0.000251189
291 0.00157411 -0.000325636
291.5 0.000919333 -0.000397667
292 0.000435204 -0.000460318
292.5 0.000155567 -0.000510625
293 7.18108e-05 -0.000546724
293.5 0.000149194 -0.000561826
294 0.000340778 -0.000541834
294.5 0.000594137 -0.000470564
295 0.000855069 -0.000340388
295.5 0.00107422 -0.000161211
296 0.00121695 3.9062e-05
296.5 0.00127021 0.000224453
297 0.00124023 0.000366523
297.5 0.00114119 0.000457279
298 0.000983313 0.000512232
298.5 0.000770367 0.000561758
299 0.000510026 0.000635021
299.5 0.000229735 0.000744429
300 -1.54415e-05 0.000878189
300.5 -0.000153174 0.00100458
301 -0.000121256 0.001086
301.5 0.00010088 0.0010964
302 0.000473716 0.00103363
302.5 0.000903578 0.000920948
303 0.00127201 0.000796239
303.5 0.00147646 0.000694189
304 0.0014657 0.000629994
304.5 0.00125702 0.000593059
305 0.000930496 0.000554143
305.5 0.000603735 0.000482509
306 0.000395984 0.000364221
306.5 0.000391636 0.000212073
307 0.000612772 6.19742e-05
307.5 0.00100834 -4.23028e-05
308 0.00146458 -6.82771e-05
308.5 0.00183637 -8.5092e-06
309 0.00199253 0.000117149
309.5 0.0018614 0.000270977
310 0.0014595 0.000413295
310.5 0.000889807 0.000517358
311 0.00030625 0.000577154
311.5 -0.000143693 0.000605858
312 -0.000374893 0.000626881
312.5 -0.000393379 0.00066212
313 -0.00028364 0.000722408
313.5 -0.00016003 0.000803458
314 -0.000106915 0.000887944
314.5 -0.000138936 0.000951936
315 -0.000202221 0.000972687
315.5 -0.000214456 0.000935048
316 -0.000119456 0.00083504
316.5 7.61893e-05 0.000680455
317 0.000305347 0.000489084
317.5 0.000478393 0.000285124
318 0.000532419 9.41305e-05
318.5 0.000461347 -6.28371e-05
319 0.000310276 -0.000174402
319.5 0.000140784 -0.000241194
320 -8.37483e-06 -0.000273632
320.5 -0.000139755 -0.00028542
321 -0.000284895 -0.00028563
321.5 -0.000471861 -0.00027369
322 -0.000695469 -0.00024057
322.5 -0.000909466 -0.000176101
323 -0.00104463 -7.85182e-05
323.5 -0.00104061 3.95722e-05
324 -0.000872907 0.000153013
324.5 -0.000561892 0.000233716
325 -0.000162967 0.000263568
325.5 0.000253266 0.000244017
326 0.00062025 0.000197273
326.5 0.00088835 0.000158214
327 0.00103163 0.000160573
327.5 0.00105089 0.000223387
328 0.000973042 0.000343205
328.5 0.000844197 0.000494768
329 0.000714882 0.000639464
329.5 0.000620849 0.00073816
330 0.000568637 0.000763921
330.5 0.000535335 0.000710409
331 0.000485271 0.000593342
331.5 0.000395669 0.000444655
332 0.000276004 0.000301475
332.5 0.00016762 0.000193927
333 0.000121269 0.000136293
333.5 0.000164235 0.000124694
334 0.000276585 0.000141686
334.5 0.000392218 0.000165189
335 0.000426487 0.000177446
335.5 0.000316557 0.000170136
336 5.30304e-05 0.000144086
336.5 -0.00031358 0.000104869
337 -0.000693441 5.74589e-05
337.5 -0.000992232 3.07979e-06
338 -0.00114142 -6.029e-05
338.5 -0.00111083 -0.000134578
339 -0.000903194 -0.000217757
339.5 -0.000540823 -0.000301863
340 -5.65925e-05 -0.000374065
340.5 0.000505997 -0.000420316
341 0.00108889 -0.000429908
341.5 0.00162173 -0.000399082
342 0.00203634 -0.000332445
342.5 0.00228915 -0.000241975
343 0.00237934 -0.000144151
343.5 0.00235009 -5.60611e-05
344 0.00226918 8.60926e-06
344.5 0.00219766 4.2924e-05
345 0.00216251 4.85891e-05
345.5 0.0021473 3.57146e-05
346 0.00210499 2.01725e-05
346.5 0.00198486 1.90344e-05
347 0.00175937 4.54128e-05
347.5 0.00143844 0.000104448
348 0.00106644 0.00019183
348.5 0.000705856 0.000295203
349 0.00041639 0.000397673
349.5 0.000237757 0.000482016
350 0.000180744 0.000534431
350.5 0.000227172 0.000547371
351 0.000337024 0.000521524
351.5 0.000460335 0.000466841
352 0.000551325 0.000401902
352.5 0.000581895 0.000350537
353 0.000551066 0.000335288
353.5 0.000487101 0.000368999
354 0.000440323 0.000447631
354.5 0.000467274 0.000548114
355 0.000609772 0.000633622
355.5 0.000875028 0.000665664
356 0.00122398 0.000618954
356.5 0.00157388 0.000493183
357 0.00181734 0.000316428
357.5 0.00185452 0.000138001
358 0.00162879 1.26595e-05
358.5 0.00115313 -1.84018e-05
359 0.000515472 5.71114e-05
359.5 -0.000141927 0.000216725
360 -0.000664296 0.000409354
360.5 -0.000933232 0.000571725
361 -0.000904947 0.000649404
361.5 -0.00062345 0.000614871
362 -0.000203788 0.000475971
362.5 0.000207957 0.000271741
363 0.000482472 5.76413e-05
363.5 0.000545108 -0.00011362
364 0.000391104 -0.000208076
364.5 7.52649e-05 -0.000217705
365 -0.000316371 -0.000157584
365.5 -0.000698823 -5.60213e-05
366 -0.00101075 5.70345e-05
366.5 -0.00122032 0.000158647
367 -0.00131707 0.000236446
367.5 -0.00129934 0.000287611
368 -0.00116799 0.00031524
368.5 -0.000930611 0.000324069
369 -0.000611764 0.000316884
369.5 -0.000258757 0.000292497
370 6.58633e-05 0.000246101
370.5 0.00030536 0.000172411
371 0.000433544 7.08451e-05
371.5 0.000468716 -4.96537e-05
372 0.000466985 -0.000169453
372.5 0.000496724 -0.000262948
373 0.00060725 -0.000308301
373.5 0.000808328 -0.000297894
374 0.00107042 -0.000243635
374.5 0.00134291 -0.000173303
375 0.00157722 -0.000118804
375.5 0.00174054 -0.000102133
376 0.00181419 -0.000126596
376.5 0.00178218 -0.000178144
377 0.00162279 -0.000235835
377.5 0.00131274 -0.00028487
378 0.00084383 -0.00032402
378.5 0.000240648 -0.000362583
379 -0.000434315 -0.000408589
379.5 -0.0010954 -0.000455816
380 -0.00166266 -0.000478662
380.5 -0.00208936 -0.000439998
381 -0.0023724 -0.00030978
381.5 -0.00253963 -8.5524e-05
382 -0.00262281 0.000196512
382.5 -0.00263367 0.000466974
383 -0.00255929 0.000645641
383.5 -0.00238036 0.000671839
384 -0.00210069 0.000530045
384.5 -0.00176728 0.000259022
385 -0.00146448 -6.05224e-05
385.5 -0.00128041 -0.000335636
386 -0.00126149 -0.000496377
386.5 -0.00138057 -0.000521986
387 -0.00153889 -0.000446645
387.5 -0.00160519 -0.000341798
388 -0.00147493 -0.000282052
388.5 -0.00112078 -0.000309283
389 -0.000609183 -0.000411199
389.5 -7.46494e-05 -0.00052502
390 0.0003358 -0.000566074
390.5 0.000521536 -0.000469326
391 0.000464333 -0.000224834
391.5 0.000227921 0.000110388
392 -7.47071e-05 0.000431478
392.5 -0.000328537 0.000628668
393 -0.000457303 0.000634995
393.5 -0.00044312 0.00045655
394 -0.000321597 0.000170681
394.5 -0.000159127 -0.000107321
395 -2.41288e-05 -0.000273622
395.5 3.65133e-05 -0.000278506
396 8.79338e-06 -0.000143386
396.5 -9.07463e-05 5.40206e-05
397 -0.000227577 0.000217685
397.5 -0.000365506 0.000276181
398 -0.000479867 0.000212025
398.5 -0.000562985 6.6824e-05
399 -0.000621369 -7.72569e-05
399.5 -0.000668038 -0.000130298
400 -0.00071496 -2.87622e-05
400.5 -0.000769038 0.000240413
401 -0.000831571 0.000632658
401.5 -0.000898223 0.00105731
402 -0.000956814 0.00140465
402.5 -0.000983426 0.00158092
403 -0.000941138 0.00154005
403.5 -0.000786576 0.00130051
404 -0.000485886 0.000939167
404.5 -3.51816e-05 0.000562652
405 0.000524687 0.000266635
405.5 0.00110925 0.00010011
406 0.00161135 5.06824e-05
406.5 0.00193612 5.75305e-05
407 0.00203621 4.53634e-05
407.5 0.00193186 -3.76362e-05
408 0.00170553 -0.000196461
408.5 0.00147197 -0.000391004
409 0.00133454 -0.000560091
409.5 0.00134547 -0.000654029
410 0.00148633 -0.00065878
410.5 0.00167773 -0.00060082
411 0.00181514 -0.000532432
411.5 0.00181668 -0.000506702
412 0.00166188 -0.000554827
412.5 0.00140329 -0.000675118
413 0.00114336 -0.000836065
413.5 0.000985419 -0.000989456
414 0.000981079 -0.00108663
414.5 0.00110043 -0.00109177
415 0.00124171 -0.000989215
415.5 0.00127811 -0.000784509
416 0.00111969 -0.00050093
416.5 0.000759326 -0.000173683
417 0.00027923 0.000156202
417.5 -0.000185052 0.000446929
418 -0.00050385 0.000659743
418.5 -0.000604786 0.000762519
419 -0.000491518 0.000734702
419.5 -0.000224649 0.000574222
420 0.000118945 0.00030456
420.5 0.000481941 -2.2415e-05
421 0.000837909 -0.000332707
421.5 0.00117693 -0.000547516
422 0.00148177 -0.000607842
422.5 0.00171609 -0.000497151
423 0.00183594 -0.00025128
423.5 0.00181777 5.10215e-05
424 0.00168317 0.000314882
424.5 0.00150085 0.00046279
425 0.00136111 0.000460402
425.5 0.00133576 0.000323881
426 0.00144613 0.000107037
426.5 0.00165708 -0.00012377
427 0.00189864 -0.000314027
427.5 0.00210103 -0.000434012
428 0.00222251 -0.000477059
428.5 0.0022566 -0.000448232
429 0.00221984 -0.000352787
429.5 0.00213223 -0.000192083
430 0.0020046 3.13892e-05
430.5 0.00183866 0.000304529
431 0.00163576 0.000597248
431.5 0.00140471 0.00086476
432 0.0011628 0.00105885
432.5 0.000931137 0.00114313
433 0.000730598 0.00110489
433.5 0.000582955 0.000957919
434 0.000515123 0.000734983
434.5 0.000559131 0.000474017
435 0.000741615 0.000204559
435.5 0.00106456 -5.9199e-05
436 0.00148792 -0.000315973
436.5 0.00192753 -0.00056754
437 0.00227517 -0.000807211
437.5 0.00243478 -0.00101338
438 0.00235886 -0.0011525
438.5 0.00206697 -0.00119115
439 0.0016378 -0.00111191
439.5 0.00117938 -0.0009251
440 0.000792535 -0.000669949
440.5 0.000543722 -0.000403218
441 0.000455736 -0.000179462
441.5 0.000514522 -3.14104e-05
442 0.00068332 4.07587e-05
442.5 0.000915398 6.64751e-05
443 0.00116174 8.96727e-05
443.5 0.00137553 0.000148549
444 0.00151723 0.000259194
444.5 0.00156168 0.00040978
445 0.00150485 0.000566746
445.5 0.00136574 0.000689046
446 0.0011807 0.000743567
446.5 0.000991543 0.000715422
447 0.000832603 0.000610121
447.5 0.000722319 0.000448715
448 0.00066245 0.000259627
448.5 0.000643608 7.12411e-05
449 0.000652858 -9.25055e-05
449.5 0.000679003 -0.000213642
450 0.000713694 -0.000280572
450.5 0.000749736 -0.000289085
451 0.000779682 -0.000244303
451.5 0.000797009 -0.000162138
452 0.000799611 -6.80353e-05
452.5 0.000792824 8.40526e-06
453 0.000788729 4.22019e-05
453.5 0.000800491 2.20511e-05
454 0.000833936 -4.45031e-05
454.5 0.000881137 -0.000132907
455 0.000920666 -0.000210559
455.5 0.000925923 -0.000249486
456 0.000878278 -0.000237161
456.5 0.000778405 -0.000180447
457 0.000649312 -0.00010088
457.5 0.000528507 -2.37573e-05
458 0.000452448 3.33897e-05
458.5 0.000440713 6.72545e-05
459 0.000487681 8.73811e-05
459.5 0.000565701 0.000108505
460 0.000637836 0.000141419
460.5 0.000673607 0.000187527
461 0.000660214 0.000239618
461.5 0.000604661 0.000287528
462 0.000527185 0.000324527
462.5 0.000450489 0.000350345
463 0.000390403 0.000369243
463.5 0.000351772 0.000384968
464 0.000329952 0.000396394
464.5 0.000315605 0.000397012
465 0.000299651 0.000378764
465.5 0.000276307 0.000337764
466 0.000243871 0.000278207
466.5 0.00020412 0.000211895
467 0.000161279 0.000153524
467.5 0.000120915 0.000114399
468 8.85674e-05 9.80064e-05
468.5 6.80151e-05 9.95959e-05
469 5.96495e-05 0.000109561
469.5 5.98888e-05 0.000118389
470 6.23472e-05 0.000120486
470.5 6.05604e-05 0.000115239
471 5.102e-05 0.000105415
471.5 3.48627e-05 9.4365e-05
472 1.71704e-05 8.37664e-05
472.5 4.16993e-06 7.29566e-05
473 -1.44145e-07 5.98524e-05
473.5 3.911e-06 4.26594e-05
474 1.20323e-05 2.13762e-05
474.5 1.83741e-05 -1.608e-06
475 1.86593e-05 -2.20263e-05
475.5 1.22613e-05 -3.51137e-05
476 2.29241e-06 -3.73275e-05
476.5 -6.09761e-06 -2.77775e-05
477 -8.13883e-06 -8.81376e-06
477.5 -1.37232e-06 1.45147e-05
478 1.35881e-05 3.60016e-05
478.5 3.34491e-05 5.02797e-05
479 5.33495e-05 5.45045e-05
479.5 6.823e-05 4.90696e-05
480 7.41794e-05 3.71185e-05
480.5 6.95659e-05 2.31318e-05
481 5.56868e-05 1.12295e-05
481.5 3.66022e-05 3.86803e-06
482 1.79784e-05 1.35511e-06
482.5 5.2031e-06 2.21482e-06
483 1.49058e-06 4.11217e-06
483.5 6.81804e-06 4.89814e-06
484 1.8173e-05 3.38034e-06
484.5 3.09229e-05 -4.03702e-07
485 4.05726e-05 -5.41729e-06
485.5 4.40995e-05 -1.01762e-05
486 4.04512e-05 -1.33381e-05
486.5 3.03444e-05 -1.40717e-05
487 1.58061e-05 -1.20994e-05
487.5 -2.22585e-07 -7.49898e-06
488 -1.42552e-05 -4.84492e-07
488.5 -2.28732e-05 8.63493e-06
489 -2.3726e-05 1.92897e-05
489.5 -1.66396e-05 3.04419e-05
490 -4.20165e-06 4.05776e-05
490.5 8.76568e-06 4.80266e-05
491 1.69114e-05 5.15066e-05
491.5 1.66052e-05 5.06015e-05
492 7.65493e-06 4.58937e-05
492.5 -6.43574e-06 3.86736e-05
493 -1.98994e-05 3.04133e-05
493.5 -2.71857e-05 2.23177e-05
494 -2.52944e-05 1.51738e-05
494.5 -1.4845e-05 9.47997e-06
495 5.60131e-07 5.62769e-06
495.5 1.62337e-05 3.90058e-06
496 2.84983e-05 4.24183e-06
496.5 3.59079e-05 5.98391e-06
497 3.91053e-05 7.83764e-06
497.5 3.96412e-05 8.3077e-06
498 3.86461e-05 6.41012e-06
498.5 3.62263e-05 2.31155e-06
499 3.18835e-05 -2.52706e-06
499.5 2.5526e-05 -5.88815e-06
500 1.82234e-05 -5.82567e-06
