-1.998 8.16985e-06 -1.39365e-06
-1.996 2.78762e-05 -5.23456e-06
-1.994 4.96991e-05 -1.24046e-05
-1.992 6.30942e-05 -2.50646e-05
-1.99 5.84552e-05 -4.50856e-05
-1.988 2.86481e-05 -7.20923e-05
-1.986 -3.0163e-05 -0.000102031
-1.984 -0.000118426 -0.000127102
-1.982 -0.000233745 -0.000137495
-1.98 -0.000371895 -0.000124728
-1.978 -0.000528129 -8.56591e-05
-1.976 -0.00069863 -2.57601e-05
-1.974 -0.000881962 3.97974e-05
-1.972 -0.00108029 8.8189e-05
-1.97 -0.00129999 9.41155e-05
-1.968 -0.00155112 3.70987e-05
-1.966 -0.00184539 -9.09108e-05
-1.964 -0.00219248 -0.000279727
-1.962 -0.00259536 -0.000498828
-1.96 -0.00304535 -0.000700215
-1.958 -0.00351834 -0.000826503
-1.956 -0.00397301 -0.00082328
-1.954 -0.0043521 -0.000653477
-1.952 -0.00458703 -0.000310362
-1.95 -0.0046056 0.000174652
-1.948 -0.00434195 0.000732503
-1.946 -0.00374712 0.00126655
-1.944 -0.00279857 0.00167083
-1.942 -0.00150718 0.00185279
-1.94 7.97371e-05 0.00175495
-1.938 0.00188016 0.00137058
-1.936 0.00378441 0.000749077
-1.934 0.00566733 -1.04396e-05
-1.932 0.00740445 -0.000776519
-1.93 0.00889002 -0.00141076
-1.928 0.0100542 -0.00179616
-1.926 0.0108761 -0.00186256
-1.924 0.0113903 -0.00160326
-1.922 0.0116835 -0.00107806
-1.92 0.0118829 -0.000400827
-1.918 0.0121355 0.000287138
-1.916 0.0125832 0.00085203
-1.914 0.0133359 0.00120238
-1.912 0.0144475 0.0013143
-1.91 0.0158966 0.00123976
-1.908 0.017576 0.00109515
-1.906 0.0192944 0.00103237
-1.904 0.0207909 0.00119922
-1.902 0.0217639 0.00169826
-1.9 0.0219105 0.00255332
-1.898 0.0209732 0.00369175
-1.896 0.0187865 0.0049475
-1.894 0.0153173 0.00608697
-1.892 0.0106909 0.00685503
-1.89 0.0051978 0.00703398
-1.888 -0.000722723 0.00650369
-1.886 -0.00652164 0.00528777
-1.884 -0.011599 0.00357142
-1.882 -0.0153762 0.00168146
-1.88 -0.0173725 2.89179e-05
-1.878 -0.0172759 -0.000974918
-1.876 -0.0149969 -0.0010103
-1.874 -0.0106953 7.23998e-05
-1.872 -0.00477426 0.00220541
-1.87 0.00216147 0.00509843
-1.868 0.00937847 0.00827802
-1.866 0.0161109 0.011165
-1.864 0.0216651 0.0131761
-1.862 0.0255161 0.0138329
-1.86 0.0273798 0.0128562
-1.858 0.0272487 0.01023
-1.856 0.0253833 0.006217
-1.854 0.02226 0.00131979
-1.852 0.0184828 -0.00380983
-1.85 0.0146716 -0.0084957
-1.848 0.0113462 -0.0121698
-1.846 0.00882438 -0.0144819
-1.844 0.00715389 -0.01536
-1.842 0.00609262 -0.0150098
-1.84 0.00514466 -0.0138536
-1.838 0.00365039 -0.0124254
-1.836 0.000916434 -0.0112469
-1.834 -0.00363864 -0.0107121
-1.832 -0.0103503 -0.0110015
-1.83 -0.0192093 -0.0120451
-1.828 -0.0298147 -0.0135385
-1.826 -0.0413825 -0.0150138
-1.824 -0.0528134 -0.0159517
-1.822 -0.0628114 -0.0159127
-1.82 -0.0700452 -0.0146593
-1.818 -0.0733313 -0.0122373
-1.816 -0.0718138 -0.00899149
-1.814 -0.0651071 -0.00550601
-1.812 -0.0533729 -0.00247729
-1.81 -0.0373154 -0.000549348
-1.808 -0.0180983 -0.000152172
-1.806 0.00279287 -0.00138316
-1.804 0.0237092 -0.00395863
-1.802 0.0429871 -0.00724467
-1.8 0.0590732 -0.0103605
-1.798 0.0706232 -0.0123354
-1.796 0.0765827 -0.0122938
-1.794 0.0762509 -0.00963558
-1.792 0.0693253 -0.00418109
-1.79 0.0559249 0.00375134
-1.788 0.0365934 0.0133579
-1.786 0.0122929 0.0234618
-1.784 -0.0156026 0.0327138
-1.782 -0.0453128 0.0398433
-1.78 -0.0746694 0.0439025
-1.778 -0.101179 0.0444425
-1.776 -0.122161 0.0415817
-1.774 -0.134976 0.0359594
-1.772 -0.13734 0.028597
-1.77 -0.127663 0.0207074
-1.768 -0.105363 0.0134907
-1.766 -0.0710857 0.0079483
-1.764 -0.0267933 0.00473671
-1.762 0.0242986 0.00407994
-1.76 0.0779336 0.00575549
-1.758 0.129176 0.00916259
-1.756 0.172901 0.013465
-1.754 0.20438 0.0177793
-1.752 0.219884 0.0213592
-1.75 0.217227 0.0237259
-1.748 0.19613 0.0247074
-1.746 0.158343 0.024387
-1.744 0.107475 0.0229901
-1.742 0.0485669 0.0207581
-1.74 -0.0125311 0.0178499
-1.738 -0.0698642 0.0142956
-1.736 -0.118068 0.0100021
-1.734 -0.152963 0.00480021
-1.732 -0.171991 -0.00148095
-1.73 -0.174445 -0.00892434
-1.728 -0.161451 -0.0174374
-1.726 -0.135725 -0.0266874
-1.724 -0.101108 -0.0360859
-1.722 -0.0619885 -0.0448435
-1.72 -0.0227042 -0.0520976
-1.718 0.0129625 -0.0570913
-1.716 0.0421207 -0.0593574
-1.714 0.0629082 -0.0588521
-1.712 0.074448 -0.0559951
-1.71 0.0766789 -0.0516025
-1.708 0.0701216 -0.0467299
-1.706 0.0556378 -0.042464
-1.704 0.0342239 -0.0397085
-1.702 0.00687124 -0.0390063
-1.7 -0.0254813 -0.0404303
-1.698 -0.061893 -0.043565
-1.696 -0.101281 -0.047588
-1.694 -0.142247 -0.0514419
-1.692 -0.18294 -0.0540666
-1.69 -0.22105 -0.054647
-1.688 -0.253959 -0.0528153
-1.686 -0.279065 -0.0487527
-1.684 -0.294208 -0.0431548
-1.682 -0.298083 -0.0370595
-1.68 -0.290546 -0.0315801
-1.678 -0.272733 -0.0276092
-1.676 -0.246959 -0.0255714
-1.674 -0.216434 -0.0252847
-1.672 -0.184831 -0.0259637
-1.67 -0.155752 -0.0263698
-1.668 -0.13214 -0.0250846
-1.666 -0.115701 -0.0208598
-1.664 -0.106461 -0.01298
-1.662 -0.102567 -0.0015594
-1.66 -0.100468 0.0123094
-1.658 -0.0954986 0.0266149
-1.656 -0.0827922 0.0387132
-1.654 -0.0583385 0.0458045
-1.652 -0.0199534 0.0455028
-1.65 0.0320441 0.0363775
-1.648 0.0945831 0.0183445
-1.646 0.162063 -0.00717625
-1.644 0.227008 -0.0373759
-1.642 0.281062 -0.0684312
-1.64 0.316191 -0.0960886
-1.638 0.325942 -0.116373
-1.636 0.306569 -0.1263
-1.634 0.257855 -0.124468
-1.632 0.183442 -0.111379
-1.63 0.0905875 -0.0894226
-1.628 -0.0106702 -0.0624935
-1.626 -0.108819 -0.0352979
-1.624 -0.192443 -0.0124922
-1.622 -0.251809 0.00217756
-1.62 -0.280194 0.00656083
-1.618 -0.274778 0.000479999
-1.616 -0.236952 -0.0142601
-1.614 -0.172028 -0.0342173
-1.612 -0.0883985 -0.0549369
-1.61 0.00374074 -0.0717441
-1.608 0.0939104 -0.0805695
-1.606 0.172864 -0.078669
-1.604 0.233846 -0.06511
-1.602 0.273368 -0.0409296
-1.6 0.291392 -0.0089277
-1.598 0.290943 0.0268754
-1.596 0.277268 0.0620138
-1.594 0.256747 0.0924246
-1.592 0.235752 0.115187
-1.59 0.219625 0.128999
-1.588 0.211946 0.134299
-1.586 0.214173 0.133033
-1.584 0.225701 0.128136
-1.582 0.2443 0.122844
-1.58 0.266805 0.119977
-1.578 0.289915 0.121333
-1.576 0.310875 0.12731
-1.574 0.327902 0.13682
-1.572 0.340246 0.147522
-1.57 0.347917 0.156331
-1.568 0.351182 0.160101
-1.566 0.350022 0.156351
-1.564 0.34371 0.143878
-1.562 0.330653 0.123116
-1.56 0.30854 0.0961589
-1.558 0.274807 0.0664472
-1.556 0.227312 0.0381776
-1.554 0.165122 0.015568
-1.552 0.089228 0.00211843
-1.55 0.00304433 1.27105e-05
-1.548 -0.08746 0.00976451
-1.546 -0.174098 0.0301607
-1.544 -0.247285 0.058493
-1.542 -0.297277 0.0910185
-1.54 -0.315627 0.123558
-1.538 -0.296628 0.152125
-1.536 -0.238447 0.173489
-1.534 -0.143723 0.185586
-1.532 -0.0194778 0.187722
-1.53 0.123646 0.180548
-1.528 0.272712 0.165831
-1.526 0.414136 0.146078
-1.524 0.535366 0.1241
-1.522 0.626336 0.1026
-1.52 0.680457 0.0838636
-1.518 0.695034 0.0695803
-1.516 0.671101 0.0607642
-1.514 0.612748 0.0577477
-1.512 0.526131 0.0601996
-1.51 0.418354 0.0671634
-1.508 0.296479 0.0771267
-1.506 0.166829 0.0881387
-1.504 0.0347315 0.0979733
-1.502 -0.0952987 0.104322
-1.5 -0.219016 0.104996
-1.498 -0.33174 0.0981278
-1.496 -0.42775 0.0823696
-1.494 -0.500042 0.0571037
-1.492 -0.540661 0.0226476
-1.49 -0.541637 -0.0195792
-1.488 -0.496429 -0.0670047
-1.486 -0.40156 -0.116053
-1.484 -0.258101 -0.162528
-1.482 -0.0726118 -0.202186
-1.48 0.142686 -0.231366
-1.478 0.370658 -0.247528
-1.476 0.590906 -0.249561
-1.474 0.782152 -0.237833
-1.472 0.925069 -0.214003
-1.47 1.00513 -0.180681
-1.468 1.01497 -0.141015
-1.466 0.95583 -0.0982652
-1.464 0.837603 -0.0553853
-1.462 0.677563 -0.0146571
-1.46 0.497767 0.0225794
-1.458 0.321652 0.0560194
-1.456 0.17039 0.0862396
-1.454 0.059638 0.114293
-1.452 -0.00277377 0.141146
-1.45 -0.0178278 0.167146
-1.448 0.00517414 0.191705
-1.446 0.0505136 0.21333
-1.444 0.0990705 0.229985
-1.442 0.131955 0.239663
-1.44 0.134122 0.240983
-1.438 0.0972699 0.23363
-1.436 0.0214363 0.218544
-1.434 -0.0850774 0.197825
-1.432 -0.207442 0.174413
-1.43 -0.327316 0.151609
-1.428 -0.426486 0.132496
-1.426 -0.490371 0.11931
-1.424 -0.510729 0.112852
-1.422 -0.487097 0.112067
-1.42 -0.426763 0.113954
-1.418 -0.343307 0.113925
-1.416 -0.253956 0.106629
-1.414 -0.176232 0.0870775
-1.412 -0.124458 0.0518164
-1.41 -0.106819 -0.000152952
-1.408 -0.123588 -0.0669356
-1.406 -0.166963 -0.143875
-1.404 -0.222625 -0.224207
-1.402 -0.272744 -0.300075
-1.4 -0.299844 -0.363711
-1.398 -0.290699 -0.40857
-1.396 -0.239455 -0.430261
-1.394 -0.149322 -0.427147
-1.392 -0.032507 -0.400495
-1.39 0.091593 -0.354156
-1.388 0.199605 -0.293787
-1.386 0.268217 -0.22579
-1.384 0.278329 -0.156197
-1.382 0.218593 -0.0897552
-1.38 0.0876909 -0.0293839
-1.378 -0.105095 0.0238998
-1.376 -0.341168 0.0706371
-1.374 -0.595554 0.112284
-1.372 -0.840955 0.15045
-1.37 -1.05214 0.186227
-1.368 -1.20986 0.219742
-1.366 -1.30348 0.25006
-1.364 -1.33199 0.275448
-1.362 -1.30317 0.293953
-1.36 -1.2312 0.304148
-1.358 -1.13326 0.305837
-1.356 -1.02583 0.300473
-1.354 -0.921404 0.291095
-1.352 -0.826286 0.281757
-1.35 -0.739859 0.276552
-1.348 -0.655515 0.278502
-1.346 -0.563002 0.288589
-1.344 -0.451732 0.30521
-1.342 -0.314316 0.324198
-1.34 -0.149526 0.339406
-1.338 0.0360279 0.343756
-1.336 0.227951 0.330564
-1.334 0.405963 0.29494
-1.332 0.547316 0.235031
-1.33 0.631122 0.152869
-1.328 0.642729 0.0545782
-1.326 0.577254 -0.0502203
-1.324 0.441517 -0.149813
-1.322 0.253908 -0.232394
-1.32 0.0421311 -0.288256
-1.318 -0.160829 -0.311692
-1.316 -0.321843 -0.302149
-1.314 -0.413017 -0.264364
-1.312 -0.416412 -0.207422
-1.31 -0.327284 -0.142969
-1.308 -0.155265 -0.0829361
-1.306 0.076804 -0.0372458
-1.304 0.336289 -0.0119413
-1.302 0.585909 -0.0080739
-1.3 0.789801 -0.0215628
-1.298 0.919437 -0.0440829
-1.296 0.958354 -0.0648648
-1.294 0.904836 -0.0731139
-1.292 0.772067 -0.0605917
-1.29 0.585765 -0.0237961
-1.288 0.379735 0.0348097
-1.286 0.190178 0.106894
-1.284 0.049735 0.179747
-1.282 -0.0177127 0.238891
-1.28 -0.000692551 0.271219
-1.278 0.0982667 0.267992
-1.276 0.263247 0.227008
-1.274 0.467612 0.153478
-1.272 0.678336 0.0593931
-1.27 0.861368 -0.0385434
-1.268 0.987181 -0.122047
-1.266 1.03557 -0.174879
-1.264 0.998823 -0.186267
-1.262 0.882629 -0.153414
-1.26 0.704723 -0.0825192
-1.258 0.491511 0.0119991
-1.256 0.273495 0.110017
-1.254 0.0803523 0.189494
-1.252 -0.0634796 0.230792
-1.25 -0.142108 0.22067
-1.248 -0.150002 0.15514
-1.246 -0.0921969 0.0406236
-1.244 0.0170771 -0.10685
-1.242 0.15713 -0.264283
-1.24 0.304536 -0.405739
-1.238 0.437258 -0.507032
-1.236 0.538429 -0.550198
-1.234 0.599018 -0.526872
-1.232 0.618832 -0.439884
-1.23 0.60566 -0.302727
-1.228 0.572877 -0.137002
-1.226 0.536171 0.0316429
-1.224 0.510178 0.178251
-1.222 0.505648 0.283007
-1.22 0.527469 0.334572
-1.218 0.573662 0.331706
-1.216 0.635358 0.282972
-1.214 0.697813 0.204661
-1.212 0.742477 0.117356
-1.21 0.749983 0.0417679
-1.208 0.703671 -0.00537166
-1.206 0.59297 -0.0145551
-1.204 0.415936 0.0147979
-1.202 0.18035 0.0745511
-1.2 -0.0968763 0.149912
-1.198 -0.391779 0.222846
-1.196 -0.676427 0.276061
-1.194 -0.922395 0.296658
-1.192 -1.10413 0.278677
-1.19 -1.20189 0.224059
-1.188 -1.20405 0.141918
-1.186 -1.10861 0.0463885
-1.184 -0.923712 -0.0464663
-1.182 -0.666822 -0.122049
-1.18 -0.362723 -0.170258
-1.178 -0.0403676 -0.187534
-1.176 0.270754 -0.177496
-1.174 0.544064 -0.150003
-1.172 0.758513 -0.118887
-1.17 0.900077 -0.0988585
-1.168 0.962149 -0.102295
-1.166 0.945115 -0.136578
-1.164 0.855424 -0.202524
-1.162 0.704315 -0.294231
-1.16 0.506276 -0.400323
-1.158 0.277291 -0.506296
-1.156 0.0330885 -0.59741
-1.154 -0.212267 -0.661507
-1.152 -0.447074 -0.691165
-1.15 -0.661844 -0.684799
-1.148 -0.848488 -0.646534
-1.146 -0.999351 -0.584899
-1.144 -1.10669 -0.510697
-1.142 -1.16302 -0.434518
-1.14 -1.16215 -0.36451
-1.138 -1.10076 -0.304886
-1.136 -0.979676 -0.2555
-1.134 -0.804708 -0.21255
-1.132 -0.586726 -0.170205
-1.13 -0.34108 -0.12272
-1.128 -0.0864972 -0.0664805
-1.126 0.156452 -0.00141795
-1.124 0.367289 0.0686076
-1.122 0.527935 0.13657
-1.12 0.625247 0.193996
-1.118 0.653379 0.233204
-1.116 0.615397 0.249481
-1.114 0.523544 0.242648
-1.112 0.397818 0.217597
-1.11 0.262936 0.183644
-1.108 0.144258 0.152792
-1.106 0.0634782 0.137224
-1.104 0.0349725 0.146523
-1.102 0.063445 0.18518
-1.1 0.143187 0.250964
-1.098 0.258936 0.334623
-1.096 0.388098 0.421125
-1.094 0.504027 0.492304
-1.092 0.580013 0.530423
-1.09 0.593579 0.521911
-1.088 0.530515 0.46045
-1.086 0.387951 0.348721
-1.084 0.17576 0.198439
-1.082 -0.0841666 0.0286167
-1.08 -0.360815 -0.137607
-1.078 -0.618605 -0.277019
-1.076 -0.822724 -0.370523
-1.074 -0.944155 -0.406684
-1.072 -0.963506 -0.383922
-1.07 -0.873105 -0.310854
-1.068 -0.677301 -0.204657
-1.066 -0.391227 -0.0877198
-1.064 -0.0384241 0.0167524
-1.062 0.352284 0.0892756
-1.06 0.750327 0.117826
-1.058 1.12693 0.100041
-1.056 1.45817 0.0434839
-1.054 1.72711 -0.0360263
-1.052 1.92451 -0.117679
-1.05 2.04815 -0.179898
-1.048 2.10097 -0.204738
-1.046 2.08867 -0.181614
-1.044 2.01747 -0.109569
-1.042 1.89268 0.00240347
-1.04 1.71824 0.137112
-1.038 1.49727 0.272638
-1.036 1.23335 0.386772
-1.034 0.931961 0.461441
-1.032 0.601988 0.486171
-1.03 0.256716 0.459926
-1.028 -0.0858456 0.391023
-1.026 -0.403606 0.295276
-1.024 -0.672125 0.192788
-1.022 -0.867335 0.104008
-1.02 -0.968875 0.0457636
-1.018 -0.963435 0.0279901
-1.016 -0.847406 0.0517836
-1.014 -0.628305 0.109201
-1.012 -0.324679 0.184872
-1.01 0.0354453 0.259095
-1.008 0.417327 0.311787
-1.006 0.783144 0.326423
-1.004 1.09611 0.293162
-1.002 1.32468 0.210546
-1 1.44627 0.0855364
-0.998 1.45008 -0.0679388
-0.996 1.33836 -0.231533
-0.994 1.12605 -0.385579
-0.992 0.838626 -0.512222
-0.99 0.508803 -0.598085
-0.988 0.172507 -0.636076
-0.986 -0.135213 -0.626036
-0.984 -0.383887 -0.574181
-0.982 -0.550648 -0.491501
-0.98 -0.622406 -0.391517
-0.978 -0.597053 -0.287881
-0.976 -0.483533 -0.192304
-0.974 -0.30069 -0.113188
-0.972 -0.0749431 -0.0551027
-0.97 0.162951 -0.0190403
-0.968 0.38155 -0.00313917
-0.966 0.552251 -0.00358982
-0.964 0.652205 -0.015494
-0.962 0.666388 -0.0335793
-0.96 0.588716 -0.0527222
-0.958 0.422244 -0.0682574
-0.956 0.178446 -0.076104
-0.954 -0.12437 -0.0728166
-0.952 -0.463418 -0.0557042
-0.95 -0.814326 -0.023105
-0.948 -1.15415 0.0251875
-0.946 -1.46404 0.0874282
-0.944 -1.73113 0.159489
-0.942 -1.94925 0.234684
-0.94 -2.11854 0.304092
-0.938 -2.24397 0.357532
-0.936 -2.33314 0.385178
-0.934 -2.39381 0.3795
-0.932 -2.43144 0.337039
-0.93 -2.44732 0.259546
-0.928 -2.43749 0.15418
-0.926 -2.39295 0.0326701
-0.924 -2.30114 -0.0904349
-0.922 -2.14877 -0.200145
-0.92 -1.92534 -0.283637
-0.918 -1.62687 -0.332652
-0.916 -1.25895 -0.345237
-0.914 -0.83823 -0.326503
-0.912 -0.392143 -0.288083
-0.91 0.0435227 -0.246187
-0.908 0.42875 -0.218379
-0.906 0.724626 -0.219635
-0.904 0.899108 -0.258568
-0.902 0.932364 -0.334807
-0.9 0.820868 -0.438318
-0.898 0.579464 -0.550902
-0.896 0.240864 -0.649599
-0.894 -0.147605 -0.71122
-0.892 -0.529746 -0.717056
-0.89 -0.847959 -0.656843
-0.888 -1.05131 -0.531276
-0.886 -1.10295 -0.352635
-0.884 -0.985654 -0.143347
-0.882 -0.704705 0.0673809
-0.88 -0.287621 0.248454
-0.878 0.219288 0.372588
-0.876 0.757142 0.421802
-0.874 1.26268 0.391545
-0.872 1.67728 0.292411
-0.87 1.95539 0.148845
-0.868 2.07086 -0.00503652
-0.866 2.02015 -0.131704
-0.864 1.82187 -0.197221
-0.862 1.5128 -0.177589
-0.86 1.14155 -0.0632623
-0.858 0.760877 0.138887
-0.856 0.420091 0.406401
-0.854 0.158754 0.7047
-0.852 0.00227629 0.992698
-0.85 -0.0401246 1.22977
-0.848 0.0249171 1.38293
-0.846 0.177461 1.43299
-0.844 0.388583 1.37821
-0.842 0.625785 1.23483
-0.84 0.858513 1.03386
-0.838 1.06276 0.815032
-0.836 1.22385 0.61906
-0.834 1.33711 0.47993
-0.832 1.40647 0.418753
-0.83 1.44186 0.440297
-0.828 1.45599 0.532624
-0.826 1.46145 0.669717
-0.824 1.46834 0.816488
-0.822 1.4828 0.935319
-0.82 1.50636 0.993048
-0.818 1.53614 0.967241
-0.816 1.56591 0.850583
-0.814 1.58774 0.652454
-0.812 1.5941 0.39722
-0.81 1.5797 0.119472
-0.808 1.54273 -0.142839
-0.806 1.48501 -0.355893
-0.804 1.41109 -0.496471
-0.802 1.32665 -0.556077
-0.8 1.23688 -0.541976
-0.798 1.14525 -0.475126
-0.796 1.05313 -0.38558
-0.794 0.960208 -0.306338
-0.792 0.865497 -0.26681
-0.79 0.768577 -0.287044
-0.788 0.670719 -0.373709
-0.786 0.575689 -0.518534
-0.784 0.490078 -0.699547
-0.782 0.423078 -0.885009
-0.78 0.38564 -1.03941
-0.778 0.388993 -1.13039
-0.776 0.44261 -1.13507
-0.774 0.551894 -1.04451
-0.772 0.716105 -0.865315
-0.77 0.927122 -0.618293
-0.768 1.16953 -0.334512
-0.766 1.42214 -0.0497711
-0.764 1.66051 0.201501
-0.762 1.86003 0.39184
-0.76 1.9987 0.504951
-0.758 2.05936 0.537876
-0.756 2.03116 0.50079
-0.754 1.91016 0.414452
-0.752 1.69925 0.305786
-0.75 1.40743 0.20249
-0.748 1.04854 0.12784
-0.746 0.639724 0.0967686
-0.744 0.199552 0.11397
-0.742 -0.253642 0.174157
-0.74 -0.703138 0.264143
-0.738 -1.1345 0.366071
-0.736 -1.53541 0.461089
-0.734 -1.89494 0.532815
-0.732 -2.20249 0.570048
-0.73 -2.44714 0.568313
-0.728 -2.61758 0.529979
-0.726 -2.70279 0.462971
-0.724 -2.69332 0.378344
-0.722 -2.583 0.287325
-0.72 -2.37086 0.198569
-0.718 -2.06286 0.116387
-0.716 -1.6732 0.0404258
-0.714 -1.2248 -0.0332023
-0.712 -0.748693 -0.109793
-0.71 -0.282277 -0.193673
-0.708 0.13374 -0.286265
-0.706 0.459232 -0.385036
-0.704 0.659015 -0.483435
-0.702 0.706952 -0.571739
-0.7 0.589164 -0.638642
-0.698 0.305868 -0.673409
-0.696 -0.128306 -0.668261
-0.694 -0.685476 -0.620518
-0.692 -1.32695 -0.533914
-0.69 -2.00671 -0.4186
-0.688 -2.67555 -0.289651
-0.686 -3.2855 -0.164359
-0.684 -3.79407 -0.0589544
-0.682 -4.16775 0.0144139
-0.68 -4.38442 0.0497186
-0.678 -4.43434 0.0477525
-0.676 -4.31968 0.0154875
-0.674 -4.05277 -0.0356168
-0.672 -3.65344 -0.0919561
-0.67 -3.14613 -0.140354
-0.668 -2.557 -0.170433
-0.666 -1.91173 -0.176361
-0.664 -1.23395 -0.157602
-0.662 -0.544553 -0.118491
-0.66 0.13818 -0.0666936
-0.658 0.797838 -0.0109574
-0.656 1.41888 0.0412594
-0.654 1.98566 0.0856546
-0.652 2.48183 0.122009
-0.65 2.89019 0.154019
-0.648 3.19307 0.18813
-0.646 3.37323 0.23163
-0.644 3.41527 0.290372
-0.642 3.30762 0.36658
-0.64 3.04481 0.457316
-0.638 2.62991 0.554103
-0.636 2.07658 0.643993
-0.634 1.41 0.712006
-0.632 0.666314 0.744399
-0.63 -0.109795 0.732018
-0.628 -0.868826 0.672895
-0.626 -1.56101 0.573467
-0.624 -2.1408 0.448158
-0.622 -2.57068 0.317391
-0.62 -2.82425 0.204391
-0.618 -2.8883 0.131235
-0.616 -2.76399 0.114759
-0.614 -2.46697 0.162968
-0.612 -2.02608 0.272709
-0.61 -1.48076 0.429271
-0.608 -0.877044 0.608244
-0.606 -0.26283 0.779461
-0.604 0.317008 0.912261
-0.602 0.824792 0.98097
-0.6 1.23292 0.969414
-0.598 1.52522 0.873592
-0.596 1.69687 0.702078
-0.594 1.75343 0.474302
-0.592 1.70942 0.217198
-0.59 1.58649 -0.0391022
-0.588 1.41146 -0.265904
-0.586 1.21383 -0.440295
-0.584 1.02311 -0.54856
-0.582 0.866118 -0.587993
-0.58 0.764817 -0.566667
-0.578 0.734995 -0.501119
-0.576 0.7859 -0.412532
-0.574 0.920535 -0.322326
-0.572 1.13621 -0.248222
-0.57 1.42501 -0.201505
-0.568 1.77403 -0.185885
-0.566 2.16577 -0.197835
-0.564 2.57882 -0.228071
-0.562 2.98921 -0.263698
-0.56 3.3722 -0.290683
-0.558 3.70431 -0.296443
-0.556 3.96538 -0.272255
-0.554 4.14053 -0.215073
-0.552 4.22173 -0.128189
-0.55 4.209 -0.0203816
-0.548 4.11085 0.0963346
-0.546 3.94354 0.209739
-0.544 3.72923 0.31031
-0.542 3.49306 0.393183
-0.54 3.25974 0.458711
-0.538 3.0503 0.511688
-0.536 2.8797 0.559683
-0.534 2.7555 0.61108
-0.532 2.6778 0.673262
-0.53 2.64005 0.751123
-0.528 2.63064 0.845859
-0.526 2.635 0.954104
-0.524 2.63831 1.06761
-0.522 2.62848 1.17381
-0.52 2.5988 1.25751
-0.518 2.54945 1.30354
-0.516 2.48719 1.29985
-0.514 2.42326 1.24018
-0.512 2.36991 1.12562
-0.51 2.33656 0.964628
-0.508 2.32657 0.771596
-0.506 2.3352 0.564648
-0.504 2.34904 0.363176
-0.502 2.34695 0.185655
-0.5 2.30237 0.0478479
-0.498 2.18716 -0.0386925
-0.496 1.97646 -0.0678925
-0.494 1.65441 -0.0401089
-0.492 1.2194 0.0375272
-0.49 0.687758 0.151678
-0.488 0.0944928 0.284412
-0.486 -0.509264 0.415672
-0.484 -1.06191 0.526154
-0.482 -1.49896 0.599975
-0.48 -1.76132 0.626694
-0.478 -1.80301 0.602445
-0.476 -1.59746 0.53025
-0.474 -1.14179 0.419618
-0.472 -0.458693 0.28551
-0.47 0.404502 0.146641
-0.468 1.37967 0.0231369
-0.466 2.38441 -0.066295
-0.464 3.33046 -0.107281
-0.462 4.13283 -0.0922493
-0.46 4.71833 -0.0218924
-0.458 5.03218 0.0947409
-0.456 5.04219 0.241569
-0.454 4.74046 0.397927
-0.452 4.14284 0.541646
-0.45 3.28666 0.652233
-0.448 2.22723 0.713731
-0.446 1.03333 0.716903
-0.444 -0.21775 0.660474
-0.442 -1.44526 0.551189
-0.44 -2.56971 0.402591
-0.438 -3.5172 0.232681
-0.436 -4.22324 0.0608635
-0.434 -4.6363 -0.0952128
-0.432 -4.72123 -0.22229
-0.43 -4.46257 -0.313083
-0.428 -3.8672 -0.366574
-0.426 -2.96598 -0.387088
-0.424 -1.81361 -0.382542
-0.422 -0.486233 -0.362319
-0.42 0.923054 -0.335214
-0.418 2.31083 -0.307719
-0.416 3.57157 -0.282854
-0.414 4.60689 -0.259714
-0.412 5.33497 -0.233886
-0.41 5.69905 -0.198758
-0.408 5.6736 -0.147529
-0.406 5.26728 -0.0754689
-0.404 4.52194 0.0181392
-0.402 3.50782 0.128938
-0.4 2.31551 0.2477
-0.398 1.0459 0.361863
-0.396 -0.200768 0.458072
-0.394 -1.33507 0.525037
-0.392 -2.28667 0.555956
-0.39 -3.00941 0.549929
-0.388 -3.48284 0.512193
-0.386 -3.71005 0.453283
-0.384 -3.71271 0.387354
-0.382 -3.52442 0.329927
-0.38 -3.18373 0.295346
-0.378 -2.72811 0.294326
-0.376 -2.18971 0.332021
-0.374 -1.59333 0.406899
-0.372 -0.95677 0.510675
-0.37 -0.293277 0.629366
-0.368 0.384774 0.745446
-0.366 1.06174 0.840768
-0.364 1.71538 0.899719
-0.362 2.3154 0.91184
-0.36 2.82463 0.873322
-0.358 3.20301 0.78712
-0.356 3.41367 0.661852
-0.354 3.43001 0.509958
-0.352 3.24186 0.345649
-0.35 2.85946 0.183091
-0.348 2.31407 0.0350738
-0.346 1.65499 -0.0878516
-0.344 0.943579 -0.177964
-0.342 0.24544 -0.230873
-0.34 -0.378092 -0.245932
-0.338 -0.87783 -0.226377
-0.336 -1.22306 -0.178949
-0.334 -1.40542 -0.112944
-0.332 -1.43951 -0.0388963
-0.33 -1.35991 0.0327154
-0.328 -1.21483 0.0924413
-0.326 -1.05724 0.132434
-0.324 -0.935409 0.146828
-0.322 -0.884531 0.132211
-0.32 -0.921252 0.0883082
-0.318 -1.04207 0.0187278
-0.316 -1.22565 -0.0686604
-0.314 -1.43836 -0.162157
-0.312 -1.64149 -0.247665
-0.31 -1.79885 -0.310928
-0.308 -1.88333 -0.34004
-0.306 -1.88162 -0.327582
-0.304 -1.7963 -0.271877
-0.302 -1.64513 -0.177203
-0.3 -1.45762 -0.0530637
-0.298 -1.26929 0.087206
-0.296 -1.11486 0.228328
-0.294 -1.02131 0.355348
-0.292 -1.00238 0.456107
-0.29 -1.05567 0.523512
-0.288 -1.16301 0.557005
-0.286 -1.29423 0.56273
-0.284 -1.41325 0.552202
-0.282 -1.48513 0.539761
-0.28 -1.48259 0.539414
-0.278 -1.39079 0.561811
-0.276 -1.20989 0.612007
-0.274 -0.955044 0.688442
-0.272 -0.654059 0.78324
-0.27 -0.343105 0.883678
-0.268 -0.0611998 0.974521
-0.266 0.155675 1.04092
-0.264 0.279867 1.07144
-0.262 0.295906 1.06075
-0.26 0.202325 1.01109
-0.258 0.0112363 0.932244
-0.256 -0.254144 0.839564
-0.254 -0.563428 0.750657
-0.252 -0.883635 0.681461
-0.25 -1.18353 0.642676
-0.248 -1.43699 0.637319
-0.246 -1.62486 0.659833
-0.244 -1.7352 0.69689
-0.242 -1.76218 0.729711
-0.24 -1.70416 0.737565
-0.238 -1.56187 0.701907
-0.236 -1.33717 0.61047
-0.234 -1.03293 0.460451
-0.232 -0.653872 0.260014
-0.23 -0.208115 0.0275586
-0.228 0.291215 -0.211237
-0.226 0.824889 -0.427998
-0.224 1.36748 -0.596824
-0.222 1.8885 -0.69893
-0.22 2.35463 -0.725808
-0.218 2.73293 -0.680426
-0.216 2.99462 -0.576373
-0.214 3.1189 -0.435252
-0.212 3.09643 -0.282782
-0.21 2.9317 -0.144249
-0.208 2.64374 -0.039987
-0.206 2.26478 0.0182734
-0.204 1.83676 0.029434
-0.202 1.40628 0.00291224
-0.2 1.01861 -0.0436711
-0.198 0.711977 -0.0885129
-0.196 0.512833 -0.110443
-0.194 0.433087 -0.0934351
-0.192 0.469578 -0.0298346
-0.19 0.605934 0.0783043
-0.188 0.816434 0.219867
-0.186 1.07111 0.376973
-0.184 1.34108 0.528333
-0.182 1.60308 0.653035
-0.18 1.84228 0.734155
-0.178 2.05288 0.761629
-0.176 2.23648 0.733883
-0.174 2.39877 0.65789
-0.172 2.54541 0.547582
-0.17 2.67805 0.420914
-0.168 2.79142 0.29621
-0.166 2.87192 0.188627
-0.164 2.89821 0.107568
-0.162 2.8439 0.0555337
-0.16 2.6821 0.0284795
-0.158 2.39142 0.0173834
-0.156 1.96211 0.0105571
-0.154 1.40107 -0.00373312
-0.152 0.734198 -0.0347453
-0.15 0.00535019 -0.087242
-0.148 -0.728201 -0.160344
-0.146 -1.40281 -0.247509
-0.144 -1.95662 -0.337667
-0.142 -2.33722 -0.417332
-0.14 -2.50762 -0.473235
-0.138 -2.44984 -0.494938
-0.136 -2.16599 -0.476773
-0.134 -1.67698 -0.418693
-0.132 -1.01914 -0.32588
-0.13 -0.239193 -0.20734
-0.128 0.611894 -0.0739595
-0.126 1.48538 0.0634899
-0.124 2.34027 0.195999
-0.122 3.14679 0.317385
-0.12 3.88706 0.424698
-0.118 4.5529 0.517999
-0.116 5.14184 0.599642
-0.114 5.65255 0.673256
-0.112 6.08103 0.742656
-0.11 6.41863 0.810903
-0.108 6.65206 0.879631
-0.106 6.76522 0.948672
-0.104 6.74207 1.01592
-0.102 6.57001 1.07746
-0.1 6.24313 1.12795
-0.098 5.76499 1.16134
-0.096 5.15031 1.17172
-0.094 4.42503 1.15415
-0.092 3.62413 1.10516
-0.09 2.78737 1.02311
-0.088 1.95379 0.908286
-0.086 1.15641 0.763013
-0.084 0.41827 0.591795
-0.082 -0.2489 0.401317
-0.08 -0.843435 0.200151
-0.078 -1.36999 -0.00201766
-0.076 -1.8343 -0.195646
-0.074 -2.23763 -0.372842
-0.072 -2.57235 -0.528679
-0.07 -2.81965 -0.661862
-0.068 -2.95032 -0.774539
-0.066 -2.92884 -0.871379
-0.064 -2.72064 -0.958258
-0.062 -2.30141 -1.04092
-0.06 -1.66672 -1.12387
-0.058 -0.839663 -1.20944
-0.056 0.125407 -1.29713
-0.054 1.14416 -1.3831
-0.052 2.1088 -1.46004
-0.05 2.89903 -1.51771
-0.048 3.39597 -1.54441
-0.046 3.49731 -1.52913
-0.044 3.13186 -1.46388
-0.042 2.27157 -1.34561
-0.04 0.939506 -1.17697
-0.038 -0.787453 -0.965868
-0.036 -2.78217 -0.723983
-0.034 -4.8773 -0.464818
-0.032 -6.88127 -0.201767
-0.03 -8.59815 0.0534637
-0.028 -9.84876 0.292073
-0.026 -10.4899 0.509097
-0.024 -10.4288 0.704004
-0.022 -9.63168 0.880678
-0.02 -8.12564 1.04646
-0.018 -5.99441 1.21018
-0.016 -3.3695 1.37948
-0.014 -0.418116 1.55836
-0.012 2.67053 1.74548
-0.01 5.69903 1.93388
-0.008 8.47486 2.11202
-0.006 10.8223 2.26589
-0.004 12.593 2.3816
-0.002 13.6759 2.4481
0 14.0039 2.45939
0.002 13.5604 2.41596
0.004 12.3778 2.325
0.006 10.5376 2.19916
0.008 8.16303 2.05411
0.01 5.40986 1.9051
0.012 2.45512 1.76353
0.014 -0.514479 1.63431
0.016 -3.31432 1.51481
0.018 -5.77359 1.39573
0.02 -7.74659 1.26361
0.022 -9.12345 1.10449
0.024 -9.83921 0.907488
0.026 -9.88011 0.667629
0.028 -9.28568 0.387294
0.03 -8.14563 0.0762002
0.032 -6.59101 -0.249784
0.034 -4.78042 -0.570758
0.036 -2.88309 -0.865566
0.038 -1.06139 -1.1149
0.04 0.544476 -1.30423
0.042 1.8277 -1.42613
0.044 2.72109 -1.48137
0.046 3.19847 -1.47875
0.048 3.27196 -1.43327
0.05 2.98605 -1.36325
0.052 2.40953 -1.28683
0.054 1.6261 -1.21877
0.056 0.724813 -1.16812
0.058 -0.208623 -1.1371
0.06 -1.09876 -1.12119
0.062 -1.88477 -1.11021
0.064 -2.5221 -1.09034
0.066 -2.98184 -1.04667
0.068 -3.24858 -0.96608
0.07 -3.31778 -0.839914
0.072 -3.19336 -0.665796
0.074 -2.88585 -0.448325
0.076 -2.4111 -0.198439
0.078 -1.78964 0.0683569
0.08 -1.04644 0.334484
0.082 -0.210957 0.582931
0.084 0.682854 0.799529
0.086 1.59718 0.974503
0.088 2.49217 1.1032
0.09 3.32922 1.18602
0.092 4.0751 1.22769
0.094 4.70616 1.23601
0.096 5.21118 1.22018
0.098 5.59191 1.18923
0.1 5.86093 1.15068
0.102 6.03738 1.10968
0.104 6.14146 1.0687
0.106 6.1891 1.02769
0.108 6.18789 0.98442
0.11 6.1349 0.935012
0.112 6.01665 0.874654
0.114 5.81128 0.798459
0.116 5.49254 0.702489
0.118 5.03551 0.584749
0.12 4.42335 0.445925
0.122 3.65387 0.289692
0.124 2.74454 0.122528
0.126 1.73443 -0.046892
0.128 0.682187 -0.208566
0.13 -0.339854 -0.352179
0.132 -1.25448 -0.468181
0.134 -1.98964 -0.548898
0.136 -2.48789 -0.589644
0.138 -2.71387 -0.589717
0.14 -2.65874 -0.552988
0.142 -2.34134 -0.487761
0.144 -1.80604 -0.405662
0.146 -1.11739 -0.31965
0.148 -0.351909 -0.241587
0.15 0.412051 -0.179992
0.152 1.10503 -0.138476
0.154 1.67559 -0.115156
0.156 2.09615 -0.103089
0.158 2.36423 -0.0916206
0.16 2.49907 -0.0684213
0.162 2.53461 -0.0219374
0.164 2.51057 0.0560527
0.166 2.46371 0.168156
0.168 2.42097 0.309815
0.17 2.39556 0.468996
0.172 2.38607 0.627489
0.174 2.37844 0.763786
0.176 2.35006 0.857042
0.178 2.27557 0.891216
0.18 2.13357 0.858422
0.182 1.91326 0.760754
0.184 1.6194 0.610262
0.186 1.27446 0.427134
0.188 0.916916 0.23646
0.19 0.595697 0.0641022
0.192 0.361902 -0.0676996
0.194 0.259416 -0.144287
0.196 0.316561 -0.161388
0.198 0.540458 -0.126143
0.2 0.915002 -0.0559553
0.202 1.40249 0.0247754
0.204 1.94834 0.0894822
0.206 2.4882 0.114811
0.208 2.95633 0.0854078
0.21 3.29443 -0.00288066
0.212 3.45941 -0.141966
0.214 3.42897 -0.312764
0.216 3.20391 -0.488415
0.218 2.80684 -0.638857
0.22 2.27763 -0.735995
0.222 1.66663 -0.758621
0.224 1.02704 -0.69629
0.226 0.407771 -0.551428
0.228 -0.15208 -0.339203
0.23 -0.626308 -0.085043
0.232 -1.00218 0.179792
0.234 -1.2787 0.423721
0.236 -1.4634 0.620325
0.238 -1.56835 0.752692
0.24 -1.60649 0.815813
0.242 -1.5888 0.816661
0.244 -1.52286 0.772071
0.246 -1.41287 0.704978
0.248 -1.26128 0.639782
0.25 -1.07134 0.597715
0.252 -0.84997 0.592986
0.254 -0.609847 0.6304
0.256 -0.369964 0.704887
0.258 -0.154082 0.803069
0.26 0.0126641 0.906442
0.262 0.108295 0.995427
0.264 0.118518 1.05333
0.266 0.040114 1.06942
0.268 -0.117698 1.04065
0.27 -0.334237 0.971884
0.272 -0.580464 0.874594
0.274 -0.823593 0.764485
0.276 -1.03242 0.658305
0.278 -1.18253 0.570487
0.28 -1.26065 0.51024
0.282 -1.26721 0.479772
0.284 -1.21661 0.474082
0.286 -1.13461 0.482373
0.288 -1.05321 0.490697
0.29 -1.00375 0.485122
0.292 -1.01005 0.454663
0.294 -1.083 0.393399
0.296 -1.21798 0.301455
0.298 -1.39558 0.18485
0.3 -1.58532 0.0544023
0.302 -1.75158 -0.0760264
0.304 -1.86054 -0.191723
0.306 -1.887 -0.279482
0.308 -1.8199 -0.329833
0.31 -1.66562 -0.338676
0.312 -1.44812 -0.307903
0.314 -1.20573 -0.244797
0.316 -0.984489 -0.160398
0.318 -0.829038 -0.0674143
0.32 -0.772879 0.0216773
0.322 -0.830136 0.0959603
0.324 -0.990948 0.146845
0.326 -1.2217 0.168565
0.328 -1.47007 0.158695
0.33 -1.67371 0.118716
0.332 -1.77068 0.0543531
0.334 -1.70972 -0.0246932
0.336 -1.45885 -0.105886
0.338 -1.01126 -0.175695
0.34 -0.387807 -0.22165
0.342 0.364348 -0.234004
0.344 1.17721 -0.206663
0.346 1.971 -0.137474
0.348 2.66547 -0.0282598
0.35 3.19162 0.115086
0.352 3.50144 0.28246
0.354 3.57372 0.459785
0.356 3.41507 0.630077
0.358 3.05611 0.775563
0.36 2.54404 0.880546
0.362 1.93346 0.934248
0.364 1.27726 0.932776
0.366 0.619253 0.879653
0.368 -0.0105532 0.784929
0.37 -0.597192 0.663368
0.372 -1.13854 0.532323
0.374 -1.64007 0.40963
0.376 -2.10791 0.311531
0.378 -2.54179 0.250507
0.38 -2.92982 0.233146
0.382 -3.2464 0.25856
0.384 -3.45363 0.318059
0.386 -3.50642 0.396585
0.388 -3.35998 0.47577
0.39 -2.97871 0.537776
0.392 -2.34485 0.568799
0.394 -1.46523 0.561245
0.396 -0.375197 0.514239
0.398 0.861327 0.432715
0.4 2.1559 0.325756
0.402 3.40368 0.204806
0.404 4.49462 0.0820469
0.406 5.32616 -0.031145
0.408 5.81554 -0.125805
0.41 5.90957 -0.196924
0.412 5.59071 -0.244399
0.414 4.87869 -0.27274
0.416 3.82788 -0.289284
0.418 2.52123 -0.301377
0.42 1.06186 -0.313597
0.422 -0.436689 -0.32611
0.424 -1.86045 -0.334698
0.426 -3.10471 -0.332249
0.428 -4.08236 -0.31092
0.43 -4.73008 -0.264188
0.432 -5.01199 -0.188328
0.434 -4.92026 -0.0833298
0.436 -4.47344 0.0465394
0.438 -3.71301 0.192441
0.44 -2.69893 0.341157
0.442 -1.50487 0.476216
0.444 -0.213406 0.580235
0.446 1.08884 0.638214
0.448 2.31608 0.640918
0.45 3.38844 0.587244
0.452 4.2372 0.484787
0.454 4.80982 0.348519
0.456 5.0742 0.198156
0.458 5.02173 0.0550127
0.46 4.66845 -0.0609859
0.462 4.05422 -0.133806
0.464 3.23966 -0.153246
0.466 2.30103 -0.11629
0.468 1.3232 -0.0277222
0.47 0.391327 0.100278
0.472 -0.417686 0.249746
0.474 -1.0429 0.399659
0.476 -1.44502 0.529251
0.478 -1.6094 0.621211
0.48 -1.54585 0.664121
0.482 -1.28571 0.653792
0.484 -0.876495 0.593517
0.486 -0.374854 0.493427
0.488 0.161078 0.369122
0.49 0.679042 0.239707
0.492 1.13859 0.125345
0.494 1.51468 0.0445716
0.496 1.79856 0.0117683
0.498 1.99583 0.0352556
0.5 2.12257 0.116323
0.502 2.20038 0.249266
0.504 2.25141 0.422272
0.506 2.29423 0.618904
0.508 2.3409 0.820003
0.51 2.39559 1.00591
0.512 2.45495 1.1589
0.514 2.51013 1.26546
0.516 2.55017 1.3182
0.518 2.566 1.31659
0.52 2.55414 1.26656
0.522 2.51887 1.17892
0.524 2.47232 1.06706
0.526 2.43247 0.944671
0.528 2.41952 0.823879
0.53 2.45183 0.713921
0.532 2.54233 0.62034
0.534 2.69608 0.544561
0.536 2.90908 0.483937
0.538 3.16821 0.432455
0.54 3.45218 0.382225
0.542 3.73368 0.325601
0.544 3.98253 0.257427
0.546 4.1699 0.176703
0.548 4.27262 0.0870199
0.55 4.27692 -0.00442127
0.552 4.18043 -0.0888624
0.554 3.99205 -0.158322
0.556 3.72963 -0.20744
0.558 3.41638 -0.234437
0.56 3.07692 -0.241259
0.562 2.73397 -0.233213
0.564 2.406 -0.21828
0.566 2.10608 -0.206039
0.568 1.84156 -0.206028
0.57 1.61463 -0.225571
0.572 1.42365 -0.267477
0.574 1.26506 -0.328327
0.576 1.13566 -0.398118
0.578 1.03453 -0.461654
0.58 0.963911 -0.501485
0.582 0.928589 -0.501625
0.584 0.933834 -0.451017
0.586 0.982366 -0.345887
0.588 1.07127 -0.190642
0.59 1.18975 0.00260881
0.592 1.31834 0.215565
0.594 1.42997 0.426039
0.596 1.4927 0.610894
0.598 1.47389 0.749446
0.6 1.34508 0.82697
0.602 1.08702 0.837606
0.604 0.693906 0.785823
0.606 0.176351 0.68582
0.608 -0.437664 0.558792
0.61 -1.10406 0.428735
0.612 -1.76631 0.317916
0.614 -2.36114 0.243154
0.616 -2.82561 0.213627
0.618 -3.10477 0.230336
0.62 -3.15875 0.286884
0.622 -2.96833 0.371144
0.624 -2.53806 0.467517
0.626 -1.89635 0.559592
0.628 -1.09248 0.633005
0.63 -0.190888 0.678022
0.632 0.73625 0.691182
0.634 1.6171 0.675414
0.636 2.38777 0.638464
0.638 2.99838 0.590109
0.64 3.417 0.539138
0.642 3.63108 0.491087
0.644 3.64644 0.447352
0.646 3.484 0.405678
0.648 3.17505 0.361586
0.65 2.7555 0.310116
0.652 2.2604 0.247456
0.654 1.71942 0.172248
0.656 1.15412 0.0864741
0.658 0.577335 -0.00418872
0.66 -0.00552267 -0.0907814
0.662 -0.593699 -0.162432
0.664 -1.18739 -0.208629
0.666 -1.78392 -0.221949
0.668 -2.37445 -0.200491
0.67 -2.94207 -0.149193
0.672 -3.46161 -0.0795496
0.674 -3.90161 -0.00771395
0.676 -4.22806 0.0485066
0.678 -4.40933 0.0730265
0.68 -4.42147 0.0545161
0.682 -4.25267 -0.0114063
0.684 -3.90621 -0.121104
0.686 -3.40131 -0.263125
0.688 -2.77213 -0.41973
0.69 -2.06494 -0.569654
0.692 -1.334 -0.691753
0.694 -0.636472 -0.768841
0.696 -0.0268576 -0.790873
0.698 0.448443 -0.756654
0.7 0.755856 -0.673645
0.702 0.877954 -0.555988
0.704 0.814855 -0.421344
0.706 0.583463 -0.287379
0.708 0.214716 -0.168617
0.71 -0.250611 -0.0741865
0.712 -0.766811 -0.00670447
0.714 -1.28812 0.0376305
0.716 -1.77298 0.0677336
0.718 -2.18726 0.0952627
0.72 -2.50627 0.13155
0.722 -2.71548 0.184491
0.724 -2.81003 0.256185
0.726 -2.79328 0.342025
0.728 -2.67482 0.431529
0.73 -2.46827 0.510715
0.732 -2.18917 0.565409
0.734 -1.85327 0.584633
0.736 -1.47537 0.563309
0.738 -1.06864 0.503708
0.74 -0.644646 0.415386
0.742 -0.213961 0.313661
0.744 0.212952 0.216903
0.746 0.624771 0.14303
0.748 1.00876 0.105785
0.75 1.35089 0.111466
0.752 1.63684 0.15688
0.754 1.85354 0.229147
0.756 1.99111 0.307609
0.758 2.04449 0.367594
0.76 2.01439 0.385281
0.762 1.90748 0.342624
0.764 1.73587 0.231253
0.766 1.51613 0.0545226
0.768 1.26819 -0.172636
0.77 1.01381 -0.425965
0.772 0.774739 -0.67572
0.774 0.570518 -0.891453
0.776 0.416235 -1.04701
0.778 0.320855 -1.12495
0.78 0.286567 -1.11968
0.782 0.309314 -1.0384
0.784 0.380264 -0.899774
0.786 0.487704 -0.730161
0.788 0.618808 -0.558431
0.79 0.760968 -0.410326
0.792 0.902659 -0.30371
0.794 1.03406 -0.245687
0.796 1.14767 -0.232056
0.798 1.23888 -0.248997
0.8 1.30637 -0.276415
0.802 1.35202 -0.292221
0.804 1.38017 -0.276779
0.806 1.39649 -0.21686
0.808 1.40674 -0.108414
0.81 1.41592 0.0423622
0.812 1.42802 0.220051
0.814 1.44603 0.403066
0.816 1.47196 0.568209
0.818 1.50638 0.695713
0.82 1.5477 0.773523
0.822 1.59139 0.799725
0.824 1.62972 0.782576
0.826 1.65229 0.7383
0.828 1.64732 0.687372
0.83 1.60351 0.650215
0.832 1.51211 0.643163
0.834 1.36889 0.67529
0.836 1.17581 0.746525
0.838 0.942097 0.847344
0.84 0.684545 0.960211
0.842 0.426657 1.0627
0.844 0.196541 1.13191
0.846 0.023476 1.14927
0.848 -0.0664304 1.1047
0.85 -0.0547576 0.998859
0.852 0.0654542 0.843156
0.854 0.287461 0.657347
0.856 0.590528 0.465619
0.858 0.94163 0.292086
0.86 1.29891 0.156608
0.862 1.61653 0.0716169
0.864 1.8504 0.0403021
0.866 1.96421 0.0563592
0.868 1.93501 0.105334
0.87 1.7573 0.167417
0.872 1.4448 0.221281
0.874 1.02926 0.248247
0.876 0.556481 0.235915
0.878 0.0799064 0.180423
0.88 -0.346838 0.0867889
0.882 -0.677392 -0.0326887
0.884 -0.878821 -0.16148
0.886 -0.935686 -0.282492
0.888 -0.851582 -0.381458
0.89 -0.64809 -0.44937
0.892 -0.361363 -0.483617
0.894 -0.0368306 -0.4878
0.896 0.27727 -0.470375
0.898 0.53657 -0.442428
0.9 0.706364 -0.414985
0.902 0.765562 -0.396403
0.904 0.708221 -0.390417
0.906 0.542609 -0.395335
0.908 0.288232 -0.404593
0.91 -0.0284081 -0.408555
0.912 -0.378479 -0.397109
0.914 -0.735092 -0.362389
0.916 -1.07657 -0.300921
0.918 -1.38829 -0.214672
0.92 -1.66293 -0.110801
0.922 -1.8993 -0.000270198
0.924 -2.09997 0.104293
0.926 -2.26853 0.190996
0.928 -2.40687 0.250875
0.93 -2.51344 0.279485
0.932 -2.58247 0.277607
0.934 -2.60458 0.250921
0.936 -2.5685 0.208724
0.938 -2.46364 0.161947
0.94 -2.283 0.120874
0.942 -2.02596 0.0930674
0.944 -1.70006 0.0819238
0.946 -1.32166 0.086209
0.948 -0.91491 0.100661
0.95 -0.509339 0.11752
0.952 -0.136237 0.128583
0.954 0.175514 0.127248
0.956 0.4034 0.110005
0.958 0.534252 0.0770287
0.96 0.565732 0.0318037
0.962 0.506195 -0.0200107
0.964 0.373185 -0.0721097
0.966 0.19097 -0.119079
0.968 -0.0124575 -0.157619
0.97 -0.20858 -0.187229
0.972 -0.371434 -0.210218
0.974 -0.480288 -0.230992
0.976 -0.521621 -0.254717
0.978 -0.490171 -0.285631
0.98 -0.388936 -0.325427
0.982 -0.228191 -0.372157
0.984 -0.0237304 -0.420054
0.986 0.205273 -0.460372
0.988 0.438439 -0.48313
0.99 0.656099 -0.479326
0.992 0.840833 -0.443109
0.994 0.978622 -0.373386
0.996 1.05964 -0.274505
0.998 1.07871 -0.155883
1 1.03535 -0.0306179
1.002 0.933558 0.0866879
1.004 0.781193 0.182557
1.006 0.589238 0.247222
1.008 0.370967 0.276611
1.01 0.141151 0.273206
1.012 -0.0846872 0.245483
1.014 -0.291049 0.206007
1.016 -0.463302 0.168615
1.018 -0.588541 0.145347
1.02 -0.656348 0.143869
1.022 -0.659344 0.165926
1.024 -0.593502 0.207128
1.026 -0.458305 0.258041
1.028 -0.256814 0.306292
1.03 0.00427105 0.339231
1.032 0.314575 0.346656
1.034 0.660095 0.323096
1.036 1.02345 0.269203
1.038 1.38441 0.19192
1.04 1.72088 0.103233
1.042 2.01007 0.0176763
1.044 2.23009 -0.0509048
1.046 2.36165 -0.0925386
1.048 2.38989 -0.103438
1.05 2.30637 -0.0868495
1.052 2.11077 -0.0522738
1.054 1.81219 -0.013284
1.056 1.42934 0.015518
1.058 0.98959 0.0217644
1.06 0.526571 -0.00184667
1.062 0.0768751 -0.0556981
1.064 -0.323874 -0.132769
1.066 -0.644918 -0.219678
1.068 -0.863741 -0.299133
1.07 -0.968542 -0.353342
1.072 -0.95954 -0.367711
1.074 -0.848923 -0.334021
1.076 -0.65933 -0.252349
1.078 -0.420941 -0.131289
1.08 -0.167456 0.0135782
1.082 0.0684664 0.162591
1.084 0.259648 0.295655
1.086 0.387955 0.395874
1.088 0.446408 0.452512
1.09 0.439477 0.462772
1.092 0.381567 0.432109
1.094 0.294006 0.372992
1.096 0.20111 0.302282
1.098 0.126013 0.237699
1.1 0.0868954 0.194066
1.102 0.0941823 0.180193
1.104 0.149081 0.197119
1.106 0.243635 0.238157
1.108 0.362242 0.290696
1.11 0.484379 0.33927
1.112 0.588052 0.369112
1.114 0.65342 0.369356
1.116 0.665941 0.33523
1.118 0.618498 0.268875
1.12 0.512141 0.178718
1.122 0.355399 0.0775862
1.124 0.162403 -0.0200823
1.126 -0.0496698 -0.101369
1.128 -0.263277 -0.157739
1.13 -0.462801 -0.187001
1.132 -0.636134 -0.193878
1.134 -0.775442 -0.188947
1.136 -0.877123 -0.186124
1.138 -0.94113 -0.199239
1.14 -0.969817 -0.2385
1.142 -0.966551 -0.307723
1.144 -0.934305 -0.402992
1.146 -0.874552 -0.513081
1.148 -0.786762 -0.621541
1.15 -0.668777 -0.710003
1.152 -0.518105 -0.76196
1.154 -0.333884 -0.766219
1.156 -0.118972 -0.719322
1.158 0.118487 -0.626456
1.16 0.36455 -0.500683
1.162 0.600237 -0.360613
1.164 0.803437 -0.226953
1.166 0.95159 -0.118588
1.168 1.02468 -0.0489792
1.17 1.00812 -0.0236289
1.172 0.895204 -0.039167
1.174 0.688901 -0.0842371
1.176 0.402614 -0.141997
1.178 0.0597106 -0.193696
1.18 -0.308402 -0.222574
1.182 -0.665566 -0.21727
1.184 -0.97515 -0.174058
1.186 -1.20466 -0.0974627
1.188 -1.32997 0.000820169
1.19 -1.33843 0.104476
1.192 -1.23048 0.196073
1.194 -1.01959 0.26078
1.196 -0.73043 0.28951
1.198 -0.395755 0.280788
1.2 -0.052131 0.240908
1.202 0.264867 0.182363
1.204 0.525404 0.120903
1.206 0.709318 0.0719166
1.208 0.808522 0.0469628
1.21 0.827398 0.0512244
1.212 0.781138 0.0824056
1.214 0.692427 0.131253
1.216 0.587171 0.183543
1.218 0.49009 0.223105
1.22 0.42088 0.235294
1.222 0.391423 0.21023
1.224 0.404314 0.145172
1.226 0.452786 0.0454922
1.228 0.522068 -0.0759867
1.23 0.592099 -0.201242
1.232 0.641335 -0.310465
1.234 0.651103 -0.385941
1.236 0.609687 -0.415566
1.238 0.515242 -0.395225
1.24 0.376824 -0.329523
1.242 0.21328 -0.230772
1.244 0.0501753 -0.1165
1.246 -0.0845952 -0.00606596
1.248 -0.16568 0.0829519
1.25 -0.174758 0.137909
1.252 -0.103946 0.153232
1.254 0.0423765 0.131157
1.256 0.247579 0.0809659
1.258 0.484741 0.0168675
1.26 0.720423 -0.0450319
1.262 0.919817 -0.0900614
1.264 1.05249 -0.107931
1.266 1.09768 -0.0946832
1.268 1.04817 -0.0532408
1.27 0.9118 0.00752712
1.272 0.710495 0.0749789
1.274 0.476766 0.135575
1.276 0.248442 0.17779
1.278 0.062471 0.194429
1.28 -0.0511319 0.183881
1.282 -0.0742438 0.150123
1.284 -0.00372219 0.101524
1.286 0.147884 0.0487626
1.288 0.354182 0.00233242
1.29 0.579136 -0.0298404
1.292 0.782989 -0.0441363
1.294 0.928922 -0.041967
1.296 0.989265 -0.0293148
1.298 0.95018 -0.015188
1.3 0.813978 -0.00935517
1.302 0.598722 -0.0198936
1.304 0.335199 -0.0511304
1.306 0.0618118 -0.102437
1.308 -0.18171 -0.16812
1.31 -0.360718 -0.238394
1.312 -0.451117 -0.301186
1.314 -0.443018 -0.344405
1.316 -0.342011 -0.358244
1.318 -0.167861 -0.337106
1.32 0.0491218 -0.280796
1.322 0.273356 -0.194722
1.324 0.469927 -0.0890273
1.326 0.610086 0.0232384
1.328 0.675359 0.128532
1.33 0.659626 0.215308
1.332 0.568961 0.276035
1.334 0.419404 0.308324
1.336 0.233192 0.314957
1.338 0.0342358 0.302898
1.34 -0.156297 0.28157
1.342 -0.323446 0.260823
1.344 -0.460381 0.249004
1.346 -0.568477 0.251441
1.348 -0.655646 0.269568
1.35 -0.733319 0.300794
1.352 -0.812788 0.339135
1.354 -0.901719 0.376526
1.356 -1.00159 0.404565
1.358 -1.10666 0.416312
1.36 -1.2046 0.407733
1.362 -1.27875 0.378434
1.364 -1.31156 0.331544
1.366 -1.28831 0.272812
1.368 -1.20064 0.209195
1.37 -1.04892 0.147315
1.372 -0.84314 0.0921478
1.374 -0.601897 0.0461897
1.376 -0.349896 0.00920523
1.378 -0.114164 -0.0214551
1.38 0.0802179 -0.0500548
1.382 0.214138 -0.0813342
1.384 0.277494 -0.119238
1.386 0.270682 -0.165768
1.388 0.204257 -0.220219
1.39 0.0968203 -0.279007
1.392 -0.028459 -0.336158
1.394 -0.148037 -0.384367
1.396 -0.242103 -0.416392
1.398 -0.297859 -0.426478
1.4 -0.311366 -0.411476
1.402 -0.287662 -0.371474
1.404 -0.239156 -0.309825
1.406 -0.182662 -0.232632
1.408 -0.135705 -0.147806
1.41 -0.112848 -0.063851
1.412 -0.122774 0.0114139
1.414 -0.166634 0.0719951
1.416 -0.237923 0.114526
1.418 -0.32384 0.13858
1.42 -0.407841 0.146446
1.422 -0.472879 0.142446
1.424 -0.504757 0.131958
1.426 -0.494953 0.120399
1.428 -0.4424 0.112354
1.43 -0.353824 0.110983
1.432 -0.242497 0.117739
1.434 -0.125615 0.132359
1.436 -0.0208029 0.153097
1.438 0.0574669 0.17712
1.44 0.100766 0.201019
1.442 0.108299 0.221338
1.444 0.0869366 0.235035
1.446 0.0497728 0.239798
1.448 0.013591 0.234219
1.45 -0.00425618 0.217821
1.452 0.0109822 0.190993
1.454 0.0687153 0.154876
1.456 0.171098 0.111225
1.458 0.312252 0.0622851
1.46 0.478786 0.0106557
1.462 0.651626 -0.0408611
1.464 0.808879 -0.0894376
1.466 0.929251 -0.132423
1.468 0.995384 -0.167548
1.47 0.996485 -0.19312
1.472 0.929794 -0.208171
1.474 0.800696 -0.212544
1.476 0.621604 -0.206887
1.478 0.409908 -0.192536
1.48 0.185455 -0.171305
1.482 -0.0320115 -0.145231
1.484 -0.225083 -0.116317
1.486 -0.380341 -0.0863273
1.488 -0.489283 -0.0566662
1.49 -0.548487 -0.028332
1.492 -0.559081 -0.0019439
1.494 -0.525704 0.0221735
1.496 -0.455225 0.0438565
1.498 -0.355497 0.0629402
1.5 -0.234403 0.0791154
1.502 -0.0993223 0.0918691
1.504 0.0429559 0.100556
1.506 0.186012 0.1046
1.508 0.323442 0.103778
1.51 0.448592 0.0984804
1.512 0.55453 0.0898576
1.514 0.63437 0.0797776
1.516 0.681908 0.0705792
1.518 0.692502 0.0646755
1.52 0.663983 0.0641023
1.522 0.597393 0.0701101
1.524 0.49734 0.0828644
1.526 0.371843 0.101292
1.528 0.231643 0.123106
1.53 0.0890563 0.145029
1.532 -0.0434392 0.16325
1.534 -0.154682 0.17405
1.536 -0.236127 0.174532
1.538 -0.282777 0.163277
1.54 -0.293602 0.14078
1.542 -0.271391 0.109526
1.544 -0.222064 0.0736628
1.546 -0.153575 0.0383226
1.548 -0.0746045 0.00874485
1.55 0.00670929 -0.0106167
1.552 0.0837711 -0.0168272
1.554 0.152118 -0.00893246
1.556 0.209538 0.011904
1.558 0.25577 0.0425997
1.56 0.291895 0.0786626
1.562 0.319587 0.114948
1.564 0.340394 0.146547
1.566 0.355222 0.169651
1.568 0.364119 0.1822
1.57 0.366419 0.184167
1.572 0.361179 0.177408
1.574 0.347789 0.16511
1.576 0.326564 0.150983
1.578 0.299127 0.138394
1.58 0.268457 0.129656
1.582 0.238562 0.125605
1.584 0.213831 0.125522
1.586 0.198211 0.127375
1.588 0.194373 0.128324
1.59 0.203032 0.125363
1.592 0.222536 0.116022
1.594 0.24883 0.0989739
1.596 0.275837 0.0744506
1.598 0.296257 0.0443312
1.6 0.302704 0.0118717
1.602 0.289031 -0.018903
1.604 0.251605 -0.0440172
1.606 0.190259 -0.0603817
1.608 0.108701 -0.0664498
1.61 0.0142379 -0.0625414
1.612 -0.0831448 -0.0507769
1.614 -0.172193 -0.0346572
1.616 -0.242016 -0.0183934
1.618 -0.283659 -0.00612464
1.62 -0.291399 -0.00116471
1.622 -0.263585 -0.00540125
1.624 -0.202946 -0.0189441
1.626 -0.116321 -0.0400831
1.628 -0.0138152 -0.0655733
1.63 0.092538 -0.091212
1.632 0.190433 -0.112612
1.634 0.269009 -0.126022
1.636 0.320324 -0.129025
1.638 0.340319 -0.120963
1.64 0.329133 -0.103003
1.642 0.290745 -0.0778475
1.644 0.232087 -0.0491754
1.646 0.161814 -0.0209531
1.648 0.0889482 0.00324702
1.65 0.0216014 0.0207948
1.652 -0.0340706 0.0303398
1.654 -0.0745611 0.031906
1.656 -0.0992693 0.0267484
1.658 -0.110289 0.0170059
1.66 -0.111764 0.00521446
1.662 -0.108938 -0.00622517
1.664 -0.107076 -0.0155135
1.666 -0.110496 -0.0217441
1.668 -0.121873 -0.0249562
1.67 -0.141907 -0.0259538
1.672 -0.169388 -0.0259616
1.674 -0.201549 -0.0262307
1.676 -0.234626 -0.0276979
1.678 -0.264506 -0.0307722
1.68 -0.287354 -0.0352743
1.682 -0.300151 -0.0405198
1.684 -0.301058 -0.0455101
1.686 -0.289598 -0.0491834
1.688 -0.266604 -0.0506792
1.69 -0.233983 -0.0495656
1.692 -0.19435 -0.0459836
1.694 -0.150608 -0.0406647
1.696 -0.105591 -0.0348056
1.698 -0.0618118 -0.0298149
1.7 -0.0213578 -0.0269906
1.702 0.0140923 -0.0272086
1.704 0.0431892 -0.030705
1.706 0.0648243 -0.0370055
1.708 0.0780821 -0.0450165
1.71 0.0822594 -0.0532494
1.712 0.0769537 -0.0601191
1.714 0.0622037 -0.0642485
1.716 0.0386507 -0.0647184
1.718 0.00768207 -0.061218
1.72 -0.028491 -0.0540769
1.722 -0.0668644 -0.0441775
1.724 -0.10381 -0.0327672
1.726 -0.135386 -0.0212101
1.728 -0.157764 -0.0107309
1.73 -0.167704 -0.00220459
1.732 -0.163016 0.00396487
1.734 -0.142928 0.0078568
1.736 -0.108301 0.00994217
1.738 -0.0616409 0.0109159
1.74 -0.00690183 0.0114963
1.742 0.0509186 0.0122406
1.744 0.106335 0.0134191
1.746 0.154011 0.0149756
1.748 0.189385 0.0165804
1.75 0.209193 0.0177588
1.752 0.211822 0.0180597
1.754 0.197445 0.017217
1.756 0.167934 0.0152611
1.758 0.12658 0.0125484
1.76 0.0776594 0.00970401
1.762 0.025918 0.00749462
1.764 -0.0239617 0.00666154
1.766 -0.0678432 0.00775186
1.768 -0.102513 0.0109809
1.77 -0.125914 0.0161532
1.772 -0.13721 0.0226606
1.774 -0.136713 0.0295615
1.776 -0.125687 0.0357341
1.778 -0.106096 0.0400759
1.78 -0.0803292 0.0417134
1.782 -0.0509532 0.0401757
1.784 -0.0205058 0.0354924
1.786 0.00866934 0.0281912
1.788 0.0345478 0.0191976
1.79 0.0555129 0.00966293
1.792 0.0704097 0.000760197
1.794 0.0785664 -0.00650923
1.796 0.079791 -0.0114674
1.798 0.0743515 -0.0138474
1.8 0.0629473 -0.013808
1.802 0.0466686 -0.0118749
1.804 0.0269349 -0.00882031
1.806 0.00540173 -0.005505
1.808 -0.0161663 -0.00271296
1.81 -0.0360488 -0.00101316
1.812 -0.0527321 -0.00067585
1.814 -0.065057 -0.0016586
1.816 -0.0723296 -0.00366077
1.818 -0.0743777 -0.00622782
1.82 -0.0715455 -0.00887549
1.822 -0.0646291 -0.011201
1.824 -0.054759 -0.0129564
1.826 -0.0432437 -0.0140718
1.828 -0.0313929 -0.0146308
1.83 -0.0203482 -0.0148122
1.832 -0.0109465 -0.0148157
1.834 -0.00364181 -0.014792
1.836 0.00150553 -0.0147937
1.838 0.00477543 -0.0147563
1.84 0.00668527 -0.0145137
1.842 0.00786124 -0.0138433
1.844 0.00890807 -0.012532
1.846 0.0102983 -0.0104456
1.848 0.0122963 -0.00758414
1.85 0.0149232 -0.00410761
1.852 0.0179661 -0.00032266
1.854 0.0210255 0.00336797
1.856 0.0235948 0.00654135
1.858 0.0251568 0.00883758
1.86 0.0252826 0.0100308
1.862 0.0237135 0.0100724
1.864 0.0204129 0.00909695
1.866 0.0155812 0.00739182
1.868 0.00963316 0.00533824
1.87 0.00314418 0.00333721
1.872 -0.00322632 0.00173602
1.874 -0.00882134 0.000769105
1.876 -0.0130708 0.000523855
1.878 -0.0155615 0.000936709
1.88 -0.0160833 0.00181912
1.882 -0.0146454 0.00290715
1.884 -0.0114634 0.0039237
1.886 -0.00692148 0.00463965
1.888 -0.00151774 0.00492021
1.89 0.00419787 0.00474603
1.892 0.0096867 0.00420532
1.894 0.0144794 0.00346116
1.896 0.0182235 0.00270415
1.898 0.0207154 0.00210355
1.9 0.0219122 0.00176811
1.902 0.021922 0.00172433
1.904 0.0209735 0.00191497
1.906 0.0193723 0.0022167
1.908 0.01745 0.00247244
1.91 0.0155158 0.00253111
1.912 0.0138177 0.00228623
1.914 0.0125165 0.00170455
1.916 0.0116762 0.000837724
1.918 0.0112663 -0.000186352
1.92 0.0111768 -0.00119117
1.922 0.0112419 -0.0019914
1.924 0.0112709 -0.00243491
1.926 0.0110821 -0.00243631
1.928 0.0105345 -0.00199467
1.93 0.00955079 -0.00119202
1.932 0.00812817 -0.000174736
1.934 0.00633539 0.000877118
1.936 0.0042978 0.0017852
1.938 0.00217493 0.00240593
1.94 0.000135188 0.002655
1.942 -0.00166818 0.00251924
1.944 -0.00311663 0.00205428
1.946 -0.00413935 0.00136901
1.948 -0.0047186 0.000600429
1.95 -0.00488707 -0.000115285
1.952 -0.00471781 -0.000669189
1.954 -0.00430882 -0.000997613
1.956 -0.00376519 -0.00108858
1.958 -0.00318259 -0.000976436
1.96 -0.00263508 -0.000727506
1.962 -0.00216905 -0.000421235
1.964 -0.00180313 -0.000131745
1.966 -0.00153286 8.6277e-05
1.968 -0.001338 0.000205089
1.97 -0.00119081 0.000224326
1.972 -0.00106371 0.00016548
1.974 -0.000935129 6.2587e-05
1.976 -0.000793056 -4.8217e-05
1.978 -0.000635829 -0.000137687
1.98 -0.000470515 -0.000189057
1.982 -0.00030958 -0.000199345
1.984 -0.000166866 -0.000176741
1.986 -5.39188e-05 -0.000135524
1.988 2.2586e-05 -9.04365e-05
1.99 6.19967e-05 -5.23222e-05
1.992 6.9496e-05 -2.61126e-05
1.994 5.48497e-05 -1.13098e-05
1.996 3.04226e-05 -4.27395e-06
1.998 8.7555e-06 -1.1214e-06
0.5 1.92709 0.668114
1 1.70833 0.608025
1.5 1.39769 0.52188
2 1.05573 0.424635
2.5 0.735739 0.328145
3 0.469185 0.237586
3.5 0.262106 0.151689
4 0.102293 0.0665281
4.5 -0.02752 -0.0192018
5 -0.137588 -0.10043
5.5 -0.225857 -0.165836
6 -0.281013 -0.20228
6.5 -0.29087 -0.201593
7 -0.250516 -0.166192
7.5 -0.165297 -0.110208
8 -0.047225 -0.0548153
8.5 0.0922846 -0.0194758
9 0.247902 -0.013192
9.5 0.41962 -0.0302835
10 0.605437 -0.0531859
10.5 0.792166 -0.061224
11 0.951557 -0.0410854
11.5 1.04676 0.00635838
12 1.04794 0.0664355
12.5 0.949045 0.118004
13 0.774876 0.143741
13.5 0.571585 0.137883
14 0.38293 0.107472
14.5 0.224304 0.0669673
15 0.0701876 0.0298091
15.5 -0.134982 0.00203416
16 -0.445257 -0.0185622
16.5 -0.876485 -0.0378646
17 -1.38502 -0.0590061
17.5 -1.87568 -0.0785884
18 -2.2373 -0.0880921
18.5 -2.38875 -0.0794092
19 -2.31179 -0.0505729
19.5 -2.05353 -0.0075773
20 -1.6982 0.0391756
20.5 -1.32434 0.0815195
21 -0.971361 0.118629
21.5 -0.633492 0.156692
22 -0.283034 0.202758
22.5 0.0918357 0.256451
23 0.457754 0.305273
23.5 0.733689 0.327598
24 0.818971 0.302987
24.5 0.639122 0.224713
25 0.187295 0.107276
25.5 -0.459001 -0.0161892
26 -1.15456 -0.106433
26.5 -1.73007 -0.134775
27 -2.04504 -0.0955964
27.5 -2.02971 -0.00828277
28 -1.70172 0.0922356
28.5 -1.15435 0.171191
29 -0.523482 0.20775
29.5 0.0531682 0.200234
30 0.471456 0.161341
30.5 0.681777 0.10757
31 0.692859 0.0498588
31.5 0.56049 -0.00912418
32 0.366126 -0.0703702
32.5 0.19139 -0.130854
33 0.0947189 -0.178974
33.5 0.0962663 -0.197082
34 0.17581 -0.170239
34.5 0.285048 -0.0959713
35 0.370351 0.0112307
35.5 0.396794 0.124003
36 0.362399 0.213041
36.5 0.295094 0.259111
37 0.233423 0.259856
37.5 0.201247 0.228243
38 0.191096 0.18427
38.5 0.166932 0.145033
39 0.0861547 0.118391
39.5 -0.0711828 0.102736
40 -0.283471 0.091554
40.5 -0.491598 0.0791322
41 -0.625541 0.0640332
41.5 -0.63954 0.0491142
42 -0.536148 0.0392723
42.5 -0.365333 0.039049
43 -0.198979 0.0514812
43.5 -0.0950083 0.0780603
44 -0.0707656 0.118728
44.5 -0.099171 0.171154
45 -0.127682 0.229713
45.5 -0.10768 0.285421
46 -0.0176416 0.327922
46.5 0.130882 0.34931
47 0.30442 0.348211
47.5 0.466475 0.332024
48 0.592478 0.31588
48.5 0.674003 0.318353
49 0.71333 0.355228
49.5 0.714946 0.433295
50 0.680694 0.546022
50.5 0.611104 0.672575
51 0.510493 0.781105
51.5 0.391175 0.836421
52 0.273513 0.810729
52.5 0.181866 0.694369
53 0.139069 0.502207
53.5 0.162221 0.27187
54 0.260707 0.0529144
54.5 0.435403 -0.10971
55 0.677561 -0.19104
55.5 0.967167 -0.193111
56 1.27246 -0.140043
56.5 1.55289 -0.0636512
57 1.76646 0.0128278
57.5 1.8799 0.0841957
58 1.87768 0.161044
58.5 1.76607 0.25761
59 1.57036 0.377254
59.5 1.32666 0.504382
60 1.07214 0.607833
60.5 0.837657 0.654073
61 0.644844 0.623032
61.5 0.506957 0.518172
62 0.430824 0.365895
62.5 0.417691 0.205298
63 0.462559 0.0740693
63.5 0.553594 -0.00262055
64 0.673676 -0.0160731
64.5 0.804635 0.0289153
65 0.932415 0.120379
65.5 1.05003 0.24464
66 1.15619 0.388522
66.5 1.25035 0.538596
67 1.32777 0.679548
67.5 1.3786 0.793822
68 1.39266 0.863605
68.5 1.36709 0.874777
69 1.31125 0.821629
69.5 1.24422 0.710828
70 1.18445 0.563103
70.5 1.13708 0.411276
71 1.08714 0.293757
71.5 1.00467 0.243954
72 0.861079 0.278148
72.5 0.648984 0.386343
73 0.394309 0.531002
73.5 0.152639 0.656493
74 -0.0102936 0.707656
74.5 -0.045535 0.651146
75 0.0574393 0.490596
75.5 0.26468 0.268052
76 0.509994 0.0495503
76.5 0.719414 -0.100158
77 0.836637 -0.143323
77.5 0.83874 -0.0840472
78 0.737075 0.0345498
78.5 0.56548 0.149835
79 0.363209 0.207183
79.5 0.160923 0.183165
80 -0.0249689 0.0940895
80.5 -0.189393 -0.0135852
81 -0.331093 -0.086028
81.5 -0.445977 -0.0871039
82 -0.525188 -0.0141257
82.5 -0.558504 0.10252
83 -0.5405 0.214806
83.5 -0.475693 0.279413
84 -0.379747 0.27603
84.5 -0.276039 0.213293
85 -0.188997 0.120639
85.5 -0.136589 0.0314222
86 -0.124104 -0.0334473
86.5 -0.14077 -0.073157
87 -0.160394 -0.102941
87.5 -0.147153 -0.141701
88 -0.0668683 -0.198776
88.5 0.0980559 -0.267179
89 0.335069 -0.326545
89.5 0.596522 -0.35363
90 0.809289 -0.334317
90.5 0.899213 -0.270804
91 0.822435 -0.18068
91.5 0.589581 -0.0890172
92 0.26923 -0.0179512
92.5 -0.0344357 0.021136
93 -0.222002 0.0297131
93.5 -0.239041 0.018588
94 -0.096582 0.00147622
94.5 0.138415 -0.0108947
95 0.377296 -0.0137632
95.5 0.550312 -0.00796853
96 0.632252 0.00253439
96.5 0.640818 0.0134752
97 0.611375 0.0220445
97.5 0.565215 0.0272806
98 0.491646 0.0295029
98.5 0.355336 0.0295067
99 0.12462 0.0280217
99.5 -0.196715 0.0255454
100 -0.554609 0.0223872
100.5 -0.85826 0.0187217
101 -1.01732 0.01458
101.5 -0.984029 0.0098453
102 -0.777462 0.00435364
102.5 -0.47535 -0.0018771
103 -0.175661 -0.00838297
103.5 0.0535539 -0.0141183
104 0.210216 -0.017586
104.5 0.36028 -0.0172615
105 0.602599 -0.0121906
105.5 1.01269 -0.00253195
106 1.5933 0.0102108
106.5 2.25771 0.0234302
107 2.85603 0.0341135
107.5 3.23346 0.0397802
108 3.2933 0.039305
108.5 3.03508 0.0332899
109 2.55105 0.023816
109.5 1.98502 0.0136702
110 1.47566 0.00536616
110.5 1.11118 0.000364099
111 0.913661 -0.00121878
111.5 0.853481 -0.000355109
112 0.879418 0.00149347
112.5 0.945468 0.00300503
113 1.02249 0.00338527
113.5 1.09525 0.00242284
114 1.15457 0.00030974
114.5 1.19419 -0.00258578
115 1.21479 -0.00585085
115.5 1.22919 -0.00904766
116 1.26024 -0.0117112
116.5 1.3285 -0.0134235
117 1.43576 -0.0139759
117.5 1.55579 -0.0135195
118 1.64118 -0.0125644
118.5 1.64538 -0.0117643
119 1.54884 -0.0115649
119.5 1.37472 -0.0119113
120 1.18503 -0.0122084
120.5 1.05892 -0.0115959
121 1.06424 -0.00941602
121.5 1.23545 -0.00562792
122 1.56557 -0.000937802
122.5 2.011 0.00343575
123 2.50329 0.00625119
123.5 2.96178 0.00675193
124 3.30555 0.00496254
124.5 3.46639 0.00166485
125 3.40329 -0.00189639
125.5 3.11465 -0.00442049
126 2.64121 -0.00490284
126.5 2.05468 -0.00283625
127 1.43465 0.0017368
127.5 0.844104 0.0082584
128 0.316397 0.0157179
128.5 -0.139645 0.0227409
129 -0.521431 0.027759
129.5 -0.814968 0.0293223
130 -0.991732 0.0265444
130.5 -1.02388 0.0195488
131 -0.907994 0.00969135
131.5 -0.679831 -0.000655594
132 -0.406721 -0.00880768
132.5 -0.15839 -0.0127562
133 0.0279245 -0.0120182
133.5 0.166535 -0.00790337
134 0.313225 -0.00298383
134.5 0.530177 5.41528e-05
135 0.845817 -0.000351675
135.5 1.23322 -0.00392566
136 1.61989 -0.00872873
136.5 1.92303 -0.0121251
137 2.08912 -0.0120369
137.5 2.11532 -0.0078606
138 2.04136 -0.000639273
138.5 1.9195 0.00750025
139 1.78204 0.0142856
139.5 1.62678 0.0181396
140 1.42796 0.0185923
140.5 1.16485 0.0161922
141 0.849041 0.0120531
141.5 0.53329 0.00726971
142 0.295232 0.00243699
142.5 0.203889 -0.00253336
143 0.285678 -0.00818365
143.5 0.506727 -0.014921
144 0.780179 -0.0223547
144.5 0.995855 -0.0290161
145 1.06053 -0.0328263
145.5 0.93345 -0.0322471
146 0.643812 -0.0274864
146.5 0.283489 -0.0208502
147 -0.0232988 -0.0156942
147.5 -0.163357 -0.0143713
148 -0.075524 -0.0165161
148.5 0.22647 -0.0191803
149 0.659119 -0.0193198
149.5 1.10107 -0.0173888
150 1.439 -0.0194457
150.5 1.60776 -0.0354102
151 1.60753 -0.0732076
151.5 1.49169 -0.13146
152 1.33367 -0.19525
152.5 1.19132 -0.238733
153 1.08677 -0.23495
153.5 1.01 -0.16882
154 0.93957 -0.0466868
154.5 0.864864 0.103278
155 0.794593 0.241026
155.5 0.747168 0.330655
156 0.731356 0.354711
156.5 0.732603 0.319761
157 0.71651 0.250765
157.5 0.648832 0.177695
158 0.519335 0.121605
158.5 0.353014 0.0870743
159 0.199684 0.0639918
159.5 0.106928 0.0364287
160 0.0927554 -0.00699282
160.5 0.135279 -0.0668135
161 0.186434 -0.133084
161.5 0.201597 -0.191018
162 0.166878 -0.228143
162.5 0.107311 -0.239143
163 0.0712725 -0.226612
163.5 0.101308 -0.19836
164 0.209605 -0.163429
164.5 0.372592 -0.12889
165 0.546443 -0.0984761
165.5 0.692103 -0.0728842
166 0.793364 -0.0509753
166.5 0.857417 -0.0311336
167 0.899706 -0.0123486
167.5 0.925318 0.00516345
168 0.920716 0.0199223
168.5 0.861813 0.0297887
169 0.732816 0.0330605
169.5 0.542813 0.0295918
170 0.328555 0.0213073
170.5 0.140868 0.0116926
171 0.0224021 0.00438932
171.5 -0.0106167 0.00158708
172 0.0269219 0.00309477
172.5 0.0989557 0.0066279
173 0.165852 0.00915545
173.5 0.199895 0.00854201
174 0.192149 0.00457662
174.5 0.150376 -0.00112674
175 0.0923091 -0.00620238
175.5 0.0390536 -0.00889801
176 0.0106239 -0.00895733
176.5 0.022557 -0.00759694
177 0.0819083 -0.00669465
177.5 0.182941 -0.0077115
178 0.305315 -0.0109387
178.5 0.417963 -0.0154137
179 0.489126 -0.0194662
179.5 0.498879 -0.0215554
180 0.447844 -0.0209625
180.5 0.356867 -0.018028
181 0.256961 -0.0138618
181.5 0.174251 -0.00970577
182 0.117658 -0.00628609
182.5 0.075841 -0.00349382
183 0.0250991 -0.000580737
183.5 -0.0558058 0.00320485
184 -0.171502 0.00787491
184.5 -0.303826 0.0123014
185 -0.416991 0.0144902
185.5 -0.472036 0.0125209
186 -0.44416 0.00573349
186.5 -0.335093 -0.00449819
187 -0.174831 -0.0149601
187.5 -0.0116562 -0.0218465
188 0.105495 -0.0225478
188.5 0.1449 -0.0170663
189 0.10267 -0.00823019
189.5 0.00194687 -0.000460468
190 -0.118265 0.00236504
190.5 -0.219012 -0.00114079
191 -0.274696 -0.00916135
191.5 -0.278426 -0.0175952
192 -0.238561 -0.0221098
192.5 -0.170091 -0.0202209
193 -0.0864545 -0.0123241
193.5 0.00398339 -0.00126224
194 0.0962679 0.00913918
194.5 0.184862 0.0156309
195 0.261272 0.0163969
195.5 0.315469 0.0110495
196 0.340111 0.000247482
196.5 0.33434 -0.014427
197 0.304126 -0.030142
197.5 0.258649 -0.0425502
198 0.205119 -0.0464427
198.5 0.145791 -0.0377752
199 0.0795182 -0.0165021
199.5 0.00703849 0.0113285
200 -0.0637178 0.0339451
200.5 -0.11665 0.03744
201 -0.132913 0.011594
201.5 -0.100875 -0.0445778
202 -0.025463 -0.120422
202.5 0.0689051 -0.19603
203 0.14488 -0.248805
203.5 0.166606 -0.261488
204 0.116021 -0.228139
204.5 0.00334257 -0.155534
205 -0.133878 -0.0597138
205.5 -0.243813 0.0403251
206 -0.28065 0.128686
206.5 -0.223647 0.195879
207 -0.0867623 0.238696
207.5 0.0854839 0.257899
208 0.234323 0.255821
208.5 0.3086 0.235479
209 0.283425 0.20128
209.5 0.168557 0.160057
210 0.00392239 0.120852
210.5 -0.155277 0.0927521
211 -0.257809 0.0816191
211.5 -0.273119 0.087551
212 -0.200166 0.10478
212.5 -0.0661603 0.124338
213 0.0838469 0.138148
213.5 0.202918 0.142256
214 0.258558 0.137402
214.5 0.243899 0.126747
215 0.179439 0.112383
215.5 0.103974 0.0930616
216 0.0574736 0.0648657
216.5 0.0625557 0.0247085
217 0.112839 -0.0253964
217.5 0.174348 -0.0760996
218 0.20055 -0.11246
218.5 0.154826 -0.1195
219 0.0297711 -0.0892136
219.5 -0.146596 -0.0255877
220 -0.321642 0.0551078
220.5 -0.441317 0.129396
221 -0.474516 0.175111
221.5 -0.426511 0.179736
222 -0.334793 0.144898
222.5 -0.249754 0.085046
223 -0.210347 0.0209339
223.5 -0.227082 -0.0291356
224 -0.280397 -0.056393
224.5 -0.33402 -0.0639608
225 -0.355269 -0.063692
225.5 -0.331246 -0.0692562
226 -0.273011 -0.0888736
226.5 -0.206826 -0.121048
227 -0.158445 -0.15502
227.5 -0.139436 -0.175377
228 -0.142531 -0.168482
228.5 -0.14748 -0.127962
229 -0.133265 -0.0573562
229.5 -0.0896907 0.0304819
230 -0.022516 0.116483
230.5 0.0497589 0.179857
231 0.104965 0.203094
231.5 0.127229 0.176812
232 0.113157 0.103558
232.5 0.0720373 -0.00082724
233 0.0208947 -0.109726
233.5 -0.0227122 -0.192601
234 -0.0468871 -0.224694
234.5 -0.0484147 -0.196098
235 -0.0321369 -0.116132
235.5 -0.00768706 -0.0104546
236 0.0147147 0.0884452
236.5 0.0277707 0.153484
237 0.0288883 0.172555
237.5 0.0199905 0.151287
238 0.00581022 0.108219
238.5 -0.00843643 0.0652772
239 -0.0190251 0.03843
239.5 -0.0246511 0.0326804
240 -0.0261435 0.0428759
240.5 -0.0253457 0.0587164
241 -0.0238635 0.0706402
241.5 -0.0223265 0.0736051
242 -0.0204309 0.0676027
242.5 -0.0175584 0.0557372
243 -0.0134762 0.0416973
243.5 -0.00865778 0.0281375
244 -0.00407386 0.0164048
244.5 -0.000658217 0.0070724
245 0.00116883 0.000461043
245.5 0.00162901 -0.00328719
246 0.00134019 -0.00444433
246.5 0.000910576 -0.0038244
247 0.00065082 -0.00254671
247.5 0.000552452 -0.00154999
248 0.000476098 -0.00120672
248.5 0.000364356 -0.00130669
249 0.000317587 -0.00138552
249.5 0.000504438 -0.00112849
250 0.00100911 -0.000566076
250.5 0.00175015 2.44352e-05
251 0.00253145 0.000370337
251.5 0.00317529 0.000387631
252 0.00362815 0.000179526
252.5 0.00396049 -9.80306e-05
253 0.00426943 -0.000358751
253.5 0.0045664 -0.000596684
254 0.00473763 -0.000806308
254.5 0.00460645 -0.00091452
255 0.00405167 -0.000803974
255.5 0.00310009 -0.000412522
256 0.00193424 0.000182401
256.5 0.000815474 0.000776892
257 -2.68611e-05 0.00115244
257.5 -0.000478034 0.00120644
258 -0.000557648 0.00100707
258.5 -0.000382605 0.000737818
259 -0.000105448 0.000578482
259.5 0.000139566 0.00060724
260 0.000267052 0.000780935
260.5 0.000249019 0.000987386
261 0.000109138 0.00111803
261.5 -9.1901e-05 0.00111137
262 -0.000277873 0.000954884
262.5 -0.000381918 0.000667372
263 -0.000367198 0.000288237
263.5 -0.000234483 -0.000121303
264 -1.33273e-05 -0.000481012
264.5 0.000257166 -0.000713111
265 0.000545777 -0.000776394
265.5 0.000834649 -0.000688624
266 0.00111191 -0.000516265
266.5 0.00136019 -0.000334329
267 0.00155275 -0.000182856
267.5 0.00166271 -4.97938e-05
268 0.00168022 0.000109825
268.5 0.00162485 0.000334805
269 0.00154185 0.000627018
269.5 0.00148118 0.00094703
270 0.0014703 0.00123296
270.5 0.00149766 0.00142528
271 0.00151891 0.00148252
271.5 0.00148424 0.00138619
272 0.00137123 0.0011427
272.5 0.0012027 0.000787766
273 0.00103672 0.000388766
273.5 0.000932999 3.42387e-05
274 0.000915226 -0.000193617
274.5 0.00095289 -0.000253261
275 0.000975248 -0.000164459
275.5 0.000910609 8.59384e-07
276 0.000728213 0.000156161
276.5 0.000458004 0.000246323
277 0.000176935 0.000275848
277.5 -2.92359e-05 0.000303287
278 -0.000105584 0.000405454
278.5 -4.6669e-05 0.000631204
279 0.000113631 0.000968581
279.5 0.000330678 0.00134084
280 0.000575431 0.00163279
280.5 0.000841992 0.0017363
281 0.00113402 0.00159705
281.5 0.00144225 0.00124353
282 0.00173051 0.000784839
282.5 0.00194142 0.0003745
283 0.00201926 0.000151563
283.5 0.00193728 0.000182796
284 0.00171389 0.000432582
284.5 0.00140917 0.00077686
285 0.00110362 0.00105679
285.5 0.000869412 0.00114766
286 0.000746467 0.00101067
286.5 0.000731709 0.000704158
287 0.000783695 0.000352566
287.5 0.000838936 9.14134e-05
288 0.000833412 1.56973e-05
288.5 0.00072256 0.000152675
289 0.00049451 0.000464822
289.5 0.000173643 0.000874459
290 -0.000186032 0.00129513
290.5 -0.000515748 0.00165688
291 -0.000751082 0.00191891
291.5 -0.000849984 0.00206955
292 -0.000804323 0.00211698
292.5 -0.000641166 0.00207669
293 -0.000413012 0.00196156
293.5 -0.000180051 0.00177926
294 9.17019e-06 0.00153747
294.5 0.000131199 0.0012527
295 0.000189778 0.000955246
295.5 0.000206008 0.000684874
296 0.000201716 0.000477971
296.5 0.000184784 0.000353461
297 0.000144503 0.000306572
297.5 5.98874e-05 0.000314799
298 -8.32461e-05 0.0003522
298.5 -0.000275842 0.000402563
299 -0.000479532 0.000463283
299.5 -0.000635636 0.000538955
300 -0.000686127 0.000631237
300.5 -0.000597127 0.000733641
301 -0.000373932 0.000835129
301.5 -6.05915e-05 0.000928732
302 0.000275459 0.00101698
302.5 0.000566415 0.0011084
303 0.000764558 0.00120641
303.5 0.000852307 0.00129885
304 0.000839886 0.00135654
304.5 0.00075471 0.00134427
305 0.000629575 0.00123881
305.5 0.000495292 0.00104423
306 0.00037902 0.000795387
306.5 0.000305155 0.000547353
307 0.000294295 0.000355619
307.5 0.000358161 0.000256177
308 0.000492704 0.000254044
308.5 0.00067458 0.000324303
309 0.000865323 0.000424181
309.5 0.0010232 0.000510443
310 0.00111763 0.000554835
310.5 0.00113888 0.000551775
311 0.00109832 0.000516049
311.5 0.00102008 0.000472623
312 0.00093 0.000443853
312.5 0.000848778 0.000439927
313 0.000792385 0.00045614
313.5 0.000777169 0.000476815
314 0.000823347 0.000482716
314.5 0.000951703 0.000458172
315 0.0011733 0.000395801
315.5 0.0014776 0.000298875
316 0.00182654 0.000182155
316.5 0.00215976 7.1027e-05
317 0.00241015 -2.60223e-06
317.5 0.00252393 -8.88687e-06
318 0.00247722 6.83001e-05
318.5 0.00228306 0.000221392
319 0.00198714 0.000416877
319.5 0.00165488 0.000604166
320 0.00135438 0.000733344
320.5 0.00114017 0.000774211
321 0.0010414 0.000727537
321.5 0.00105667 0.000623024
322 0.00115611 0.00050517
322.5 0.00129038 0.000414132
323 0.00140447 0.00037059
323.5 0.00145323 0.000370765
324 0.00141465 0.000392322
324.5 0.00129726 0.000406925
325 0.00113901 0.000393063
325.5 0.000997168 0.000343882
326 0.000931265 0.000267751
326.5 0.00098351 0.000182679
327 0.00116296 0.000107844
327.5 0.00143943 5.61571e-05
328 0.0017505 3.07547e-05
328.5 0.00202047 2.62836e-05
329 0.00218499 3.35739e-05
329.5 0.0022121 4.48135e-05
330 0.00211147 5.64314e-05
330.5 0.00192823 6.85356e-05
331 0.0017246 8.19925e-05
331.5 0.00155738 9.56554e-05
332 0.00146075 0.000105917
332.5 0.00144035 0.000108926
333 0.00147881 0.000103778
333.5 0.00154818 9.42279e-05
334 0.00162232 8.74858e-05
334.5 0.00168471 9.06971e-05
335 0.00173032 0.000107257
335.5 0.00176354 0.000135178
336 0.00179499 0.000168324
336.5 0.00183851 0.000199612
337 0.0019076 0.000224291
337.5 0.00201007 0.000241759
338 0.00214121 0.000255379
338.5 0.00227863 0.000270768
339 0.00238328 0.000293382
339.5 0.00240963 0.000326133
340 0.0023234 0.000367622
340.5 0.00211958 0.000411557
341 0.00183125 0.00044791
341.5 0.00152256 0.000465939
342 0.00126653 0.0004583
342.5 0.0011167 0.000424618
343 0.00108585 0.000372703
343.5 0.00114225 0.00031644
344 0.00122539 0.000270943
344.5 0.00127311 0.000246925
345 0.00124689 0.000246735
345.5 0.00114377 0.000263735
346 0.000991301 0.000285215
346.5 0.000830642 0.000297515
347 0.000698121 0.000291206
347.5 0.000613809 0.000264278
348 0.000580201 0.000222209
348.5 0.000588006 0.000175057
349 0.000623525 0.00013299
349.5 0.000673637 0.000102229
350 0.000727901 8.31733e-05
350.5 0.00077961 7.13767e-05
351 0.000827334 6.06074e-05
351.5 0.000876318 4.62059e-05
352 0.00093751 2.69585e-05
352.5 0.00102269 4.74296e-06
353 0.00113689 -1.73619e-05
353.5 0.00127193 -3.6947e-05
354 0.00140552 -5.28449e-05
354.5 0.0015076 -6.43178e-05
355 0.00155176 -6.99687e-05
355.5 0.00152643 -6.77445e-05
356 0.00144012 -5.64946e-05
356.5 0.00131816 -3.81267e-05
357 0.00119242 -1.85665e-05
357.5 0.00108911 -6.1815e-06
358 0.00102015 -7.88456e-06
358.5 0.000981807 -2.47758e-05
359 0.000960133 -4.98138e-05
359.5 0.000939687 -6.91648e-05
360 0.000910823 -6.70365e-05
360.5 0.000872179 -3.20292e-05
361 0.000828175 3.77181e-05
361.5 0.000784239 0.000132726
362 0.000743551 0.000234378
362.5 0.000707594 0.000320212
363 0.000679732 0.000370397
363.5 0.000668398 0.000373369
364 0.000686183 0.000329145
364.5 0.000743706 0.000249642
365 0.000841017 0.000156067
365.5 0.000962024 7.3949e-05
366 0.00107673 2.66967e-05
366.5 0.001152 2.88882e-05
367 0.00116643 8.08546e-05
367.5 0.00112149 0.000166382
368 0.00104251 0.000255132
368.5 0.000967884 0.000310337
369 0.000931233 0.000300408
369.5 0.000945301 0.000211017
370 0.000995493 5.29331e-05
370.5 0.00104634 -0.000138407
371 0.00105774 -0.000312836
371.5 0.00100347 -0.00042209
372 0.000883649 -0.000436943
372.5 0.000726179 -0.000357801
373 0.000576839 -0.000214007
373.5 0.000482296 -5.18977e-05
374 0.000472253 8.34612e-05
374.5 0.000546869 0.000165204
375 0.000673525 0.000193258
375.5 0.000794314 0.000191407
376 0.000842647 0.000194605
376.5 0.00076462 0.000232321
377 0.000538744 0.000315058
377.5 0.000187052 0.000429488
378 -0.000227529 0.000543895
378.5 -0.000618359 0.000621319
379 -0.000901913 0.000634732
379.5 -0.00102472 0.000577852
380 -0.000979863 0.000467152
380.5 -0.000806144 0.000334363
381 -0.000570499 0.000212954
381.5 -0.000341543 0.000124669
382 -0.000166099 7.2214e-05
382.5 -5.84297e-05 4.12455e-05
383 -5.03089e-06 1.04009e-05
383.5 2.01206e-05 -3.58032e-05
384 3.95205e-05 -9.77723e-05
384.5 6.37509e-05 -0.000160025
385 9.32807e-05 -0.000199198
385.5 0.000126276 -0.000196779
386 0.000164988 -0.000150002
386.5 0.000215341 -7.52149e-05
387 0.000280018 -1.72354e-06
387.5 0.000350657 4.10861e-05
388 0.000406043 3.72267e-05
388.5 0.000419494 -8.27888e-06
389 0.00037252 -7.12729e-05
389.5 0.000267179 -0.000118894
390 0.000129574 -0.000123638
390.5 1.56468e-06 -7.46219e-05
391 -7.57448e-05 1.87794e-05
391.5 -7.87257e-05 0.000131954
392 -1.0188e-05 0.00023577
392.5 0.000103089 0.000307779
393 0.000222087 0.000339098
393.5 0.00031025 0.000334733
394 0.000344457 0.000308319
394.5 0.000318582 0.000274488
395 0.000240291 0.000242468
395.5 0.000124816 0.000213336
396 -1.01406e-05 0.000181408
396.5 -0.000146315 0.00013867
397 -0.000264413 8.02286e-05
397.5 -0.000343938 8.6401e-06
398 -0.000365672 -6.47019e-05
398.5 -0.00031706 -0.000122099
399 -0.000198327 -0.000145659
399.5 -2.58983e-05 -0.000124974
400 0.000169472 -6.30826e-05
400.5 0.000350131 2.25712e-05
401 0.000482205 0.000105568
401.5 0.000545778 0.000160555
402 0.000541023 0.000173296
402.5 0.000488252 0.000145561
403 0.000421709 9.21312e-05
403.5 0.000378581 3.15918e-05
404 0.000385971 -2.36623e-05
404.5 0.00044965 -7.22271e-05
405 0.000548956 -0.000120561
405.5 0.000641527 -0.000174427
406 0.000678666 -0.000231228
406.5 0.00062745 -0.000279211
407 0.000490935 -0.000304963
407.5 0.000316016 -0.000304664
408 0.000181877 -0.000291165
408.5 0.000170188 -0.000290877
409 0.000327843 -0.000330628
409.5 0.000638925 -0.000421438
410 0.00102076 -0.000548945
410.5 0.00134917 -0.000676928
411 0.00150447 -0.000762768
411.5 0.00141934 -0.000776517
412 0.00110742 -0.000712994
412.5 0.00065965 -0.0005906
413 0.000209337 -0.000438619
413.5 -0.000118911 -0.000281507
414 -0.00025464 -0.00012992
414.5 -0.000202851 1.67313e-05
415 -3.40262e-05 0.000159178
415.5 0.000150264 0.000287213
416 0.000259478 0.00037704
416.5 0.0002457 0.000399833
417 0.000113398 0.000336988
417.5 -9.27979e-05 0.000193054
418 -0.000312656 -1.52778e-06
418.5 -0.000494041 -0.000200015
419 -0.000606096 -0.000356612
419.5 -0.000640089 -0.000442818
420 -0.000603122 -0.000455258
420.5 -0.000512032 -0.000412185
421 -0.000391431 -0.000341585
421.5 -0.000273944 -0.000267503
422 -0.000197121 -0.000201275
422.5 -0.00019311 -0.000141275
423 -0.000273305 -8.03292e-05
423.5 -0.000416346 -1.61561e-05
424 -0.000569127 4.12468e-05
424.5 -0.00066489 7.00285e-05
425 -0.000652618 4.57059e-05
425.5 -0.000523865 -4.4473e-05
426 -0.000322275 -0.000189118
426.5 -0.000128866 -0.000349612
427 -2.85124e-05 -0.000470125
427.5 -7.31401e-05 -0.000498226
428 -0.000259038 -0.000407695
428.5 -0.000528437 -0.000212867
429 -0.000793321 3.30346e-05
429.5 -0.000969215 0.00025586
430 -0.00100364 0.000387313
430.5 -0.000888688 0.000389017
431 -0.000656334 0.000264067
431.5 -0.000362492 5.26791e-05
432 -6.8764e-05 -0.00018415
432.5 0.000171847 -0.0003847
433 0.00032345 -0.000502497
433.5 0.000371313 -0.000514296
434 0.000322843 -0.000420633
434.5 0.000205119 -0.000241801
435 5.75417e-05 -1.17004e-05
435.5 -8.03441e-05 0.000229494
436 -0.000182408 0.000443644
436.5 -0.000244759 0.000602817
437 -0.000284437 0.000694708
437.5 -0.000327285 0.000722556
438 -0.000390634 0.0006989
438.5 -0.000470337 0.000636
439 -0.000540276 0.000538214
439.5 -0.000565738 0.000401036
440 -0.000523891 0.00021772
440.5 -0.000419678 -1.03785e-05
441 -0.000287352 -0.000266313
441.5 -0.00017563 -0.000518242
442 -0.000123819 -0.000728902
442.5 -0.000141671 -0.000869213
443 -0.000203869 -0.000928752
443.5 -0.000262049 -0.000917528
444 -0.000267766 -0.000858433
444.5 -0.000194325 -0.000774933
445 -4.68431e-05 -0.000680943
445.5 0.00014301 -0.000578086
446 0.000332845 -0.000460983
446.5 0.00048654 -0.000326558
447 0.000584077 -0.000181378
447.5 0.000621493 -4.2577e-05
448 0.000604215 6.80606e-05
448.5 0.00054003 0.000133398
449 0.000436436 0.000148474
449.5 0.000302854 0.000122438
450 0.000154318 7.43091e-05
450.5 1.22142e-05 2.51626e-05
451 -0.000100067 -9.25354e-06
451.5 -0.00016499 -2.2371e-05
452 -0.00017795 -1.63151e-05
452.5 -0.000149336 1.51052e-06
453 -0.000100057 2.24322e-05
453.5 -5.25422e-05 3.93326e-05
454 -2.16187e-05 4.78317e-05
454.5 -9.55369e-06 4.64023e-05
455 -7.25507e-06 3.61842e-05
455.5 -4.89084e-07 2.07304e-05
456 2.22596e-05 5.36135e-06
456.5 6.403e-05 -4.22749e-06
457 0.000118036 -3.90822e-06
457.5 0.000170762 7.20892e-06
458 0.000207613 2.63094e-05
458.5 0.000218471 4.7951e-05
459 0.000200988 6.61117e-05
459.5 0.000160706 7.60863e-05
460 0.000108435 7.5332e-05
460.5 5.62323e-05 6.32062e-05
461 1.35534e-05 4.03391e-05
461.5 -1.51284e-05 8.5288e-06
462 -3.06281e-05 -2.86009e-05
462.5 -3.74596e-05 -6.48651e-05
463 -4.11939e-05 -9.18443e-05
463.5 -4.5942e-05 -0.000100942
464 -5.29766e-05 -8.669e-05
464.5 -6.0906e-05 -4.97572e-05
465 -6.70347e-05 2.10599e-06
465.5 -6.9001e-05 5.60337e-05
466 -6.57711e-05 9.82909e-05
466.5 -5.75856e-05 0.000118946
467 -4.51589e-05 0.000114913
467.5 -2.88633e-05 9.01916e-05
468 -8.5306e-06 5.35336e-05
468.5 1.60142e-05 1.48951e-05
469 4.41133e-05 -1.77031e-05
469.5 7.37406e-05 -3.98341e-05
470 0.000101633 -5.06919e-05
470.5 0.000124012 -5.20493e-05
471 0.000137511 -4.69023e-05
471.5 0.000139987 -3.83215e-05
472 0.00013105 -2.86778e-05
472.5 0.000112341 -1.92147e-05
473 8.74953e-05 -9.9548e-06
473.5 6.15895e-05 1.17379e-09
474 3.99372e-05 1.17796e-05
474.5 2.64248e-05 2.58453e-05
475 2.2047e-05 4.13254e-05
475.5 2.44672e-05 5.59583e-05
476 2.90509e-05 6.68053e-05
476.5 3.10246e-05 7.14391e-05
477 2.7698e-05 6.90186e-05
477.5 1.95674e-05 6.06823e-05
478 9.73665e-06 4.90521e-05
478.5 2.06681e-06 3.71282e-05
479 -8.21592e-07 2.71649e-05
479.5 1.41047e-06 2.00784e-05
480 7.15692e-06 1.5582e-05
480.5 1.41359e-05 1.28148e-05
481 2.06762e-05 1.10026e-05
481.5 2.62721e-05 9.76658e-06
482 3.12599e-05 9.00443e-06
482.5 3.60444e-05 8.57154e-06
483 4.0488e-05 8.08558e-06
483.5 4.3833e-05 7.03429e-06
484 4.51082e-05 5.10505e-06
484.5 4.36791e-05 2.47606e-06
485 3.95906e-05 -1.69366e-07
485.5 3.35454e-05 -1.9507e-06
486 2.65885e-05 -2.2479e-06
486.5 1.9699e-05 -1.04079e-06
487 1.34903e-05 1.05931e-06
487.5 8.13997e-06 3.09085e-06
488 3.55641e-06 4.17562e-06
488.5 -3.25989e-07 3.88938e-06
489 -3.30879e-06 2.41607e-06
489.5 -4.9259e-06 4.49982e-07
490 -4.72413e-06 -1.08919e-06
490.5 -2.68107e-06 -1.41366e-06
491 5.24478e-07 -1.75879e-07
491.5 3.63145e-06 2.3766e-06
492 5.31294e-06 5.46814e-06
492.5 4.81966e-06 8.08564e-06
493 2.35954e-06 9.4007e-06
493.5 -1.03039e-06 9.14724e-06
494 -4.04063e-06 7.76328e-06
494.5 -5.72432e-06 6.19561e-06
495 -5.83741e-06 5.43408e-06
495.5 -4.74233e-06 6.00056e-06
496 -3.03531e-06 7.66558e-06
496.5 -1.20179e-06 9.55897e-06
497 4.95427e-07 1.06285e-05
497.5 1.92439e-06 1.02025e-05
498 2.97842e-06 8.34768e-06
498.5 3.61131e-06 5.82424e-06
499 3.98985e-06 3.66727e-06
499.5 4.593e-06 2.63605e-06
500 6.10316e-06 2.84427e-06
