-1.998 -2.32671e-06 -4.17757e-06
-1.996 -8.28715e-06 -9.62021e-06
-1.994 -3.66593e-05 -1.32153e-05
-1.992 -0.000121617 -1.92086e-05
-1.99 -0.000287176 -3.03646e-05
-1.988 -0.000519558 -3.76332e-05
-1.986 -0.000752248 -1.55087e-05
-1.984 -0.00087511 7.14281e-05
-1.982 -0.000770217 0.000250047
-1.98 -0.000365726 0.000513707
-1.978 0.000310691 0.00080132
-1.976 0.00110178 0.000992689
-1.974 0.00173331 0.000929217
-1.972 0.00187722 0.000461393
-1.97 0.00125653 -0.000485919
-1.968 -0.000233972 -0.00184899
-1.966 -0.00242895 -0.00338543
-1.964 -0.004855 -0.00468108
-1.962 -0.0067829 -0.00521576
-1.96 -0.00737536 -0.00448377
-1.958 -0.00590778 -0.0021461
-1.956 -0.00201165 0.00182415
-1.954 0.00412592 0.00704883
-1.952 0.0116739 0.0127445
-1.95 0.0192278 0.0178359
-1.948 0.02505 0.0211759
-1.946 0.0274483 0.0218315
-1.944 0.025215 0.0193705
-1.942 0.0180219 0.0140708
-1.94 0.00666233 0.00698305
-1.938 -0.00694898 -0.000196078
-1.936 -0.0200545 -0.00543849
-1.934 -0.0295824 -0.00683638
-1.932 -0.0328282 -0.00309784
-1.93 -0.0281424 0.00603229
-1.928 -0.0154572 0.0195432
-1.926 0.00349488 0.0352045
-1.924 0.0253553 0.0499134
-1.922 0.0457099 0.0602974
-1.92 0.0599592 0.0634542
-1.918 0.064316 0.0576696
-1.916 0.0567097 0.0429359
-1.914 0.0373807 0.0211311
-1.912 0.00900298 -0.0042186
-1.91 -0.0237278 -0.0285729
-1.908 -0.054984 -0.0472976
-1.906 -0.0789993 -0.0566794
-1.904 -0.0913105 -0.0548116
-1.902 -0.0897664 -0.042133
-1.9 -0.0750641 -0.0214766
-1.898 -0.0506688 0.00241854
-1.896 -0.0221139 0.0238476
-1.894 0.00417977 0.0373441
-1.892 0.0223089 0.0388849
-1.89 0.0281999 0.0268219
-1.888 0.0205225 0.00232145
-1.886 0.000985133 -0.0308056
-1.884 -0.0260702 -0.0668618
-1.882 -0.0546899 -0.0994542
-1.88 -0.0787164 -0.122856
-1.878 -0.0932519 -0.133232
-1.876 -0.0958253 -0.129446
-1.874 -0.0869701 -0.113254
-1.872 -0.0700618 -0.0888384
-1.87 -0.0504353 -0.061801
-1.868 -0.0339913 -0.0378402
-1.866 -0.0256283 -0.0214459
-1.864 -0.0278962 -0.0149164
-1.862 -0.0402219 -0.0179317
-1.86 -0.0589254 -0.0277761
-1.858 -0.0780549 -0.0401488
-1.856 -0.0908656 -0.0503529
-1.854 -0.0915994 -0.054562
-1.852 -0.0771308 -0.0508382
-1.85 -0.0480533 -0.0396369
-1.848 -0.00889335 -0.023659
-1.846 0.0326644 -0.00708173
-1.844 0.06742 0.00563435
-1.842 0.0868235 0.0110428
-1.84 0.0851664 0.00775869
-1.838 0.0612652 -0.0030419
-1.836 0.0191981 -0.0178284
-1.834 -0.0321459 -0.0315988
-1.832 -0.0806721 -0.0392267
-1.83 -0.113545 -0.0369288
-1.828 -0.120003 -0.0234576
-1.826 -0.0939018 -0.000681673
-1.824 -0.0354202 0.0266487
-1.822 0.0485256 0.051947
-1.82 0.1453 0.0684338
-1.818 0.238857 0.0709908
-1.816 0.31289 0.057754
-1.814 0.354176 0.0310042
-1.812 0.355392 -0.00293798
-1.81 0.316792 -0.0348744
-1.808 0.246374 -0.0547433
-1.806 0.15845 -0.0540495
-1.804 0.0709216 -0.0281383
-1.802 0.00178076 0.0222622
-1.8 -0.0344291 0.0906621
-1.798 -0.0294824 0.165774
-1.796 0.0169235 0.233683
-1.794 0.0971447 0.280793
-1.792 0.197132 0.296899
-1.79 0.299192 0.277695
-1.788 0.385375 0.226082
-1.786 0.440796 0.151933
-1.784 0.456224 0.0702629
-1.782 0.429469 -0.00183729
-1.78 0.365359 -0.048887
-1.778 0.274385 -0.0605028
-1.776 0.170361 -0.0338959
-1.774 0.0676367 0.0252245
-1.772 -0.0215296 0.103599
-1.77 -0.0889325 0.183064
-1.768 -0.131351 0.244353
-1.766 -0.150382 0.271227
-1.764 -0.151345 0.254045
-1.762 -0.141622 0.191961
-1.76 -0.128879 0.0932738
-1.758 -0.119561 -0.0261811
-1.756 -0.117945 -0.14625
-1.754 -0.125876 -0.24661
-1.752 -0.143103 -0.310958
-1.75 -0.168029 -0.33033
-1.748 -0.198587 -0.304842
-1.746 -0.23294 -0.243492
-1.744 -0.269799 -0.162083
-1.742 -0.308283 -0.079744
-1.74 -0.347434 -0.0148565
-1.738 -0.385613 0.0187448
-1.736 -0.420078 0.0144629
-1.734 -0.446971 -0.026006
-1.732 -0.461829 -0.0934118
-1.73 -0.46056 -0.17324
-1.728 -0.440673 -0.24898
-1.726 -0.402456 -0.305612
-1.724 -0.349766 -0.332551
-1.722 -0.290124 -0.32544
-1.72 -0.233948 -0.286477
-1.718 -0.192946 -0.223316
-1.716 -0.177892 -0.146904
-1.714 -0.196243 -0.0688455
-1.712 -0.250115 0.00103705
-1.71 -0.335136 0.0563916
-1.708 -0.440529 0.0949419
-1.706 -0.550501 0.117991
-1.704 -0.646746 0.129086
-1.702 -0.711635 0.132315
-1.7 -0.731482 0.130753
-1.698 -0.69925 0.125505
-1.696 -0.61614 0.115593
-1.694 -0.491666 0.0986751
-1.692 -0.342134 0.0723514
-1.69 -0.187749 0.0356326
-1.688 -0.048882 -0.00991586
-1.686 0.0577551 -0.0597565
-1.684 0.122252 -0.106902
-1.682 0.143321 -0.143321
-1.68 0.128427 -0.161892
-1.678 0.0921931 -0.158399
-1.676 0.0534028 -0.132987
-1.674 0.0311556 -0.0906289
-1.672 0.0409392 -0.0403842
-1.67 0.0913843 0.00645002
-1.668 0.18238 0.0389102
-1.666 0.304975 0.0490592
-1.664 0.44313 0.0341455
-1.662 0.577006 -0.00233538
-1.66 0.687129 -0.0510044
-1.658 0.758552 -0.098392
-1.656 0.784139 -0.129824
-1.654 0.766262 -0.13278
-1.652 0.716537 -0.0999661
-1.65 0.653591 -0.0313545
-1.648 0.599299 0.0653313
-1.646 0.574173 0.17587
-1.644 0.592825 0.282318
-1.642 0.660405 0.366714
-1.64 0.77082 0.414911
-1.638 0.907192 0.41967
-1.636 1.04465 0.382323
-1.634 1.15498 0.312618
-1.632 1.21235 0.226748
-1.63 1.19884 0.143974
-1.628 1.10871 0.0825525
-1.626 0.950275 0.0558202
-1.624 0.745082 0.069273
-1.622 0.524202 0.119264
-1.62 0.322408 0.193597
-1.618 0.171233 0.273906
-1.616 0.0922455 0.33931
-1.614 0.0919238 0.370592
-1.612 0.159282 0.354032
-1.61 0.266959 0.284143
-1.608 0.375801 0.164793
-1.606 0.442227 0.00857109
-1.604 0.426997 -0.165418
-1.602 0.303604 -0.334853
-1.6 0.0645135 -0.477956
-1.598 -0.276129 -0.57705
-1.596 -0.684028 -0.621318
-1.594 -1.11036 -0.608367
-1.592 -1.50052 -0.544368
-1.59 -1.80442 -0.442835
-1.588 -1.98632 -0.322307
-1.586 -2.03212 -0.203351
-1.584 -1.95247 -0.105405
-1.582 -1.78079 -0.0439104
-1.58 -1.56644 -0.0281057
-1.578 -1.36435 -0.0596958
-1.576 -1.22326 -0.132529
-1.574 -1.17513 -0.233312
-1.572 -1.22816 -0.343354
-1.57 -1.36468 -0.441195
-1.568 -1.54487 -0.505897
-1.566 -1.71521 -0.520543
-1.564 -1.82039 -0.475431
-1.562 -1.81594 -0.370365
-1.56 -1.67901 -0.215566
-1.558 -1.41465 -0.0308841
-1.556 -1.05595 0.156732
-1.554 -0.657752 0.317276
-1.552 -0.285033 0.422741
-1.55 0.0014739 0.452422
-1.548 0.159249 0.397517
-1.546 0.174336 0.264056
-1.544 0.0656206 0.0733133
-1.542 -0.118098 -0.14068
-1.54 -0.307881 -0.336371
-1.538 -0.429365 -0.471862
-1.536 -0.419379 -0.512757
-1.534 -0.240832 -0.43913
-1.532 0.107577 -0.250201
-1.53 0.589262 0.0343673
-1.528 1.13605 0.377009
-1.526 1.66179 0.728348
-1.524 2.08038 1.03588
-1.522 2.32437 1.25366
-1.52 2.35995 1.35102
-1.518 2.19494 1.31861
-1.516 1.87781 1.17031
-1.514 1.48759 0.940498
-1.512 1.11672 0.677209
-1.51 0.850469 0.432519
-1.508 0.74733 0.252109
-1.506 0.825115 0.166161
-1.504 1.05597 0.18343
-1.502 1.37176 0.289708
-1.5 1.67879 0.451002
-1.498 1.87882 0.620771
-1.496 1.89162 0.749738
-1.494 1.67424 0.796186
-1.492 1.23241 0.734546
-1.49 0.621413 0.560474
-1.488 -0.0642476 0.291374
-1.486 -0.710359 -0.0375833
-1.484 -1.20767 -0.380934
-1.482 -1.47624 -0.692151
-1.48 -1.48392 -0.932601
-1.478 -1.25463 -1.07837
-1.476 -0.864302 -1.12369
-1.474 -0.425122 -1.08038
-1.472 -0.0613904 -0.973794
-1.47 0.11798 -0.836194
-1.468 0.0443265 -0.699388
-1.466 -0.294 -0.588242
-1.464 -0.84689 -0.516589
-1.462 -1.51113 -0.486258
-1.46 -2.15097 -0.489098
-1.458 -2.62626 -0.511101
-1.456 -2.82232 -0.537221
-1.454 -2.67472 -0.555469
-1.452 -2.18393 -0.559247
-1.45 -1.41644 -0.547475
-1.448 -0.492204 -0.522767
-1.446 0.438815 -0.488432
-1.444 1.22625 -0.445388
-1.442 1.74894 -0.390133
-1.44 1.93839 -0.314618
-1.438 1.79137 -0.208362
-1.436 1.36891 -0.0624422
-1.434 0.782332 0.125721
-1.432 0.169209 0.34832
-1.43 -0.335066 0.585416
-1.428 -0.624126 0.806535
-1.426 -0.640283 0.975732
-1.424 -0.38329 1.0592
-1.422 0.0929583 1.03366
-1.42 0.694411 0.893472
-1.418 1.30804 0.654359
-1.416 1.82546 0.352693
-1.414 2.16388 0.0398791
-1.412 2.2802 -0.227268
-1.41 2.17566 -0.398354
-1.408 1.89076 -0.440944
-1.406 1.49262 -0.349056
-1.404 1.05828 -0.146312
-1.402 0.658319 0.11752
-1.4 0.344475 0.37632
-1.398 0.143485 0.561896
-1.396 0.0576064 0.619659
-1.394 0.0705763 0.5221
-1.392 0.156594 0.276862
-1.39 0.289389 -0.0726641
-1.388 0.448725 -0.45468
-1.386 0.622635 -0.782982
-1.384 0.805112 -0.974861
-1.382 0.990509 -0.969194
-1.38 1.16712 -0.740789
-1.378 1.31274 -0.307693
-1.376 1.39459 0.270391
-1.374 1.37444 0.902541
-1.372 1.21821 1.4838
-1.37 0.907711 1.91554
-1.368 0.451199 2.12468
-1.366 -0.110583 2.07776
-1.364 -0.705532 1.78707
-1.362 -1.23955 1.30769
-1.36 -1.61327 0.726273
-1.358 -1.74313 0.143881
-1.356 -1.58245 -0.343297
-1.354 -1.13706 -0.661485
-1.352 -0.471281 -0.771476
-1.35 0.298674 -0.673173
-1.348 1.02345 -0.40213
-1.346 1.54854 -0.0195506
-1.344 1.74594 0.401402
-1.342 1.54279 0.78965
-1.34 0.940537 1.08763
-1.338 0.0198617 1.25821
-1.336 -1.07056 1.28652
-1.334 -2.14006 1.17733
-1.332 -2.99195 0.949497
-1.33 -3.46264 0.629596
-1.328 -3.4555 0.246549
-1.326 -2.96244 -0.171259
-1.324 -2.06812 -0.596122
-1.322 -0.935334 -0.999239
-1.32 0.225886 -1.34878
-1.318 1.19933 -1.60982
-1.316 1.80556 -1.74748
-1.314 1.93774 -1.73351
-1.312 1.58279 -1.55483
-1.31 0.823353 -1.2217
-1.308 -0.179748 -0.772661
-1.306 -1.22094 -0.273711
-1.304 -2.09212 0.189337
-1.302 -2.62488 0.525107
-1.3 -2.72418 0.655297
-1.298 -2.38666 0.533994
-1.296 -1.69999 0.163054
-1.294 -0.823533 -0.400989
-1.292 0.0455806 -1.0516
-1.29 0.71386 -1.64918
-1.288 1.03169 -2.04777
-1.286 0.924052 -2.12657
-1.284 0.405421 -1.81931
-1.282 -0.423779 -1.13454
-1.28 -1.39811 -0.161581
-1.278 -2.32064 0.940706
-1.276 -3.00212 1.97135
-1.274 -3.29781 2.72624
-1.272 -3.1351 3.04113
-1.27 -2.52662 2.82928
-1.268 -1.56699 2.10498
-1.266 -0.414013 0.986671
-1.264 0.741343 -0.322466
-1.262 1.71038 -1.57305
-1.26 2.34048 -2.5197
-1.258 2.5413 -2.97218
-1.256 2.29896 -2.83657
-1.254 1.67639 -2.13723
-1.252 0.800568 -1.01433
-1.25 -0.160556 0.30329
-1.248 -1.0271 1.54496
-1.246 -1.63718 2.45512
-1.244 -1.87288 2.84811
-1.242 -1.67816 2.64848
-1.24 -1.06649 1.90739
-1.238 -0.117419 0.79106
-1.236 1.03667 -0.456465
-1.234 2.2315 -1.56768
-1.232 3.29627 -2.31091
-1.23 4.08015 -2.54119
-1.228 4.4762 -2.23132
-1.226 4.43921 -1.47631
-1.224 3.99456 -0.470196
-1.222 3.23635 0.539779
-1.22 2.31435 1.31112
-1.218 1.41154 1.66295
-1.216 0.714973 1.51837
-1.214 0.384425 0.921988
-1.212 0.523405 0.0283305
-1.21 1.1576 -0.936147
-1.208 2.22508 -1.72837
-1.206 3.58127 -2.14782
-1.204 5.01934 -2.08548
-1.202 6.30365 -1.55075
-1.2 7.21094 -0.669815
-1.198 7.57179 0.344349
-1.196 7.30424 1.24362
-1.194 6.43262 1.80595
-1.192 5.08725 1.89154
-1.19 3.48375 1.47987
-1.188 1.88483 0.678049
-1.186 0.55087 -0.302348
-1.184 -0.311789 -1.19517
-1.182 -0.594031 -1.74449
-1.18 -0.309107 -1.76879
-1.178 0.406902 -1.20895
-1.176 1.32066 -0.147989
-1.174 2.14875 1.20298
-1.172 2.61703 2.55012
-1.17 2.51995 3.58393
-1.168 1.7674 4.05252
-1.166 0.408814 3.82414
-1.164 -1.37116 2.92333
-1.162 -3.28626 1.53118
-1.16 -5.0056 -0.0515398
-1.158 -6.22328 -1.4708
-1.156 -6.72573 -2.40022
-1.154 -6.44175 -2.61779
-1.152 -5.46313 -2.06024
-1.15 -4.03023 -0.841995
-1.148 -2.48487 0.76643
-1.146 -1.19999 2.3965
-1.144 -0.500652 3.66358
-1.142 -0.592858 4.25449
-1.14 -1.51513 4.00052
-1.138 -3.12369 2.91896
-1.136 -5.11567 1.21261
-1.134 -7.08697 -0.77307
-1.132 -8.61382 -2.62612
-1.13 -9.3412 -3.96026
-1.128 -9.05898 -4.50198
-1.126 -7.74913 -4.1525
-1.124 -5.59356 -3.01027
-1.122 -2.94095 -1.34878
-1.12 -0.239761 0.445444
-1.118 2.04879 1.96055
-1.116 3.54011 2.85272
-1.114 4.0002 2.92391
-1.112 3.38935 2.16582
-1.11 1.86675 0.760072
-1.108 -0.244828 -0.965475
-1.106 -2.52662 -2.61387
-1.104 -4.54853 -3.81141
-1.102 -5.95258 -4.29339
-1.1 -6.51721 -3.96334
-1.098 -6.19019 -2.9121
-1.096 -5.08522 -1.3928
-1.094 -3.44558 0.241835
-1.092 -1.58477 1.62472
-1.09 0.182173 2.46185
-1.088 1.60168 2.60102
-1.086 2.52609 2.06554
-1.084 2.93104 1.04471
-1.082 2.90375 -0.156454
-1.08 2.60724 -1.19594
-1.078 2.23104 -1.7822
-1.076 1.94207 -1.74854
-1.074 1.84801 -1.09569
-1.072 1.98119 0.00812798
-1.07 2.30504 1.26986
-1.068 2.73883 2.34652
-1.066 3.19219 2.93382
-1.064 3.59886 2.84675
-1.062 3.93968 2.07181
-1.06 4.24784 0.777329
-1.058 4.59433 -0.721988
-1.056 5.05733 -2.03912
-1.054 5.6844 -2.81036
-1.052 6.45943 -2.78968
-1.05 7.28552 -1.9182
-1.048 7.99122 -0.350424
-1.046 8.36101 1.57093
-1.044 8.18429 3.38757
-1.042 7.31169 4.62981
-1.04 5.70519 4.92844
-1.038 3.46881 4.10792
-1.036 0.850263 2.23814
-1.034 -1.7902 -0.368688
-1.032 -4.04022 -3.21737
-1.03 -5.51407 -5.7335
-1.028 -5.93341 -7.38921
-1.026 -5.19152 -7.82278
-1.024 -3.38532 -6.92433
-1.022 -0.806322 -4.86705
-1.02 2.10949 -2.07547
-1.018 4.86298 0.86337
-1.016 6.98804 3.32677
-1.014 8.14235 4.79333
-1.012 8.17375 4.95945
-1.01 7.14772 3.80898
-1.008 5.32971 1.61982
-1.006 3.12555 -1.09484
-1.004 0.992471 -3.69829
-1.002 -0.659888 -5.57063
-1 -1.55645 -6.24632
-0.998 -1.61257 -5.51805
-0.996 -0.946587 -3.48359
-0.994 0.153142 -0.525185
-0.992 1.29867 2.77351
-0.99 2.09434 5.75432
-0.988 2.22929 7.82705
-0.986 1.55005 8.59631
-0.984 0.0968976 7.94529
-0.982 -1.9042 6.05835
-0.98 -4.09217 3.37783
-0.978 -6.0524 0.504817
-0.976 -7.41057 -1.93348
-0.974 -7.91718 -3.41987
-0.972 -7.5037 -3.65602
-0.97 -6.29773 -2.62027
-0.968 -4.59422 -0.562803
-0.966 -2.78958 2.05854
-0.964 -1.29375 4.68525
-0.962 -0.439925 6.78282
-0.96 -0.411866 7.95503
-0.958 -1.20456 8.02332
-0.956 -2.62639 7.05495
-0.954 -4.34168 5.33528
-0.952 -5.94364 3.29181
-0.95 -7.04154 1.3888
-0.948 -7.34299 0.0177959
-0.946 -6.7141 -0.589733
-0.944 -5.20517 -0.407475
-0.942 -3.03765 0.392055
-0.94 -0.556489 1.49142
-0.938 1.8405 2.51439
-0.936 3.77995 3.12193
-0.934 4.98029 3.09469
-0.932 5.29604 2.38304
-0.93 4.73196 1.11381
-0.928 3.42765 -0.446544
-0.926 1.61906 -1.96295
-0.924 -0.412626 -3.11923
-0.922 -2.39289 -3.70048
-0.92 -4.0961 -3.64964
-0.918 -5.3707 -3.08379
-0.916 -6.14463 -2.2656
-0.914 -6.41367 -1.53711
-0.912 -6.21945 -1.23212
-0.91 -5.62646 -1.58925
-0.908 -4.70607 -2.6869
-0.906 -3.5318 -4.4162
-0.904 -2.18484 -6.4986
-0.902 -0.764423 -8.54429
-0.9 0.60443 -10.1381
-0.898 1.77186 -10.9333
-0.896 2.57633 -10.7311
-0.894 2.86942 -9.52878
-0.892 2.54841 -7.52373
-0.89 1.58971 -5.07321
-0.888 0.0743385 -2.61857
-0.886 -1.80362 -0.59056
-0.884 -3.75263 0.683452
-0.882 -5.42507 1.0497
-0.88 -6.47904 0.560347
-0.878 -6.64864 -0.539325
-0.876 -5.80652 -1.86605
-0.874 -4.00343 -2.98362
-0.872 -1.47388 -3.49864
-0.87 1.39515 -3.1459
-0.868 4.12836 -1.84492
-0.866 6.24802 0.283466
-0.864 7.36606 2.94219
-0.862 7.26429 5.71807
-0.86 5.94546 8.16324
-0.858 3.64215 9.88135
-0.856 0.779064 10.6015
-0.854 -2.10521 10.2264
-0.852 -4.46113 8.84596
-0.85 -5.83376 6.71496
-0.848 -5.94884 4.20116
-0.846 -4.7623 1.71506
-0.844 -2.46434 -0.363075
-0.842 0.56124 -1.74504
-0.84 3.81402 -2.27493
-0.838 6.77475 -1.94363
-0.836 9.00488 -0.878569
-0.834 10.2277 0.686168
-0.832 10.3748 2.45225
-0.83 9.58815 4.10461
-0.828 8.1794 5.357
-0.826 6.55715 5.98981
-0.824 5.13902 5.876
-0.822 4.26825 4.99358
-0.82 4.15063 3.42515
-0.818 4.8224 1.3465
-0.816 6.15255 -0.9936
-0.814 7.87634 -3.30076
-0.812 9.65102 -5.26879
-0.81 11.1213 -6.61837
-0.808 11.9804 -7.13761
-0.806 12.0155 -6.7191
-0.804 11.1307 -5.38649
-0.802 9.34826 -3.30399
-0.8 6.79273 -0.764106
-0.798 3.66567 1.84726
-0.796 0.217723 4.10528
-0.794 -3.27753 5.61317
-0.792 -6.54611 6.07141
-0.79 -9.33245 5.33704
-0.788 -11.4156 3.4607
-0.786 -12.6246 0.691511
-0.784 -12.855 -2.55487
-0.782 -12.0882 -5.76227
-0.78 -10.4095 -8.40328
-0.778 -8.02144 -10.035
-0.776 -5.24104 -10.3819
-0.774 -2.47525 -9.38902
-0.772 -0.170174 -7.23333
-0.77 1.25998 -4.29161
-0.768 1.51237 -1.06941
-0.766 0.46648 1.8949
-0.764 -1.76997 4.13255
-0.762 -4.85325 5.33285
-0.76 -8.24055 5.3997
-0.758 -11.2707 4.46393
-0.756 -13.279 2.84869
-0.754 -13.7272 0.995162
-0.752 -12.3242 -0.634776
-0.75 -9.11002 -1.65716
-0.748 -4.48038 -1.84386
-0.746 0.859094 -1.16334
-0.744 6.00459 0.223309
-0.742 10.0131 2.00778
-0.74 12.079 3.80922
-0.738 11.6937 5.26013
-0.736 8.75694 6.08387
-0.734 3.6159 6.14711
-0.732 -2.98041 5.47673
-0.73 -10.0057 4.23902
-0.728 -16.3395 2.68768
-0.726 -20.9733 1.09433
-0.724 -23.1983 -0.32019
-0.722 -22.7358 -1.436
-0.72 -19.7835 -2.25249
-0.718 -14.9699 -2.87078
-0.716 -9.22663 -3.4461
-0.714 -3.60571 -4.12499
-0.712 0.921708 -4.98639
-0.71 3.64679 -6.00417
-0.708 4.24897 -7.04281
-0.706 2.84213 -7.88831
-0.704 -0.0675845 -8.30707
-0.702 -3.70221 -8.11785
-0.7 -7.18315 -7.25763
-0.698 -9.71466 -5.82267
-0.696 -10.7397 -4.07077
-0.694 -10.0361 -2.37934
-0.692 -7.73694 -1.16522
-0.69 -4.27621 -0.782518
-0.688 -0.275932 -1.42262
-0.686 3.59657 -3.04215
-0.684 6.76987 -5.34017
-0.682 8.87754 -7.79514
-0.68 9.8131 -9.75861
-0.678 9.72148 -10.5886
-0.676 8.93313 -9.79561
-0.674 7.8607 -7.16817
-0.672 6.88648 -2.8495
-0.67 6.27039 2.65767
-0.668 6.10065 8.56365
-0.666 6.29739 13.9317
-0.664 6.66468 17.8586
-0.662 6.97412 19.6592
-0.66 7.05522 19.015
-0.658 6.86611 16.0543
-0.656 6.52371 11.3449
-0.654 6.28268 5.79753
-0.652 6.46675 0.497642
-0.65 7.36884 -3.50396
-0.648 9.14638 -5.39937
-0.646 11.7403 -4.78924
-0.644 14.842 -1.77023
-0.642 17.9223 3.0756
-0.64 20.3203 8.78928
-0.638 21.3779 14.22
-0.636 20.5907 18.2489
-0.634 17.7417 20.0053
-0.632 12.9839 19.0325
-0.63 6.84735 15.3704
-0.628 0.163029 9.54242
-0.626 -6.08448 2.45017
-0.624 -10.9477 -4.79993
-0.622 -13.7096 -11.1042
-0.62 -14.0388 -15.5628
-0.618 -12.0711 -17.6356
-0.616 -8.3988 -17.2247
-0.614 -3.96544 -14.6693
-0.612 0.11545 -10.6584
-0.61 2.78377 -6.08313
-0.608 3.25331 -1.86077
-0.606 1.18288 1.23315
-0.604 -3.23962 2.69248
-0.602 -9.32038 2.34693
-0.6 -15.9872 0.360154
-0.598 -21.9961 -2.83337
-0.596 -26.1748 -6.63394
-0.594 -27.6549 -10.3995
-0.592 -26.0451 -13.5598
-0.59 -21.5135 -15.7017
-0.588 -14.7605 -16.6126
-0.586 -6.88811 -16.2823
-0.584 0.808639 -14.8678
-0.582 7.08774 -12.6374
-0.58 10.9936 -9.90726
-0.578 12.0311 -6.98518
-0.576 10.2472 -4.13118
-0.574 6.20487 -1.53999
-0.572 0.859452 0.656968
-0.57 -4.6361 2.37656
-0.568 -9.15598 3.56645
-0.566 -11.8125 4.19447
-0.564 -12.1133 4.25018
-0.562 -10.0373 3.75739
-0.56 -6.01701 2.79088
-0.558 -0.836105 1.48792
-0.556 4.53552 0.0467921
-0.554 9.13306 -1.29153
-0.552 12.176 -2.27692
-0.55 13.2011 -2.69328
-0.548 12.1265 -2.40264
-0.546 9.23901 -1.38085
-0.544 5.11343 0.264097
-0.542 0.483572 2.2978
-0.54 -3.90544 4.39199
-0.538 -7.43325 6.18066
-0.536 -9.70281 7.33012
-0.534 -10.5851 7.60828
-0.532 -10.2062 6.93727
-0.53 -8.88616 5.41644
-0.528 -7.04623 3.31006
-0.526 -5.10801 1.00193
-0.524 -3.40609 -1.07399
-0.522 -2.13137 -2.51309
-0.52 -1.31468 -3.01475
-0.518 -0.850483 -2.43808
-0.516 -0.55119 -0.828469
-0.514 -0.215752 1.59008
-0.512 0.306446 4.45509
-0.51 1.07249 7.33021
-0.508 2.03294 9.78147
-0.506 3.04962 11.4507
-0.504 3.93737 12.1132
-0.502 4.51836 11.7103
-0.5 4.67567 10.3542
-0.498 4.39342 8.30385
-0.496 3.77327 5.9196
-0.494 3.02103 3.60316
-0.492 2.4043 1.73427
-0.49 2.18939 0.614043
-0.488 2.57314 0.42331
-0.486 3.62769 1.20061
-0.484 5.27371 2.84079
-0.482 7.28926 5.11205
-0.48 9.35234 7.68781
-0.478 11.1065 10.1897
-0.476 12.2355 12.2377
-0.474 12.5311 13.5033
-0.472 11.9414 13.7578
-0.47 10.5879 12.9095
-0.468 8.74545 11.022
-0.466 6.78624 8.30745
-0.464 5.09642 5.09727
-0.462 3.98388 1.79183
-0.46 3.59948 -1.20332
-0.458 3.89243 -3.54635
-0.456 4.6125 -5.02322
-0.454 5.35996 -5.59543
-0.452 5.67275 -5.41985
-0.45 5.13236 -4.83187
-0.448 3.46619 -4.28921
-0.446 0.624155 -4.28301
-0.444 -3.18839 -5.23224
-0.442 -7.53251 -7.38319
-0.44 -11.8125 -10.7369
-0.438 -15.3951 -15.0223
-0.436 -17.7477 -19.7242
-0.434 -18.5628 -24.1634
-0.432 -17.8401 -27.6181
-0.43 -15.9016 -29.4642
-0.428 -13.3337 -29.3086
-0.426 -10.8636 -27.0868
-0.424 -9.19558 -23.1016
-0.422 -8.84 -17.9875
-0.42 -9.97481 -12.6048
-0.418 -12.3722 -7.8799
-0.416 -15.4125 -4.62493
-0.414 -18.1895 -3.3716
-0.412 -19.691 -4.25569
-0.41 -19.0208 -6.97638
-0.408 -15.6173 -10.8419
-0.406 -9.42021 -14.8954
-0.404 -0.943769 -18.0995
-0.402 8.76829 -19.5428
-0.4 18.3076 -18.625
-0.398 26.161 -15.1827
-0.396 31.0158 -9.52486
-0.394 32.0459 -2.37283
-0.392 29.1139 5.28406
-0.39 22.8397 12.3841
-0.388 14.5132 17.9998
-0.386 5.86446 21.5133
-0.384 -1.26742 22.7276
-0.382 -5.30201 21.8907
-0.38 -5.24936 19.6311
-0.378 -0.937046 16.8151
-0.376 6.91993 14.3567
-0.374 16.8307 13.0206
-0.372 26.8098 13.2633
-0.37 34.7775 15.1466
-0.368 38.9976 18.3414
-0.366 38.4591 22.2154
-0.364 33.1125 25.9809
-0.362 23.9084 28.8654
-0.36 12.6237 30.2693
-0.358 1.51115 29.8778
-0.356 -7.15984 27.7101
-0.354 -11.5769 24.0966
-0.352 -10.7769 19.5939
-0.35 -4.87312 14.8578
-0.348 4.93656 10.5029
-0.346 16.5909 6.98483
-0.344 27.5762 4.52844
-0.342 35.4444 3.11886
-0.34 38.3255 2.54798
-0.338 35.3216 2.49765
-0.336 26.6955 2.6318
-0.334 13.8109 2.67208
-0.332 -1.1611 2.44066
-0.33 -15.7052 1.86465
-0.328 -27.4945 0.947216
-0.326 -34.8777 -0.281615
-0.324 -37.2172 -1.81579
-0.322 -35.0018 -3.70543
-0.32 -29.709 -6.05462
-0.318 -23.4441 -8.97949
-0.316 -18.4347 -12.5364
-0.314 -16.4947 -16.6434
-0.312 -18.5791 -21.0243
-0.31 -24.5352 -25.201
-0.308 -33.1124 -28.5459
-0.306 -42.2354 -30.3899
-0.304 -49.4833 -30.1655
-0.302 -52.6706 -27.5537
-0.3 -50.3933 -22.6023
-0.298 -42.4126 -15.7821
-0.296 -29.7776 -7.95937
-0.294 -14.6516 -0.27647
-0.292 0.127463 6.04862
-0.29 11.6585 9.9664
-0.288 17.6269 10.8313
-0.286 16.8477 8.56923
-0.284 9.57935 3.73161
-0.282 -2.46837 -2.58612
-0.28 -16.446 -8.94824
-0.278 -28.94 -13.8656
-0.276 -36.6981 -16.107
-0.274 -37.3511 -14.9721
-0.272 -29.9711 -10.4664
-0.27 -15.3357 -3.3379
-0.268 4.17175 5.04431
-0.266 25.0144 12.9528
-0.264 43.2171 18.6594
-0.262 55.1946 20.8125
-0.26 58.5167 18.7486
-0.258 52.4434 12.6642
-0.256 38.1138 3.60571
-0.254 18.342 -6.72508
-0.252 -2.94346 -16.3073
-0.25 -21.5001 -23.2104
-0.248 -33.6467 -25.992
-0.246 -37.0271 -24.0025
-0.244 -31.0979 -17.5339
-0.242 -17.2385 -7.77823
-0.24 1.54434 3.40247
-0.238 21.2533 13.85
-0.236 37.746 21.5514
-0.234 47.6111 25.0526
-0.232 48.8892 23.754
-0.23 41.4847 18.0244
-0.228 27.179 9.11076
-0.226 9.24186 -1.13287
-0.224 -8.27651 -10.6364
-0.222 -21.4172 -17.539
-0.22 -27.1595 -20.5602
-0.218 -24.0602 -19.2404
-0.216 -12.5509 -14.0041
-0.214 5.16565 -6.0357
-0.212 25.5942 3.00025
-0.21 44.6944 11.3312
-0.208 58.736 17.4548
-0.206 65.0783 20.442
-0.204 62.7075 20.0998
-0.202 52.4178 16.9665
-0.2 36.6013 12.1442
-0.198 18.698 7.01508
-0.196 2.43176 2.90567
-0.194 -8.99587 0.779343
-0.192 -13.579 1.02521
-0.19 -10.9043 3.38994
-0.188 -2.19337 7.06379
-0.186 10.0114 10.8955
-0.184 22.442 13.6814
-0.182 31.8492 14.4576
-0.18 35.7308 12.7287
-0.178 32.8835 8.58149
-0.176 23.6561 2.66414
-0.174 9.84901 -3.96162
-0.172 -5.71312 -10.0578
-0.17 -19.8362 -14.4825
-0.168 -29.6866 -16.4361
-0.166 -33.4308 -15.6252
-0.164 -30.6431 -12.3088
-0.162 -22.3945 -7.21966
-0.16 -11.008 -1.38327
-0.158 0.463109 4.11733
-0.156 8.91852 8.37179
-0.154 11.9074 10.8147
-0.152 8.18694 11.3039
-0.15 -1.98 10.0936
-0.148 -16.8578 7.71908
-0.146 -33.5977 4.82666
-0.144 -48.8492 1.99745
-0.142 -59.4894 -0.390632
-0.14 -63.3067 -2.22847
-0.138 -59.4892 -3.65533
-0.136 -48.8095 -4.96213
-0.134 -33.4718 -6.44948
-0.132 -16.6599 -8.28486
-0.13 -1.88733 -10.4029
-0.128 7.71569 -12.4798
-0.126 10.0353 -13.9908
-0.124 4.40444 -14.3394
-0.122 -8.25316 -13.0287
-0.12 -25.5957 -9.83106
-0.118 -44.3222 -4.9114
-0.116 -60.8266 1.13716
-0.114 -71.911 7.36415
-0.112 -75.4071 12.6327
-0.11 -70.574 15.8556
-0.108 -58.1976 16.2427
-0.106 -40.3854 13.5007
-0.104 -20.1187 7.9352
-0.102 -0.662595 0.427626
-0.1 15.0454 -7.71226
-0.098 24.9208 -14.9913
-0.096 28.0818 -20.027
-0.094 24.963 -21.8294
-0.092 17.175 -20.0118
-0.09 7.13583 -14.8793
-0.088 -2.44731 -7.37169
-0.086 -9.13115 1.13127
-0.084 -11.202 9.10277
-0.082 -7.95932 15.1921
-0.08 0.225764 18.5029
-0.078 12.0607 18.7621
-0.076 25.6363 16.3468
-0.074 38.8131 12.1702
-0.072 49.617 7.46055
-0.07 56.5812 3.48142
-0.068 58.9776 1.25428
-0.066 56.8988 1.33809
-0.064 51.1736 3.71185
-0.062 43.1381 7.78342
-0.06 34.3243 12.5226
-0.058 26.1477 16.6911
-0.056 19.6692 19.1218
-0.054 15.4727 18.9857
-0.052 13.6567 15.9842
-0.05 13.9113 10.4206
-0.048 15.6435 3.13466
-0.046 18.1246 -4.67704
-0.044 20.6398 -11.7118
-0.042 22.6227 -16.8241
-0.04 23.7493 -19.2481
-0.038 23.9664 -18.7379
-0.036 23.4427 -15.6014
-0.034 22.4602 -10.6285
-0.032 21.2833 -4.93274
-0.03 20.0562 0.260411
-0.028 18.7622 3.839
-0.026 17.251 5.00448
-0.024 15.3152 3.41065
-0.022 12.7809 -0.78421
-0.02 9.58442 -6.96054
-0.018 5.81808 -14.1631
-0.016 1.73871 -21.2767
-0.014 -2.26012 -27.2105
-0.012 -5.70959 -31.0559
-0.01 -8.15249 -32.1953
-0.008 -9.23949 -30.3573
-0.006 -8.81225 -25.6255
-0.004 -6.95155 -18.4085
-0.002 -3.97683 -9.38083
0 -0.397091 0.595927
0.002 3.17586 10.5652
0.004 6.13403 19.5716
0.006 7.97908 26.7573
0.008 8.40629 31.4525
0.01 7.3499 33.2537
0.012 4.97945 32.0813
0.014 1.64833 28.2093
0.016 -2.19144 22.2562
0.018 -6.0856 15.1301
0.02 -9.66285 7.92006
0.022 -12.693 1.73911
0.024 -15.1104 -2.45961
0.026 -17.0003 -4.05771
0.028 -18.5489 -2.8966
0.03 -19.9635 0.679343
0.032 -21.3803 5.87444
0.034 -22.7896 11.5795
0.036 -24.0115 16.5703
0.038 -24.7424 19.7325
0.04 -24.6631 20.2726
0.042 -23.576 17.877
0.044 -21.5182 12.7848
0.046 -18.8131 5.75516
0.048 -16.0424 -2.07152
0.05 -13.9497 -9.39505
0.052 -13.3028 -15.018
0.054 -14.7376 -18.0957
0.056 -18.6055 -18.3165
0.058 -24.8423 -15.9682
0.06 -32.8867 -11.8684
0.062 -41.6861 -7.17447
0.064 -49.8192 -3.11898
0.066 -55.7353 -0.731895
0.068 -58.0709 -0.610962
0.07 -55.9653 -2.78764
0.072 -49.2945 -6.71624
0.074 -38.7595 -11.3889
0.076 -25.8083 -15.5533
0.078 -12.4044 -17.9883
0.08 -0.68602 -17.782
0.082 7.43206 -14.553
0.084 10.6473 -8.56432
0.086 8.57711 -0.699268
0.088 1.91295 7.70583
0.09 -7.63684 15.1367
0.092 -17.6293 20.2221
0.094 -25.353 22.0244
0.096 -28.3834 20.2347
0.098 -25.1033 15.2305
0.1 -15.0747 7.9887
0.102 0.818161 -0.121426
0.104 20.482 -7.61814
0.106 40.964 -13.1985
0.108 58.9786 -15.9818
0.11 71.5224 -15.657
0.112 76.4675 -12.5063
0.114 73.0131 -7.30584
0.116 61.8933 -1.12824
0.118 45.2796 4.90124
0.12 26.3824 9.83836
0.122 8.82843 13.0894
0.124 -4.05582 14.4822
0.126 -9.90211 14.2318
0.128 -7.76328 12.8198
0.13 1.71032 10.8276
0.132 16.4125 8.76826
0.134 33.2109 6.95908
0.136 48.581 5.46557
0.138 59.3218 4.12694
0.14 63.2092 2.65456
0.142 59.4528 0.772409
0.144 48.8516 -1.64399
0.146 33.612 -4.47402
0.148 16.8605 -7.33418
0.15 1.95807 -9.64503
0.152 -8.23084 -10.7688
0.154 -11.9536 -10.1844
0.156 -8.93285 -7.65363
0.158 -0.402727 -3.33397
0.16 11.1861 2.19817
0.162 22.7241 8.02776
0.164 31.14 13.0742
0.166 34.0872 16.3214
0.168 30.4687 17.0507
0.17 20.6876 15.0192
0.172 6.56198 10.5354
0.174 -9.07903 4.40985
0.176 -23.0337 -2.21139
0.178 -32.4584 -8.09378
0.18 -35.5256 -12.1861
0.182 -31.8558 -13.8556
0.184 -22.6231 -13.033
0.186 -10.3066 -10.2294
0.188 1.85697 -6.41972
0.19 10.6003 -2.81186
0.192 13.3692 -0.553133
0.194 8.92003 -0.441779
0.196 -2.36246 -2.71376
0.198 -18.5025 -6.95967
0.2 -36.3249 -12.1965
0.202 -52.1231 -17.0823
0.204 -62.4626 -20.2268
0.206 -64.9437 -20.528
0.208 -58.7534 -17.4565
0.21 -44.8788 -11.2202
0.212 -25.9307 -2.767
0.214 -5.61179 6.38213
0.216 12.0586 14.439
0.218 23.5965 19.7292
0.22 26.7986 21.0651
0.222 21.2216 18.0259
0.224 8.28774 11.081
0.226 -9.00895 1.52418
0.228 -26.7376 -8.76964
0.23 -40.873 -17.7182
0.232 -48.1635 -23.4597
0.234 -46.8361 -24.7453
0.236 -36.9848 -21.2102
0.238 -20.5583 -13.4626
0.24 -0.950411 -2.96771
0.242 17.718 8.25039
0.244 31.4711 18.025
0.246 37.3208 24.4896
0.248 33.9011 26.4531
0.25 21.7611 23.6288
0.252 3.25548 16.6752
0.254 -17.9436 7.04551
0.256 -37.6079 -3.32004
0.258 -51.8259 -12.3934
0.26 -57.8007 -18.4698
0.262 -54.4078 -20.505
0.264 -42.3967 -18.3088
0.266 -24.2021 -12.5542
0.268 -3.4073 -4.60369
0.27 16.0199 3.80474
0.272 30.5542 10.9366
0.274 37.827 15.4198
0.276 37.0767 16.5082
0.278 29.2471 14.2024
0.28 16.721 9.21218
0.282 2.76033 2.77969
0.284 -9.21672 -3.59521
0.286 -16.3624 -8.46818
0.288 -16.975 -10.7386
0.29 -10.8095 -9.85411
0.292 0.931552 -5.89184
0.294 15.9141 0.496161
0.296 31.2178 8.25183
0.298 43.9879 16.148
0.3 52.0484 23.0341
0.302 54.3423 28.0376
0.304 51.1068 30.6839
0.306 43.7497 30.9247
0.308 34.4658 29.08
0.31 25.6893 25.7202
0.312 19.5118 21.5176
0.314 17.2013 17.1029
0.316 18.9279 12.9566
0.318 23.7526 9.35696
0.32 29.875 6.38754
0.322 35.0773 3.99386
0.324 37.2607 2.06231
0.326 34.9498 0.492241
0.328 27.6545 -0.762266
0.33 16.0072 -1.6905
0.332 1.65098 -2.25806
0.334 -13.0981 -2.45856
0.336 -25.7381 -2.36379
0.338 -34.1135 -2.15344
0.34 -36.8783 -2.1112
0.342 -33.7884 -2.58194
0.344 -25.7604 -3.89528
0.346 -14.6811 -6.27207
0.348 -3.01084 -9.73932
0.35 6.73091 -14.0813
0.352 12.4852 -18.8473
0.354 13.0653 -23.4211
0.356 8.37732 -27.14
0.358 -0.589481 -29.4349
0.36 -11.9922 -29.9598
0.362 -23.5297 -28.679
0.364 -32.9199 -25.892
0.366 -38.3626 -22.1871
0.368 -38.8932 -18.3305
0.37 -34.5592 -15.1101
0.372 -26.3821 -13.1644
0.374 -16.12 -12.8343
0.376 -5.88314 -14.0733
0.378 2.30782 -16.441
0.38 6.92711 -19.1876
0.382 7.2294 -21.4096
0.384 3.36506 -22.2459
0.386 -3.68744 -21.0669
0.388 -12.3476 -17.6176
0.39 -20.7651 -12.0844
0.392 -27.1897 -5.07159
0.394 -30.305 2.50647
0.396 -29.4626 9.59928
0.398 -24.7732 15.2248
0.4 -17.0417 18.6645
0.402 -7.56805 19.6068
0.404 2.13836 18.2085
0.406 10.6641 15.0599
0.408 16.9537 11.0621
0.41 20.4771 7.2429
0.412 21.2774 4.5522
0.414 19.9004 3.67892
0.416 17.2298 4.92503
0.418 14.2702 8.15943
0.42 11.9254 12.8573
0.422 10.8177 18.2145
0.424 11.1815 23.3111
0.426 12.8475 27.2916
0.428 15.3137 29.5229
0.43 17.8822 29.7005
0.432 19.8278 27.884
0.434 20.5624 24.4599
0.436 19.7583 20.0453
0.438 17.4089 15.3558
0.44 13.8145 11.0669
0.442 9.50268 7.69306
0.444 5.10509 5.50789
0.446 1.21988 4.51562
0.448 -1.70756 4.47703
0.45 -3.46226 4.98076
0.452 -4.08299 5.54245
0.454 -3.83137 5.70924
0.456 -3.11721 5.14791
0.458 -2.39803 3.70072
0.46 -2.07418 1.40259
0.462 -2.40182 -1.53818
0.464 -3.44222 -4.78667
0.466 -5.05804 -7.94436
0.468 -6.95605 -10.617
0.47 -8.7637 -12.4776
0.472 -10.1194 -13.3161
0.474 -10.7541 -13.0692
0.476 -10.5461 -11.8268
0.478 -9.54112 -9.81395
0.48 -7.93561 -7.35537
0.482 -6.03058 -4.82661
0.484 -4.166 -2.60204
0.486 -2.64896 -1.00497
0.488 -1.69014 -0.264909
0.49 -1.36272 -0.485751
0.492 -1.59386 -1.62867
0.494 -2.19119 -3.51333
0.496 -2.89692 -5.8396
0.498 -3.4547 -8.2291
0.5 -3.671 -10.2817
0.502 -3.45571 -11.6389
0.504 -2.83367 -12.0436
0.506 -1.92677 -11.3857
0.508 -0.912817 -9.72554
0.51 0.0279489 -7.28896
0.512 0.766157 -4.43436
0.514 1.2632 -1.59481
0.516 1.58675 0.795295
0.518 1.89568 2.37626
0.52 2.39535 2.92727
0.522 3.27283 2.40599
0.524 4.62824 0.955708
0.526 6.4208 -1.12164
0.528 8.44608 -3.42156
0.53 10.3538 -5.51177
0.532 11.7062 -7.01164
0.534 12.0677 -7.6611
0.536 11.1079 -7.36543
0.538 8.69565 -6.20665
0.54 4.96181 -4.41964
0.542 0.311557 -2.33893
0.544 -4.62105 -0.32912
0.546 -9.0733 1.28491
0.548 -12.2919 2.27352
0.55 -13.6824 2.53388
0.552 -12.9403 2.0947
0.554 -10.1329 1.09706
0.556 -5.71334 -0.241923
0.558 -0.457496 -1.6735
0.56 4.66922 -2.96023
0.562 8.69147 -3.90908
0.564 10.8167 -4.38879
0.566 10.6014 -4.33042
0.568 8.05627 -3.7146
0.57 3.66406 -2.554
0.572 -1.69461 -0.880074
0.574 -6.89847 1.25844
0.576 -10.7967 3.78439
0.578 -12.4341 6.57343
0.58 -11.2468 9.43768
0.582 -7.18712 12.1221
0.584 -0.750706 14.3214
0.586 7.10368 15.7186
0.588 15.1274 16.0418
0.59 22.0156 15.1283
0.592 26.6533 12.9822
0.594 28.3269 9.80975
0.596 26.856 6.01964
0.598 22.6225 2.17962
0.6 16.4911 -1.06786
0.602 9.6362 -3.11987
0.604 3.31073 -3.53622
0.606 -1.39781 -2.14597
0.608 -3.77524 0.888089
0.61 -3.61023 5.06607
0.612 -1.2201 9.61618
0.614 2.63042 13.6217
0.616 6.89775 16.1888
0.618 10.4782 16.6226
0.62 12.4304 14.577
0.622 12.1569 10.1425
0.624 9.51018 3.85295
0.626 4.8049 -3.39563
0.628 -1.26216 -10.5005
0.63 -7.7651 -16.3531
0.632 -13.7404 -20.0469
0.634 -18.3753 -21.0522
0.636 -21.1537 -19.3218
0.638 -21.9309 -15.3063
0.64 -20.9259 -9.87218
0.642 -18.6396 -4.13693
0.644 -15.7221 0.746899
0.646 -12.8231 3.81576
0.648 -10.4583 4.48097
0.65 -8.92119 2.63847
0.652 -8.25511 -1.3192
0.654 -8.28665 -6.58931
0.656 -8.7079 -12.1238
0.658 -9.18257 -16.8373
0.66 -9.44705 -19.817
0.662 -9.38016 -20.4907
0.664 -9.02458 -18.725
0.666 -8.55663 -14.8327
0.668 -8.21506 -9.49395
0.67 -8.21001 -3.60782
0.672 -8.63849 1.89112
0.674 -9.43108 6.21344
0.676 -10.3467 8.85464
0.678 -11.0196 9.66829
0.68 -11.05 8.86157
0.682 -10.114 6.92004
0.684 -8.06689 4.4823
0.686 -5.00881 2.19469
0.688 -1.29439 0.57804
0.69 2.52038 -0.0660806
0.692 5.78528 0.307378
0.694 7.89509 1.50948
0.696 8.43072 3.18896
0.698 7.27028 4.93193
0.7 4.64251 6.36353
0.702 1.106 7.22779
0.704 -2.54681 7.4292
0.706 -5.44431 7.03031
0.708 -6.81762 6.21076
0.71 -6.16994 5.20158
0.712 -3.39533 4.21365
0.714 1.18017 3.37917
0.716 6.84532 2.72114
0.718 12.6295 2.15811
0.72 17.4837 1.54192
0.722 20.4805 0.716939
0.724 20.9962 -0.416926
0.726 18.8366 -1.85666
0.728 14.282 -3.47873
0.73 8.04036 -5.05786
0.732 1.11675 -6.31774
0.734 -5.37365 -7.00042
0.736 -10.4108 -6.93639
0.738 -13.2516 -6.09707
0.74 -13.5539 -4.61595
0.742 -11.4207 -2.77174
0.744 -7.36157 -0.935632
0.746 -2.18076 0.506626
0.748 3.18187 1.24139
0.75 7.82689 1.10261
0.752 11.0533 0.118028
0.754 12.4692 -1.48635
0.756 12.0368 -3.32669
0.758 10.0473 -4.93938
0.76 7.03705 -5.88004
0.762 3.66783 -5.82145
0.764 0.597863 -4.62858
0.766 -1.63178 -2.39388
0.768 -2.67704 0.574513
0.77 -2.42761 3.80887
0.772 -0.99951 6.77033
0.774 1.30985 8.95161
0.776 4.09147 9.9734
0.778 6.90305 9.65592
0.78 9.33918 8.05189
0.782 11.0814 5.43514
0.784 11.9231 2.24782
0.786 11.7724 -0.982617
0.788 10.6403 -3.73943
0.79 8.62345 -5.60618
0.792 5.88679 -6.33309
0.794 2.64826 -5.86915
0.796 -0.835484 -4.35737
0.798 -4.28503 -2.09771
0.8 -7.41757 0.512423
0.802 -9.97099 3.04773
0.804 -11.7322 5.12233
0.806 -12.5674 6.44458
0.808 -12.4497 6.85205
0.81 -11.4763 6.32365
0.812 -9.868 4.96959
0.814 -7.94492 3.00417
0.816 -6.0797 0.708021
0.818 -4.63358 -1.61288
0.82 -3.88806 -3.66615
0.822 -3.98611 -5.20652
0.824 -4.89646 -6.06285
0.826 -6.40999 -6.15752
0.828 -8.17199 -5.51694
0.83 -9.74668 -4.27119
0.832 -10.7034 -2.64078
0.834 -10.7076 -0.910253
0.836 -9.59727 0.60946
0.838 -7.42657 1.62608
0.84 -4.46528 1.91248
0.842 -1.15338 1.34789
0.844 1.98068 -0.0534151
0.846 4.4211 -2.13286
0.848 5.76497 -4.6025
0.85 5.80216 -7.08537
0.852 4.55903 -9.17661
0.854 2.29676 -10.5155
0.856 -0.536664 -10.8543
0.858 -3.39235 -10.1089
0.86 -5.72693 -8.37984
0.862 -7.10726 -5.93823
0.864 -7.2907 -3.17764
0.866 -6.26478 -0.540748
0.868 -4.2397 1.56567
0.87 -1.59814 2.85094
0.872 1.18493 3.19925
0.874 3.63495 2.69399
0.876 5.36464 1.60056
0.878 6.13937 0.30997
0.88 5.90945 -0.746047
0.882 4.80502 -1.18987
0.884 3.09634 -0.781886
0.886 1.13045 0.525515
0.888 -0.740358 2.57604
0.89 -2.22184 5.04223
0.892 -3.12044 7.49559
0.894 -3.35962 9.49857
0.896 -2.97151 10.6983
0.898 -2.07061 10.9015
0.9 -0.818831 10.1132
0.902 0.609135 8.53275
0.904 2.05296 6.50534
0.906 3.38183 4.44302
0.908 4.49685 2.73161
0.91 5.3236 1.6458
0.912 5.801 1.29172
0.914 5.8741 1.59004
0.916 5.49616 2.30342
0.918 4.642 3.10139
0.92 3.32846 3.64669
0.922 1.63454 3.68184
0.924 -0.287971 3.09422
0.926 -2.21997 1.94354
0.928 -3.89944 0.444952
0.93 -5.06197 -1.08767
0.932 -5.49039 -2.32362
0.934 -5.06327 -3.00198
0.936 -3.79095 -3.00147
0.938 -1.82897 -2.37615
0.94 0.53735 -1.34775
0.942 2.93734 -0.255172
0.944 4.98156 0.528025
0.946 6.33764 0.689173
0.948 6.7989 0.061692
0.95 6.33014 -1.32219
0.952 5.07902 -3.22632
0.954 3.34927 -5.25682
0.956 1.53997 -6.94997
0.958 0.0630993 -7.8817
0.96 -0.743372 -7.77225
0.962 -0.688164 -6.56093
0.964 0.231207 -4.43251
0.966 1.8267 -1.78775
0.968 3.75949 0.836828
0.97 5.61307 2.88357
0.972 6.98367 3.89812
0.974 7.56837 3.63577
0.976 7.23079 2.12463
0.978 6.02997 -0.330759
0.98 4.20529 -3.20832
0.982 2.12097 -5.87825
0.984 0.182516 -7.73963
0.986 -1.25585 -8.35304
0.988 -1.97154 -7.53911
0.99 -1.92326 -5.42073
0.992 -1.25864 -2.39917
0.994 -0.278191 0.930703
0.996 0.636436 3.90809
0.998 1.11373 5.94892
1 0.882562 6.67259
1.002 -0.159048 5.98446
1.004 -1.9127 4.09576
1.006 -4.09373 1.47593
1.008 -6.28818 -1.25192
1.01 -8.04045 -3.44914
1.012 -8.9521 -4.60209
1.014 -8.76989 -4.43386
1.016 -7.44377 -2.96263
1.018 -5.14258 -0.494425
1.02 -2.2244 2.44718
1.022 0.831591 5.23812
1.024 3.5172 7.29102
1.026 5.392 8.18201
1.028 6.16474 7.7392
1.03 5.7428 6.07392
1.032 4.24031 3.54901
1.034 1.94486 0.692775
1.036 -0.748139 -1.92067
1.038 -3.41742 -3.79714
1.04 -5.69571 -4.62583
1.042 -7.33084 -4.3383
1.044 -8.2172 -3.11124
1.046 -8.39387 -1.3143
1.048 -8.01332 0.583258
1.05 -7.29043 2.12457
1.052 -6.44513 2.96916
1.054 -5.65249 2.96524
1.056 -5.0117 2.17435
1.058 -4.53966 0.844599
1.06 -4.18832 -0.659356
1.062 -3.87835 -1.95082
1.064 -3.53744 -2.71669
1.066 -3.13134 -2.79107
1.068 -2.6786 -2.19026
1.07 -2.24534 -1.10184
1.072 -1.92213 0.168125
1.074 -1.79005 1.27587
1.076 -1.8859 1.92872
1.078 -2.17707 1.9597
1.08 -2.55475 1.36993
1.082 -2.84968 0.32806
1.084 -2.86883 -0.872764
1.086 -2.44496 -1.88964
1.088 -1.48679 -2.41758
1.09 -0.0159453 -2.26813
1.092 1.82026 -1.41941
1.094 3.76561 -0.0252126
1.096 5.4994 1.61912
1.098 6.7001 3.1458
1.1 7.11508 4.20228
1.102 6.62131 4.53644
1.104 5.26296 4.05909
1.106 3.25597 2.86855
1.108 0.956102 1.23102
1.11 -1.20482 -0.479082
1.112 -2.80213 -1.8653
1.114 -3.50358 -2.60155
1.116 -3.1379 -2.50906
1.118 -1.73185 -1.59958
1.12 0.492513 -0.0745382
1.122 3.15979 1.71962
1.124 5.81388 3.36968
1.126 8.00683 4.48937
1.128 9.38601 4.80702
1.13 9.76196 4.22723
1.132 9.14276 2.85251
1.134 7.72773 0.960139
1.136 5.86155 -1.06053
1.138 3.95942 -2.79567
1.14 2.41944 -3.8994
1.142 1.54159 -4.16992
1.144 1.4698 -3.59201
1.146 2.16838 -2.33686
1.148 3.43592 -0.719922
1.15 4.9527 0.872815
1.152 6.35062 2.07273
1.154 7.29132 2.61064
1.156 7.53592 2.37459
1.158 6.99216 1.43097
1.16 5.72933 0.00483432
1.162 3.95853 -1.57517
1.164 1.98377 -2.95417
1.166 0.135523 -3.83223
1.168 -1.29809 -4.03084
1.17 -2.1281 -3.52935
1.172 -2.29838 -2.46403
1.174 -1.89073 -1.0911
1.176 -1.10169 0.276632
1.178 -0.19711 1.34372
1.18 0.545711 1.89942
1.182 0.896008 1.86307
1.184 0.715716 1.29755
1.186 -0.0153322 0.388861
1.188 -1.19948 -0.602787
1.19 -2.6452 -1.40811
1.192 -4.10851 -1.81423
1.194 -5.34241 -1.71485
1.196 -6.14415 -1.13339
1.198 -6.39149 -0.214136
1.2 -6.06209 0.815631
1.202 -5.23348 1.70278
1.204 -4.06479 2.23057
1.206 -2.76454 2.27109
1.208 -1.55132 1.81573
1.21 -0.615035 0.976818
1.212 -0.0858503 -0.0398565
1.214 -0.0157288 -0.984799
1.216 -0.374727 -1.62517
1.218 -1.06115 -1.80117
1.22 -1.92255 -1.46504
1.222 -2.78333 -0.693142
1.224 -3.47411 0.331471
1.226 -3.85858 1.36177
1.228 -3.85382 2.14443
1.23 -3.44161 2.47888
1.232 -2.66941 2.26422
1.234 -1.64144 1.52347
1.236 -0.501672 0.399869
1.238 0.588562 -0.873985
1.24 1.47517 -2.02718
1.242 2.03484 -2.8104
1.244 2.19431 -3.05127
1.246 1.94279 -2.69253
1.248 1.33509 -1.80458
1.25 0.484623 -0.569804
1.252 -0.453368 0.757274
1.254 -1.3062 1.90475
1.256 -1.91214 2.64051
1.258 -2.14823 2.81971
1.26 -1.95264 2.41271
1.262 -1.33745 1.50841
1.264 -0.38883 0.292977
1.266 0.745985 -0.990762
1.268 1.88357 -2.09436
1.27 2.83679 -2.81403
1.272 3.44915 -3.02954
1.274 3.62435 -2.72409
1.276 3.34516 -1.98166
1.278 2.67749 -0.963951
1.28 1.75843 0.126977
1.282 0.770184 1.09145
1.284 -0.095329 1.77116
1.286 -0.674461 2.07659
1.288 -0.864716 1.99852
1.29 -0.645649 1.60232
1.292 -0.0831093 1.00792
1.294 0.684456 0.360592
1.296 1.47506 -0.200387
1.298 2.10161 -0.568531
1.3 2.4118 -0.687137
1.302 2.32082 -0.554082
1.304 1.83035 -0.215047
1.306 1.02945 0.251782
1.308 0.0772504 0.754998
1.31 -0.829344 1.20865
1.312 -1.49624 1.54654
1.314 -1.77279 1.73005
1.316 -1.58385 1.7489
1.318 -0.946426 1.61627
1.32 0.0326513 1.36059
1.322 1.17759 1.01688
1.324 2.27859 0.620132
1.326 3.13349 0.202196
1.328 3.58743 -0.208164
1.33 3.56245 -0.583286
1.332 3.07112 -0.894794
1.334 2.21195 -1.11372
1.336 1.14784 -1.21337
1.338 0.0725753 -1.17471
1.34 -0.827575 -0.992717
1.342 -1.40904 -0.682016
1.344 -1.59608 -0.279535
1.346 -1.39119 0.157189
1.348 -0.869563 0.556806
1.35 -0.159463 0.845484
1.352 0.586349 0.960921
1.354 1.22192 0.866091
1.356 1.63539 0.55941
1.358 1.767 0.078444
1.36 1.61488 -0.504346
1.362 1.22851 -1.09347
1.364 0.692776 -1.58769
1.366 0.106836 -1.89927
1.368 -0.436816 -1.97106
1.37 -0.868763 -1.78805
1.372 -1.15158 -1.38063
1.374 -1.28043 -0.818967
1.376 -1.27648 -0.199327
1.378 -1.17582 0.374751
1.38 -1.01738 0.812599
1.382 -0.833275 1.05356
1.384 -0.643801 1.07756
1.386 -0.458012 0.906967
1.388 -0.278711 0.599714
1.39 -0.109493 0.235463
1.392 0.0391727 -0.102
1.394 0.147322 -0.342255
1.396 0.187681 -0.442043
1.398 0.132334 -0.392615
1.4 -0.0378601 -0.219402
1.402 -0.323837 0.0256448
1.404 -0.701861 0.277033
1.406 -1.12253 0.47094
1.408 -1.51656 0.559129
1.41 -1.80695 0.518542
1.412 -1.92536 0.354718
1.414 -1.82894 0.0987807
1.416 -1.51339 -0.200799
1.418 -1.01849 -0.489374
1.42 -0.423968 -0.717564
1.422 0.164087 -0.850526
1.424 0.63389 -0.873304
1.426 0.891444 -0.791509
1.428 0.881822 -0.627624
1.43 0.603454 -0.414186
1.432 0.111838 -0.18572
1.434 -0.488782 0.028521
1.436 -1.06468 0.209339
1.438 -1.47925 0.349041
1.44 -1.62136 0.449707
1.442 -1.42939 0.519306
1.444 -0.905497 0.567176
1.446 -0.11686 0.600338
1.448 0.816552 0.621658
1.45 1.74515 0.630186
1.452 2.51909 0.623277
1.454 3.0178 0.599642
1.456 3.17355 0.562174
1.458 2.98419 0.519485
1.46 2.51234 0.485408
1.462 1.87109 0.476314
1.464 1.19949 0.506741
1.466 0.632913 0.584454
1.468 0.275042 0.706403
1.47 0.177283 0.856929
1.472 0.329987 1.00908
1.474 0.666924 1.12907
1.476 1.08166 1.18309
1.478 1.45203 1.14485
1.48 1.66722 1.00229
1.482 1.65181 0.761647
1.484 1.38142 0.447775
1.486 0.887014 0.100573
1.488 0.246888 -0.232142
1.49 -0.431494 -0.503839
1.492 -1.03559 -0.678694
1.494 -1.47224 -0.739144
1.496 -1.68714 -0.689822
1.498 -1.67504 -0.556877
1.5 -1.47892 -0.382709
1.502 -1.17859 -0.217193
1.504 -0.871585 -0.107254
1.506 -0.650752 -0.0870253
1.508 -0.583462 -0.170638
1.51 -0.697075 -0.349144
1.512 -0.973644 -0.592176
1.514 -1.35487 -0.854004
1.516 -1.75591 -1.08275
1.518 -2.08481 -1.23085
1.52 -2.26295 -1.26466
1.522 -2.24214 -1.17117
1.524 -2.01462 -0.960465
1.526 -1.614 -0.663633
1.528 -1.10731 -0.326515
1.53 -0.579988 -0.000883289
1.532 -0.117344 0.265201
1.534 0.213381 0.43589
1.536 0.376494 0.493393
1.538 0.374032 0.440205
1.54 0.243574 0.29752
1.542 0.0484727 0.100343
1.544 -0.13705 -0.109597
1.546 -0.244523 -0.291659
1.548 -0.225932 -0.413319
1.55 -0.0634553 -0.455141
1.552 0.227685 -0.412955
1.554 0.603636 -0.297127
1.556 1.00242 -0.129387
1.558 1.35809 0.061914
1.56 1.61522 0.247126
1.562 1.74062 0.400242
1.564 1.72959 0.502736
1.566 1.6058 0.545808
1.568 1.41485 0.530878
1.57 1.21347 0.468419
1.572 1.05669 0.375497
1.574 0.985869 0.272556
1.576 1.01995 0.180028
1.578 1.15172 0.115298
1.58 1.34969 0.0903603
1.582 1.56509 0.110371
1.584 1.74241 0.173125
1.586 1.83126 0.269462
1.588 1.79688 0.384547
1.59 1.62712 0.499931
1.592 1.33463 0.596204
1.594 0.953889 0.655927
1.596 0.534018 0.6664
1.598 0.129067 0.621812
1.6 -0.212279 0.52438
1.602 -0.455492 0.384217
1.604 -0.5859 0.217911
1.606 -0.610328 0.0459858
1.608 -0.554508 -0.110382
1.61 -0.456932 -0.232876
1.612 -0.360523 -0.309166
1.614 -0.303903 -0.335061
1.616 -0.314033 -0.315212
1.618 -0.401624 -0.262145
1.62 -0.560045 -0.193741
1.622 -0.767675 -0.129623
1.624 -0.993023 -0.0871794
1.626 -1.20142 -0.0780495
1.628 -1.36192 -0.105821
1.63 -1.45313 -0.165418
1.632 -1.46684 -0.244313
1.634 -1.40893 -0.325278
1.636 -1.29745 -0.39011
1.638 -1.15837 -0.423514
1.64 -1.02007 -0.41635
1.642 -0.907562 -0.367538
1.644 -0.837825 -0.284228
1.646 -0.816945 -0.180209
1.648 -0.839615 -0.0729217
1.65 -0.890907 0.0202601
1.652 -0.949854 0.0856412
1.654 -0.994038 0.115907
1.656 -1.00427 0.111337
1.658 -0.968429 0.0793068
1.66 -0.883787 0.032263
1.662 -0.757333 -0.0153077
1.664 -0.604146 -0.050185
1.666 -0.444137 -0.0632454
1.668 -0.297891 -0.0512126
1.67 -0.182469 -0.0170019
1.672 -0.108049 0.0313387
1.674 -0.0760719 0.0827699
1.676 -0.0792366 0.125936
1.678 -0.103262 0.151728
1.68 -0.130021 0.155137
1.682 -0.141371 0.136015
1.684 -0.122912 0.0986248
1.686 -0.0669438 0.0501953
1.688 0.0259633 -0.00106989
1.69 0.147059 -0.0479676
1.692 0.281159 -0.0857296
1.694 0.40967 -0.112586
1.696 0.514274 -0.129391
1.698 0.580505 -0.138511
1.7 0.600493 -0.142378
1.702 0.574352 -0.142184
1.704 0.509978 -0.13713
1.706 0.421373 -0.124494
1.708 0.325886 -0.100522
1.71 0.240951 -0.0619027
1.712 0.180973 -0.00742145
1.714 0.154954 0.0607412
1.716 0.165283 0.136502
1.718 0.20786 0.210431
1.72 0.273427 0.27136
1.722 0.349751 0.308731
1.724 0.424132 0.315142
1.726 0.485678 0.288451
1.728 0.526931 0.232858
1.73 0.544599 0.158598
1.732 0.539365 0.0802119
1.734 0.514977 0.0136949
1.736 0.476902 -0.0268864
1.738 0.430916 -0.0325644
1.74 0.381968 -0.00168832
1.742 0.333566 0.0593639
1.744 0.287737 0.137215
1.746 0.245476 0.214105
1.748 0.20743 0.271577
1.75 0.174486 0.294429
1.752 0.148027 0.274079
1.754 0.129717 0.210561
1.756 0.120878 0.112691
1.758 0.121665 -0.00365161
1.76 0.130328 -0.118773
1.762 0.142834 -0.21324
1.764 0.153075 -0.271901
1.766 0.153709 -0.286978
1.768 0.137567 -0.259581
1.77 0.099356 -0.199322
1.772 0.0372742 -0.122128
1.774 -0.0458863 -0.046748
1.776 -0.142524 0.00927794
1.778 -0.241084 0.0332971
1.78 -0.327917 0.0200856
1.782 -0.389815 -0.0272803
1.784 -0.416721 -0.0983652
1.786 -0.403995 -0.177865
1.788 -0.353747 -0.249052
1.79 -0.274856 -0.297375
1.792 -0.181633 -0.313446
1.794 -0.0912959 -0.29477
1.796 -0.0207491 -0.245913
1.798 0.016713 -0.177157
1.8 0.014082 -0.101999
1.802 -0.0278828 -0.0341159
1.804 -0.10071 0.0155166
1.806 -0.189829 0.0407251
1.808 -0.277411 0.0410391
1.81 -0.345879 0.0212696
1.812 -0.381346 -0.0100509
1.814 -0.376285 -0.0429355
1.816 -0.330904 -0.0683455
1.818 -0.252945 -0.0801629
1.82 -0.155977 -0.0763068
1.822 -0.0565697 -0.0587967
1.824 0.0290546 -0.0328319
1.826 0.0881711 -0.00518719
1.828 0.113859 0.0176328
1.83 0.106017 0.0310125
1.832 0.0709335 0.033236
1.834 0.0195758 0.025686
1.836 -0.0349789 0.0122353
1.838 -0.0803745 -0.00196211
1.84 -0.107459 -0.0119385
1.842 -0.11191 -0.014247
1.844 -0.0946998 -0.00782201
1.846 -0.0613845 0.00583971
1.848 -0.0204327 0.023201
1.85 0.0189505 0.0397463
1.852 0.0489885 0.051285
1.854 0.0649862 0.0551391
1.856 0.0661283 0.0509024
1.858 0.0552948 0.0405734
1.86 0.0380057 0.0280364
1.862 0.0208053 0.0180308
1.864 0.00950551 0.0148775
1.866 0.00772434 0.0212889
1.868 0.0160578 0.0375652
1.87 0.0320593 0.061383
1.872 0.0509977 0.0882344
1.874 0.0671759 0.11242
1.876 0.0754656 0.12836
1.878 0.0726684 0.131903
1.88 0.0583714 0.121333
1.882 0.0350952 0.0978192
1.884 0.00771304 0.0652132
1.886 -0.0177085 0.0292369
1.888 -0.0353572 -0.00374024
1.89 -0.0410631 -0.0280593
1.892 -0.0332977 -0.0399546
1.894 -0.0135552 -0.0383037
1.896 0.0139637 -0.024788
1.898 0.0432834 -0.00344624
1.9 0.0679741 0.0202631
1.902 0.0825568 0.0406666
1.904 0.0836734 0.0530747
1.906 0.0707681 0.0547127
1.908 0.0461455 0.0451948
1.91 0.0144122 0.026465
1.912 -0.0185507 0.00224879
1.914 -0.0468422 -0.0228339
1.916 -0.065741 -0.0442808
1.918 -0.0725945 -0.0586192
1.92 -0.0672248 -0.0640302
1.922 -0.0517946 -0.0605745
1.924 -0.030199 -0.0500038
1.926 -0.00714507 -0.0352359
1.928 0.0128597 -0.0196355
1.93 0.0263891 -0.00627584
1.932 0.0316746 0.00265612
1.934 0.0287812 0.00619808
1.936 0.019385 0.00464869
1.938 0.00623963 -0.000669774
1.94 -0.00752075 -0.00783697
1.942 -0.0190729 -0.0148308
1.944 -0.0264424 -0.0199765
1.946 -0.0287899 -0.0222546
1.948 -0.0264162 -0.0214215
1.95 -0.0205221 -0.017939
1.952 -0.0128118 -0.01276
1.954 -0.00504794 -0.00703885
1.956 0.00133245 -0.00184527
1.958 0.00546618 0.00205265
1.96 0.00713965 0.00429772
1.962 0.00670399 0.00493838
1.964 0.00487681 0.00433151
1.966 0.00249781 0.00299411
1.968 0.000306068 0.00144999
1.97 -0.00121075 0.000110055
1.972 -0.00187175 -0.000791504
1.974 -0.00176823 -0.00120151
1.976 -0.00116722 -0.00120536
1.978 -0.000391799 -0.000960526
1.98 0.000283897 -0.000630131
1.982 0.000699148 -0.00033541
1.984 0.000821084 -0.000135765
1.986 0.00071642 -3.46924e-05
1.988 0.000499308 -2.05527e-06
1.99 0.000277996 -6.16694e-08
1.992 0.000118848 -2.20155e-06
1.994 3.66469e-05 3.11916e-07
1.996 8.83616e-06 3.71436e-06
1.998 2.57142e-06 2.72834e-06
0.5 0.215701 0.170781
1 0.213157 0.171387
1.5 0.223538 0.184807
2 0.263561 0.223101
2.5 0.345275 0.292548
3 0.465486 0.388244
3.5 0.59772 0.492745
4 0.692907 0.579983
4.5 0.692334 0.62338
5 0.550252 0.605062
5.5 0.257019 0.52219
6 -0.148915 0.387617
6.5 -0.587986 0.224713
7 -0.964535 0.0590747
7.5 -1.19969 -0.0887523
8 -1.25758 -0.206336
8.5 -1.15338 -0.287701
9 -0.94071 -0.329309
9.5 -0.685683 -0.327283
10 -0.440901 -0.27831
10.5 -0.231047 -0.183865
11 -0.0547007 -0.0547711
11.5 0.101799 0.0876145
12 0.248182 0.215585
12.5 0.381166 0.3035
13 0.486456 0.336665
13.5 0.548774 0.316355
14 0.562275 0.258523
14.5 0.534156 0.186876
15 0.479079 0.123665
15.5 0.408321 0.0822663
16 0.321385 0.0643667
16.5 0.206679 0.0620622
17 0.0522996 0.063097
17.5 -0.138906 0.0565656
18 -0.339722 0.0369337
18.5 -0.502223 0.00545822
19 -0.575478 -0.0307826
19.5 -0.529544 -0.0614816
20 -0.373167 -0.0764691
20.5 -0.154687 -0.0690593
21 0.0559276 -0.0385399
21.5 0.195834 0.00906009
22 0.234621 0.0624868
22.5 0.183602 0.108855
23 0.0851683 0.138109
23.5 -0.0110631 0.1465
24 -0.0719821 0.13744
24.5 -0.0924347 0.119258
25 -0.0900913 0.100904
25.5 -0.0890333 0.0877352
26 -0.10299 0.0794862
26.5 -0.12789 0.0713644
27 -0.146644 0.0575421
27.5 -0.141492 0.035094
28 -0.105448 0.00627916
28.5 -0.0461972 -0.021966
29 0.0186612 -0.040962
29.5 0.0707839 -0.0441074
30 0.0986526 -0.0297445
30.5 0.099754 -0.00185748
31 0.077778 0.0315039
31.5 0.0382605 0.0612037
32 -0.0138478 0.0800998
32.5 -0.0736228 0.0851077
33 -0.134289 0.0776867
33.5 -0.186667 0.0628116
34 -0.221287 0.0469532
34.5 -0.232132 0.0358125
35 -0.219466 0.0325566
35.5 -0.189657 0.0370983
36 -0.151906 0.0465941
36.5 -0.11392 0.0568826
37 -0.0791371 0.0642143
37.5 -0.0470037 0.0665258
38 -0.0156845 0.0637698
38.5 0.0149004 0.0573161
39 0.041821 0.0489179
39.5 0.0603861 0.0398967
40 0.0668877 0.0309551
40.5 0.0609372 0.0225447
41 0.0459062 0.0153309
41.5 0.0273087 0.0102753
42 0.0102388 0.00820241
42.5 -0.00258356 0.00916683
43 -0.0111733 0.0121477
43.5 -0.0171399 0.0153967
44 -0.0219978 0.0172915
44.5 -0.0260343 0.01715
45 -0.0283046 0.0154431
45.5 -0.0275418 0.013246
46 -0.0232384 0.0113079
46.5 -0.0161629 0.00940586
47 -0.00803128 0.00646038
47.5 -0.000619954 0.0013496
48 0.00506064 -0.00615664
48.5 0.00899865 -0.015029
49 0.0116914 -0.0234774
49.5 0.0132785 -0.0299958
50 0.0128958 -0.0342233
50.5 0.0087372 -0.0369899
51 -0.00110147 -0.0394754
51.5 -0.0174057 -0.0420427
52 -0.0389343 -0.0435788
52.5 -0.0623982 -0.0418727
53 -0.0834625 -0.0348857
53.5 -0.0983558 -0.0221661
54 -0.105322 -0.00553502
54.5 -0.105193 0.0113923
55 -0.100786 0.0245727
55.5 -0.0954335 0.0310001
56 -0.0913521 0.0294841
56.5 -0.088645 0.020462
57 -0.0853694 0.00520419
57.5 -0.0785814 -0.0148796
58 -0.0658252 -0.0383049
58.5 -0.046382 -0.0629782
59 -0.0217827 -0.0856429
59.5 0.0045369 -0.102026
60 0.0281966 -0.108007
60.5 0.0450292 -0.101425
61 0.0520546 -0.0835961
61.5 0.0480711 -0.0595428
62 0.0338415 -0.0365403
62.5 0.0119364 -0.0214299
63 -0.0137162 -0.0178771
63.5 -0.038571 -0.024875
64 -0.0584603 -0.0372418
64.5 -0.0706808 -0.0479125
65 -0.0748374 -0.0509602
65.5 -0.0730338 -0.0439569
66 -0.0691401 -0.0286574
66.5 -0.0672345 -0.00983933
67 -0.0697605 0.00697728
67.5 -0.0762205 0.017756
68 -0.0831194 0.0211144
68.5 -0.0853469 0.0181103
69 -0.0784715 0.0110721
69.5 -0.0608755 0.00233039
70 -0.0346495 -0.0064214
70.5 -0.00473915 -0.0139507
71 0.0232438 -0.018917
71.5 0.0453971 -0.0195989
72 0.0608067 -0.0143692
72.5 0.0710524 -0.00277864
73 0.0782838 0.0134432
73.5 0.0830705 0.0302947
74 0.0833868 0.0427197
74.5 0.0754439 0.0467704
75 0.0559633 0.0416877
75.5 0.0245804 0.0307273
76 -0.0150779 0.0200801
76.5 -0.0563676 0.0161876
77 -0.0921842 0.0226351
77.5 -0.117701 0.0381384
78 -0.131776 0.0567055
78.5 -0.136302 0.0700478
79 -0.134011 0.0712218
79.5 -0.12614 0.0578468
80 -0.111434 0.0333925
80.5 -0.0871119 0.00589825
81 -0.0512265 -0.0153348
81.5 -0.00498936 -0.0236078
82 0.0463276 -0.017523
82.5 0.0944844 -0.00134631
83 0.130792 0.0170597
83.5 0.148779 0.029729
84 0.145801 0.0319031
84.5 0.123134 0.0237116
85 0.0849727 0.0095967
85.5 0.0371771 -0.00407393
86 -0.0136301 -0.0119638
86.5 -0.0606276 -0.0119046
87 -0.0975183 -0.00534448
87.5 -0.119802 0.00386652
88 -0.126351 0.0115478
88.5 -0.120366 0.0150145
89 -0.108674 0.0138498
89.5 -0.0990404 0.00947337
90 -0.0964154 0.00398044
90.5 -0.0999861 -0.000997134
91 -0.102892 -0.00483597
91.5 -0.0952549 -0.00775139
92 -0.0693624 -0.0102191
92.5 -0.0244337 -0.0124555
93 0.0316513 -0.0142731
93.5 0.0848666 -0.0153143
94 0.12078 -0.0154148
94.5 0.130721 -0.0148016
95 0.11529 -0.0139929
95.5 0.0834879 -0.013487
96 0.0480742 -0.0134663
96.5 0.0196856 -0.0137086
97 0.00275066 -0.0137486
97.5 -0.0049476 -0.0131708
98 -0.00930787 -0.011851
98.5 -0.0155786 -0.0100202
99 -0.0251757 -0.00814093
99.5 -0.0351939 -0.00668912
100 -0.0404373 -0.00595635
100.5 -0.0364289 -0.00594539
101 -0.0216025 -0.00636459
101.5 0.00227116 -0.00668791
102 0.0311417 -0.0062516
102.5 0.0601894 -0.00438303
103 0.0849193 -0.00056871
103.5 0.10174 0.00535251
104 0.108564 0.0130246
104.5 0.105879 0.0215181
105 0.0979297 0.0294476
105.5 0.0928587 0.0352692
106 0.100657 0.0376859
106.5 0.128888 0.0360343
107 0.177836 0.0305161
107.5 0.237775 0.0221866
108 0.290617 0.0126968
108.5 0.316085 0.00386604
109 0.300015 -0.00278345
109.5 0.24082 -0.00639308
110 0.150792 -0.00693627
110.5 0.0514514 -0.00515209
111 -0.0347428 -0.00227524
111.5 -0.0921962 0.000354254
112 -0.115923 0.00168964
112.5 -0.110171 0.00127252
113 -0.0837595 -0.000660656
113.5 -0.0454363 -0.0032956
114 -0.00182383 -0.00555008
114.5 0.0417629 -0.00648073
115 0.0795042 -0.00564772
115.5 0.104696 -0.00330042
116 0.111843 -0.000303065
116.5 0.100037 0.0021823
117 0.0749944 0.00313773
117.5 0.0476485 0.00207962
118 0.0293611 -0.000761356
118.5 0.0261684 -0.00453921
119 0.0354155 -0.0081169
119.5 0.0469013 -0.0104688
120 0.048037 -0.0109954
120.5 0.0301836 -0.00964473
121 -0.00724282 -0.00683818
121.5 -0.0568305 -0.00328036
122 -0.106829 0.000243373
122.5 -0.145956 0.00302014
123 -0.166748 0.00451361
123.5 -0.166288 0.0044532
124 -0.145022 0.0029224
124.5 -0.105376 0.000407189
125 -0.0513966 -0.00226926
125.5 0.0106818 -0.00417222
126 0.0721954 -0.00459881
126.5 0.123284 -0.00339861
127 0.155626 -0.00109516
127.5 0.165333 0.00129803
128 0.154233 0.00272187
128.5 0.128576 0.00257972
129 0.095832 0.00105401
129.5 0.0614264 -0.000943215
130 0.0272557 -0.00217818
130.5 -0.00742641 -0.00166859
131 -0.043735 0.000854753
131.5 -0.0812608 0.00481203
132 -0.117822 0.00900803
132.5 -0.150759 0.0121001
133 -0.178484 0.0130746
133.5 -0.200891 0.011539
134 -0.218253 0.00776278
134.5 -0.229583 0.00252112
135 -0.232043 -0.00313553
135.5 -0.222324 -0.00809272
136 -0.199377 -0.0113366
136.5 -0.166641 -0.0121004
137 -0.131872 -0.0100205
137.5 -0.104125 -0.00528067
138 -0.0893814 0.00133102
138.5 -0.087431 0.00854051
139 -0.0921524 0.0149117
139.5 -0.0952963 0.0193096
140 -0.0916793 0.0213421
140.5 -0.0826449 0.0215819
141 -0.0755376 0.0214268
141.5 -0.0792608 0.0225847
142 -0.0983447 0.02634
142.5 -0.128912 0.0328863
143 -0.158923 0.0410414
143.5 -0.172726 0.0485402
144 -0.157683 0.052869
144.5 -0.10965 0.0523306
145 -0.0349574 0.0468669
145.5 0.0516166 0.0382036
146 0.131498 0.0291627
146.5 0.187472 0.0223957
147 0.207624 0.0191247
147.5 0.187436 0.0185445
148 0.130292 0.0182514
148.5 0.0468186 0.0155431
149 -0.0468185 0.00894074
149.5 -0.131905 -0.000890049
150 -0.191415 -0.0113695
150.5 -0.214718 -0.0193272
151 -0.201156 -0.0227404
151.5 -0.16079 -0.0219302
152 -0.111425 -0.0195095
152.5 -0.0726281 -0.0190367
153 -0.0589055 -0.0230517
153.5 -0.0747415 -0.0315405
154 -0.113505 -0.0416795
154.5 -0.160545 -0.0490422
155 -0.199001 -0.0496783
155.5 -0.215835 -0.0420143
156 -0.205705 -0.027629
156.5 -0.171502 -0.0105479
157 -0.121919 0.00454839
157.5 -0.0675874 0.0142996
158 -0.0176 0.0178998
158.5 0.0223136 0.0171008
159 0.0497712 0.0151187
159.5 0.0645985 0.0150632
160 0.0676377 0.0186311
160.5 0.0602667 0.0255777
161 0.0446857 0.0340554
161.5 0.024411 0.0415335
162 0.00425529 0.0458409
162.5 -0.0105579 0.045922
163 -0.0158666 0.0420932
163.5 -0.00989251 0.0358
164 0.00628545 0.0290391
164.5 0.0293026 0.0236685
165 0.054694 0.0208284
165.5 0.0779587 0.0206341
166 0.0950053 0.022211
166.5 0.10208 0.0240399
167 0.0957803 0.0244846
167.5 0.0737432 0.0223205
168 0.0360066 0.017097
168.5 -0.013698 0.00923957
169 -0.0678026 -0.000105668
169.5 -0.116555 -0.00940066
170 -0.151083 -0.017101
170.5 -0.166527 -0.0219997
171 -0.16362 -0.0234669
171.5 -0.147862 -0.0215546
172 -0.126683 -0.0169561
172.5 -0.106128 -0.0108209
173 -0.088754 -0.00445867
173.5 -0.0736541 0.000993132
174 -0.058254 0.00483477
174.5 -0.0405946 0.00690422
175 -0.0207621 0.00747715
175.5 -0.000861067 0.00702152
176 0.016109 0.00593477
176.5 0.0275747 0.00440126
177 0.0321647 0.00244195
177.5 0.0297914 0.000118856
178 0.0214069 -0.00223644
178.5 0.00885635 -0.00392461
179 -0.00510844 -0.00400323
179.5 -0.0169805 -0.0016119
180 -0.0231699 0.00363268
180.5 -0.021156 0.0113466
181 -0.010581 0.0203301
181.5 0.00642648 0.0287966
182 0.0260382 0.0348086
182.5 0.0442904 0.0367791
183 0.0585736 0.0338896
183.5 0.0682393 0.0263161
184 0.0740934 0.0152182
184.5 0.0772671 0.00249863
185 0.0783033 -0.00961713
185.5 0.077045 -0.0190958
186 0.0732609 -0.0245912
186.5 0.067382 -0.0257818
187 0.0606613 -0.0234339
187.5 0.0545405 -0.0191417
188 0.049648 -0.0148096
188.5 0.0451899 -0.0120472
189 0.0392707 -0.0116948
189.5 0.0300524 -0.0136416
190 0.0170691 -0.0169789
190.5 0.00186647 -0.0203926
191 -0.0124606 -0.022627
191.5 -0.022591 -0.0228657
192 -0.0264176 -0.0209427
192.5 -0.0238385 -0.017369
193 -0.0165634 -0.0131832
193.5 -0.00717848 -0.00963146
194 0.00193465 -0.00770568
194.5 0.00928209 -0.00764427
195 0.0143606 -0.00860705
195.5 0.0173792 -0.00876925
196 0.0189443 -0.00595697
196.5 0.0199076 0.00132913
197 0.0212946 0.0129476
197.5 0.0240752 0.0267598
198 0.0286358 0.0392236
198.5 0.034125 0.0468016
199 0.0381216 0.0475544
199.5 0.0370781 0.0420871
200 0.0276455 0.0332825
200.5 0.00844186 0.0248775
201 -0.0185927 0.0195896
201.5 -0.0481008 0.0177833
202 -0.0728147 0.0173979
202.5 -0.0862135 0.0151707
203 -0.0852104 0.0084845
203.5 -0.0715916 -0.00315701
204 -0.0514231 -0.0177778
204.5 -0.032565 -0.0318154
205 -0.0213491 -0.0417024
205.5 -0.0199007 -0.0453032
206 -0.025311 -0.0425576
206.5 -0.0310195 -0.0351838
207 -0.0297719 -0.0257779
207.5 -0.0168452 -0.0168484
208 0.00783363 -0.0101814
208.5 0.039521 -0.0066212
209 0.0704507 -0.0061192
209.5 0.0928212 -0.00787166
210 0.101791 -0.0105062
210.5 0.0973454 -0.0124038
211 0.0843368 -0.012222
211.5 0.0706796 -0.00950843
212 0.0643299 -0.00511203
212.5 0.0701538 -0.00107639
213 0.0878708 8.32462e-05
213.5 0.111919 -0.0035254
214 0.133385 -0.012212
214.5 0.143328 -0.0243806
215 0.13622 -0.0370492
215.5 0.112148 -0.0469917
216 0.076885 -0.0519617
216.5 0.0398415 -0.051436
217 0.0107611 -0.0465808
217.5 -0.00350724 -0.0395511
218 -0.00095915 -0.0325382
218.5 0.0154626 -0.0270334
219 0.0393941 -0.0235838
219.5 0.0634111 -0.0220105
220 0.0812795 -0.0218333
220.5 0.0894008 -0.0226098
221 0.0872009 -0.02403
221.5 0.0766188 -0.0258023
222 0.0610671 -0.0274976
222.5 0.0442707 -0.0285089
223 0.0293048 -0.0281805
223.5 0.0180326 -0.0260313
224 0.011016 -0.0219393
224.5 0.00783874 -0.0161799
225 0.00765568 -0.00929998
225.5 0.00970653 -0.00189512
226 0.0135614 0.00559769
226.5 0.0190111 0.0129927
227 0.0257126 0.0202888
227.5 0.0328447 0.0274699
228 0.0390255 0.0342698
228.5 0.0425938 0.0400382
229 0.0421427 0.0438351
229.5 0.0370483 0.0447912
230 0.0277377 0.0426289
230.5 0.0155857 0.0380923
231 0.00251296 0.0329912
231.5 -0.00951769 0.0296895
232 -0.018917 0.0301377
232.5 -0.0247047 0.0348481
233 -0.0265831 0.0423471
233.5 -0.0249144 0.0494921
234 -0.02064 0.0526455
234.5 -0.0151222 0.0492339
235 -0.00987277 0.0389628
235.5 -0.00618197 0.0240758
236 -0.00475128 0.0084974
236.5 -0.00548621 -0.00373554
237 -0.00757209 -0.0100055
237.5 -0.00983271 -0.00990731
238 -0.0112264 -0.00502266
238.5 -0.011253 0.00207302
239 -0.0100839 0.0089739
239.5 -0.00836565 0.0141997
240 -0.00681662 0.0172953
240.5 -0.00583588 0.0184345
241 -0.00532324 0.0179242
241.5 -0.00478801 0.0159554
242 -0.0036681 0.0126891
242.5 -0.00167811 0.00850025
243 0.000995847 0.00410614
243.5 0.00374608 0.000422032
244 0.00580212 -0.00179304
244.5 0.00656617 -0.00227689
245 0.00587025 -0.00137192
245.5 0.00404997 0.000165938
246 0.0018182 0.00153787
246.5 3.90369e-06 0.00223803
247 -0.000735932 0.00218702
247.5 -0.000126692 0.00163498
248 0.00165592 0.000938294
248.5 0.00407065 0.000359518
249 0.00640779 -1.17864e-05
249.5 0.00802494 -0.000216098
250 0.00854062 -0.000328418
250.5 0.00792393 -0.000387698
251 0.00645898 -0.000385793
251.5 0.00460961 -0.000299288
252 0.00284484 -0.000124448
252.5 0.00149422 0.000112183
253 0.00068096 0.000367312
253.5 0.000341904 0.000600329
254 0.000305931 0.000782896
254.5 0.000385138 0.000897413
255 0.000440022 0.000933795
255.5 0.000403268 0.000892107
256 0.000270229 0.000788765
256.5 7.54077e-05 0.000657135
257 -0.000129301 0.000536626
257.5 -0.000289686 0.000454585
258 -0.000360969 0.000412987
258.5 -0.000319875 0.000390089
259 -0.000175231 0.000356797
259.5 2.93608e-05 0.000297012
260 0.000226047 0.000218402
260.5 0.000344976 0.000146952
261 0.000339571 0.000109647
261.5 0.000203559 0.000116881
262 -2.74947e-05 0.000155323
262.5 -0.000289713 0.00019461
263 -0.000512538 0.000202946
263.5 -0.000639464 0.000162633
264 -0.000641415 7.80174e-05
264.5 -0.000520664 -2.67861e-05
265 -0.000306713 -0.000118105
265.5 -4.68793e-05 -0.000165886
266 0.000205788 -0.000154661
266.5 0.000404984 -8.86275e-05
267 0.000521711 1.04971e-05
267.5 0.000550556 0.000111675
268 0.000509907 0.000185547
268.5 0.000435764 0.00021404
269 0.000370651 0.000195171
269.5 0.000350564 0.000141765
270 0.000393538 7.53361e-05
270.5 0.000493122 1.79536e-05
271 0.000619022 -1.49408e-05
271.5 0.000725415 -1.87483e-05
272 0.00076521 -1.47594e-07
272.5 0.000706207 2.60935e-05
273 0.000543794 4.29589e-05
273.5 0.000305282 3.78333e-05
274 4.36484e-05 7.42704e-06
274.5 -0.00017774 -4.13304e-05
275 -0.000304334 -9.50786e-05
275.5 -0.000306951 -0.000140622
276 -0.000190103 -0.000170616
276.5 1.04716e-05 -0.000184997
277 0.00023992 -0.000187568
277.5 0.000441807 -0.000180538
278 0.000575259 -0.000161405
278.5 0.0006261 -0.000124984
279 0.000608374 -6.94469e-05
279.5 0.000555917 -1.84726e-06
280 0.000507352 6.16872e-05
280.5 0.000490599 0.000102616
281 0.000513257 0.000110196
281.5 0.000562666 8.90012e-05
282 0.000614915 5.85465e-05
282.5 0.000647752 4.43805e-05
283 0.000650647 6.51451e-05
283.5 0.000627119 0.000122628
284 0.00058893 0.000200215
284.5 0.000546286 0.000270508
285 0.000500222 0.000308005
285.5 0.000441757 0.000300423
286 0.000358247 0.000253377
286.5 0.000243118 0.000186835
287 0.000103174 0.000125797
287.5 -4.09373e-05 8.99746e-05
288 -0.000161807 8.70666e-05
288.5 -0.00023656 0.000111922
289 -0.000256791 0.000150909
289.5 -0.000232257 0.000188589
290 -0.000186484 0.000213294
290.5 -0.000146329 0.000219423
291 -0.000130323 0.0002064
291.5 -0.000141091 0.000175983
292 -0.000165109 0.000130155
292.5 -0.000179666 7.08778e-05
293 -0.000163671 1.38191e-06
293.5 -0.000107455 -7.25147e-05
294 -1.74675e-05 -0.000142548
294.5 8.57792e-05 -0.00019998
295 0.000175256 -0.000238394
295.5 0.000227166 -0.000255685
296 0.000229138 -0.00025413
296.5 0.000184081 -0.000238642
297 0.000108646 -0.000214374
297.5 2.70859e-05 -0.000184969
298 -3.73046e-05 -0.000152151
298.5 -7.02218e-05 -0.000116421
299 -7.09496e-05 -7.81616e-05
299.5 -5.16634e-05 -3.85284e-05
300 -3.15111e-05 1.01196e-07
300.5 -2.77963e-05 3.41166e-05
301 -4.81164e-05 5.91339e-05
301.5 -8.71414e-05 7.10284e-05
302 -0.000129637 6.74492e-05
302.5 -0.000158243 4.92795e-05
303 -0.000162067 2.11953e-05
303.5 -0.000141838 -9.30314e-06
304 -0.000109273 -3.4226e-05
304.5 -8.15205e-05 -4.77764e-05
305 -7.39033e-05 -4.8074e-05
305.5 -9.45819e-05 -3.71538e-05
306 -0.000143067 -1.94908e-05
306.5 -0.000212081 -5.99799e-08
307 -0.000290725 1.70636e-05
307.5 -0.000367057 2.92279e-05
308 -0.000429563 3.5218e-05
308.5 -0.000468299 3.52785e-05
309 -0.000476636 3.12046e-05
309.5 -0.000453505 2.60216e-05
310 -0.00040474 2.27782e-05
310.5 -0.000341863 2.26823e-05
311 -0.000277833 2.36633e-05
311.5 -0.000221339 2.06573e-05
312 -0.000172695 8.07505e-06
312.5 -0.000124071 -1.65514e-05
313 -6.47157e-05 -4.98335e-05
313.5 1.1178e-05 -8.26196e-05
314 9.81651e-05 -0.00010335
314.5 0.000178755 -0.000103171
315 0.00022943 -8.01497e-05
315.5 0.000231155 -4.03209e-05
316 0.000179373 4.9989e-06
316.5 8.82891e-05 4.41857e-05
317 -1.31866e-05 7.00157e-05
317.5 -9.23919e-05 8.18838e-05
318 -0.000125838 8.47763e-05
318.5 -0.000108142 8.59116e-05
319 -5.29945e-05 9.09324e-05
319.5 1.38963e-05 0.000101424
320 6.6108e-05 0.000114603
320.5 8.66357e-05 0.000124921
321 7.25853e-05 0.000126569
321.5 3.33398e-05 0.000115774
322 -1.56407e-05 9.20887e-05
322.5 -5.96365e-05 5.84143e-05
323 -8.90222e-05 1.99509e-05
323.5 -0.000100199 -1.74604e-05
324 -9.41854e-05 -4.90108e-05
324.5 -7.47194e-05 -7.2056e-05
325 -4.70359e-05 -8.63345e-05
325.5 -1.72796e-05 -9.32289e-05
326 8.2321e-06 -9.44372e-05
326.5 2.43704e-05 -9.07284e-05
327 2.87493e-05 -8.14666e-05
327.5 2.24115e-05 -6.52281e-05
328 8.87912e-06 -4.12293e-05
328.5 -8.13306e-06 -1.07581e-05
329 -2.70039e-05 2.23053e-05
329.5 -4.89759e-05 5.23534e-05
330 -7.67832e-05 7.39939e-05
330.5 -0.000111891 8.40885e-05
331 -0.00015204 8.27822e-05
331.5 -0.000190634 7.29592e-05
332 -0.000218457 5.84812e-05
332.5 -0.000226838 4.22785e-05
333 -0.000210741 2.54302e-05
333.5 -0.000170404 7.70614e-06
334 -0.000111083 -1.09163e-05
334.5 -4.13368e-05 -2.88906e-05
335 2.92593e-05 -4.29249e-05
335.5 9.21627e-05 -4.92349e-05
336 0.000141252 -4.5508e-05
336.5 0.000173456 -3.23463e-05
337 0.000188696 -1.32298e-05
337.5 0.000189292 7.06869e-06
338 0.000179065 2.47347e-05
338.5 0.00016247 3.85224e-05
339 0.00014402 4.97866e-05
339.5 0.000128027 6.09316e-05
340 0.000118368 7.32254e-05
340.5 0.000117929 8.53284e-05
341 0.000127706 9.35023e-05
341.5 0.000146058 9.34942e-05
342 0.000168905 8.30784e-05
342.5 0.0001913 6.377e-05
343 0.000209845 4.05929e-05
343.5 0.000224509 1.9842e-05
344 0.000238288 5.95029e-06
344.5 0.000254268 -8.05639e-07
345 0.000271444 -4.37816e-06
345.5 0.000281983 -1.06027e-05
346 0.000272437 -2.36269e-05
346.5 0.000229373 -4.30916e-05
347 0.000147074 -6.37127e-05
347.5 3.31278e-05 -7.7601e-05
348 -9.183e-05 -7.81066e-05
348.5 -0.000201075 -6.30947e-05
349 -0.000272551 -3.58826e-05
349.5 -0.000298073 -3.41402e-06
350 -0.00028608 2.71966e-05
350.5 -0.000256339 5.17612e-05
351 -0.000229327 7.01016e-05
351.5 -0.000215946 8.47305e-05
352 -0.000212976 9.81482e-05
352.5 -0.000206499 0.000110506
353 -0.000181108 0.000119061
353.5 -0.000129676 0.000119739
354 -5.83431e-05 0.000109898
354.5 1.58103e-05 9.07326e-05
355 7.29242e-05 6.79476e-05
355.5 9.98367e-05 5.0204e-05
356 9.5945e-05 4.59289e-05
356.5 7.26985e-05 5.98375e-05
357 4.74462e-05 9.06791e-05
357.5 3.518e-05 0.000131218
358 4.24636e-05 0.000170548
358.5 6.62784e-05 0.000197868
359 9.76727e-05 0.000206232
359.5 0.000127567 0.000194772
360 0.000151193 0.000168567
360.5 0.000168802 0.00013631
361 0.000182681 0.000106912
361.5 0.000192824 8.64974e-05
362 0.000194396 7.69488e-05
362.5 0.000179065 7.62741e-05
363 0.000139859 8.02053e-05
363.5 7.69395e-05 8.40222e-05
364 8.10576e-07 8.38015e-05
364.5 -6.93575e-05 7.6903e-05
365 -0.000112111 6.2044e-05
365.5 -0.00011208 3.9427e-05
366 -6.64667e-05 1.10381e-05
366.5 1.33262e-05 -1.92396e-05
367 0.000105629 -4.624e-05
367.5 0.00018612 -6.50598e-05
368 0.00023582 -7.30755e-05
368.5 0.000246335 -7.14147e-05
369 0.000220778 -6.48779e-05
369.5 0.000170712 -5.9993e-05
370 0.000110899 -6.19147e-05
370.5 5.40529e-05 -7.16653e-05
371 7.37403e-06 -8.52332e-05
371.5 -2.82461e-05 -9.52053e-05
372 -5.64427e-05 -9.431e-05
372.5 -8.19174e-05 -7.91764e-05
373 -0.000106775 -5.2396e-05
373.5 -0.000128297 -2.17597e-05
374 -0.000139368 3.03946e-06
374.5 -0.000131735 1.46422e-05
375 -0.000100888 1.11145e-05
375.5 -5.02589e-05 -3.59895e-06
376 7.64155e-06 -2.19915e-05
376.5 5.43614e-05 -3.68098e-05
377 7.21197e-05 -4.43889e-05
377.5 5.11971e-05 -4.58691e-05
378 -5.26902e-06 -4.58316e-05
378.5 -8.14721e-05 -4.92412e-05
379 -0.000154253 -5.84016e-05
379.5 -0.000201318 -7.15154e-05
380 -0.000208848 -8.35215e-05
380.5 -0.000175449 -8.86765e-05
381 -0.000111225 -8.35055e-05
381.5 -3.30141e-05 -6.86435e-05
382 4.17165e-05 -4.87192e-05
382.5 9.97664e-05 -3.04124e-05
383 0.000134468 -1.96451e-05
383.5 0.000145458 -1.91815e-05
384 0.000137084 -2.76338e-05
384.5 0.000116649 -4.02053e-05
385 9.29802e-05 -5.07726e-05
385.5 7.50202e-05 -5.44218e-05
386 6.99409e-05 -4.94513e-05
386.5 8.0741e-05 -3.81125e-05
387 0.000104142 -2.5842e-05
387.5 0.000130072 -1.92691e-05
388 0.000143714 -2.36964e-05
388.5 0.000129961 -4.09404e-05
389 7.8906e-05 -6.83172e-05
389.5 -9.77842e-06 -9.91863e-05
390 -0.000125353 -0.000124917
390.5 -0.00024807 -0.000137613
391 -0.000354004 -0.000132618
391.5 -0.000420965 -0.000109894
392 -0.000433722 -7.38114e-05
392.5 -0.000387367 -3.14904e-05
393 -0.000288429 9.58608e-06
393.5 -0.000153843 4.3784e-05
394 -7.99349e-06 6.85962e-05
394.5 0.000121946 8.46717e-05
395 0.000211884 9.47612e-05
395.5 0.000246821 0.000102067
396 0.000225267 0.000108599
396.5 0.000160292 0.000114095
397 7.61925e-05 0.000115862
397.5 1.34805e-06 0.000109703
398 -4.05355e-05 9.17017e-05
398.5 -3.77439e-05 6.02562e-05
399 6.22994e-06 1.75052e-05
399.5 7.46723e-05 -3.0664e-05
400 0.000143946 -7.62637e-05
400.5 0.000191674 -0.000111927
401 0.000203913 -0.000133439
401.5 0.000179046 -0.000140775
402 0.000127464 -0.000137061
402.5 6.75015e-05 -0.000126101
403 1.91385e-05 -0.000109978
403.5 -2.49901e-06 -8.82991e-05
404 8.13068e-06 -5.96288e-05
404.5 4.54941e-05 -2.4226e-05
405 9.52515e-05 1.37822e-05
405.5 0.000139583 4.64832e-05
406 0.000163701 6.49088e-05
406.5 0.000161065 6.31456e-05
407 0.000135192 4.15795e-05
407.5 9.73308e-05 7.37253e-06
408 6.11305e-05 -2.82438e-05
408.5 3.68477e-05 -5.45305e-05
409 2.78191e-05 -6.5356e-05
409.5 3.06882e-05 -6.09035e-05
410 3.88459e-05 -4.63964e-05
410.5 4.68587e-05 -2.88405e-05
411 5.32733e-05 -1.36593e-05
411.5 6.03275e-05 -2.86574e-06
412 7.10583e-05 4.65143e-06
412.5 8.58855e-05 1.13503e-05
413 0.000101012 1.90611e-05
413.5 0.000109787 2.79671e-05
414 0.000106313 3.69455e-05
414.5 8.91386e-05 4.48197e-05
415 6.28349e-05 5.15728e-05
415.5 3.64055e-05 5.86599e-05
416 1.92934e-05 6.81217e-05
416.5 1.6996e-05 8.09282e-05
417 2.84492e-05 9.54938e-05
417.5 4.63655e-05 0.000107329
418 6.02694e-05 0.000110294
418.5 6.08153e-05 9.90979e-05
419 4.35826e-05 7.19656e-05
419.5 1.09164e-05 3.21514e-05
420 -2.87894e-05 -1.25963e-05
420.5 -6.40625e-05 -5.25474e-05
421 -8.45481e-05 -7.94251e-05
421.5 -8.49746e-05 -8.92095e-05
422 -6.74088e-05 -8.30709e-05
422.5 -4.07881e-05 -6.61491e-05
423 -1.76534e-05 -4.49765e-05
423.5 -9.18406e-06 -2.49331e-05
424 -2.05323e-05 -8.90649e-06
424.5 -4.85663e-05 2.50182e-06
425 -8.32087e-05 9.79863e-06
425.5 -0.000111929 1.34561e-05
426 -0.000125381 1.35524e-05
426.5 -0.00012151 1.02424e-05
427 -0.000106139 4.47721e-06
427.5 -8.97486e-05 -1.74349e-06
428 -8.20779e-05 -5.89579e-06
428.5 -8.72005e-05 -5.94333e-06
429 -0.000101462 -1.19308e-06
429.5 -0.000115127 7.5086e-06
430 -0.00011673 1.82564e-05
430.5 -9.78936e-05 2.88144e-05
431 -5.6355e-05 3.70988e-05
431.5 3.91141e-06 4.12594e-05
432 7.49906e-05 3.96499e-05
432.5 0.000148125 3.11308e-05
433 0.000215887 1.58508e-05
433.5 0.000272589 -3.89714e-06
434 0.000313386 -2.35039e-05
434.5 0.000333377 -3.71238e-05
435 0.000327925 -3.9861e-05
435.5 0.000294434 -3.01102e-05
436 0.000234639 -1.07629e-05
436.5 0.000155816 1.15763e-05
437 6.97329e-05 2.91932e-05
437.5 -1.05723e-05 3.64934e-05
438 -7.47752e-05 3.22676e-05
438.5 -0.000118031 1.98964e-05
439 -0.000141164 5.50001e-06
439.5 -0.000148375 -4.89403e-06
440 -0.000144003 -7.67477e-06
440.5 -0.000130292 -2.40828e-06
441 -0.000107389 9.04408e-06
441.5 -7.52733e-05 2.42184e-05
442 -3.60249e-05 4.14011e-05
442.5 5.30928e-06 5.98913e-05
443 4.20454e-05 7.92276e-05
443.5 6.86476e-05 9.81252e-05
444 8.32112e-05 0.000114025
444.5 8.80228e-05 0.000123723
445 8.77772e-05 0.000124822
445.5 8.65088e-05 0.000117185
446 8.50979e-05 0.000103483
446.5 8.08495e-05 8.8427e-05
447 6.93805e-05 7.6953e-05
447.5 4.76918e-05 7.22497e-05
448 1.66633e-05 7.45886e-05
448.5 -1.84044e-05 8.15274e-05
449 -4.94735e-05 8.93313e-05
449.5 -6.88165e-05 9.48438e-05
450 -7.19907e-05 9.68329e-05
450.5 -5.94819e-05 9.61684e-05
451 -3.64527e-05 9.48377e-05
451.5 -1.08278e-05 9.44408e-05
452 9.48795e-06 9.50483e-05
452.5 1.92497e-05 9.50623e-05
453 1.74706e-05 9.21186e-05
453.5 7.42808e-06 8.44864e-05
454 -4.94049e-06 7.21668e-05
454.5 -1.36637e-05 5.70953e-05
455 -1.53223e-05 4.23742e-05
455.5 -1.04491e-05 3.09768e-05
456 -3.05682e-06 2.46023e-05
456.5 1.52095e-06 2.32144e-05
457 -5.84473e-07 2.53885e-05
457.5 -9.79354e-06 2.91773e-05
458 -2.29277e-05 3.29953e-05
458.5 -3.49277e-05 3.60978e-05
459 -4.1445e-05 3.85028e-05
459.5 -4.08535e-05 4.05135e-05
460 -3.46153e-05 4.21771e-05
460.5 -2.59379e-05 4.30079e-05
461 -1.7655e-05 4.21278e-05
461.5 -1.06533e-05 3.87342e-05
462 -3.75177e-06 3.26234e-05
462.5 4.9996e-06 2.44549e-05
463 1.64927e-05 1.55807e-05
463.5 2.93676e-05 7.50469e-06
464 4.01825e-05 1.26574e-06
464.5 4.48538e-05 -2.89863e-06
465 4.05726e-05 -5.40375e-06
465.5 2.72039e-05 -6.78227e-06
466 7.53044e-06 -7.1256e-06
466.5 -1.36761e-05 -5.91321e-06
467 -3.12402e-05 -2.40787e-06
467.5 -4.11328e-05 3.59102e-06
468 -4.14618e-05 1.11347e-05
468.5 -3.27179e-05 1.81336e-05
469 -1.73803e-05 2.21207e-05
469.5 8.68334e-07 2.1423e-05
470 1.80711e-05 1.6091e-05
470.5 3.0871e-05 8.02011e-06
471 3.71752e-05 1.35222e-07
471.5 3.649e-05 -4.95259e-06
472 2.98645e-05 -6.10347e-06
472.5 1.9476e-05 -4.01666e-06
473 7.99499e-06 -6.57116e-07
473.5 -2.08249e-06 1.89409e-06
474 -8.96586e-06 2.51955e-06
474.5 -1.187e-05 1.52535e-06
475 -1.10682e-05 3.12905e-07
475.5 -7.71917e-06 5.20586e-07
476 -3.50086e-06 3.12739e-06
476.5 -1.00584e-07 7.96106e-06
477 1.32958e-06 1.37945e-05
477.5 5.73105e-07 1.89171e-05
478 -1.5905e-06 2.18781e-05
478.5 -3.76225e-06 2.20799e-05
479 -4.63311e-06 2.00024e-05
479.5 -3.71697e-06 1.70006e-05
480 -1.72302e-06 1.47669e-05
480.5 -3.19481e-07 1.4654e-05
481 -1.34308e-06 1.71024e-05
481.5 -5.81927e-06 2.1396e-05
482 -1.32946e-05 2.58677e-05
482.5 -2.18481e-05 2.85055e-05
483 -2.8809e-05 2.77395e-05
483.5 -3.18412e-05 2.30866e-05
484 -2.9877e-05 1.53719e-05
484.5 -2.34724e-05 6.4242e-06
485 -1.44699e-05 -1.61969e-06
485.5 -5.19196e-06 -7.08907e-06
486 2.41376e-06 -9.29841e-06
486.5 7.309e-06 -8.61776e-06
487 9.4268e-06 -6.12739e-06
487.5 9.36601e-06 -3.07584e-06
488 7.96491e-06 -4.13831e-07
488.5 5.98026e-06 1.41359e-06
489 3.96414e-06 2.40057e-06
489.5 2.28872e-06 2.76127e-06
490 1.20455e-06 2.72037e-06
490.5 8.49088e-07 2.41637e-06
491 1.2021e-06 1.92007e-06
491.5 2.04647e-06 1.29901e-06
492 2.99643e-06 6.536e-07
492.5 3.60907e-06 9.79076e-08
493 3.53743e-06 -2.88725e-07
493.5 2.65594e-06 -4.93736e-07
494 1.10292e-06 -5.62835e-07
494.5 -7.73548e-07 -5.6296e-07
495 -2.53813e-06 -5.48326e-07
495.5 -3.8077e-06 -5.51044e-07
496 -4.35776e-06 -5.9176e-07
496.5 -4.16376e-06 -6.88614e-07
497 -3.37138e-06 -8.48665e-07
497.5 -2.21549e-06 -1.04723e-06
498 -9.25462e-07 -1.2166e-06
498.5 3.41731e-07 -1.26194e-06
499 1.51468e-06 -1.10133e-06
499.5 2.57058e-06 -7.07827e-07
500 3.48037e-06 -1.28024e-07
