-1.998 -3.29393e-06 -5.58505e-06
-1.996 -9.75224e-06 -2.58772e-05
-1.994 -1.4791e-05 -6.47962e-05
-1.992 -1.57993e-05 -0.00012277
-1.99 -1.26637e-05 -0.000195467
-1.988 -6.91464e-06 -0.000273941
-1.986 -3.15636e-08 -0.000346506
-1.984 7.93902e-06 -0.000402231
-1.982 1.81812e-05 -0.000435337
-1.98 3.06222e-05 -0.000449344
-1.978 3.95499e-05 -0.000459497
-1.976 2.8884e-05 -0.000492264
-1.974 -3.06596e-05 -0.000581233
-1.972 -0.000180413 -0.000759631
-1.97 -0.000467503 -0.00105056
-1.968 -0.000933961 -0.00145687
-1.966 -0.00160327 -0.00195306
-1.964 -0.00246762 -0.00248177
-1.962 -0.00347947 -0.00295706
-1.96 -0.00455069 -0.00327524
-1.958 -0.0055612 -0.00333268
-1.956 -0.00637726 -0.00304795
-1.954 -0.00687708 -0.0023838
-1.952 -0.00697836 -0.00136351
-1.95 -0.00666011 -7.60592e-05
-1.948 -0.00597056 0.00133364
-1.946 -0.00501526 0.00268969
-1.944 -0.00392458 0.00382184
-1.942 -0.0028062 0.00460648
-1.94 -0.00169429 0.00500303
-1.938 -0.000509817 0.00507684
-1.936 0.000953399 0.0050013
-1.934 0.00300767 0.00503507
-1.932 0.00601384 0.00547532
-1.93 0.0102957 0.00659278
-1.928 0.0160429 0.00856037
-1.926 0.0232254 0.0113905
-1.924 0.031539 0.0148969
-1.922 0.0404028 0.0186943
-1.92 0.0490156 0.0222425
-1.918 0.056472 0.0249319
-1.916 0.0619223 0.026198
-1.914 0.0647489 0.0256437
-1.912 0.0647195 0.0231422
-1.91 0.0620784 0.0188975
-1.908 0.0575401 0.0134426
-1.906 0.0521732 0.00757021
-1.904 0.0471841 0.00220306
-1.902 0.0436401 -0.00177365
-1.9 0.0421935 -0.00368751
-1.898 0.0428706 -0.00322599
-1.896 0.0449809 -0.000524314
-1.894 0.047179 0.00382663
-1.892 0.0476804 0.0088591
-1.89 0.0446048 0.0133856
-1.888 0.0363884 0.016211
-1.886 0.0221871 0.0163642
-1.884 0.0021823 0.0133055
-1.882 -0.0222908 0.00706541
-1.88 -0.048841 -0.00171952
-1.878 -0.0743532 -0.0118884
-1.876 -0.0955084 -0.0219469
-1.874 -0.109401 -0.0303335
-1.872 -0.114128 -0.0357116
-1.87 -0.109232 -0.0372289
-1.868 -0.0958865 -0.0346922
-1.866 -0.076773 -0.0286231
-1.864 -0.0556652 -0.0201828
-1.862 -0.0367741 -0.0109833
-1.86 -0.0239744 -0.00281831
-1.858 -0.020055 0.00263834
-1.856 -0.0261396 0.00411608
-1.854 -0.0414051 0.000965026
-1.852 -0.0631715 -0.00673145
-1.85 -0.0873683 -0.0181707
-1.848 -0.109299 -0.0319699
-1.846 -0.124561 -0.0464061
-1.844 -0.129926 -0.0597123
-1.842 -0.124003 -0.070374
-1.84 -0.107543 -0.077372
-1.838 -0.0833069 -0.0803271
-1.836 -0.0555344 -0.0795256
-1.834 -0.0291084 -0.075829
-1.832 -0.0085907 -0.0704912
-1.83 0.00268143 -0.0649216
-1.828 0.00325249 -0.0604381
-1.826 -0.00617805 -0.0580515
-1.824 -0.0229298 -0.0583127
-1.822 -0.0429363 -0.0612416
-1.82 -0.0616444 -0.0663388
-1.818 -0.0750277 -0.0726676
-1.816 -0.0804897 -0.0789854
-1.814 -0.0774496 -0.0839056
-1.812 -0.06747 -0.086073
-1.81 -0.0538902 -0.0843406
-1.808 -0.0410399 -0.0779326
-1.806 -0.0332042 -0.0665763
-1.804 -0.0335647 -0.0505828
-1.802 -0.043354 -0.0308589
-1.8 -0.0614141 -0.00884084
-1.798 -0.0842688 0.0136476
-1.796 -0.106713 0.0345998
-1.794 -0.122809 0.0520697
-1.792 -0.127091 0.0644269
-1.79 -0.115739 0.0705916
-1.788 -0.0874711 0.0702183
-1.786 -0.0439629 0.0637949
-1.784 0.0102986 0.0526269
-1.782 0.0687254 0.038686
-1.78 0.123769 0.024322
-1.778 0.168279 0.0118707
-1.776 0.196805 0.00322198
-1.774 0.206581 -0.000558289
-1.772 0.19799 0.000536018
-1.77 0.174402 0.00541987
-1.768 0.141431 0.0121039
-1.766 0.105762 0.0180664
-1.764 0.0738021 0.02074
-1.762 0.0504231 0.0180273
-1.76 0.038071 0.00875179
-1.758 0.0363956 -0.00703793
-1.756 0.0424682 -0.0279772
-1.754 0.0515243 -0.0515416
-1.752 0.0580696 -0.0744387
-1.75 0.0571203 -0.0931747
-1.748 0.0453174 -0.104694
-1.746 0.0216827 -0.10696
-1.744 -0.0121393 -0.0993564
-1.742 -0.0521977 -0.0827978
-1.74 -0.0930278 -0.0595236
-1.738 -0.128737 -0.0326031
-1.736 -0.154133 -0.00525647
-1.734 -0.16566 0.0198536
-1.732 -0.161937 0.0411943
-1.73 -0.143826 0.058659
-1.728 -0.114031 0.073516
-1.726 -0.0763655 0.0880174
-1.724 -0.0348595 0.104759
-1.722 0.00707353 0.12594
-1.72 0.0472348 0.152678
-1.718 0.0848706 0.184545
-1.716 0.120501 0.219416
-1.714 0.155413 0.253676
-1.712 0.190967 0.28277
-1.71 0.227915 0.302007
-1.708 0.265926 0.307482
-1.706 0.30347 0.296926
-1.704 0.338093 0.270301
-1.702 0.367039 0.229964
-1.7 0.388041 0.180344
-1.698 0.400054 0.127164
-1.696 0.403726 0.076361
-1.694 0.401436 0.0329162
-1.692 0.396874 -0.000143732
-1.69 0.394235 -0.0223597
-1.688 0.397213 -0.0359277
-1.686 0.40802 -0.045239
-1.684 0.42665 -0.0559638
-1.682 0.450543 -0.0738562
-1.68 0.474764 -0.103498
-1.678 0.492673 -0.14722
-1.676 0.497015 -0.204416
-1.674 0.481244 -0.271401
-1.672 0.440828 -0.34188
-1.67 0.374241 -0.407933
-1.668 0.283428 -0.461353
-1.666 0.173603 -0.495085
-1.664 0.0524334 -0.504499
-1.662 -0.0712117 -0.488273
-1.66 -0.188688 -0.448694
-1.658 -0.292881 -0.391294
-1.656 -0.379126 -0.323861
-1.654 -0.445587 -0.255012
-1.652 -0.493 -0.192609
-1.65 -0.523894 -0.142334
-1.648 -0.541447 -0.10671
-1.646 -0.548274 -0.0847582
-1.644 -0.545451 -0.0723439
-1.642 -0.532052 -0.0631451
-1.64 -0.505364 -0.0500285
-1.638 -0.461767 -0.0265679
-1.636 -0.398045 0.0115658
-1.634 -0.312778 0.0655748
-1.632 -0.207395 0.133044
-1.63 -0.0866042 0.208108
-1.628 0.0419325 0.282313
-1.626 0.168642 0.346076
-1.624 0.283591 0.390476
-1.622 0.378263 0.409037
-1.62 0.447197 0.399078
-1.618 0.489129 0.36236
-1.616 0.507312 0.304866
-1.614 0.508847 0.235778
-1.612 0.503077 0.165796
-1.61 0.499363 0.105132
-1.608 0.504767 0.0615293
-1.606 0.522241 0.0387049
-1.604 0.549815 0.0355367
-1.602 0.580991 0.0462063
-1.6 0.606285 0.0613305
-1.598 0.615549 0.0699353
-1.596 0.600559 0.06193
-1.594 0.557293 0.0305867
-1.592 0.487383 -0.0255283
-1.59 0.398349 -0.101645
-1.588 0.302482 -0.187169
-1.586 0.214495 -0.267329
-1.584 0.148374 -0.325821
-1.582 0.114096 -0.347993
-1.58 0.115017 -0.323978
-1.578 0.146646 -0.251201
-1.576 0.197231 -0.135704
-1.574 0.250153 0.00807248
-1.572 0.287661 0.159204
-1.57 0.295137 0.293684
-1.568 0.264952 0.388789
-1.566 0.198967 0.427558
-1.564 0.109043 0.402448
-1.562 0.015216 0.317302
-1.56 -0.0582568 0.18714
-1.558 -0.0883274 0.0357433
-1.556 -0.0589836 -0.108545
-1.554 0.0338286 -0.218015
-1.552 0.179426 -0.270825
-1.55 0.352645 -0.255317
-1.548 0.517417 -0.172578
-1.546 0.633178 -0.0367098
-1.544 0.662953 0.12738
-1.542 0.581464 0.288372
-1.54 0.381537 0.414404
-1.538 0.0773392 0.479308
-1.536 -0.296417 0.467952
-1.534 -0.689401 0.379522
-1.532 -1.04401 0.227984
-1.53 -1.3057 0.0395963
-1.528 -1.4333 -0.152008
-1.526 -1.40731 -0.31213
-1.524 -1.23431 -0.411466
-1.522 -0.946439 -0.431475
-1.52 -0.595807 -0.367711
-1.518 -0.244897 -0.230489
-1.516 0.0452952 -0.0427763
-1.514 0.227023 0.164329
-1.512 0.275133 0.35768
-1.51 0.192052 0.508519
-1.508 0.00732926 0.597923
-1.506 -0.228278 0.620093
-1.504 -0.453093 0.582757
-1.502 -0.607139 0.504659
-1.5 -0.644562 0.410808
-1.498 -0.543319 0.326644
-1.496 -0.310096 0.272471
-1.494 0.0206766 0.259327
-1.492 0.393611 0.287069
-1.49 0.74364 0.344961
-1.488 1.00945 0.414527
-1.486 1.14626 0.474009
-1.484 1.13517 0.50346
-1.482 0.987192 0.489325
-1.48 0.741051 0.427507
-1.478 0.455169 0.324169
-1.476 0.195538 0.19408
-1.474 0.0219792 0.0568793
-1.472 -0.024298 -0.0678408
-1.47 0.0707957 -0.165412
-1.468 0.291411 -0.229736
-1.466 0.595194 -0.264788
-1.464 0.922202 -0.283608
-1.462 1.20741 -0.305002
-1.46 1.39417 -0.348701
-1.458 1.44576 -0.430102
-1.456 1.35257 -0.555822
-1.454 1.13344 -0.721139
-1.452 0.830842 -0.909964
-1.45 0.500998 -1.09744
-1.448 0.201179 -1.25464
-1.446 -0.0229823 -1.35449
-1.444 -0.147253 -1.37747
-1.442 -0.173353 -1.31593
-1.44 -0.127226 -1.17603
-1.438 -0.0514129 -0.976651
-1.436 0.00664801 -0.745593
-1.434 0.00766345 -0.513809
-1.432 -0.0682013 -0.308875
-1.43 -0.214435 -0.149168
-1.428 -0.397472 -0.0400717
-1.426 -0.56257 0.0269222
-1.424 -0.645227 0.071941
-1.422 -0.585805 0.12175
-1.42 -0.344235 0.203095
-1.418 0.0884814 0.335794
-1.416 0.6847 0.527096
-1.414 1.38207 0.768628
-1.412 2.09296 1.03674
-1.41 2.71973 1.29633
-1.408 3.17277 1.50752
-1.406 3.38745 1.63378
-1.404 3.33644 1.64977
-1.402 3.03481 1.54716
-1.4 2.53671 1.3372
-1.398 1.92453 1.04918
-1.396 1.29268 0.72532
-1.394 0.729187 0.412806
-1.392 0.299034 0.154722
-1.39 0.0323873 -0.018442
-1.388 -0.0796775 -0.0949808
-1.386 -0.0811499 -0.0845646
-1.384 -0.0396124 -0.016564
-1.382 -0.0298472 0.065741
-1.38 -0.116136 0.114062
-1.378 -0.337171 0.0854011
-1.376 -0.696891 -0.0483364
-1.374 -1.16326 -0.293417
-1.372 -1.67513 -0.631525
-1.37 -2.15569 -1.02182
-1.368 -2.52924 -1.40751
-1.366 -2.73786 -1.72572
-1.364 -2.75406 -1.91889
-1.362 -2.58687 -1.94555
-1.36 -2.27996 -1.78843
-1.358 -1.90224 -1.45838
-1.356 -1.53287 -0.993146
-1.354 -1.24387 -0.451246
-1.352 -1.08419 0.0981006
-1.35 -1.06886 0.587106
-1.348 -1.17568 0.961347
-1.346 -1.35041 1.18918
-1.344 -1.51937 1.26682
-1.342 -1.60664 1.21806
-1.34 -1.55207 1.08879
-1.338 -1.32595 0.937186
-1.336 -0.937098 0.82172
-1.334 -0.432398 0.789003
-1.332 0.1121 0.863967
-1.33 0.606893 1.04424
-1.328 0.968161 1.29992
-1.326 1.13626 1.57895
-1.324 1.08951 1.81721
-1.322 0.850043 1.95146
-1.32 0.480413 1.93263
-1.318 0.0712446 1.73682
-1.316 -0.277422 1.37156
-1.314 -0.477315 0.87595
-1.312 -0.471112 0.314391
-1.31 -0.245477 -0.234851
-1.308 0.164913 -0.694157
-1.306 0.683393 -1.00128
-1.304 1.20632 -1.12146
-1.302 1.62415 -1.05455
-1.3 1.84431 -0.835572
-1.298 1.81109 -0.52842
-1.296 1.51837 -0.213731
-1.294 1.01216 0.0268929
-1.292 0.382236 0.12717
-1.29 -0.255563 0.0496935
-1.288 -0.782905 -0.206057
-1.286 -1.10339 -0.602972
-1.284 -1.16267 -1.07313
-1.282 -0.960028 -1.53092
-1.28 -0.548772 -1.88982
-1.278 -0.0253589 -2.07957
-1.276 0.490599 -2.06011
-1.274 0.881333 -1.82965
-1.272 1.05572 -1.42517
-1.27 0.968695 -0.915148
-1.268 0.631177 -0.386117
-1.266 0.108286 0.0744074
-1.264 -0.49388 0.39499
-1.262 -1.05032 0.533848
-1.26 -1.44357 0.486087
-1.258 -1.58903 0.283074
-1.256 -1.45391 -0.0158595
-1.254 -1.06575 -0.337514
-1.252 -0.508307 -0.61151
-1.25 0.0945531 -0.785752
-1.248 0.604067 -0.837187
-1.246 0.895722 -0.77553
-1.244 0.886303 -0.639328
-1.242 0.553026 -0.485445
-1.24 -0.0595089 -0.374466
-1.238 -0.846268 -0.355319
-1.236 -1.66153 -0.452579
-1.234 -2.34758 -0.659322
-1.232 -2.76662 -0.937257
-1.23 -2.82933 -1.22428
-1.228 -2.51426 -1.44801
-1.226 -1.87379 -1.54229
-1.224 -1.02532 -1.46298
-1.222 -0.129012 -1.1991
-1.22 0.643675 -0.77659
-1.218 1.14463 -0.25378
-1.216 1.27999 0.290576
-1.214 1.03096 0.773837
-1.212 0.459839 1.12692
-1.21 -0.300159 1.30879
-1.208 -1.06995 1.31479
-1.206 -1.6595 1.17704
-1.204 -1.90591 0.956749
-1.202 -1.70717 0.730183
-1.2 -1.04474 0.57137
-1.198 0.00952729 0.535414
-1.196 1.30381 0.646285
-1.194 2.63228 0.891985
-1.192 3.77189 1.2283
-1.19 4.52304 1.59023
-1.188 4.74643 1.90831
-1.186 4.3893 2.1257
-1.184 3.49588 2.2118
-1.182 2.20008 2.16909
-1.18 0.701698 2.03148
-1.178 -0.769376 1.85468
-1.176 -1.99423 1.70088
-1.174 -2.80363 1.62144
-1.172 -3.10719 1.64177
-1.17 -2.90795 1.75239
-1.168 -2.29971 1.90855
-1.166 -1.44802 2.0392
-1.164 -0.558518 2.06371
-1.162 0.161314 1.91249
-1.16 0.539704 1.54676
-1.158 0.470751 0.97228
-1.156 -0.0679857 0.243333
-1.154 -1.01306 -0.54472
-1.152 -2.22762 -1.27323
-1.15 -3.5259 -1.82481
-1.148 -4.70497 -2.10944
-1.146 -5.57797 -2.08608
-1.144 -6.00309 -1.77502
-1.142 -5.90396 -1.25739
-1.14 -5.27837 -0.66127
-1.138 -4.19501 -0.136613
-1.136 -2.77947 0.176144
-1.134 -1.19303 0.177239
-1.132 0.391743 -0.168475
-1.13 1.81443 -0.820395
-1.128 2.94581 -1.66683
-1.126 3.70071 -2.54498
-1.124 4.04386 -3.27253
-1.122 3.98942 -3.68429
-1.12 3.59515 -3.66651
-1.118 2.95288 -3.18163
-1.116 2.17665 -2.27826
-1.114 1.38986 -1.08422
-1.112 0.712618 0.216447
-1.11 0.249988 1.41792
-1.108 0.0817102 2.33192
-1.106 0.253802 2.8239
-1.104 0.77254 2.8387
-1.102 1.60158 2.41024
-1.1 2.6632 1.65323
-1.098 3.84459 0.738752
-1.096 5.0096 -0.141097
-1.094 6.01526 -0.811929
-1.092 6.73134 -1.15109
-1.09 7.06011 -1.11016
-1.088 6.95285 -0.721672
-1.086 6.42016 -0.0891187
-1.084 5.53366 0.637118
-1.082 4.41804 1.29272
-1.08 3.23411 1.73428
-1.078 2.1547 1.86889
-1.076 1.33688 1.67263
-1.074 0.894979 1.19429
-1.072 0.87918 0.543961
-1.07 1.26408 -0.130858
-1.068 1.95019 -0.676577
-1.066 2.77891 -0.965622
-1.064 3.55917 -0.922754
-1.062 4.10092 -0.540296
-1.06 4.24974 0.120564
-1.058 3.91573 0.94231
-1.056 3.09149 1.77442
-1.054 1.85535 2.4624
-1.052 0.359394 2.87641
-1.05 -1.19593 2.93397
-1.048 -2.59622 2.61262
-1.046 -3.65058 1.95083
-1.044 -4.22565 1.03785
-1.042 -4.26971 -0.00456446
-1.04 -3.82229 -1.04464
-1.038 -3.00711 -1.96285
-1.036 -2.00953 -2.67003
-1.034 -1.04285 -3.1186
-1.032 -0.309645 -3.30524
-1.03 0.0347647 -3.26557
-1.028 -0.0898139 -3.06243
-1.026 -0.673914 -2.77085
-1.024 -1.61963 -2.4633
-1.022 -2.75711 -2.19798
-1.02 -3.87336 -2.0122
-1.018 -4.74811 -1.92114
-1.016 -5.19091 -1.92114
-1.014 -5.07299 -1.99558
-1.012 -4.34905 -2.12132
-1.01 -3.06526 -2.27406
-1.008 -1.35247 -2.43155
-1.006 0.593989 -2.57433
-1.004 2.54442 -2.68444
-1.002 4.26968 -2.74279
-1 5.57521 -2.7265
-0.998 6.32871 -2.60777
-0.996 6.47715 -2.3557
-0.994 6.05065 -1.94144
-0.992 5.15296 -1.34614
-0.99 3.94079 -0.569602
-0.988 2.5958 0.362609
-0.986 1.29417 1.39592
-0.984 0.178655 2.44859
-0.982 -0.662812 3.41894
-0.98 -1.20852 4.19735
-0.978 -1.50281 4.68149
-0.976 -1.64407 4.79304
-0.974 -1.76293 4.4931
-0.972 -1.99415 3.7937
-0.97 -2.44764 2.76257
-0.968 -3.18385 1.51917
-0.966 -4.19856 0.22126
-0.964 -5.41993 -0.956929
-0.962 -6.71841 -1.85172
-0.96 -7.92748 -2.33767
-0.958 -8.87153 -2.35083
-0.956 -9.39615 -1.90286
-0.954 -9.39572 -1.08332
-0.952 -8.83387 -0.0488199
-0.95 -7.75295 1.00003
-0.948 -6.27014 1.85106
-0.946 -4.55964 2.31766
-0.944 -2.82336 2.27444
-0.942 -1.25502 1.68449
-0.94 -0.00462562 0.612452
-0.938 0.849197 -0.780446
-0.936 1.3133 -2.25968
-0.934 1.47748 -3.556
-0.932 1.49587 -4.41277
-0.93 1.55633 -4.63378
-0.928 1.84358 -4.12254
-0.926 2.50316 -2.90526
-0.924 3.61259 -1.13242
-0.922 5.16479 0.9426
-0.92 7.06687 3.00519
-0.918 9.15457 4.73473
-0.916 11.2199 5.86367
-0.914 13.047 6.22926
-0.912 14.4485 5.80754
-0.91 15.2962 4.72207
-0.908 15.5387 3.22466
-0.906 15.2043 1.65083
-0.904 14.3881 0.35757
-0.902 13.2282 -0.345291
-0.9 11.875 -0.257126
-0.898 10.463 0.670225
-0.896 9.08839 2.31721
-0.894 7.79961 4.4134
-0.892 6.60027 6.58422
-0.89 5.46361 8.41907
-0.888 4.3538 9.54784
-0.886 3.2481 9.71103
-0.884 2.15357 8.8098
-0.882 1.11364 6.92646
-0.88 0.202092 4.31127
-0.878 -0.494252 1.33804
-0.876 -0.899831 -1.56353
-0.874 -0.975213 -3.98616
-0.872 -0.735549 -5.61941
-0.87 -0.257013 -6.30582
-0.868 0.331626 -6.0679
-0.866 0.871639 -5.10018
-0.864 1.20703 -3.72797
-0.862 1.2203 -2.34116
-0.86 0.863092 -1.31655
-0.858 0.17379 -0.94426
-0.856 -0.72332 -1.3726
-0.854 -1.63907 -2.58115
-0.852 -2.35771 -4.38638
-0.85 -2.68542 -6.47764
-0.848 -2.49873 -8.47606
-0.846 -1.78182 -10.0052
-0.844 -0.643201 -10.76
-0.842 0.693821 -10.5622
-0.84 1.92695 -9.39114
-0.838 2.73121 -7.38571
-0.836 2.82521 -4.81719
-0.834 2.03396 -2.03923
-0.832 0.334859 0.57509
-0.83 -2.1236 2.69699
-0.828 -5.03599 4.09534
-0.826 -7.9861 4.67069
-0.824 -10.5176 4.46528
-0.822 -12.2168 3.64844
-0.82 -12.7912 2.48093
-0.818 -12.1292 1.26538
-0.816 -10.3274 0.291728
-0.814 -7.68044 -0.213174
-0.812 -4.63328 -0.123643
-0.81 -1.70485 0.564795
-0.808 0.602762 1.73625
-0.806 1.89276 3.1757
-0.804 1.94301 4.607
-0.802 0.743691 5.7414
-0.8 -1.5034 6.32885
-0.798 -4.42335 6.20366
-0.796 -7.5368 5.31701
-0.794 -10.3457 3.75048
-0.792 -12.42 1.70768
-0.79 -13.4695 -0.515173
-0.788 -13.3875 -2.57585
-0.786 -12.2595 -4.14283
-0.784 -10.3367 -4.95345
-0.782 -7.9795 -4.86411
-0.78 -5.5829 -3.88347
-0.778 -3.4997 -2.18118
-0.776 -1.97525 -0.0679455
-0.774 -1.10687 2.05251
-0.772 -0.834752 3.7533
-0.77 -0.964424 4.66449
-0.768 -1.21438 4.5486
-0.766 -1.27795 3.35597
-0.764 -0.886459 1.24758
-0.762 0.13788 -1.42123
-0.76 1.84821 -4.15566
-0.758 4.16291 -6.40684
-0.756 6.88004 -7.67383
-0.754 9.71319 -7.60404
-0.752 12.3421 -6.07271
-0.75 14.4687 -3.22426
-0.748 15.8672 0.536148
-0.746 16.4191 4.60326
-0.744 16.1268 8.27643
-0.742 15.1036 10.8899
-0.74 13.5463 11.9433
-0.738 11.6953 11.205
-0.736 9.79318 8.7661
-0.734 8.04678 5.03274
-0.732 6.60043 0.655273
-0.73 5.52151 -3.59177
-0.728 4.79973 -6.95732
-0.726 4.35885 -8.86044
-0.724 4.07808 -9.00707
-0.722 3.81921 -7.45213
-0.72 3.45426 -4.59218
-0.718 2.88851 -1.08755
-0.716 2.0748 2.27233
-0.714 1.01714 4.7331
-0.712 -0.235468 5.73461
-0.71 -1.60251 5.03076
-0.708 -2.98881 2.74403
-0.706 -4.30101 -0.657417
-0.704 -5.46084 -4.45547
-0.702 -6.41323 -7.83101
-0.7 -7.12885 -10.0355
-0.698 -7.60144 -10.5491
-0.696 -7.84144 -9.19321
-0.694 -7.86776 -6.17019
-0.692 -7.70007 -2.02274
-0.69 -7.35326 2.48226
-0.688 -6.83512 6.52032
-0.686 -6.14749 9.39028
-0.684 -5.28979 10.6685
-0.682 -4.26323 10.3014
-0.68 -3.07407 8.61452
-0.678 -1.73432 6.23676
-0.676 -0.259503 3.95664
-0.674 1.33592 2.5418
-0.672 3.04401 2.56169
-0.67 4.86753 4.25128
-0.668 6.82111 7.44595
-0.666 8.92773 11.603
-0.664 11.2102 15.9072
-0.662 13.6782 19.4402
-0.66 16.313 21.3776
-0.658 19.0527 21.171
-0.656 21.7804 18.674
-0.654 24.3223 14.1827
-0.652 26.4548 8.38141
-0.65 27.9272 2.20382
-0.648 28.4937 -3.35885
-0.646 27.9543 -7.46234
-0.644 26.1947 -9.5818
-0.642 23.2168 -9.61616
-0.64 19.1539 -7.90258
-0.638 14.2643 -5.13871
-0.636 8.90366 -2.22973
-0.634 3.47933 -0.0932962
-0.632 -1.60623 0.535611
-0.63 -6.01411 -0.741923
-0.628 -9.51935 -3.90952
-0.626 -12.0438 -8.54628
-0.624 -13.6644 -13.9235
-0.622 -14.5928 -19.1645
-0.62 -15.1294 -23.4321
-0.618 -15.598 -26.1005
-0.616 -16.2762 -26.8766
-0.614 -17.3344 -25.8431
-0.612 -18.7976 -23.4176
-0.61 -20.5397 -20.238
-0.608 -22.3107 -17.0032
-0.606 -23.7918 -14.3064
-0.604 -24.6663 -12.5001
-0.602 -24.6912 -11.6232
-0.6 -23.7548 -11.4053
-0.598 -21.9055 -11.347
-0.596 -19.348 -10.8538
-0.594 -16.4035 -9.39438
-0.592 -13.4441 -6.64388
-0.59 -10.8129 -2.58084
-0.588 -8.74794 2.48725
-0.586 -7.32634 7.976
-0.584 -6.44239 13.1431
-0.582 -5.82564 17.2477
-0.58 -5.09749 19.7132
-0.578 -3.85542 20.2562
-0.576 -1.76793 18.951
-0.574 1.34045 16.2155
-0.572 5.4329 12.7216
-0.57 10.2462 9.25199
-0.568 15.323 6.53395
-0.566 20.0855 5.0883
-0.564 23.9358 5.12487
-0.562 26.3631 6.50685
-0.56 27.0363 8.79086
-0.558 25.8629 11.3335
-0.556 23.0018 13.4405
-0.554 18.8285 14.5249
-0.552 13.8597 14.2385
-0.55 8.65564 12.5467
-0.548 3.72072 9.72981
-0.546 -0.574632 6.31193
-0.544 -4.03647 2.93486
-0.542 -6.64673 0.206913
-0.54 -8.5237 -1.43797
-0.538 -9.85562 -1.8386
-0.536 -10.8252 -1.14032
-0.534 -11.5441 0.24313
-0.532 -12.0142 1.73039
-0.53 -12.1259 2.71303
-0.528 -11.6957 2.70388
-0.526 -10.5336 1.45948
-0.524 -8.52474 -0.951394
-0.522 -5.69995 -4.14975
-0.52 -2.27579 -7.52011
-0.518 1.35245 -10.3412
-0.516 4.66603 -11.9466
-0.514 7.11592 -11.8799
-0.512 8.23296 -10.0114
-0.51 7.73043 -6.58752
-0.508 5.5762 -2.20034
-0.506 2.01815 2.32014
-0.504 -2.44461 6.06912
-0.502 -7.14242 8.25221
-0.5 -11.3549 8.35301
-0.498 -14.4477 6.24757
-0.496 -15.9983 2.24106
-0.494 -15.8812 -2.98129
-0.492 -14.2914 -8.47996
-0.49 -11.6982 -13.2394
-0.488 -8.73933 -16.3645
-0.486 -6.07883 -17.2577
-0.484 -4.26266 -15.741
-0.482 -3.60247 -12.0989
-0.48 -4.11255 -7.02963
-0.478 -5.51144 -1.51244
-0.476 -7.28646 3.3841
-0.474 -8.80708 6.71593
-0.472 -9.46277 7.85559
-0.47 -8.79546 6.62362
-0.468 -6.59688 3.3325
-0.466 -2.94783 -1.26611
-0.464 1.80951 -6.12111
-0.462 7.15897 -10.083
-0.46 12.5345 -12.129
-0.458 17.4489 -11.5697
-0.456 21.5964 -8.19801
-0.454 24.9037 -2.34865
-0.452 27.5209 5.14526
-0.45 29.7539 13.0942
-0.448 31.9556 20.1668
-0.446 34.4006 25.1379
-0.444 37.1727 27.1216
-0.442 40.0983 25.7463
-0.44 42.7462 21.2359
-0.438 44.5042 14.3803
-0.436 44.7195 6.39775
-0.434 42.8714 -1.28539
-0.432 38.7341 -7.29892
-0.43 32.4836 -10.5854
-0.428 24.7189 -10.6002
-0.426 16.3871 -7.41518
-0.424 8.62293 -1.70625
-0.422 2.53521 5.37251
-0.42 -1.01863 12.4042
-0.418 -1.62371 17.9732
-0.416 0.576307 20.929
-0.414 4.86737 20.6009
-0.412 10.0678 16.9215
-0.41 14.7341 10.436
-0.408 17.434 2.19132
-0.406 17.0357 -6.47136
-0.404 12.9517 -14.181
-0.402 5.28616 -19.802
-0.4 -5.15171 -22.6457
-0.398 -16.973 -22.5876
-0.396 -28.4535 -20.0684
-0.394 -37.8514 -15.984
-0.392 -43.7365 -11.4902
-0.39 -45.2667 -7.76007
-0.388 -42.3582 -5.74154
-0.386 -35.7122 -5.96362
-0.384 -26.6925 -8.42994
-0.382 -17.0759 -12.6241
-0.38 -8.72226 -17.6275
-0.378 -3.22835 -22.3243
-0.376 -1.63407 -25.6469
-0.374 -4.23759 -26.8046
-0.372 -10.5558 -25.4428
-0.37 -19.4359 -21.7018
-0.368 -29.294 -16.1686
-0.366 -38.4293 -9.73941
-0.364 -45.3512 -3.42922
-0.362 -49.0515 1.83389
-0.36 -49.1701 5.38792
-0.358 -46.0238 6.95733
-0.356 -40.4961 6.6908
-0.354 -33.8138 5.10763
-0.352 -27.2594 2.96248
-0.35 -21.8806 1.05814
-0.348 -18.2597 0.0517823
-0.346 -16.3949 0.304582
-0.344 -15.7218 1.81337
-0.342 -15.2723 4.23927
-0.34 -13.9369 7.01946
-0.338 -10.7714 9.52619
-0.336 -5.27524 11.2279
-0.334 2.42254 11.8127
-0.332 11.5156 11.2477
-0.33 20.626 9.76867
-0.328 28.046 7.80669
-0.326 32.0735 5.87559
-0.324 31.3773 4.44526
-0.322 25.3216 3.83032
-0.32 14.1807 4.11949
-0.318 -0.808105 5.16433
-0.316 -17.5786 6.63309
-0.314 -33.545 8.11775
-0.312 -46.0375 9.26527
-0.31 -52.7841 9.894
-0.308 -52.3455 10.058
-0.306 -44.4161 10.0354
-0.304 -29.9302 10.2385
-0.302 -10.9481 11.0671
-0.3 9.66253 12.7464
-0.298 28.6989 15.1987
-0.296 43.1707 17.993
-0.294 50.826 20.3985
-0.292 50.5625 21.5371
-0.29 42.6426 20.6057
-0.288 28.6679 17.1153
-0.286 11.3138 11.0859
-0.284 -6.1294 3.14284
-0.282 -20.3233 -5.52229
-0.28 -28.4512 -13.3313
-0.278 -28.6891 -18.615
-0.276 -20.4994 -19.969
-0.274 -4.69811 -16.5982
-0.272 16.7108 -8.57212
-0.27 40.9038 3.07339
-0.268 64.7419 16.4291
-0.266 85.3139 29.0025
-0.264 100.415 38.1642
-0.262 108.86 41.6716
-0.26 110.583 38.1591
-0.258 106.5 27.4868
-0.256 98.1957 10.8577
-0.254 87.504 -9.33381
-0.252 76.0877 -29.903
-0.25 65.0994 -47.4514
-0.248 54.9891 -59.0054
-0.246 45.489 -62.591
-0.244 35.7752 -57.6297
-0.242 24.7738 -45.075
-0.24 11.5456 -27.2598
-0.238 -4.34015 -7.48068
-0.236 -22.5414 10.6093
-0.234 -41.869 23.6875
-0.232 -60.4381 29.4005
-0.23 -76.0198 26.8251
-0.228 -86.513 16.6524
-0.226 -90.4237 1.04988
-0.224 -87.2404 -16.7762
-0.222 -77.6192 -33.2273
-0.22 -63.3373 -45.0342
-0.218 -47.014 -49.8991
-0.216 -31.6404 -46.9243
-0.214 -19.9968 -36.7444
-0.212 -14.0658 -21.3509
-0.21 -14.5688 -3.66523
-0.208 -20.7444 13.0419
-0.206 -30.4405 25.7706
-0.204 -40.5228 32.3435
-0.202 -47.5201 31.7963
-0.2 -48.369 24.5387
-0.198 -41.0977 12.2526
-0.196 -25.3085 -2.46254
-0.194 -2.36647 -16.6319
-0.192 24.7458 -27.5218
-0.19 51.8881 -33.1897
-0.188 74.474 -32.8369
-0.186 88.3199 -26.8881
-0.184 90.4797 -16.8013
-0.182 79.895 -4.68152
-0.18 57.7063 7.18482
-0.178 27.136 16.7678
-0.176 -7.0517 22.629
-0.174 -39.4052 24.1204
-0.172 -64.7787 21.4434
-0.17 -79.2618 15.5695
-0.168 -80.8736 8.0333
-0.166 -69.9024 0.621022
-0.164 -48.8401 -4.99277
-0.162 -21.9227 -7.57651
-0.16 5.65035 -6.55205
-0.158 28.6883 -2.0304
-0.156 42.993 5.31611
-0.154 46.1558 14.4776
-0.152 37.9969 24.3392
-0.15 20.5519 33.8569
-0.148 -2.38574 42.1518
-0.146 -26.0567 48.5359
-0.144 -45.6887 52.5056
-0.142 -57.4175 53.734
-0.14 -59.0066 52.0736
-0.138 -50.2481 47.5624
-0.136 -32.9821 40.4205
-0.134 -10.7343 31.0414
-0.132 11.9693 19.9941
-0.13 30.4849 8.0371
-0.128 40.9611 -3.87704
-0.126 41.0865 -14.6545
-0.124 30.5192 -23.2005
-0.122 10.9182 -28.637
-0.12 -14.4109 -30.5358
-0.118 -41.1631 -29.0886
-0.116 -64.8376 -25.1491
-0.114 -81.5456 -20.1253
-0.112 -88.6855 -15.7419
-0.11 -85.3681 -13.7198
-0.108 -72.5168 -15.4342
-0.106 -52.6204 -21.6054
-0.104 -29.189 -32.0753
-0.102 -6.0321 -45.7165
-0.1 13.4752 -60.5195
-0.098 26.9757 -73.8745
-0.096 33.4533 -83.0244
-0.094 33.2682 -85.6065
-0.092 27.9477 -80.1624
-0.09 19.8158 -66.4875
-0.088 11.54 -45.7336
-0.086 5.65328 -20.2413
-0.084 4.1036 6.85101
-0.082 7.89622 32.1453
-0.08 16.9093 52.5753
-0.078 29.9456 65.9591
-0.076 45.0256 71.4147
-0.074 59.8456 69.5431
-0.072 72.2666 62.3152
-0.07 80.6981 52.6618
-0.068 84.2919 43.8478
-0.066 82.945 38.7693
-0.064 77.1707 39.3251
-0.062 67.9139 45.9948
-0.06 56.3651 57.7153
-0.058 43.7848 72.0801
-0.056 31.3355 85.8089
-0.054 19.931 95.3703
-0.052 10.1457 97.6428
-0.05 2.22655 90.522
-0.048 -3.78355 73.3958
-0.046 -7.86851 47.3909
-0.044 -9.9034 15.2937
-0.042 -9.63986 -18.8896
-0.04 -6.82793 -50.6672
-0.038 -1.41439 -75.9265
-0.036 6.28283 -91.7271
-0.034 15.5089 -96.8468
-0.032 25.141 -91.977
-0.03 33.857 -79.5439
-0.028 40.3362 -63.2025
-0.026 43.4422 -47.1071
-0.024 42.3724 -35.1068
-0.022 36.7919 -30.0193
-0.02 26.9556 -33.1131
-0.018 13.7873 -43.8765
-0.016 -1.148 -60.1011
-0.014 -15.8272 -78.2595
-0.012 -28.0976 -94.1177
-0.01 -36.0769 -103.502
-0.008 -38.5167 -103.11
-0.006 -35.031 -91.2313
-0.004 -26.1421 -68.1746
-0.002 -13.1591 -36.2937
0 2.05082 0.428377
0.002 17.334 37.1167
0.004 30.5324 68.9018
0.006 39.7629 91.8167
0.008 43.6894 103.533
0.01 41.7521 103.769
0.012 34.292 94.2666
0.014 22.51 78.3498
0.016 8.24442 60.204
0.018 -6.38594 44.0613
0.02 -19.3783 33.4339
0.022 -29.1734 30.5052
0.024 -34.8399 35.7573
0.026 -36.1055 47.8927
0.028 -33.2816 64.0697
0.03 -27.1437 80.4243
0.032 -18.801 92.7977
0.034 -9.54965 97.5418
0.036 -0.692586 92.2477
0.038 6.66021 76.2496
0.04 11.7596 50.799
0.042 14.2876 18.8641
0.044 14.2933 -15.422
0.046 12.0212 -47.5579
0.048 7.71543 -73.5405
0.05 1.49955 -90.5974
0.052 -6.60737 -97.6232
0.054 -16.5551 -95.2534
0.056 -28.0861 -85.6137
0.058 -40.6157 -71.8407
0.06 -53.2224 -57.472
0.062 -64.7433 -45.7857
0.064 -73.9266 -39.1772
0.066 -79.5997 -38.6922
0.068 -80.8425 -43.8302
0.07 -77.171 -52.672
0.072 -68.7168 -62.3057
0.074 -56.3521 -69.4589
0.076 -41.6824 -71.2035
0.078 -26.848 -65.5814
0.08 -14.1377 -52.0123
0.082 -5.49935 -31.4021
0.084 -2.08413 -5.95499
0.086 -3.96057 21.2474
0.088 -10.0714 46.8008
0.09 -18.4278 67.5705
0.092 -26.4742 81.2276
0.094 -31.5435 86.6382
0.096 -31.334 84.0272
0.098 -24.3587 74.8727
0.1 -10.3086 61.5531
0.102 9.74699 46.8337
0.104 33.4024 33.3226
0.106 57.2448 23.018
0.108 77.4415 17.0272
0.11 90.4754 15.4841
0.112 93.8665 17.6447
0.114 86.7141 22.1158
0.116 69.9383 27.1666
0.118 46.1741 31.0737
0.12 19.3372 32.4398
0.122 -6.05699 30.4304
0.124 -25.7062 24.8777
0.126 -36.324 16.2343
0.128 -36.2827 5.39927
0.13 -25.9589 -6.51976
0.132 -7.69301 -18.4268
0.134 14.6494 -29.3788
0.136 36.4301 -38.6363
0.138 53.1496 -45.6561
0.14 61.3276 -50.0714
0.142 59.1823 -51.6853
0.144 46.9846 -50.4751
0.146 27.0296 -46.5926
0.148 3.2262 -40.3579
0.15 -19.6318 -32.2578
0.152 -36.7911 -22.9555
0.154 -44.4929 -13.3022
0.156 -40.7605 -4.31566
0.158 -25.8471 2.9091
0.16 -2.23748 7.37218
0.162 25.8045 8.39956
0.164 53.0428 5.86767
0.166 74.2598 0.334329
0.168 85.2289 -6.99231
0.17 83.493 -14.4591
0.172 68.8167 -20.2954
0.174 43.2421 -22.9734
0.176 10.7384 -21.5203
0.178 -23.5027 -15.7262
0.18 -54.0053 -6.22595
0.182 -76.0066 5.55636
0.184 -86.3133 17.6039
0.186 -83.8369 27.6401
0.188 -69.7037 33.5646
0.19 -46.9324 33.9189
0.192 -19.7715 28.2724
0.194 7.14745 17.414
0.196 29.6686 3.27447
0.198 44.8264 -11.4238
0.2 51.3052 -23.7138
0.202 49.5761 -30.9986
0.204 41.6987 -31.5934
0.206 30.8242 -25.0805
0.208 20.4995 -12.4137
0.21 13.9116 4.23922
0.212 13.2356 21.8849
0.214 19.2245 37.253
0.216 31.1191 47.4169
0.218 46.8766 50.3749
0.22 63.6423 45.48
0.222 78.3473 33.6179
0.224 88.3034 17.0775
0.226 91.6825 -0.875201
0.228 87.8027 -16.6381
0.23 77.1769 -26.9938
0.232 61.3244 -29.7575
0.234 42.3902 -24.2176
0.236 22.656 -11.2775
0.238 4.05927 6.72481
0.24 -12.1681 26.4744
0.242 -25.6579 44.3169
0.244 -36.8358 56.9458
0.246 -46.657 62.0115
0.248 -56.2275 58.5398
0.25 -66.4112 47.0875
0.252 -77.5139 29.6088
0.254 -89.1115 9.06244
0.256 -100.059 -11.1601
0.258 -108.68 -27.872
0.26 -113.108 -38.6674
0.262 -111.713 -42.3245
0.264 -103.529 -38.9618
0.266 -88.5746 -29.9244
0.268 -67.9959 -17.4404
0.27 -43.9788 -4.13206
0.272 -19.4366 7.50796
0.274 2.46369 15.565
0.276 18.8476 18.9954
0.278 27.6438 17.721
0.28 27.9634 12.5295
0.282 20.2787 4.81849
0.284 6.36635 -3.74829
0.286 -10.9793 -11.5971
0.288 -28.4163 -17.5395
0.29 -42.6281 -20.9521
0.292 -50.8968 -21.8159
0.294 -51.5693 -20.6215
0.296 -44.3312 -18.1745
0.298 -30.2383 -15.3574
0.3 -11.5078 -12.907
0.302 8.88805 -11.2595
0.304 27.7466 -10.4958
0.306 42.1833 -10.3889
0.308 50.1098 -10.5315
0.31 50.5606 -10.4983
0.312 43.8159 -9.99507
0.314 31.302 -8.95104
0.316 15.2925 -7.53414
0.318 -1.52882 -6.08923
0.32 -16.556 -5.02316
0.322 -27.7026 -4.67349
0.324 -33.7171 -5.20001
0.326 -34.319 -6.52855
0.328 -30.1471 -8.3595
0.33 -22.5432 -10.2361
0.332 -13.2268 -11.6541
0.334 -3.92788 -12.1868
0.336 3.95068 -11.5978
0.338 9.57975 -9.91451
0.34 12.8153 -7.4409
0.342 14.1564 -4.69971
0.344 14.5626 -2.31178
0.346 15.1733 -0.836592
0.348 16.996 -0.614087
0.35 20.6342 -1.65227
0.352 26.1189 -3.59663
0.354 32.8798 -5.79559
0.356 39.8603 -7.44821
0.358 45.749 -7.79624
0.36 49.2746 -6.3114
0.362 49.5015 -2.83227
0.364 46.0625 2.3794
0.366 39.2781 8.67349
0.368 30.136 15.1292
0.37 20.129 20.7325
0.372 10.9835 24.5809
0.374 4.32843 26.0756
0.376 1.37289 25.0599
0.378 2.65856 21.8711
0.38 7.93798 17.2841
0.382 16.2056 12.3548
0.384 25.8767 8.19326
0.386 35.0792 5.7197
0.388 42.0017 5.4588
0.39 45.2288 7.42063
0.392 44.0008 11.0923
0.394 38.3467 15.5412
0.396 29.0677 19.6054
0.398 17.5769 22.1345
0.4 5.62613 22.2304
0.402 -5.02433 19.4445
0.404 -12.9303 13.8891
0.406 -17.2192 6.23896
0.408 -17.7292 -2.38217
0.41 -15.006 -10.611
0.412 -10.1653 -17.1081
0.414 -4.65112 -20.8217
0.416 0.0544636 -21.1964
0.418 2.71125 -18.2857
0.42 2.53633 -12.7465
0.422 -0.681424 -5.71839
0.424 -6.58161 1.38853
0.426 -14.3386 7.15619
0.428 -22.8465 10.423
0.43 -30.9436 10.5008
0.432 -37.6298 7.30294
0.434 -42.2359 1.36005
0.436 -44.5099 -6.2816
0.438 -44.6096 -14.2577
0.44 -43.0065 -21.1413
0.442 -40.3329 -25.7068
0.444 -37.2118 -27.1514
0.446 -34.1143 -25.2353
0.448 -31.2754 -20.314
0.45 -28.6809 -13.2612
0.452 -26.1222 -5.29653
0.454 -23.2958 2.24673
0.456 -19.9215 8.16981
0.458 -15.8487 11.6256
0.46 -11.1254 12.2638
0.462 -6.01433 10.2775
0.464 -0.949317 6.34642
0.466 3.55704 1.48906
0.468 7.03394 -3.14392
0.47 9.16958 -6.49567
0.472 9.89427 -7.80566
0.474 9.40757 -6.75111
0.476 8.14193 -3.50146
0.478 6.67185 1.32389
0.48 5.58973 6.78564
0.482 5.37607 11.8158
0.484 6.2921 15.4314
0.486 8.31724 16.9276
0.488 11.1459 16.0119
0.49 14.246 12.8553
0.492 16.969 8.05172
0.494 18.6887 2.4966
0.496 18.9378 -2.79023
0.498 17.5113 -6.86247
0.5 14.5111 -9.02747
0.502 10.3245 -8.974
0.504 5.5445 -6.82272
0.506 0.852195 -3.08986
0.508 -3.10969 1.42758
0.51 -5.84746 5.82043
0.512 -7.09096 9.25358
0.514 -6.82121 11.1302
0.516 -5.24926 11.2
0.518 -2.75309 9.5901
0.52 0.21301 6.75597
0.522 3.2155 3.36479
0.524 5.92254 0.139787
0.526 8.14962 -2.30061
0.528 9.86027 -3.57412
0.53 11.1251 -3.60895
0.532 12.0538 -2.64647
0.534 12.7228 -1.17298
0.536 13.1196 0.202864
0.538 13.1211 0.899145
0.54 12.51 0.502135
0.542 11.0274 -1.13214
0.544 8.4471 -3.83982
0.546 4.65477 -7.18383
0.548 -0.287319 -10.5537
0.55 -6.10719 -13.3077
0.552 -12.333 -14.9254
0.554 -18.3482 -15.1332
0.556 -23.4839 -13.9748
0.558 -27.1306 -11.8079
0.56 -28.8458 -9.22789
0.562 -28.4354 -6.93502
0.564 -25.9899 -5.57502
0.566 -21.8679 -5.58945
0.568 -16.6322 -7.1087
0.57 -10.9487 -9.91162
0.572 -5.47037 -13.4618
0.574 -0.727196 -17.0138
0.576 2.95552 -19.7679
0.578 5.4963 -21.0395
0.58 7.0468 -20.4067
0.582 7.93551 -17.8013
0.584 8.57928 -13.5223
0.586 9.38284 -8.16855
0.588 10.6482 -2.5056
0.59 12.5127 2.70211
0.592 14.9272 6.85414
0.594 17.6758 9.63523
0.596 20.4315 11.068
0.598 22.8317 11.4865
0.6 24.5585 11.4393
0.602 25.4058 11.5428
0.604 25.3204 12.3215
0.606 24.4088 14.0683
0.608 22.9097 16.7609
0.61 21.1372 20.0523
0.612 19.4089 23.343
0.614 17.9734 25.9162
0.616 16.9535 27.1097
0.618 16.3194 26.4795
0.62 15.8956 23.9198
0.622 15.4001 19.7082
0.624 14.5067 14.4638
0.626 12.9156 9.02709
0.628 10.4177 4.28734
0.63 6.94078 0.993418
0.632 2.56841 -0.408746
0.634 -2.46823 0.122689
0.636 -7.82374 2.20945
0.638 -13.0899 5.12749
0.64 -17.8554 7.95762
0.642 -21.765 9.78093
0.644 -24.566 9.87716
0.646 -26.1373 7.88268
0.648 -26.4948 3.87365
0.65 -25.7744 -1.64411
0.652 -24.1984 -7.83655
0.654 -22.0316 -13.7125
0.656 -19.5384 -18.3277
0.658 -16.9462 -20.9787
0.66 -14.4225 -21.3433
0.662 -12.0657 -19.5395
0.664 -9.90881 -16.0906
0.666 -7.93332 -11.8038
0.668 -6.089 -7.59244
0.67 -4.31563 -4.28026
0.672 -2.5624 -2.43015
0.674 -0.801485 -2.23449
0.676 0.966241 -3.48822
0.678 2.7134 -5.64869
0.68 4.39427 -7.96769
0.682 5.95567 -9.66611
0.684 7.34716 -10.113
0.686 8.52831 -8.97013
0.688 9.47185 -6.26955
0.69 10.1632 -2.40782
0.692 10.5979 1.94208
0.694 10.7778 5.98033
0.696 10.7085 8.95701
0.698 10.3976 10.336
0.7 9.855 9.91037
0.702 9.09475 7.8444
0.704 8.13772 4.63641
0.706 7.01453 1.01056
0.708 5.76745 -2.23725
0.71 4.4502 -4.40717
0.712 3.12466 -5.04161
0.714 1.85406 -4.01992
0.716 0.693337 -1.58186
0.718 -0.321703 1.72463
0.72 -1.18393 5.16009
0.722 -1.92018 7.94936
0.724 -2.58997 9.44316
0.726 -3.27667 9.25154
0.728 -4.07165 7.32188
0.73 -5.05398 3.94735
0.732 -6.26917 -0.29409
0.734 -7.71116 -4.65547
0.736 -9.31187 -8.36703
0.738 -10.9414 -10.7832
0.74 -12.4205 -11.5018
0.742 -13.5456 -10.4338
0.744 -14.1222 -7.81017
0.746 -14.0016 -4.12923
0.748 -13.1139 -0.054211
0.75 -11.4891 3.71507
0.752 -9.26125 6.57129
0.754 -6.65375 8.1045
0.756 -3.94635 8.16448
0.758 -1.43059 6.87146
0.76 0.639533 4.57688
0.762 2.09253 1.78491
0.764 2.87167 -0.948456
0.766 3.04782 -3.11871
0.768 2.80882 -4.36016
0.77 2.42566 -4.50263
0.772 2.20008 -3.58937
0.774 2.40278 -1.85542
0.776 3.21414 0.327055
0.778 4.68013 2.52412
0.78 6.69336 4.32103
0.782 9.00474 5.39374
0.784 11.2647 5.55921
0.786 13.0868 4.79782
0.788 14.1219 3.24666
0.79 14.1293 1.16724
0.792 13.0301 -1.10487
0.794 10.9326 -3.21934
0.796 8.12407 -4.86929
0.798 5.02787 -5.83949
0.8 2.13316 -6.03755
0.802 -0.0902532 -5.50387
0.804 -1.27663 -4.39957
0.806 -1.2322 -2.97478
0.808 0.0272133 -1.52285
0.81 2.27646 -0.327975
0.812 5.11955 0.385045
0.814 8.05924 0.490798
0.816 10.5846 -0.0137652
0.818 12.2601 -1.00725
0.82 12.8004 -2.26327
0.822 12.1164 -3.48859
0.824 10.325 -4.37403
0.826 7.72182 -4.64995
0.828 4.72202 -4.13694
0.83 1.78234 -2.78275
0.832 -0.681015 -0.678449
0.834 -2.36268 1.95023
0.836 -3.11402 4.77584
0.838 -2.95735 7.42205
0.84 -2.06751 9.52755
0.842 -0.726275 10.8097
0.844 0.739609 11.1163
0.846 2.02384 10.4541
0.848 2.89631 8.98994
0.85 3.23917 7.02093
0.852 3.05743 4.92101
0.854 2.46395 3.07181
0.856 1.64375 1.79137
0.858 0.806704 1.27384
0.86 0.139726 1.55195
0.862 -0.231365 2.48992
0.864 -0.26286 3.80883
0.866 0.00575858 5.14055
0.868 0.468971 6.10009
0.87 0.985045 6.3625
0.872 1.41062 5.72869
0.874 1.63172 4.16715
0.876 1.58424 1.82291
0.878 1.26005 -1.00735
0.88 0.698528 -3.92919
0.882 -0.0330838 -6.52238
0.884 -0.864344 -8.41728
0.886 -1.74414 -9.36153
0.888 -2.65486 -9.26459
0.89 -3.61433 -8.21229
0.892 -4.66527 -6.44865
0.894 -5.85517 -4.32854
0.896 -7.21222 -2.25028
0.898 -8.72375 -0.581335
0.9 -10.3231 0.408567
0.902 -11.8889 0.593856
0.904 -13.2584 0.0107383
0.906 -14.2521 -1.15637
0.908 -14.7064 -2.61565
0.91 -14.5071 -4.02706
0.912 -13.6161 -5.0679
0.914 -12.0862 -5.49263
0.916 -10.0594 -5.17615
0.918 -7.74693 -4.13331
0.92 -5.39633 -2.51202
0.922 -3.25006 -0.562217
0.924 -1.50428 1.41264
0.926 -0.275744 3.11183
0.928 0.416782 4.29065
0.93 0.653356 4.80113
0.932 0.595719 4.61341
0.934 0.455505 3.81479
0.936 0.45358 2.58814
0.938 0.777944 1.17463
0.94 1.54794 -0.171445
0.942 2.79148 -1.22729
0.944 4.43956 -1.83778
0.946 6.33876 -1.93762
0.948 8.279 -1.55659
0.95 10.0308 -0.808211
0.952 11.385 0.134939
0.954 12.1873 1.07409
0.956 12.3625 1.81913
0.958 11.9246 2.21952
0.96 10.9711 2.18672
0.962 9.6639 1.70505
0.964 8.19923 0.830171
0.966 6.77288 -0.32359
0.968 5.54657 -1.60418
0.97 4.62163 -2.84687
0.972 4.02473 -3.89907
0.974 3.70822 -4.64099
0.976 3.56439 -4.99944
0.978 3.45041 -4.95359
0.98 3.2189 -4.53245
0.982 2.7487 -3.8056
0.984 1.97051 -2.86904
0.986 0.883473 -1.82907
0.988 -0.440102 -0.786827
0.99 -1.86295 0.173939
0.992 -3.2032 0.994429
0.994 -4.26381 1.64299
0.996 -4.86645 2.11262
0.998 -4.88383 2.41519
1 -4.2647 2.57445
1.002 -3.04688 2.61936
1.004 -1.35576 2.57923
1.006 0.611833 2.48085
1.008 2.61583 2.34769
1.01 4.40891 2.20061
1.012 5.77455 2.0594
1.014 6.56098 1.94407
1.016 6.7054 1.87494
1.018 6.24404 1.87072
1.02 5.30577 1.94433
1.022 4.08977 2.09743
1.024 2.83107 2.31521
1.026 1.75967 2.56355
1.028 1.0608 2.79024
1.03 0.843167 2.93098
1.032 1.12096 2.91975
1.034 1.8126 2.70173
1.036 2.75649 2.24607
1.038 3.74092 1.55587
1.04 4.54291 0.672986
1.042 4.96917 -0.323851
1.044 4.89162 -1.32802
1.046 4.2712 -2.22032
1.048 3.1654 -2.88845
1.05 1.71799 -3.2474
1.052 0.132837 -3.25668
1.054 -1.36324 -2.93051
1.056 -2.5616 -2.33805
1.058 -3.30895 -1.59284
1.06 -3.5337 -0.832942
1.062 -3.25687 -0.19546
1.064 -2.58593 0.209592
1.066 -1.69342 0.320606
1.068 -0.784675 0.136455
1.07 -0.0607965 -0.283389
1.072 0.316476 -0.831026
1.074 0.251997 -1.37245
1.076 -0.267974 -1.77573
1.078 -1.17558 -1.9393
1.08 -2.33531 -1.81455
1.082 -3.56911 -1.41747
1.084 -4.68765 -0.826666
1.086 -5.52191 -0.167682
1.088 -5.94945 0.413406
1.09 -5.91136 0.781602
1.092 -5.41772 0.843062
1.094 -4.54193 0.567112
1.096 -3.40593 -0.00464124
1.098 -2.15957 -0.764239
1.1 -0.958011 -1.55735
1.102 0.0593506 -2.21337
1.104 0.785523 -2.57966
1.106 1.15654 -2.55283
1.108 1.15562 -2.10071
1.11 0.811443 -1.27039
1.112 0.191859 -0.180359
1.114 -0.605418 1.00158
1.116 -1.46374 2.09029
1.118 -2.25892 2.91871
1.12 -2.87056 3.36942
1.122 -3.19306 3.39609
1.124 -3.14621 3.03053
1.126 -2.6849 2.37421
1.128 -1.80699 1.57605
1.13 -0.557884 0.801446
1.132 0.969638 0.198856
1.134 2.64147 -0.128902
1.136 4.29451 -0.143026
1.138 5.75476 0.126766
1.14 6.85939 0.592012
1.142 7.48009 1.12692
1.144 7.54393 1.59635
1.146 7.04808 1.88416
1.148 6.06472 1.91586
1.15 4.73433 1.67129
1.152 3.2471 1.18512
1.154 1.81467 0.536082
1.156 0.636504 -0.172409
1.158 -0.133378 -0.835263
1.16 -0.413082 -1.36741
1.162 -0.2077 -1.71947
1.164 0.390959 -1.88435
1.166 1.22024 -1.89395
1.168 2.07565 -1.80724
1.17 2.74784 -1.69304
1.172 3.06098 -1.61175
1.174 2.9053 -1.60067
1.176 2.25799 -1.66628
1.178 1.18835 -1.78509
1.18 -0.153747 -1.91233
1.182 -1.56423 -1.99587
1.184 -2.82138 -1.99169
1.186 -3.72598 -1.87678
1.188 -4.13768 -1.65635
1.19 -4.00057 -1.3636
1.192 -3.3532 -1.05229
1.194 -2.32095 -0.783901
1.196 -1.09228 -0.612474
1.198 0.116703 -0.570863
1.2 1.10238 -0.661622
1.202 1.71076 -0.854878
1.204 1.86453 -1.09386
1.206 1.57494 -1.30697
1.208 0.936566 -1.42366
1.21 0.106395 -1.39061
1.212 -0.728471 -1.18427
1.214 -1.38794 -0.817027
1.216 -1.73364 -0.335299
1.218 -1.69456 0.189946
1.22 -1.27895 0.678146
1.222 -0.570394 1.05614
1.224 0.29085 1.2734
1.226 1.13715 1.31212
1.228 1.80748 1.18998
1.23 2.17911 0.955113
1.232 2.19064 0.674536
1.234 1.85222 0.418761
1.236 1.24112 0.246081
1.238 0.484314 0.190015
1.24 -0.268228 0.252643
1.242 -0.873841 0.405257
1.244 -1.22517 0.596136
1.246 -1.27033 0.763656
1.248 -1.02151 0.851741
1.25 -0.550389 0.824062
1.252 0.0283975 0.673692
1.254 0.582178 0.425932
1.256 0.988326 0.133595
1.258 1.15959 -0.13422
1.26 1.06144 -0.307336
1.262 0.717838 -0.33029
1.264 0.204594 -0.175232
1.266 -0.368208 0.150883
1.268 -0.880526 0.606327
1.27 -1.22816 1.12187
1.272 -1.34456 1.61384
1.274 -1.21427 2.00026
1.276 -0.875434 2.21689
1.278 -0.411075 2.22979
1.28 0.0687393 2.0419
1.282 0.450192 1.69224
1.284 0.639617 1.24787
1.286 0.58315 0.790358
1.288 0.278145 0.399574
1.29 -0.226023 0.138102
1.292 -0.837995 0.0394165
1.294 -1.44321 0.102088
1.296 -1.92749 0.291035
1.298 -2.20029 0.545382
1.3 -2.21292 0.791195
1.302 -1.96783 0.956453
1.304 -1.51756 0.985226
1.306 -0.953486 0.848341
1.308 -0.387175 0.548543
1.31 0.0720021 0.119303
1.312 0.338381 -0.382299
1.314 0.366407 -0.88703
1.316 0.158756 -1.32688
1.318 -0.23532 -1.64768
1.32 -0.730932 -1.81847
1.322 -1.22535 -1.83605
1.324 -1.6188 -1.7239
1.326 -1.83386 -1.52599
1.328 -1.82936 -1.29677
1.33 -1.60619 -1.08954
1.332 -1.20407 -0.945512
1.334 -0.690517 -0.885717
1.336 -0.14484 -0.907325
1.338 0.359284 -0.984886
1.34 0.768657 -1.07615
1.342 1.05986 -1.13122
1.344 1.24124 -1.10322
1.346 1.34744 -0.958235
1.348 1.428 -0.682826
1.35 1.53284 -0.287508
1.352 1.69807 0.194276
1.354 1.93555 0.711511
1.356 2.22872 1.20426
1.358 2.53555 1.61398
1.36 2.79787 1.89362
1.362 2.95485 2.01547
1.364 2.95746 1.97552
1.366 2.78062 1.79332
1.368 2.4302 1.5077
1.37 1.9434 1.16902
1.372 1.38213 0.829795
1.374 0.820943 0.535207
1.376 0.331908 0.315608
1.378 -0.0302413 0.182088
1.38 -0.239421 0.125912
1.382 -0.303416 0.121715
1.384 -0.261733 0.133753
1.386 -0.176438 0.123991
1.388 -0.117962 0.0604402
1.39 -0.148952 -0.0758951
1.392 -0.309759 -0.28688
1.394 -0.608722 -0.556743
1.396 -1.0194 -0.855246
1.398 -1.48535 -1.14377
1.4 -1.9315 -1.38297
1.402 -2.27968 -1.54039
1.404 -2.46492 -1.59642
1.406 -2.44924 -1.54768
1.408 -2.22967 -1.40696
1.41 -1.83913 -1.20022
1.412 -1.3399 -0.960984
1.414 -0.811168 -0.723552
1.416 -0.33329 -0.516253
1.418 0.0278598 -0.35619
1.42 0.233266 -0.246525
1.422 0.277229 -0.176851
1.424 0.18665 -0.126551
1.426 0.0134503 -0.0703468
1.428 -0.178043 0.0152318
1.43 -0.32585 0.145949
1.432 -0.383966 0.32584
1.434 -0.331977 0.545912
1.436 -0.178689 0.785739
1.438 0.0408088 1.01752
1.44 0.27387 1.21169
1.442 0.462797 1.34287
1.444 0.558347 1.39498
1.446 0.531269 1.36435
1.448 0.379319 1.26035
1.45 0.128195 1.10317
1.452 -0.173808 0.919548
1.454 -0.466263 0.737147
1.456 -0.689829 0.578988
1.458 -0.799327 0.459104
1.46 -0.773736 0.380371
1.462 -0.620936 0.334953
1.464 -0.376141 0.307172
1.466 -0.094382 0.278073
1.468 0.161339 0.23055
1.47 0.33364 0.153794
1.472 0.383169 0.0460465
1.474 0.297152 -0.0849204
1.476 0.0922475 -0.223639
1.478 -0.188843 -0.350609
1.48 -0.486249 -0.446938
1.482 -0.735346 -0.498907
1.484 -0.880082 -0.50143
1.486 -0.884454 -0.459594
1.488 -0.739788 -0.387867
1.49 -0.466371 -0.307041
1.492 -0.109132 -0.239569
1.494 0.271676 -0.20432
1.496 0.612815 -0.21199
1.498 0.860846 -0.262271
1.5 0.982693 -0.343505
1.502 0.971856 -0.43494
1.504 0.849067 -0.511149
1.506 0.657323 -0.547629
1.508 0.452469 -0.526371
1.51 0.291359 -0.440189
1.512 0.220106 -0.294889
1.514 0.264814 -0.108788
1.516 0.42657 0.0903714
1.518 0.681593 0.270515
1.52 0.986333 0.401366
1.522 1.28637 0.460383
1.524 1.52723 0.437319
1.526 1.66484 0.336448
1.528 1.67368 0.175976
1.53 1.551 -0.0153043
1.532 1.31653 -0.20344
1.534 1.0079 -0.355715
1.536 0.672941 -0.446724
1.538 0.36037 -0.462921
1.54 0.110993 -0.404816
1.542 -0.0489891 -0.286499
1.544 -0.111324 -0.132654
1.546 -0.0853145 0.0262984
1.548 0.00589989 0.160007
1.55 0.13135 0.243857
1.552 0.259132 0.263429
1.554 0.362737 0.216902
1.556 0.425602 0.115004
1.558 0.443085 -0.0214359
1.56 0.421703 -0.165734
1.562 0.376013 -0.290505
1.564 0.324037 -0.372678
1.566 0.282363 -0.397436
1.568 0.262064 -0.360422
1.57 0.266298 -0.267941
1.572 0.290031 -0.135271
1.574 0.321804 0.0164936
1.576 0.346981 0.164395
1.578 0.351607 0.287629
1.58 0.325887 0.370906
1.582 0.266502 0.406613
1.584 0.177263 0.39545
1.586 0.0680672 0.345531
1.588 -0.0475149 0.270189
1.59 -0.155414 0.185013
1.592 -0.244231 0.104749
1.594 -0.307669 0.0406842
1.596 -0.345675 -0.00101927
1.598 -0.364029 -0.0198253
1.6 -0.37251 -0.0201981
1.602 -0.38209 -0.0100935
1.604 -0.40182 0.0010551
1.606 -0.436175 0.00443102
1.608 -0.483477 -0.00638083
1.61 -0.535792 -0.0342078
1.612 -0.580336 -0.077857
1.614 -0.602091 -0.132456
1.616 -0.587047 -0.190455
1.618 -0.525361 -0.243087
1.62 -0.413751 -0.281997
1.622 -0.256626 -0.300738
1.624 -0.0657046 -0.295871
1.626 0.141824 -0.267485
1.628 0.346205 -0.219041
1.63 0.528507 -0.156598
1.632 0.673765 -0.0875943
1.634 0.773261 -0.0194472
1.636 0.825496 0.0417407
1.638 0.835742 0.0921104
1.64 0.814341 0.130472
1.642 0.774169 0.158196
1.644 0.727823 0.17863
1.646 0.685111 0.196201
1.648 0.651315 0.215373
1.65 0.626546 0.239662
1.652 0.606224 0.270872
1.654 0.582558 0.308683
1.656 0.546658 0.35065
1.658 0.490868 0.392619
1.66 0.41079 0.429482
1.662 0.306588 0.456122
1.664 0.183256 0.468353
1.666 0.0498157 0.463693
1.668 -0.0823685 0.441794
1.67 -0.201726 0.40449
1.672 -0.298571 0.355426
1.674 -0.366704 0.299389
1.676 -0.404243 0.241452
1.678 -0.4136 0.186103
1.68 -0.400693 0.136533
1.682 -0.373617 0.0941853
1.684 -0.341042 0.0586793
1.686 -0.31065 0.0281004
1.688 -0.287891 -0.000410052
1.69 -0.275265 -0.0299019
1.692 -0.272249 -0.0628621
1.694 -0.275833 -0.100611
1.696 -0.281494 -0.142966
1.698 -0.284363 -0.188225
1.7 -0.280301 -0.233479
1.702 -0.266652 -0.275161
1.704 -0.242576 -0.30971
1.706 -0.208949 -0.33421
1.708 -0.167928 -0.346875
1.71 -0.122337 -0.347309
1.712 -0.0750255 -0.336495
1.714 -0.0283739 -0.316554
1.716 0.015964 -0.290308
1.718 0.0570393 -0.260744
1.72 0.0943545 -0.230501
1.722 0.127493 -0.201459
1.724 0.155773 -0.174546
1.726 0.178057 -0.149777
1.728 0.192803 -0.126525
1.73 0.198379 -0.103925
1.732 0.193554 -0.0813113
1.734 0.178047 -0.0585592
1.736 0.152946 -0.0362288
1.738 0.120873 -0.0154998
1.74 0.0857891 0.00208069
1.742 0.0524521 0.0149596
1.744 0.0256107 0.0219535
1.746 0.00908703 0.0225491
1.748 0.00495183 0.0170602
1.75 0.012984 0.0066136
1.752 0.0305618 -0.00702906
1.754 0.0530464 -0.0217687
1.756 0.0746078 -0.0355264
1.758 0.0893443 -0.0465922
1.76 0.0924675 -0.0539028
1.762 0.0813063 -0.0571953
1.764 0.0559171 -0.057008
1.766 0.019168 -0.05453
1.768 -0.0237256 -0.0513305
1.77 -0.0661243 -0.0490244
1.772 -0.101173 -0.048941
1.774 -0.12306 -0.0518587
1.776 -0.12809 -0.057862
1.778 -0.115359 -0.0663427
1.78 -0.086896 -0.0761417
1.782 -0.0472488 -0.0857879
1.784 -0.00258542 -0.0937739
1.786 0.0404943 -0.0988046
1.788 0.0761987 -0.099969
1.79 0.100582 -0.0968193
1.792 0.112173 -0.0893638
1.794 0.112086 -0.0780024
1.796 0.103586 -0.0634322
1.798 0.091232 -0.0465459
1.8 0.0797872 -0.0283365
1.802 0.0731314 -0.00981879
1.804 0.0734286 0.00803059
1.806 0.0807121 0.0243174
1.808 0.0929634 0.0382646
1.81 0.106649 0.0492467
1.812 0.11758 0.0568309
1.814 0.121908 0.0608282
1.816 0.117032 0.0613462
1.818 0.102226 0.0588276
1.82 0.0788665 0.0540494
1.822 0.0502068 0.0480602
1.824 0.0207536 0.0420485
1.826 -0.00462227 0.0371529
1.828 -0.0216585 0.0342534
1.83 -0.0275545 0.0337904
1.832 -0.0215276 0.0356599
1.834 -0.00495916 0.0392123
1.836 0.0188944 0.0433642
1.838 0.0455572 0.0468025
1.84 0.0702158 0.0482428
1.842 0.0886455 0.0466925
1.844 0.0979969 0.0416676
1.846 0.0972895 0.0333191
1.848 0.087524 0.0224435
1.85 0.0714002 0.0103693
1.852 0.0527084 -0.00126497
1.854 0.0355259 -0.0108019
1.856 0.0233858 -0.0168746
1.858 0.0185887 -0.0186723
1.86 0.0217899 -0.0161056
1.862 0.0319355 -0.00983542
1.864 0.0465402 -0.00115566
1.866 0.0622308 0.00824682
1.868 0.0754327 0.0166049
1.87 0.0830584 0.0223929
1.872 0.0830663 0.0245935
1.874 0.0747933 0.0228628
1.876 0.0590114 0.0175658
1.878 0.0377125 0.00968124
1.88 0.0136786 0.000598211
1.882 -0.0100677 -0.0081552
1.884 -0.0308185 -0.0151981
1.886 -0.0466323 -0.019543
1.888 -0.0566047 -0.0207578
1.89 -0.0609174 -0.0190141
1.892 -0.0606768 -0.0150197
1.894 -0.0575937 -0.00985367
1.896 -0.0535815 -0.00473986
1.898 -0.0503614 -0.000808008
1.9 -0.0491494 0.00111167
1.902 -0.0504772 0.000622867
1.904 -0.0541644 -0.0021936
1.906 -0.0594317 -0.00682844
1.908 -0.0651163 -0.0124683
1.91 -0.0699379 -0.0181669
1.912 -0.0727603 -0.0230265
1.914 -0.0727992 -0.0263557
1.916 -0.0697428 -0.0277733
1.918 -0.0637719 -0.0272448
1.92 -0.0554861 -0.0250503
1.922 -0.0457616 -0.021698
1.924 -0.0355746 -0.0178061
1.926 -0.0258293 -0.0139781
1.928 -0.0172236 -0.0106991
1.93 -0.0101742 -0.00826682
1.932 -0.00480656 -0.00676806
1.934 -0.00100141 -0.00609773
1.936 0.00152443 -0.00601133
1.938 0.00312531 -0.00619656
1.94 0.00414391 -0.00634787
1.942 0.00485211 -0.00622847
1.944 0.00542188 -0.00570876
1.946 0.0059249 -0.00477667
1.948 0.00635413 -0.00352205
1.95 0.00665736 -0.00210269
1.952 0.00677223 -0.00070173
1.954 0.00665444 0.000513302
1.956 0.00629389 0.00142174
1.958 0.00571768 0.00196643
1.96 0.00498211 0.0021548
1.962 0.00415827 0.00204706
1.964 0.00331666 0.00173626
1.966 0.00251552 0.00132577
1.968 0.00179499 0.000909051
1.97 0.00117716 0.000555274
1.972 0.000669984 0.000302498
1.974 0.000272451 0.000158352
1.976 -2.09413e-05 0.000106596
1.978 -0.000217746 0.000116984
1.98 -0.000327198 0.000155673
1.982 -0.000361203 0.000193784
1.984 -0.00033545 0.000212648
1.986 -0.000269474 0.000205302
1.988 -0.000185048 0.000174786
1.99 -0.000103031 0.000130444
1.992 -3.954e-05 8.36228e-05
1.994 -2.69324e-06 4.39463e-05
1.996 8.84766e-06 1.69515e-05
1.998 4.82833e-06 3.38095e-06
0.5 3.05065 0.178243
1 2.54631 0.168862
1.5 1.86326 0.155597
2 1.17284 0.143156
2.5 0.617836 0.138268
3 0.273694 0.147094
3.5 0.144935 0.171831
4 0.190943 0.209111
4.5 0.360668 0.251982
5 0.614631 0.294645
5.5 0.924469 0.336647
6 1.25691 0.382939
6.5 1.55982 0.438846
7 1.76599 0.502791
7.5 1.81753 0.561922
8 1.69782 0.594577
8.5 1.45063 0.579366
9 1.17087 0.506143
9.5 0.967344 0.382494
10 0.914436 0.231781
10.5 1.01708 0.0837994
11 1.20754 -0.036618
11.5 1.37596 -0.116923
12 1.41964 -0.157075
12.5 1.28706 -0.164332
13 0.996741 -0.147288
13.5 0.624767 -0.113295
14 0.269778 -0.0699565
14.5 0.01344 -0.0278403
15 -0.106543 -0.000532329
15.5 -0.102265 -0.000399264
16 -0.0222724 -0.0321849
16.5 0.071777 -0.0889177
17 0.127732 -0.1537
17.5 0.117285 -0.207268
18 0.0393787 -0.237294
18.5 -0.0857593 -0.24399
19 -0.228064 -0.23873
19.5 -0.359903 -0.236708
20 -0.464939 -0.248271
20.5 -0.540753 -0.27408
21 -0.594764 -0.306547
21.5 -0.635811 -0.33584
22 -0.665781 -0.356016
22.5 -0.675779 -0.367223
23 -0.648947 -0.372907
23.5 -0.568542 -0.374542
24 -0.427053 -0.36804
24.5 -0.231811 -0.344736
25 -0.00471453 -0.296653
25.5 0.223126 -0.222757
26 0.418861 -0.132131
26.5 0.554575 -0.0418067
27 0.611922 0.029788
27.5 0.585117 0.0702653
28 0.482991 0.0777409
28.5 0.329609 0.060324
29 0.161771 0.0314632
29.5 0.0219361 0.0040022
30 -0.0527633 -0.0140301
30.5 -0.0419606 -0.0204025
31 0.0509301 -0.0170072
31.5 0.199705 -0.00737756
32 0.364416 0.00489972
32.5 0.504702 0.0163826
33 0.591825 0.0233666
33.5 0.614964 0.0220863
34 0.580541 0.0100962
34.5 0.506576 -0.0117723
35 0.415588 -0.0382783
35.5 0.328835 -0.0606641
36 0.262844 -0.069641
36.5 0.227646 -0.059192
37 0.225867 -0.0292364
37.5 0.252481 0.0143225
38 0.295761 0.0622545
38.5 0.339965 0.105963
39 0.369417 0.14064
39.5 0.372812 0.166038
40 0.346225 0.184679
40.5 0.293885 0.198831
41 0.226668 0.208209
41.5 0.158963 0.209812
42 0.104788 0.199919
42.5 0.0739318 0.176898
43 0.0689141 0.143001
43.5 0.0837168 0.103961
44 0.105215 0.0666298
44.5 0.117537 0.0360986
45 0.108247 0.0140316
45.5 0.0739267 -0.000882228
46 0.022389 -0.0108331
46.5 -0.0299788 -0.0166752
47 -0.0649127 -0.0171408
47.5 -0.0699729 -0.0100368
48 -0.0435593 0.00539065
48.5 0.00506393 0.0265815
49 0.0603878 0.0477054
49.5 0.107217 0.0618842
50 0.13579 0.0644892
50.5 0.143358 0.0556843
51 0.132433 0.0407416
51.5 0.107697 0.0278566
52 0.073812 0.0245169
52.5 0.0351374 0.0341931
53 -0.00335049 0.0548804
53.5 -0.0355344 0.0800464
54 -0.0551859 0.101408
54.5 -0.0583151 0.112233
55 -0.0453649 0.109796
55.5 -0.021603 0.0961346
56 0.00488314 0.0769904
56.5 0.0266303 0.0594928
57 0.0397327 0.0495186
57.5 0.0445908 0.0496984
58 0.044192 0.0587587
58.5 0.0412522 0.0723804
59 0.0363187 0.0851761
59.5 0.0283021 0.0929376
60 0.0172201 0.0941924
60.5 0.00723156 0.0904226
61 0.0074525 0.0849147
61.5 0.0290982 0.0808532
62 0.0797011 0.0796004
62.5 0.157268 0.079975
63 0.247907 0.0788265
63.5 0.329089 0.0725905
64 0.377822 0.0591056
64.5 0.380191 0.0389195
65 0.337553 0.0155685
65.5 0.26603 -0.00529692
66 0.189256 -0.0176967
66.5 0.127852 -0.0175018
67 0.0908995 -0.00432457
67.5 0.073673 0.0176006
68 0.0625274 0.0400921
68.5 0.0440447 0.0533424
69 0.0132922 0.0493256
69.5 -0.0233133 0.0251132
70 -0.0519571 -0.0152991
70.5 -0.0598195 -0.0616614
71 -0.043145 -0.100691
71.5 -0.0105088 -0.120785
72 0.020484 -0.116406
72.5 0.0312704 -0.0903562
73 0.0109248 -0.0529333
73.5 -0.0390538 -0.0182583
74 -0.105919 0.000836619
74.5 -0.17183 -0.00258887
75 -0.221605 -0.0271781
75.5 -0.248235 -0.0638843
76 -0.253884 -0.099277
76.5 -0.246611 -0.120295
77 -0.235208 -0.118741
77.5 -0.225151 -0.093958
78 -0.217572 -0.0528316
78.5 -0.211195 -0.0071902
79 -0.205419 0.0303687
79.5 -0.202233 0.0506739
80 -0.205625 0.0506769
80.5 -0.218867 0.0337641
81 -0.241558 0.00776743
81.5 -0.268528 -0.0183386
82 -0.291623 -0.0376204
82.5 -0.30356 -0.0470205
83 -0.301655 -0.0473315
83.5 -0.289136 -0.0416792
84 -0.273109 -0.0334878
84.5 -0.260242 -0.0249726
85 -0.252638 -0.0167662
85.5 -0.246394 -0.0085978
86 -0.233781 -0.00039943
86.5 -0.20787 0.00693434
87 -0.166973 0.0116215
87.5 -0.116335 0.0118556
88 -0.0661381 0.00693882
88.5 -0.0269726 -0.00199412
89 -0.00534894 -0.0121218
89.5 -0.00163231 -0.0199426
90 -0.0112598 -0.0226708
90.5 -0.0281554 -0.0193432
91 -0.0481324 -0.0111046
91.5 -0.0703731 -0.000561683
92 -0.0964968 0.00943641
92.5 -0.128269 0.0169646
93 -0.165668 0.021578
93.5 -0.206439 0.024051
94 -0.24701 0.0255359
94.5 -0.283605 0.0266591
95 -0.312469 0.0270609
95.5 -0.329106 0.0255969
96 -0.327667 0.0210347
96.5 -0.30192 0.0128212
97 -0.248309 0.00149301
97.5 -0.16981 -0.0114615
98 -0.0780266 -0.0241614
98.5 0.00876946 -0.0349725
99 0.071905 -0.0428894
99.5 0.100386 -0.0475195
100 0.0966151 -0.0487868
100.5 0.0761955 -0.0466336
101 0.0612172 -0.0409719
101.5 0.0700755 -0.0319511
102 0.10909 -0.0203768
102.5 0.170436 -0.00797807
103 0.237438 0.0027362
103.5 0.294045 0.00909457
104 0.332864 0.0091588
104.5 0.357061 0.00252673
105 0.375247 -0.0093321
105.5 0.392896 -0.0234002
106 0.406123 -0.0360054
106.5 0.402248 -0.0439445
107 0.367293 -0.0454019
107.5 0.29601 -0.0403338
108 0.198043 -0.0302336
108.5 0.0958076 -0.0174631
109 0.0145173 -0.00448587
109.5 -0.0303874 0.00668564
110 -0.041255 0.0146951
110.5 -0.0367988 0.0187752
111 -0.041539 0.0186065
111.5 -0.0715625 0.0142735
112 -0.124238 0.00634259
112.5 -0.177569 -0.00405777
113 -0.1999 -0.0153256
113.5 -0.165425 -0.0257138
114 -0.0681048 -0.0337982
114.5 0.0725636 -0.0388571
115 0.216651 -0.0409486
115.5 0.317643 -0.0406408
116 0.33932 -0.0385657
116.5 0.26893 -0.0350918
117 0.121617 -0.030337
117.5 -0.0654465 -0.0245192
118 -0.246855 -0.0183834
118.5 -0.385358 -0.0133458
119 -0.46444 -0.0111265
119.5 -0.492059 -0.0129573
120 -0.493968 -0.0187541
120.5 -0.499428 -0.0267493
121 -0.525677 -0.033887
121.5 -0.568415 -0.0368978
122 -0.603099 -0.0335909
122.5 -0.596818 -0.02376
123 -0.525246 -0.00927643
123.5 -0.38645 0.00665148
124 -0.204615 0.0206783
124.5 -0.0216921 0.0304216
125 0.119074 0.0350233
125.5 0.189889 0.0350561
126 0.187726 0.0319791
126.5 0.132541 0.0274959
127 0.0562284 0.0230916
127.5 -0.0117447 0.019822
128 -0.055298 0.0182621
128.5 -0.0751019 0.0184908
129 -0.0841663 0.020081
129.5 -0.0988632 0.022171
130 -0.129896 0.0236978
130.5 -0.176937 0.023761
131 -0.228649 0.0219451
131.5 -0.267641 0.0183935
132 -0.278251 0.0135573
132.5 -0.254065 0.00776729
133 -0.201931 0.00094268
133.5 -0.140219 -0.00729928
134 -0.0912472 -0.0171309
134.5 -0.0706605 -0.0279154
135 -0.0787969 -0.0379891
135.5 -0.0990421 -0.0451228
136 -0.105272 -0.0475491
136.5 -0.075649 -0.0450196
137 -0.00591683 -0.0392257
137.5 0.0854266 -0.0332039
138 0.163975 -0.0299203
138.5 0.195686 -0.0307524
139 0.164308 -0.0347218
139.5 0.0803542 -0.038958
140 -0.0237649 -0.0401859
140.5 -0.110285 -0.0364335
141 -0.155531 -0.028014
141.5 -0.161722 -0.0172507
142 -0.154805 -0.007132
142.5 -0.169666 0.000308644
143 -0.230817 0.00497384
143.5 -0.338723 0.00854474
144 -0.468397 0.0133662
144.5 -0.580142 0.021084
145 -0.636346 0.0318123
145.5 -0.616045 0.0442126
146 -0.521268 0.0562947
146.5 -0.373916 0.0663622
147 -0.206274 0.0735434
147.5 -0.0500729 0.0777052
148 0.0718408 0.0789699
148.5 0.149427 0.0772582
149 0.185187 0.0721752
149.5 0.190882 0.0632574
150 0.182465 0.0503494
150.5 0.17441 0.0338456
151 0.174776 0.0146985
151.5 0.182573 -0.00571424
152 0.188615 -0.0257124
152.5 0.179878 -0.0433881
153 0.145762 -0.0567523
153.5 0.0835504 -0.0641061
154 0.000551791 -0.0646212
154.5 -0.0881089 -0.0588697
155 -0.164966 -0.0489183
155.5 -0.21638 -0.0377583
156 -0.236636 -0.0282204
156.5 -0.228408 -0.0218952
157 -0.199847 -0.018662
157.5 -0.160063 -0.0171291
158 -0.115275 -0.0157546
158.5 -0.0672974 -0.0139813
159 -0.0147398 -0.0126832
159.5 0.0440184 -0.0136182
160 0.107801 -0.0181945
160.5 0.171222 -0.0262944
161 0.225688 -0.0358877
161.5 0.262407 -0.0437113
162 0.275866 -0.046669
162.5 0.265946 -0.0431939
163 0.237477 -0.0338532
163.5 0.197382 -0.0209204
164 0.151009 -0.00721151
164.5 0.0997693 0.00515213
165 0.0415959 0.015426
165.5 -0.0259371 0.0241088
166 -0.10162 0.032199
166.5 -0.178236 0.0403384
167 -0.243517 0.0483233
167.5 -0.28428 0.0551888
168 -0.291752 0.0597336
168.5 -0.265349 0.0611345
169 -0.212991 0.0593149
169.5 -0.147881 0.0549165
170 -0.0834679 0.0489686
170.5 -0.0290818 0.0424955
171 0.0119756 0.0362905
171.5 0.0415584 0.0309368
172 0.0641227 0.0269724
172.5 0.0841072 0.0249936
173 0.104374 0.0255346
173.5 0.125839 0.0287259
174 0.147664 0.0339243
174.5 0.16729 0.039594
175 0.180174 0.0436271
175.5 0.17975 0.0440588
176 0.158416 0.039878
176.5 0.109889 0.0315246
177 0.0324072 0.0207877
177.5 -0.0685626 0.0101201
178 -0.179646 0.00169826
178.5 -0.281806 -0.00331273
179 -0.355176 -0.00496253
179.5 -0.384884 -0.00417796
180 -0.365673 -0.00216836
180.5 -0.303455 5.90622e-05
181 -0.213205 0.00187292
181.5 -0.114082 0.0029548
182 -0.0238055 0.00323824
182.5 0.0455793 0.00300932
183 0.0892332 0.00307168
183.5 0.1084 0.00466949
184 0.10778 0.00891836
184.5 0.092927 0.0158439
185 0.0687045 0.0235534
185.5 0.0389901 0.0282306
186 0.00710387 0.0253392
186.5 -0.023708 0.0117424
187 -0.0500879 -0.0122212
187.5 -0.0686329 -0.041867
188 -0.0760496 -0.0691992
188.5 -0.0694432 -0.0856106
189 -0.047003 -0.0851135
189.5 -0.0092184 -0.066633
190 0.0397884 -0.0343329
190.5 0.0918005 0.00408371
191 0.135932 0.0401986
191.5 0.162126 0.0674916
192 0.165549 0.0826916
192.5 0.149621 0.0855877
193 0.12559 0.0778119
193.5 0.108046 0.0614963
194 0.108099 0.0385482
194.5 0.127558 0.0107688
195 0.157385 -0.0195059
195.5 0.181688 -0.048837
196 0.185472 -0.0727021
196.5 0.162198 -0.0862815
197 0.117051 -0.0857939
197.5 0.0640651 -0.0698895
198 0.018655 -0.0405403
198.5 -0.0103031 -0.0030079
199 -0.0244032 0.0352289
199.5 -0.0334991 0.0663451
200 -0.0487421 0.0842913
200.5 -0.0750331 0.0864894
201 -0.107416 0.0745362
201.5 -0.133633 0.0536642
202 -0.141441 0.0311136
202.5 -0.126405 0.0139038
203 -0.0955359 0.00665906
203.5 -0.0644367 0.0101261
204 -0.0493705 0.0208599
204.5 -0.0585968 0.0322923
205 -0.0878001 0.0370239
205.5 -0.122151 0.0297335
206 -0.143848 0.00968431
206.5 -0.141006 -0.0183096
207 -0.113171 -0.0452003
207.5 -0.0708413 -0.0611182
208 -0.0297487 -0.0595843
208.5 -0.00347296 -0.0405552
209 0.00155722 -0.0106259
209.5 -0.0135588 0.0199735
210 -0.0437162 0.0422418
210.5 -0.0842992 0.0526285
211 -0.133546 0.0543162
211.5 -0.19148 0.0548203
212 -0.256592 0.0612589
212.5 -0.322967 0.0760054
213 -0.380195 0.0952173
213.5 -0.416454 0.111014
214 -0.423019 0.115903
214.5 -0.39754 0.106795
215 -0.34427 0.0863256
215.5 -0.271465 0.0609917
216 -0.187881 0.0375539
216.5 -0.100655 0.0200479
217 -0.0155549 0.00908232
217.5 0.0613502 0.00340589
218 0.122704 0.00222957
218.5 0.161239 0.00646172
219 0.173324 0.017992
219.5 0.162523 0.037661
220 0.140357 0.0634918
220.5 0.122725 0.0905242
221 0.123029 0.112431
221.5 0.145331 0.123904
222 0.181403 0.122403
222.5 0.21376 0.108481
223 0.223608 0.0849399
223.5 0.199938 0.055762
224 0.145168 0.0255645
224.5 0.0744804 -0.000455315
225 0.00919946 -0.0168326
225.5 -0.0324684 -0.0190904
226 -0.0428239 -0.00580597
226.5 -0.0268761 0.019633
227 0.00121403 0.0490289
227.5 0.0252248 0.0718493
228 0.0338611 0.0794561
228.5 0.0245217 0.0691241
229 0.00267905 0.0456868
229.5 -0.0220738 0.0197163
230 -0.0408993 0.00291707
230.5 -0.0491281 0.00288456
231 -0.046981 0.0197148
231.5 -0.0378972 0.0460013
232 -0.0258565 0.0700816
232.5 -0.0132804 0.0809065
233 -0.000478748 0.0723285
233.5 0.0133913 0.0451023
234 0.0287057 0.00607532
234.5 0.0442 -0.0347346
235 0.0569858 -0.0677675
235.5 0.0637609 -0.0868352
236 0.0625201 -0.0904374
236.5 0.0537847 -0.0813376
237 0.0406278 -0.0648835
237.5 0.0274305 -0.0468768
238 0.0179942 -0.0317798
238.5 0.013981 -0.0217702
239 0.0144584 -0.0167651
239.5 0.0167168 -0.0151721
240 0.0178432 -0.0149197
240.5 0.0161746 -0.0143195
241 0.0118972 -0.0124934
241.5 0.00659808 -0.0093483
242 0.00216723 -0.00527442
242.5 -0.000246737 -0.000807193
243 -0.000664204 0.00358385
243.5 3.5086e-05 0.00754633
244 0.000830402 0.0108076
244.5 0.00117746 0.0131431
245 0.00117276 0.0143988
245.5 0.00126025 0.0145538
246 0.00176594 0.0137712
246.5 0.00260456 0.0123925
247 0.0033298 0.0108629
247.5 0.00344586 0.00960385
248 0.00274039 0.0088712
248.5 0.00142197 0.00864601
249 1.5857e-06 0.0086062
249.5 -0.000978133 0.00821464
250 -0.0011952 0.00692163
250.5 -0.000659971 0.00442197
251 0.000330457 0.000857895
251.5 0.00133124 -0.0031444
252 0.00190272 -0.00665467
252.5 0.00173107 -0.00877931
253 0.000707254 -0.0090153
253.5 -0.00103516 -0.00745059
254 -0.00313479 -0.00471536
254.5 -0.00508637 -0.00171421
255 -0.00639027 0.000723699
255.5 -0.00672456 0.00211195
256 -0.00606991 0.00238819
256.5 -0.00472594 0.00181409
257 -0.00320397 0.000784904
257.5 -0.00203778 -0.000340494
258 -0.00159054 -0.00132273
258.5 -0.00193346 -0.00204007
259 -0.00283688 -0.00244784
259.5 -0.00386798 -0.00254518
260 -0.00455273 -0.00236426
260.5 -0.00454322 -0.00196754
261 -0.00373465 -0.00143393
261.5 -0.00229487 -0.000832586
262 -0.00059769 -0.000202449
262.5 0.000915927 0.000442897
263 0.00189741 0.00108531
263.5 0.00220897 0.00167051
264 0.00195442 0.00210494
264.5 0.00141262 0.00229268
265 0.000906468 0.00219387
265.5 0.000666999 0.00186528
266 0.000750493 0.00145038
266.5 0.00103789 0.00111635
267 0.00130734 0.000970339
267.5 0.00134149 0.00100318
268 0.00102289 0.00109506
268.5 0.000382941 0.00108255
269 -0.000408132 0.000851018
269.5 -0.00110197 0.000402029
270 -0.0014604 -0.000140493
270.5 -0.00134187 -0.000588352
271 -0.000756802 -0.00078064
271.5 0.00012949 -0.000662159
272 0.00105139 -0.000310889
272.5 0.00173835 9.64029e-05
273 0.00201497 0.000361213
273.5 0.00186313 0.000345455
274 0.0014173 2.22023e-05
274.5 0.000893138 -0.000523831
275 0.000482537 -0.00114061
275.5 0.000265861 -0.0016736
276 0.000184906 -0.0020212
276.5 8.9659e-05 -0.00215921
277 -0.000166372 -0.00212958
277.5 -0.000633105 -0.00200461
278 -0.00122294 -0.00184679
278.5 -0.00174413 -0.00168256
279 -0.00199134 -0.00149942
279.5 -0.00184607 -0.00126381
280 -0.00133528 -0.000948623
280.5 -0.000619335 -0.000556414
281 8.15961e-05 -0.000127967
281.5 0.000582687 0.000266868
282 0.000802414 0.000551594
282.5 0.00077293 0.000669206
283 0.000595437 0.000601797
283.5 0.000371939 0.000376676
284 0.00015355 5.77136e-05
284.5 -6.8809e-05 -0.000273843
285 -0.000332725 -0.000541699
285.5 -0.000656343 -0.000692779
286 -0.00100546 -0.000706994
286.5 -0.00129503 -0.000597735
287 -0.00142291 -0.00040502
287.5 -0.00131636 -0.00018421
288 -0.000966891 6.95158e-06
288.5 -0.000437998 0.000120714
289 0.000155071 0.000128924
289.5 0.000682456 2.77565e-05
290 0.00103838 -0.000163681
290.5 0.0011692 -0.000410311
291 0.00108451 -0.000670939
291.5 0.000850456 -0.000907294
292 0.000567799 -0.00108954
292.5 0.000340487 -0.0011979
293 0.000243197 -0.00122223
293.5 0.000298391 -0.00116168
294 0.000471529 -0.00102507
294.5 0.000686653 -0.000830114
295 0.000855561 -0.000599675
295.5 0.000907269 -0.000354786
296 0.000804914 -0.000107832
296.5 0.000545164 0.00013927
297 0.000145992 0.000388997
297.5 -0.000364861 0.000636555
298 -0.000950922 0.000859978
298.5 -0.00155789 0.00102028
299 -0.00210548 0.0010751
299.5 -0.00249407 0.00100093
300 -0.00263193 0.00081201
300.5 -0.00247358 0.000564027
301 -0.00204854 0.000337554
301.5 -0.00146057 0.000207566
302 -0.000852254 0.000213575
302.5 -0.00034986 0.00034532
303 -1.64872e-05 0.000550791
303.5 0.000162162 0.000761354
304 0.000253467 0.000919973
304.5 0.00033153 0.00099814
305 0.000437111 0.000994973
305.5 0.000566147 0.000922974
306 0.000689213 0.000792321
306.5 0.000784067 0.000604938
307 0.000856149 0.000361799
307.5 0.000932177 7.72982e-05
308 0.00103215 -0.000210814
308.5 0.00114124 -0.000445082
309 0.0012039 -0.000566446
309.5 0.00114815 -0.000538634
310 0.000927694 -0.000366491
310.5 0.000557172 -9.88508e-05
311 0.000119443 0.000185516
311.5 -0.000260552 0.000402253
312 -0.0004621 0.000485758
312.5 -0.000412612 0.000405213
313 -0.000110112 0.000169457
313.5 0.000381722 -0.0001772
314 0.000958683 -0.000564504
314.5 0.00150755 -0.000908901
315 0.00193209 -0.00112924
315.5 0.00216853 -0.00116534
316 0.0021912 -0.000996472
316.5 0.00201175 -0.000653013
317 0.00167393 -0.000214028
317.5 0.00124415 0.000212556
318 0.000798103 0.000522655
318.5 0.000405087 0.000649855
319 0.00011437 0.000586313
319.5 -5.17072e-05 0.000381591
320 -9.48056e-05 0.000120082
320.5 -2.89104e-05 -0.000112568
321 0.000134525 -0.00025923
321.5 0.000396253 -0.00030549
322 0.000766529 -0.000274938
322.5 0.0012485 -0.000211148
323 0.00181472 -0.000156766
323.5 0.00239065 -0.000138928
324 0.00285981 -0.000164872
324.5 0.00309617 -0.000225834
325 0.0030147 -0.000304305
325.5 0.00261702 -0.00038047
326 0.00200609 -0.000436397
326.5 0.00135562 -0.000458825
327 0.00084312 -0.000441684
327.5 0.000576578 -0.000388113
328 0.000552258 -0.000310374
328.5 0.00066715 -0.000226345
329 0.000781322 -0.00015313
329.5 0.000797747 -0.000100549
330 0.000716509 -6.80014e-05
330.5 0.000633465 -4.66254e-05
331 0.000683606 -2.57323e-05
331.5 0.000959442 9.33892e-08
332 0.00144803 2.72634e-05
332.5 0.00201971 4.49192e-05
333 0.00247413 4.11047e-05
333.5 0.00262017 9.96386e-06
334 0.0023519 -4.38022e-05
334.5 0.00168757 -0.000105313
335 0.000759227 -0.000154308
335.5 -0.000236933 -0.000172057
336 -0.00110512 -0.000147571
336.5 -0.00170464 -8.10399e-05
337 -0.00197931 1.63161e-05
337.5 -0.00195846 0.000125731
338 -0.00173544 0.000226628
338.5 -0.00143313 0.000302952
339 -0.00116607 0.000347977
339.5 -0.00100824 0.000365639
340 -0.00097438 0.000367485
340.5 -0.00102091 0.000366347
341 -0.00106687 0.000369756
341.5 -0.00102829 0.000376733
342 -0.000852734 0.000379972
342.5 -0.000539728 0.000372314
343 -0.00013865 0.000353459
343.5 0.0002739 0.000332285
344 0.000625341 0.000322607
344.5 0.000871809 0.000334416
345 0.00100609 0.000365896
345.5 0.00104865 0.000401489
346 0.00103054 0.000417699
346.5 0.000979438 0.000393472
347 0.000915173 0.000319152
347.5 0.000852966 0.000199183
348 0.000807051 4.81134e-05
348.5 0.0007886 -0.000116063
349 0.000798249 -0.000276065
349.5 0.00082002 -0.000414783
350 0.000824474 -0.000512776
350.5 0.000782959 -0.000549222
351 0.000685801 -0.000509662
351.5 0.000551925 -0.000397856
352 0.000420637 -0.000243572
352.5 0.000327058 -9.78265e-05
353 0.000274505 -1.3549e-05
353.5 0.000221848 -1.95818e-05
354 9.72518e-05 -0.000102619
354.5 -0.000165048 -0.000209885
355 -0.000582727 -0.000274662
355.5 -0.00110096 -0.000253019
356 -0.00160061 -0.000151753
356.5 -0.00193739 -3.05518e-05
357 -0.00199464 2.50929e-05
357.5 -0.00172572 -5.2785e-05
358 -0.00116865 -0.000277778
358.5 -0.00042985 -0.000598415
359 0.000352122 -0.000919086
359.5 0.00104526 -0.00114098
360 0.0015511 -0.00120142
360.5 0.00181528 -0.00109256
361 0.00182545 -0.000853314
361.5 0.00160429 -0.000543466
362 0.00120274 -0.000217316
362.5 0.000694164 8.88748e-05
363 0.000166408 0.000352439
363.5 -0.000290406 0.000551606
364 -0.000599879 0.000658145
364.5 -0.000715094 0.00064403
365 -0.000629149 0.000499826
365.5 -0.000376903 0.000252722
366 -2.71595e-05 -2.97125e-05
366.5 0.000332849 -0.000256654
367 0.000617163 -0.000346384
367.5 0.000760606 -0.000258615
368 0.000733414 -1.0401e-05
368.5 0.00054675 0.00033249
369 0.000246897 0.000684013
369.5 -0.000100547 0.000971367
370 -0.00043113 0.00115732
370.5 -0.000699104 0.00124245
371 -0.00088566 0.00125021
371.5 -0.000995848 0.00120631
372 -0.00104749 0.00112527
372.5 -0.00105862 0.00101015
373 -0.00103926 0.000861795
373.5 -0.000989704 0.000688353
374 -0.00090358 0.000506491
374.5 -0.000772031 0.000333336
375 -0.000587003 0.000175689
375.5 -0.0003438 2.57988e-05
376 -4.43473e-05 -0.000131477
376.5 0.000298657 -0.000303794
377 0.000659077 -0.000478823
377.5 0.000999612 -0.000623861
378 0.00128061 -0.000699791
378.5 0.00147287 -0.000682059
379 0.0015683 -0.000576079
379.5 0.00158255 -0.00041731
380 0.00154738 -0.000255562
380.5 0.00149683 -0.000132611
381 0.00145422 -6.58658e-05
381.5 0.0014266 -4.63333e-05
382 0.00140811 -4.97864e-05
382.5 0.00138864 -5.23423e-05
383 0.00136177 -4.04715e-05
383.5 0.00132772 -1.10392e-05
384 0.00129116 3.52364e-05
384.5 0.00125718 9.92707e-05
385 0.00122859 0.000182522
385.5 0.00120568 0.000280242
386 0.00118654 0.000375579
386.5 0.00116582 0.000441373
387 0.00113174 0.000451189
387.5 0.00106437 0.000394025
388 0.000939043 0.000283539
388.5 0.000736487 0.000155128
389 0.000456628 5.13556e-05
389.5 0.000129065 3.15543e-06
390 -0.00018699 1.65785e-05
390.5 -0.000416432 7.1405e-05
391 -0.000492148 0.000131291
391.5 -0.000379983 0.000159586
392 -9.42716e-05 0.000133445
392.5 0.000303059 5.12722e-05
393 0.00071992 -6.75607e-05
393.5 0.00106131 -0.00018904
394 0.00125599 -0.000274447
394.5 0.0012732 -0.000291781
395 0.00112495 -0.000226401
395.5 0.000855563 -8.78805e-05
396 0.000524774 9.02703e-05
396.5 0.000191733 0.000259587
397 -9.51182e-05 0.000372228
397.5 -0.000301454 0.000397175
398 -0.000406322 0.000329844
398.5 -0.000400807 0.000190709
399 -0.00028815 1.40877e-05
399.5 -8.48399e-05 -0.000166656
400 0.00017959 -0.000329924
400.5 0.000466046 -0.000468259
401 0.000732783 -0.000583296
401.5 0.000943732 -0.000678353
402 0.0010753 -0.000753855
402.5 0.00111945 -0.000807376
403 0.00108271 -0.000835973
403.5 0.000982311 -0.000836973
404 0.000841346 -0.000805493
404.5 0.000684286 -0.000730964
405 0.000533393 -0.000597389
405.5 0.000405916 -0.000390543
406 0.000311915 -0.000110455
406.5 0.00025275 0.000217553
407 0.000220461 0.000541382
407.5 0.000198366 0.000794416
408 0.000163306 0.000918277
408.5 9.00453e-05 0.000886203
409 -4.20249e-05 0.000715456
409.5 -0.000240765 0.00046192
410 -0.000494298 0.000198674
410.5 -0.000768864 -1.16141e-05
411 -0.0010147 -0.0001377
411.5 -0.00118021 -0.000185084
412 -0.00123055 -0.000184689
412.5 -0.00116301 -0.000172234
413 -0.00101182 -0.000169594
413.5 -0.000838259 -0.000177385
414 -0.000708764 -0.000181174
414.5 -0.000669097 -0.000166168
415 -0.00072522 -0.00013084
415.5 -0.000838865 -9.11129e-05
416 -0.000940031 -7.24627e-05
416.5 -0.000952034 -9.45086e-05
417 -0.000820159 -0.000157209
417.5 -0.000533884 -0.000237237
418 -0.000134806 -0.00029763
418.5 0.000293012 -0.000306422
419 0.000647993 -0.000254611
419.5 0.000843721 -0.000163696
420 0.000838413 -7.81329e-05
420.5 0.000650283 -4.5961e-05
421 0.000352258 -9.70902e-05
421.5 4.71981e-05 -0.000230028
422 -0.000167078 -0.000413353
422.5 -0.000229138 -0.000600506
423 -0.000129463 -0.000749686
423.5 9.44878e-05 -0.000838535
424 0.000378721 -0.000866885
424.5 0.000657271 -0.00084794
425 0.000879524 -0.000794803
425.5 0.00101518 -0.000711411
426 0.00104971 -0.000593712
426.5 0.000978212 -0.000440071
427 0.000804099 -0.000263662
427.5 0.000543588 -9.76067e-05
428 0.000230629 1.27914e-05
428.5 -8.46835e-05 2.894e-05
429 -0.000347376 -5.98715e-05
429.5 -0.000514873 -0.000224675
430 -0.000571656 -0.000402583
430.5 -0.000533088 -0.000520009
431 -0.000435987 -0.000524151
431.5 -0.00032105 -0.000408372
432 -0.000216642 -0.000218742
432.5 -0.000132142 -3.71153e-05
433 -6.2832e-05 5.29961e-05
433.5 -1.45509e-06 2.99982e-06
434 5.1834e-05 -0.000178205
434.5 8.73904e-05 -0.000426106
435 9.23848e-05 -0.000646241
435.5 6.04205e-05 -0.000752111
436 -2.52066e-06 -0.000698521
436.5 -7.99919e-05 -0.00049618
437 -0.000153607 -0.000202741
437.5 -0.000212447 0.00010358
438 -0.000256976 0.000354305
438.5 -0.000294626 0.000511291
439 -0.000329703 0.000570452
439.5 -0.0003542 0.000550656
440 -0.000346073 0.000476751
440.5 -0.000277321 0.000366852
441 -0.000128434 0.000229619
441.5 9.84141e-05 7.03196e-05
442 0.000374876 -0.000100673
442.5 0.000653754 -0.000263892
443 0.000884993 -0.000394489
443.5 0.00103263 -0.000471426
444 0.00108473 -0.000486368
444.5 0.00105226 -0.000446811
445 0.000959156 -0.000371708
445.5 0.00082992 -0.000282356
446 0.00068176 -0.000193956
446.5 0.00052439 -0.00011233
447 0.000365361 -3.6848e-05
447.5 0.000215401 3.32628e-05
448 8.88038e-05 9.38491e-05
448.5 -1.99235e-06 0.000135474
449 -5.38253e-05 0.000147987
449.5 -7.63918e-05 0.000126994
450 -8.82991e-05 7.79608e-05
450.5 -0.000106902 1.51018e-05
451 -0.000137779 -4.46413e-05
451.5 -0.000170637 -8.92216e-05
452 -0.000184902 -0.000116398
452.5 -0.000162358 -0.000133116
453 -9.96298e-05 -0.00014971
453.5 -1.29604e-05 -0.000172228
454 6.79447e-05 -0.000197329
454.5 0.000113984 -0.000212738
455 0.000111021 -0.000203176
455.5 6.67968e-05 -0.000158595
456 6.83792e-06 -8.02521e-05
456.5 -3.81597e-05 1.86189e-05
457 -4.66919e-05 0.000117814
457.5 -1.53762e-05 0.000198058
458 4.13102e-05 0.000247616
458.5 9.92698e-05 0.000264472
459 0.000136071 0.000253648
459.5 0.000139663 0.000222085
460 0.000111121 0.000174621
460.5 6.15159e-05 0.000113564
461 5.71926e-06 4.17259e-05
461.5 -4.33381e-05 -3.36726e-05
462 -7.76371e-05 -9.95253e-05
462.5 -9.40356e-05 -0.000139679
463 -9.25941e-05 -0.000141233
463.5 -7.50107e-05 -0.000101111
464 -4.41474e-05 -2.92151e-05
464.5 -4.44214e-06 5.39301e-05
465 3.77941e-05 0.000124276
465.5 7.5126e-05 0.000162933
466 0.000100939 0.000162547
466.5 0.000111796 0.000128744
467 0.000108949 7.64666e-05
467.5 9.80554e-05 2.32897e-05
468 8.7023e-05 -1.71415e-05
468.5 8.2891e-05 -3.8975e-05
469 8.91286e-05 -4.42894e-05
469.5 0.000104503 -4.02113e-05
470 0.000123865 -3.47961e-05
470.5 0.000140329 -3.35768e-05
471 0.00014778 -3.80181e-05
471.5 0.000142739 -4.61005e-05
472 0.000125105 -5.4353e-05
472.5 9.78598e-05 -6.01663e-05
473 6.61806e-05 -6.32591e-05
473.5 3.63712e-05 -6.56689e-05
474 1.47936e-05 -7.03781e-05
474.5 6.77605e-06 -7.9354e-05
475 1.54719e-05 -9.20718e-05
475.5 4.08288e-05 -0.000105344
476 7.90459e-05 -0.000114601
476.5 0.000122938 -0.000115994
477 0.000163392 -0.000108233
477.5 0.000191676 -9.31987e-05
478 0.000201889 -7.50393e-05
478.5 0.000192662 -5.82453e-05
479 0.000167394 -4.57336e-05
479.5 0.000132852 -3.79075e-05
480 9.66695e-05 -3.30857e-05
480.5 6.48119e-05 -2.89422e-05
481 4.00685e-05 -2.40951e-05
481.5 2.21722e-05 -1.89735e-05
482 9.30331e-06 -1.55426e-05
482.5 3.31088e-08 -1.60959e-05
483 -5.43303e-06 -2.17967e-05
483.5 -5.41455e-06 -3.17347e-05
484 1.82529e-06 -4.29772e-05
484.5 1.6297e-05 -5.15898e-05
485 3.52622e-05 -5.41522e-05
485.5 5.36629e-05 -4.90873e-05
486 6.58673e-05 -3.72286e-05
486.5 6.7867e-05 -2.14133e-05
487 5.88356e-05 -5.32385e-06
487.5 4.13263e-05 7.8744e-06
488 2.0104e-05 1.64945e-05
488.5 2.44349e-07 2.05023e-05
489 -1.4613e-05 2.09225e-05
489.5 -2.31693e-05 1.8868e-05
490 -2.63071e-05 1.47545e-05
490.5 -2.61129e-05 8.12727e-06
491 -2.46105e-05 -1.824e-06
491.5 -2.27619e-05 -1.53767e-05
492 -2.01284e-05 -3.15357e-05
492.5 -1.52935e-05 -4.7893e-05
493 -6.84194e-06 -6.12254e-05
493.5 5.56293e-06 -6.85859e-05
494 2.05423e-05 -6.83945e-05
494.5 3.51814e-05 -6.10343e-05
495 4.6031e-05 -4.86947e-05
495.5 5.05062e-05 -3.45492e-05
496 4.80081e-05 -2.16424e-05
496.5 4.0188e-05 -1.19544e-05
497 3.02014e-05 -5.99755e-06
497.5 2.13307e-05 -3.03423e-06
498 1.56906e-05 -1.7347e-06
498.5 1.36584e-05 -9.24201e-07
499 1.42358e-05 -8.06763e-08
499.5 1.60106e-05 5.95812e-07
500 1.80661e-05 4.96993e-07
