-1.998 -8.03235e-06 -2.72444e-06
-1.996 -2.98271e-05 -9.76982e-06
-1.994 -5.97561e-05 -1.95982e-05
-1.992 -8.98603e-05 -3.09239e-05
-1.99 -0.000110905 -4.24465e-05
-1.988 -0.000114066 -5.23781e-05
-1.986 -9.33637e-05 -5.80585e-05
-1.984 -4.86451e-05 -5.59325e-05
-1.982 1.14346e-05 -4.20321e-05
-1.98 6.72372e-05 -1.28996e-05
-1.978 8.76282e-05 3.32967e-05
-1.976 3.17626e-05 9.57953e-05
-1.974 -0.000146608 0.000170725
-1.972 -0.000492611 0.000251224
-1.97 -0.00104236 0.000328226
-1.968 -0.00181498 0.000391829
-1.966 -0.00280615 0.000433052
-1.964 -0.00398482 0.000445673
-1.962 -0.00529436 0.000427735
-1.96 -0.00665854 0.000382228
-1.958 -0.00799156 0.000316549
-1.956 -0.00921016 0.000240627
-1.954 -0.0102451 0.000164089
-1.952 -0.0110495 9.32071e-05
-1.95 -0.0116014 2.85444e-05
-1.948 -0.0119006 -3.60686e-05
-1.946 -0.0119591 -0.000113027
-1.944 -0.0117886 -0.000219126
-1.942 -0.0113862 -0.000372759
-1.94 -0.0107245 -0.000590443
-1.938 -0.00974713 -0.000882891
-1.936 -0.0083748 -0.00125103
-1.934 -0.00652093 -0.00168271
-1.932 -0.00411593 -0.00215126
-1.93 -0.00113568 -0.00261694
-1.928 0.00237172 -0.00303162
-1.926 0.00626726 -0.00334583
-1.924 0.0103159 -0.00351621
-1.922 0.0141989 -0.00351103
-1.92 0.0175438 -0.00331252
-1.918 0.019971 -0.0029163
-1.916 0.0211498 -0.00232929
-1.914 0.0208561 -0.00156788
-1.912 0.0190214 -0.00065691
-1.91 0.0157609 0.000370845
-1.908 0.011375 0.00147565
-1.906 0.00631752 0.00261277
-1.904 0.00113628 0.00373474
-1.902 -0.00360619 0.00479296
-1.9 -0.00741674 0.00573771
-1.898 -0.00994655 0.00651747
-1.896 -0.0110445 0.00707977
-1.894 -0.0107801 0.00737589
-1.892 -0.00943193 0.00737074
-1.89 -0.00744021 0.00705578
-1.888 -0.00533002 0.00646092
-1.886 -0.00361513 0.00566006
-1.884 -0.0026985 0.00476689
-1.882 -0.00278756 0.00392027
-1.88 -0.00384142 0.0032619
-1.878 -0.00556206 0.00291079
-1.876 -0.00743325 0.00293899
-1.874 -0.00880051 0.00335252
-1.872 -0.00897767 0.00408034
-1.87 -0.00736125 0.00497425
-1.868 -0.00353479 0.00582229
-1.866 0.00265101 0.00637752
-1.864 0.0110328 0.00640079
-1.862 0.0211302 0.0057114
-1.86 0.0321847 0.00423522
-1.858 0.0432392 0.00203753
-1.856 0.0532472 -0.00066936
-1.854 0.0611963 -0.00354773
-1.852 0.0662235 -0.00618248
-1.85 0.0677072 -0.00814709
-1.848 0.0653206 -0.00907648
-1.846 0.0590462 -0.00873504
-1.844 0.0491565 -0.00706878
-1.842 0.0361725 -0.00423184
-1.84 0.0208095 -0.000579769
-1.838 0.00391761 0.00337328
-1.836 -0.013579 0.00703001
-1.834 -0.030741 0.00980718
-1.832 -0.0466682 0.0112373
-1.83 -0.0605479 0.0110544
-1.828 -0.0716932 0.00924553
-1.826 -0.0795704 0.00605571
-1.824 -0.0838139 0.00194381
-1.822 -0.0842295 -0.00250306
-1.82 -0.0807899 -0.00668169
-1.818 -0.0736257 -0.0100914
-1.816 -0.0630128 -0.0124368
-1.814 -0.0493594 -0.0136928
-1.812 -0.0331934 -0.0141163
-1.81 -0.01515 -0.0141963
-1.808 0.00403759 -0.0145494
-1.806 0.0235505 -0.015777
-1.804 0.0425051 -0.0183156
-1.802 0.0599876 -0.0223117
-1.8 0.0751018 -0.0275509
-1.798 0.0870225 -0.033463
-1.796 0.0950448 -0.0392031
-1.794 0.0986224 -0.0437977
-1.792 0.0973974 -0.0463279
-1.79 0.0912277 -0.0461164
-1.788 0.0802241 -0.042884
-1.786 0.0647963 -0.0368397
-1.784 0.0456965 -0.0286802
-1.782 0.0240378 -0.0194881
-1.78 0.00126203 -0.0105423
-1.778 -0.0209529 -0.00307536
-1.776 -0.0408368 0.00196968
-1.774 -0.0566982 0.0041334
-1.772 -0.0670966 0.0035429
-1.77 -0.070994 0.000902568
-1.768 -0.0678754 -0.00262823
-1.766 -0.05783 -0.00565098
-1.764 -0.0415848 -0.00680081
-1.762 -0.020479 -0.00502774
-1.76 0.00363465 0.000166844
-1.758 0.0285623 0.00858753
-1.756 0.0520014 0.0193309
-1.754 0.0717979 0.0309114
-1.752 0.0861824 0.0415084
-1.75 0.0939422 0.0492881
-1.748 0.0945116 0.0527363
-1.746 0.087987 0.0509386
-1.744 0.0750906 0.0437549
-1.742 0.0570986 0.0318575
-1.74 0.0357337 0.016627
-1.738 0.0130104 -7.59369e-05
-1.736 -0.00897363 -0.0162228
-1.734 -0.0282806 -0.0299571
-1.732 -0.043364 -0.0398999
-1.73 -0.0532365 -0.0453639
-1.728 -0.0575405 -0.0464335
-1.726 -0.0565226 -0.0438943
-1.724 -0.0509411 -0.0390237
-1.722 -0.041946 -0.0332884
-1.72 -0.0309542 -0.0280184
-1.718 -0.019515 -0.0241274
-1.716 -0.00914059 -0.0219421
-1.714 -0.00108836 -0.0211673
-1.712 0.00388803 -0.0209913
-1.71 0.0057603 -0.0203006
-1.708 0.00534403 -0.017955
-1.706 0.00425672 -0.0130614
-1.704 0.00470393 -0.00518816
-1.702 0.00913172 0.00552462
-1.7 0.0198138 0.0183786
-1.698 0.0384444 0.0322502
-1.696 0.0657907 0.0458155
-1.694 0.101435 0.0578166
-1.692 0.14363 0.0673112
-1.69 0.189311 0.0738475
-1.688 0.234284 0.0775283
-1.686 0.273654 0.0789502
-1.684 0.302463 0.0790364
-1.682 0.316456 0.0787977
-1.68 0.31286 0.0790766
-1.678 0.290994 0.080332
-1.676 0.25261 0.0825151
-1.674 0.201867 0.0850682
-1.672 0.144943 0.0870424
-1.67 0.0893066 0.0873028
-1.668 0.0427241 0.084767
-1.666 0.012109 0.0786273
-1.664 0.00236577 0.068517
-1.662 0.0154194 0.0546018
-1.66 0.049627 0.0375825
-1.658 0.0997322 0.0186099
-1.656 0.15743 -0.000881126
-1.654 0.212484 -0.0193905
-1.652 0.254226 -0.0355828
-1.65 0.273172 -0.0484731
-1.648 0.262512 -0.0575255
-1.646 0.219244 -0.0626461
-1.644 0.14481 -0.064084
-1.642 0.0451452 -0.0622848
-1.64 -0.0699016 -0.0577498
-1.638 -0.187752 -0.0509451
-1.636 -0.294785 -0.0422756
-1.634 -0.378306 -0.0321162
-1.632 -0.42847 -0.0208711
-1.63 -0.439804 -0.00903416
-1.628 -0.412037 0.0027683
-1.626 -0.350097 0.0137628
-1.624 -0.263311 0.0230586
-1.622 -0.164003 0.0297383
-1.62 -0.0657464 0.0330166
-1.618 0.018486 0.0324415
-1.616 0.0780303 0.0280814
-1.614 0.105908 0.0206302
-1.612 0.0996795 0.0113732
-1.61 0.0616342 0.00199914
-1.608 -0.001764 -0.00571554
-1.606 -0.0810998 -0.0102804
-1.604 -0.165679 -0.0108359
-1.602 -0.245306 -0.00738726
-1.6 -0.311787 -0.000874303
-1.598 -0.35988 0.00693869
-1.596 -0.387575 0.013736
-1.594 -0.39575 0.0170459
-1.592 -0.387386 0.0147016
-1.59 -0.366549 0.00529656
-1.588 -0.337344 -0.0114538
-1.586 -0.30299 -0.0345327
-1.584 -0.265187 -0.0616929
-1.582 -0.223891 -0.0897914
-1.58 -0.177586 -0.115334
-1.578 -0.124057 -0.13511
-1.576 -0.0615158 -0.146776
-1.574 0.0102187 -0.149243
-1.572 0.0888023 -0.142805
-1.57 0.169024 -0.128984
-1.568 0.243157 -0.11016
-1.566 0.30196 -0.0890567
-1.564 0.336104 -0.0682023
-1.562 0.337782 -0.0494274
-1.56 0.302214 -0.0335133
-1.558 0.228819 -0.0200623
-1.556 0.121876 -0.00764847
-1.554 -0.00948754 0.00575595
-1.552 -0.152072 0.0221611
-1.55 -0.290106 0.0428981
-1.548 -0.407319 0.0680963
-1.546 -0.489259 0.0964496
-1.544 -0.525433 0.125348
-1.542 -0.510854 0.151357
-1.54 -0.446714 0.170928
-1.538 -0.34008 0.181191
-1.536 -0.202707 0.180647
-1.534 -0.049238 0.169607
-1.532 0.104918 0.150281
-1.53 0.245704 0.126473
-1.528 0.362226 0.102917
-1.526 0.447998 0.084366
-1.524 0.501406 0.07461
-1.522 0.525306 0.0756281
-1.52 0.525816 0.0870698
-1.518 0.510579 0.106191
-1.516 0.486899 0.128283
-1.514 0.460162 0.147528
-1.512 0.432885 0.158136
-1.51 0.404521 0.15555
-1.508 0.371989 0.137482
-1.506 0.330769 0.104552
-1.504 0.276317 0.0603638
-1.502 0.205544 0.0109672
-1.5 0.118114 -0.0362066
-1.498 0.0172911 -0.07374
-1.496 -0.0898518 -0.0956594
-1.494 -0.193023 -0.0986057
-1.492 -0.280062 -0.0825019
-1.49 -0.33886 -0.0505852
-1.488 -0.359476 -0.00880493
-1.486 -0.336021 0.0352944
-1.484 -0.26793 0.0739911
-1.482 -0.160385 0.100841
-1.48 -0.0238337 0.1119
-1.478 0.127275 0.106467
-1.476 0.276347 0.0871879
-1.474 0.406793 0.0594737
-1.472 0.504194 0.030324
-1.47 0.55817 0.0067979
-1.468 0.56368 -0.00553837
-1.466 0.521542 -0.00383953
-1.464 0.438088 0.0113885
-1.462 0.324041 0.036388
-1.46 0.192873 0.0649449
-1.458 0.0589507 0.0897074
-1.456 -0.0641912 0.103753
-1.454 -0.16525 0.102088
-1.452 -0.236105 0.0827862
-1.45 -0.272291 0.0475236
-1.448 -0.273021 0.00139406
-1.446 -0.240821 -0.0479808
-1.444 -0.180868 -0.0918974
-1.442 -0.100152 -0.122299
-1.44 -0.00660723 -0.133436
-1.438 0.0916842 -0.123093
-1.436 0.187108 -0.0931105
-1.434 0.272939 -0.04907
-1.432 0.343628 0.000781278
-1.43 0.395018 0.047141
-1.428 0.424587 0.0814759
-1.426 0.431682 0.0977099
-1.424 0.417691 0.0934547
-1.422 0.386055 0.0705446
-1.42 0.342065 0.0347561
-1.418 0.292443 -0.00524456
-1.416 0.244746 -0.0395315
-1.414 0.206651 -0.0588146
-1.412 0.185172 -0.0562391
-1.41 0.185851 -0.0287456
-1.408 0.212013 0.0222727
-1.406 0.264167 0.0911459
-1.404 0.339709 0.168906
-1.402 0.433046 0.244877
-1.4 0.536194 0.308566
-1.398 0.639819 0.351475
-1.396 0.734527 0.368505
-1.394 0.812146 0.358669
-1.392 0.866742 0.325044
-1.39 0.895161 0.273977
-1.388 0.89706 0.21378
-1.386 0.874452 0.153161
-1.384 0.830913 0.0997138
-1.382 0.770618 0.0587254
-1.38 0.697413 0.0325048
-1.378 0.614086 0.0203209
-1.376 0.521983 0.0189332
-1.374 0.421054 0.0235854
-1.372 0.31035 0.0292373
-1.37 0.188896 0.0317605
-1.368 0.0567781 0.0288294
-1.366 -0.0838203 0.0203169
-1.364 -0.227924 0.008132
-1.362 -0.36766 -0.0044216
-1.36 -0.492841 -0.0135735
-1.358 -0.592159 -0.016065
-1.356 -0.654764 -0.00995564
-1.354 -0.671916 0.00490175
-1.352 -0.638409 0.0268016
-1.35 -0.553529 0.052551
-1.348 -0.421423 0.0781966
-1.346 -0.250863 0.0999683
-1.344 -0.054455 0.115226
-1.342 0.152575 0.123164
-1.34 0.353918 0.125068
-1.338 0.533858 0.124029
-1.336 0.678885 0.124171
-1.334 0.779005 0.129598
-1.332 0.828511 0.143318
-1.33 0.826083 0.166414
-1.328 0.774252 0.197615
-1.326 0.678464 0.233341
-1.324 0.546081 0.268189
-1.322 0.385654 0.295758
-1.32 0.206607 0.309694
-1.318 0.019293 0.304797
-1.316 -0.164829 0.278014
-1.314 -0.333186 0.229132
-1.312 -0.472483 0.160973
-1.31 -0.569564 0.0790113
-1.308 -0.61269 -0.00957624
-1.306 -0.593052 -0.0972039
-1.304 -0.506298 -0.177207
-1.302 -0.353868 -0.244893
-1.3 -0.1439 -0.298091
-1.298 0.108525 -0.337147
-1.296 0.382039 -0.364419
-1.294 0.650676 -0.383443
-1.292 0.886584 -0.397951
-1.29 1.06347 -0.410929
-1.288 1.16028 -0.423873
-1.286 1.16441 -0.436376
-1.284 1.07385 -0.446151
-1.282 0.897807 -0.44951
-1.28 0.655618 -0.442232
-1.278 0.374105 -0.420637
-1.276 0.0838558 -0.382584
-1.274 -0.18505 -0.328179
-1.272 -0.407183 -0.259996
-1.27 -0.565177 -0.182783
-1.268 -0.651883 -0.102692
-1.266 -0.670888 -0.0261626
-1.264 -0.63528 0.0413293
-1.262 -0.564806 0.0964018
-1.26 -0.481908 0.138508
-1.258 -0.407354 0.170098
-1.256 -0.35632 0.196126
-1.254 -0.335676 0.222998
-1.252 -0.343036 0.257147
-1.25 -0.367744 0.30353
-1.248 -0.393607 0.364345
-1.246 -0.402792 0.438223
-1.244 -0.380124 0.520048
-1.242 -0.316903 0.601472
-1.24 -0.213487 0.672063
-1.238 -0.0800691 0.720968
-1.236 0.0645582 0.738834
-1.234 0.196128 0.719642
-1.232 0.289364 0.662074
-1.23 0.322949 0.570089
-1.228 0.284001 0.452553
-1.226 0.171137 0.321975
-1.224 -0.00453885 0.192585
-1.222 -0.220793 0.078108
-1.22 -0.447776 -0.0103709
-1.218 -0.653088 -0.0661193
-1.216 -0.807484 -0.0877803
-1.214 -0.890208 -0.0795416
-1.212 -0.893004 -0.0503735
-1.21 -0.822101 -0.0123894
-1.208 -0.697736 0.0214379
-1.206 -0.551195 0.0397957
-1.204 -0.419687 0.0352656
-1.202 -0.339856 0.00578434
-1.2 -0.341018 -0.0449873
-1.198 -0.439368 -0.108443
-1.196 -0.634312 -0.172753
-1.194 -0.907634 -0.225144
-1.192 -1.22571 -0.254289
-1.19 -1.54438 -0.252419
-1.188 -1.81561 -0.216827
-1.186 -1.99486 -0.150544
-1.184 -2.04787 -0.0620147
-1.182 -1.95592 0.0362476
-1.18 -1.71873 0.129889
-1.178 -1.35469 0.205442
-1.176 -0.898287 0.252994
-1.174 -0.395284 0.268182
-1.172 0.103755 0.253035
-1.17 0.550499 0.215456
-1.168 0.905324 0.167487
-1.166 1.1422 0.122749
-1.164 1.25127 0.0936126
-1.162 1.23888 0.0886524
-1.16 1.1252 0.110802
-1.158 0.94 0.156547
-1.156 0.717388 0.216301
-1.154 0.4904 0.275987
-1.152 0.286396 0.319642
-1.15 0.12387 0.332605
-1.148 0.0110584 0.304715
-1.146 -0.0536958 0.232784
-1.144 -0.0801606 0.121784
-1.142 -0.0835054 -0.0155968
-1.14 -0.0811835 -0.160964
-1.138 -0.0898485 -0.293413
-1.136 -0.12266 -0.393287
-1.134 -0.187267 -0.44576
-1.132 -0.284702 -0.443587
-1.13 -0.409303 -0.388495
-1.128 -0.549649 -0.290955
-1.126 -0.69025 -0.168357
-1.124 -0.813595 -0.0418614
-1.122 -0.902088 0.0674851
-1.12 -0.939573 0.142635
-1.118 -0.912398 0.173637
-1.116 -0.810245 0.159319
-1.114 -0.627017 0.107205
-1.112 -0.361961 0.0317466
-1.11 -0.020917 -0.0487394
-1.108 0.382667 -0.115769
-1.106 0.827357 -0.154279
-1.104 1.28431 -0.155426
-1.102 1.71889 -0.118112
-1.1 2.09321 -0.0489912
-1.098 2.36946 0.0390044
-1.096 2.51374 0.129365
-1.094 2.50012 0.205405
-1.092 2.31452 0.253706
-1.09 1.95781 0.26683
-1.088 1.44758 0.244694
-1.086 0.817956 0.19429
-1.084 0.117336 0.127847
-1.082 -0.595997 0.0599195
-1.08 -1.25978 0.00408598
-1.078 -1.81444 -0.0299999
-1.076 -2.20959 -0.0386081
-1.074 -2.40961 -0.024606
-1.072 -2.39761 0.00327319
-1.07 -2.17741 0.0323799
-1.068 -1.77316 0.0489158
-1.066 -1.22659 0.0409959
-1.064 -0.592234 0.00142005
-1.062 0.0688234 -0.0704195
-1.06 0.695597 -0.167954
-1.058 1.23343 -0.278385
-1.056 1.6389 -0.385041
-1.054 1.88292 -0.470645
-1.052 1.95194 -0.520809
-1.05 1.84727 -0.526971
-1.048 1.5832 -0.488168
-1.046 1.1841 -0.411248
-1.044 0.681344 -0.309508
-1.042 0.110304 -0.200027
-1.04 -0.492067 -0.100274
-1.038 -1.08897 -0.0247295
-1.036 -1.64475 0.0177779
-1.034 -2.12537 0.0254815
-1.032 -2.49882 0.00360157
-1.03 -2.73581 -0.0371302
-1.028 -2.81135 -0.0829756
-1.026 -2.70711 -0.120157
-1.024 -2.41443 -0.137659
-1.022 -1.93734 -0.129316
-1.02 -1.29489 -0.0948336
-1.018 -0.521879 -0.0396003
-1.016 0.33232 0.0266306
-1.014 1.20704 0.0919442
-1.012 2.03535 0.144901
-1.01 2.75036 0.177023
-1.008 3.29192 0.184516
-1.006 3.61303 0.168794
-1.004 3.68499 0.135735
-1.002 3.50082 0.0939133
-1 3.0764 0.0523343
-0.998 2.44916 0.018232
-0.996 1.67454 -0.00456802
-0.994 0.82048 -0.016379
-0.992 -0.0393551 -0.0213625
-0.99 -0.832753 -0.0263326
-0.988 -1.49563 -0.0389468
-0.986 -1.97747 -0.0656653
-0.984 -2.24492 -0.109884
-0.982 -2.28339 -0.170655
-0.98 -2.09664 -0.242354
-0.978 -1.7048 -0.315514
-0.976 -1.14131 -0.378731
-0.974 -0.449451 -0.421192
-0.972 0.321036 -0.435193
-0.97 1.117 -0.417964
-0.968 1.88453 -0.37238
-0.966 2.57142 -0.306413
-0.964 3.12976 -0.23149
-0.962 3.51879 -0.160179
-0.96 3.70818 -0.103678
-0.958 3.68129 -0.0695964
-0.956 3.43793 -0.0604053
-0.954 2.99609 -0.072836
-0.952 2.39217 -0.098408
-0.95 1.67948 -0.125128
-0.948 0.924788 -0.140152
-0.946 0.202785 -0.132875
-0.944 -0.411158 -0.0976901
-0.942 -0.849383 -0.035656
-0.94 -1.06041 0.0454307
-0.938 -1.01614 0.132593
-0.936 -0.716619 0.210486
-0.934 -0.19119 0.264768
-0.932 0.504259 0.285235
-0.93 1.29375 0.268045
-0.928 2.09044 0.216598
-0.926 2.80729 0.141012
-0.924 3.36767 0.056337
-0.922 3.71462 -0.0201572
-0.92 3.81744 -0.0722401
-0.918 3.67484 -0.0880324
-0.916 3.31394 -0.0627524
-0.914 2.78545 -0.000227379
-0.912 2.15559 0.0873514
-0.91 1.49627 0.181563
-0.908 0.875079 0.261429
-0.906 0.346728 0.307831
-0.904 -0.0527625 0.307681
-0.902 -0.308626 0.256854
-0.9 -0.426591 0.161269
-0.898 -0.429247 0.0359154
-0.896 -0.350278 -0.0978394
-0.894 -0.227523 -0.216079
-0.892 -0.0960091 -0.296584
-0.89 0.0178023 -0.322834
-0.888 0.099544 -0.287135
-0.886 0.147669 -0.192331
-0.884 0.17148 -0.0516416
-0.882 0.187169 0.113502
-0.88 0.212982 0.2773
-0.878 0.264638 0.414351
-0.876 0.351867 0.504313
-0.874 0.476514 0.53546
-0.872 0.632219 0.506401
-0.87 0.80546 0.425746
-0.868 0.977663 0.309938
-0.866 1.12804 0.179861
-0.864 1.23675 0.0569365
-0.862 1.28793 -0.0406017
-0.86 1.27185 -0.100724
-0.858 1.18591 -0.119474
-0.856 1.03416 -0.101381
-0.854 0.825695 -0.0582877
-0.852 0.572574 -0.00674064
-0.85 0.287907 0.0355476
-0.848 -0.0153798 0.0534269
-0.846 -0.324978 0.037378
-0.844 -0.629026 -0.0147597
-0.842 -0.915684 -0.0977027
-0.84 -1.17275 -0.200128
-0.838 -1.38751 -0.307072
-0.836 -1.547 -0.40271
-0.834 -1.6387 -0.473006
-0.832 -1.65183 -0.507886
-0.83 -1.57908 -0.502692
-0.828 -1.4185 -0.458755
-0.826 -1.17505 -0.382957
-0.824 -0.86148 -0.286293
-0.822 -0.497927 -0.181655
-0.82 -0.110494 -0.0812959
-0.818 0.271276 0.00547925
-0.816 0.617504 0.0738842
-0.814 0.901256 0.12421
-0.812 1.10152 0.161389
-0.81 1.20554 0.193786
-0.808 1.21034 0.231485
-0.806 1.12307 0.284356
-0.804 0.960338 0.36013
-0.802 0.746066 0.462788
-0.8 0.508423 0.591556
-0.798 0.276044 0.740699
-0.796 0.0744147 0.900187
-0.794 -0.0769411 1.05706
-0.792 -0.166005 1.19722
-0.79 -0.188542 1.30736
-0.788 -0.147436 1.37658
-0.786 -0.0515809 1.39771
-0.784 0.0853388 1.36804
-0.782 0.246069 1.2897
-0.78 0.411199 1.16938
-0.778 0.560946 1.01767
-0.776 0.677287 0.847734
-0.774 0.746082 0.673668
-0.772 0.758727 0.508706
-0.77 0.713009 0.363569
-0.768 0.61316 0.245267
-0.766 0.469337 0.156498
-0.764 0.296778 0.0956898
-0.762 0.114739 0.057595
-0.76 -0.0548706 0.0342858
-0.758 -0.189313 0.0163661
-0.756 -0.267443 -0.00570055
-0.754 -0.272595 -0.0402068
-0.752 -0.195497 -0.0928469
-0.75 -0.0364835 -0.165583
-0.748 0.193673 -0.255998
-0.746 0.47468 -0.357356
-0.744 0.779224 -0.45944
-0.742 1.07655 -0.550032
-0.74 1.33648 -0.616744
-0.738 1.53328 -0.648845
-0.736 1.64907 -0.638781
-0.734 1.67626 -0.583192
-0.732 1.61883 -0.483404
-0.73 1.49201 -0.345419
-0.728 1.3202 -0.179453
-0.726 1.13316 0.000985645
-0.724 0.960927 0.18052
-0.722 0.828284 0.343746
-0.72 0.750045 0.477247
-0.718 0.72823 0.571425
-0.716 0.751713 0.621747
-0.714 0.798292 0.629188
-0.712 0.838613 0.599784
-0.71 0.841155 0.543436
-0.708 0.777485 0.472205
-0.706 0.627061 0.398371
-0.704 0.380954 0.332512
-0.702 0.0439574 0.281799
-0.7 -0.365334 0.248745
-0.698 -0.816694 0.230639
-0.696 -1.27262 0.219884
-0.694 -1.6943 0.205307
-0.692 -2.04805 0.174271
-0.69 -2.31077 0.115261
-0.688 -2.47312 0.0204708
-0.686 -2.53966 -0.112091
-0.684 -2.52608 -0.277404
-0.682 -2.4545 -0.463436
-0.68 -2.34778 -0.652421
-0.678 -2.22429 -0.823262
-0.676 -2.09395 -0.954736
-0.674 -1.95594 -1.02901
-0.672 -1.79854 -1.03493
-0.67 -1.60094 -0.970475
-0.668 -1.33724 -0.843835
-0.666 -0.982228 -0.67267
-0.664 -0.518482 -0.481606
-0.662 0.0567165 -0.298225
-0.66 0.726052 -0.148245
-0.658 1.4501 -0.0507505
-0.656 2.16943 -0.0143557
-0.654 2.81094 -0.035094
-0.652 3.29745 -0.0965444
-0.65 3.55888 -0.172317
-0.648 3.54315 -0.230558
-0.646 3.22508 -0.239727
-0.644 2.61218 -0.174617
-0.642 1.74648 -0.0215426
-0.64 0.702231 0.218282
-0.638 -0.420779 0.527835
-0.636 -1.50779 0.876121
-0.634 -2.44266 1.22258
-0.632 -3.1227 1.52343
-0.63 -3.4726 1.73893
-0.628 -3.45499 1.84042
-0.626 -3.07563 1.81579
-0.624 -2.38234 1.67237
-0.622 -1.45787 1.43632
-0.62 -0.408023 1.14858
-0.618 0.652768 0.857951
-0.616 1.61652 0.612525
-0.614 2.39536 0.451286
-0.612 2.93227 0.397247
-0.61 3.20743 0.453448
-0.608 3.23918 0.602442
-0.606 3.07908 0.809389
-0.604 2.80173 1.02824
-0.602 2.49079 1.20998
-0.6 2.22386 1.31143
-0.598 2.05909 1.30324
-0.596 2.02566 1.17551
-0.594 2.12001 0.939962
-0.592 2.30787 0.628137
-0.59 2.53148 0.285801
-0.588 2.72043 -0.0355483
-0.586 2.80437 -0.28832
-0.584 2.72547 -0.437683
-0.582 2.44911 -0.467837
-0.58 1.97119 -0.384519
-0.578 1.32074 -0.213403
-0.576 0.557147 0.00512227
-0.574 -0.238119 0.223676
-0.572 -0.973937 0.396642
-0.57 -1.56415 0.4884
-0.568 -1.94155 0.479625
-0.566 -2.06867 0.370595
-0.564 -1.94337 0.180875
-0.562 -1.59849 -0.0546347
-0.56 -1.09583 -0.292643
-0.558 -0.516118 -0.490016
-0.556 0.0533242 -0.612128
-0.554 0.531038 -0.639249
-0.552 0.852451 -0.569723
-0.55 0.978166 -0.419517
-0.548 0.898523 -0.218487
-0.546 0.633735 -0.00432885
-0.544 0.229445 0.184524
-0.542 -0.251628 0.315726
-0.54 -0.740382 0.3684
-0.538 -1.17223 0.336267
-0.536 -1.49605 0.228079
-0.534 -1.67964 0.0653983
-0.532 -1.7111 -0.121868
-0.53 -1.59662 -0.301311
-0.528 -1.35559 -0.444067
-0.526 -1.01472 -0.529769
-0.524 -0.602149 -0.549383
-0.522 -0.142751 -0.505487
-0.52 0.344681 -0.410218
-0.518 0.847972 -0.281638
-0.516 1.35977 -0.139477
-0.514 1.87391 -0.0012129
-0.512 2.38101 0.120751
-0.51 2.86472 0.220338
-0.508 3.29976 0.297415
-0.506 3.65275 0.356082
-0.504 3.88585 0.402263
-0.502 3.96249 0.441327
-0.5 3.8541 0.476395
-0.498 3.5465 0.507757
-0.496 3.04467 0.533472
-0.494 2.37527 0.55088
-0.492 1.5864 0.558492
-0.49 0.744524 0.557684
-0.488 -0.0715687 0.553662
-0.486 -0.779247 0.555374
-0.484 -1.30212 0.574236
-0.482 -1.5801 0.621759
-0.48 -1.57759 0.706442
-0.478 -1.28834 0.830578
-0.476 -0.736051 0.987881
-0.474 0.0290668 1.16284
-0.472 0.936795 1.33238
-0.47 1.90517 1.46979
-0.468 2.84901 1.55007
-0.466 3.68761 1.55545
-0.464 4.35099 1.47956
-0.462 4.78443 1.32931
-0.46 4.95127 1.1241
-0.458 4.83398 0.892636
-0.456 4.43372 0.668021
-0.454 3.76884 0.481948
-0.452 2.87261 0.358918
-0.45 1.79085 0.311348
-0.448 0.579718 0.336548
-0.446 -0.696238 0.416425
-0.444 -1.96613 0.520398
-0.442 -3.15517 0.611284
-0.44 -4.18807 0.653066
-0.438 -4.99346 0.618804
-0.436 -5.50948 0.496824
-0.434 -5.68991 0.293726
-0.432 -5.51016 0.0335623
-0.43 -4.97225 -0.246626
-0.428 -4.10757 -0.503947
-0.426 -2.97642 -0.698018
-0.424 -1.66402 -0.798932
-0.422 -0.273059 -0.793365
-0.42 1.08638 -0.687696
-0.418 2.30809 -0.507459
-0.416 3.30095 -0.293011
-0.414 3.99867 -0.091943
-0.412 4.36683 0.0504259
-0.41 4.40641 0.100557
-0.408 4.15288 0.0440966
-0.406 3.67079 -0.110492
-0.404 3.04435 -0.332898
-0.402 2.36528 -0.576311
-0.4 1.71986 -0.786085
-0.398 1.17719 -0.909993
-0.396 0.780808 -0.908177
-0.394 0.54496 -0.760984
-0.392 0.455777 -0.473301
-0.39 0.476872 -0.0745663
-0.388 0.55788 0.385649
-0.386 0.644366 0.845891
-0.384 0.687666 1.24347
-0.382 0.653477 1.52553
-0.38 0.528133 1.65837
-0.378 0.321481 1.6332
-0.376 0.0655097 1.46733
-0.374 -0.191513 1.20068
-0.372 -0.394534 0.888338
-0.37 -0.492965 0.59059
-0.368 -0.451166 0.362228
-0.366 -0.25577 0.243136
-0.364 0.0816589 0.251777
-0.362 0.526818 0.382677
-0.36 1.02878 0.608179
-0.358 1.52847 0.884057
-0.356 1.96803 1.1579
-0.354 2.2999 1.37869
-0.352 2.49462 1.50572
-0.35 2.54636 1.5153
-0.348 2.47484 1.40399
-0.346 2.32292 1.18815
-0.344 2.14942 0.899927
-0.342 2.01849 0.580754
-0.34 1.98737 0.273651
-0.338 2.09526 0.0157477
-0.336 2.35555 -0.167566
-0.334 2.75285 -0.265916
-0.332 3.24498 -0.284223
-0.33 3.76931 -0.240178
-0.328 4.25206 -0.159592
-0.326 4.61907 -0.0706767
-0.324 4.80688 0.0015877
-0.322 4.77242 0.039945
-0.32 4.49978 0.03744
-0.318 4.00271 -0.00225835
-0.316 3.32202 -0.066646
-0.314 2.51855 -0.137718
-0.312 1.66302 -0.196036
-0.31 0.825223 -0.224705
-0.308 0.0646186 -0.212563
-0.306 -0.575962 -0.156129
-0.304 -1.0727 -0.0601082
-0.302 -1.41947 0.0635193
-0.3 -1.62375 0.197587
-0.298 -1.70083 0.322643
-0.296 -1.66771 0.420201
-0.294 -1.53759 0.475845
-0.292 -1.31614 0.481656
-0.29 -1.00039 0.437485
-0.288 -0.580823 0.350779
-0.286 -0.0465397 0.235033
-0.284 0.607421 0.107324
-0.282 1.37228 -0.0144618
-0.28 2.21931 -0.114119
-0.278 3.09711 -0.179081
-0.276 3.93373 -0.201828
-0.274 4.64377 -0.180841
-0.272 5.13951 -0.121088
-0.27 5.34412 -0.0338705
-0.268 5.20437 0.0642505
-0.266 4.70061 0.15356
-0.264 3.85198 0.21418
-0.262 2.71583 0.229402
-0.26 1.38132 0.188618
-0.258 -0.0417132 0.0891778
-0.256 -1.43702 -0.0631484
-0.254 -2.69682 -0.254973
-0.252 -3.73538 -0.466973
-0.25 -4.49907 -0.676079
-0.248 -4.97158 -0.858005
-0.246 -5.17319 -0.990144
-0.244 -5.15433 -1.05473
-0.242 -4.9842 -1.04193
-0.24 -4.7367 -0.952013
-0.238 -4.47611 -0.796021
-0.236 -4.24556 -0.594267
-0.234 -4.06041 -0.373084
-0.232 -3.90791 -0.160505
-0.23 -3.75302 0.0180585
-0.228 -3.54887 0.143265
-0.226 -3.2494 0.204013
-0.224 -2.82172 0.198326
-0.222 -2.25592 0.133167
-0.22 -1.57059 0.0233419
-0.218 -0.81321 -0.110531
-0.216 -0.0551063 -0.245025
-0.214 0.61854 -0.35763
-0.212 1.12231 -0.430566
-0.21 1.3855 -0.453727
-0.208 1.36558 -0.425914
-0.206 1.05727 -0.35404
-0.204 0.495289 -0.250682
-0.202 -0.249933 -0.130861
-0.2 -1.08259 -0.00904822
-0.198 -1.8958 0.102901
-0.196 -2.58712 0.196692
-0.194 -3.07282 0.267628
-0.192 -3.29856 0.314153
-0.19 -3.24524 0.337249
-0.188 -2.92951 0.339781
-0.186 -2.3991 0.325703
-0.184 -1.72405 0.299098
-0.182 -0.98508 0.263281
-0.18 -0.261222 0.220363
-0.178 0.381409 0.171598
-0.176 0.897591 0.118428
-0.174 1.2665 0.0637539
-0.172 1.49041 0.0127732
-0.17 1.58944 -0.0271331
-0.168 1.59384 -0.047603
-0.166 1.53572 -0.0412597
-0.164 1.44203 -0.00377217
-0.162 1.33007 0.0647016
-0.16 1.20625 0.159124
-0.158 1.06798 0.270259
-0.156 0.907893 0.386148
-0.154 0.719256 0.493975
-0.152 0.501028 0.582056
-0.15 0.261372 0.641697
-0.148 0.0187414 0.668721
-0.146 -0.199709 0.664411
-0.144 -0.362081 0.635617
-0.142 -0.437277 0.593826
-0.14 -0.40109 0.553207
-0.138 -0.24167 0.527897
-0.136 0.0367913 0.529151
-0.134 0.413102 0.563103
-0.132 0.851323 0.629781
-0.13 1.30599 0.723571
-0.128 1.72931 0.834889
-0.126 2.07876 0.95252
-0.124 2.32368 1.06606
-0.122 2.44939 1.16799
-0.12 2.45845 1.25506
-0.118 2.36871 1.32872
-0.116 2.20864 1.39455
-0.114 2.01079 1.46066
-0.112 1.80461 1.53527
-0.11 1.6101 1.62396
-0.108 1.43345 1.7273
-0.106 1.26583 1.83975
-0.104 1.0852 1.95016
-0.102 0.861038 2.04392
-0.1 0.560733 2.10614
-0.098 0.156534 2.12499
-0.096 -0.368157 2.0943
-0.094 -1.01408 2.01496
-0.092 -1.76365 1.89484
-0.09 -2.58109 1.74732
-0.088 -3.41531 1.58884
-0.086 -4.20536 1.43569
-0.084 -4.88778 1.30063
-0.082 -5.40472 1.18978
-0.08 -5.71122 1.10072
-0.078 -5.78033 1.02231
-0.076 -5.60515 0.936717
-0.074 -5.19766 0.823051
-0.072 -4.58513 0.662118
-0.07 -3.80526 0.440963
-0.068 -2.90115 0.156246
-0.066 -1.91708 -0.184344
-0.064 -0.895523 -0.562866
-0.062 0.124567 -0.953823
-0.06 1.10822 -1.32816
-0.058 2.0241 -1.65787
-0.056 2.84353 -1.92041
-0.054 3.5393 -2.10244
-0.052 4.08483 -2.20197
-0.05 4.45396 -2.22832
-0.048 4.62209 -2.19982
-0.046 4.56866 -2.13926
-0.044 4.28102 -2.06854
-0.042 3.75909 -2.0035
-0.04 3.02012 -1.95058
-0.038 2.10232 -1.90566
-0.036 1.06643 -1.85548
-0.034 -0.00572783 -1.78076
-0.032 -1.01595 -1.66065
-0.03 -1.85752 -1.47748
-0.028 -2.42514 -1.22119
-0.026 -2.62568 -0.892695
-0.024 -2.38822 -0.505311
-0.022 -1.67227 -0.0838067
-0.02 -0.473163 0.339282
-0.018 1.17563 0.729502
-0.016 3.20352 1.05726
-0.014 5.50675 1.3038
-0.012 7.95495 1.46477
-0.01 10.3997 1.55037
-0.008 12.6849 1.58203
-0.006 14.6576 1.58673
-0.004 16.181 1.59043
-0.002 17.1459 1.61228
0 17.4815 1.66069
0.002 17.1625 1.73174
0.004 16.2137 1.80996
0.006 14.7057 1.87101
0.008 12.7489 1.8862
0.01 10.4816 1.82806
0.012 8.05817 1.67636
0.014 5.6356 1.42333
0.016 3.36241 1.07669
0.018 1.36851 0.659494
0.02 -0.243248 0.206409
0.022 -1.40378 -0.242858
0.024 -2.08235 -0.65125
0.026 -2.28804 -0.991227
0.028 -2.06735 -1.24918
0.03 -1.49753 -1.42663
0.032 -0.676356 -1.53828
0.034 0.289935 -1.60766
0.036 1.29822 -1.66147
0.038 2.25772 -1.72373
0.04 3.09576 -1.81061
0.042 3.76042 -1.9267
0.044 4.22041 -2.06337
0.046 4.46322 -2.19978
0.048 4.49186 -2.30676
0.05 4.32065 -2.35301
0.052 3.9704 -2.31216
0.054 3.46387 -2.16898
0.056 2.82244 -1.92318
0.058 2.06477 -1.58988
0.06 1.2079 -1.19696
0.062 0.270162 -0.779935
0.064 -0.725279 -0.375676
0.066 -1.74765 -0.0163028
0.068 -2.75756 0.275769
0.07 -3.70811 0.490988
0.072 -4.54791 0.63374
0.074 -5.22552 0.721118
0.076 -5.69492 0.779291
0.078 -5.92125 0.837828
0.08 -5.88622 0.923059
0.082 -5.59219 1.05204
0.084 -5.06384 1.22875
0.086 -4.34679 1.44336
0.088 -3.5027 1.67478
0.09 -2.60166 1.89552
0.092 -1.71304 2.07757
0.094 -0.896614 2.1979
0.096 -0.195654 2.24256
0.098 0.367036 2.20882
0.1 0.789696 2.1053
0.102 1.08903 1.95042
0.104 1.29507 1.76917
0.106 1.44443 1.58857
0.108 1.57283 1.43264
0.11 1.70807 1.3177
0.112 1.86462 1.24945
0.114 2.04068 1.22243
0.116 2.2187 1.22217
0.118 2.3692 1.22927
0.12 2.45743 1.22432
0.122 2.45121 1.19225
0.124 2.32842 1.1254
0.126 2.08255 1.02459
0.128 1.72522 0.898603
0.13 1.28522 0.762201
0.132 0.804414 0.633311
0.134 0.331326 0.529561
0.136 -0.0862697 0.46467
0.138 -0.408317 0.44529
0.14 -0.607844 0.469148
0.142 -0.674009 0.525179
0.144 -0.612514 0.595838
0.146 -0.443428 0.661001
0.148 -0.196781 0.702374
0.15 0.0932686 0.707187
0.152 0.394504 0.670345
0.154 0.681577 0.594735
0.156 0.938636 0.489966
0.158 1.15911 0.370108
0.16 1.34292 0.251064
0.162 1.49202 0.148026
0.164 1.60593 0.0732124
0.166 1.67832 0.0340165
0.168 1.69587 0.031818
0.17 1.63952 0.0618249
0.172 1.48786 0.114251
0.174 1.22216 0.176694
0.176 0.832043 0.237056
0.178 0.321042 0.286032
0.18 -0.289377 0.318392
0.182 -0.9585 0.332809
0.184 -1.62879 0.330635
0.186 -2.23216 0.314325
0.188 -2.6994 0.286182
0.19 -2.97082 0.247757
0.192 -3.00653 0.199857
0.194 -2.79408 0.142917
0.196 -2.35236 0.0774852
0.198 -1.73084 0.00469349
0.2 -1.00411 -0.0732787
0.202 -0.262269 -0.152751
0.204 0.401435 -0.228218
0.206 0.903832 -0.29243
0.208 1.18377 -0.337176
0.21 1.2106 -0.354852
0.212 0.98768 -0.340556
0.214 0.54999 -0.294094
0.216 -0.043482 -0.221194
0.218 -0.721114 -0.133394
0.22 -1.41131 -0.0465172
0.222 -2.05399 0.0219138
0.224 -2.60888 0.0556813
0.226 -3.05955 0.0426156
0.228 -3.41274 -0.0234027
0.23 -3.69328 -0.141372
0.232 -3.93547 -0.303011
0.234 -4.17243 -0.493432
0.236 -4.42549 -0.692609
0.238 -4.69609 -0.877634
0.24 -4.962 -1.02565
0.242 -5.17915 -1.11712
0.244 -5.28856 -1.13896
0.246 -5.22715 -1.08672
0.248 -4.93999 -0.9655
0.25 -4.39167 -0.789138
0.252 -3.57481 -0.578035
0.254 -2.51449 -0.356092
0.256 -1.26792 -0.147402
0.258 0.0808207 0.0267931
0.26 1.43043 0.150613
0.262 2.67535 0.215385
0.264 3.7198 0.220751
0.266 4.49037 0.174867
0.268 4.94461 0.0934615
0.27 5.07431 -0.00238897
0.272 4.9031 -0.0895809
0.274 4.47958 -0.146861
0.276 3.86788 -0.158422
0.278 3.13752 -0.116421
0.28 2.35438 -0.0219812
0.282 1.57373 0.115287
0.284 0.836081 0.278878
0.286 0.166236 0.447692
0.288 -0.424283 0.598815
0.29 -0.931922 0.710631
0.292 -1.35423 0.766095
0.294 -1.68366 0.755721
0.296 -1.90421 0.679653
0.298 -1.99233 0.548189
0.3 -1.92172 0.380371
0.302 -1.67057 0.200757
0.304 -1.22886 0.0349549
0.306 -0.603883 -0.0950778
0.308 0.176943 -0.174941
0.31 1.06629 -0.200109
0.312 1.99999 -0.176361
0.314 2.90282 -0.118449
0.316 3.6968 -0.0473365
0.318 4.31138 0.0136309
0.32 4.69439 0.0432095
0.322 4.82137 0.026847
0.324 4.70099 -0.0394443
0.326 4.37452 -0.146929
0.328 3.90903 -0.274565
0.33 3.38579 -0.392341
0.332 2.88669 -0.467067
0.334 2.48154 -0.469423
0.336 2.21841 -0.380638
0.338 2.11769 -0.197219
0.34 2.17012 0.0673041
0.342 2.3387 0.383897
0.344 2.56464 0.712414
0.346 2.77707 1.00801
0.348 2.9056 1.22864
0.35 2.89354 1.34248
0.352 2.70898 1.33433
0.354 2.35101 1.20948
0.356 1.84964 0.994226
0.358 1.25962 0.732271
0.36 0.650054 0.477368
0.362 0.0924705 0.283456
0.364 -0.350283 0.194227
0.366 -0.632836 0.234326
0.368 -0.733273 0.404033
0.37 -0.656052 0.678548
0.372 -0.431531 1.01196
0.374 -0.111542 1.34509
0.376 0.239127 1.61577
0.378 0.55444 1.76965
0.38 0.779831 1.76991
0.382 0.88301 1.60404
0.384 0.860214 1.28657
0.386 0.736512 0.857027
0.388 0.560427 0.37333
0.39 0.394508 -0.0982724
0.392 0.304014 -0.494902
0.394 0.345671 -0.768071
0.396 0.557878 -0.891918
0.398 0.953258 -0.867093
0.4 1.51437 -0.719609
0.402 2.19341 -0.495013
0.404 2.91645 -0.249116
0.406 3.59229 -0.0371693
0.408 4.12452 0.0964616
0.41 4.42503 0.126204
0.412 4.42644 0.0493946
0.414 4.09144 -0.11408
0.416 3.41795 -0.326464
0.418 2.4396 -0.540162
0.42 1.22201 -0.707445
0.422 -0.144234 -0.789889
0.424 -1.55308 -0.765678
0.426 -2.8937 -0.633454
0.428 -4.06132 -0.412087
0.43 -4.9671 -0.136513
0.432 -5.54577 0.149472
0.434 -5.76028 0.402001
0.436 -5.60305 0.585699
0.438 -5.0942 0.68034
0.44 -4.27757 0.684292
0.442 -3.21547 0.614187
0.444 -1.98289 0.500991
0.446 -0.661827 0.383332
0.448 0.664141 0.299465
0.45 1.91487 0.279539
0.452 3.01809 0.339733
0.454 3.91322 0.479407
0.456 4.55439 0.681704
0.458 4.91273 0.917292
0.46 4.97784 1.15032
0.462 4.75862 1.34534
0.464 4.28306 1.47377
0.466 3.59703 1.51881
0.468 2.76157 1.4779
0.47 1.84884 1.36234
0.472 0.9367 1.19439
0.474 0.102394 1.0025
0.476 -0.584199 0.815678
0.478 -1.06714 0.658126
0.48 -1.31004 0.54534
0.482 -1.29974 0.482345
0.484 -1.04747 0.46435
0.486 -0.586967 0.479369
0.488 0.0302311 0.511942
0.49 0.741394 0.546968
0.492 1.48013 0.572748
0.494 2.18348 0.582708
0.496 2.79775 0.575574
0.498 3.28251 0.55417
0.5 3.61264 0.523324
0.502 3.77854 0.487525
0.504 3.78449 0.449005
0.506 3.64535 0.406717
0.508 3.38224 0.356486
0.51 3.01788 0.292403
0.512 2.57313 0.209195
0.514 2.06535 0.104991
0.516 1.50922 -0.0164143
0.518 0.919301 -0.144657
0.52 0.313355 -0.263807
0.522 -0.285126 -0.355212
0.524 -0.846061 -0.401574
0.526 -1.33415 -0.391249
0.528 -1.71228 -0.321694
0.53 -1.9464 -0.201171
0.532 -2.01122 -0.0482604
0.534 -1.89571 0.110805
0.536 -1.60762 0.246485
0.538 -1.17571 0.331193
0.54 -0.649155 0.344574
0.542 -0.0932027 0.277865
0.544 0.41841 0.136472
0.546 0.813661 -0.0599435
0.548 1.03336 -0.280179
0.55 1.04119 -0.486766
0.552 0.83067 -0.642903
0.554 0.427609 -0.719639
0.556 -0.112505 -0.70175
0.558 -0.711787 -0.591027
0.56 -1.28077 -0.406274
0.562 -1.73114 -0.180041
0.564 -1.98864 0.0472996
0.566 -2.00419 0.235015
0.568 -1.76171 0.349685
0.57 -1.28113 0.371684
0.572 -0.615921 0.299278
0.574 0.154863 0.149511
0.576 0.939012 -0.0444146
0.578 1.64596 -0.238975
0.58 2.20132 -0.388397
0.582 2.55844 -0.453462
0.584 2.70495 -0.409226
0.586 2.66319 -0.250074
0.588 2.48492 0.00891758
0.59 2.24122 0.334499
0.592 2.00948 0.681127
0.594 1.85956 0.999104
0.596 1.84115 1.2435
0.598 1.97439 1.38224
0.6 2.2452 1.40175
0.602 2.60639 1.30938
0.604 2.98455 1.13192
0.606 3.29195 0.910736
0.608 3.4414 0.694389
0.61 3.36165 0.529875
0.612 3.01036 0.454173
0.614 2.38265 0.487559
0.616 1.51364 0.629945
0.618 0.475051 0.860868
0.62 -0.633552 1.14311
0.622 -1.69733 1.42924
0.624 -2.60089 1.66995
0.626 -3.24326 1.82248
0.628 -3.55129 1.85779
0.63 -3.48951 1.76495
0.632 -3.06512 1.55238
0.634 -2.32695 1.24575
0.636 -1.35867 0.883377
0.638 -0.26714 0.509693
0.64 0.83191 0.168176
0.642 1.82861 -0.105396
0.644 2.63174 -0.28823
0.646 3.178 -0.373543
0.648 3.43679 -0.370839
0.65 3.41047 -0.30337
0.652 3.13065 -0.203257
0.654 2.65114 -0.105198
0.656 2.03889 -0.0400985
0.658 1.36402 -0.0298825
0.66 0.690428 -0.0843859
0.662 0.0682903 -0.200593
0.664 -0.470434 -0.363992
0.666 -0.913037 -0.551563
0.668 -1.26377 -0.735819
0.67 -1.53898 -0.889318
0.672 -1.76078 -0.989013
0.674 -1.95062 -1.01982
0.676 -2.12378 -0.976856
0.678 -2.28592 -0.865877
0.68 -2.43206 -0.701925
0.682 -2.54797 -0.506322
0.684 -2.61349 -0.302751
0.686 -2.60702 -0.113299
0.688 -2.51031 0.0447567
0.69 -2.3127 0.160938
0.692 -2.01431 0.232301
0.694 -1.62754 0.263072
0.696 -1.17674 0.263359
0.698 -0.695625 0.24711
0.7 -0.222992 0.229498
0.702 0.203018 0.224099
0.704 0.550862 0.240317
0.706 0.80058 0.281579
0.708 0.946716 0.344679
0.71 0.99858 0.420399
0.712 0.977991 0.495244
0.714 0.915129 0.55387
0.716 0.843384 0.581718
0.718 0.794008 0.5674
0.72 0.791244 0.504551
0.722 0.848523 0.392994
0.724 0.966252 0.239114
0.726 1.13166 0.0553512
0.728 1.3209 -0.14121
0.73 1.50309 -0.331057
0.732 1.64571 -0.494928
0.734 1.72023 -0.616497
0.736 1.70685 -0.684601
0.738 1.59764 -0.694668
0.74 1.39757 -0.649183
0.742 1.12361 -0.557185
0.744 0.802219 -0.432874
0.746 0.465773 -0.293505
0.748 0.148313 -0.156832
0.75 -0.118844 -0.0384626
0.752 -0.311104 0.0504765
0.754 -0.413598 0.104951
0.756 -0.422651 0.126607
0.758 -0.345493 0.123232
0.76 -0.198397 0.107228
0.762 -0.00384818 0.0934459
0.764 0.21253 0.0967718
0.766 0.424717 0.129832
0.768 0.608586 0.201066
0.77 0.743892 0.313377
0.772 0.816155 0.463509
0.774 0.818328 0.642258
0.776 0.751851 0.835511
0.778 0.626635 1.02601
0.78 0.459751 1.19556
0.782 0.273064 1.32746
0.784 0.0903554 1.40865
0.786 -0.0654076 1.43134
0.788 -0.17426 1.39399
0.79 -0.220849 1.30136
0.792 -0.195741 1.16393
0.794 -0.0966784 0.996461
0.796 0.0702846 0.816055
0.798 0.290281 0.63975
0.8 0.540394 0.48216
0.802 0.792031 0.353527
0.804 1.0146 0.258557
0.806 1.17969 0.196225
0.808 1.2647 0.160485
0.81 1.25533 0.141682
0.812 1.14675 0.128376
0.814 0.943676 0.109322
0.816 0.659633 0.0753769
0.818 0.315693 0.0211379
0.82 -0.0615521 -0.0539252
0.822 -0.442751 -0.14511
0.824 -0.799163 -0.243086
0.826 -1.10604 -0.335486
0.828 -1.3452 -0.409228
0.83 -1.50611 -0.453098
0.832 -1.58532 -0.460002
0.834 -1.58478 -0.428407
0.836 -1.50983 -0.362726
0.838 -1.36783 -0.272634
0.84 -1.16743 -0.17147
0.842 -0.918643 -0.0739831
0.844 -0.632989 0.00624716
0.846 -0.323512 0.0592859
0.848 -0.00455605 0.0807472
0.85 0.308581 0.0727082
0.852 0.600015 0.0433923
0.854 0.853787 0.00562209
0.856 1.05477 -0.0257167
0.858 1.19018 -0.0367485
0.86 1.25167 -0.0176148
0.862 1.2374 0.0352163
0.864 1.15357 0.117837
0.866 1.0144 0.219228
0.868 0.840534 0.323008
0.87 0.655827 0.410314
0.872 0.483343 0.463373
0.874 0.341498 0.469093
0.876 0.24115 0.421945
0.878 0.184091 0.32544
0.88 0.163068 0.191847
0.882 0.163246 0.040171
0.884 0.165016 -0.107159
0.886 0.147993 -0.228233
0.888 0.0958318 -0.305481
0.89 0.00109779 -0.328674
0.892 -0.130973 -0.296604
0.894 -0.281022 -0.217155
0.896 -0.417219 -0.105808
0.898 -0.499986 0.0171695
0.9 -0.488919 0.130383
0.902 -0.350504 0.215204
0.904 -0.0651243 0.25917
0.906 0.367855 0.258191
0.908 0.927684 0.217056
0.91 1.57285 0.148115
0.912 2.2447 0.0684608
0.914 2.8739 -0.00375568
0.916 3.38893 -0.0530699
0.918 3.7259 -0.0697236
0.92 3.83801 -0.0513674
0.922 3.7032 -0.00315614
0.924 3.32852 0.0636787
0.926 2.75014 0.134385
0.928 2.02911 0.193801
0.93 1.24361 0.229411
0.932 0.478989 0.233784
0.934 -0.182599 0.205946
0.936 -0.671813 0.151415
0.938 -0.939707 0.080884
0.94 -0.962616 0.00779257
0.942 -0.743894 -0.0547056
0.944 -0.312426 -0.0967193
0.946 0.281799 -0.113846
0.948 0.974377 -0.108085
0.95 1.69441 -0.0871987
0.952 2.37241 -0.0626703
0.954 2.947 -0.0468246
0.956 3.36966 -0.0498396
0.958 3.60723 -0.0773604
0.96 3.64264 -0.129198
0.962 3.47432 -0.199303
0.964 3.11474 -0.276933
0.966 2.5887 -0.348765
0.968 1.93131 -0.401544
0.97 1.18585 -0.42479
0.972 0.40151 -0.413046
0.974 -0.369065 -0.367167
0.976 -1.07246 -0.294292
0.978 -1.65743 -0.20641
0.98 -2.07817 -0.117788
0.982 -2.29779 -0.0418597
0.984 -2.29205 0.0116163
0.986 -2.05283 0.0384459
0.988 -1.59083 0.0405243
0.99 -0.936659 0.0250119
0.992 -0.139744 0.00247583
0.994 0.735143 -0.0155455
0.996 1.61353 -0.0190918
0.998 2.41834 -0.0020238
1 3.07744 0.0364379
1.002 3.53095 0.0912378
1.004 3.73716 0.152304
1.006 3.6768 0.206622
1.008 3.35489 0.241182
1.01 2.80006 0.246084
1.012 2.06121 0.217023
1.014 1.20188 0.156469
1.016 0.293157 0.0732929
1.018 -0.593847 -0.019059
1.02 -1.39477 -0.105346
1.022 -2.05725 -0.171636
1.024 -2.54409 -0.208108
1.026 -2.83448 -0.211053
1.028 -2.92347 -0.183748
1.03 -2.82025 -0.136014
1.032 -2.54555 -0.082443
1.034 -2.12882 -0.0394911
1.036 -1.60521 -0.0219547
1.038 -1.01299 -0.0395919
1.04 -0.391426 -0.094741
1.042 0.220707 -0.181569
1.044 0.786141 -0.287139
1.046 1.26998 -0.393991
1.048 1.64083 -0.483599
1.05 1.87241 -0.53991
1.052 1.94571 -0.552333
1.054 1.85141 -0.517637
1.056 1.5921 -0.440508
1.058 1.18373 -0.332665
1.06 0.655846 -0.210662
1.062 0.0502553 -0.0927465
1.064 -0.581947 0.00465773
1.066 -1.18484 0.0701141
1.068 -1.70308 0.0992622
1.07 -2.08763 0.095329
1.072 -2.30096 0.0679602
1.074 -2.32112 0.0307096
1.076 -2.14404 -0.00215883
1.078 -1.78396 -0.0188099
1.08 -1.27183 -0.0122822
1.082 -0.652101 0.0181839
1.084 0.0218921 0.0671217
1.086 0.693475 0.124091
1.088 1.30843 0.17598
1.09 1.82041 0.209931
1.092 2.1951 0.216312
1.094 2.41274 0.19107
1.096 2.4685 0.13689
1.098 2.37115 0.0628314
1.1 2.14045 -0.017515
1.102 1.80404 -0.0889335
1.104 1.39429 -0.137874
1.106 0.945577 -0.155394
1.108 0.491833 -0.139118
1.11 0.0642541 -0.0938276
1.112 -0.310789 -0.0305894
1.114 -0.613447 0.0353941
1.116 -0.831385 0.0877852
1.118 -0.959916 0.11241
1.12 -1.0014 0.100236
1.122 -0.964261 0.0494373
1.124 -0.862001 -0.0339418
1.126 -0.712314 -0.136909
1.128 -0.536088 -0.241891
1.13 -0.355855 -0.33004
1.132 -0.193396 -0.384777
1.134 -0.0666624 -0.394881
1.136 0.0133019 -0.356534
1.138 0.0445196 -0.274007
1.14 0.0346054 -0.158847
1.142 -0.000553785 -0.0277591
1.144 -0.0396386 0.100445
1.146 -0.0596259 0.208219
1.148 -0.0397465 0.282349
1.15 0.0348406 0.316117
1.152 0.170027 0.310197
1.154 0.360695 0.272114
1.156 0.589978 0.214428
1.158 0.830211 0.152032
1.16 1.04585 0.0991464
1.162 1.1983 0.0665903
1.164 1.25206 0.059849
1.166 1.18111 0.0782241
1.168 0.974197 0.115178
1.17 0.637911 0.159782
1.172 0.196876 0.199026
1.174 -0.308982 0.220559
1.176 -0.829556 0.215343
1.178 -1.31125 0.179636
1.18 -1.70428 0.115864
1.182 -1.9695 0.0321836
1.184 -2.08396 -0.0591533
1.186 -2.0442 -0.144232
1.188 -1.86677 -0.210158
1.19 -1.58569 -0.247441
1.192 -1.24722 -0.251647
1.194 -0.902531 -0.224068
1.196 -0.599729 -0.171374
1.198 -0.37656 -0.104296
1.2 -0.25508 -0.0355641
1.202 -0.239122 0.0225615
1.204 -0.31481 0.0607185
1.206 -0.453868 0.0743134
1.208 -0.61906 0.0644332
1.21 -0.770873 0.0375967
1.212 -0.874335 0.00441561
1.214 -0.904832 -0.0225275
1.216 -0.851938 -0.0311257
1.218 -0.720586 -0.0120365
1.22 -0.529488 0.0395787
1.222 -0.307172 0.123109
1.224 -0.0865132 0.232446
1.226 0.101189 0.356843
1.228 0.231487 0.482558
1.23 0.29055 0.595063
1.232 0.276855 0.681429
1.234 0.200633 0.732425
1.236 0.0812655 0.743927
1.238 -0.0568642 0.717353
1.24 -0.189256 0.659099
1.242 -0.295975 0.579146
1.244 -0.36518 0.489177
1.246 -0.394792 0.400594
1.248 -0.392004 0.322751
1.25 -0.370841 0.261644
1.252 -0.348349 0.219177
1.254 -0.340304 0.193095
1.256 -0.357326 0.177653
1.258 -0.402194 0.164929
1.26 -0.468846 0.146591
1.262 -0.543225 0.115721
1.264 -0.605769 0.0682857
1.266 -0.635055 0.00391926
1.268 -0.611937 -0.0741334
1.27 -0.523459 -0.159826
1.272 -0.365813 -0.245611
1.274 -0.145784 -0.323887
1.276 0.119612 -0.388278
1.278 0.405262 -0.434568
1.28 0.681465 -0.461179
1.282 0.918144 -0.46919
1.284 1.08906 -0.461904
1.286 1.17538 -0.444017
1.288 1.16806 -0.420534
1.29 1.06886 -0.395662
1.292 0.889796 -0.37191
1.294 0.651191 -0.349637
1.296 0.378743 -0.327153
1.298 0.100061 -0.301363
1.3 -0.158713 -0.268756
1.302 -0.375691 -0.226491
1.304 -0.53509 -0.173278
1.306 -0.628013 -0.109873
1.308 -0.652289 -0.039106
1.31 -0.611602 0.0345038
1.312 -0.514212 0.105449
1.314 -0.371553 0.168095
1.316 -0.196871 0.217552
1.318 -0.00407627 0.250435
1.32 0.193127 0.265402
1.322 0.381804 0.263379
1.324 0.550124 0.247411
1.326 0.68758 0.222112
1.328 0.785248 0.19278
1.33 0.836158 0.164394
1.332 0.83583 0.140703
1.334 0.782904 0.123666
1.336 0.67973 0.113321
1.338 0.532699 0.108106
1.34 0.352127 0.105497
1.342 0.151569 0.102783
1.344 -0.0534016 0.0977774
1.346 -0.246781 0.0893097
1.348 -0.413839 0.0774157
1.35 -0.542665 0.0632359
1.352 -0.625333 0.0486708
1.354 -0.658519 0.0358708
1.356 -0.643497 0.026661
1.358 -0.585538 0.0220291
1.36 -0.492852 0.0218167
1.362 -0.375247 0.0247283
1.364 -0.24271 0.0286917
1.366 -0.104123 0.0315016
1.368 0.0336852 0.0315793
1.37 0.166378 0.0286239
1.372 0.291941 0.023945
1.374 0.409973 0.0203527
1.376 0.520635 0.0216087
1.378 0.623578 0.031565
1.38 0.717176 0.0531897
1.382 0.798271 0.0876921
1.384 0.862498 0.13393
1.386 0.90506 0.188226
1.388 0.921725 0.244653
1.39 0.909815 0.295798
1.392 0.868965 0.333921
1.394 0.801558 0.352331
1.396 0.712776 0.346738
1.398 0.610241 0.316272
1.4 0.503257 0.263901
1.402 0.401693 0.196117
1.404 0.314678 0.12191
1.406 0.24934 0.0512495
1.408 0.209856 -0.00662705
1.41 0.197008 -0.0447783
1.412 0.208311 -0.0597079
1.414 0.238632 -0.0519165
1.416 0.281108 -0.0257833
1.418 0.328167 0.0112084
1.42 0.372459 0.0498026
1.422 0.407595 0.0806699
1.424 0.428639 0.0961867
1.426 0.432352 0.0919429
1.428 0.417196 0.0676319
1.43 0.38316 0.0271009
1.432 0.331492 -0.022462
1.434 0.264456 -0.0720117
1.436 0.185201 -0.112458
1.438 0.09775 -0.136412
1.44 0.00706835 -0.139537
1.442 -0.0809191 -0.121268
1.444 -0.159466 -0.0848296
1.446 -0.221384 -0.0365797
1.448 -0.259682 0.0151925
1.45 -0.26842 0.0618254
1.452 -0.24366 0.0959375
1.454 -0.184387 0.112855
1.456 -0.0932176 0.111499
1.458 0.0232455 0.0944946
1.46 0.154593 0.0674791
1.462 0.287411 0.0377613
1.464 0.406719 0.0126871
1.466 0.49792 -0.00190786
1.468 0.548931 -0.00282737
1.47 0.552097 0.00995955
1.472 0.505495 0.0334374
1.474 0.413365 0.062225
1.476 0.285634 0.0896684
1.478 0.136626 0.109161
1.48 -0.0168107 0.115487
1.482 -0.15749 0.105944
1.484 -0.27011 0.0810201
1.486 -0.343223 0.0444178
1.488 -0.370672 0.00238231
1.49 -0.352239 -0.0375462
1.492 -0.293384 -0.068063
1.494 -0.20405 -0.083547
1.496 -0.0967513 -0.0811028
1.498 0.0156677 -0.061
1.5 0.122135 -0.026483
1.502 0.214875 0.0169457
1.504 0.290101 0.062589
1.506 0.347837 0.103763
1.508 0.391014 0.134954
1.51 0.424105 0.152744
1.512 0.45158 0.156341
1.514 0.476497 0.147609
1.516 0.49946 0.130567
1.518 0.518176 0.11046
1.52 0.527711 0.0926016
1.522 0.521429 0.0812717
1.524 0.492462 0.0789103
1.526 0.435406 0.085783
1.528 0.347903 0.100133
1.53 0.23176 0.118719
1.532 0.093368 0.137576
1.534 -0.0566933 0.15281
1.536 -0.204837 0.161314
1.538 -0.336269 0.161266
1.54 -0.43711 0.152365
1.542 -0.49648 0.135755
1.544 -0.508181 0.113664
1.546 -0.471687 0.0888295
1.548 -0.39226 0.063857
1.55 -0.280183 0.040662
1.552 -0.149224 0.0201422
1.554 -0.0146124 0.00214604
1.556 0.109098 -0.014278
1.558 0.209904 -0.0304429
1.56 0.279693 -0.0475273
1.562 0.314868 -0.0661468
1.564 0.316257 -0.0860846
1.566 0.288379 -0.106227
1.568 0.238235 -0.124706
1.57 0.173864 -0.139231
1.572 0.102915 -0.147537
1.574 0.0315049 -0.147889
1.576 -0.0364332 -0.13952
1.578 -0.0992223 -0.122894
1.58 -0.156969 -0.0997295
1.582 -0.210705 -0.0727291
1.584 -0.261398 -0.0451048
1.586 -0.309074 -0.0199907
1.588 -0.352277 0.000104752
1.59 -0.387988 0.0136938
1.592 -0.412007 0.020483
1.594 -0.419751 0.0213144
1.596 -0.407301 0.0179092
1.598 -0.372495 0.0124774
1.6 -0.315851 0.00727101
1.602 -0.241084 0.00415846
1.604 -0.155061 0.00429197
1.606 -0.0671552 0.00792771
1.608 0.0119635 0.0144356
1.61 0.0718801 0.0224955
1.612 0.104073 0.0304292
1.614 0.103335 0.036582
1.616 0.0687322 0.0396588
1.618 0.00394387 0.0389411
1.62 -0.0830595 0.0343548
1.622 -0.180972 0.0263988
1.624 -0.276619 0.015978
1.626 -0.356768 0.00419041
1.628 -0.41001 -0.00788395
1.63 -0.42845 -0.0193554
1.632 -0.40888 -0.0296323
1.634 -0.353217 -0.0384462
1.636 -0.268129 -0.0457899
1.638 -0.163916 -0.0517854
1.64 -0.0528914 -0.0565209
1.642 0.052427 -0.0599091
1.644 0.141025 -0.0616169
1.646 0.204756 -0.0610948
1.648 0.239236 -0.0576996
1.65 0.244189 -0.0508777
1.652 0.223273 -0.0403543
1.654 0.183386 -0.0262752
1.656 0.13355 -0.00925943
1.658 0.0835023 0.00964718
1.66 0.0422026 0.0291042
1.662 0.0165353 0.047662
1.664 0.0104205 0.0639684
1.666 0.0244805 0.0769642
1.668 0.0562628 0.0860386
1.67 0.100907 0.0911096
1.672 0.15208 0.092605
1.674 0.203002 0.0913408
1.676 0.247395 0.0883232
1.678 0.280267 0.0845209
1.68 0.298436 0.0806649
1.682 0.300782 0.0771216
1.684 0.288195 0.0738632
1.686 0.263237 0.0705381
1.688 0.229588 0.0666145
1.69 0.191368 0.0615581
1.692 0.152494 0.0549987
1.694 0.116166 0.0468476
1.696 0.084581 0.0373454
1.698 0.0588558 0.0270289
1.7 0.0391267 0.0166231
1.702 0.0247584 0.00688306
1.704 0.0146032 -0.00157897
1.706 0.007274 -0.00843216
1.708 0.00140496 -0.0136946
1.71 -0.00412124 -0.0177097
1.712 -0.0100104 -0.0210388
1.714 -0.0164866 -0.0242951
1.716 -0.0233297 -0.0279611
1.718 -0.0300007 -0.0322326
1.72 -0.0358109 -0.0369269
1.722 -0.0400775 -0.0414792
1.724 -0.0422271 -0.0450276
1.726 -0.0418404 -0.0465735
1.728 -0.0386567 -0.0451886
1.73 -0.0325685 -0.0402308
1.732 -0.0236318 -0.0315241
1.734 -0.0120942 -0.019463
1.736 0.00157362 -0.00501137
1.738 0.0166674 0.0104102
1.74 0.0322776 0.0251327
1.742 0.047352 0.0375072
1.744 0.0607753 0.0461827
1.746 0.0714471 0.050338
1.748 0.0783556 0.0498194
1.75 0.080655 0.0451561
1.752 0.0777565 0.03745
1.754 0.0694297 0.028164
1.756 0.0558954 0.0188492
1.758 0.0378846 0.0108663
1.76 0.0166383 0.00515324
1.762 -0.00616535 0.00208276
1.764 -0.0285537 0.00143368
1.766 -0.0484557 0.00247456
1.768 -0.0639217 0.00413937
1.77 -0.0733371 0.00525832
1.772 -0.075604 0.00479979
1.774 -0.0702718 0.00207825
1.776 -0.0576035 -0.00311048
1.778 -0.0385656 -0.0104517
1.78 -0.0147388 -0.019178
1.782 0.011846 -0.028224
1.784 0.038922 -0.0364355
1.786 0.0642208 -0.0427891
1.788 0.0856941 -0.0465783
1.79 0.101698 -0.047528
1.792 0.111127 -0.0458194
1.794 0.113478 -0.0420241
1.796 0.108867 -0.0369682
1.798 0.0979668 -0.0315597
1.8 0.0819019 -0.0266142
1.802 0.0621045 -0.0227116
1.804 0.0401465 -0.0201078
1.806 0.0175767 -0.0187142
1.808 -0.0042181 -0.018146
1.81 -0.02411 -0.0178295
1.812 -0.0412789 -0.0171436
1.814 -0.0552159 -0.0155646
1.816 -0.0656927 -0.0127852
1.818 -0.072708 -0.00878309
1.82 -0.0764217 -0.00382892
1.822 -0.0770843 0.00156595
1.824 -0.0749712 0.00674766
1.826 -0.0703325 0.0110429
1.828 -0.0633692 0.0138824
1.83 -0.054243 0.0149035
1.832 -0.0431172 0.0140139
1.834 -0.0302159 0.0114091
1.836 -0.0158848 0.00753836
1.838 -0.000630303 0.00302734
1.84 0.0148732 -0.00143103
1.842 0.0298144 -0.00519474
1.844 0.0433073 -0.00777724
1.846 0.0544758 -0.00891724
1.848 0.0625494 -0.00860194
1.85 0.0669587 -0.00704363
1.852 0.0674199 -0.00461984
1.854 0.0639929 -0.00179321
1.856 0.0571008 0.000972012
1.858 0.0475018 0.00328341
1.86 0.0362092 0.0048743
1.862 0.0243717 0.00563253
1.864 0.0131282 0.00560203
1.866 0.00346316 0.00495825
1.868 -0.0039157 0.00396315
1.87 -0.00865521 0.00290827
1.872 -0.0107808 0.00205775
1.874 -0.0106637 0.00160253
1.876 -0.00893878 0.0016345
1.878 -0.00638721 0.00214369
1.88 -0.00380269 0.00303527
1.882 -0.00186245 0.0041586
1.884 -0.00102312 0.00533982
1.886 -0.0014579 0.00641129
1.888 -0.00304438 0.00723454
1.89 -0.00540351 0.00771556
1.892 -0.00798087 0.00781208
1.894 -0.0101542 0.00753273
1.896 -0.011348 0.00692849
1.898 -0.0111354 0.00607815
1.9 -0.00931187 0.00507092
1.902 -0.00592999 0.00398997
1.904 -0.00128958 0.00290088
1.906 0.004112 0.00184725
1.908 0.00966027 0.000853389
1.91 0.0147191 -6.84036e-05
1.912 0.0187245 -0.000909856
1.914 0.0212619 -0.00166088
1.916 0.0221145 -0.00230729
1.918 0.0212781 -0.00283179
1.92 0.0189423 -0.00321699
1.922 0.0154456 -0.00344905
1.924 0.0112135 -0.00352118
1.926 0.00669194 -0.00343614
1.928 0.00228765 -0.00320775
1.93 -0.00167838 -0.00286096
1.932 -0.00499734 -0.00243029
1.934 -0.00757808 -0.00195628
1.936 -0.00943315 -0.00148046
1.938 -0.0106506 -0.00103968
1.94 -0.011359 -0.000661201
1.942 -0.0116931 -0.000359819
1.944 -0.0117672 -0.000137446
1.946 -0.011659 1.49009e-05
1.948 -0.0114061 0.000113419
1.95 -0.0110127 0.000177079
1.952 -0.0104638 0.000223413
1.954 -0.00974171 0.000265327
1.956 -0.00884037 0.000309432
1.958 -0.00777535 0.000356014
1.96 -0.00658667 0.000400415
1.962 -0.00533525 0.000435312
1.964 -0.00409431 0.000453262
1.966 -0.00293803 0.000448892
1.968 -0.00193017 0.000420305
1.97 -0.00111508 0.000369533
1.972 -0.000512609 0.000302082
1.974 -0.000117625 0.000225774
1.976 9.61872e-05 0.000149171
1.978 0.000169511 7.99684e-05
1.98 0.000149167 2.37211e-05
1.982 8.02301e-05 -1.67943e-05
1.984 -9.33686e-08 -4.15064e-05
1.986 -6.60467e-05 -5.24067e-05
1.988 -0.000104225 -5.26409e-05
1.99 -0.000112235 -4.56583e-05
1.992 -9.5857e-05 -3.4653e-05
1.994 -6.55626e-05 -2.2363e-05
1.996 -3.31362e-05 -1.11329e-05
1.998 -8.9318e-06 -3.05424e-06
0.5 2.24537 0.78068
1 1.94516 0.679472
1.5 1.52493 0.539288
2 1.07345 0.390836
2.5 0.667607 0.258773
3 0.352458 0.153913
3.5 0.138076 0.0724853
4 0.0110228 0.00227935
4.5 -0.0485572 -0.0677547
5 -0.054558 -0.13946
5.5 -0.0130486 -0.203037
6 0.0704502 -0.241368
6.5 0.181389 -0.238785
7 0.292053 -0.189813
7.5 0.366946 -0.10349
8 0.376115 -0.00114754
8.5 0.310298 0.0912064
9 0.190599 0.152283
9.5 0.0674439 0.172474
10 0.00772776 0.155671
10.5 0.0733406 0.115864
11 0.297618 0.0707419
11.5 0.667815 0.0354033
12 1.12105 0.018544
12.5 1.55775 0.0217764
13 1.87093 0.0411924
13.5 1.98253 0.0696578
14 1.87357 0.098715
14.5 1.5946 0.119838
15 1.24993 0.125417
15.5 0.959788 0.109872
16 0.815388 0.0708908
16.5 0.846089 0.0103465
17 1.0131 -0.0655989
17.5 1.23204 -0.14738
18 1.41285 -0.223718
18.5 1.49773 -0.283741
19 1.4795 -0.319267
19.5 1.39368 -0.326986
20 1.29125 -0.310121
20.5 1.20836 -0.278764
21 1.14907 -0.248026
21.5 1.08907 -0.233748
22 0.99577 -0.246832
22.5 0.851856 -0.288519
23 0.668374 -0.349195
23.5 0.480507 -0.412027
24 0.329425 -0.460268
24.5 0.241237 -0.484781
25 0.214845 -0.487817
25.5 0.224609 -0.480803
26 0.234865 -0.477209
26.5 0.217055 -0.484407
27 0.159941 -0.499132
27.5 0.0688795 -0.509078
28 -0.0424335 -0.499562
28.5 -0.159941 -0.461345
29 -0.270567 -0.395253
29.5 -0.356757 -0.311513
30 -0.390552 -0.224979
30.5 -0.335467 -0.149641
31 -0.159871 -0.0954375
31.5 0.142853 -0.0681376
32 0.538902 -0.0705562
32.5 0.954926 -0.102682
33 1.299 -0.159801
33.5 1.49421 -0.230222
34 1.50933 -0.295539
34.5 1.37139 -0.335299
35 1.154 -0.334809
35.5 0.947936 -0.29197
36 0.828698 -0.218573
36.5 0.835897 -0.134247
37 0.970932 -0.0557713
37.5 1.20866 0.012251
38 1.51238 0.0794932
38.5 1.84265 0.162828
39 2.15796 0.273549
39.5 2.4127 0.406069
40 2.56033 0.534948
40.5 2.56546 0.622779
41 2.42011 0.635615
41.5 2.15412 0.55849
42 1.83032 0.403444
42.5 1.52297 0.206182
43 1.2882 0.013039
43.5 1.14107 -0.135683
44 1.0521 -0.218701
44.5 0.966358 -0.237936
45 0.836246 -0.213046
45.5 0.650891 -0.169685
46 0.446466 -0.12713
46.5 0.291143 -0.0906835
47 0.251884 -0.0516405
47.5 0.360009 0.00586061
48 0.593438 0.0947742
48.5 0.884755 0.216736
49 1.15072 0.359167
49.5 1.32766 0.499049
50 1.39474 0.611412
50.5 1.37411 0.678529
51 1.31016 0.695747
51.5 1.24085 0.671818
52 1.17755 0.624295
52.5 1.1034 0.572617
53 0.989064 0.531972
53.5 0.814766 0.509848
54 0.585331 0.505445
54.5 0.330319 0.51099
55 0.0909531 0.513977
55.5 -0.0972203 0.500087
56 -0.216044 0.457055
56.5 -0.266005 0.379333
57 -0.259217 0.272216
57.5 -0.21048 0.153235
58 -0.13194 0.048951
58.5 -0.032609 -0.0127717
59 0.0799721 -0.0125055
59.5 0.199305 0.0531144
60 0.321536 0.169482
60.5 0.446712 0.308967
61 0.576621 0.440659
61.5 0.708894 0.540679
62 0.831025 0.598808
62.5 0.919861 0.619149
63 0.949575 0.615373
63.5 0.905451 0.603237
64 0.795657 0.593745
64.5 0.652695 0.589504
65 0.52135 0.585246
65.5 0.438168 0.571942
66 0.413429 0.542775
66.5 0.426226 0.498652
67 0.436223 0.450881
67.5 0.405988 0.419269
68 0.321366 0.425429
68.5 0.198298 0.483169
69 0.0724617 0.589799
69.5 -0.0217392 0.72273
70 -0.0700667 0.84416
70.5 -0.0840116 0.913198
71 -0.0901444 0.900963
71.5 -0.110294 0.802103
72 -0.145055 0.637219
72.5 -0.1709 0.444705
73 -0.152779 0.265552
73.5 -0.0649166 0.128123
74 0.0921244 0.0397924
74.5 0.287465 -0.011234
75 0.470762 -0.0458004
75.5 0.591744 -0.0811028
76 0.618582 -0.121755
76.5 0.547251 -0.158237
77 0.399584 -0.172192
77.5 0.213061 -0.144914
78 0.0277774 -0.0649219
78.5 -0.124917 0.067721
79 -0.229891 0.240246
79.5 -0.291257 0.428048
80 -0.330623 0.597168
80.5 -0.380124 0.709419
81 -0.470646 0.731347
81.5 -0.617995 0.646208
82 -0.812048 0.464781
82.5 -1.01435 0.228758
83 -1.16704 0.00192643
83.5 -1.21111 -0.150247
84 -1.10791 -0.185305
84.5 -0.855403 -0.101439
85 -0.493217 0.0613465
85.5 -0.0939284 0.238425
86 0.256518 0.36852
86.5 0.483282 0.418917
87 0.544449 0.39561
87.5 0.443454 0.334091
88 0.227934 0.276833
88.5 -0.0250161 0.250273
89 -0.232543 0.253482
89.5 -0.33034 0.263326
90 -0.2886 0.251417
90.5 -0.114094 0.202046
91 0.160794 0.120969
91.5 0.495144 0.0312334
92 0.853515 -0.0399806
92.5 1.21077 -0.0750191
93 1.54806 -0.0724372
93.5 1.84581 -0.0443798
94 2.08084 -0.00796101
94.5 2.23031 0.0233787
95 2.27953 0.043927
95.5 2.22722 0.0543612
96 2.08358 0.0576261
96.5 1.86228 0.0555825
97 1.57255 0.0483971
97.5 1.21791 0.0361317
98 0.803429 0.0204753
98.5 0.346915 0.0049008
99 -0.114133 -0.00688776
99.5 -0.525873 -0.0129208
100 -0.831724 -0.0138119
100.5 -0.990195 -0.0119323
101 -0.988874 -0.00963505
101.5 -0.849117 -0.00785394
102 -0.620647 -0.0059649
102.5 -0.368624 -0.00278139
103 -0.156603 0.00222141
103.5 -0.0284456 0.00837063
104 0.00710619 0.0142188
104.5 -0.0163893 0.0184639
105 -0.0304016 0.020628
105.5 0.0441782 0.0210612
106 0.261458 0.0204014
106.5 0.618694 0.0189874
107 1.04603 0.0166614
107.5 1.42814 0.0130343
108 1.65217 0.00794117
108.5 1.66059 0.00173807
109 1.48184 -0.0047281
109.5 1.22145 -0.0103946
110 1.01624 -0.0143069
110.5 0.974143 -0.0158539
111 1.12942 -0.0148991
111.5 1.43416 -0.0118458
112 1.7868 -0.00762095
112.5 2.08001 -0.00350163
113 2.24267 -0.000735706
113.5 2.25825 -4.79726e-05
114 2.15699 -0.00126858
114.5 1.9928 -0.00333309
115 1.81998 -0.00473487
115.5 1.6793 -0.00424997
116 1.59407 -0.00157252
116.5 1.57053 0.00247654
117 1.59807 0.00628177
117.5 1.64912 0.00813519
118 1.68309 0.00695689
118.5 1.65751 0.00270343
119 1.54512 -0.00368243
119.5 1.34966 -0.0106971
120 1.11189 -0.0168433
120.5 0.901191 -0.021092
121 0.794404 -0.0230904
121.5 0.850042 -0.0231023
122 1.08711 -0.0217738
122.5 1.47559 -0.0198548
123 1.94077 -0.0179869
123.5 2.37948 -0.0166051
124 2.68359 -0.0159383
124.5 2.76524 -0.0160513
125 2.57777 -0.0168667
125.5 2.12691 -0.0181411
126 1.46894 -0.0194242
126.5 0.696345 -0.0200693
127 -0.0840959 -0.0193593
127.5 -0.772712 -0.0167533
128 -1.29138 -0.0121796
128.5 -1.5892 -0.00623261
129 -1.64334 -0.000133562
129.5 -1.46109 0.00460305
130 -1.08564 0.00671848
130.5 -0.601069 0.00576533
131 -0.126334 0.00240943
131.5 0.210047 -0.00171064
132 0.312904 -0.00457262
132.5 0.165735 -0.00459703
133 -0.145104 -0.00135466
133.5 -0.446652 0.00418441
134 -0.538247 0.0100082
134.5 -0.272976 0.0138902
135 0.373537 0.014316
135.5 1.28047 0.0110834
136 2.21924 0.00531422
136.5 2.9369 -0.00109448
137 3.24923 -0.0062815
137.5 3.10299 -0.00910324
138 2.58257 -0.00940592
138.5 1.8632 -0.00784889
139 1.13735 -0.00546019
139.5 0.549386 -0.00319048
140 0.164689 -0.00165918
140.5 -0.0219965 -0.00113045
141 -0.0536793 -0.0016241
141.5 0.0225988 -0.00302562
142 0.172301 -0.00510954
142.5 0.36918 -0.00748029
143 0.58058 -0.00950652
143.5 0.757897 -0.0103482
144 0.842792 -0.00914403
144.5 0.788415 -0.00535086
145 0.58463 0.000877758
145.5 0.272689 0.00847078
146 -0.0604744 0.0155833
146.5 -0.308244 0.0201872
147 -0.38081 0.0209532
147.5 -0.237441 0.0180335
148 0.0982347 0.013279
148.5 0.54549 0.00962884
149 0.992707 0.00982879
149.5 1.33204 0.015031
150 1.48989 0.0239514
150.5 1.44377 0.0329833
151 1.22235 0.0371581
151.5 0.892088 0.0314389
152 0.537285 0.0118226
152.5 0.24021 -0.0239129
153 0.0648468 -0.0755669
153.5 0.0448472 -0.139689
154 0.175441 -0.208733
154.5 0.410668 -0.271017
155 0.669351 -0.312491
155.5 0.852835 -0.320712
156 0.873313 -0.289953
156.5 0.685119 -0.225141
157 0.306684 -0.142074
157.5 -0.178213 -0.0627723
158 -0.643694 -0.00728979
158.5 -0.962338 0.0144433
159 -1.04725 0.00668088
159.5 -0.878622 -0.0145155
160 -0.504894 -0.0291819
160.5 -0.020575 -0.0230122
161 0.467501 0.00625408
161.5 0.870458 0.0487643
162 1.13403 0.0885508
162.5 1.2401 0.112145
163 1.19888 0.115166
163.5 1.03933 0.103634
164 0.802029 0.0898398
164.5 0.533778 0.0854587
165 0.28077 0.0957955
165.5 0.078883 0.117927
166 -0.0560528 0.143117
166.5 -0.132346 0.161599
167 -0.176594 0.166958
167.5 -0.218926 0.158059
168 -0.276303 0.138196
168.5 -0.343173 0.112587
169 -0.395382 0.0858988
169.5 -0.405763 0.0609603
170 -0.362634 0.0388626
170.5 -0.280176 0.0198221
171 -0.193897 0.00400679
171.5 -0.142948 -0.00815454
172 -0.148911 -0.0161618
172.5 -0.203044 -0.0198106
173 -0.26947 -0.019425
173.5 -0.302825 -0.0158488
174 -0.270752 -0.0102831
174.5 -0.169078 -0.00410825
175 -0.0219172 0.00125433
175.5 0.132252 0.00448747
176 0.259694 0.00460446
176.5 0.344555 0.00125723
177 0.389415 -0.00498975
177.5 0.404939 -0.0126081
178 0.397191 -0.0194295
178.5 0.362269 -0.0233467
179 0.292468 -0.0231913
179.5 0.189871 -0.0194199
180 0.0773422 -0.014234
180.5 -0.00244051 -0.0109372
181 -0.00233832 -0.0126769
181.5 0.10625 -0.0210502
182 0.315038 -0.0352085
182.5 0.575877 -0.0519321
183 0.815968 -0.0667189
183.5 0.964482 -0.0754396
184 0.978101 -0.075823
184.5 0.854282 -0.0681188
185 0.627945 -0.0546977
185.5 0.355505 -0.0388726
186 0.0949768 -0.02356
186.5 -0.109702 -0.0104076
187 -0.236293 0.000302302
187.5 -0.284621 0.00907489
188 -0.272514 0.0163648
188.5 -0.229338 0.0219512
189 -0.18752 0.0248418
189.5 -0.17224 0.0237357
190 -0.191415 0.0178053
190.5 -0.230276 0.00738384
191 -0.254915 -0.00584778
191.5 -0.225684 -0.019389
192 -0.11587 -0.0310118
192.5 0.0729933 -0.0398879
193 0.307463 -0.0470337
193.5 0.533088 -0.0545627
194 0.695266 -0.0638486
194.5 0.76008 -0.0734433
195 0.72515 -0.0780266
195.5 0.615991 -0.0693908
196 0.471036 -0.0394906
196.5 0.323933 0.0156242
197 0.192103 0.0929131
197.5 0.0759994 0.182131
198 -0.0327823 0.268679
198.5 -0.140858 0.33831
199 -0.246325 0.381479
199.5 -0.338939 0.395287
200 -0.405514 0.382331
200.5 -0.436068 0.347381
201 -0.426664 0.293941
201.5 -0.377972 0.222617
202 -0.291935 0.132083
202.5 -0.170317 0.0219784
203 -0.0173718 -0.103898
203.5 0.154583 -0.235776
204 0.320937 -0.358436
204.5 0.446669 -0.454016
205 0.496226 -0.506287
205.5 0.448434 -0.505192
206 0.30941 -0.450378
206.5 0.115816 -0.352514
207 -0.0753001 -0.231608
207.5 -0.207162 -0.112225
208 -0.245461 -0.0166995
208.5 -0.191359 0.041455
209 -0.0785296 0.0612969
209.5 0.0445864 0.0535476
210 0.138396 0.0351481
210.5 0.189603 0.0216228
211 0.213796 0.0208078
211.5 0.242636 0.0308946
212 0.303351 0.0434794
212.5 0.40211 0.049629
213 0.520011 0.0454197
213.5 0.622986 0.0339272
214 0.679139 0.0228937
214.5 0.67353 0.0198936
215 0.612828 0.0281386
215.5 0.518691 0.0453623
216 0.41512 0.0660449
216.5 0.317585 0.0850672
217 0.229442 0.100134
217.5 0.145918 0.111409
218 0.0614134 0.118918
218.5 -0.0253457 0.119944
219 -0.111264 0.108698
219.5 -0.192772 0.0790225
220 -0.269662 0.0287189
220.5 -0.345163 -0.0371905
221 -0.421544 -0.1066
221.5 -0.494189 -0.164362
222 -0.548752 -0.198557
222.5 -0.564659 -0.206
223 -0.524447 -0.194258
223.5 -0.424636 -0.179039
224 -0.282124 -0.177847
224.5 -0.131804 -0.202389
225 -0.0152605 -0.252744
225.5 0.0350197 -0.315669
226 0.00891903 -0.368009
226.5 -0.0767339 -0.384381
227 -0.184591 -0.346663
227.5 -0.271514 -0.251853
228 -0.305161 -0.115052
228.5 -0.275349 0.0341458
229 -0.195727 0.161049
229.5 -0.0958597 0.237657
230 -0.00802536 0.252129
230.5 0.045137 0.211931
231 0.0571239 0.139348
231.5 0.0365122 0.0615479
232 0.000253295 -0.000148179
232.5 -0.0346598 -0.0369819
233 -0.057267 -0.0528916
233.5 -0.0644983 -0.0589792
234 -0.0592617 -0.0659515
234.5 -0.0467969 -0.0787409
235 -0.0315097 -0.0957263
235.5 -0.0155515 -0.112045
236 0.000854694 -0.124186
236.5 0.0181772 -0.132674
237 0.0363826 -0.141269
237.5 0.0543525 -0.153499
238 0.0699873 -0.169064
238.5 0.0807812 -0.182633
239 0.0845936 -0.185939
239.5 0.0803814 -0.172036
240 0.0686815 -0.139253
240.5 0.0516556 -0.0926333
241 0.0325984 -0.0421411
241.5 0.0150183 0.00134135
242 0.00161916 0.0301131
242.5 -0.00639165 0.0419526
243 -0.00938775 0.0398497
243.5 -0.00882064 0.0297596
244 -0.00644149 0.017775
244.5 -0.00365164 0.00806487
245 -0.00123877 0.00222523
245.5 0.000514041 -0.000145847
246 0.00156357 -0.000342337
246.5 0.00192196 0.000389351
247 0.00164562 0.00127627
247.5 0.000918874 0.00198591
248 8.40899e-05 0.00240562
248.5 -0.000462988 0.00248002
249 -0.000463026 0.00218811
249.5 6.40524e-05 0.00159375
250 0.000828804 0.000863601
250.5 0.00143378 0.00020533
251 0.00158529 -0.000237105
251.5 0.00122999 -0.000456015
252 0.000551045 -0.000571352
252.5 -0.000150387 -0.000750638
253 -0.000604599 -0.00111102
253.5 -0.000674701 -0.00165898
254 -0.000378786 -0.00229119
254.5 0.000149559 -0.00284249
255 0.00072529 -0.00314877
255.5 0.00117244 -0.00309826
256 0.00137035 -0.00266185
256.5 0.00128254 -0.00190466
257 0.000962807 -0.000980758
257.5 0.000532712 -0.000107236
258 0.000133872 0.000486248
258.5 -0.000126339 0.000625468
259 -0.000210108 0.000255117
259.5 -0.000149203 -0.000531589
260 -1.40881e-05 -0.00151669
260.5 0.00012619 -0.00243016
261 0.000230247 -0.00304186
261.5 0.000287581 -0.00323285
262 0.00030675 -0.00301685
262.5 0.000303574 -0.00250906
263 0.000297857 -0.00186497
263.5 0.000314737 -0.00122263
264 0.000380536 -0.000672866
264.5 0.000508225 -0.000261048
265 0.000679394 -5.76561e-06
265.5 0.000837105 8.57006e-05
266 0.00090018 1.61786e-05
266.5 0.000796265 -0.000191814
267 0.000497881 -0.000488599
267.5 4.19728e-05 -0.000803113
268 -0.00047825 -0.00106274
268.5 -0.00094568 -0.00121739
269 -0.00126033 -0.00125465
269.5 -0.00137054 -0.00119833
270 -0.00128247 -0.0010928
270.5 -0.00104721 -0.000982862
271 -0.00073447 -0.000899319
271.5 -0.000405541 -0.000855328
272 -9.62007e-05 -0.000851295
272.5 0.000186007 -0.000882422
273 0.000452031 -0.000943607
273.5 0.000715499 -0.00103002
274 0.00097833 -0.00113502
274.5 0.00122353 -0.00124814
275 0.00141753 -0.00135492
275.5 0.00152099 -0.00143871
276 0.00150427 -0.00148363
276.5 0.00136214 -0.00147794
277 0.00112222 -0.00141723
277.5 0.000842198 -0.00130679
278 0.000594426 -0.00116217
278.5 0.000441099 -0.0010066
279 0.000408954 -0.000865157
279.5 0.000475217 -0.000757002
280 0.000573987 -0.000688186
280.5 0.000623787 -0.000648211
281 0.000565971 -0.000612174
281.5 0.000396152 -0.000548482
282 0.000171852 -0.000429967
282.5 -9.8993e-06 -0.000244778
283 -5.63323e-05 -3.17369e-06
283.5 7.61108e-05 0.000262653
284 0.000357319 0.000506424
284.5 0.000691648 0.000681223
285 0.000955192 0.00075401
285.5 0.00104528 0.000715751
286 0.000920582 0.000583011
286.5 0.000615759 0.000390312
287 0.00022667 0.000176701
287.5 -0.000125351 -2.73229e-05
288 -0.000334582 -0.000206604
288.5 -0.00034207 -0.000359311
289 -0.000147783 -0.000488334
289.5 0.000196875 -0.000591903
290 0.000609952 -0.000659454
290.5 0.00100411 -0.000675507
291 0.00130803 -0.000629327
291.5 0.00147955 -0.00052444
292 0.00150981 -0.000381809
292.5 0.00142005 -0.000233997
293 0.00125313 -0.00011289
293.5 0.00106184 -3.73929e-05
294 0.000895863 -7.759e-06
294.5 0.000790147 -9.49213e-06
295 0.000757719 -2.44207e-05
295.5 0.00078947 -4.25643e-05
296 0.000860774 -6.81904e-05
296.5 0.000941823 -0.000116961
297 0.00100691 -0.000206118
297.5 0.00103909 -0.000343246
298 0.00103016 -0.000519359
298.5 0.000978943 -0.000709149
299 0.000891737 -0.000877402
299.5 0.000785414 -0.000988143
300 0.000689799 -0.00101321
300.5 0.000643925 -0.000938702
301 0.000683589 -0.000769313
301.5 0.000823818 -0.000530321
302 0.00104539 -0.000265883
302.5 0.0012949 -3.13672e-05
303 0.00150161 0.000120942
303.5 0.00160484 0.000159674
304 0.00157849 8.87974e-05
304.5 0.00144004 -4.92341e-05
305 0.00123947 -0.000185833
305.5 0.00103505 -0.000251239
306 0.000869871 -0.000202311
306.5 0.000761696 -4.08121e-05
307 0.000709431 0.000186473
307.5 0.000708439 0.00040619
308 0.000761443 0.000547184
308.5 0.000875488 0.000566918
309 0.00104604 0.0004647
309.5 0.00123988 0.00027768
310 0.00139171 6.34759e-05
310.5 0.00142245 -0.000121663
311 0.00127399 -0.00023999
311.5 0.000943452 -0.000279357
312 0.000497295 -0.000250137
312.5 5.43854e-05 -0.000175793
313 -0.000257381 -8.22009e-05
313.5 -0.000352133 1.03172e-05
314 -0.000221401 9.04912e-05
314.5 6.24361e-05 0.00015546
315 0.000375895 0.000207507
315.5 0.000593548 0.000250077
316 0.000635176 0.000284727
316.5 0.000492054 0.000310064
317 0.000224041 0.000322824
317.5 -6.82092e-05 0.000320292
318 -0.000282525 0.000302571
318.5 -0.000350162 0.000273271
319 -0.000254562 0.000238059
319.5 -2.96469e-05 0.000201767
320 0.0002588 0.000165819
320.5 0.000539679 0.000127685
321 0.000760529 8.30159e-05
321.5 0.000900716 2.94696e-05
322 0.000970829 -2.99455e-05
322.5 0.00100099 -8.61527e-05
323 0.00102475 -0.000126731
323.5 0.00106591 -0.000140997
324 0.00113258 -0.000124975
324.5 0.00121877 -8.37013e-05
325 0.00131017 -2.96838e-05
325.5 0.00139031 2.17655e-05
326 0.00144485 5.80387e-05
326.5 0.00146429 7.30925e-05
327 0.00144615 6.82141e-05
327.5 0.00139676 4.99322e-05
328 0.00133114 2.66232e-05
328.5 0.00126927 5.63546e-06
329 0.00122888 -8.00699e-06
329.5 0.00121796 -1.14393e-05
330 0.00123135 -3.2605e-06
330.5 0.00125429 1.67536e-05
331 0.00127134 4.7257e-05
331.5 0.00127524 8.47548e-05
332 0.0012698 0.000123642
332.5 0.00126439 0.000157314
333 0.00126371 0.00018007
333.5 0.00125992 0.000188965
334 0.00123332 0.000184693
334.5 0.00116238 0.00017108
335 0.0010374 0.000153462
335.5 0.000869283 0.000136726
336 0.000687515 0.000123886
336.5 0.000528192 0.000115697
337 0.000418728 0.000111362
337.5 0.000367797 0.000109878
338 0.000365299 0.000111356
338.5 0.00039083 0.000117638
339 0.000424516 0.000131786
339.5 0.000453932 0.000156535
340 0.000474813 0.000192306
340.5 0.000487998 0.000235807
341 0.000497023 0.000280101
341.5 0.000508768 0.000316438
342 0.000535552 0.000337174
342.5 0.000594606 0.000338426
343 0.000702299 0.000321121
343.5 0.000864882 0.000289936
344 0.00107152 0.000250806
344.5 0.00129538 0.000208547
345 0.0015039 0.000165933
345.5 0.00167297 0.000124597
346 0.00179622 8.68118e-05
346.5 0.00188321 5.66131e-05
347 0.00194724 3.91509e-05
347.5 0.00199112 3.84671e-05
348 0.00200098 5.5052e-05
348.5 0.00195338 8.48444e-05
349 0.00183164 0.000120482
349.5 0.00164066 0.000154206
350 0.00140964 0.00018077
350.5 0.00117975 0.000198769
351 0.000984052 0.000209805
351.5 0.000832516 0.000216278
352 0.000711997 0.000219305
352.5 0.000601243 0.000218001
353 0.000490844 0.00021033
353.5 0.000394467 0.000194727
354 0.000343249 0.00017136
354.5 0.00036642 0.00014237
355 0.000470519 0.000111213
355.5 0.000630941 8.18211e-05
356 0.000801871 5.81265e-05
356.5 0.000939042 4.40135e-05
357 0.00102155 4.32083e-05
357.5 0.00105944 5.86598e-05
358 0.00108268 9.14615e-05
358.5 0.00111841 0.000139954
359 0.00117064 0.000199772
359.5 0.00121483 0.000265049
360 0.00121098 0.000330134
360.5 0.00112784 0.000390653
361 0.000964367 0.000443043
361.5 0.000756444 0.000482844
362 0.000564916 0.00050318
362.5 0.000451145 0.000495264
363 0.000452417 0.000451804
363.5 0.00056866 0.000372292
364 0.000765243 0.000267411
364.5 0.000988221 0.000159431
365 0.00118315 7.69711e-05
365.5 0.00130895 4.53405e-05
366 0.00134307 7.62884e-05
366.5 0.00128027 0.000161887
367 0.00112981 0.000275753
367.5 0.000914853 0.000381547
368 0.000673008 0.000445401
368.5 0.000453997 0.0004472
369 0.00031021 0.000386449
369.5 0.000280574 0.000281039
370 0.000373671 0.000160284
370.5 0.000559048 5.54802e-05
371 0.000773399 -8.6107e-06
371.5 0.000941428 -1.92029e-05
372 0.00100349 2.27039e-05
372.5 0.000937926 0.000103661
373 0.000767953 0.000201491
373.5 0.000550026 0.000290706
374 0.000349148 0.000348826
374.5 0.000212243 0.000362281
375 0.000150933 0.000330153
375.5 0.000140295 0.000264142
376 0.000133043 0.000184307
376.5 8.24163e-05 0.000111858
377 -3.57954e-05 6.17081e-05
377.5 -0.000210728 3.78287e-05
378 -0.000398124 3.3273e-05
378.5 -0.000535693 3.46747e-05
379 -0.000566718 2.9023e-05
379.5 -0.000463319 9.61645e-06
380 -0.000240466 -2.13355e-05
380.5 4.5349e-05 -5.43037e-05
381 0.000313431 -7.71436e-05
381.5 0.000486563 -8.05702e-05
382 0.000518762 -6.19702e-05
382.5 0.000412031 -2.60894e-05
383 0.000214876 1.73771e-05
383.5 2.73938e-06 5.79626e-05
384 -0.000151811 8.84635e-05
384.5 -0.000206684 0.000107206
385 -0.000164075 0.00011784
385.5 -6.50471e-05 0.00012707
386 3.18572e-05 0.000141485
386.5 7.76714e-05 0.000164864
387 5.33606e-05 0.000196879
387.5 -2.49936e-05 0.000233419
388 -0.000116911 0.000268064
388.5 -0.000177342 0.000293935
389 -0.000175317 0.000305292
389.5 -0.000103129 0.000298568
390 2.62599e-05 0.000272888
390.5 0.000189579 0.000230239
391 0.000364206 0.000175322
391.5 0.000533874 0.000114957
392 0.000687735 5.69308e-05
392.5 0.000815859 8.36703e-06
393 0.000906113 -2.5946e-05
393.5 0.000945681 -4.46463e-05
394 0.0009269 -4.98139e-05
394.5 0.000853818 -4.58508e-05
395 0.000745092 -3.76761e-05
395.5 0.000630581 -2.89665e-05
396 0.000542222 -2.10663e-05
396.5 0.000502602 -1.2765e-05
397 0.000515865 -7.05697e-07
397.5 0.000564849 1.99828e-05
398 0.000616196 5.50515e-05
398.5 0.000632274 0.000110369
399 0.000586096 0.000190714
399.5 0.000473723 0.000297977
400 0.000318807 0.000429134
400.5 0.000166262 0.000574802
401 6.62193e-05 0.000719325
401.5 5.37869e-05 0.000842885
402 0.00013269 0.000925411
402.5 0.000270021 0.000951258
403 0.000405063 0.000913299
403.5 0.000469313 0.000815178
404 0.000410182 0.000671004
404.5 0.00020953 0.000502467
405 -0.000109262 0.000334
405.5 -0.000487258 0.000187209
406 -0.000845921 7.60684e-05
406.5 -0.00110747 4.38981e-06
407 -0.00121391 -3.35414e-05
407.5 -0.00114057 -4.9333e-05
408 -0.000901343 -5.52704e-05
408.5 -0.000544759 -5.97215e-05
409 -0.000140872 -6.515e-05
409.5 0.000238483 -6.94553e-05
410 0.000541079 -6.96004e-05
410.5 0.000750133 -6.52312e-05
411 0.000887783 -6.00271e-05
411.5 0.00100311 -5.99046e-05
412 0.001148 -6.9166e-05
412.5 0.00135021 -8.70425e-05
413 0.00159554 -0.000106982
413.5 0.00182806 -0.000119482
414 0.00196916 -0.000117176
414.5 0.00194783 -9.94901e-05
415 0.00172877 -7.42639e-05
415.5 0.00132642 -5.52751e-05
416 0.00079982 -5.66585e-05
416.5 0.000232498 -8.67124e-05
417 -0.000292236 -0.000143773
417.5 -0.000709923 -0.000215753
418 -0.000982194 -0.000283254
418.5 -0.00109441 -0.000324776
419 -0.00105002 -0.000322021
419.5 -0.000867288 -0.000263794
420 -0.000579491 -0.000147958
420.5 -0.000234943 1.82038e-05
421 0.000108081 0.000218656
421.5 0.000393126 0.000430122
422 0.000580246 0.00062492
422.5 0.000656355 0.000775765
423 0.000635375 0.000862457
423.5 0.00054793 0.00087888
424 0.00042661 0.000837385
424.5 0.000295303 0.000767466
425 0.000167987 0.00070745
425.5 5.56321e-05 0.000691148
426 -2.58835e-05 0.000734562
426.5 -5.46024e-05 0.000828803
427 -1.06923e-05 0.000943252
427.5 0.00011071 0.00103832
428 0.0002912 0.00108219
428.5 0.00049254 0.00106361
429 0.00067155 0.000994494
429.5 0.000798155 0.000901404
430 0.000865343 0.000810751
430.5 0.000884582 0.000735935
431 0.00086986 0.000673196
431.5 0.000821786 0.000607901
432 0.000724059 0.000527032
432.5 0.000556774 0.000430249
433 0.000319143 0.000332965
433.5 4.60834e-05 0.0002596
434 -0.000195266 0.000230774
434.5 -0.000331665 0.00025148
435 -0.000320569 0.000306604
435.5 -0.000177132 0.000366066
436 2.55021e-05 0.000396934
436.5 0.000185403 0.000376603
437 0.000216585 0.000301147
437.5 8.61948e-05 0.000185746
438 -0.000174782 5.80063e-05
438.5 -0.000491292 -5.21195e-05
439 -0.000781656 -0.000121357
439.5 -0.000991293 -0.000138045
440 -0.00110568 -0.000102405
440.5 -0.00113944 -2.36983e-05
441 -0.00111284 8.33247e-05
441.5 -0.0010331 0.000200955
442 -0.000892436 0.000309777
442.5 -0.000682323 0.000389759
443 -0.000412044 0.000422653
443.5 -0.000117182 0.000396277
444 0.000149392 0.000309577
444.5 0.000339672 0.000175983
445 0.000432801 2.24281e-05
445.5 0.00044419 -0.000117062
446 0.000416138 -0.000211723
446.5 0.000395423 -0.0002445
447 0.000410465 -0.000218059
447.5 0.00046011 -0.000153416
448 0.000518844 -8.14296e-05
448.5 0.00055401 -3.07387e-05
449 0.000544691 -1.73069e-05
449.5 0.000492216 -3.98757e-05
450 0.000417812 -8.27082e-05
450.5 0.000350089 -0.000123677
451 0.000309894 -0.00014368
451.5 0.000300397 -0.000133439
452 0.000306694 -9.55911e-05
452.5 0.000304008 -4.23082e-05
453 0.000269645 9.70003e-06
453.5 0.000192841 4.46807e-05
454 7.84565e-05 5.23363e-05
454.5 -5.61249e-05 3.06325e-05
455 -0.000188483 -1.34049e-05
455.5 -0.000299174 -6.51912e-05
456 -0.000376949 -0.000106482
456.5 -0.000419767 -0.000121061
457 -0.000432277 -0.000100561
457.5 -0.000421826 -4.80924e-05
458 -0.000395122 2.21949e-05
458.5 -0.00035684 8.99112e-05
459 -0.000310162 0.000135784
459.5 -0.000258279 0.000148441
460 -0.000205621 0.000127687
460.5 -0.000157925 8.30878e-05
461 -0.000121013 2.89707e-05
461.5 -9.88481e-05 -2.14904e-05
462 -9.1823e-05 -6.03421e-05
462.5 -9.61683e-05 -8.56826e-05
463 -0.000104922 -9.97022e-05
463.5 -0.000110249 -0.000105659
464 -0.000106307 -0.000105624
464.5 -9.15553e-05 -9.99502e-05
465 -6.95379e-05 -8.82251e-05
465.5 -4.77352e-05 -7.07161e-05
466 -3.4804e-05 -4.92894e-05
466.5 -3.71932e-05 -2.73212e-05
467 -5.63919e-05 -8.76484e-06
467.5 -8.78687e-05 3.08964e-06
468 -0.000122164 6.62037e-06
468.5 -0.000147822 2.33184e-06
469 -0.000155169 -7.29466e-06
469.5 -0.000139624 -1.84619e-05
470 -0.00010333 -2.70613e-05
470.5 -5.45076e-05 -2.98008e-05
471 -4.73654e-06 -2.51821e-05
471.5 3.48089e-05 -1.40269e-05
472 5.67634e-05 6.64081e-07
472.5 5.93887e-05 1.45493e-05
473 4.62916e-05 2.32608e-05
473.5 2.44221e-05 2.37819e-05
474 1.36867e-06 1.54236e-05
474.5 -1.69271e-05 6.41314e-08
475 -2.73444e-05 -1.84282e-05
475.5 -2.95877e-05 -3.5381e-05
476 -2.54423e-05 -4.66936e-05
476.5 -1.78097e-05 -4.99406e-05
477 -9.84417e-06 -4.48694e-05
477.5 -4.25424e-06 -3.32072e-05
478 -2.72376e-06 -1.79473e-05
478.5 -5.48906e-06 -2.43097e-06
479 -1.12319e-05 1.04664e-05
479.5 -1.74424e-05 1.88638e-05
480 -2.12261e-05 2.20851e-05
480.5 -2.02915e-05 2.06039e-05
481 -1.37281e-05 1.57817e-05
481.5 -2.27167e-06 9.43673e-06
482 1.20158e-05 3.29943e-06
482.5 2.64772e-05 -1.51361e-06
483 3.86986e-05 -4.8094e-06
483.5 4.71618e-05 -7.24413e-06
484 5.15233e-05 -9.85346e-06
484.5 5.24709e-05 -1.33911e-05
485 5.12452e-05 -1.78136e-05
485.5 4.90349e-05 -2.2197e-05
486 4.65116e-05 -2.51451e-05
486.5 4.37209e-05 -2.54725e-05
487 4.03657e-05 -2.27969e-05
487.5 3.62899e-05 -1.77349e-05
488 3.18338e-05 -1.16266e-05
488.5 2.78054e-05 -5.96437e-06
489 2.50716e-05 -1.83451e-06
489.5 2.40432e-05 3.77483e-07
490 2.44202e-05 9.36926e-07
490.5 2.53828e-05 4.68407e-07
491 2.6092e-05 -3.84836e-07
491.5 2.61388e-05 -1.18369e-06
492 2.562e-05 -1.73175e-06
492.5 2.48062e-05 -1.97127e-06
493 2.36783e-05 -1.84114e-06
493.5 2.17164e-05 -1.20113e-06
494 1.81438e-05 1.26144e-07
494.5 1.25006e-05 2.22144e-06
495 5.17864e-06 4.93122e-06
495.5 -2.43827e-06 7.82753e-06
496 -8.34636e-06 1.03163e-05
496.5 -1.06362e-05 1.18537e-05
497 -8.21462e-06 1.21541e-05
497.5 -1.23447e-06 1.12671e-05
498 8.9065e-06 9.48201e-06
498.5 1.99627e-05 7.13286e-06
499 2.94857e-05 4.44917e-06
499.5 3.55217e-05 1.56077e-06
500 3.71545e-05 -1.35565e-06
